-- Testing: 500 of 11321 tests, 2 workers --
PASS: llvm-libc++-shared.cfg.in :: std/numerics/rand/rand.adapt/rand.adapt.disc/discard.pass.cpp (1 of 500)
PASS: llvm-libc++-shared.cfg.in :: std/numerics/rand/rand.adapt/rand.adapt.disc/default.pass.cpp (2 of 500)
PASS: llvm-libc++-shared.cfg.in :: std/numerics/rand/rand.adapt/rand.adapt.disc/eval.pass.cpp (3 of 500)
PASS: llvm-libc++-shared.cfg.in :: std/numerics/rand/rand.adapt/rand.adapt.disc/io.pass.cpp (4 of 500)
PASS: llvm-libc++-shared.cfg.in :: std/numerics/rand/rand.adapt/rand.adapt.disc/result_type.pass.cpp (5 of 500)
PASS: llvm-libc++-shared.cfg.in :: std/numerics/rand/rand.adapt/rand.adapt.disc/seed_result_type.pass.cpp (6 of 500)
PASS: llvm-libc++-shared.cfg.in :: std/numerics/rand/rand.adapt/rand.adapt.disc/seed_sseq.pass.cpp (7 of 500)
PASS: llvm-libc++-shared.cfg.in :: std/numerics/rand/rand.adapt/rand.adapt.disc/values.pass.cpp (8 of 500)
PASS: llvm-libc++-shared.cfg.in :: std/numerics/rand/rand.adapt/rand.adapt.ibits/assign.pass.cpp (9 of 500)
PASS: llvm-libc++-shared.cfg.in :: std/numerics/rand/rand.adapt/rand.adapt.ibits/copy.pass.cpp (10 of 500)
PASS: llvm-libc++-shared.cfg.in :: std/numerics/rand/rand.adapt/rand.adapt.ibits/ctor_engine_copy.pass.cpp (11 of 500)
PASS: llvm-libc++-shared.cfg.in :: std/numerics/rand/rand.adapt/rand.adapt.ibits/ctor_engine_move.pass.cpp (12 of 500)
PASS: llvm-libc++-shared.cfg.in :: std/numerics/rand/rand.adapt/rand.adapt.ibits/ctor_result_type.pass.cpp (13 of 500)
PASS: llvm-libc++-shared.cfg.in :: std/numerics/rand/rand.adapt/rand.adapt.ibits/ctor_sseq.pass.cpp (14 of 500)
PASS: llvm-libc++-shared.cfg.in :: std/numerics/rand/rand.adapt/rand.adapt.ibits/discard.pass.cpp (15 of 500)
PASS: llvm-libc++-shared.cfg.in :: std/numerics/rand/rand.adapt/rand.adapt.ibits/default.pass.cpp (16 of 500)
PASS: llvm-libc++-shared.cfg.in :: std/numerics/rand/rand.adapt/rand.adapt.ibits/eval.pass.cpp (17 of 500)
PASS: llvm-libc++-shared.cfg.in :: std/numerics/rand/rand.adapt/rand.adapt.ibits/io.pass.cpp (18 of 500)
PASS: llvm-libc++-shared.cfg.in :: std/numerics/rand/rand.adapt/rand.adapt.ibits/result_type.pass.cpp (19 of 500)
PASS: llvm-libc++-shared.cfg.in :: std/numerics/rand/rand.adapt/rand.adapt.ibits/seed_result_type.pass.cpp (20 of 500)
PASS: llvm-libc++-shared.cfg.in :: std/numerics/rand/rand.adapt/rand.adapt.ibits/seed_sseq.pass.cpp (21 of 500)
PASS: llvm-libc++-shared.cfg.in :: std/numerics/rand/rand.adapt/rand.adapt.ibits/values.pass.cpp (22 of 500)
PASS: llvm-libc++-shared.cfg.in :: std/numerics/rand/rand.adapt/rand.adapt.shuf/copy.pass.cpp (23 of 500)
PASS: llvm-libc++-shared.cfg.in :: std/numerics/rand/rand.adapt/rand.adapt.shuf/assign.pass.cpp (24 of 500)
PASS: llvm-libc++-shared.cfg.in :: std/numerics/rand/rand.adapt/rand.adapt.shuf/ctor_engine_move.pass.cpp (25 of 500)
PASS: llvm-libc++-shared.cfg.in :: std/numerics/rand/rand.adapt/rand.adapt.shuf/ctor_engine_copy.pass.cpp (26 of 500)
PASS: llvm-libc++-shared.cfg.in :: std/numerics/rand/rand.adapt/rand.adapt.shuf/ctor_result_type.pass.cpp (27 of 500)
PASS: llvm-libc++-shared.cfg.in :: std/numerics/rand/rand.adapt/rand.adapt.shuf/ctor_sseq.pass.cpp (28 of 500)
PASS: llvm-libc++-shared.cfg.in :: std/numerics/rand/rand.adapt/rand.adapt.shuf/default.pass.cpp (29 of 500)
PASS: llvm-libc++-shared.cfg.in :: std/numerics/rand/rand.adapt/rand.adapt.shuf/discard.pass.cpp (30 of 500)
PASS: llvm-libc++-shared.cfg.in :: std/numerics/rand/rand.adapt/rand.adapt.shuf/eval.pass.cpp (31 of 500)
PASS: llvm-libc++-shared.cfg.in :: std/numerics/rand/rand.adapt/rand.adapt.shuf/io.pass.cpp (32 of 500)
PASS: llvm-libc++-shared.cfg.in :: std/numerics/rand/rand.adapt/rand.adapt.shuf/seed_result_type.pass.cpp (33 of 500)
PASS: llvm-libc++-shared.cfg.in :: std/numerics/rand/rand.adapt/rand.adapt.shuf/result_type.pass.cpp (34 of 500)
PASS: llvm-libc++-shared.cfg.in :: std/numerics/rand/rand.adapt/rand.adapt.shuf/values.pass.cpp (35 of 500)
PASS: llvm-libc++-shared.cfg.in :: std/numerics/rand/rand.adapt/rand.adapt.shuf/seed_sseq.pass.cpp (36 of 500)
PASS: llvm-libc++-shared.cfg.in :: std/numerics/rand/rand.device/entropy.pass.cpp (37 of 500)
PASS: llvm-libc++-shared.cfg.in :: std/numerics/rand/rand.device/ctor.pass.cpp (38 of 500)
PASS: llvm-libc++-shared.cfg.in :: std/numerics/rand/rand.device/eval.pass.cpp (39 of 500)
PASS: llvm-libc++-shared.cfg.in :: std/numerics/rand/rand.dist/rand.dist.bern/rand.dist.bern.bernoulli/assign.pass.cpp (40 of 500)
PASS: llvm-libc++-shared.cfg.in :: std/numerics/rand/rand.dist/rand.dist.bern/rand.dist.bern.bernoulli/copy.pass.cpp (41 of 500)
PASS: llvm-libc++-shared.cfg.in :: std/numerics/rand/rand.dist/rand.dist.bern/rand.dist.bern.bernoulli/ctor_double.pass.cpp (42 of 500)
PASS: llvm-libc++-shared.cfg.in :: std/numerics/rand/rand.dist/rand.dist.bern/rand.dist.bern.bernoulli/ctor_param.pass.cpp (43 of 500)
PASS: llvm-libc++-shared.cfg.in :: std/numerics/rand/rand.dist/rand.dist.bern/rand.dist.bern.bernoulli/eq.pass.cpp (44 of 500)
PASS: llvm-libc++-shared.cfg.in :: std/numerics/rand/rand.dist/rand.dist.bern/rand.dist.bern.bernoulli/eval.pass.cpp (45 of 500)
PASS: llvm-libc++-shared.cfg.in :: std/numerics/rand/rand.dist/rand.dist.bern/rand.dist.bern.bernoulli/eval_param.pass.cpp (46 of 500)
PASS: llvm-libc++-shared.cfg.in :: std/numerics/rand/rand.dist/rand.dist.bern/rand.dist.bern.bernoulli/get_param.pass.cpp (47 of 500)
PASS: llvm-libc++-shared.cfg.in :: std/numerics/rand/rand.dist/rand.dist.bern/rand.dist.bern.bernoulli/io.pass.cpp (48 of 500)
PASS: llvm-libc++-shared.cfg.in :: std/numerics/rand/rand.dist/rand.dist.bern/rand.dist.bern.bernoulli/max.pass.cpp (49 of 500)
PASS: llvm-libc++-shared.cfg.in :: std/numerics/rand/rand.dist/rand.dist.bern/rand.dist.bern.bernoulli/min.pass.cpp (50 of 500)
PASS: llvm-libc++-shared.cfg.in :: std/numerics/rand/rand.dist/rand.dist.bern/rand.dist.bern.bernoulli/param_assign.pass.cpp (51 of 500)
PASS: llvm-libc++-shared.cfg.in :: std/numerics/rand/rand.dist/rand.dist.bern/rand.dist.bern.bernoulli/param_copy.pass.cpp (52 of 500)
PASS: llvm-libc++-shared.cfg.in :: std/numerics/rand/rand.dist/rand.dist.bern/rand.dist.bern.bernoulli/param_ctor.pass.cpp (53 of 500)
PASS: llvm-libc++-shared.cfg.in :: std/numerics/rand/rand.dist/rand.dist.bern/rand.dist.bern.bernoulli/param_eq.pass.cpp (54 of 500)
PASS: llvm-libc++-shared.cfg.in :: std/numerics/rand/rand.dist/rand.dist.bern/rand.dist.bern.bernoulli/set_param.pass.cpp (55 of 500)
PASS: llvm-libc++-shared.cfg.in :: std/numerics/rand/rand.dist/rand.dist.bern/rand.dist.bern.bernoulli/param_types.pass.cpp (56 of 500)
PASS: llvm-libc++-shared.cfg.in :: std/numerics/rand/rand.dist/rand.dist.bern/rand.dist.bern.bernoulli/types.pass.cpp (57 of 500)
PASS: llvm-libc++-shared.cfg.in :: std/numerics/rand/rand.dist/rand.dist.bern/rand.dist.bern.bin/assign.pass.cpp (58 of 500)
PASS: llvm-libc++-shared.cfg.in :: std/numerics/rand/rand.dist/rand.dist.bern/rand.dist.bern.bin/copy.pass.cpp (59 of 500)
PASS: llvm-libc++-shared.cfg.in :: std/numerics/rand/rand.dist/rand.dist.bern/rand.dist.bern.bin/ctor_int_double.pass.cpp (60 of 500)
PASS: llvm-libc++-shared.cfg.in :: std/numerics/rand/rand.dist/rand.dist.bern/rand.dist.bern.bin/eq.pass.cpp (61 of 500)
PASS: llvm-libc++-shared.cfg.in :: std/numerics/rand/rand.dist/rand.dist.bern/rand.dist.bern.bin/ctor_param.pass.cpp (62 of 500)
PASS: llvm-libc++-shared.cfg.in :: std/numerics/rand/rand.dist/rand.dist.bern/rand.dist.bern.bin/eval.PR44847.pass.cpp (63 of 500)
PASS: llvm-libc++-shared.cfg.in :: std/numerics/rand/rand.dist/rand.dist.bern/rand.dist.bern.bin/eval_param.pass.cpp (64 of 500)
PASS: llvm-libc++-shared.cfg.in :: std/numerics/rand/rand.dist/rand.dist.bern/rand.dist.bern.bin/get_param.pass.cpp (65 of 500)
PASS: llvm-libc++-shared.cfg.in :: std/numerics/rand/rand.dist/rand.dist.bern/rand.dist.bern.bin/io.pass.cpp (66 of 500)
PASS: llvm-libc++-shared.cfg.in :: std/numerics/rand/rand.dist/rand.dist.bern/rand.dist.bern.bin/max.pass.cpp (67 of 500)
PASS: llvm-libc++-shared.cfg.in :: std/numerics/rand/rand.dist/rand.dist.bern/rand.dist.bern.bin/min.pass.cpp (68 of 500)
PASS: llvm-libc++-shared.cfg.in :: std/numerics/rand/rand.dist/rand.dist.bern/rand.dist.bern.bin/param_assign.pass.cpp (69 of 500)
PASS: llvm-libc++-shared.cfg.in :: std/numerics/rand/rand.dist/rand.dist.bern/rand.dist.bern.bin/eval.pass.cpp (70 of 500)
PASS: llvm-libc++-shared.cfg.in :: std/numerics/rand/rand.dist/rand.dist.bern/rand.dist.bern.bin/param_copy.pass.cpp (71 of 500)
PASS: llvm-libc++-shared.cfg.in :: std/numerics/rand/rand.dist/rand.dist.bern/rand.dist.bern.bin/param_ctor.pass.cpp (72 of 500)
PASS: llvm-libc++-shared.cfg.in :: std/numerics/rand/rand.dist/rand.dist.bern/rand.dist.bern.bin/param_eq.pass.cpp (73 of 500)
PASS: llvm-libc++-shared.cfg.in :: std/numerics/rand/rand.dist/rand.dist.bern/rand.dist.bern.bin/param_types.pass.cpp (74 of 500)
PASS: llvm-libc++-shared.cfg.in :: std/numerics/rand/rand.dist/rand.dist.bern/rand.dist.bern.bin/types.pass.cpp (75 of 500)
PASS: llvm-libc++-shared.cfg.in :: std/numerics/rand/rand.dist/rand.dist.bern/rand.dist.bern.bin/set_param.pass.cpp (76 of 500)
PASS: llvm-libc++-shared.cfg.in :: std/numerics/rand/rand.dist/rand.dist.bern/rand.dist.bern.geo/assign.pass.cpp (77 of 500)
PASS: llvm-libc++-shared.cfg.in :: std/numerics/rand/rand.dist/rand.dist.bern/rand.dist.bern.geo/copy.pass.cpp (78 of 500)
PASS: llvm-libc++-shared.cfg.in :: std/numerics/rand/rand.dist/rand.dist.bern/rand.dist.bern.geo/ctor_param.pass.cpp (79 of 500)
PASS: llvm-libc++-shared.cfg.in :: std/numerics/rand/rand.dist/rand.dist.bern/rand.dist.bern.geo/ctor_double.pass.cpp (80 of 500)
PASS: llvm-libc++-shared.cfg.in :: std/numerics/rand/rand.dist/rand.dist.bern/rand.dist.bern.geo/eq.pass.cpp (81 of 500)
PASS: llvm-libc++-shared.cfg.in :: std/numerics/rand/rand.dist/rand.dist.bern/rand.dist.bern.geo/eval_param.pass.cpp (82 of 500)
PASS: llvm-libc++-shared.cfg.in :: std/numerics/rand/rand.dist/rand.dist.bern/rand.dist.bern.geo/get_param.pass.cpp (83 of 500)
PASS: llvm-libc++-shared.cfg.in :: std/numerics/rand/rand.dist/rand.dist.bern/rand.dist.bern.geo/io.pass.cpp (84 of 500)
PASS: llvm-libc++-shared.cfg.in :: std/numerics/rand/rand.dist/rand.dist.bern/rand.dist.bern.geo/max.pass.cpp (85 of 500)
PASS: llvm-libc++-shared.cfg.in :: std/numerics/rand/rand.dist/rand.dist.bern/rand.dist.bern.geo/min.pass.cpp (86 of 500)
PASS: llvm-libc++-shared.cfg.in :: std/numerics/rand/rand.dist/rand.dist.bern/rand.dist.bern.geo/param_assign.pass.cpp (87 of 500)
PASS: llvm-libc++-shared.cfg.in :: std/numerics/rand/rand.dist/rand.dist.bern/rand.dist.bern.geo/param_copy.pass.cpp (88 of 500)
PASS: llvm-libc++-shared.cfg.in :: std/numerics/rand/rand.dist/rand.dist.bern/rand.dist.bern.geo/param_ctor.pass.cpp (89 of 500)
PASS: llvm-libc++-shared.cfg.in :: std/numerics/rand/rand.dist/rand.dist.bern/rand.dist.bern.geo/param_eq.pass.cpp (90 of 500)
PASS: llvm-libc++-shared.cfg.in :: std/numerics/rand/rand.dist/rand.dist.bern/rand.dist.bern.geo/param_types.pass.cpp (91 of 500)
PASS: llvm-libc++-shared.cfg.in :: std/numerics/rand/rand.dist/rand.dist.bern/rand.dist.bern.geo/set_param.pass.cpp (92 of 500)
PASS: llvm-libc++-shared.cfg.in :: std/numerics/rand/rand.dist/rand.dist.bern/rand.dist.bern.geo/types.pass.cpp (93 of 500)
PASS: llvm-libc++-shared.cfg.in :: std/numerics/rand/rand.dist/rand.dist.bern/rand.dist.bern.negbin/assign.pass.cpp (94 of 500)
PASS: llvm-libc++-shared.cfg.in :: std/numerics/rand/rand.dist/rand.dist.bern/rand.dist.bern.negbin/copy.pass.cpp (95 of 500)
PASS: llvm-libc++-shared.cfg.in :: std/numerics/rand/rand.dist/rand.dist.bern/rand.dist.bern.negbin/ctor_int_double.pass.cpp (96 of 500)
PASS: llvm-libc++-shared.cfg.in :: std/numerics/rand/rand.dist/rand.dist.bern/rand.dist.bern.negbin/ctor_param.pass.cpp (97 of 500)
PASS: llvm-libc++-shared.cfg.in :: std/numerics/rand/rand.dist/rand.dist.bern/rand.dist.bern.negbin/eq.pass.cpp (98 of 500)
FAIL: llvm-libc++-shared.cfg.in :: std/numerics/rand/rand.dist/rand.dist.bern/rand.dist.bern.geo/eval.pass.cpp (99 of 500)
******************** TEST 'llvm-libc++-shared.cfg.in :: std/numerics/rand/rand.dist/rand.dist.bern/rand.dist.bern.geo/eval.pass.cpp' FAILED ********************
Exit Code: 124

Command Output (stdout):
--
# COMPILED WITH
/home/toolchain/development/libc++_replacement/progress/R68/tools/armv7l_lit_host_clangxx.sh /home/toolchain/development/libc++_replacement/tmp/R68/source-baseline/libcxx/test/std/numerics/rand/rand.dist/rand.dist.bern/rand.dist.bern.geo/eval.pass.cpp -pthread --target=armv7l-tizen-linux-gnueabi -nostdinc++ -I /home/toolchain/development/libc++_replacement/tmp/R68/build-baseline-armv7l/libcxx/test-suite-install/include/c++/v1 -I /home/toolchain/development/libc++_replacement/tmp/R68/build-baseline-armv7l/libcxx/test-suite-install/include/c++/v1 -I /home/toolchain/development/libc++_replacement/tmp/R68/source-baseline/libcxx/test/support -std=c++26 -Werror -Wall -Wctad-maybe-unsupported -Wextra -Wshadow -Wundef -Wunused-template -Wno-unused-command-line-argument -Wno-attributes -Wno-pessimizing-move -Wno-noexcept-type -Wno-atomic-alignment -Wno-reserved-module-identifier -Wdeprecated-copy -Wdeprecated-copy-dtor -Wshift-negative-value -Wno-user-defined-literals -Wno-tautological-compare -Wsign-compare -Wunused-variable -Wunused-parameter -Wunreachable-code -Wno-unused-local-typedef -Wno-local-type-template-args -Wno-c++11-extensions -Wno-unknown-pragmas -Wno-pass-failed -Wno-mismatched-new-delete -Wno-redundant-move -Wno-self-move -Wno-nullability-completeness -flax-vector-conversions=none -D_LIBCPP_HAS_NO_PRAGMA_SYSTEM_HEADER -D_LIBCPP_ENABLE_EXPERIMENTAL -D_LIBCPP_HARDENING_MODE=_LIBCPP_HARDENING_MODE_NONE -Wuser-defined-warnings  -lc++experimental -nostdlib++ -L /home/toolchain/development/libc++_replacement/tmp/R68/build-baseline-armv7l/libcxx/test-suite-install/lib -Wl,-rpath,/home/toolchain/development/libc++_replacement/tmp/R68/build-baseline-armv7l/libcxx/test-suite-install/lib -lc++ -latomic -o /home/toolchain/development/libc++_replacement/tmp/R68/build-baseline-armv7l/libcxx/test/std/numerics/rand/rand.dist/rand.dist.bern/rand.dist.bern.geo/Output/eval.pass.cpp.dir/t.tmp.exe
# executed command: /home/toolchain/development/libc++_replacement/progress/R68/tools/armv7l_lit_host_clangxx.sh /home/toolchain/development/libc++_replacement/tmp/R68/source-baseline/libcxx/test/std/numerics/rand/rand.dist/rand.dist.bern/rand.dist.bern.geo/eval.pass.cpp -pthread --target=armv7l-tizen-linux-gnueabi -nostdinc++ -I /home/toolchain/development/libc++_replacement/tmp/R68/build-baseline-armv7l/libcxx/test-suite-install/include/c++/v1 -I /home/toolchain/development/libc++_replacement/tmp/R68/build-baseline-armv7l/libcxx/test-suite-install/include/c++/v1 -I /home/toolchain/development/libc++_replacement/tmp/R68/source-baseline/libcxx/test/support -std=c++26 -Werror -Wall -Wctad-maybe-unsupported -Wextra -Wshadow -Wundef -Wunused-template -Wno-unused-command-line-argument -Wno-attributes -Wno-pessimizing-move -Wno-noexcept-type -Wno-atomic-alignment -Wno-reserved-module-identifier -Wdeprecated-copy -Wdeprecated-copy-dtor -Wshift-negative-value -Wno-user-defined-literals -Wno-tautological-compare -Wsign-compare -Wunused-variable -Wunused-parameter -Wunreachable-code -Wno-unused-local-typedef -Wno-local-type-template-args -Wno-c++11-extensions -Wno-unknown-pragmas -Wno-pass-failed -Wno-mismatched-new-delete -Wno-redundant-move -Wno-self-move -Wno-nullability-completeness -flax-vector-conversions=none -D_LIBCPP_HAS_NO_PRAGMA_SYSTEM_HEADER -D_LIBCPP_ENABLE_EXPERIMENTAL -D_LIBCPP_HARDENING_MODE=_LIBCPP_HARDENING_MODE_NONE -Wuser-defined-warnings -lc++experimental -nostdlib++ -L /home/toolchain/development/libc++_replacement/tmp/R68/build-baseline-armv7l/libcxx/test-suite-install/lib -Wl,-rpath,/home/toolchain/development/libc++_replacement/tmp/R68/build-baseline-armv7l/libcxx/test-suite-install/lib -lc++ -latomic -o /home/toolchain/development/libc++_replacement/tmp/R68/build-baseline-armv7l/libcxx/test/std/numerics/rand/rand.dist/rand.dist.bern/rand.dist.bern.geo/Output/eval.pass.cpp.dir/t.tmp.exe
# .---command stderr------------
# | /bin/bash: /home/toolchain/development/libc++_replacement/tmp/GBS-ROOT/R32-candidates-libcxx-x86_64-20260813-02/local/BUILD-ROOTS/scratch.x86_64.0/usr/lib64/libtinfo.so.6: no version information available (required by /bin/bash)
# `-----------------------------
# EXECUTED AS
/home/toolchain/development/libc++_replacement/progress/R81/code/sdb_executor_phase2_owner_baseline.sh --execdir /home/toolchain/development/libc++_replacement/tmp/R68/build-baseline-armv7l/libcxx/test/std/numerics/rand/rand.dist/rand.dist.bern/rand.dist.bern.geo/Output/eval.pass.cpp.dir --  /home/toolchain/development/libc++_replacement/tmp/R68/build-baseline-armv7l/libcxx/test/std/numerics/rand/rand.dist/rand.dist.bern/rand.dist.bern.geo/Output/eval.pass.cpp.dir/t.tmp.exe
# executed command: /home/toolchain/development/libc++_replacement/progress/R81/code/sdb_executor_phase2_owner_baseline.sh --execdir /home/toolchain/development/libc++_replacement/tmp/R68/build-baseline-armv7l/libcxx/test/std/numerics/rand/rand.dist/rand.dist.bern/rand.dist.bern.geo/Output/eval.pass.cpp.dir -- /home/toolchain/development/libc++_replacement/tmp/R68/build-baseline-armv7l/libcxx/test/std/numerics/rand/rand.dist/rand.dist.bern/rand.dist.bern.geo/Output/eval.pass.cpp.dir/t.tmp.exe
# .---command stderr------------
# | ERROR: remote test exceeded 110 seconds; terminated and recorded as failure
# `-----------------------------
# error: command failed with exit status: 124

--

********************
PASS: llvm-libc++-shared.cfg.in :: std/numerics/rand/rand.dist/rand.dist.bern/rand.dist.bern.negbin/eval_param.pass.cpp (100 of 500)
PASS: llvm-libc++-shared.cfg.in :: std/numerics/rand/rand.dist/rand.dist.bern/rand.dist.bern.negbin/get_param.pass.cpp (101 of 500)
PASS: llvm-libc++-shared.cfg.in :: std/numerics/rand/rand.dist/rand.dist.bern/rand.dist.bern.negbin/io.pass.cpp (102 of 500)
PASS: llvm-libc++-shared.cfg.in :: std/numerics/rand/rand.dist/rand.dist.bern/rand.dist.bern.negbin/max.pass.cpp (103 of 500)
PASS: llvm-libc++-shared.cfg.in :: std/numerics/rand/rand.dist/rand.dist.bern/rand.dist.bern.negbin/min.pass.cpp (104 of 500)
PASS: llvm-libc++-shared.cfg.in :: std/numerics/rand/rand.dist/rand.dist.bern/rand.dist.bern.negbin/param_assign.pass.cpp (105 of 500)
PASS: llvm-libc++-shared.cfg.in :: std/numerics/rand/rand.dist/rand.dist.bern/rand.dist.bern.negbin/param_copy.pass.cpp (106 of 500)
PASS: llvm-libc++-shared.cfg.in :: std/numerics/rand/rand.dist/rand.dist.bern/rand.dist.bern.negbin/param_ctor.pass.cpp (107 of 500)
PASS: llvm-libc++-shared.cfg.in :: std/numerics/rand/rand.dist/rand.dist.bern/rand.dist.bern.negbin/param_eq.pass.cpp (108 of 500)
PASS: llvm-libc++-shared.cfg.in :: std/numerics/rand/rand.dist/rand.dist.bern/rand.dist.bern.negbin/param_types.pass.cpp (109 of 500)
PASS: llvm-libc++-shared.cfg.in :: std/numerics/rand/rand.dist/rand.dist.bern/rand.dist.bern.negbin/set_param.pass.cpp (110 of 500)
PASS: llvm-libc++-shared.cfg.in :: std/numerics/rand/rand.dist/rand.dist.bern/rand.dist.bern.negbin/types.pass.cpp (111 of 500)
FAIL: llvm-libc++-shared.cfg.in :: std/numerics/rand/rand.dist/rand.dist.bern/rand.dist.bern.negbin/eval.pass.cpp (112 of 500)
******************** TEST 'llvm-libc++-shared.cfg.in :: std/numerics/rand/rand.dist/rand.dist.bern/rand.dist.bern.negbin/eval.pass.cpp' FAILED ********************
Exit Code: 124

Command Output (stdout):
--
# COMPILED WITH
/home/toolchain/development/libc++_replacement/progress/R68/tools/armv7l_lit_host_clangxx.sh /home/toolchain/development/libc++_replacement/tmp/R68/source-baseline/libcxx/test/std/numerics/rand/rand.dist/rand.dist.bern/rand.dist.bern.negbin/eval.pass.cpp -pthread --target=armv7l-tizen-linux-gnueabi -nostdinc++ -I /home/toolchain/development/libc++_replacement/tmp/R68/build-baseline-armv7l/libcxx/test-suite-install/include/c++/v1 -I /home/toolchain/development/libc++_replacement/tmp/R68/build-baseline-armv7l/libcxx/test-suite-install/include/c++/v1 -I /home/toolchain/development/libc++_replacement/tmp/R68/source-baseline/libcxx/test/support -std=c++26 -Werror -Wall -Wctad-maybe-unsupported -Wextra -Wshadow -Wundef -Wunused-template -Wno-unused-command-line-argument -Wno-attributes -Wno-pessimizing-move -Wno-noexcept-type -Wno-atomic-alignment -Wno-reserved-module-identifier -Wdeprecated-copy -Wdeprecated-copy-dtor -Wshift-negative-value -Wno-user-defined-literals -Wno-tautological-compare -Wsign-compare -Wunused-variable -Wunused-parameter -Wunreachable-code -Wno-unused-local-typedef -Wno-local-type-template-args -Wno-c++11-extensions -Wno-unknown-pragmas -Wno-pass-failed -Wno-mismatched-new-delete -Wno-redundant-move -Wno-self-move -Wno-nullability-completeness -flax-vector-conversions=none -D_LIBCPP_HAS_NO_PRAGMA_SYSTEM_HEADER -D_LIBCPP_ENABLE_EXPERIMENTAL -D_LIBCPP_HARDENING_MODE=_LIBCPP_HARDENING_MODE_NONE -Wuser-defined-warnings  -lc++experimental -nostdlib++ -L /home/toolchain/development/libc++_replacement/tmp/R68/build-baseline-armv7l/libcxx/test-suite-install/lib -Wl,-rpath,/home/toolchain/development/libc++_replacement/tmp/R68/build-baseline-armv7l/libcxx/test-suite-install/lib -lc++ -latomic -o /home/toolchain/development/libc++_replacement/tmp/R68/build-baseline-armv7l/libcxx/test/std/numerics/rand/rand.dist/rand.dist.bern/rand.dist.bern.negbin/Output/eval.pass.cpp.dir/t.tmp.exe
# executed command: /home/toolchain/development/libc++_replacement/progress/R68/tools/armv7l_lit_host_clangxx.sh /home/toolchain/development/libc++_replacement/tmp/R68/source-baseline/libcxx/test/std/numerics/rand/rand.dist/rand.dist.bern/rand.dist.bern.negbin/eval.pass.cpp -pthread --target=armv7l-tizen-linux-gnueabi -nostdinc++ -I /home/toolchain/development/libc++_replacement/tmp/R68/build-baseline-armv7l/libcxx/test-suite-install/include/c++/v1 -I /home/toolchain/development/libc++_replacement/tmp/R68/build-baseline-armv7l/libcxx/test-suite-install/include/c++/v1 -I /home/toolchain/development/libc++_replacement/tmp/R68/source-baseline/libcxx/test/support -std=c++26 -Werror -Wall -Wctad-maybe-unsupported -Wextra -Wshadow -Wundef -Wunused-template -Wno-unused-command-line-argument -Wno-attributes -Wno-pessimizing-move -Wno-noexcept-type -Wno-atomic-alignment -Wno-reserved-module-identifier -Wdeprecated-copy -Wdeprecated-copy-dtor -Wshift-negative-value -Wno-user-defined-literals -Wno-tautological-compare -Wsign-compare -Wunused-variable -Wunused-parameter -Wunreachable-code -Wno-unused-local-typedef -Wno-local-type-template-args -Wno-c++11-extensions -Wno-unknown-pragmas -Wno-pass-failed -Wno-mismatched-new-delete -Wno-redundant-move -Wno-self-move -Wno-nullability-completeness -flax-vector-conversions=none -D_LIBCPP_HAS_NO_PRAGMA_SYSTEM_HEADER -D_LIBCPP_ENABLE_EXPERIMENTAL -D_LIBCPP_HARDENING_MODE=_LIBCPP_HARDENING_MODE_NONE -Wuser-defined-warnings -lc++experimental -nostdlib++ -L /home/toolchain/development/libc++_replacement/tmp/R68/build-baseline-armv7l/libcxx/test-suite-install/lib -Wl,-rpath,/home/toolchain/development/libc++_replacement/tmp/R68/build-baseline-armv7l/libcxx/test-suite-install/lib -lc++ -latomic -o /home/toolchain/development/libc++_replacement/tmp/R68/build-baseline-armv7l/libcxx/test/std/numerics/rand/rand.dist/rand.dist.bern/rand.dist.bern.negbin/Output/eval.pass.cpp.dir/t.tmp.exe
# .---command stderr------------
# | /bin/bash: /home/toolchain/development/libc++_replacement/tmp/GBS-ROOT/R32-candidates-libcxx-x86_64-20260813-02/local/BUILD-ROOTS/scratch.x86_64.0/usr/lib64/libtinfo.so.6: no version information available (required by /bin/bash)
# `-----------------------------
# EXECUTED AS
/home/toolchain/development/libc++_replacement/progress/R81/code/sdb_executor_phase2_owner_baseline.sh --execdir /home/toolchain/development/libc++_replacement/tmp/R68/build-baseline-armv7l/libcxx/test/std/numerics/rand/rand.dist/rand.dist.bern/rand.dist.bern.negbin/Output/eval.pass.cpp.dir --  /home/toolchain/development/libc++_replacement/tmp/R68/build-baseline-armv7l/libcxx/test/std/numerics/rand/rand.dist/rand.dist.bern/rand.dist.bern.negbin/Output/eval.pass.cpp.dir/t.tmp.exe
# executed command: /home/toolchain/development/libc++_replacement/progress/R81/code/sdb_executor_phase2_owner_baseline.sh --execdir /home/toolchain/development/libc++_replacement/tmp/R68/build-baseline-armv7l/libcxx/test/std/numerics/rand/rand.dist/rand.dist.bern/rand.dist.bern.negbin/Output/eval.pass.cpp.dir -- /home/toolchain/development/libc++_replacement/tmp/R68/build-baseline-armv7l/libcxx/test/std/numerics/rand/rand.dist/rand.dist.bern/rand.dist.bern.negbin/Output/eval.pass.cpp.dir/t.tmp.exe
# .---command stderr------------
# | ERROR: remote test exceeded 110 seconds; terminated and recorded as failure
# `-----------------------------
# error: command failed with exit status: 124

--

********************
PASS: llvm-libc++-shared.cfg.in :: std/numerics/rand/rand.dist/rand.dist.norm/rand.dist.norm.cauchy/assign.pass.cpp (113 of 500)
PASS: llvm-libc++-shared.cfg.in :: std/numerics/rand/rand.dist/rand.dist.norm/rand.dist.norm.cauchy/copy.pass.cpp (114 of 500)
PASS: llvm-libc++-shared.cfg.in :: std/numerics/rand/rand.dist/rand.dist.norm/rand.dist.norm.cauchy/ctor_double_double.pass.cpp (115 of 500)
PASS: llvm-libc++-shared.cfg.in :: std/numerics/rand/rand.dist/rand.dist.norm/rand.dist.norm.cauchy/ctor_param.pass.cpp (116 of 500)
PASS: llvm-libc++-shared.cfg.in :: std/numerics/rand/rand.dist/rand.dist.norm/rand.dist.norm.cauchy/eq.pass.cpp (117 of 500)
PASS: llvm-libc++-shared.cfg.in :: std/numerics/rand/rand.dist/rand.dist.norm/rand.dist.norm.cauchy/eval.pass.cpp (118 of 500)
PASS: llvm-libc++-shared.cfg.in :: std/numerics/rand/rand.dist/rand.dist.norm/rand.dist.norm.cauchy/eval_param.pass.cpp (119 of 500)
PASS: llvm-libc++-shared.cfg.in :: std/numerics/rand/rand.dist/rand.dist.norm/rand.dist.norm.cauchy/get_param.pass.cpp (120 of 500)
PASS: llvm-libc++-shared.cfg.in :: std/numerics/rand/rand.dist/rand.dist.norm/rand.dist.norm.cauchy/io.pass.cpp (121 of 500)
PASS: llvm-libc++-shared.cfg.in :: std/numerics/rand/rand.dist/rand.dist.norm/rand.dist.norm.cauchy/max.pass.cpp (122 of 500)
PASS: llvm-libc++-shared.cfg.in :: std/numerics/rand/rand.dist/rand.dist.norm/rand.dist.norm.cauchy/param_assign.pass.cpp (123 of 500)
PASS: llvm-libc++-shared.cfg.in :: std/numerics/rand/rand.dist/rand.dist.norm/rand.dist.norm.cauchy/min.pass.cpp (124 of 500)
PASS: llvm-libc++-shared.cfg.in :: std/numerics/rand/rand.dist/rand.dist.norm/rand.dist.norm.cauchy/param_copy.pass.cpp (125 of 500)
PASS: llvm-libc++-shared.cfg.in :: std/numerics/rand/rand.dist/rand.dist.norm/rand.dist.norm.cauchy/param_ctor.pass.cpp (126 of 500)
PASS: llvm-libc++-shared.cfg.in :: std/numerics/rand/rand.dist/rand.dist.norm/rand.dist.norm.cauchy/param_eq.pass.cpp (127 of 500)
PASS: llvm-libc++-shared.cfg.in :: std/numerics/rand/rand.dist/rand.dist.norm/rand.dist.norm.cauchy/param_types.pass.cpp (128 of 500)
PASS: llvm-libc++-shared.cfg.in :: std/numerics/rand/rand.dist/rand.dist.norm/rand.dist.norm.cauchy/set_param.pass.cpp (129 of 500)
PASS: llvm-libc++-shared.cfg.in :: std/numerics/rand/rand.dist/rand.dist.norm/rand.dist.norm.cauchy/types.pass.cpp (130 of 500)
PASS: llvm-libc++-shared.cfg.in :: std/numerics/rand/rand.dist/rand.dist.norm/rand.dist.norm.chisq/assign.pass.cpp (131 of 500)
PASS: llvm-libc++-shared.cfg.in :: std/numerics/rand/rand.dist/rand.dist.norm/rand.dist.norm.chisq/copy.pass.cpp (132 of 500)
PASS: llvm-libc++-shared.cfg.in :: std/numerics/rand/rand.dist/rand.dist.norm/rand.dist.norm.chisq/ctor_double.pass.cpp (133 of 500)
PASS: llvm-libc++-shared.cfg.in :: std/numerics/rand/rand.dist/rand.dist.norm/rand.dist.norm.chisq/eq.pass.cpp (134 of 500)
PASS: llvm-libc++-shared.cfg.in :: std/numerics/rand/rand.dist/rand.dist.norm/rand.dist.norm.chisq/ctor_param.pass.cpp (135 of 500)
PASS: llvm-libc++-shared.cfg.in :: std/numerics/rand/rand.dist/rand.dist.norm/rand.dist.norm.chisq/eval_param.pass.cpp (136 of 500)
PASS: llvm-libc++-shared.cfg.in :: std/numerics/rand/rand.dist/rand.dist.norm/rand.dist.norm.chisq/eval.pass.cpp (137 of 500)
PASS: llvm-libc++-shared.cfg.in :: std/numerics/rand/rand.dist/rand.dist.norm/rand.dist.norm.chisq/get_param.pass.cpp (138 of 500)
PASS: llvm-libc++-shared.cfg.in :: std/numerics/rand/rand.dist/rand.dist.norm/rand.dist.norm.chisq/io.pass.cpp (139 of 500)
PASS: llvm-libc++-shared.cfg.in :: std/numerics/rand/rand.dist/rand.dist.norm/rand.dist.norm.chisq/min.pass.cpp (140 of 500)
PASS: llvm-libc++-shared.cfg.in :: std/numerics/rand/rand.dist/rand.dist.norm/rand.dist.norm.chisq/max.pass.cpp (141 of 500)
PASS: llvm-libc++-shared.cfg.in :: std/numerics/rand/rand.dist/rand.dist.norm/rand.dist.norm.chisq/param_copy.pass.cpp (142 of 500)
PASS: llvm-libc++-shared.cfg.in :: std/numerics/rand/rand.dist/rand.dist.norm/rand.dist.norm.chisq/param_assign.pass.cpp (143 of 500)
PASS: llvm-libc++-shared.cfg.in :: std/numerics/rand/rand.dist/rand.dist.norm/rand.dist.norm.chisq/param_eq.pass.cpp (144 of 500)
PASS: llvm-libc++-shared.cfg.in :: std/numerics/rand/rand.dist/rand.dist.norm/rand.dist.norm.chisq/param_ctor.pass.cpp (145 of 500)
PASS: llvm-libc++-shared.cfg.in :: std/numerics/rand/rand.dist/rand.dist.norm/rand.dist.norm.chisq/set_param.pass.cpp (146 of 500)
PASS: llvm-libc++-shared.cfg.in :: std/numerics/rand/rand.dist/rand.dist.norm/rand.dist.norm.chisq/param_types.pass.cpp (147 of 500)
PASS: llvm-libc++-shared.cfg.in :: std/numerics/rand/rand.dist/rand.dist.norm/rand.dist.norm.chisq/types.pass.cpp (148 of 500)
PASS: llvm-libc++-shared.cfg.in :: std/numerics/rand/rand.dist/rand.dist.norm/rand.dist.norm.f/assign.pass.cpp (149 of 500)
PASS: llvm-libc++-shared.cfg.in :: std/numerics/rand/rand.dist/rand.dist.norm/rand.dist.norm.f/copy.pass.cpp (150 of 500)
PASS: llvm-libc++-shared.cfg.in :: std/numerics/rand/rand.dist/rand.dist.norm/rand.dist.norm.f/ctor_double_double.pass.cpp (151 of 500)
PASS: llvm-libc++-shared.cfg.in :: std/numerics/rand/rand.dist/rand.dist.norm/rand.dist.norm.f/eq.pass.cpp (152 of 500)
PASS: llvm-libc++-shared.cfg.in :: std/numerics/rand/rand.dist/rand.dist.norm/rand.dist.norm.f/ctor_param.pass.cpp (153 of 500)
PASS: llvm-libc++-shared.cfg.in :: std/numerics/rand/rand.dist/rand.dist.norm/rand.dist.norm.f/eval_param.pass.cpp (154 of 500)
PASS: llvm-libc++-shared.cfg.in :: std/numerics/rand/rand.dist/rand.dist.norm/rand.dist.norm.f/eval.pass.cpp (155 of 500)
PASS: llvm-libc++-shared.cfg.in :: std/numerics/rand/rand.dist/rand.dist.norm/rand.dist.norm.f/get_param.pass.cpp (156 of 500)
PASS: llvm-libc++-shared.cfg.in :: std/numerics/rand/rand.dist/rand.dist.norm/rand.dist.norm.f/io.pass.cpp (157 of 500)
PASS: llvm-libc++-shared.cfg.in :: std/numerics/rand/rand.dist/rand.dist.norm/rand.dist.norm.f/max.pass.cpp (158 of 500)
PASS: llvm-libc++-shared.cfg.in :: std/numerics/rand/rand.dist/rand.dist.norm/rand.dist.norm.f/min.pass.cpp (159 of 500)
PASS: llvm-libc++-shared.cfg.in :: std/numerics/rand/rand.dist/rand.dist.norm/rand.dist.norm.f/param_assign.pass.cpp (160 of 500)
PASS: llvm-libc++-shared.cfg.in :: std/numerics/rand/rand.dist/rand.dist.norm/rand.dist.norm.f/param_copy.pass.cpp (161 of 500)
PASS: llvm-libc++-shared.cfg.in :: std/numerics/rand/rand.dist/rand.dist.norm/rand.dist.norm.f/param_ctor.pass.cpp (162 of 500)
PASS: llvm-libc++-shared.cfg.in :: std/numerics/rand/rand.dist/rand.dist.norm/rand.dist.norm.f/param_eq.pass.cpp (163 of 500)
PASS: llvm-libc++-shared.cfg.in :: std/numerics/rand/rand.dist/rand.dist.norm/rand.dist.norm.f/set_param.pass.cpp (164 of 500)
PASS: llvm-libc++-shared.cfg.in :: std/numerics/rand/rand.dist/rand.dist.norm/rand.dist.norm.f/param_types.pass.cpp (165 of 500)
PASS: llvm-libc++-shared.cfg.in :: std/numerics/rand/rand.dist/rand.dist.norm/rand.dist.norm.lognormal/assign.pass.cpp (166 of 500)
PASS: llvm-libc++-shared.cfg.in :: std/numerics/rand/rand.dist/rand.dist.norm/rand.dist.norm.f/types.pass.cpp (167 of 500)
PASS: llvm-libc++-shared.cfg.in :: std/numerics/rand/rand.dist/rand.dist.norm/rand.dist.norm.lognormal/copy.pass.cpp (168 of 500)
PASS: llvm-libc++-shared.cfg.in :: std/numerics/rand/rand.dist/rand.dist.norm/rand.dist.norm.lognormal/ctor_double_double.pass.cpp (169 of 500)
PASS: llvm-libc++-shared.cfg.in :: std/numerics/rand/rand.dist/rand.dist.norm/rand.dist.norm.lognormal/eq.pass.cpp (170 of 500)
PASS: llvm-libc++-shared.cfg.in :: std/numerics/rand/rand.dist/rand.dist.norm/rand.dist.norm.lognormal/ctor_param.pass.cpp (171 of 500)
PASS: llvm-libc++-shared.cfg.in :: std/numerics/rand/rand.dist/rand.dist.norm/rand.dist.norm.lognormal/eval_param.PR52906.pass.cpp (172 of 500)
PASS: llvm-libc++-shared.cfg.in :: std/numerics/rand/rand.dist/rand.dist.norm/rand.dist.norm.lognormal/eval.pass.cpp (173 of 500)
PASS: llvm-libc++-shared.cfg.in :: std/numerics/rand/rand.dist/rand.dist.norm/rand.dist.norm.lognormal/eval_param.pass.cpp (174 of 500)
PASS: llvm-libc++-shared.cfg.in :: std/numerics/rand/rand.dist/rand.dist.norm/rand.dist.norm.lognormal/get_param.pass.cpp (175 of 500)
PASS: llvm-libc++-shared.cfg.in :: std/numerics/rand/rand.dist/rand.dist.norm/rand.dist.norm.lognormal/io.pass.cpp (176 of 500)
PASS: llvm-libc++-shared.cfg.in :: std/numerics/rand/rand.dist/rand.dist.norm/rand.dist.norm.lognormal/max.pass.cpp (177 of 500)
PASS: llvm-libc++-shared.cfg.in :: std/numerics/rand/rand.dist/rand.dist.norm/rand.dist.norm.lognormal/min.pass.cpp (178 of 500)
PASS: llvm-libc++-shared.cfg.in :: std/numerics/rand/rand.dist/rand.dist.norm/rand.dist.norm.lognormal/param_assign.pass.cpp (179 of 500)
PASS: llvm-libc++-shared.cfg.in :: std/numerics/rand/rand.dist/rand.dist.norm/rand.dist.norm.lognormal/param_copy.pass.cpp (180 of 500)
PASS: llvm-libc++-shared.cfg.in :: std/numerics/rand/rand.dist/rand.dist.norm/rand.dist.norm.lognormal/param_eq.pass.cpp (181 of 500)
PASS: llvm-libc++-shared.cfg.in :: std/numerics/rand/rand.dist/rand.dist.norm/rand.dist.norm.lognormal/param_ctor.pass.cpp (182 of 500)
PASS: llvm-libc++-shared.cfg.in :: std/numerics/rand/rand.dist/rand.dist.norm/rand.dist.norm.lognormal/param_types.pass.cpp (183 of 500)
PASS: llvm-libc++-shared.cfg.in :: std/numerics/rand/rand.dist/rand.dist.norm/rand.dist.norm.lognormal/set_param.pass.cpp (184 of 500)
PASS: llvm-libc++-shared.cfg.in :: std/numerics/rand/rand.dist/rand.dist.norm/rand.dist.norm.lognormal/types.pass.cpp (185 of 500)
PASS: llvm-libc++-shared.cfg.in :: std/numerics/rand/rand.dist/rand.dist.norm/rand.dist.norm.normal/assign.pass.cpp (186 of 500)
PASS: llvm-libc++-shared.cfg.in :: std/numerics/rand/rand.dist/rand.dist.norm/rand.dist.norm.normal/ctor_double_double.pass.cpp (187 of 500)
PASS: llvm-libc++-shared.cfg.in :: std/numerics/rand/rand.dist/rand.dist.norm/rand.dist.norm.normal/copy.pass.cpp (188 of 500)
PASS: llvm-libc++-shared.cfg.in :: std/numerics/rand/rand.dist/rand.dist.norm/rand.dist.norm.normal/eq.pass.cpp (189 of 500)
PASS: llvm-libc++-shared.cfg.in :: std/numerics/rand/rand.dist/rand.dist.norm/rand.dist.norm.normal/ctor_param.pass.cpp (190 of 500)
PASS: llvm-libc++-shared.cfg.in :: std/numerics/rand/rand.dist/rand.dist.norm/rand.dist.norm.normal/eval.pass.cpp (191 of 500)
PASS: llvm-libc++-shared.cfg.in :: std/numerics/rand/rand.dist/rand.dist.norm/rand.dist.norm.normal/eval_param.pass.cpp (192 of 500)
PASS: llvm-libc++-shared.cfg.in :: std/numerics/rand/rand.dist/rand.dist.norm/rand.dist.norm.normal/get_param.pass.cpp (193 of 500)
PASS: llvm-libc++-shared.cfg.in :: std/numerics/rand/rand.dist/rand.dist.norm/rand.dist.norm.normal/io.pass.cpp (194 of 500)
PASS: llvm-libc++-shared.cfg.in :: std/numerics/rand/rand.dist/rand.dist.norm/rand.dist.norm.normal/min.pass.cpp (195 of 500)
PASS: llvm-libc++-shared.cfg.in :: std/numerics/rand/rand.dist/rand.dist.norm/rand.dist.norm.normal/max.pass.cpp (196 of 500)
PASS: llvm-libc++-shared.cfg.in :: std/numerics/rand/rand.dist/rand.dist.norm/rand.dist.norm.normal/param_assign.pass.cpp (197 of 500)
PASS: llvm-libc++-shared.cfg.in :: std/numerics/rand/rand.dist/rand.dist.norm/rand.dist.norm.normal/param_copy.pass.cpp (198 of 500)
PASS: llvm-libc++-shared.cfg.in :: std/numerics/rand/rand.dist/rand.dist.norm/rand.dist.norm.normal/param_ctor.pass.cpp (199 of 500)
PASS: llvm-libc++-shared.cfg.in :: std/numerics/rand/rand.dist/rand.dist.norm/rand.dist.norm.normal/param_eq.pass.cpp (200 of 500)
PASS: llvm-libc++-shared.cfg.in :: std/numerics/rand/rand.dist/rand.dist.norm/rand.dist.norm.normal/param_types.pass.cpp (201 of 500)
PASS: llvm-libc++-shared.cfg.in :: std/numerics/rand/rand.dist/rand.dist.norm/rand.dist.norm.normal/set_param.pass.cpp (202 of 500)
PASS: llvm-libc++-shared.cfg.in :: std/numerics/rand/rand.dist/rand.dist.norm/rand.dist.norm.normal/types.pass.cpp (203 of 500)
PASS: llvm-libc++-shared.cfg.in :: std/numerics/rand/rand.dist/rand.dist.norm/rand.dist.norm.t/copy.pass.cpp (204 of 500)
PASS: llvm-libc++-shared.cfg.in :: std/numerics/rand/rand.dist/rand.dist.norm/rand.dist.norm.t/assign.pass.cpp (205 of 500)
PASS: llvm-libc++-shared.cfg.in :: std/numerics/rand/rand.dist/rand.dist.norm/rand.dist.norm.t/ctor_param.pass.cpp (206 of 500)
PASS: llvm-libc++-shared.cfg.in :: std/numerics/rand/rand.dist/rand.dist.norm/rand.dist.norm.t/ctor_double.pass.cpp (207 of 500)
PASS: llvm-libc++-shared.cfg.in :: std/numerics/rand/rand.dist/rand.dist.norm/rand.dist.norm.t/eq.pass.cpp (208 of 500)
PASS: llvm-libc++-shared.cfg.in :: std/numerics/rand/rand.dist/rand.dist.norm/rand.dist.norm.t/eval.pass.cpp (209 of 500)
PASS: llvm-libc++-shared.cfg.in :: std/numerics/rand/rand.dist/rand.dist.norm/rand.dist.norm.t/eval_param.pass.cpp (210 of 500)
PASS: llvm-libc++-shared.cfg.in :: std/numerics/rand/rand.dist/rand.dist.norm/rand.dist.norm.t/get_param.pass.cpp (211 of 500)
PASS: llvm-libc++-shared.cfg.in :: std/numerics/rand/rand.dist/rand.dist.norm/rand.dist.norm.t/io.pass.cpp (212 of 500)
PASS: llvm-libc++-shared.cfg.in :: std/numerics/rand/rand.dist/rand.dist.norm/rand.dist.norm.t/max.pass.cpp (213 of 500)
PASS: llvm-libc++-shared.cfg.in :: std/numerics/rand/rand.dist/rand.dist.norm/rand.dist.norm.t/min.pass.cpp (214 of 500)
PASS: llvm-libc++-shared.cfg.in :: std/numerics/rand/rand.dist/rand.dist.norm/rand.dist.norm.t/param_assign.pass.cpp (215 of 500)
PASS: llvm-libc++-shared.cfg.in :: std/numerics/rand/rand.dist/rand.dist.norm/rand.dist.norm.t/param_copy.pass.cpp (216 of 500)
PASS: llvm-libc++-shared.cfg.in :: std/numerics/rand/rand.dist/rand.dist.norm/rand.dist.norm.t/param_ctor.pass.cpp (217 of 500)
PASS: llvm-libc++-shared.cfg.in :: std/numerics/rand/rand.dist/rand.dist.norm/rand.dist.norm.t/param_eq.pass.cpp (218 of 500)
PASS: llvm-libc++-shared.cfg.in :: std/numerics/rand/rand.dist/rand.dist.norm/rand.dist.norm.t/param_types.pass.cpp (219 of 500)
PASS: llvm-libc++-shared.cfg.in :: std/numerics/rand/rand.dist/rand.dist.norm/rand.dist.norm.t/set_param.pass.cpp (220 of 500)
PASS: llvm-libc++-shared.cfg.in :: std/numerics/rand/rand.dist/rand.dist.pois/rand.dist.pois.exp/assign.pass.cpp (221 of 500)
PASS: llvm-libc++-shared.cfg.in :: std/numerics/rand/rand.dist/rand.dist.norm/rand.dist.norm.t/types.pass.cpp (222 of 500)
PASS: llvm-libc++-shared.cfg.in :: std/numerics/rand/rand.dist/rand.dist.pois/rand.dist.pois.exp/copy.pass.cpp (223 of 500)
PASS: llvm-libc++-shared.cfg.in :: std/numerics/rand/rand.dist/rand.dist.pois/rand.dist.pois.exp/ctor_double.pass.cpp (224 of 500)
PASS: llvm-libc++-shared.cfg.in :: std/numerics/rand/rand.dist/rand.dist.pois/rand.dist.pois.exp/ctor_param.pass.cpp (225 of 500)
PASS: llvm-libc++-shared.cfg.in :: std/numerics/rand/rand.dist/rand.dist.pois/rand.dist.pois.exp/eq.pass.cpp (226 of 500)
PASS: llvm-libc++-shared.cfg.in :: std/numerics/rand/rand.dist/rand.dist.pois/rand.dist.pois.exp/eval_param.pass.cpp (227 of 500)
PASS: llvm-libc++-shared.cfg.in :: std/numerics/rand/rand.dist/rand.dist.pois/rand.dist.pois.exp/eval.pass.cpp (228 of 500)
PASS: llvm-libc++-shared.cfg.in :: std/numerics/rand/rand.dist/rand.dist.pois/rand.dist.pois.exp/get_param.pass.cpp (229 of 500)
PASS: llvm-libc++-shared.cfg.in :: std/numerics/rand/rand.dist/rand.dist.pois/rand.dist.pois.exp/io.pass.cpp (230 of 500)
PASS: llvm-libc++-shared.cfg.in :: std/numerics/rand/rand.dist/rand.dist.pois/rand.dist.pois.exp/max.pass.cpp (231 of 500)
PASS: llvm-libc++-shared.cfg.in :: std/numerics/rand/rand.dist/rand.dist.pois/rand.dist.pois.exp/min.pass.cpp (232 of 500)
PASS: llvm-libc++-shared.cfg.in :: std/numerics/rand/rand.dist/rand.dist.pois/rand.dist.pois.exp/param_assign.pass.cpp (233 of 500)
PASS: llvm-libc++-shared.cfg.in :: std/numerics/rand/rand.dist/rand.dist.pois/rand.dist.pois.exp/param_copy.pass.cpp (234 of 500)
PASS: llvm-libc++-shared.cfg.in :: std/numerics/rand/rand.dist/rand.dist.pois/rand.dist.pois.exp/param_ctor.pass.cpp (235 of 500)
PASS: llvm-libc++-shared.cfg.in :: std/numerics/rand/rand.dist/rand.dist.pois/rand.dist.pois.exp/param_eq.pass.cpp (236 of 500)
PASS: llvm-libc++-shared.cfg.in :: std/numerics/rand/rand.dist/rand.dist.pois/rand.dist.pois.exp/param_types.pass.cpp (237 of 500)
PASS: llvm-libc++-shared.cfg.in :: std/numerics/rand/rand.dist/rand.dist.pois/rand.dist.pois.exp/set_param.pass.cpp (238 of 500)
PASS: llvm-libc++-shared.cfg.in :: std/numerics/rand/rand.dist/rand.dist.pois/rand.dist.pois.extreme/assign.pass.cpp (239 of 500)
PASS: llvm-libc++-shared.cfg.in :: std/numerics/rand/rand.dist/rand.dist.pois/rand.dist.pois.exp/types.pass.cpp (240 of 500)
PASS: llvm-libc++-shared.cfg.in :: std/numerics/rand/rand.dist/rand.dist.pois/rand.dist.pois.extreme/copy.pass.cpp (241 of 500)
PASS: llvm-libc++-shared.cfg.in :: std/numerics/rand/rand.dist/rand.dist.pois/rand.dist.pois.extreme/ctor_double_double.pass.cpp (242 of 500)
PASS: llvm-libc++-shared.cfg.in :: std/numerics/rand/rand.dist/rand.dist.pois/rand.dist.pois.extreme/eq.pass.cpp (243 of 500)
PASS: llvm-libc++-shared.cfg.in :: std/numerics/rand/rand.dist/rand.dist.pois/rand.dist.pois.extreme/ctor_param.pass.cpp (244 of 500)
PASS: llvm-libc++-shared.cfg.in :: std/numerics/rand/rand.dist/rand.dist.pois/rand.dist.pois.extreme/eval_param.pass.cpp (245 of 500)
PASS: llvm-libc++-shared.cfg.in :: std/numerics/rand/rand.dist/rand.dist.pois/rand.dist.pois.extreme/eval.pass.cpp (246 of 500)
PASS: llvm-libc++-shared.cfg.in :: std/numerics/rand/rand.dist/rand.dist.pois/rand.dist.pois.extreme/get_param.pass.cpp (247 of 500)
PASS: llvm-libc++-shared.cfg.in :: std/numerics/rand/rand.dist/rand.dist.pois/rand.dist.pois.extreme/io.pass.cpp (248 of 500)
PASS: llvm-libc++-shared.cfg.in :: std/numerics/rand/rand.dist/rand.dist.pois/rand.dist.pois.extreme/max.pass.cpp (249 of 500)
PASS: llvm-libc++-shared.cfg.in :: std/numerics/rand/rand.dist/rand.dist.pois/rand.dist.pois.extreme/min.pass.cpp (250 of 500)
PASS: llvm-libc++-shared.cfg.in :: std/numerics/rand/rand.dist/rand.dist.pois/rand.dist.pois.extreme/param_assign.pass.cpp (251 of 500)
PASS: llvm-libc++-shared.cfg.in :: std/numerics/rand/rand.dist/rand.dist.pois/rand.dist.pois.extreme/param_copy.pass.cpp (252 of 500)
PASS: llvm-libc++-shared.cfg.in :: std/numerics/rand/rand.dist/rand.dist.pois/rand.dist.pois.extreme/param_ctor.pass.cpp (253 of 500)
PASS: llvm-libc++-shared.cfg.in :: std/numerics/rand/rand.dist/rand.dist.pois/rand.dist.pois.extreme/param_eq.pass.cpp (254 of 500)
PASS: llvm-libc++-shared.cfg.in :: std/numerics/rand/rand.dist/rand.dist.pois/rand.dist.pois.extreme/param_types.pass.cpp (255 of 500)
PASS: llvm-libc++-shared.cfg.in :: std/numerics/rand/rand.dist/rand.dist.pois/rand.dist.pois.extreme/set_param.pass.cpp (256 of 500)
PASS: llvm-libc++-shared.cfg.in :: std/numerics/rand/rand.dist/rand.dist.pois/rand.dist.pois.extreme/types.pass.cpp (257 of 500)
PASS: llvm-libc++-shared.cfg.in :: std/numerics/rand/rand.dist/rand.dist.pois/rand.dist.pois.gamma/assign.pass.cpp (258 of 500)
PASS: llvm-libc++-shared.cfg.in :: std/numerics/rand/rand.dist/rand.dist.pois/rand.dist.pois.gamma/copy.pass.cpp (259 of 500)
PASS: llvm-libc++-shared.cfg.in :: std/numerics/rand/rand.dist/rand.dist.pois/rand.dist.pois.gamma/ctor_double_double.pass.cpp (260 of 500)
PASS: llvm-libc++-shared.cfg.in :: std/numerics/rand/rand.dist/rand.dist.pois/rand.dist.pois.gamma/ctor_param.pass.cpp (261 of 500)
PASS: llvm-libc++-shared.cfg.in :: std/numerics/rand/rand.dist/rand.dist.pois/rand.dist.pois.gamma/eq.pass.cpp (262 of 500)
PASS: llvm-libc++-shared.cfg.in :: std/numerics/rand/rand.dist/rand.dist.pois/rand.dist.pois.gamma/eval.pass.cpp (263 of 500)
PASS: llvm-libc++-shared.cfg.in :: std/numerics/rand/rand.dist/rand.dist.pois/rand.dist.pois.gamma/get_param.pass.cpp (264 of 500)
PASS: llvm-libc++-shared.cfg.in :: std/numerics/rand/rand.dist/rand.dist.pois/rand.dist.pois.gamma/eval_param.pass.cpp (265 of 500)
PASS: llvm-libc++-shared.cfg.in :: std/numerics/rand/rand.dist/rand.dist.pois/rand.dist.pois.gamma/io.pass.cpp (266 of 500)
PASS: llvm-libc++-shared.cfg.in :: std/numerics/rand/rand.dist/rand.dist.pois/rand.dist.pois.gamma/max.pass.cpp (267 of 500)
PASS: llvm-libc++-shared.cfg.in :: std/numerics/rand/rand.dist/rand.dist.pois/rand.dist.pois.gamma/min.pass.cpp (268 of 500)
PASS: llvm-libc++-shared.cfg.in :: std/numerics/rand/rand.dist/rand.dist.pois/rand.dist.pois.gamma/param_assign.pass.cpp (269 of 500)
PASS: llvm-libc++-shared.cfg.in :: std/numerics/rand/rand.dist/rand.dist.pois/rand.dist.pois.gamma/param_copy.pass.cpp (270 of 500)
PASS: llvm-libc++-shared.cfg.in :: std/numerics/rand/rand.dist/rand.dist.pois/rand.dist.pois.gamma/param_ctor.pass.cpp (271 of 500)
PASS: llvm-libc++-shared.cfg.in :: std/numerics/rand/rand.dist/rand.dist.pois/rand.dist.pois.gamma/param_eq.pass.cpp (272 of 500)
PASS: llvm-libc++-shared.cfg.in :: std/numerics/rand/rand.dist/rand.dist.pois/rand.dist.pois.gamma/param_types.pass.cpp (273 of 500)
PASS: llvm-libc++-shared.cfg.in :: std/numerics/rand/rand.dist/rand.dist.pois/rand.dist.pois.gamma/set_param.pass.cpp (274 of 500)
PASS: llvm-libc++-shared.cfg.in :: std/numerics/rand/rand.dist/rand.dist.pois/rand.dist.pois.poisson/assign.pass.cpp (275 of 500)
PASS: llvm-libc++-shared.cfg.in :: std/numerics/rand/rand.dist/rand.dist.pois/rand.dist.pois.gamma/types.pass.cpp (276 of 500)
PASS: llvm-libc++-shared.cfg.in :: std/numerics/rand/rand.dist/rand.dist.pois/rand.dist.pois.poisson/ctor_double.pass.cpp (277 of 500)
PASS: llvm-libc++-shared.cfg.in :: std/numerics/rand/rand.dist/rand.dist.pois/rand.dist.pois.poisson/copy.pass.cpp (278 of 500)
PASS: llvm-libc++-shared.cfg.in :: std/numerics/rand/rand.dist/rand.dist.pois/rand.dist.pois.poisson/ctor_param.pass.cpp (279 of 500)
PASS: llvm-libc++-shared.cfg.in :: std/numerics/rand/rand.dist/rand.dist.pois/rand.dist.pois.poisson/eq.pass.cpp (280 of 500)
PASS: llvm-libc++-shared.cfg.in :: std/numerics/rand/rand.dist/rand.dist.pois/rand.dist.pois.poisson/eval_param.pass.cpp (281 of 500)
PASS: llvm-libc++-shared.cfg.in :: std/numerics/rand/rand.dist/rand.dist.pois/rand.dist.pois.poisson/get_param.pass.cpp (282 of 500)
PASS: llvm-libc++-shared.cfg.in :: std/numerics/rand/rand.dist/rand.dist.pois/rand.dist.pois.poisson/io.pass.cpp (283 of 500)
PASS: llvm-libc++-shared.cfg.in :: std/numerics/rand/rand.dist/rand.dist.pois/rand.dist.pois.poisson/max.pass.cpp (284 of 500)
PASS: llvm-libc++-shared.cfg.in :: std/numerics/rand/rand.dist/rand.dist.pois/rand.dist.pois.poisson/min.pass.cpp (285 of 500)
PASS: llvm-libc++-shared.cfg.in :: std/numerics/rand/rand.dist/rand.dist.pois/rand.dist.pois.poisson/param_assign.pass.cpp (286 of 500)
PASS: llvm-libc++-shared.cfg.in :: std/numerics/rand/rand.dist/rand.dist.pois/rand.dist.pois.poisson/param_copy.pass.cpp (287 of 500)
PASS: llvm-libc++-shared.cfg.in :: std/numerics/rand/rand.dist/rand.dist.pois/rand.dist.pois.poisson/param_ctor.pass.cpp (288 of 500)
PASS: llvm-libc++-shared.cfg.in :: std/numerics/rand/rand.dist/rand.dist.pois/rand.dist.pois.poisson/param_eq.pass.cpp (289 of 500)
PASS: llvm-libc++-shared.cfg.in :: std/numerics/rand/rand.dist/rand.dist.pois/rand.dist.pois.poisson/param_types.pass.cpp (290 of 500)
PASS: llvm-libc++-shared.cfg.in :: std/numerics/rand/rand.dist/rand.dist.pois/rand.dist.pois.poisson/eval.pass.cpp (291 of 500)
PASS: llvm-libc++-shared.cfg.in :: std/numerics/rand/rand.dist/rand.dist.pois/rand.dist.pois.poisson/set_param.pass.cpp (292 of 500)
PASS: llvm-libc++-shared.cfg.in :: std/numerics/rand/rand.dist/rand.dist.pois/rand.dist.pois.poisson/types.pass.cpp (293 of 500)
PASS: llvm-libc++-shared.cfg.in :: std/numerics/rand/rand.dist/rand.dist.pois/rand.dist.pois.weibull/assign.pass.cpp (294 of 500)
PASS: llvm-libc++-shared.cfg.in :: std/numerics/rand/rand.dist/rand.dist.pois/rand.dist.pois.weibull/copy.pass.cpp (295 of 500)
PASS: llvm-libc++-shared.cfg.in :: std/numerics/rand/rand.dist/rand.dist.pois/rand.dist.pois.weibull/ctor_double_double.pass.cpp (296 of 500)
PASS: llvm-libc++-shared.cfg.in :: std/numerics/rand/rand.dist/rand.dist.pois/rand.dist.pois.weibull/ctor_param.pass.cpp (297 of 500)
PASS: llvm-libc++-shared.cfg.in :: std/numerics/rand/rand.dist/rand.dist.pois/rand.dist.pois.weibull/eq.pass.cpp (298 of 500)
PASS: llvm-libc++-shared.cfg.in :: std/numerics/rand/rand.dist/rand.dist.pois/rand.dist.pois.weibull/eval.pass.cpp (299 of 500)
PASS: llvm-libc++-shared.cfg.in :: std/numerics/rand/rand.dist/rand.dist.pois/rand.dist.pois.weibull/eval_param.pass.cpp (300 of 500)
PASS: llvm-libc++-shared.cfg.in :: std/numerics/rand/rand.dist/rand.dist.pois/rand.dist.pois.weibull/get_param.pass.cpp (301 of 500)
PASS: llvm-libc++-shared.cfg.in :: std/numerics/rand/rand.dist/rand.dist.pois/rand.dist.pois.weibull/io.pass.cpp (302 of 500)
PASS: llvm-libc++-shared.cfg.in :: std/numerics/rand/rand.dist/rand.dist.pois/rand.dist.pois.weibull/max.pass.cpp (303 of 500)
PASS: llvm-libc++-shared.cfg.in :: std/numerics/rand/rand.dist/rand.dist.pois/rand.dist.pois.weibull/min.pass.cpp (304 of 500)
PASS: llvm-libc++-shared.cfg.in :: std/numerics/rand/rand.dist/rand.dist.pois/rand.dist.pois.weibull/param_assign.pass.cpp (305 of 500)
PASS: llvm-libc++-shared.cfg.in :: std/numerics/rand/rand.dist/rand.dist.pois/rand.dist.pois.weibull/param_copy.pass.cpp (306 of 500)
PASS: llvm-libc++-shared.cfg.in :: std/numerics/rand/rand.dist/rand.dist.pois/rand.dist.pois.weibull/param_ctor.pass.cpp (307 of 500)
PASS: llvm-libc++-shared.cfg.in :: std/numerics/rand/rand.dist/rand.dist.pois/rand.dist.pois.weibull/param_eq.pass.cpp (308 of 500)
PASS: llvm-libc++-shared.cfg.in :: std/numerics/rand/rand.dist/rand.dist.pois/rand.dist.pois.weibull/set_param.pass.cpp (309 of 500)
PASS: llvm-libc++-shared.cfg.in :: std/numerics/rand/rand.dist/rand.dist.pois/rand.dist.pois.weibull/param_types.pass.cpp (310 of 500)
PASS: llvm-libc++-shared.cfg.in :: std/numerics/rand/rand.dist/rand.dist.samp/rand.dist.samp.discrete/assign.pass.cpp (311 of 500)
PASS: llvm-libc++-shared.cfg.in :: std/numerics/rand/rand.dist/rand.dist.pois/rand.dist.pois.weibull/types.pass.cpp (312 of 500)
PASS: llvm-libc++-shared.cfg.in :: std/numerics/rand/rand.dist/rand.dist.samp/rand.dist.samp.discrete/copy.pass.cpp (313 of 500)
PASS: llvm-libc++-shared.cfg.in :: std/numerics/rand/rand.dist/rand.dist.samp/rand.dist.samp.discrete/ctor_default.pass.cpp (314 of 500)
PASS: llvm-libc++-shared.cfg.in :: std/numerics/rand/rand.dist/rand.dist.samp/rand.dist.samp.discrete/ctor_init.pass.cpp (315 of 500)
PASS: llvm-libc++-shared.cfg.in :: std/numerics/rand/rand.dist/rand.dist.samp/rand.dist.samp.discrete/ctor_func.pass.cpp (316 of 500)
PASS: llvm-libc++-shared.cfg.in :: std/numerics/rand/rand.dist/rand.dist.samp/rand.dist.samp.discrete/ctor_param.pass.cpp (317 of 500)
PASS: llvm-libc++-shared.cfg.in :: std/numerics/rand/rand.dist/rand.dist.samp/rand.dist.samp.discrete/ctor_iterator.pass.cpp (318 of 500)
PASS: llvm-libc++-shared.cfg.in :: std/numerics/rand/rand.dist/rand.dist.samp/rand.dist.samp.discrete/eq.pass.cpp (319 of 500)
PASS: llvm-libc++-shared.cfg.in :: std/numerics/rand/rand.dist/rand.dist.samp/rand.dist.samp.discrete/eval_param.pass.cpp (320 of 500)
PASS: llvm-libc++-shared.cfg.in :: std/numerics/rand/rand.dist/rand.dist.samp/rand.dist.samp.discrete/get_param.pass.cpp (321 of 500)
PASS: llvm-libc++-shared.cfg.in :: std/numerics/rand/rand.dist/rand.dist.samp/rand.dist.samp.discrete/io.pass.cpp (322 of 500)
PASS: llvm-libc++-shared.cfg.in :: std/numerics/rand/rand.dist/rand.dist.samp/rand.dist.samp.discrete/max.pass.cpp (323 of 500)
PASS: llvm-libc++-shared.cfg.in :: std/numerics/rand/rand.dist/rand.dist.samp/rand.dist.samp.discrete/min.pass.cpp (324 of 500)
PASS: llvm-libc++-shared.cfg.in :: std/numerics/rand/rand.dist/rand.dist.samp/rand.dist.samp.discrete/param_assign.pass.cpp (325 of 500)
PASS: llvm-libc++-shared.cfg.in :: std/numerics/rand/rand.dist/rand.dist.samp/rand.dist.samp.discrete/param_copy.pass.cpp (326 of 500)
PASS: llvm-libc++-shared.cfg.in :: std/numerics/rand/rand.dist/rand.dist.samp/rand.dist.samp.discrete/param_ctor_default.pass.cpp (327 of 500)
PASS: llvm-libc++-shared.cfg.in :: std/numerics/rand/rand.dist/rand.dist.samp/rand.dist.samp.discrete/param_ctor_func.pass.cpp (328 of 500)
PASS: llvm-libc++-shared.cfg.in :: std/numerics/rand/rand.dist/rand.dist.samp/rand.dist.samp.discrete/param_ctor_init.pass.cpp (329 of 500)
PASS: llvm-libc++-shared.cfg.in :: std/numerics/rand/rand.dist/rand.dist.samp/rand.dist.samp.discrete/param_ctor_iterator.pass.cpp (330 of 500)
PASS: llvm-libc++-shared.cfg.in :: std/numerics/rand/rand.dist/rand.dist.samp/rand.dist.samp.discrete/param_eq.pass.cpp (331 of 500)
PASS: llvm-libc++-shared.cfg.in :: std/numerics/rand/rand.dist/rand.dist.samp/rand.dist.samp.discrete/param_types.pass.cpp (332 of 500)
PASS: llvm-libc++-shared.cfg.in :: std/numerics/rand/rand.dist/rand.dist.samp/rand.dist.samp.discrete/set_param.pass.cpp (333 of 500)
PASS: llvm-libc++-shared.cfg.in :: std/numerics/rand/rand.dist/rand.dist.samp/rand.dist.samp.discrete/types.pass.cpp (334 of 500)
PASS: llvm-libc++-shared.cfg.in :: std/numerics/rand/rand.dist/rand.dist.samp/rand.dist.samp.pconst/assign.pass.cpp (335 of 500)
PASS: llvm-libc++-shared.cfg.in :: std/numerics/rand/rand.dist/rand.dist.samp/rand.dist.samp.pconst/copy.pass.cpp (336 of 500)
PASS: llvm-libc++-shared.cfg.in :: std/numerics/rand/rand.dist/rand.dist.samp/rand.dist.samp.pconst/ctor_default.pass.cpp (337 of 500)
PASS: llvm-libc++-shared.cfg.in :: std/numerics/rand/rand.dist/rand.dist.samp/rand.dist.samp.pconst/ctor_func.pass.cpp (338 of 500)
PASS: llvm-libc++-shared.cfg.in :: std/numerics/rand/rand.dist/rand.dist.samp/rand.dist.samp.pconst/ctor_init_func.pass.cpp (339 of 500)
PASS: llvm-libc++-shared.cfg.in :: std/numerics/rand/rand.dist/rand.dist.samp/rand.dist.samp.pconst/ctor_iterator.pass.cpp (340 of 500)
PASS: llvm-libc++-shared.cfg.in :: std/numerics/rand/rand.dist/rand.dist.samp/rand.dist.samp.pconst/ctor_param.pass.cpp (341 of 500)
PASS: llvm-libc++-shared.cfg.in :: std/numerics/rand/rand.dist/rand.dist.samp/rand.dist.samp.pconst/eq.pass.cpp (342 of 500)
PASS: llvm-libc++-shared.cfg.in :: std/numerics/rand/rand.dist/rand.dist.samp/rand.dist.samp.pconst/eval.pass.cpp (343 of 500)
PASS: llvm-libc++-shared.cfg.in :: std/numerics/rand/rand.dist/rand.dist.samp/rand.dist.samp.pconst/eval_param.pass.cpp (344 of 500)
PASS: llvm-libc++-shared.cfg.in :: std/numerics/rand/rand.dist/rand.dist.samp/rand.dist.samp.pconst/get_param.pass.cpp (345 of 500)
PASS: llvm-libc++-shared.cfg.in :: std/numerics/rand/rand.dist/rand.dist.samp/rand.dist.samp.pconst/io.pass.cpp (346 of 500)
PASS: llvm-libc++-shared.cfg.in :: std/numerics/rand/rand.dist/rand.dist.samp/rand.dist.samp.pconst/max.pass.cpp (347 of 500)
PASS: llvm-libc++-shared.cfg.in :: std/numerics/rand/rand.dist/rand.dist.samp/rand.dist.samp.pconst/min.pass.cpp (348 of 500)
PASS: llvm-libc++-shared.cfg.in :: std/numerics/rand/rand.dist/rand.dist.samp/rand.dist.samp.pconst/param_assign.pass.cpp (349 of 500)
PASS: llvm-libc++-shared.cfg.in :: std/numerics/rand/rand.dist/rand.dist.samp/rand.dist.samp.pconst/param_copy.pass.cpp (350 of 500)
PASS: llvm-libc++-shared.cfg.in :: std/numerics/rand/rand.dist/rand.dist.samp/rand.dist.samp.pconst/param_ctor_default.pass.cpp (351 of 500)
PASS: llvm-libc++-shared.cfg.in :: std/numerics/rand/rand.dist/rand.dist.samp/rand.dist.samp.pconst/param_ctor_func.pass.cpp (352 of 500)
PASS: llvm-libc++-shared.cfg.in :: std/numerics/rand/rand.dist/rand.dist.samp/rand.dist.samp.pconst/param_ctor_init_func.pass.cpp (353 of 500)
PASS: llvm-libc++-shared.cfg.in :: std/numerics/rand/rand.dist/rand.dist.samp/rand.dist.samp.pconst/param_ctor_iterator.pass.cpp (354 of 500)
PASS: llvm-libc++-shared.cfg.in :: std/numerics/rand/rand.dist/rand.dist.samp/rand.dist.samp.pconst/param_eq.pass.cpp (355 of 500)
PASS: llvm-libc++-shared.cfg.in :: std/numerics/rand/rand.dist/rand.dist.samp/rand.dist.samp.pconst/param_types.pass.cpp (356 of 500)
PASS: llvm-libc++-shared.cfg.in :: std/numerics/rand/rand.dist/rand.dist.samp/rand.dist.samp.pconst/set_param.pass.cpp (357 of 500)
PASS: llvm-libc++-shared.cfg.in :: std/numerics/rand/rand.dist/rand.dist.samp/rand.dist.samp.pconst/types.pass.cpp (358 of 500)
PASS: llvm-libc++-shared.cfg.in :: std/numerics/rand/rand.dist/rand.dist.samp/rand.dist.samp.plinear/assign.pass.cpp (359 of 500)
PASS: llvm-libc++-shared.cfg.in :: std/numerics/rand/rand.dist/rand.dist.samp/rand.dist.samp.plinear/copy.pass.cpp (360 of 500)
PASS: llvm-libc++-shared.cfg.in :: std/numerics/rand/rand.dist/rand.dist.samp/rand.dist.samp.plinear/ctor_default.pass.cpp (361 of 500)
PASS: llvm-libc++-shared.cfg.in :: std/numerics/rand/rand.dist/rand.dist.samp/rand.dist.samp.plinear/ctor_func.pass.cpp (362 of 500)
PASS: llvm-libc++-shared.cfg.in :: std/numerics/rand/rand.dist/rand.dist.samp/rand.dist.samp.plinear/ctor_init_func.pass.cpp (363 of 500)
PASS: llvm-libc++-shared.cfg.in :: std/numerics/rand/rand.dist/rand.dist.samp/rand.dist.samp.plinear/ctor_iterator.pass.cpp (364 of 500)
PASS: llvm-libc++-shared.cfg.in :: std/numerics/rand/rand.dist/rand.dist.samp/rand.dist.samp.plinear/ctor_param.pass.cpp (365 of 500)
PASS: llvm-libc++-shared.cfg.in :: std/numerics/rand/rand.dist/rand.dist.samp/rand.dist.samp.plinear/eq.pass.cpp (366 of 500)
PASS: llvm-libc++-shared.cfg.in :: std/numerics/rand/rand.dist/rand.dist.samp/rand.dist.samp.plinear/eval.pass.cpp (367 of 500)
PASS: llvm-libc++-shared.cfg.in :: std/numerics/rand/rand.dist/rand.dist.samp/rand.dist.samp.plinear/eval_param.pass.cpp (368 of 500)
PASS: llvm-libc++-shared.cfg.in :: std/numerics/rand/rand.dist/rand.dist.samp/rand.dist.samp.plinear/get_param.pass.cpp (369 of 500)
PASS: llvm-libc++-shared.cfg.in :: std/numerics/rand/rand.dist/rand.dist.samp/rand.dist.samp.plinear/io.pass.cpp (370 of 500)
PASS: llvm-libc++-shared.cfg.in :: std/numerics/rand/rand.dist/rand.dist.samp/rand.dist.samp.plinear/max.pass.cpp (371 of 500)
PASS: llvm-libc++-shared.cfg.in :: std/numerics/rand/rand.dist/rand.dist.samp/rand.dist.samp.plinear/min.pass.cpp (372 of 500)
PASS: llvm-libc++-shared.cfg.in :: std/numerics/rand/rand.dist/rand.dist.samp/rand.dist.samp.plinear/param_assign.pass.cpp (373 of 500)
PASS: llvm-libc++-shared.cfg.in :: std/numerics/rand/rand.dist/rand.dist.samp/rand.dist.samp.plinear/param_copy.pass.cpp (374 of 500)
PASS: llvm-libc++-shared.cfg.in :: std/numerics/rand/rand.dist/rand.dist.samp/rand.dist.samp.plinear/param_ctor_default.pass.cpp (375 of 500)
FAIL: llvm-libc++-shared.cfg.in :: std/numerics/rand/rand.dist/rand.dist.samp/rand.dist.samp.discrete/eval.pass.cpp (376 of 500)
******************** TEST 'llvm-libc++-shared.cfg.in :: std/numerics/rand/rand.dist/rand.dist.samp/rand.dist.samp.discrete/eval.pass.cpp' FAILED ********************
Exit Code: 124

Command Output (stdout):
--
# COMPILED WITH
/home/toolchain/development/libc++_replacement/progress/R68/tools/armv7l_lit_host_clangxx.sh /home/toolchain/development/libc++_replacement/tmp/R68/source-baseline/libcxx/test/std/numerics/rand/rand.dist/rand.dist.samp/rand.dist.samp.discrete/eval.pass.cpp -pthread --target=armv7l-tizen-linux-gnueabi -nostdinc++ -I /home/toolchain/development/libc++_replacement/tmp/R68/build-baseline-armv7l/libcxx/test-suite-install/include/c++/v1 -I /home/toolchain/development/libc++_replacement/tmp/R68/build-baseline-armv7l/libcxx/test-suite-install/include/c++/v1 -I /home/toolchain/development/libc++_replacement/tmp/R68/source-baseline/libcxx/test/support -std=c++26 -Werror -Wall -Wctad-maybe-unsupported -Wextra -Wshadow -Wundef -Wunused-template -Wno-unused-command-line-argument -Wno-attributes -Wno-pessimizing-move -Wno-noexcept-type -Wno-atomic-alignment -Wno-reserved-module-identifier -Wdeprecated-copy -Wdeprecated-copy-dtor -Wshift-negative-value -Wno-user-defined-literals -Wno-tautological-compare -Wsign-compare -Wunused-variable -Wunused-parameter -Wunreachable-code -Wno-unused-local-typedef -Wno-local-type-template-args -Wno-c++11-extensions -Wno-unknown-pragmas -Wno-pass-failed -Wno-mismatched-new-delete -Wno-redundant-move -Wno-self-move -Wno-nullability-completeness -flax-vector-conversions=none -D_LIBCPP_HAS_NO_PRAGMA_SYSTEM_HEADER -D_LIBCPP_ENABLE_EXPERIMENTAL -D_LIBCPP_HARDENING_MODE=_LIBCPP_HARDENING_MODE_NONE -Wuser-defined-warnings  -lc++experimental -nostdlib++ -L /home/toolchain/development/libc++_replacement/tmp/R68/build-baseline-armv7l/libcxx/test-suite-install/lib -Wl,-rpath,/home/toolchain/development/libc++_replacement/tmp/R68/build-baseline-armv7l/libcxx/test-suite-install/lib -lc++ -latomic -o /home/toolchain/development/libc++_replacement/tmp/R68/build-baseline-armv7l/libcxx/test/std/numerics/rand/rand.dist/rand.dist.samp/rand.dist.samp.discrete/Output/eval.pass.cpp.dir/t.tmp.exe
# executed command: /home/toolchain/development/libc++_replacement/progress/R68/tools/armv7l_lit_host_clangxx.sh /home/toolchain/development/libc++_replacement/tmp/R68/source-baseline/libcxx/test/std/numerics/rand/rand.dist/rand.dist.samp/rand.dist.samp.discrete/eval.pass.cpp -pthread --target=armv7l-tizen-linux-gnueabi -nostdinc++ -I /home/toolchain/development/libc++_replacement/tmp/R68/build-baseline-armv7l/libcxx/test-suite-install/include/c++/v1 -I /home/toolchain/development/libc++_replacement/tmp/R68/build-baseline-armv7l/libcxx/test-suite-install/include/c++/v1 -I /home/toolchain/development/libc++_replacement/tmp/R68/source-baseline/libcxx/test/support -std=c++26 -Werror -Wall -Wctad-maybe-unsupported -Wextra -Wshadow -Wundef -Wunused-template -Wno-unused-command-line-argument -Wno-attributes -Wno-pessimizing-move -Wno-noexcept-type -Wno-atomic-alignment -Wno-reserved-module-identifier -Wdeprecated-copy -Wdeprecated-copy-dtor -Wshift-negative-value -Wno-user-defined-literals -Wno-tautological-compare -Wsign-compare -Wunused-variable -Wunused-parameter -Wunreachable-code -Wno-unused-local-typedef -Wno-local-type-template-args -Wno-c++11-extensions -Wno-unknown-pragmas -Wno-pass-failed -Wno-mismatched-new-delete -Wno-redundant-move -Wno-self-move -Wno-nullability-completeness -flax-vector-conversions=none -D_LIBCPP_HAS_NO_PRAGMA_SYSTEM_HEADER -D_LIBCPP_ENABLE_EXPERIMENTAL -D_LIBCPP_HARDENING_MODE=_LIBCPP_HARDENING_MODE_NONE -Wuser-defined-warnings -lc++experimental -nostdlib++ -L /home/toolchain/development/libc++_replacement/tmp/R68/build-baseline-armv7l/libcxx/test-suite-install/lib -Wl,-rpath,/home/toolchain/development/libc++_replacement/tmp/R68/build-baseline-armv7l/libcxx/test-suite-install/lib -lc++ -latomic -o /home/toolchain/development/libc++_replacement/tmp/R68/build-baseline-armv7l/libcxx/test/std/numerics/rand/rand.dist/rand.dist.samp/rand.dist.samp.discrete/Output/eval.pass.cpp.dir/t.tmp.exe
# .---command stderr------------
# | /bin/bash: /home/toolchain/development/libc++_replacement/tmp/GBS-ROOT/R32-candidates-libcxx-x86_64-20260813-02/local/BUILD-ROOTS/scratch.x86_64.0/usr/lib64/libtinfo.so.6: no version information available (required by /bin/bash)
# `-----------------------------
# EXECUTED AS
/home/toolchain/development/libc++_replacement/progress/R81/code/sdb_executor_phase2_owner_baseline.sh --execdir /home/toolchain/development/libc++_replacement/tmp/R68/build-baseline-armv7l/libcxx/test/std/numerics/rand/rand.dist/rand.dist.samp/rand.dist.samp.discrete/Output/eval.pass.cpp.dir --  /home/toolchain/development/libc++_replacement/tmp/R68/build-baseline-armv7l/libcxx/test/std/numerics/rand/rand.dist/rand.dist.samp/rand.dist.samp.discrete/Output/eval.pass.cpp.dir/t.tmp.exe
# executed command: /home/toolchain/development/libc++_replacement/progress/R81/code/sdb_executor_phase2_owner_baseline.sh --execdir /home/toolchain/development/libc++_replacement/tmp/R68/build-baseline-armv7l/libcxx/test/std/numerics/rand/rand.dist/rand.dist.samp/rand.dist.samp.discrete/Output/eval.pass.cpp.dir -- /home/toolchain/development/libc++_replacement/tmp/R68/build-baseline-armv7l/libcxx/test/std/numerics/rand/rand.dist/rand.dist.samp/rand.dist.samp.discrete/Output/eval.pass.cpp.dir/t.tmp.exe
# .---command stderr------------
# | ERROR: remote test exceeded 110 seconds; terminated and recorded as failure
# `-----------------------------
# error: command failed with exit status: 124

--

********************
PASS: llvm-libc++-shared.cfg.in :: std/numerics/rand/rand.dist/rand.dist.samp/rand.dist.samp.plinear/param_ctor_func.pass.cpp (377 of 500)
PASS: llvm-libc++-shared.cfg.in :: std/numerics/rand/rand.dist/rand.dist.samp/rand.dist.samp.plinear/param_ctor_init_func.pass.cpp (378 of 500)
PASS: llvm-libc++-shared.cfg.in :: std/numerics/rand/rand.dist/rand.dist.samp/rand.dist.samp.plinear/param_ctor_iterator.pass.cpp (379 of 500)
PASS: llvm-libc++-shared.cfg.in :: std/numerics/rand/rand.dist/rand.dist.samp/rand.dist.samp.plinear/param_eq.pass.cpp (380 of 500)
PASS: llvm-libc++-shared.cfg.in :: std/numerics/rand/rand.dist/rand.dist.samp/rand.dist.samp.plinear/param_types.pass.cpp (381 of 500)
PASS: llvm-libc++-shared.cfg.in :: std/numerics/rand/rand.dist/rand.dist.samp/rand.dist.samp.plinear/types.pass.cpp (382 of 500)
PASS: llvm-libc++-shared.cfg.in :: std/numerics/rand/rand.dist/rand.dist.samp/rand.dist.samp.plinear/set_param.pass.cpp (383 of 500)
PASS: llvm-libc++-shared.cfg.in :: std/numerics/rand/rand.dist/rand.dist.uni/rand.dist.uni.int/assign.pass.cpp (384 of 500)
PASS: llvm-libc++-shared.cfg.in :: std/numerics/rand/rand.dist/rand.dist.uni/rand.dist.uni.int/copy.pass.cpp (385 of 500)
PASS: llvm-libc++-shared.cfg.in :: std/numerics/rand/rand.dist/rand.dist.uni/rand.dist.uni.int/ctor_param.pass.cpp (386 of 500)
PASS: llvm-libc++-shared.cfg.in :: std/numerics/rand/rand.dist/rand.dist.uni/rand.dist.uni.int/ctor_int_int.pass.cpp (387 of 500)
PASS: llvm-libc++-shared.cfg.in :: std/numerics/rand/rand.dist/rand.dist.uni/rand.dist.uni.int/eq.pass.cpp (388 of 500)
PASS: llvm-libc++-shared.cfg.in :: std/numerics/rand/rand.dist/rand.dist.uni/rand.dist.uni.int/eval.pass.cpp (389 of 500)
PASS: llvm-libc++-shared.cfg.in :: std/numerics/rand/rand.dist/rand.dist.uni/rand.dist.uni.int/eval_param.pass.cpp (390 of 500)
PASS: llvm-libc++-shared.cfg.in :: std/numerics/rand/rand.dist/rand.dist.uni/rand.dist.uni.int/get_param.pass.cpp (391 of 500)
PASS: llvm-libc++-shared.cfg.in :: std/numerics/rand/rand.dist/rand.dist.uni/rand.dist.uni.int/int128.pass.cpp (392 of 500)
PASS: llvm-libc++-shared.cfg.in :: std/numerics/rand/rand.dist/rand.dist.uni/rand.dist.uni.int/io.pass.cpp (393 of 500)
PASS: llvm-libc++-shared.cfg.in :: std/numerics/rand/rand.dist/rand.dist.uni/rand.dist.uni.int/max.pass.cpp (394 of 500)
PASS: llvm-libc++-shared.cfg.in :: std/numerics/rand/rand.dist/rand.dist.uni/rand.dist.uni.int/min.pass.cpp (395 of 500)
PASS: llvm-libc++-shared.cfg.in :: std/numerics/rand/rand.dist/rand.dist.uni/rand.dist.uni.int/param_assign.pass.cpp (396 of 500)
PASS: llvm-libc++-shared.cfg.in :: std/numerics/rand/rand.dist/rand.dist.uni/rand.dist.uni.int/param_copy.pass.cpp (397 of 500)
PASS: llvm-libc++-shared.cfg.in :: std/numerics/rand/rand.dist/rand.dist.uni/rand.dist.uni.int/param_ctor.pass.cpp (398 of 500)
PASS: llvm-libc++-shared.cfg.in :: std/numerics/rand/rand.dist/rand.dist.uni/rand.dist.uni.int/param_eq.pass.cpp (399 of 500)
PASS: llvm-libc++-shared.cfg.in :: std/numerics/rand/rand.dist/rand.dist.uni/rand.dist.uni.int/set_param.pass.cpp (400 of 500)
PASS: llvm-libc++-shared.cfg.in :: std/numerics/rand/rand.dist/rand.dist.uni/rand.dist.uni.int/param_types.pass.cpp (401 of 500)
PASS: llvm-libc++-shared.cfg.in :: std/numerics/rand/rand.dist/rand.dist.uni/rand.dist.uni.int/types.pass.cpp (402 of 500)
PASS: llvm-libc++-shared.cfg.in :: std/numerics/rand/rand.dist/rand.dist.uni/rand.dist.uni.real/assign.pass.cpp (403 of 500)
PASS: llvm-libc++-shared.cfg.in :: std/numerics/rand/rand.dist/rand.dist.uni/rand.dist.uni.real/ctor_param.pass.cpp (404 of 500)
PASS: llvm-libc++-shared.cfg.in :: std/numerics/rand/rand.dist/rand.dist.uni/rand.dist.uni.real/copy.pass.cpp (405 of 500)
PASS: llvm-libc++-shared.cfg.in :: std/numerics/rand/rand.dist/rand.dist.uni/rand.dist.uni.real/ctor_real_real.pass.cpp (406 of 500)
PASS: llvm-libc++-shared.cfg.in :: std/numerics/rand/rand.dist/rand.dist.uni/rand.dist.uni.real/eq.pass.cpp (407 of 500)
PASS: llvm-libc++-shared.cfg.in :: std/numerics/rand/rand.dist/rand.dist.uni/rand.dist.uni.real/eval_param.pass.cpp (408 of 500)
PASS: llvm-libc++-shared.cfg.in :: std/numerics/rand/rand.dist/rand.dist.uni/rand.dist.uni.real/eval.pass.cpp (409 of 500)
PASS: llvm-libc++-shared.cfg.in :: std/numerics/rand/rand.dist/rand.dist.uni/rand.dist.uni.real/get_param.pass.cpp (410 of 500)
PASS: llvm-libc++-shared.cfg.in :: std/numerics/rand/rand.dist/rand.dist.uni/rand.dist.uni.real/max.pass.cpp (411 of 500)
PASS: llvm-libc++-shared.cfg.in :: std/numerics/rand/rand.dist/rand.dist.uni/rand.dist.uni.real/io.pass.cpp (412 of 500)
PASS: llvm-libc++-shared.cfg.in :: std/numerics/rand/rand.dist/rand.dist.uni/rand.dist.uni.real/param_assign.pass.cpp (413 of 500)
PASS: llvm-libc++-shared.cfg.in :: std/numerics/rand/rand.dist/rand.dist.uni/rand.dist.uni.real/min.pass.cpp (414 of 500)
PASS: llvm-libc++-shared.cfg.in :: std/numerics/rand/rand.dist/rand.dist.uni/rand.dist.uni.real/param_ctor.pass.cpp (415 of 500)
PASS: llvm-libc++-shared.cfg.in :: std/numerics/rand/rand.dist/rand.dist.uni/rand.dist.uni.real/param_copy.pass.cpp (416 of 500)
PASS: llvm-libc++-shared.cfg.in :: std/numerics/rand/rand.dist/rand.dist.uni/rand.dist.uni.real/param_eq.pass.cpp (417 of 500)
PASS: llvm-libc++-shared.cfg.in :: std/numerics/rand/rand.dist/rand.dist.uni/rand.dist.uni.real/param_types.pass.cpp (418 of 500)
PASS: llvm-libc++-shared.cfg.in :: std/numerics/rand/rand.dist/rand.dist.uni/rand.dist.uni.real/types.pass.cpp (419 of 500)
PASS: llvm-libc++-shared.cfg.in :: std/numerics/rand/rand.dist/rand.dist.uni/rand.dist.uni.real/set_param.pass.cpp (420 of 500)
PASS: llvm-libc++-shared.cfg.in :: std/numerics/rand/rand.eng/rand.eng.lcong/alg.pass.cpp (421 of 500)
PASS: llvm-libc++-shared.cfg.in :: std/numerics/rand/rand.eng/rand.eng.lcong/assign.pass.cpp (422 of 500)
PASS: llvm-libc++-shared.cfg.in :: std/numerics/rand/rand.eng/rand.eng.lcong/copy.pass.cpp (423 of 500)
PASS: llvm-libc++-shared.cfg.in :: std/numerics/rand/rand.eng/rand.eng.lcong/ctor_result_type.pass.cpp (424 of 500)
PASS: llvm-libc++-shared.cfg.in :: std/numerics/rand/rand.eng/rand.eng.lcong/ctor_sseq.pass.cpp (425 of 500)
PASS: llvm-libc++-shared.cfg.in :: std/numerics/rand/rand.eng/rand.eng.lcong/default.pass.cpp (426 of 500)
PASS: llvm-libc++-shared.cfg.in :: std/numerics/rand/rand.eng/rand.eng.lcong/discard.pass.cpp (427 of 500)
PASS: llvm-libc++-shared.cfg.in :: std/numerics/rand/rand.eng/rand.eng.lcong/eval.pass.cpp (428 of 500)
PASS: llvm-libc++-shared.cfg.in :: std/numerics/rand/rand.eng/rand.eng.lcong/params.verify.cpp (429 of 500)
PASS: llvm-libc++-shared.cfg.in :: std/numerics/rand/rand.eng/rand.eng.lcong/io.pass.cpp (430 of 500)
PASS: llvm-libc++-shared.cfg.in :: std/numerics/rand/rand.eng/rand.eng.lcong/result_type.pass.cpp (431 of 500)
PASS: llvm-libc++-shared.cfg.in :: std/numerics/rand/rand.eng/rand.eng.lcong/seed_result_type.pass.cpp (432 of 500)
PASS: llvm-libc++-shared.cfg.in :: std/numerics/rand/rand.eng/rand.eng.lcong/seed_sseq.pass.cpp (433 of 500)
PASS: llvm-libc++-shared.cfg.in :: std/numerics/rand/rand.eng/rand.eng.lcong/values.pass.cpp (434 of 500)
PASS: llvm-libc++-shared.cfg.in :: std/numerics/rand/rand.eng/rand.eng.mers/assign.pass.cpp (435 of 500)
PASS: llvm-libc++-shared.cfg.in :: std/numerics/rand/rand.eng/rand.eng.mers/copy.pass.cpp (436 of 500)
PASS: llvm-libc++-shared.cfg.in :: std/numerics/rand/rand.eng/rand.eng.mers/ctor_result_type.pass.cpp (437 of 500)
PASS: llvm-libc++-shared.cfg.in :: std/numerics/rand/rand.eng/rand.eng.mers/ctor_sseq.pass.cpp (438 of 500)
PASS: llvm-libc++-shared.cfg.in :: std/numerics/rand/rand.eng/rand.eng.mers/ctor_sseq_all_zero.pass.cpp (439 of 500)
PASS: llvm-libc++-shared.cfg.in :: std/numerics/rand/rand.eng/rand.eng.mers/default.pass.cpp (440 of 500)
PASS: llvm-libc++-shared.cfg.in :: std/numerics/rand/rand.eng/rand.eng.mers/discard.pass.cpp (441 of 500)
PASS: llvm-libc++-shared.cfg.in :: std/numerics/rand/rand.eng/rand.eng.mers/eval.pass.cpp (442 of 500)
PASS: llvm-libc++-shared.cfg.in :: std/numerics/rand/rand.eng/rand.eng.mers/io.pass.cpp (443 of 500)
PASS: llvm-libc++-shared.cfg.in :: std/numerics/rand/rand.eng/rand.eng.mers/result_type.pass.cpp (444 of 500)
PASS: llvm-libc++-shared.cfg.in :: std/numerics/rand/rand.eng/rand.eng.mers/seed_result_type.pass.cpp (445 of 500)
PASS: llvm-libc++-shared.cfg.in :: std/numerics/rand/rand.eng/rand.eng.mers/seed_sseq.pass.cpp (446 of 500)
PASS: llvm-libc++-shared.cfg.in :: std/numerics/rand/rand.eng/rand.eng.mers/values.pass.cpp (447 of 500)
PASS: llvm-libc++-shared.cfg.in :: std/numerics/rand/rand.eng/rand.eng.sub/assign.pass.cpp (448 of 500)
PASS: llvm-libc++-shared.cfg.in :: std/numerics/rand/rand.eng/rand.eng.sub/copy.pass.cpp (449 of 500)
PASS: llvm-libc++-shared.cfg.in :: std/numerics/rand/rand.eng/rand.eng.sub/ctor_result_type.pass.cpp (450 of 500)
PASS: llvm-libc++-shared.cfg.in :: std/numerics/rand/rand.eng/rand.eng.sub/ctor_sseq.pass.cpp (451 of 500)
PASS: llvm-libc++-shared.cfg.in :: std/numerics/rand/rand.eng/rand.eng.sub/discard.pass.cpp (452 of 500)
PASS: llvm-libc++-shared.cfg.in :: std/numerics/rand/rand.eng/rand.eng.sub/default.pass.cpp (453 of 500)
PASS: llvm-libc++-shared.cfg.in :: std/numerics/rand/rand.eng/rand.eng.sub/eval.pass.cpp (454 of 500)
PASS: llvm-libc++-shared.cfg.in :: std/numerics/rand/rand.eng/rand.eng.sub/io.pass.cpp (455 of 500)
PASS: llvm-libc++-shared.cfg.in :: std/numerics/rand/rand.eng/rand.eng.sub/seed_result_type.pass.cpp (456 of 500)
PASS: llvm-libc++-shared.cfg.in :: std/numerics/rand/rand.eng/rand.eng.sub/result_type.pass.cpp (457 of 500)
PASS: llvm-libc++-shared.cfg.in :: std/numerics/rand/rand.eng/rand.eng.sub/seed_sseq.pass.cpp (458 of 500)
PASS: llvm-libc++-shared.cfg.in :: std/numerics/rand/rand.eng/rand.eng.sub/values.pass.cpp (459 of 500)
PASS: llvm-libc++-shared.cfg.in :: std/numerics/rand/rand.predef/knuth_b.pass.cpp (460 of 500)
PASS: llvm-libc++-shared.cfg.in :: std/numerics/rand/rand.predef/default_random_engine.pass.cpp (461 of 500)
PASS: llvm-libc++-shared.cfg.in :: std/numerics/rand/rand.predef/minstd_rand.pass.cpp (462 of 500)
PASS: llvm-libc++-shared.cfg.in :: std/numerics/rand/rand.predef/minstd_rand0.pass.cpp (463 of 500)
PASS: llvm-libc++-shared.cfg.in :: std/numerics/rand/rand.predef/mt19937.pass.cpp (464 of 500)
PASS: llvm-libc++-shared.cfg.in :: std/numerics/rand/rand.predef/mt19937_64.pass.cpp (465 of 500)
PASS: llvm-libc++-shared.cfg.in :: std/numerics/rand/rand.predef/ranlux24_base.pass.cpp (466 of 500)
PASS: llvm-libc++-shared.cfg.in :: std/numerics/rand/rand.predef/ranlux24.pass.cpp (467 of 500)
PASS: llvm-libc++-shared.cfg.in :: std/numerics/rand/rand.predef/ranlux48.pass.cpp (468 of 500)
PASS: llvm-libc++-shared.cfg.in :: std/numerics/rand/rand.predef/ranlux48_base.pass.cpp (469 of 500)
PASS: llvm-libc++-shared.cfg.in :: std/numerics/rand/rand.req/rand.req.adapt/nothing_to_do.pass.cpp (470 of 500)
PASS: llvm-libc++-shared.cfg.in :: std/numerics/rand/rand.req/rand.req.dst/nothing_to_do.pass.cpp (471 of 500)
PASS: llvm-libc++-shared.cfg.in :: std/numerics/rand/rand.req/rand.req.eng/nothing_to_do.pass.cpp (472 of 500)
PASS: llvm-libc++-shared.cfg.in :: std/numerics/rand/rand.req/rand.req.genl/nothing_to_do.pass.cpp (473 of 500)
PASS: llvm-libc++-shared.cfg.in :: std/numerics/rand/rand.req/rand.req.urng/uniform_random_bit_generator.compile.pass.cpp (474 of 500)
PASS: llvm-libc++-shared.cfg.in :: std/numerics/rand/rand.req/rand.req.seedseq/nothing_to_do.pass.cpp (475 of 500)
PASS: llvm-libc++-shared.cfg.in :: std/numerics/rand/rand.req/rand.req.urng/valid_int_type.verify.cpp (476 of 500)
PASS: llvm-libc++-shared.cfg.in :: std/numerics/rand/rand.req/rand.req.urng/valid_real_type.verify.cpp (477 of 500)
PASS: llvm-libc++-shared.cfg.in :: std/numerics/rand/rand.util/rand.util.seedseq/assign.compile.fail.cpp (478 of 500)
PASS: llvm-libc++-shared.cfg.in :: std/numerics/rand/rand.util/rand.util.seedseq/copy.compile.fail.cpp (479 of 500)
PASS: llvm-libc++-shared.cfg.in :: std/numerics/rand/rand.util/rand.util.canonical/generate_canonical.pass.cpp (480 of 500)
PASS: llvm-libc++-shared.cfg.in :: std/numerics/rand/rand.util/rand.util.seedseq/generate.mandates.verify.cpp (481 of 500)
PASS: llvm-libc++-shared.cfg.in :: std/numerics/rand/rand.util/rand.util.seedseq/default.pass.cpp (482 of 500)
PASS: llvm-libc++-shared.cfg.in :: std/numerics/rand/rand.util/rand.util.seedseq/initializer_list.pass.cpp (483 of 500)
PASS: llvm-libc++-shared.cfg.in :: std/numerics/rand/rand.util/rand.util.seedseq/generate.pass.cpp (484 of 500)
PASS: llvm-libc++-shared.cfg.in :: std/numerics/rand/rand.util/rand.util.seedseq/iterator.verify.cpp (485 of 500)
PASS: llvm-libc++-shared.cfg.in :: std/numerics/rand/rand.util/rand.util.seedseq/iterator.pass.cpp (486 of 500)
PASS: llvm-libc++-shared.cfg.in :: std/numerics/rand/rand.util/rand.util.seedseq/types.pass.cpp (487 of 500)
PASS: llvm-libc++-shared.cfg.in :: std/ranges/iterator_robust_against_adl.compile.pass.cpp (488 of 500)
PASS: llvm-libc++-shared.cfg.in :: std/ranges/range.access/begin.pass.cpp (489 of 500)
PASS: llvm-libc++-shared.cfg.in :: std/ranges/range.access/begin.verify.cpp (490 of 500)
PASS: llvm-libc++-shared.cfg.in :: std/ranges/range.access/begin.sizezero.pass.cpp (491 of 500)
PASS: llvm-libc++-shared.cfg.in :: std/ranges/range.access/data.verify.cpp (492 of 500)
PASS: llvm-libc++-shared.cfg.in :: std/ranges/range.access/data.pass.cpp (493 of 500)
PASS: llvm-libc++-shared.cfg.in :: std/ranges/range.access/empty.verify.cpp (494 of 500)
PASS: llvm-libc++-shared.cfg.in :: std/ranges/range.access/empty.pass.cpp (495 of 500)
PASS: llvm-libc++-shared.cfg.in :: std/ranges/range.access/end.sizezero.pass.cpp (496 of 500)
PASS: llvm-libc++-shared.cfg.in :: std/ranges/range.access/end.pass.cpp (497 of 500)
PASS: llvm-libc++-shared.cfg.in :: std/ranges/range.access/end.verify.cpp (498 of 500)
PASS: llvm-libc++-shared.cfg.in :: std/ranges/range.access/include.iterator.pass.cpp (499 of 500)
PASS: llvm-libc++-shared.cfg.in :: std/ranges/range.access/rbegin.pass.cpp (500 of 500)
Slowest Tests:
--------------------------------------------------------------------------
113.74s: llvm-libc++-shared.cfg.in :: std/numerics/rand/rand.dist/rand.dist.samp/rand.dist.samp.discrete/eval.pass.cpp
113.74s: llvm-libc++-shared.cfg.in :: std/numerics/rand/rand.dist/rand.dist.bern/rand.dist.bern.geo/eval.pass.cpp
113.68s: llvm-libc++-shared.cfg.in :: std/numerics/rand/rand.dist/rand.dist.bern/rand.dist.bern.negbin/eval.pass.cpp
17.95s: llvm-libc++-shared.cfg.in :: std/numerics/rand/rand.dist/rand.dist.pois/rand.dist.pois.poisson/eval.pass.cpp
15.21s: llvm-libc++-shared.cfg.in :: std/numerics/rand/rand.dist/rand.dist.bern/rand.dist.bern.bin/eval.pass.cpp
13.72s: llvm-libc++-shared.cfg.in :: std/numerics/rand/rand.dist/rand.dist.bern/rand.dist.bern.negbin/eval_param.pass.cpp
13.67s: llvm-libc++-shared.cfg.in :: std/numerics/rand/rand.dist/rand.dist.samp/rand.dist.samp.plinear/eval.pass.cpp
11.36s: llvm-libc++-shared.cfg.in :: std/numerics/rand/rand.dist/rand.dist.norm/rand.dist.norm.lognormal/eval.pass.cpp
9.03s: llvm-libc++-shared.cfg.in :: std/numerics/rand/rand.dist/rand.dist.samp/rand.dist.samp.discrete/eval_param.pass.cpp
8.64s: llvm-libc++-shared.cfg.in :: std/numerics/rand/rand.dist/rand.dist.norm/rand.dist.norm.t/eval_param.pass.cpp
8.60s: llvm-libc++-shared.cfg.in :: std/numerics/rand/rand.dist/rand.dist.samp/rand.dist.samp.pconst/eval.pass.cpp
8.54s: llvm-libc++-shared.cfg.in :: std/numerics/rand/rand.dist/rand.dist.norm/rand.dist.norm.chisq/param_ctor.pass.cpp
8.25s: llvm-libc++-shared.cfg.in :: std/numerics/rand/rand.dist/rand.dist.norm/rand.dist.norm.chisq/param_eq.pass.cpp
8.24s: llvm-libc++-shared.cfg.in :: std/numerics/rand/rand.dist/rand.dist.norm/rand.dist.norm.t/eval.pass.cpp
8.20s: llvm-libc++-shared.cfg.in :: std/numerics/rand/rand.dist/rand.dist.norm/rand.dist.norm.cauchy/param_types.pass.cpp
7.75s: llvm-libc++-shared.cfg.in :: std/numerics/rand/rand.dist/rand.dist.norm/rand.dist.norm.cauchy/param_eq.pass.cpp
7.74s: llvm-libc++-shared.cfg.in :: std/numerics/rand/rand.dist/rand.dist.norm/rand.dist.norm.lognormal/eval_param.pass.cpp
7.19s: llvm-libc++-shared.cfg.in :: std/numerics/rand/rand.dist/rand.dist.norm/rand.dist.norm.f/assign.pass.cpp
7.18s: llvm-libc++-shared.cfg.in :: std/numerics/rand/rand.dist/rand.dist.norm/rand.dist.norm.chisq/types.pass.cpp
6.84s: llvm-libc++-shared.cfg.in :: std/numerics/rand/rand.dist/rand.dist.pois/rand.dist.pois.gamma/eval.pass.cpp

Tests Times:
--------------------------------------------------------------------------
[   Range   ] :: [               Percentage               ] :: [ Count ]
--------------------------------------------------------------------------
[110s,120s) :: [                                        ] :: [  3/500]
[100s,110s) :: [                                        ] :: [  0/500]
[ 90s,100s) :: [                                        ] :: [  0/500]
[ 80s, 90s) :: [                                        ] :: [  0/500]
[ 70s, 80s) :: [                                        ] :: [  0/500]
[ 60s, 70s) :: [                                        ] :: [  0/500]
[ 50s, 60s) :: [                                        ] :: [  0/500]
[ 40s, 50s) :: [                                        ] :: [  0/500]
[ 30s, 40s) :: [                                        ] :: [  0/500]
[ 20s, 30s) :: [                                        ] :: [  0/500]
[ 10s, 20s) :: [                                        ] :: [  5/500]
[  0s, 10s) :: [*************************************** ] :: [492/500]
--------------------------------------------------------------------------
********************
Failed Tests (3):
  llvm-libc++-shared.cfg.in :: std/numerics/rand/rand.dist/rand.dist.bern/rand.dist.bern.geo/eval.pass.cpp
  llvm-libc++-shared.cfg.in :: std/numerics/rand/rand.dist/rand.dist.bern/rand.dist.bern.negbin/eval.pass.cpp
  llvm-libc++-shared.cfg.in :: std/numerics/rand/rand.dist/rand.dist.samp/rand.dist.samp.discrete/eval.pass.cpp


Testing Time: 660.74s

Total Discovered Tests: 11321
  Excluded: 10821 (95.58%)
  Passed  :   497 (4.39%)
  Failed  :     3 (0.03%)
