LABEL=create_segment2_output_directories
PWD=/home/toolchain/development/libc++_replacement
COMMAND=mkdir -p /home/toolchain/development/libc++_replacement/progress/R9C/seg2/raw /home/toolchain/development/libc++_replacement/progress/R9C/seg2/identity /home/toolchain/development/libc++_replacement/progress/R9C/seg2/comparisons /home/toolchain/development/libc++_replacement/progress/R9C/seg2/build /home/toolchain/development/libc++_replacement/progress/R9C/seg2/gates /home/toolchain/development/libc++_replacement/progress/R9C/seg2/architectures 
EXIT_CODE=0

LABEL=project_identity
PWD=/home/toolchain/development/libc++_replacement
COMMAND=bash -o pipefail -c printf\ \"BRANCH=%s\\\\nHEAD=%s\\\\nSTATUS_BEGIN\\\\n\"\ \"\$\(git\ branch\ --show-current\)\"\ \"\$\(git\ rev-parse\ HEAD\)\"\;\ git\ status\ --short\;\ printf\ \"STATUS_END\\\\n\" 
EXIT_CODE=0

LABEL=assert_only_known_untracked_project_file
PWD=/home/toolchain/development/libc++_replacement
COMMAND=bash -o pipefail -c test\ \"\$\(git\ status\ --short\)\"\ =\ \"\?\?\ gbs_llvm.conf\" 
EXIT_CODE=0

LABEL=llvm_identity
PWD=/home/toolchain/development/libc++_replacement
COMMAND=bash -o pipefail -c printf\ \"BRANCH=%s\\\\nHEAD=%s\\\\nREMOTE_BEGIN\\\\n\"\ \"\$\(git\ -C\ \"\$1\"\ branch\ --show-current\)\"\ \"\$\(git\ -C\ \"\$1\"\ rev-parse\ HEAD\)\"\;\ git\ -C\ \"\$1\"\ remote\ -v\;\ printf\ \"REMOTE_END\\\\nSTATUS_BEGIN\\\\n\"\;\ git\ -C\ \"\$1\"\ status\ --porcelain=v1\;\ printf\ \"STATUS_END\\\\n\" _ /home/toolchain/development/libc++_replacement/codes/llvm 
EXIT_CODE=0

LABEL=assert_llvm_frozen_clean
PWD=/home/toolchain/development/libc++_replacement
COMMAND=bash -o pipefail -c test\ \"\$\(git\ -C\ \"\$1\"\ branch\ --show-current\)\"\ =\ tizen_base\ \&\&\ test\ \"\$\(git\ -C\ \"\$1\"\ rev-parse\ HEAD\)\"\ =\ \"\$2\"\ \&\&\ test\ -z\ \"\$\(git\ -C\ \"\$1\"\ status\ --porcelain=v1\)\" _ /home/toolchain/development/libc++_replacement/codes/llvm 3d3e3da49e00ae89b0ff928dee811d6d0d1d4f0b 
EXIT_CODE=0

LABEL=upstream_tag_identity
PWD=/home/toolchain/development/libc++_replacement
COMMAND=bash -o pipefail -c git\ -C\ \"\$1\"\ show-ref\ --verify\ refs/tags/upstream/22.1.8\;\ git\ -C\ \"\$1\"\ rev-parse\ \"refs/tags/upstream/22.1.8\^\{\}\"\;\ git\ -C\ \"\$1\"\ log\ --oneline\ upstream/22.1.8..tizen_base _ /home/toolchain/development/libc++_replacement/codes/llvm 
EXIT_CODE=0

LABEL=assert_upstream_peeled
PWD=/home/toolchain/development/libc++_replacement
COMMAND=bash -o pipefail -c test\ \"\$\(git\ -C\ \"\$1\"\ rev-parse\ \"refs/tags/upstream/22.1.8\^\{\}\"\)\"\ =\ \"\$2\" _ /home/toolchain/development/libc++_replacement/codes/llvm ca7933e47d3a3451d81e72ac174dcb5aa28b59d1 
EXIT_CODE=0

LABEL=packaging_before_sha256
PWD=/home/toolchain/development/libc++_replacement
COMMAND=bash -o pipefail -c find\ \"\$1\"\ -maxdepth\ 1\ -type\ f\ -print0\ \|\ LC_ALL=C\ sort\ -z\ \|\ xargs\ -0\ sha256sum _ /home/toolchain/development/libc++_replacement/packaging 
EXIT_CODE=0

LABEL=source0_anchor_recheck
PWD=/home/toolchain/development/libc++_replacement
COMMAND=sha256sum /home/toolchain/development/libc++_replacement/tmp/GBS-ROOT/LIBCXX-2218-preflight-20260805-std-r2/local/sources/tizen_unified_standard/libcxx-runtimes-22.1.8-1/llvm-22.1.8.tar.gz 
EXIT_CODE=0

LABEL=assert_source0_anchor
PWD=/home/toolchain/development/libc++_replacement
COMMAND=bash -o pipefail -c test\ \"\$\(sha256sum\ \"\$1\"\ \|\ cut\ -d\"\ \"\ -f1\)\"\ =\ \"\$2\" _ /home/toolchain/development/libc++_replacement/tmp/GBS-ROOT/LIBCXX-2218-preflight-20260805-std-r2/local/sources/tizen_unified_standard/libcxx-runtimes-22.1.8-1/llvm-22.1.8.tar.gz 1f5fe8da0a18255a63cde36f1570c88265bb8ffc6458deae06d04e77abc6f7d2 
EXIT_CODE=0

LABEL=frozen_patch_inventory
PWD=/home/toolchain/development/libc++_replacement
COMMAND=bash -o pipefail -c printf\ \"patch_file\\\\tsha256\\\\tpatch_id\\\\tfrom_commit\\\\n\"\;\ for\ p\ in\ \"\$1\"/0\*.patch\;\ do\ pid=\$\(git\ patch-id\ --stable\ \<\ \"\$p\"\ \|\ awk\ \"\{print\ \\\\\$1\}\"\)\;\ from=\$\(sed\ -n\ \"1s/\^From\ \\\\\(\[0-9a-f\]\\\\\{40\\\\\}\\\\\)\ .\*/\\\\1/p\"\ \"\$p\"\)\;\ printf\ \"%s\\\\t%s\\\\t%s\\\\t%s\\\\n\"\ \"\$\(basename\ \"\$p\"\)\"\ \"\$\(sha256sum\ \"\$p\"\ \|\ cut\ -d\"\ \"\ -f1\)\"\ \"\$pid\"\ \"\$from\"\;\ done _ /home/toolchain/development/libc++_replacement/tmp/GBS-ROOT/LIBCXX-2218-preflight-20260805-std-r2/local/sources/tizen_unified_standard/libcxx-runtimes-22.1.8-1 
EXIT_CODE=0

LABEL=assert_six_frozen_patches
PWD=/home/toolchain/development/libc++_replacement
COMMAND=bash -o pipefail -c test\ \"\$\(tail\ -n\ +2\ \"\$1\"\ \|\ wc\ -l\)\"\ -eq\ 6\ \&\&\ rg\ -q\ \"\^0006-libcxxabi-declare-__gnu_unwind_frame-in-cxa-personal\\\\.patch\\\\tb9fdf66418276bbb97183be952aab96606c0662b17b95de077e99fecc7d2d79c\\\\tab69099b6f2dd679eeaf8b1dfe82bb13fdabc479\\\\t3d3e3da49e00ae89b0ff928dee811d6d0d1d4f0b\$\"\ \"\$1\" _ /home/toolchain/development/libc++_replacement/progress/R9C/seg2/identity/frozen_patch_inventory.tsv 
EXIT_CODE=1

LABEL=config_sha256
PWD=/home/toolchain/development/libc++_replacement
COMMAND=sha256sum /home/toolchain/development/libc++_replacement/progress/T3R/config/gbs_llvm.conf /var/tmp/toolchain-gbs/tizen_unified_standard.conf 
EXIT_CODE=0

LABEL=config_contents
PWD=/home/toolchain/development/libc++_replacement
COMMAND=bash -o pipefail -c for\ f\ in\ \"\$@\"\;\ do\ printf\ \"FILE=%s\\\\n\"\ \"\$f\"\;\ nl\ -ba\ \"\$f\"\;\ done _ /home/toolchain/development/libc++_replacement/progress/T3R/config/gbs_llvm.conf /var/tmp/toolchain-gbs/tizen_unified_standard.conf 
EXIT_CODE=0

LABEL=disk_capacity
PWD=/home/toolchain/development/libc++_replacement
COMMAND=df -h /home/toolchain/development/libc++_replacement /var/tmp 
EXIT_CODE=0

LABEL=inode_capacity
PWD=/home/toolchain/development/libc++_replacement
COMMAND=df -i /home/toolchain/development/libc++_replacement 
EXIT_CODE=0

LABEL=assert_new_paths_fresh
PWD=/home/toolchain/development/libc++_replacement
COMMAND=bash -o pipefail -c for\ p\ in\ \"\$@\"\;\ do\ test\ \!\ -e\ \"\$p\"\ \|\|\ \{\ printf\ \"EXISTS=%s\\\\n\"\ \"\$p\"\;\ exit\ 1\;\ \}\;\ done _ /home/toolchain/development/libc++_replacement/tmp/R9C/seg2/gbs-source-c2 /home/toolchain/development/libc++_replacement/tmp/GBS-ROOT/LIBCXX-2218-preflight-20260806-c2 /home/toolchain/development/libc++_replacement/tmp/GBS-ROOT/LIBCXX-2218-armv7l-20260806-c2 /home/toolchain/development/libc++_replacement/tmp/GBS-ROOT/LIBCXX-2218-aarch64-20260806-c2 /home/toolchain/development/libc++_replacement/tmp/GBS-ROOT/LIBCXX-2218-x86_64-20260806-c2 /home/toolchain/development/libc++_replacement/artifacts/rebuild_2218_c2 /home/toolchain/development/libc++_replacement/artifacts/quarantine/20260806_pre_c2 
EXIT_CODE=0

LABEL=old_artifact_file_inventory
PWD=/home/toolchain/development/libc++_replacement
COMMAND=bash -o pipefail -c printf\ \"path\\\\tsize\\\\n\"\;\ find\ \"\$1\"\ -type\ f\ -printf\ \"%p\\\\t%s\\\\n\"\ \|\ LC_ALL=C\ sort _ /home/toolchain/development/libc++_replacement/artifacts/rebuild_2218 
EXIT_CODE=0

LABEL=old_rpm_sha256
PWD=/home/toolchain/development/libc++_replacement
COMMAND=bash -o pipefail -c find\ \"\$1\"\ -type\ f\ -name\ \"\*.rpm\"\ -print0\ \|\ LC_ALL=C\ sort\ -z\ \|\ xargs\ -0\ sha256sum _ /home/toolchain/development/libc++_replacement/artifacts/rebuild_2218 
EXIT_CODE=0

LABEL=t4_gate_inventory
PWD=/home/toolchain/development/libc++_replacement
COMMAND=cp -a /home/toolchain/development/libc++_replacement/progress/T4/gate_inventory.tsv /home/toolchain/development/libc++_replacement/progress/R9C/seg2/identity/t4_gate_inventory.tsv 
EXIT_CODE=0

LABEL=t4_tool_sha256
PWD=/home/toolchain/development/libc++_replacement
COMMAND=sha256sum /home/toolchain/development/libc++_replacement/gates/tools/run_static_gates.sh /home/toolchain/plan_evaluation/p1/libcxx_packaging/multiarch/run_runtime_gates.sh 
EXIT_CODE=0

LABEL=first_segment_verdict
PWD=/home/toolchain/development/libc++_replacement
COMMAND=bash -o pipefail -c cat\ \"\$1\"\;\ rg\ -n\ \"NO_BUILD_IMPACT\"\ \"\$2\" _ /home/toolchain/development/libc++_replacement/progress/R9C/build_impact_verdict.tsv /home/toolchain/development/libc++_replacement/progress/R9C/R9C_segment1_report.md 
EXIT_CODE=0

LABEL=platform_vs_local_archival_diff
PWD=/home/toolchain/development/libc++_replacement
COMMAND=cp -a /home/toolchain/development/libc++_replacement/progress/R9C/inputs/platform_vs_local.git_archival.diff /home/toolchain/development/libc++_replacement/progress/R9C/seg2/identity/platform_vs_local.git_archival.diff 
EXIT_CODE=0

OVERALL_EXIT_CODE=1
