LABEL=assert_fresh_extraction_root
PWD=/home/toolchain/development/libc++_replacement
COMMAND=test \! -e /home/toolchain/development/libc++_replacement/tmp/R9C/seg2/srpm_identity 
EXIT_CODE=0

LABEL=create_extraction_root
PWD=/home/toolchain/development/libc++_replacement
COMMAND=mkdir -p /home/toolchain/development/libc++_replacement/tmp/R9C/seg2/srpm_identity 
EXIT_CODE=0

LABEL=extract_srpm_armv7l
PWD=/home/toolchain/development/libc++_replacement/tmp/R9C/seg2/srpm_identity/armv7l
COMMAND=rpm2cpio /home/toolchain/development/libc++_replacement/artifacts/rebuild_2218_c2/armv7l/libcxx-runtimes-22.1.8-1.src.rpm | cpio -idm --quiet 
EXIT_CODE=0

LABEL=assert_source0_armv7l
PWD=/home/toolchain/development/libc++_replacement
COMMAND=test 1f5fe8da0a18255a63cde36f1570c88265bb8ffc6458deae06d04e77abc6f7d2 = 1f5fe8da0a18255a63cde36f1570c88265bb8ffc6458deae06d04e77abc6f7d2 
EXIT_CODE=0

LABEL=assert_provenance_armv7l
PWD=/home/toolchain/development/libc++_replacement
COMMAND=cmp -s /home/toolchain/development/libc++_replacement/tmp/R9C/seg2/srpm_identity/armv7l/SOURCE_PROVENANCE /home/toolchain/development/libc++_replacement/packaging/SOURCE_PROVENANCE 
EXIT_CODE=0

LABEL=assert_six_patches_armv7l
PWD=/home/toolchain/development/libc++_replacement
COMMAND=test 6 -eq 6 
EXIT_CODE=0

LABEL=extract_srpm_aarch64
PWD=/home/toolchain/development/libc++_replacement/tmp/R9C/seg2/srpm_identity/aarch64
COMMAND=rpm2cpio /home/toolchain/development/libc++_replacement/artifacts/rebuild_2218_c2/aarch64/libcxx-runtimes-22.1.8-1.src.rpm | cpio -idm --quiet 
EXIT_CODE=0

LABEL=assert_source0_aarch64
PWD=/home/toolchain/development/libc++_replacement
COMMAND=test 1f5fe8da0a18255a63cde36f1570c88265bb8ffc6458deae06d04e77abc6f7d2 = 1f5fe8da0a18255a63cde36f1570c88265bb8ffc6458deae06d04e77abc6f7d2 
EXIT_CODE=0

LABEL=assert_provenance_aarch64
PWD=/home/toolchain/development/libc++_replacement
COMMAND=cmp -s /home/toolchain/development/libc++_replacement/tmp/R9C/seg2/srpm_identity/aarch64/SOURCE_PROVENANCE /home/toolchain/development/libc++_replacement/packaging/SOURCE_PROVENANCE 
EXIT_CODE=0

LABEL=assert_six_patches_aarch64
PWD=/home/toolchain/development/libc++_replacement
COMMAND=test 6 -eq 6 
EXIT_CODE=0

LABEL=extract_srpm_x86_64
PWD=/home/toolchain/development/libc++_replacement/tmp/R9C/seg2/srpm_identity/x86_64
COMMAND=rpm2cpio /home/toolchain/development/libc++_replacement/artifacts/rebuild_2218_c2/x86_64/libcxx-runtimes-22.1.8-1.src.rpm | cpio -idm --quiet 
EXIT_CODE=0

LABEL=assert_source0_x86_64
PWD=/home/toolchain/development/libc++_replacement
COMMAND=test 1f5fe8da0a18255a63cde36f1570c88265bb8ffc6458deae06d04e77abc6f7d2 = 1f5fe8da0a18255a63cde36f1570c88265bb8ffc6458deae06d04e77abc6f7d2 
EXIT_CODE=0

LABEL=assert_provenance_x86_64
PWD=/home/toolchain/development/libc++_replacement
COMMAND=cmp -s /home/toolchain/development/libc++_replacement/tmp/R9C/seg2/srpm_identity/x86_64/SOURCE_PROVENANCE /home/toolchain/development/libc++_replacement/packaging/SOURCE_PROVENANCE 
EXIT_CODE=0

LABEL=assert_six_patches_x86_64
PWD=/home/toolchain/development/libc++_replacement
COMMAND=test 6 -eq 6 
EXIT_CODE=0

LABEL=assert_source0_three_way
PWD=/home/toolchain/development/libc++_replacement
COMMAND=bash -o pipefail -c test\ \"\$\(tail\ -n\ +2\ \"\$1\"\ \|\ cut\ -f4\ \|\ sort\ -u\ \|\ wc\ -l\)\"\ -eq\ 1\ \&\&\ test\ \"\$\(tail\ -n\ +2\ \"\$1\"\ \|\ cut\ -f4\ \|\ sort\ -u\)\"\ =\ \"\$2\" _ /home/toolchain/development/libc++_replacement/progress/R9C/seg2/identity/srpm_source_identity.tsv 1f5fe8da0a18255a63cde36f1570c88265bb8ffc6458deae06d04e77abc6f7d2 
EXIT_CODE=0

LABEL=compare_patch_arm_aarch
PWD=/home/toolchain/development/libc++_replacement
COMMAND=cmp -s /home/toolchain/development/libc++_replacement/progress/R9C/seg2/identity/srpm_patch_inventory.armv7l.tsv /home/toolchain/development/libc++_replacement/progress/R9C/seg2/identity/srpm_patch_inventory.aarch64.tsv 
EXIT_CODE=0

LABEL=compare_patch_arm_x86
PWD=/home/toolchain/development/libc++_replacement
COMMAND=cmp -s /home/toolchain/development/libc++_replacement/progress/R9C/seg2/identity/srpm_patch_inventory.armv7l.tsv /home/toolchain/development/libc++_replacement/progress/R9C/seg2/identity/srpm_patch_inventory.x86_64.tsv 
EXIT_CODE=0

LABEL=compare_patch_frozen
PWD=/home/toolchain/development/libc++_replacement
COMMAND=cmp -s /home/toolchain/development/libc++_replacement/progress/R9C/seg2/identity/srpm_patch_inventory.armv7l.tsv /dev/fd/63 
EXIT_CODE=1

LABEL=compare_srpm_payload_arm_aarch
PWD=/home/toolchain/development/libc++_replacement
COMMAND=cmp -s /home/toolchain/development/libc++_replacement/progress/R9C/seg2/identity/srpm_payload_manifest.armv7l.tsv /home/toolchain/development/libc++_replacement/progress/R9C/seg2/identity/srpm_payload_manifest.aarch64.tsv 
EXIT_CODE=0

LABEL=compare_srpm_payload_arm_x86
PWD=/home/toolchain/development/libc++_replacement
COMMAND=cmp -s /home/toolchain/development/libc++_replacement/progress/R9C/seg2/identity/srpm_payload_manifest.armv7l.tsv /home/toolchain/development/libc++_replacement/progress/R9C/seg2/identity/srpm_payload_manifest.x86_64.tsv 
EXIT_CODE=0

LABEL=assert_authoritative_llvm_unchanged
PWD=/home/toolchain/development/libc++_replacement
COMMAND=bash -o pipefail -c test\ \"\$\(git\ -C\ \"\$1\"\ rev-parse\ --abbrev-ref\ HEAD\)\"\ =\ tizen_base\ \&\&\ test\ \"\$\(git\ -C\ \"\$1\"\ rev-parse\ HEAD\)\"\ =\ \"\$2\"\ \&\&\ test\ -z\ \"\$\(git\ -C\ \"\$1\"\ status\ --porcelain=v1\)\" _ /home/toolchain/development/libc++_replacement/codes/llvm 3d3e3da49e00ae89b0ff928dee811d6d0d1d4f0b 
EXIT_CODE=0

OVERALL_EXIT_CODE=1
