docs/progress/R115/W4/raw/matrix_x86_64/functional_plain_control_cancel_1: exit=0
docs/progress/R115/W4/raw/matrix_x86_64/functional_plain_control_immediate_1: exit=0
docs/progress/R115/W4/raw/matrix_x86_64/functional_plain_control_gate2_success_1: exit=0
docs/progress/R115/W4/raw/matrix_x86_64/functional_plain_control_gate1_success_1: exit=0
docs/progress/R115/W4/raw/matrix_x86_64/functional_plain_control_stress_1: exit=0
docs/progress/R115/W4/raw/matrix_x86_64/functional_plain_rollback_cancel_1: exit=0
docs/progress/R115/W4/raw/matrix_x86_64/functional_plain_rollback_immediate_1: exit=0
docs/progress/R115/W4/raw/matrix_x86_64/functional_plain_rollback_gate2_success_1: exit=0
docs/progress/R115/W4/raw/matrix_x86_64/functional_plain_rollback_gate1_success_1: exit=0
docs/progress/R115/W4/raw/matrix_x86_64/functional_plain_rollback_stress_1: exit=0
docs/progress/R115/W4/raw/matrix_x86_64/functional_plain_rollback_wake_reader_1: exit=0
docs/progress/R115/W4/raw/matrix_x86_64/functional_plain_rollback_wake_writer_1: exit=0
docs/progress/R115/W4/raw/matrix_x86_64/functional_timed_control_cancel_1: exit=0
docs/progress/R115/W4/raw/matrix_x86_64/functional_timed_control_immediate_1: exit=0
docs/progress/R115/W4/raw/matrix_x86_64/functional_timed_control_gate2_success_1: exit=0
docs/progress/R115/W4/raw/matrix_x86_64/functional_timed_control_gate1_success_1: exit=0
docs/progress/R115/W4/raw/matrix_x86_64/functional_timed_control_stress_1: exit=0
docs/progress/R115/W4/raw/matrix_x86_64/functional_timed_control_timeout_gate1_1: exit=0
docs/progress/R115/W4/raw/matrix_x86_64/functional_timed_control_timeout_gate2_1: exit=0
docs/progress/R115/W4/raw/matrix_x86_64/functional_timed_rollback_cancel_1: exit=0
docs/progress/R115/W4/raw/matrix_x86_64/functional_timed_rollback_immediate_1: exit=0
docs/progress/R115/W4/raw/matrix_x86_64/functional_timed_rollback_gate2_success_1: exit=0
docs/progress/R115/W4/raw/matrix_x86_64/functional_timed_rollback_gate1_success_1: exit=0
docs/progress/R115/W4/raw/matrix_x86_64/functional_timed_rollback_stress_1: exit=0
docs/progress/R115/W4/raw/matrix_x86_64/functional_timed_rollback_timeout_gate1_1: exit=0
docs/progress/R115/W4/raw/matrix_x86_64/functional_timed_rollback_timeout_gate2_1: exit=0
docs/progress/R115/W4/raw/matrix_x86_64/functional_timed_rollback_wake_reader_1: exit=0
docs/progress/R115/W4/raw/matrix_x86_64/functional_timed_rollback_wake_writer_1: exit=0
docs/progress/R115/W4/raw/matrix_x86_64/perf_plain_control_perf_1: exit=0
docs/progress/R115/W4/raw/matrix_x86_64/perf_plain_rollback_perf_1: exit=0
docs/progress/R115/W4/raw/matrix_x86_64/perf_timed_control_perf_1: exit=0
docs/progress/R115/W4/raw/matrix_x86_64/perf_timed_rollback_perf_1: exit=0
docs/progress/R115/W4/raw/matrix_x86_64/functional_plain_control_cancel_2: exit=0
docs/progress/R115/W4/raw/matrix_x86_64/functional_plain_control_immediate_2: exit=0
docs/progress/R115/W4/raw/matrix_x86_64/functional_plain_control_gate2_success_2: exit=0
docs/progress/R115/W4/raw/matrix_x86_64/functional_plain_control_gate1_success_2: exit=0
docs/progress/R115/W4/raw/matrix_x86_64/functional_plain_control_stress_2: exit=0
docs/progress/R115/W4/raw/matrix_x86_64/functional_plain_rollback_cancel_2: exit=0
docs/progress/R115/W4/raw/matrix_x86_64/functional_plain_rollback_immediate_2: exit=0
docs/progress/R115/W4/raw/matrix_x86_64/functional_plain_rollback_gate2_success_2: exit=0
docs/progress/R115/W4/raw/matrix_x86_64/functional_plain_rollback_gate1_success_2: exit=0
docs/progress/R115/W4/raw/matrix_x86_64/functional_plain_rollback_stress_2: exit=0
docs/progress/R115/W4/raw/matrix_x86_64/functional_plain_rollback_wake_reader_2: exit=0
docs/progress/R115/W4/raw/matrix_x86_64/functional_plain_rollback_wake_writer_2: exit=0
docs/progress/R115/W4/raw/matrix_x86_64/functional_timed_control_cancel_2: exit=0
docs/progress/R115/W4/raw/matrix_x86_64/functional_timed_control_immediate_2: exit=0
docs/progress/R115/W4/raw/matrix_x86_64/functional_timed_control_gate2_success_2: exit=0
docs/progress/R115/W4/raw/matrix_x86_64/functional_timed_control_gate1_success_2: exit=0
docs/progress/R115/W4/raw/matrix_x86_64/functional_timed_control_stress_2: exit=0
docs/progress/R115/W4/raw/matrix_x86_64/functional_timed_control_timeout_gate1_2: exit=0
docs/progress/R115/W4/raw/matrix_x86_64/functional_timed_control_timeout_gate2_2: exit=0
docs/progress/R115/W4/raw/matrix_x86_64/functional_timed_rollback_cancel_2: exit=0
docs/progress/R115/W4/raw/matrix_x86_64/functional_timed_rollback_immediate_2: exit=0
docs/progress/R115/W4/raw/matrix_x86_64/functional_timed_rollback_gate2_success_2: exit=0
docs/progress/R115/W4/raw/matrix_x86_64/functional_timed_rollback_gate1_success_2: exit=0
docs/progress/R115/W4/raw/matrix_x86_64/functional_timed_rollback_stress_2: exit=0
docs/progress/R115/W4/raw/matrix_x86_64/functional_timed_rollback_timeout_gate1_2: exit=0
docs/progress/R115/W4/raw/matrix_x86_64/functional_timed_rollback_timeout_gate2_2: exit=0
docs/progress/R115/W4/raw/matrix_x86_64/functional_timed_rollback_wake_reader_2: exit=0
docs/progress/R115/W4/raw/matrix_x86_64/functional_timed_rollback_wake_writer_2: exit=0
docs/progress/R115/W4/raw/matrix_x86_64/perf_plain_rollback_perf_2: exit=0
docs/progress/R115/W4/raw/matrix_x86_64/perf_plain_control_perf_2: exit=0
docs/progress/R115/W4/raw/matrix_x86_64/perf_timed_rollback_perf_2: exit=0
docs/progress/R115/W4/raw/matrix_x86_64/perf_timed_control_perf_2: exit=0
docs/progress/R115/W4/raw/matrix_x86_64/functional_plain_control_cancel_3: exit=0
docs/progress/R115/W4/raw/matrix_x86_64/functional_plain_control_immediate_3: exit=0
docs/progress/R115/W4/raw/matrix_x86_64/functional_plain_control_gate2_success_3: exit=0
docs/progress/R115/W4/raw/matrix_x86_64/functional_plain_control_gate1_success_3: exit=0
docs/progress/R115/W4/raw/matrix_x86_64/functional_plain_control_stress_3: exit=0
docs/progress/R115/W4/raw/matrix_x86_64/functional_plain_rollback_cancel_3: exit=0
docs/progress/R115/W4/raw/matrix_x86_64/functional_plain_rollback_immediate_3: exit=0
docs/progress/R115/W4/raw/matrix_x86_64/functional_plain_rollback_gate2_success_3: exit=0
docs/progress/R115/W4/raw/matrix_x86_64/functional_plain_rollback_gate1_success_3: exit=0
docs/progress/R115/W4/raw/matrix_x86_64/functional_plain_rollback_stress_3: exit=0
docs/progress/R115/W4/raw/matrix_x86_64/functional_plain_rollback_wake_reader_3: exit=0
docs/progress/R115/W4/raw/matrix_x86_64/functional_plain_rollback_wake_writer_3: exit=0
docs/progress/R115/W4/raw/matrix_x86_64/functional_timed_control_cancel_3: exit=0
docs/progress/R115/W4/raw/matrix_x86_64/functional_timed_control_immediate_3: exit=0
docs/progress/R115/W4/raw/matrix_x86_64/functional_timed_control_gate2_success_3: exit=0
docs/progress/R115/W4/raw/matrix_x86_64/functional_timed_control_gate1_success_3: exit=0
docs/progress/R115/W4/raw/matrix_x86_64/functional_timed_control_stress_3: exit=0
docs/progress/R115/W4/raw/matrix_x86_64/functional_timed_control_timeout_gate1_3: exit=0
docs/progress/R115/W4/raw/matrix_x86_64/functional_timed_control_timeout_gate2_3: exit=0
docs/progress/R115/W4/raw/matrix_x86_64/functional_timed_rollback_cancel_3: exit=0
docs/progress/R115/W4/raw/matrix_x86_64/functional_timed_rollback_immediate_3: exit=0
docs/progress/R115/W4/raw/matrix_x86_64/functional_timed_rollback_gate2_success_3: exit=0
docs/progress/R115/W4/raw/matrix_x86_64/functional_timed_rollback_gate1_success_3: exit=0
docs/progress/R115/W4/raw/matrix_x86_64/functional_timed_rollback_stress_3: exit=0
docs/progress/R115/W4/raw/matrix_x86_64/functional_timed_rollback_timeout_gate1_3: exit=0
docs/progress/R115/W4/raw/matrix_x86_64/functional_timed_rollback_timeout_gate2_3: exit=0
docs/progress/R115/W4/raw/matrix_x86_64/functional_timed_rollback_wake_reader_3: exit=0
docs/progress/R115/W4/raw/matrix_x86_64/functional_timed_rollback_wake_writer_3: exit=0
docs/progress/R115/W4/raw/matrix_x86_64/perf_plain_control_perf_3: exit=0
docs/progress/R115/W4/raw/matrix_x86_64/perf_plain_rollback_perf_3: exit=0
docs/progress/R115/W4/raw/matrix_x86_64/perf_timed_control_perf_3: exit=0
docs/progress/R115/W4/raw/matrix_x86_64/perf_timed_rollback_perf_3: exit=0
docs/progress/R115/W4/raw/matrix_x86_64/functional_plain_control_cancel_4: exit=0
docs/progress/R115/W4/raw/matrix_x86_64/functional_plain_control_immediate_4: exit=0
docs/progress/R115/W4/raw/matrix_x86_64/functional_plain_control_gate2_success_4: exit=0
docs/progress/R115/W4/raw/matrix_x86_64/functional_plain_control_gate1_success_4: exit=0
docs/progress/R115/W4/raw/matrix_x86_64/functional_plain_control_stress_4: exit=0
docs/progress/R115/W4/raw/matrix_x86_64/functional_plain_rollback_cancel_4: exit=0
docs/progress/R115/W4/raw/matrix_x86_64/functional_plain_rollback_immediate_4: exit=0
docs/progress/R115/W4/raw/matrix_x86_64/functional_plain_rollback_gate2_success_4: exit=0
docs/progress/R115/W4/raw/matrix_x86_64/functional_plain_rollback_gate1_success_4: exit=0
docs/progress/R115/W4/raw/matrix_x86_64/functional_plain_rollback_stress_4: exit=0
docs/progress/R115/W4/raw/matrix_x86_64/functional_plain_rollback_wake_reader_4: exit=0
docs/progress/R115/W4/raw/matrix_x86_64/functional_plain_rollback_wake_writer_4: exit=0
docs/progress/R115/W4/raw/matrix_x86_64/functional_timed_control_cancel_4: exit=0
docs/progress/R115/W4/raw/matrix_x86_64/functional_timed_control_immediate_4: exit=0
docs/progress/R115/W4/raw/matrix_x86_64/functional_timed_control_gate2_success_4: exit=0
docs/progress/R115/W4/raw/matrix_x86_64/functional_timed_control_gate1_success_4: exit=0
docs/progress/R115/W4/raw/matrix_x86_64/functional_timed_control_stress_4: exit=0
docs/progress/R115/W4/raw/matrix_x86_64/functional_timed_control_timeout_gate1_4: exit=0
docs/progress/R115/W4/raw/matrix_x86_64/functional_timed_control_timeout_gate2_4: exit=0
docs/progress/R115/W4/raw/matrix_x86_64/functional_timed_rollback_cancel_4: exit=0
docs/progress/R115/W4/raw/matrix_x86_64/functional_timed_rollback_immediate_4: exit=0
docs/progress/R115/W4/raw/matrix_x86_64/functional_timed_rollback_gate2_success_4: exit=0
docs/progress/R115/W4/raw/matrix_x86_64/functional_timed_rollback_gate1_success_4: exit=0
docs/progress/R115/W4/raw/matrix_x86_64/functional_timed_rollback_stress_4: exit=0
docs/progress/R115/W4/raw/matrix_x86_64/functional_timed_rollback_timeout_gate1_4: exit=0
docs/progress/R115/W4/raw/matrix_x86_64/functional_timed_rollback_timeout_gate2_4: exit=0
docs/progress/R115/W4/raw/matrix_x86_64/functional_timed_rollback_wake_reader_4: exit=0
docs/progress/R115/W4/raw/matrix_x86_64/functional_timed_rollback_wake_writer_4: exit=0
docs/progress/R115/W4/raw/matrix_x86_64/perf_plain_rollback_perf_4: exit=0
docs/progress/R115/W4/raw/matrix_x86_64/perf_plain_control_perf_4: exit=0
docs/progress/R115/W4/raw/matrix_x86_64/perf_timed_rollback_perf_4: exit=0
docs/progress/R115/W4/raw/matrix_x86_64/perf_timed_control_perf_4: exit=0
docs/progress/R115/W4/raw/matrix_x86_64/functional_plain_control_cancel_5: exit=0
docs/progress/R115/W4/raw/matrix_x86_64/functional_plain_control_immediate_5: exit=0
docs/progress/R115/W4/raw/matrix_x86_64/functional_plain_control_gate2_success_5: exit=0
docs/progress/R115/W4/raw/matrix_x86_64/functional_plain_control_gate1_success_5: exit=0
docs/progress/R115/W4/raw/matrix_x86_64/functional_plain_control_stress_5: exit=0
docs/progress/R115/W4/raw/matrix_x86_64/functional_plain_rollback_cancel_5: exit=0
docs/progress/R115/W4/raw/matrix_x86_64/functional_plain_rollback_immediate_5: exit=0
docs/progress/R115/W4/raw/matrix_x86_64/functional_plain_rollback_gate2_success_5: exit=0
docs/progress/R115/W4/raw/matrix_x86_64/functional_plain_rollback_gate1_success_5: exit=0
docs/progress/R115/W4/raw/matrix_x86_64/functional_plain_rollback_stress_5: exit=0
docs/progress/R115/W4/raw/matrix_x86_64/functional_plain_rollback_wake_reader_5: exit=0
docs/progress/R115/W4/raw/matrix_x86_64/functional_plain_rollback_wake_writer_5: exit=0
docs/progress/R115/W4/raw/matrix_x86_64/functional_timed_control_cancel_5: exit=0
docs/progress/R115/W4/raw/matrix_x86_64/functional_timed_control_immediate_5: exit=0
docs/progress/R115/W4/raw/matrix_x86_64/functional_timed_control_gate2_success_5: exit=0
docs/progress/R115/W4/raw/matrix_x86_64/functional_timed_control_gate1_success_5: exit=0
docs/progress/R115/W4/raw/matrix_x86_64/functional_timed_control_stress_5: exit=0
docs/progress/R115/W4/raw/matrix_x86_64/functional_timed_control_timeout_gate1_5: exit=0
docs/progress/R115/W4/raw/matrix_x86_64/functional_timed_control_timeout_gate2_5: exit=0
docs/progress/R115/W4/raw/matrix_x86_64/functional_timed_rollback_cancel_5: exit=0
docs/progress/R115/W4/raw/matrix_x86_64/functional_timed_rollback_immediate_5: exit=0
docs/progress/R115/W4/raw/matrix_x86_64/functional_timed_rollback_gate2_success_5: exit=0
docs/progress/R115/W4/raw/matrix_x86_64/functional_timed_rollback_gate1_success_5: exit=0
docs/progress/R115/W4/raw/matrix_x86_64/functional_timed_rollback_stress_5: exit=0
docs/progress/R115/W4/raw/matrix_x86_64/functional_timed_rollback_timeout_gate1_5: exit=0
docs/progress/R115/W4/raw/matrix_x86_64/functional_timed_rollback_timeout_gate2_5: exit=0
docs/progress/R115/W4/raw/matrix_x86_64/functional_timed_rollback_wake_reader_5: exit=0
docs/progress/R115/W4/raw/matrix_x86_64/functional_timed_rollback_wake_writer_5: exit=0
docs/progress/R115/W4/raw/matrix_x86_64/perf_plain_control_perf_5: exit=0
docs/progress/R115/W4/raw/matrix_x86_64/perf_plain_rollback_perf_5: exit=0
docs/progress/R115/W4/raw/matrix_x86_64/perf_timed_control_perf_5: exit=0
docs/progress/R115/W4/raw/matrix_x86_64/perf_timed_rollback_perf_5: exit=0
runs=160 failed=0
