source_status
source_rpm	package_name	root	status	rg_match_lines	detail
r90-positive-1.src.rpm	r90-positive	/home/toolchain/development/libc++_replacement/progress/R90/samples	SCAN_OK	NOT_OBSERVED	positive calibration root
shard
{
    "package": {
        "repo_id": "r90_calibration",
        "name": "r90-positive",
        "arch": "x86_64",
        "actual_sha256": "calibrationpositive000000000000000000000000000000000000000000000000000000"
    },
    "elfs": [
        {
            "path": "/usr/lib/debug/positive_symbols.o"
        },
        {
            "path": "/usr/lib64/libpositive_symbols.so"
        },
        {
            "path": "/usr/bin/positive_symbols.elf"
        }
    ]
}
carrier_tree
usr/bin/positive_symbols.elf	22640 bytes
usr/lib/debug/positive_symbols.o	13904 bytes
usr/lib64/libpositive_symbols.a	14884 bytes
usr/lib64/libpositive_symbols.so	21968 bytes
