
**编号**：R79　**开发板**：不需要　**构建**：不需要（只读扫描）
**资源档位**：`light`

## 背景

此前发现：在一种特定情形下（armv7l 上，异步取消打断一个不含取消点的
忙等循环），取消流程虽然启动，但**全程未调用 C++ 的异常处理例程**，
因此所有防护都不会执行。

我们已如实标注该观察的边界（只在 armv7l 上做过调试器确认、只覆盖一种
落点、libstdc++ 侧只有运行结果对照而无机制确认）。

**但有一件事必须查清**：如果产品中确实有组件使用异步取消模式，
**本方案的防护对它未必有效**。

**本任务只做检索与统计，不做修复、不做处置建议。**

## 执行步骤

1. **检索范围与口径**：
   a. 申报所用的数据来源、覆盖的包数与分母；
   b. 说明检索方法及其局限；

2. **检索对象**：
   a. 显式设置异步取消模式的调用；
   b. 相关的常量与宏的使用；
   c. 间接路径 —— 例如经由某个框架或封装设置的；
      能查到则查，查不到则说明；

3. **逐项记录**：命中的包名、位置（文件:行）、使用形态、
   **该处是否位于可能被取消的线程中**（能判断则判断，
   不能则说明缺什么）；

4. **影响评估**（仅陈述事实）：
   a. 命中的包共多少？
   b. 其中有多少确实处于风险形态？
   c. **检索无法覆盖的情形**如实申报 —— 例如由外部组件设置的、
      或运行时动态切换的；

## 输出

检索口径、命中清单、影响评估、无法覆盖的情形。
**不做处置建议、不做优先级排序。**

---

# W4：25 类差异中运行时类项目的优先确认

**编号**：R80　**开发板**：不需要　**构建**：小
**资源档位**：`light`

## 背景

此前的系统性排查登记了 25 类差异，其中**几项属于「只在运行时才显现」**
—— 与线程取消问题同类，也是最难在迁移中提前发现的。

我们已挑出五项建议优先确认。**本任务先做其中成本最低、最可能有结论的
两项。**

**注意**：这 25 类是「两套库确实存在差异的地方」，**不是已确认的故障**。
本任务的目的是**确认其实际影响范围**，而不是论证它们是问题。

## 执行步骤

1. **D-09：17 个同名符号的行为是否真的一致**
   a. 列出这 17 个符号（x86_64 口径），逐个说明其在两套库中分别是什么；
   b. 判断其**是否为同一含义** —— 名称相同不代表背后的东西相同；
   c. 对判定为「可能不同」的，说明差异会在什么情况下显现；
   d. **能静态判定的静态判定，需要运行才能确认的如实标注**，
      不必全部构造用例；

2. **D-11：仅存在于头文件中的对象，其布局是否可能不同**
   a. 说明这类对象在两套库中的分布 —— 有哪些、大致多少；
   b. **重点**：这类差异**不产生链接错误**，因此只在运行时显现。
      请评估：在本平台的迁移场景下，**是否存在实际触发的路径**？
   c. 若能构造一个最小验证用例，构造并运行；不能则说明原因；

3. **结论**：
   a. 两项各自的实际影响范围；
   b. **是否需要进一步处理** —— 仅陈述判断依据，不做处置建议；
   c. 本次未能确认的部分，说明还缺什么。

## 输出

D-09 的逐项分析、D-11 的评估与（若有）验证结果、两项的影响范围结论。

---

## 周一交接

请在 `docs/progress/WEEKEND_STATUS_0829.md` 中给出总览：

| 任务 | 状态 | 用时 | 产物路径 | 备注 |
|---|---|---|---|---|

以及 `docs/progress/WEEKEND_QUESTIONS_0829.md` 中的全部疑问。

**每个任务的代码与证据须已 commit 并 push**，以便周一逐个审阅。