9-    if (self->m_workerThread.joinable()) {
10-        self->m_workerThread.join();
11-    }
12-
13-    TRACE(WORKER, "finish worker thread", getCurrentThreadID());
14-    return nullptr;
15-}
16-
17:void WorkerThread::start()
18-{
19-    STARFISH_ASSERT(m_messageLoop->calledOnValidThread());
20-
21-    m_state = State::Running;
22-
23-    Locker<Mutex> locker(*m_mutex);
24-
25-    m_mainThread->run(m_messageLoop, workerMainThreadWork, this);
26-}
27-
28:void WorkerThread::terminate()
29-{
30-    TRACE(WORKER);
31-
32-    if (m_state != State::Running) {
33-        return;
34-    }
35-
36-    m_state = State::Terminated;
37-
38-    Locker<Mutex> locker(*m_mutex);
39-
40-    stopWorkerRunLoop();
41-    m_mainThread->stop();
42-}
43-
44:void WorkerThread::setOnTerminatedCallback(
45-    WorkerThreadClient::ThreadFinishedCallback callback, void* data)
46-{
47-    m_mainThreadClient->setThreadFinishedCallback(callback, data);
48-}
49-
50:void WorkerThread::initializeWorkerThread()
51-{
52-#if defined(OS_POSIX) && !defined(STARFISH_ANDROID)
53:    pthread_setcancelstate(PTHREAD_CANCEL_ENABLE, NULL);
54:    pthread_setcanceltype(PTHREAD_CANCEL_ASYNCHRONOUS, NULL);
55-#else
56-    STARFISH_UNSUPPORTED("Unsupported platform");
57-#endif
58-}
59-
60:void WorkerThread::destroyWorkerThread()
61-{
62-#if defined(OS_POSIX) && !defined(STARFISH_ANDROID)
63:    pthread_cancel(m_workerThread.native_handle());
64-#else
65-    STARFISH_UNSUPPORTED("Unsupported platform");
66-#endif
67-}
68-
69:void WorkerThread::onWorkerRunLoopStarted(RunLoop* runLoop)
70-{
71-    Locker<Mutex> locker(*m_mutex);
72-
73-    STARFISH_ASSERT(!m_runLoop);
74-    m_runLoop = runLoop;
75-}
76-
77:bool WorkerThread::stopWorkerRunLoop()
78-{
79-    if (!m_runLoop) {
80-        return false;
81-    }
82-
83-    m_runLoop->stop();
84-    m_runLoop = nullptr;
85-
--
88-LLVM_OPENMP_1
89-  /* Use incremental refinement starting from initial conservative estimate */
90-  TCW_PTR(th->th.th_info.ds.ds_stacksize, 0);
91-  TCW_PTR(th->th.th_info.ds.ds_stackbase, &stack_data);
92-  TCW_4(th->th.th_info.ds.ds_stackgrow, TRUE);
93-  return FALSE;
94-}
95-
96:static void *__kmp_launch_worker(void *thr) {
97-  int status, old_type, old_state;
98-#ifdef KMP_BLOCK_SIGNALS
99-  sigset_t new_set, old_set;
100-#endif /* KMP_BLOCK_SIGNALS */
101:  void *exit_val;
102-#if KMP_OS_LINUX || KMP_OS_DRAGONFLY || KMP_OS_FREEBSD || KMP_OS_NETBSD ||     \
103-    KMP_OS_OPENBSD || KMP_OS_HAIKU || KMP_OS_HURD || KMP_OS_SOLARIS ||         \
104-    KMP_OS_AIX
105:  void *volatile padding = 0;
106-#endif
107-  int gtid;
108-
109-  gtid = ((kmp_info_t *)thr)->th.th_info.ds.ds_gtid;
110-  __kmp_gtid_set_specific(gtid);
111-#ifdef KMP_TDATA_GTID
112-  __kmp_gtid = gtid;
113-#endif
114-#if KMP_STATS_ENABLED
115-  // set thread local index to point to thread-specific stats
116:  __kmp_stats_thread_ptr = ((kmp_info_t *)thr)->th.th_stats;
117:  __kmp_stats_thread_ptr->startLife();
118-  KMP_SET_THREAD_STATE(IDLE);
119-  KMP_INIT_PARTITIONED_TIMERS(OMP_idle);
120-#endif
121-
122-#if USE_ITT_BUILD
123:  __kmp_itt_thread_name(gtid);
124-#endif /* USE_ITT_BUILD */
125-
126-#if KMP_AFFINITY_SUPPORTED
127-  __kmp_affinity_bind_init_mask(gtid);
128-#endif
129-
130-#ifdef KMP_CANCEL_THREADS
131:  status = pthread_setcanceltype(PTHREAD_CANCEL_ASYNCHRONOUS, &old_type);
132:  KMP_CHECK_SYSFAIL("pthread_setcanceltype", status);
133-  // josh todo: isn't PTHREAD_CANCEL_ENABLE default for newly-created threads?
134:  status = pthread_setcancelstate(PTHREAD_CANCEL_ENABLE, &old_state);
135:  KMP_CHECK_SYSFAIL("pthread_setcancelstate", status);
136-#endif
137-
138-#if KMP_ARCH_X86 || KMP_ARCH_X86_64
139-  // Set FP control regs to be a copy of the parallel initialization thread's.
140-  __kmp_clear_x87_fpu_status_word();
141-  __kmp_load_x87_fpu_control_word(&__kmp_init_x87_fpu_control_word);
142-  __kmp_load_mxcsr(&__kmp_init_mxcsr);
143-#endif /* KMP_ARCH_X86 || KMP_ARCH_X86_64 */
--
153-    KMP_OS_OPENBSD || KMP_OS_HAIKU || KMP_OS_HURD || KMP_OS_SOLARIS ||         \
154-    KMP_OS_AIX
155-  if (__kmp_stkoffset > 0 && gtid > 0) {
156-    padding = KMP_ALLOCA(gtid * __kmp_stkoffset);
157-    (void)padding;
158-  }
159-#endif
160-LLVM_OPENMP_2
161:static void *__kmp_launch_monitor(void *thr) {
162-  int status, old_type, old_state;
163-#ifdef KMP_BLOCK_SIGNALS
164-  sigset_t new_set;
165-#endif /* KMP_BLOCK_SIGNALS */
166-  struct timespec interval;
167-
168-  KMP_MB(); /* Flush all pending memory write invalidates.  */
169-
--
174-#ifdef KMP_TDATA_GTID
175-  __kmp_gtid = KMP_GTID_MONITOR;
176-#endif
177-
178-  KMP_MB();
179-
180-#if USE_ITT_BUILD
181-  // Instruct Intel(R) Threading Tools to ignore monitor thread.
182:  __kmp_itt_thread_ignore();
183-#endif /* USE_ITT_BUILD */
184-
185-  __kmp_set_stack_info(((kmp_info_t *)thr)->th.th_info.ds.ds_gtid,
186-                       (kmp_info_t *)thr);
187-
188-  __kmp_check_stack_overlap((kmp_info_t *)thr);
189-
190-#ifdef KMP_CANCEL_THREADS
191:  status = pthread_setcanceltype(PTHREAD_CANCEL_ASYNCHRONOUS, &old_type);
192:  KMP_CHECK_SYSFAIL("pthread_setcanceltype", status);
193-  // josh todo: isn't PTHREAD_CANCEL_ENABLE default for newly-created threads?
194:  status = pthread_setcancelstate(PTHREAD_CANCEL_ENABLE, &old_state);
195:  KMP_CHECK_SYSFAIL("pthread_setcancelstate", status);
196-#endif
197-
198-#if KMP_REAL_TIME_FIX
199-  // This is a potential fix which allows application with real-time scheduling
200-  // policy work. However, decision about the fix is not made yet, so it is
201-  // disabled by default.
202-  { // Are program started with real-time scheduling policy?
203-    int sched = sched_getscheduler(0);
--
212-      if (param.sched_priority < max_priority) {
213-        param.sched_priority += 1;
214-        rc = sched_setscheduler(0, sched, &param);
215-        if (rc != 0) {
216-          int error = errno;
217-MESA_1
218-                                          unsigned int sec,
219-                                          unsigned int usec,
220:                                          void *data)
221-{
222-   wsi_display_page_flip_handler2(fd, frame, sec, usec, 0, data);
223-}
224-
225:static void wsi_display_vblank_handler(int fd, unsigned int frame,
226-                                       unsigned int sec, unsigned int usec,
227:                                       void *data)
228-{
229-   struct wsi_display_fence *fence = data;
230-
231-   wsi_display_fence_event_handler(fence);
232-}
233-
234:static void wsi_display_sequence_handler(int fd, uint64_t frame,
235-                                         uint64_t nsec, uint64_t user_data)
236-{
237-   struct wsi_display_fence *fence =
238-      (struct wsi_display_fence *) (uintptr_t) user_data;
239-
240-   wsi_display_fence_event_handler(fence);
241-}
242-
--
245-   .page_flip_handler = wsi_display_page_flip_handler,
246-#if DRM_EVENT_CONTEXT_VERSION >= 3
247-   .page_flip_handler2 = wsi_display_page_flip_handler2,
248-#endif
249-   .vblank_handler = wsi_display_vblank_handler,
250-   .sequence_handler = wsi_display_sequence_handler,
251-};
252-
253:static void *
254:wsi_display_wait_thread(void *data)
255-{
256-   struct wsi_display *wsi = data;
257-   struct pollfd pollfd = {
258-      .fd = wsi->fd,
259-      .events = POLLIN
260-   };
261-
262:   pthread_setcanceltype(PTHREAD_CANCEL_ASYNCHRONOUS, NULL);
263-   for (;;) {
264-      int ret = poll(&pollfd, 1, -1);
265-      if (ret > 0) {
266-         mtx_lock(&wsi->wait_mutex);
267-         (void) drmHandleEvent(wsi->fd, &event_context);
268-         u_cnd_monotonic_broadcast(&wsi->wait_cond);
269-         mtx_unlock(&wsi->wait_mutex);
270-      }
271-   }
272:   return NULL;
273-}
274-
275-static int
276:wsi_display_start_wait_thread(struct wsi_display *wsi)
277-{
278-   if (!wsi->wait_thread) {
279-      int ret = pthread_create(&wsi->wait_thread, NULL,
280:                               wsi_display_wait_thread, wsi);
281-      if (ret)
282-         return ret;
283-   }
284-   return 0;
285-}
286-
287:static void
288:wsi_display_stop_wait_thread(struct wsi_display *wsi)
289-MESA_2
290- */
291-static int
292-local_drmIsMaster(int fd)
293-{
294-   /* Detect master by attempting something that requires master.
295-    *
296-    * Authenticating magic tokens requires master and 0 is an
--
303-    *
304-    * Since we don't want to leak implementation details, use
305-    * EACCES.
306-    */
307-   return drmAuthMagic(fd, 0) != -EACCES;
308-}
309-
310-#ifdef HAVE_LIBUDEV
311:static void *
312:udev_event_listener_thread(void *data)
313-{
314-   struct wsi_device *wsi_device = data;
315-   struct wsi_display *wsi =
316-      (struct wsi_display *) wsi_device->wsi[VK_ICD_WSI_PLATFORM_DISPLAY];
317-
318-   struct udev *u = udev_new();
319-   if (!u)
320-      goto fail;
--
330-      goto fail_udev_monitor;
331-
332-   ret = udev_monitor_enable_receiving(mon);
333-   if (ret < 0)
334-      goto fail_udev_monitor;
335-
336-   int udev_fd = udev_monitor_get_fd(mon);
337-
338:   pthread_setcanceltype(PTHREAD_CANCEL_ASYNCHRONOUS, NULL);
339-
340-   for (;;) {
341-      nfds_t nfds = 1;
342-      struct pollfd fds[1] =  {
343-         {
344-            .fd = udev_fd,
345-            .events = POLLIN,
346-         },
