
String dump of section '.rodata':
  [     0]  ewk_settings_javascript_enabled_get
  [    24]  ewk_settings_media_playback_notification_get
  [    51]  ewk_manifest_icons_type_get
  [    6d]  ewk_context_new_with_injected_bundle_path
  [    97]  ewk_settings_fullscreen_enabled_get
  [    bb]  ewk_view_plain_text_get
  [    d3]  ewk_hit_test_attribute_hash_get
  [    f3]  ewk_view_sw_audio_decoding_set
  [   112]  ewk_view_url_set
  [   123]  ewk_view_quota_permission_request_cancel
  [   14c]  ewk_context_menu_item_checked_get
  [   16e]  ewk_value_dictionary_type_get
  [   18c]  ewk_notification_closed
  [   1a4]  ewk_view_page_zoom_set
  [   1bb]  ewk_custom_handlers_data_target_get
  [   1df]  ewk_view_clear_all_tiles_resources
  [   202]  ewk_context_password_confirm_popup_reply
  [   22b]  ewk_settings_editable_link_behavior_set
  [   253]  ewk_context_memory_sampler_stop
  [   273]  ewk_context_menu_item_title_get
  [   293]  ewk_context_audio_latency_mode_set
  [   2b6]  ewk_view_split_scroll_overflow_enabled_set
  [   2e1]  ewk_auth_challenge_credential_use
  [   303]  ewk_view_application_name_for_user_agent_get
  [   330]  ewk_settings_default_font_size_get
  [   353]  ewk_view_ime_position_align_set
  [   373]  ewk_view_reload
  [   383]  ewk_settings_default_keypad_enabled_get
  [   3ab]  ewk_settings_scripts_window_open_set
  [   3d0]  ewk_view_settings_get
  [   3e6]  ewk_manifest_name_get
  [   3fc]  ewk_view_url_get
  [   40d]  ewk_context_push_message_callback_set
  [   433]  ewk_view_contents_pdf_get
  [   44d]  ewk_settings_clipboard_enabled_set
  [   470]  ewk_intercept_request_view_get
  [   48f]  ewk_context_form_candidate_data_clear
  [   4b5]  ewk_context_favicon_database_get
  [   4d6]  ewk_cookie_manager_hostname_cookies_clear
  [   500]  ewk_hit_test_free
  [   512]  ewk_settings_force_zoom_get
  [   52e]  ewk_media_playback_info_translated_url_set
  [   559]  ewk_value_array_is_mutable
  [   574]  ewk_media_subtitle_data_timestamp_get
  [   59a]  ewk_view_set_cursor_by_client
  [   5b8]  ewk_view_poweroff_suspend
  [   5d2]  ewk_intercept_request_body_length_get
  [   5f8]  ewk_hit_test_media_uri_get
  [   613]  ewk_view_unfocus_allow_callback_set
  [   637]  ewk_view_exceeded_database_quota_callback_set
  [   665]  efl_webprocess_main
  [   679]  EWK-INTERFACE : efl_webprocess_main called..
  [   6a6]  EWK-INTERFACE : ChromeMain not found.
  [   6cc]  ewk_ipc_wrt_message_data_value_get
  [   6ef]  ewk_view_360video_current_time
  [   70e]  ewk_app_installation_request_manifest_get
  [   738]  ewk_view_scale_set
  [   74b]  ewk_view_notification_cancel_callback_set
  [   775]  ewk_view_add_with_session_data
  [   794]  ewk_back_forward_list_item_unref
  [   7b5]  ewk_value_dictionary_remove
  [   7d1]  ewk_context_web_database_origins_get
  [   7f6]  ewk_view_text_selection_clear
  [   814]  ewk_quota_permission_request_origin_protocol_get
  [   845]  ewk_value_int_value_get
  [   85d]  ewk_value_array_remove
  [   874]  ewk_back_forward_list_item_original_url_get
  [   8a0]  ewk_view_custom_header_clear
  [   8bd]  ewk_view_session_data_get
  [   8d7]  ewk_view_top_controls_height_set
  [   8f8]  ewk_settings_initial_list_style_position_set
  [   925]  ewk_web_application_icon_data_url_get
  [   94b]  ewk_media_subtitle_info_label_get
  [   96d]  ewk_context_websdi_set
  [   984]  ewk_context_cache_model_memory_max_dead_capacity_get
  [   9b9]  ewk_view_offscreen_rendering_enabled_set
  [   9e2]  ewk_context_sound_overlap_get
  [   a00]  ewk_certificate_policy_decision_suspend
  [   a28]  ewk_context_menu_item_enabled_get
  [   a4a]  ewk_auth_request_authenticate
  [   a68]  ewk_history_item_uri_get
  [   a81]  EVAS_GL_DISABLE_RENDER_THREAD
  [   a9f]  EWK-INTERFACE : ChromeMainTizen not found.
  [   aca]  ewk_quota_permission_request_origin_port_get
  [   af7]  ewk_view_error_page_load_callback_set
  [   b1d]  ewk_cookie_manager_changes_watch
  [   b3e]  ewk_settings_link_magnifier_enabled_set
  [   b66]  ewk_value_dictionary_add
  [   b7f]  ewk_view_set_video_geometry
  [   b9b]  ewk_settings_encoding_detector_enabled_get
  [   bc6]  ewk_frame_is_main_frame
  [   bde]  ewk_view_inspector_server_start
  [   bfe]  ewk_context_url_maxchars_set
  [   c1b]  ewk_text_style_italic_get
  [   c35]  ewk_view_javascript_alert_reply
  [   c55]  ewk_notification_icon_url_get
  [   c73]  ewk_intercept_request_headers_get
  [   c95]  ewk_view_request_canvas_fullscreen
  [   cb8]  ewk_notification_body_get
  [   cd2]  ewk_view_hit_test_request
  [   cec]  ewk_autofill_profile_form_username_element_get
  [   d1b]  ewk_view_vertical_panning_hold_set
  [   d3e]  ewk_view_custom_encoding_get
  [   d5b]  ewk_settings_text_selection_enabled_get
  [   d83]  ewk_view_page_close
  [   d97]  ewk_view_360video_play
  [   dae]  ewk_context_menu_item_append
  [   dcb]  dlopen error : 
  [   ddb]  ewk_settings_fullscreen_enabled_set
  [   dff]  ewk_autofill_profile_form_domain_get
  [   e24]  ewk_context_local_file_system_all_delete
  [   e4d]  ewk_view_javascript_prompt_callback_set
  [   e75]  ewk_view_360video_set_current_time
  [   e98]  ewk_settings_dom_paste_allowed_set
  [   ebb]  ewk_settings_default_encoding_set
  [   edd]  ewk_view_html_string_override_current_entry_load
  [   f0e]  ewk_media_subtitle_info_id_get
  [   f2d]  ewk_view_script_execute_all_frames
  [   f50]  ewk_settings_ime_style_get
  [   f6b]  ewk_view_screenshot_contents_get
  [   f8c]  ewk_value_array_get
  [   fa0]  ewk_cookie_manager_file_scheme_cookies_allow_set
  [   fd1]  ewk_settings_text_style_state_enabled_set
  [   ffb]  ewk_view_player_play
  [  1010]  ewk_context_web_storage_usage_for_origin_get
  [  103d]  ewk_context_application_cache_origins_get
  [  1067]  ewk_view_360video_duration
  [  1082]  ewk_settings_spdy_enabled_set
  [  10a0]  ewk_back_forward_list_n_forward_items_copy
  [  10cb]  ewk_view_player_pause
  [  10e1]  ewk_context_delete
  [  10f4]  ewk_console_message_line_get
  [  1111]  ewk_text_style_bg_color_get
  [  112d]  , dlopen mode:
  [  113c]  ewk_view_feed_mouse_move
  [  1155]  ewk_back_forward_list_item_title_get
  [  117a]  ewk_user_media_permission_request_device_type_get
  [  11ac]  ewk_view_split_scroll_overflow_enabled_get
  [  11d7]  ewk_settings_clear_text_selection_automatically_get
  [  120b]  ewk_settings_form_candidate_data_enabled_set
  [  1238]  ewk_text_style_unordered_list_get
  [  125a]  ewk_view_before_unload_confirm_panel_callback_set
  [  128c]  ewk_view_get_cookies_for_url
  [  12a9]  ewk_context_form_password_data_delete_all
  [  12d3]  ewk_ipc_plugins_sync_message_send
  [  12f5]  ewk_context_application_cache_delete_all
  [  131e]  ewk_view_web_application_icon_url_get
  [  1344]  ewk_view_notification_permission_callback_set
  [  1372]  ewk_parse_cookie
  [  1383]  ewk_geolocation_permission_request_origin_get
  [  13b1]  ewk_policy_decision_suspend
  [  13cd]  ewk_view_send_key_event
  [  13e5]  ewk_notification_permission_request_suspend
  [  1411]  ewk_autofill_credit_card_new
  [  142e]  ewk_view_back
  [  143c]  ewk_notification_permission_request_origin_get
  [  146b]  ewk_hit_test_image_file_name_extension_get
  [  1496]  ewk_ipc_wrt_message_data_type_set
  [  14b8]  ewk_view_forward_possible
  [  14d2]  ewk_context_inspector_server_start
  [  14f5]  ewk_view_html_string_load
  [  150f]  ewk_view_exceeded_database_quota_reply
  [  1536]  ewk_context_service_worker_register
  [  155a]  ewk_autofill_profile_form_password_get
  [  1581]  ewk_notification_title_get
  [  159c]  ewk_user_media_permission_request_set
  [  15c2]  ewk_set_version_policy
  [  15d9]  ewk_autofill_profile_delete
  [  15f5]  ewk_context_form_password_data_update
  [  161b]  ewk_settings_viewport_meta_tag_set
  [  163e]  ewk_context_form_autofill_profile_add
  [  1664]  ewk_context_menu_item_link_url_get
  [  1687]  ewk_view_stop
  [  1695]  ewk_view_save_page_as_mhtml
  [  16b1]  ewk_context_pwa_storage_path_set
  [  16d2]  ewk_settings_javascript_enabled_set
  [  16f6]  ewk_context_tizen_app_version_set
  [  1718]  ewk_context_notification_callbacks_reset
  [  1741]  ewk_context_background_music_get
  [  1762]  ewk_view_contents_set
  [  1778]  ewk_view_orientation_send
  [  1792]  ewk_view_application_cache_permission_callback_set
  [  17c5]  ewk_text_style_ordered_list_get
  [  17e5]  ewk_media_playback_info_media_resource_acquired_set
  [  1819]  ewk_autofill_profile_data_set
  [  1837]  ewk_settings_multiple_windows_support_get
  [  1861]  ewk_view_feed_mouse_wheel
  [  187b]  ewk_certificate_policy_decision_error_get
  [  18a5]  MB
  [  18a8]  ewk_context_web_storage_origin_delete
  [  18ce]  ewk_view_key_events_enabled_set
  [  18ee]  ewk_context_cookie_manager_get
  [  190d]  ewk_notification_icon_save_as_png
  [  192f]  ewk_memory_optimization_mode_enable
  [  1953]  ewk_context_did_start_download_callback_set
  [  197f]  ewk_settings_load_remote_images_get
  [  19a3]  ewk_view_stop_video
  [  19b7]  ewk_context_menu_pos_x_get
  [  19d2]  ewk_context_set_xwalk_extension_profile
  [  19fa]  ewk_auth_request_cancel
  [  1a12]  ewk_view_edge_scroll_by
  [  1a2a]  ewk_notification_id_get
  [  1a42]  ewk_notification_silent_get
  [  1a5e]  ewk_window_features_statusbar_visible_get
  [  1a88]  ewk_view_set_custom_device_pixel_ratio
  [  1aaf]  ewk_settings_extra_feature_set
  [  1ace]  ewk_view_request_manifest
  [  1ae8]  ewk_view_page_zoom_get
  [  1aff]  ewk_view_key_system_whitelist_set
  [  1b21]  ewk_settings_uses_arrow_scroll_get
  [  1b44]  ewk_settings_disable_webgl_set
  [  1b63]  ewk_policy_decision_password_get
  [  1b84]  ewk_value_dictionary_keys
  [  1b9e]  ewk_view_user_media_permission_callback_set
  [  1bca]  Open library done. cost:
  [  1be3]  %s:%s(%d) > %s
  [  1bf2]  ewk_view_media_current_time_get
  [  1c12]  ewk_view_voicemanager_labels_clear
  [  1c35]  ewk_frame_can_show_mime_type
  [  1c52]  ewk_view_suspend_network_loading
  [  1c73]  ewk_settings_form_candidate_data_enabled_get
  [  1ca0]  ewk_context_default_zoom_factor_get
  [  1cc4]  ewk_app_installation_request_app_url_get
  [  1ced]  ewk_view_hit_test_new
  [  1d03]  ewk_view_text_selection_text_get
  [  1d24]  ewk_settings_link_magnifier_enabled_get
  [  1d4c]  ewk_context_service_worker_unregister
  [  1d72]  ewk_settings_select_word_automatically_set
  [  1d9d]  ewk_quota_permission_request_origin_host_get
  [  1dca]  ewk_context_tizen_extensible_api_set
  [  1def]  ewk_home_directory_set
  [  1e06]  ewk_context_certificate_file_set
  [  1e27]  ewk_manifest_icons_sizes_count_get
  [  1e4a]  ewk_context_cache_model_memory_cache_capacity_get
  [  1e7c]  ewk_error_code_get
  [  1e8f]  ewk_view_scroll_by
  [  1ea2]  ewk_form_repost_decision_request_reply
  [  1ec9]  ewk_settings_javascript_can_access_clipboard_get
  [  1efa]  ewk_view_set_support_video_hole
  [  1f1a]  ewk_settings_media_playback_notification_set
  [  1f47]  ewk_process_model_set
  [  1f5d]  ewk_manifest_start_url_get
  [  1f78]  ewk_manifest_push_sender_id_get
  [  1f98]  ewk_autofill_profile_form_user_name_get
  [  1fc0]  ewk_value_string_value_get
  [  1fdb]  ewk_context_web_storage_delete_all
  [  1ffe]  ewk_view_360video_pause
  [  2016]  ewk_certificate_policy_decision_from_main_frame_get
  [  204a]  ewk_file_chooser_request_file_choose
  [  206f]  ewk_notification_permission_request_set
  [  2097]  ewk_settings_drag_drop_enabled_get
  [  20ba]  ewk_context_mime_override_callback_set
  [  20e1]  ewk_context_favicon_database_directory_set
  [  210c]  ewk_wait_chromium_ready
  [  2124]  ewk_view_fullscreen_exit
  [  213d]  ewk_auth_request_realm_get
  [  2158]  ewk_settings_edge_effect_enabled_set
  [  217d]  ewk_settings_autofill_password_form_enabled_get
  [  21ad]  ewk_view_broadcast_set_visibility
  [  21cf]  ewk_view_scroll_pos_get
  [  21e7]  ewk_view_focus_set
  [  21fa]  ewk_settings_uses_keypad_without_user_action_set
  [  222b]  ewk_context_register_url_schemes_as_cors_enabled
  [  225c]  ewk_view_reader_mode_set
  [  2275]  ewk_view_media_device_list_get
  [  2294]  ewk_quota_permission_request_quota_get
  [  22bb]  ewk_view_use_settings_font
  [  22d6]  ewk_media_playback_info_decoder_set
  [  22fa]  ewk_context_block_multimedia_on_call_set
  [  2323]  ewk_settings_webkit_text_size_adjust_enabled_get
  [  2354]  ewk_view_not_found_error_page_load
  [  2377]  ewk_settings_scripts_can_open_windows_get
  [  23a1]  ewk_intercept_request_ignore
  [  23be]  ewk_value_null_type_get
  [  23d6]  ewk_notification_permission_reply
  [  23f8]  ewk_ipc_wrt_message_data_id_set
  [  2418]  ewk_settings_clear_text_selection_automatically_set
  [  244c]  ewk_context_send_push_message
  [  246a]  ewk_view_resume
  [  247a]  ewk_context_default_get
  [  2492]  ewk_custom_handlers_data_title_get
  [  24b5]  ewk_view_password_confirm_popup_callback_set
  [  24e2]  ewk_context_tizen_extensible_api_string_get
  [  250e]  ewk_security_origin_protocol_get
  [  252f]  ewk_view_notification_closed
  [  254c]  ewk_auth_challenge_suspend
  [  2567]  ewk_settings_uses_encoding_detector_set
  [  258f]  ewk_context_websdi_get
  [  25a6]  ewk_manifest_icons_height_get
  [  25c4]  ewk_view_text_find
  [  25d7]  ewk_context_form_password_data_clear
  [  25fc]  ewk_view_text_zoom_set
  [  2613]  ewk_ipc_wrt_message_data_reference_id_get
  [  263d]  ewk_settings_ime_panel_enabled_get
  [  2660]  ewk_view_before_unload_confirm_panel_reply
  [  268b]  ewk_settings_media_subtitle_notification_get
  [  26b8]  ewk_settings_text_autosizing_font_scale_factor_get
  [  26eb]  ewk_notification_icon_get
  [  2705]  ewk_settings_web_security_enabled_get
  [  272b]  ewk_window_features_geometry_get
  [  274c]  ewk_view_quota_permission_request_reply
  [  2774]  ewk_view_feed_mouse_out
  [  278c]  ewk_popup_menu_item_selected_get
  [  27ad]  ewk_context_soup_data_directory_set
  [  27d1]  ewk_context_web_indexed_database_delete_all
  [  27fd]  ewk_custom_handlers_data_url_get
  [  281e]  ewk_context_form_password_data_list_get
  [  2846]  hw
  [  2849]  ewk_context_resource_cache_clear
  [  286a]  ewk_audio_tracks_info_video_id_get
  [  288d]  ewk_view_exceeded_local_file_system_quota_reply
  [  28bd]  ewk_cookie_manager_accept_policy_async_get
  [  28e8]  ewk_context_cache_model_memory_min_dead_capacity_get
  [  291d]  ewk_context_emp_certificate_file_set
  [  2942]  ewk_view_scroll_set
  [  2956]  ewk_view_javascript_alert_callback_set
  [  297d]  ewk_value_array_type_get
  [  2996]  ewk_view_custom_header_remove
  [  29b4]  ewk_settings_loads_images_automatically_set
  [  29e0]  ewk_file_chooser_request_allow_multiple_files_get
  [  2a12]  ewk_settings_link_effect_enabled_get
  [  2a37]  ewk_intercept_request_response_header_map_add
  [  2a65]  ewk_view_clear_tiles_on_hide_enabled_set
  [  2a8e]  ewk_context_disable_nosniff_set
  [  2aae]  ewk_hit_test_link_label_get
  [  2aca]  ewk_back_forward_list_n_back_items_copy
  [  2af2]  ewk_value_boolean_value_get
  [  2b0e]  ewk_settings_media_subtitle_notification_set
  [  2b3b]  ewk_auth_challenge_url_get
  [  2b56]  ewk_context_web_database_delete
  [  2b76]  ewk_context_timezone_offset_set
  [  2b96]  ewk_cookie_manager_async_hostnames_with_cookies_get
  [  2bca]  ewk_media_set_parental_rating_result
  [  2bef]  ewk_context_tizen_extensible_api_get
  [  2c14]  ewk_view_title_get
  [  2c27]  ewk_autofill_credit_card_delete
  [  2c47]  WRTMain
  [  2c4f]  ewk_certificate_info_is_context_secure
  [  2c76]  ewk_view_popup_menu_multiple_select
  [  2c9a]  ewk_value_double_value_get
  [  2cb5]  ewk_auth_challenge_realm_get
  [  2cd2]  ewk_popup_menu_item_text_get
  [  2cef]  ewk_history_nth_item_get
  [  2d08]  ewk_policy_decision_is_main_frame
  [  2d2a]  ewk_auth_challenge_credential_cancel
  [  2d4f]  ewk_view_focused_input_element_value_set
  [  2d78]  ewk_set_arguments
  [  2d8a]  ewk_settings_allow_file_access_from_external_url_get
  [  2dbf]  ewk_context_icon_database_icon_object_add
  [  2de9]  ewk_security_origin_host_get
  [  2e06]  ewk_view_cache_image_get
  [  2e1f]  ewk_manifest_icons_src_get
  [  2e3a]  ewk_policy_decision_ignore
  [  2e55]  ewk_view_touch_events_enabled_get
  [  2e77]  ewk_view_add_with_context
  [  2e91]  ewk_context_ref
  [  2ea1]  ewk_policy_decision_scheme_get
  [  2ec0]  ewk_view_back_forward_list_get
  [  2edf]  ewk_settings_viewport_meta_tag_get
  [  2f02]  ewk_value_array_count
  [  2f18]  ewk_user_media_permission_request_origin_get
  [  2f45]  ewk_history_free
  [  2f56]  ewk_view_did_change_theme_color_callback_set
  [  2f83]  ../tizen_src/downloadable/ewk_interface_main.cc
  [  2fb3]  EWK-INTERFACE : WRTMain called..
  [  2fd4]  ewk_view_back_possible
  [  2feb]  ewk_user_media_permission_query_device_type_get
  [  301b]  ewk_manifest_web_display_mode_get
  [  303d]  ewk_policy_decision_navigation_type_get
  [  3065]  ewk_view_session_timeout_set
  [  3082]  ewk_view_draw_focus_ring_enable_set
  [  30a6]  ewk_custom_handlers_data_result_set
  [  30ca]  ewk_cookie_manager_cookies_clear
  [  30eb]  ewk_view_visibility_set
  [  3103]  ewk_media_set_subtitle_lang
  [  311f]  ewk_context_preferred_languages_set
  [  3143]  ewk_value_array_append
  [  315a]  ewk_settings_compositing_borders_visible_set
  [  3187]  ewk_settings_form_profile_data_enabled_set
  [  31b2]  ewk_policy_decision_response_headers_get
  [  31db]  ewk_history_back_list_length_get
  [  31fc]  ewk_settings_text_style_state_enabled_get
  [  3226]  ewk_start_tracing
  [  3238]  ewk_settings_initial_list_style_position_get
  [  3265]  ewk_view_url_request_set
  [  327e]  ewk_view_request_manifest_from_url
  [  32a1]  ewk_certificate_info_pem_get
  [  32be]  ewk_history_forward_list_length_get
  [  32e2]  ewk_back_forward_list_item_ref
  [  3301]  ewk_settings_paste_image_uri_mode_set
  [  3327]  ewk_text_style_align_center_get
  [  3347]  ewk_context_audio_latency_mode_get
  [  336a]  ewk_view_scale_get
  [  337d]  ewk_view_application_cache_permission_reply
  [  33a9]  ewk_highcontrast_enabled_get
  [  33c6]  ewk_policy_decision_host_get
  [  33e3]  ewk_settings_autofill_password_form_enabled_set
  [  3413]  ewk_application_cache_manager_clear
  [  3437]  ewk_intercept_request_scheme_get
  [  3458]  ewk_dispatcher_touch
  [  346d]  ewk_media_playback_info_decoder_get
  [  3491]  ewk_file_chooser_request_accepted_mimetypes_get
  [  34c1]  ewk_context_tizen_app_id_set
  [  34de]  ewk_window_features_menubar_visible_get
  [  3506]  ewk_view_password_confirm_popup_reply
  [  352c]  ewk_settings_encoding_detector_enabled_set
  [  3557]  ewk_settings_cache_builder_extension_enabled_set
  [  3588]  ewk_context_web_database_delete_all
  [  35ac]  ewk_settings_ime_handle_key_event_enabled_get
  [  35da]  ewk_view_voicemanager_label_draw
  [  35fb]  ewk_settings_disclose_set_cookie_headers_enabled
  [  362c]  ewk_dispatcher_dispatch
  [  3644]  ewk_value_type_get
  [  3657]  ewk_hit_test_result_context_get
  [  3677]  ewk_view_favicon_get
  [  368c]  ewk_value_string_type_get
  [  36a6]  ewk_context_proxy_set
  [  36bc]  ewk_highcontrast_enabled_set
  [  36d9]  ewk_cookie_manager_accept_policy_set
  [  36fe]  ewk_audio_tracks_info_count_get
  [  371e]  ewk_view_notification_show_callback_set
  [  3746]  ewk_view_mouse_pointer_support_set
  [  3769]  ewk_context_new_with_injected_bundle_path_in_incognito_mode
  [  37a5]  ewk_context_default_zoom_factor_set
  [  37c9]  ewk_settings_private_browsing_enabled_set
  [  37f3]  ewk_media_playback_info_mime_type_get
  [  3819]  ewk_console_message_level_get
  [  3837]  ewk_context_menu_item_tag_get
  [  3855]  ewk_view_encoding_custom_set
  [  3872]  ewk_view_add_item_to_back_forward_list
  [  3899]  ewk_context_cache_disabled_set
  [  38b8]  ewk_settings_is_encoding_valid
  [  38d7]  ewk_view_force_layout
  [  38ed]  ewk_value_dictionary_get
  [  3906]  ewk_view_add_in_incognito_mode
  [  3925]  ewk_security_origin_free
  [  393e]  ewk_view_select_menu_select
  [  395a]  ewk_view_javascript_prompt_reply
  [  397b]  ewk_view_authentication_callback_set
  [  39a0]  ewk_notification_cached_permissions_set
  [  39c8]  ChromeMainTizen
  [  39d8]  ewk_context_icon_database_delete_all
  [  39fd]  ewk_view_focused_input_element_value_get
  [  3a26]  ewk_view_suspend
  [  3a37]  ewk_view_mouse_pointer_support_get
  [  3a5a]  ewk_highcontrast_forbidden_url_remove
  [  3a80]  ewk_view_focus_get
  [  3a93]  ewk_settings_cache_builder_enabled_set
  [  3aba]  ewk_view_draws_transparent_background_get
  [  3ae4]  ewk_context_memory_sampler_start
  [  3b05]  ewk_context_menu_item_type_get
  [  3b24]  ewk_settings_spatial_navigation_enabled_set
  [  3b50]  ewk_hit_test_link_uri_get
  [  3b6a]  ewk_settings_detect_contents_automatically_get
  [  3b99]  ewk_notification_callbacks_reset
  [  3bba]  ewk_media_playback_info_drm_info_get
  [  3bdf]  ewk_context_application_cache_manager_get
  [  3c09]  ewk_settings_uses_arrow_scroll_set
  [  3c2c]  1
  [  3c2e]  ewk_settings_form_profile_data_enabled_get
  [  3c59]  ewk_settings_scripts_window_open_get
  [  3c7e]  ewk_context_form_autofill_profile_get
  [  3ca4]  ewk_view_main_frame_scrollbar_visible_set
  [  3cce]  ewk_context_intercept_request_cancel_callback_set
  [  3d00]  ewk_context_proxy_uri_get
  [  3d1a]  ewk_manifest_theme_color_get
  [  3d37]  ewk_context_application_type_set
  [  3d58]  ewk_view_run_mixed_content_confirm_callback_set
  [  3d88]  ewk_context_new
  [  3d98]  ewk_context_password_confirm_popup_callback_set
  [  3dc8]  ewk_context_application_type_get
  [  3de9]  ewk_ipc_wrt_message_data_new
  [  3e06]  ewk_settings_current_legacy_font_size_mode_get
  [  3e35]  ewk_context_proxy_bypass_rule_get
  [  3e57]  ewk_context_cache_model_set
  [  3e73]  ewk_app_installation_request_service_worker_url_get
  [  3ea7]  ewk_media_subtitle_data_id_get
  [  3ec6]  ewk_context_cache_clear
  [  3ede]  ewk_context_menu_pos_y_get
  [  3ef9]  ewk_user_media_permission_request_suspend
  [  3f23]  ewk_settings_private_browsing_enabled_get
  [  3f4d]  ELM_ACCEL
  [  3f57]  ewk_back_forward_list_previous_item_get
  [  3f7f]  ewk_view_forward
  [  3f90]  ewk_context_pixmap_set
  [  3fa7]  ewk_security_origin_port_get
  [  3fc4]  ewk_policy_decision_frame_get
  [  3fe2]  ewk_view_inspector_server_stop
  [  4001]  ewk_view_floating_window_state_changed
  [  4028]  ewk_media_subtitle_info_lang_get
  [  4049]  ewk_view_contents_size_get
  [  4064]  ewk_ipc_wrt_message_data_reference_id_set
  [  408e]  ewk_view_select_menu_multiple_select
  [  40b3]  ewk_context_add_xwalk_extension_message_handler
  [  40e3]  ewk_view_popup_menu_select
  [  40fe]  ewk_settings_plugins_enabled_get
  [  411f]  ewk_context_application_cache_usage_for_origin_get
  [  4152]  ewk_ipc_wrt_message_data_value_set
  [  4175]  ewk_view_script_execute
  [  418d]  ewk_console_message_source_get
  [  41ac]  ewk_context_enable_app_control
  [  41cb]  ewk_view_select_menu_hide
  [  41e5]  ewk_context_application_cache_delete
  [  420a]  ewk_back_forward_list_item_at_index_get
  [  4232]  ewk_view_browser_font_set
  [  424c]  ewk_geolocation_permission_request_set
  [  4273]  ewk_settings_web_security_enabled_set
  [  4299]  ewk_settings_clipboard_enabled_get
  [  42bc]  ewk_ipc_wrt_message_data_type_get
  [  42de]  ewk_back_forward_list_next_item_get
  [  4302]  ewk_settings_performance_features_enabled_get
  [  4330]  ewk_view_evaluate_javascript
  [  434d]  ewk_context_compression_proxy_image_quality_set
  [  437d]  ewk_settings_text_zoom_enabled_get
  [  43a0]  ewk_view_history_get
  [  43b5]  open_library
  [  43c2]  EWK-INTERFACE : ewk_shutdown called..
  [  43e8]  ewk_settings_ime_handle_key_event_enabled_set
  [  4416]  ewk_context_cache_model_memory_cache_capacities_set
  [  444a]  ewk_context_compression_proxy_enabled_set
  [  4474]  ewk_settings_text_zoom_enabled_set
  [  4497]  ewk_intercept_request_body_get
  [  44b6]  ewk_intercept_request_url_get
  [  44d4]  ewk_view_vertical_panning_hold_get
  [  44f7]  ewk_settings_default_audio_input_device_set
  [  4523]  ewk_view_page_visibility_state_set
  [  4546]  ewk_view_ime_window_set
  [  455e]  ewk_view_app_installation_request_callback_set
  [  458d]  ewk_context_background_music_set
  [  45ae]  ewk_context_local_file_system_origins_get
  [  45d8]  ewk_media_playback_info_translated_url_get
  [  4603]  ewk_settings_text_autosizing_font_scale_factor_set
  [  4636]  ewk_intercept_request_response_write_chunk
  [  4661]  ewk_view_screenshot_contents_get_async
  [  4688]  ewk_view_user_agent_set
  [  46a0]  ewk_context_tizen_extensible_api_string_set
  [  46cc]  ewk_ipc_wrt_message_send
  [  46e5]  ewk_intercept_request_response_body_set
  [  470d]  ewk_context_certificate_file_get
  [  472e]  ewk_context_unref
  [  4740]  ewk_autofill_profile_data_get
  [  475e]  ewk_policy_decision_cookie_get
  [  477d]  ewk_view_back_forward_list_clear
  [  479e]  ewk_autofill_credit_card_data_get
  [  47c0]  ewk_init
  [  47c9]  CHROMIUM
  [  47d2]  ewk_value_dictionary_new
  [  47eb]  ewk_settings_auto_fitting_get
  [  4809]  ewk_autofill_profile_new
  [  4822]  ewk_context_cache_model_page_cache_capacity_get
  [  4852]  ewk_context_register_jsplugin_mime_types
  [  487b]  ewk_view_feed_mouse_up
  [  4892]  ewk_context_menu_item_count
  [  48ae]  ewk_view_main_frame_scrollbar_visible_get
  [  48d8]  ewk_view_webauthn_cancel
  [  48f1]  ewk_view_text_find_highlight_clear
  [  4914]  ewk_view_set_support_canvas_hole
  [  4935]  ewk_intercept_request_response_header_add
  [  495f]  ewk_policy_decision_use
  [  4977]  ewk_settings_load_remote_images_set
  [  499b]  ewk_cookie_manager_file_scheme_cookies_allow_get
  [  49cc]  ewk_settings_tizen_compatibility_mode_set
  [  49f6]  ewk_view_is_video_playing
  [  4a10]  ewk_view_exceeded_indexed_database_quota_callback_set
  [  4a46]  ewk_intercept_request_response_status_set
  [  4a70]  ewk_view_cookies_get
  [  4a85]  ewk_user_media_permission_reply
  [  4aa5]  ewk_context_rotation_lock_set
  [  4ac3]  ewk_view_reload_bypass_cache
  [  4ae0]  ewk_custom_handlers_data_base_url_get
  [  4b06]  ewk_settings_text_autosizing_scale_factor_set
  [  4b34]  ewk_settings_font_default_size_get
  [  4b57]  ewk_view_plain_text_set
  [  4b6f]  ewk_settings_focus_ring_enabled_set
  [  4b93]  ewk_context_memory_saving_mode_set
  [  4bb6]  ewk_view_user_media_permission_query_callback_set
  [  4be8]  ewk_context_rotation_lock_get
  [  4c06]  ewk_view_marlin_enable_set
  [  4c21]  ewk_context_application_cache_quota_for_origin_set
  [  4c54]  ewk_file_chooser_request_cancel
  [  4c74]  ewk_back_forward_list_count
  [  4c90]  ewk_view_run_mixed_content_confirm_reply
  [  4cb9]  ewk_certificate_policy_decision_url_get
  [  4ce1]  ewk_media_playback_info_media_url_get
  [  4d07]  ewk_settings_performance_features_enabled_set
  [  4d35]  ewk_settings_mixed_contents_set
  [  4d55]  ewk_text_style_align_left_get
  [  4d73]  ewk_view_widget_pepper_extension_info_set
  [  4d9d]  ewk_media_playback_info_drm_info_set
  [  4dc2]  ewk_policy_decision_response_mime_get
  [  4de8]  ewk_settings_selection_handle_enabled_set
  [  4e12]  ewk_view_horizontal_panning_hold_set
  [  4e37]  ewk_settings_edge_effect_enabled_get
  [  4e5c]  ewk_notification_security_origin_get
  [  4e81]  ewk_console_message_text_get
  [  4e9e]  ewk_context_time_offset_set
  [  4eba]  ewk_favicon_database_icon_get
  [  4ed8]  ewk_view_mhtml_data_get
  [  4ef0]  ewk_context_web_database_quota_for_origin_get
  [  4f1e]  ewk_view_feed_touch_event
  [  4f38]  ewk_settings_legacy_font_size_enabled_set
  [  4f62]  ewk_view_app_preload_set
  [  4f7b]  ewk_context_storage_manager_get
  [  4f9b]  ewk_settings_default_mixed_contents_policy_set
  [  4fca]  ewk_view_javascript_confirm_callback_set
  [  4ff3]  ewk_media_translated_url_set
  [  5010]  ewk_view_draws_transparent_background_set
  [  503a]  ewk_app_installation_request_origin_get
  [  5062]  ewk_hit_test_link_title_get
  [  507e]  ewk_context_max_refresh_rate_set
  [  509f]  ewk_context_sound_overlap_set
  [  50bd]  ewk_view_auto_login
  [  50d1]  ewk_object_ref
  [  50e0]  ewk_view_bg_color_set
  [  50f6]  ewk_file_chooser_request_files_choose
  [  511c]  ewk_value_boolean_type_get
  [  5137]  ewk_context_menu_item_select
  [  5154]  ewk_view_tts_mode_set
  [  516a]  ewk_view_exceeded_indexed_database_quota_reply
  [  5199]  ewk_value_double_new
  [  51ae]  ewk_context_block_multimedia_on_call_get
  [  51d7]  ewk_popup_menu_item_type_get
  [  51f4]  ewk_text_style_color_get
  [  520d]  ewk_settings_load_sub_resource_with_certificate_error_set
  [  5247]  ewk_autofill_profile_form_password_element_get
  [  5276]  ewk_context_cache_disabled_get
  [  5295]  ewk_settings_link_effect_enabled_set
  [  52ba]  ewk_view_application_name_for_user_agent_set
  [  52e7]  ewk_settings_uses_keypad_without_user_action_get
  [  5318]  ewk_security_origin_new_from_string
  [  533c]  ewk_view_color_picker_color_set
  [  535c]  ewk_view_board_decoding_capabilities_get
  [  5385]  ewk_view_javascript_confirm_reply
  [  53a7]  ewk_intercept_request_http_method_get
  [  53cd]  ewk_settings_ime_style_set
  [  53e8]  ewk_view_next_player_for_media_switch_set
  [  5412]  ewk_settings_use_system_font_set
  [  5433]  ewk_view_atk_deactivation_by_app
  [  5454]  ewk_settings_create_select_menu_by_client
  [  547e]  ewk_context_pixmap_get
  [  5495]  ewk_view_original_url_get
  [  54af]  ewk_value_string_new
  [  54c4]  ewk_notification_callbacks_set
  [  54e3]  ewk_context_menu_item_remove
  [  5500]  ewk_back_forward_list_item_url_get
  [  5523]  ewk_autofill_profile_id_get
  [  553f]  ewk_stop_tracing
  [  5550]  ewk_context_menu_hide
  [  5566]  ewk_media_start_with_high_bit_rate
  [  5589]  ewk_settings_scan_malware_enabled_set
  [  55af]  ewk_view_player_set_visibility
  [  55ce]  ewk_view_touch_events_enabled_set
  [  55f0]  ewk_view_user_agent_get
  [  5608]  ewk_view_mouse_events_enabled_set
  [  562a]  ewk_settings_extra_feature_get
  [  5649]  ewk_view_text_selection_range_get
  [  566b]  ewk_settings_legacy_font_size_enabled_get
  [  5695]  ewk_policy_decision_type_get
  [  56b2]  ewk_context_app_control_set
  [  56ce]  ewk_text_style_bold_get
  [  56e6]  ewk_storage_manager_entries_clear
  [  5708]  ewk_certificate_policy_decision_allowed_set
  [  5734]  ewk_context_cache_model_page_cache_capacity_set
  [  5764]  ewk_context_form_autofill_profile_get_all
  [  578e]  ewk_content_screening_detection_error_get
  [  57b8]  ewk_settings_drag_drop_enabled_set
  [  57db]  ewk_context_menu_items_get
  [  57f6]  ewk_value_int_type_get
  [  580d]  ewk_view_html_contents_set
  [  5828]  ewk_policy_decision_url_get
  [  5844]  ewk_context_menu_nth_item_get
  [  5862]  ewk_value_unref
  [  5872]  ewk_context_new_with_injected_bundle_path_and_storage_name
  [  58ad]  ewk_error_cancellation_get
  [  58c8]  ewk_context_web_storage_origins_get
  [  58ec]  ewk_view_command_execute
  [  5905]  ewk_dlsym
  [  590f]  Not supported function
  [  5926]  ewk_check_chromium_ready
  [  593f]  ewk_settings_ime_panel_enabled_set
  [  5962]  ewk_media_subtitle_data_size_get
  [  5983]  ewk_value_ref
  [  5991]  ewk_autofill_credit_card_data_set
  [  59b3]  ewk_context_menu_item_image_url_get
  [  59d7]  ewk_settings_text_autosizing_enabled_set
  [  5a00]  ewk_context_form_autofill_credit_card_changed_callback_set
  [  5a3b]  ewk_context_origins_free
  [  5a54]  ewk_settings_default_encoding_get
  [  5a76]  ewk_view_main_frame_get
  [  5a8e]  ewk_autofill_profile_form_action_url_get
  [  5ab7]  ewk_view_horizontal_panning_hold_get
  [  5adc]  ewk_view_active_drm_set
  [  5af4]  ewk_page_group_create
  [  5b0a]  ewk_view_smart_add
  [  5b1d]  ewk_media_playback_info_video_id_get
  [  5b42]  ewk_value_int_new
  [  5b54]  ewk_hit_test_tag_name_get
  [  5b6e]  ewk_settings_swipe_to_refresh_enabled_get
  [  5b98]  ewk_view_javascript_message_handler_add
  [  5bc0]  ewk_value_dictionary_is_mutable
  [  5be0]  ewk_settings_default_keypad_enabled_set
  [  5c08]  ewk_context_form_autofill_profile_set
  [  5c2e]  ewk_back_forward_list_current_item_get
  [  5c55]  ewk_highcontrast_forbidden_url_add
  [  5c78]  ewk_context_inspector_server_stop
  [  5c9a]  ewk_settings_dom_paste_allowed_get
  [  5cbd]   size:
  [  5cc4]  ChromeMain
  [  5ccf]  ewk_view_add
  [  5cdc]  ewk_notification_showed
  [  5cf4]  ewk_value_array_new
  [  5d08]  ewk_context_icon_database_path_set
  [  5d2b]  ewk_policy_decision_http_method_get
  [  5d4f]  ewk_settings_javascript_can_access_clipboard_set
  [  5d80]  ewk_policy_decision_download
  [  5d9d]  ewk_view_orientation_lock_callback_set
  [  5dc4]  ewk_error_url_get
  [  5dd6]  ewk_context_menu_item_parent_menu_get
  [  5dfc]  ewk_context_web_database_usage_for_origin_get
  [  5e2a]  ewk_context_compression_proxy_data_size_reset
  [  5e58]  ewk_settings_text_autosizing_scale_factor_get
  [  5e86]  ewk_context_form_autofill_profile_changed_callback_set
  [  5ebd]  ewk_window_features_locationbar_visible_get
  [  5ee9]  ewk_hit_test_image_buffer_length_get
  [  5f0e]  ewk_view_mirrored_blur_set
  [  5f29]  ewk_context_form_candidate_data_delete_all
  [  5f54]  ewk_text_style_align_right_get
  [  5f73]  ewk_context_vibration_client_callbacks_set
  [  5f9e]  ewk_ipc_wrt_message_data_id_get
  [  5fbe]  ewk_hit_test_node_value_get
  [  5fda]  ms\n
            path:
  [  5fe3]  ewk_notification_policies_removed
  [  6005]  ewk_view_add_dynamic_certificate_path
  [  602b]  ewk_settings_select_word_automatically_get
  [  6056]  ewk_hit_test_image_buffer_get
  [  6074]  ewk_context_check_accessible_path_callback_set
  [  60a3]  ewk_view_top_controls_state_set
  [  60c3]  ewk_autofill_profile_form_type_get
  [  60e6]  ewk_user_media_permission_query_origin_get
  [  6111]  ewk_manifest_orientation_type_get
  [  6133]  ewk_view_feed_mouse_down
  [  614c]  ewk_policy_decision_userid_get
  [  616b]  ewk_settings_scan_malware_enabled_get
  [  6191]  ewk_view_resume_network_loading
  [  61b1]  ewk_view_exceeded_local_file_system_quota_callback_set
  [  61e8]  ewk_view_load_progress_get
  [  6203]  ewk_context_form_password_data_list_free
  [  622c]  ewk_settings_use_system_font_get
  [  624d]  ewk_text_style_underline_get
  [  626a]  ewk_view_scale_changed_callback_set
  [  628e]  ewk_view_scroll_size_get
  [  62a7]  ewk_settings_auto_fitting_set
  [  62c5]  ewk_view_widget_pepper_extension_callback_set
  [  62f3]  ewk_context_local_file_system_delete
  [  6318]  ewk_error_domain_get
  [  632d]  ewk_context_storage_path_reset
  [  634c]  ewk_manifest_background_color_get
  [  636e]  ewk_manifest_icons_width_get
  [  638b]  ewk_hit_test_image_uri_get
  [  63a6]  ewk_view_tile_cover_area_multiplier_set
  [  63ce]  ewk_text_style_font_size_get
  [  63eb]  ewk_window_features_fullscreen_get
  [  640e]  ewk_view_bg_color_get
  [  6424]  ewk_policy_decision_response_status_code_get
  [  6451]  ewk_view_text_matches_count
  [  646d]  ewk_context_notification_callbacks_set
  [  6494]  ewk_context_compression_proxy_enabled_get
  [  64be]  ewk_quota_permission_request_is_persistent_get
  [  64ed]  ewk_settings_default_font_size_set
  [  6510]  ewk_text_style_align_full_get
  [  652e]  ewk_context_proxy_uri_set
  [  6548]  ewk_cookie_manager_persistent_storage_set
  [  6572]  ewk_text_style_has_composition_get
  [  6595]  ewk_media_subtitle_info_url_get
  [  65b5]  ewk_view_content_security_policy_set
  [  65da]  ewk_settings_selection_handle_enabled_get
  [  6604]  ewk_settings_webkit_text_size_adjust_enabled_set
  [  6635]  ewk_value_double_type_get
  [  664f]  ewk_manifest_icons_count_get
  [  666c]  ewk_settings_uses_scrollbar_thumb_focus_notifications_set
  [  66a6]  ewk_view_context_get
  [  66bb]  ewk_context_web_database_quota_for_origin_set
  [  66e9]  ewk_object_unref
  [  66fa]  ewk_value_dictionary_set
  [  6713]  ewk_geolocation_permission_request_suspend
  [  673e]  ewk_settings_loads_images_automatically_get
  [  676a]  ewk_notification_clicked
  [  6783]  ewk_ipc_plugins_message_send
  [  67a0]  ewk_settings_text_autosizing_enabled_get
  [  67c9]  ewk_web_application_icon_data_size_get
  [  67f0]  /usr/share/chromium-efl/lib/libchromium-impl.so
  [  6820]  No 
  [  6824]  EWK-INTERFACE : WRTServiceMain called..
  [  684c]  ewk_settings_swipe_to_refresh_enabled_set
  [  6876]  ewk_value_boolean_new
  [  688c]  ewk_context_intercept_request_callback_set
  [  68b7]  ewk_settings_do_not_track_set
  [  68d5]  ewk_view_text_zoom_get
  [  68ec]  ewk_autofill_credit_card_id_get
  [  690c]  ewk_view_web_login_request
  [  6927]  ewk_certificate_policy_decision_certificate_pem_get
  [  695b]  ewk_view_mouse_events_enabled_get
  [  697d]  ewk_settings_font_default_size_set
  [  69a0]  ewk_geolocation_permission_reply
  [  69c1]  ewk_view_widget_get
  [  69d5]  ewk_settings_default_text_encoding_name_set
  [  6a01]  ewk_view_scale_range_get
  [  6a1a]  ewk_settings_allow_file_access_from_external_url_set
  [  6a4f]  ewk_context_notify_low_memory
  [  6a6d]  ewk_context_form_autofill_profile_remove
  [  6a96]  ewk_window_features_toolbar_visible_get
  [  6abe]  ewk_user_media_permission_request_message_get
  [  6aec]  ewk_context_cache_model_get
  [  6b08]  ewk_settings_spdy_enabled_get
  [  6b26]  ewk_settings_detect_contents_automatically_set
  [  6b55]  ewk_view_custom_encoding_set
  [  6b72]  ewk_view_smart_class_set
  [  6b8b]  ewk_view_quota_permission_request_callback_set
  [  6bba]  ewk_window_features_resizable_get
  [  6bdc]  ewk_view_mode_set
  [  6bee]  ewk_view_broadcast_decoder_set
  [  6c0d]  ewk_window_features_scrollbars_visible_get
  [  6c38]  ewk_ipc_wrt_message_data_del
  [  6c55]  ewk_settings_multiple_windows_support_set
  [  6c7f]  ewk_history_item_title_get
  [  6c9a]  ewk_context_form_password_data_delete
  [  6cc0]  ewk_view_wauthn_method_set
  [  6cdb]  ewk_context_proxy_default_auth_set
  [  6cfe]  ewk_settings_plugins_enabled_set
  [  6d1f]  ewk_settings_uses_encoding_detector_get
  [  6d47]   symbol found! 
  [  6d57]  EWK-INTERFACE : ewk_init called..
  [  6d79]  ewk_shutdown
  [  6d86]  ewk_view_custom_header_add
  [  6da1]  ewk_text_style_position_get
  [  6dbd]  ewk_context_additional_plugin_path_set
  [  6de4]  ewk_error_type_get
  [  6df7]  ewk_view_geolocation_permission_callback_set
  [  6e24]  ewk_favicon_database_icon_change_callback_add
  [  6e52]  ewk_context_menu_item_submenu_get
  [  6e74]  ewk_media_subtitle_data_get
  [  6e90]  ewk_settings_text_selection_enabled_set
  [  6eb8]  ewk_view_web_application_icon_urls_get
  [  6edf]  ewk_settings_current_legacy_font_size_mode_set
  [  6f0e]  ewk_settings_default_text_encoding_name_get
  [  6f3a]  ewk_view_web_application_capable_get
  [  6f5f]  ewk_context_compression_proxy_data_size_get
  [  6f8b]  ewk_view_release_players
  [  6fa4]  ewk_settings_force_zoom_set
  [  6fc0]  ewk_manifest_short_name_get
  [  6fdc]  ewk_view_smartrc_show_mic_notification_callback_set
  [  7010]  ewk_error_description_get
  [  702a]  ewk_context_menu_item_append_as_action
  [  7051]  ewk_send_widget_info
  [  7066]  ewk_settings_scripts_can_open_windows_set
  [  7090]  ewk_intercept_request_response_set
  [  70b3]  ewk_settings_paste_image_uri_mode_get
  [  70d9]  WRTServiceMain

