
Dynamic section at offset 0x32ae0 contains 30 entries:
  Tag        Type                         Name/Value
 0x0000000000000001 (NEEDED)             Shared library: [libdlog.so.0]
 0x0000000000000001 (NEEDED)             Shared library: [libstdc++.so.6]
 0x0000000000000001 (NEEDED)             Shared library: [libc.so.6]
 0x0000000000000001 (NEEDED)             Shared library: [ld-linux-aarch64.so.1]
 0x000000000000000e (SONAME)             Library soname: [libchromium-ewk.so]
 0x000000000000001e (FLAGS)              BIND_NOW
 0x000000006ffffffb (FLAGS_1)            Flags: NOW
 0x0000000000000007 (RELA)               0xe400
 0x0000000000000008 (RELASZ)             264 (bytes)
 0x0000000000000009 (RELAENT)            24 (bytes)
 0x000000006ffffff9 (RELACOUNT)          6
 0x0000000000000017 (JMPREL)             0xe508
 0x0000000000000002 (PLTRELSZ)           456 (bytes)
 0x0000000000000003 (PLTGOT)             0x52cf0
 0x0000000000000014 (PLTREL)             RELA
 0x0000000000000006 (SYMTAB)             0x298
 0x000000000000000b (SYMENT)             24 (bytes)
 0x0000000000000005 (STRTAB)             0x7290
 0x000000000000000a (STRSZ)              29034 (bytes)
 0x000000006ffffef5 (GNU_HASH)           0x5a40
 0x0000000000000019 (INIT_ARRAY)         0x52ac8
 0x000000000000001b (INIT_ARRAYSZ)       24 (bytes)
 0x000000000000001a (FINI_ARRAY)         0x52ac0
 0x000000000000001c (FINI_ARRAYSZ)       8 (bytes)
 0x000000000000000c (INIT)               0x42944
 0x000000000000000d (FINI)               0x4295c
 0x000000006ffffff0 (VERSYM)             0x52c0
 0x000000006ffffffe (VERNEED)            0x5970
 0x000000006fffffff (VERNEEDNUM)         3
 0x0000000000000000 (NULL)               0x0
