
Dynamic section at offset 0x6d14b0c contains 105 entries:
  Tag        Type                         Name/Value
 0x0000001d (RUNPATH)                    Library runpath: [$ORIGIN/]
 0xffffffff (<unknown>: ffffffff)        0x2a702
 0xffffffff (<unknown>: ffffffff)        0x2a70b
 0xffffffff (<unknown>: ffffffff)        0x2a716
 0xffffffff (<unknown>: ffffffff)        0x2a724
 0xffffffff (<unknown>: ffffffff)        0x2a2de
 0xffffffff (<unknown>: ffffffff)        0x2a731
 0xffffffff (<unknown>: ffffffff)        0x2a73e
 0xffffffff (<unknown>: ffffffff)        0x2a751
 0xffffffff (<unknown>: ffffffff)        0x2a763
 0xffffffff (<unknown>: ffffffff)        0x2a777
 0xffffffff (<unknown>: ffffffff)        0x2a784
 0xffffffff (<unknown>: ffffffff)        0x2a793
 0xffffffff (<unknown>: ffffffff)        0x2a31e
 0xffffffff (<unknown>: ffffffff)        0x2a7a6
 0xffffffff (<unknown>: ffffffff)        0x2a7bf
 0xffffffff (<unknown>: ffffffff)        0x2a7d8
 0xffffffff (<unknown>: ffffffff)        0x2a7f2
 0xffffffff (<unknown>: ffffffff)        0x2a80a
 0xffffffff (<unknown>: ffffffff)        0x2a816
 0xffffffff (<unknown>: ffffffff)        0x2a82c
 0xffffffff (<unknown>: ffffffff)        0x2a839
 0xffffffff (<unknown>: ffffffff)        0x2a84b
 0xffffffff (<unknown>: ffffffff)        0x2a85c
 0xffffffff (<unknown>: ffffffff)        0x2a868
 0xffffffff (<unknown>: ffffffff)        0x2a875
 0xffffffff (<unknown>: ffffffff)        0x2a882
 0xffffffff (<unknown>: ffffffff)        0x2a33d
 0xffffffff (<unknown>: ffffffff)        0x2a893
 0xffffffff (<unknown>: ffffffff)        0x2a8b2
 0xffffffff (<unknown>: ffffffff)        0x2a8c3
 0xffffffff (<unknown>: ffffffff)        0x2a8d7
 0xffffffff (<unknown>: ffffffff)        0x2a8f2
 0xffffffff (<unknown>: ffffffff)        0x2a904
 0xffffffff (<unknown>: ffffffff)        0x2a914
 0xffffffff (<unknown>: ffffffff)        0x2a928
 0xffffffff (<unknown>: ffffffff)        0x2a93f
 0xffffffff (<unknown>: ffffffff)        0x2a950
 0xffffffff (<unknown>: ffffffff)        0x2a95f
 0xffffffff (<unknown>: ffffffff)        0x2a354
 0xffffffff (<unknown>: ffffffff)        0x2a3d3
 0xffffffff (<unknown>: ffffffff)        0x2a3f1
 0xffffffff (<unknown>: ffffffff)        0x2a96b
 0xffffffff (<unknown>: ffffffff)        0x2a986
 0xffffffff (<unknown>: ffffffff)        0x2a996
 0xffffffff (<unknown>: ffffffff)        0x2a9b6
 0xffffffff (<unknown>: ffffffff)        0x2a9d4
 0xffffffff (<unknown>: ffffffff)        0x2a9f3
 0xffffffff (<unknown>: ffffffff)        0x2a407
 0xffffffff (<unknown>: ffffffff)        0x2aa12
 0xffffffff (<unknown>: ffffffff)        0x2aa33
 0xffffffff (<unknown>: ffffffff)        0x2a429
 0xffffffff (<unknown>: ffffffff)        0x2aa46
 0xffffffff (<unknown>: ffffffff)        0x2aa59
 0xffffffff (<unknown>: ffffffff)        0x2aa68
 0xffffffff (<unknown>: ffffffff)        0x2aa74
 0xffffffff (<unknown>: ffffffff)        0x2aa83
 0xffffffff (<unknown>: ffffffff)        0x2aa99
 0xffffffff (<unknown>: ffffffff)        0x2aab2
 0xffffffff (<unknown>: ffffffff)        0x2aacc
 0xffffffff (<unknown>: ffffffff)        0x2aade
 0xffffffff (<unknown>: ffffffff)        0x2aaf0
 0xffffffff (<unknown>: ffffffff)        0x2ab0f
 0xffffffff (<unknown>: ffffffff)        0x2ab26
 0xffffffff (<unknown>: ffffffff)        0x2ab3c
 0xffffffff (<unknown>: ffffffff)        0x2a444
 0xffffffff (<unknown>: ffffffff)        0x2ab58
 0xffffffff (<unknown>: ffffffff)        0x2ab6a
 0xffffffff (<unknown>: ffffffff)        0x2ab7a
 0xffffffff (<unknown>: ffffffff)        0x2a46f
 0xffffffff (<unknown>: ffffffff)        0x2ab88
 0xffffffff (<unknown>: ffffffff)        0x2ab96
 0xffffffff (<unknown>: ffffffff)        0x2a488
 0xffffffff (<unknown>: ffffffff)        0x2aba6
 0xffffffff (<unknown>: ffffffff)        0x2abbe
 0xffffffff (<unknown>: ffffffff)        0x2a4fd
 0xffffffff (<unknown>: ffffffff)        0x2a637
 0xffffffff (<unknown>: ffffffff)        0x2a657
 0xffffffff (<unknown>: ffffffff)        0x2a6eb
 0x0000000e (SONAME)                     Library soname: [libchromium-impl.so]
 0x0000001e (FLAGS)                      BIND_NOW
 0x6ffffffb (FLAGS_1)                    Flags: NOW
 0x00000011 (REL)                        0x41350
 0x00000012 (RELSZ)                      7405432 (bytes)
 0x00000013 (RELENT)                     8 (bytes)
 0x6ffffffa (RELCOUNT)                   912954
 0x00000017 (JMPREL)                     0xc5fc78
 0x00000002 (PLTRELSZ)                   28160 (bytes)
 0x00000003 (PLTGOT)                     0x6d528b0
 0x00000014 (PLTREL)                     REL
 0x00000006 (SYMTAB)                     0x1f4
 0x0000000b (SYMENT)                     16 (bytes)
 0x00000005 (STRTAB)                     0x16760
 0x0000000a (STRSZ)                      175088 (bytes)
 0x6ffffef5 (GNU_HASH)                   0x14978
 0x00000019 (INIT_ARRAY)                 0x689d5f4
 0x0000001b (INIT_ARRAYSZ)               228 (bytes)
 0x0000001a (FINI_ARRAY)                 0x689d5f0
 0x0000001c (FINI_ARRAYSZ)               4 (bytes)
 0x0000000c (INIT)                       0x687f814
 0x0000000d (FINI)                       0x687f830
 0x6ffffff0 (VERSYM)                     0x12004
 0x6ffffffe (VERNEED)                    0x143c8
 0x6fffffff (VERNEEDNUM)                 15
 0x00000000 (NULL)                       0x0
