sha256sum: docs/progress/R112/QUESTIONS.md: No such file or directory
sha256sum: docs/progress/R112/REPORT.md: No such file or directory
sha256sum: docs/progress/R112/SCRIPT_SHA256SUMS: No such file or directory
sha256sum: docs/progress/R112/STANDARD_SOURCE.md: No such file or directory
sha256sum: docs/progress/R112/code/analyze_boost_consumer_binding.py: No such file or directory
sha256sum: docs/progress/R112/code/analyze_fno_exceptions_buildlogs.py: No such file or directory
sha256sum: docs/progress/R112/code/analyze_fno_exceptions_sources.py: No such file or directory
sha256sum: docs/progress/R112/code/build_item1.sh: No such file or directory
sha256sum: docs/progress/R112/code/build_item2.sh: No such file or directory
sha256sum: docs/progress/R112/code/build_item3.sh: No such file or directory
sha256sum: docs/progress/R112/code/build_item4.sh: No such file or directory
sha256sum: docs/progress/R112/code/build_item4_boost_test.sh: No such file or directory
sha256sum: docs/progress/R112/code/build_item4_partial_binding.sh: No such file or directory
sha256sum: docs/progress/R112/code/item1_oldcaller_cancel.cpp: No such file or directory
sha256sum: docs/progress/R112/code/item2_comdat_main.cpp: No such file or directory
sha256sum: docs/progress/R112/code/item2_comdat_tu.cpp: No such file or directory
sha256sum: docs/progress/R112/code/item3_wbuffer_loss.cpp: No such file or directory
sha256sum: docs/progress/R112/code/item4_boost_test_actual_direction.cpp: No such file or directory
sha256sum: docs/progress/R112/code/item4_filesystem_actual_direction.cpp: No such file or directory
sha256sum: docs/progress/R112/code/item4_partial_consumer.c: No such file or directory
sha256sum: docs/progress/R112/code/item4_partial_new.c: No such file or directory
sha256sum: docs/progress/R112/code/item4_partial_old.c: No such file or directory
sha256sum: docs/progress/R112/code/item5_cxx03_header_probe.cpp: No such file or directory
sha256sum: docs/progress/R112/code/make_removed_overlay.py: No such file or directory
sha256sum: docs/progress/R112/code/make_wbuffer_overlay.py: No such file or directory
sha256sum: docs/progress/R112/code/run_item1_matrix.py: No such file or directory
sha256sum: docs/progress/R112/code/run_item2_matrix.py: No such file or directory
sha256sum: docs/progress/R112/code/run_item3_matrix.py: No such file or directory
sha256sum: docs/progress/R112/code/run_item4_boost_test.py: No such file or directory
sha256sum: docs/progress/R112/code/run_item4_matrix.py: No such file or directory
sha256sum: docs/progress/R112/code/run_item4_partial_binding.py: No such file or directory
sha256sum: docs/progress/R112/code/run_logged.sh: No such file or directory
sha256sum: docs/progress/R112/code/summarize_static_archive_scope.py: No such file or directory
sha256sum: docs/progress/R112/code/validate_r112.py: No such file or directory
sha256sum: docs/progress/R112/code/verify_e029_symbol_retention.py: No such file or directory
sha256sum: docs/progress/R112/tables/item1_cancel_matrix.tsv: No such file or directory
sha256sum: docs/progress/R112/tables/item2_comdat_matrix.tsv: No such file or directory
sha256sum: docs/progress/R112/tables/item3_wbuffer_matrix.tsv: No such file or directory
sha256sum: docs/progress/R112/tables/item4_actual_direction_matrix.tsv: No such file or directory
sha256sum: docs/progress/R112/tables/item4_boost_test_actual_direction_matrix.tsv: No such file or directory
sha256sum: docs/progress/R112/tables/item4_consumer_binding_tags.tsv: No such file or directory
sha256sum: docs/progress/R112/tables/item4_e029_symbol_retention.tsv: No such file or directory
sha256sum: docs/progress/R112/tables/item4_partial_binding_matrix.tsv: No such file or directory
sha256sum: WARNING: 43 listed files could not be read
