00448000-0044a000 r-xp 00000000 b3:05 39227      /opt/usr/home/owner/share/tmp/adaptor_0912_w1/offscreen_probe
0044a000-0044b000 r--p 00002000 b3:05 39227      /opt/usr/home/owner/share/tmp/adaptor_0912_w1/offscreen_probe
0044b000-0044c000 rw-p 00003000 b3:05 39227      /opt/usr/home/owner/share/tmp/adaptor_0912_w1/offscreen_probe
01b97000-01bf2000 rw-p 00000000 00:00 0          [heap]
b4b0f000-b4da3000 r-xp 00000000 b3:02 15088      /usr/lib/libdali2-toolkit.so.2.0.0
b4da3000-b4dac000 r--p 00294000 b3:02 15088      /usr/lib/libdali2-toolkit.so.2.0.0
b4dac000-b4daf000 rw-p 0029d000 b3:02 15088      /usr/lib/libdali2-toolkit.so.2.0.0
b4daf000-b4db5000 rw-p 00000000 00:00 0 
b4db5000-b50be000 r-xp 00000000 b3:02 15446      /usr/lib/libdali2-csharp-binder.so.2.0.0
b50be000-b50bf000 r--p 00309000 b3:02 15446      /usr/lib/libdali2-csharp-binder.so.2.0.0
b50bf000-b50c3000 rw-p 0030a000 b3:02 15446      /usr/lib/libdali2-csharp-binder.so.2.0.0
b50c3000-b50c5000 r-xp 00000000 b3:02 13041      /usr/lib/cynara/plugin/client/liblicense-manager-plugin-client.so
b50c5000-b50c6000 r--p 00002000 b3:02 13041      /usr/lib/cynara/plugin/client/liblicense-manager-plugin-client.so
b50c6000-b50c7000 rw-p 00003000 b3:02 13041      /usr/lib/cynara/plugin/client/liblicense-manager-plugin-client.so
b50c7000-b50dd000 r-xp 00000000 b3:02 13232      /usr/lib/libaskuser-notification-common.so.0.1.0
b50dd000-b50de000 r--p 00016000 b3:02 13232      /usr/lib/libaskuser-notification-common.so.0.1.0
b50de000-b50df000 rw-p 00017000 b3:02 13232      /usr/lib/libaskuser-notification-common.so.0.1.0
b50df000-b50e4000 r-xp 00000000 b3:02 13918      /usr/lib/cynara/plugin/client/libaskuser-plugin-client.so
b50e4000-b50e5000 r--p 00005000 b3:02 13918      /usr/lib/cynara/plugin/client/libaskuser-plugin-client.so
b50e5000-b50e6000 rw-p 00006000 b3:02 13918      /usr/lib/cynara/plugin/client/libaskuser-plugin-client.so
b50e6000-b50e8000 r-xp 00000000 b3:02 8215       /usr/lib/libboost_atomic.so.1.83.0
b50e8000-b50e9000 rw-p 00001000 b3:02 8215       /usr/lib/libboost_atomic.so.1.83.0
b50e9000-b50ed000 rw-p 00000000 00:00 0 
b50ed000-b50f0000 r-xp 00000000 b3:02 8568       /usr/lib/libattr.so.1.1.2501
b50f0000-b50f1000 r--p 00003000 b3:02 8568       /usr/lib/libattr.so.1.1.2501
b50f1000-b50f2000 rw-p 00004000 b3:02 8568       /usr/lib/libattr.so.1.1.2501
b50f2000-b5114000 r-xp 00000000 b3:02 4770       /usr/lib/libcynara-storage.so.0.26.0
b5114000-b5115000 r--p 00022000 b3:02 4770       /usr/lib/libcynara-storage.so.0.26.0
b5115000-b5116000 rw-p 00023000 b3:02 4770       /usr/lib/libcynara-storage.so.0.26.0
b5116000-b513e000 r-xp 00000000 b3:02 1522       /usr/lib/libcrypt.so.1.1.0
b513e000-b513f000 r--p 00028000 b3:02 1522       /usr/lib/libcrypt.so.1.1.0
b513f000-b5140000 rw-p 00029000 b3:02 1522       /usr/lib/libcrypt.so.1.1.0
b5140000-b5148000 rw-p 00000000 00:00 0 
b5148000-b5162000 r-xp 00000000 b3:02 8234       /usr/lib/libboost_filesystem.so.1.83.0
b5162000-b5163000 rw-p 0001a000 b3:02 8234       /usr/lib/libboost_filesystem.so.1.83.0
b5163000-b5168000 r-xp 00000000 b3:02 1327       /usr/lib/libsmack.so.1.3.1
b5168000-b5169000 r--p 00005000 b3:02 1327       /usr/lib/libsmack.so.1.3.1
b5169000-b516a000 rw-p 00006000 b3:02 1327       /usr/lib/libsmack.so.1.3.1
b516a000-b516c000 rw-p 00000000 00:00 0 
b516c000-b5170000 r-xp 00000000 b3:02 8574       /usr/lib/libacl.so.1.1.2302
b5170000-b5171000 r--p 00004000 b3:02 8574       /usr/lib/libacl.so.1.1.2302
b5171000-b5172000 rw-p 00005000 b3:02 8574       /usr/lib/libacl.so.1.1.2302
b5172000-b517f000 r-xp 00000000 b3:02 9674       /usr/lib/libsecurity-privilege-manager.so.1.4.0
b517f000-b5180000 r--p 0000d000 b3:02 9674       /usr/lib/libsecurity-privilege-manager.so.1.4.0
b5180000-b5181000 rw-p 0000e000 b3:02 9674       /usr/lib/libsecurity-privilege-manager.so.1.4.0
b5181000-b5195000 r-xp 00000000 b3:02 5125       /usr/lib/libcynara-admin.so.0.26.0
b5195000-b5196000 r--p 00014000 b3:02 5125       /usr/lib/libcynara-admin.so.0.26.0
b5196000-b5197000 rw-p 00015000 b3:02 5125       /usr/lib/libcynara-admin.so.0.26.0
b5197000-b525b000 r-xp 00000000 b3:02 13062      /usr/lib/libsecurity-manager-commons.so.1.0.2
b525b000-b525d000 r--p 000c4000 b3:02 13062      /usr/lib/libsecurity-manager-commons.so.1.0.2
b525d000-b525f000 rw-p 000c6000 b3:02 13062      /usr/lib/libsecurity-manager-commons.so.1.0.2
b525f000-b5263000 r-xp 00000000 b3:02 9815       /usr/lib/libcapi-appfw-app-control-uri.so.0.26.2
b5263000-b5264000 r--p 00004000 b3:02 9815       /usr/lib/libcapi-appfw-app-control-uri.so.0.26.2
b5264000-b5265000 rw-p 00005000 b3:02 9815       /usr/lib/libcapi-appfw-app-control-uri.so.0.26.2
b5265000-b52e7000 r-xp 00000000 b3:02 1162       /usr/lib/libssl.so.3
b52e7000-b52ed000 r--p 00082000 b3:02 1162       /usr/lib/libssl.so.3
b52ed000-b52f1000 rw-p 00088000 b3:02 1162       /usr/lib/libssl.so.3
b52f1000-b52f7000 r-xp 00000000 b3:02 5102       /usr/lib/libecore_ipc.so.1.25.1
b52f7000-b52f8000 r--p 00006000 b3:02 5102       /usr/lib/libecore_ipc.so.1.25.1
b52f8000-b52f9000 rw-p 00007000 b3:02 5102       /usr/lib/libecore_ipc.so.1.25.1
b52f9000-b53bc000 r-xp 00000000 b3:02 1151       /usr/lib/libsqlite3.so.3.51.0
b53bc000-b53be000 r--p 000c3000 b3:02 1151       /usr/lib/libsqlite3.so.3.51.0
b53be000-b53c1000 rw-p 000c5000 b3:02 1151       /usr/lib/libsqlite3.so.3.51.0
b53c1000-b53c3000 rw-p 00000000 00:00 0 
b53c3000-b53ef000 r-xp 00000000 b3:02 13048      /usr/lib/libsecurity-manager-client.so.3.0.0
b53ef000-b53f0000 r--p 0002c000 b3:02 13048      /usr/lib/libsecurity-manager-client.so.3.0.0
b53f0000-b53f1000 rw-p 0002d000 b3:02 13048      /usr/lib/libsecurity-manager-client.so.3.0.0
b53f1000-b53f3000 rw-p 00000000 00:00 0 
b53f3000-b53f6000 r-xp 00000000 b3:02 1171       /usr/lib/libiniparser.so.4.2.6
b53f6000-b53f7000 r--p 00003000 b3:02 1171       /usr/lib/libiniparser.so.4.2.6
b53f7000-b53f8000 rw-p 00004000 b3:02 1171       /usr/lib/libiniparser.so.4.2.6
b53f8000-b5410000 r-xp 00000000 b3:02 9817       /usr/lib/libcapi-appfw-app-control.so.0.26.2
b5410000-b5411000 r--p 00018000 b3:02 9817       /usr/lib/libcapi-appfw-app-control.so.0.26.2
b5411000-b5412000 rw-p 00019000 b3:02 9817       /usr/lib/libcapi-appfw-app-control.so.0.26.2
b5412000-b5418000 r-xp 00000000 b3:02 1371       /usr/lib/libcap.so.2.73
b5418000-b5419000 r--p 00006000 b3:02 1371       /usr/lib/libcap.so.2.73
b5419000-b541a000 rw-p 00007000 b3:02 1371       /usr/lib/libcap.so.2.73
b541a000-b5436000 r-xp 00000000 b3:02 1538       /usr/lib/liblzma.so.5.8.1
b5436000-b5437000 r--p 0001c000 b3:02 1538       /usr/lib/liblzma.so.5.8.1
b5437000-b5438000 rw-p 0001d000 b3:02 1538       /usr/lib/liblzma.so.5.8.1
b5438000-b543d000 r-xp 00000000 b3:02 4885       /usr/lib/libcynara-creds-commons.so.0.26.0
b543d000-b543e000 r--p 00005000 b3:02 4885       /usr/lib/libcynara-creds-commons.so.0.26.0
b543e000-b543f000 rw-p 00006000 b3:02 4885       /usr/lib/libcynara-creds-commons.so.0.26.0
b543f000-b5443000 r-xp 00000000 b3:02 4878       /usr/lib/libcynara-uid-creds.so..26.0
b5443000-b5444000 r--p 00004000 b3:02 4878       /usr/lib/libcynara-uid-creds.so..26.0
b5444000-b5445000 rw-p 00005000 b3:02 4878       /usr/lib/libcynara-uid-creds.so..26.0
b5445000-b544c000 r-xp 00000000 b3:02 4863       /usr/lib/libcynara-client-commons.so.0.26.0
b544c000-b544d000 r--p 00007000 b3:02 4863       /usr/lib/libcynara-client-commons.so.0.26.0
b544d000-b544e000 rw-p 00008000 b3:02 4863       /usr/lib/libcynara-client-commons.so.0.26.0
b544e000-b545f000 r-xp 00000000 b3:02 9567       /usr/lib/hal/libhal-api-common.so.0.1.0
b545f000-b5460000 r--p 00011000 b3:02 9567       /usr/lib/hal/libhal-api-common.so.0.1.0
b5460000-b5462000 rw-p 00012000 b3:02 9567       /usr/lib/hal/libhal-api-common.so.0.1.0
b5462000-b5466000 rw-p 00000000 00:00 0 
b5466000-b5467000 r-xp 00000000 b3:02 1087       /usr/lib/librt.so.1
b5467000-b5468000 r--p 00001000 b3:02 1087       /usr/lib/librt.so.1
b5468000-b5469000 rw-p 00002000 b3:02 1087       /usr/lib/librt.so.1
b5469000-b54c1000 r-xp 00000000 b3:02 5035       /usr/lib/libecore_con.so.1.25.1
b54c1000-b54c3000 r--p 00058000 b3:02 5035       /usr/lib/libecore_con.so.1.25.1
b54c3000-b54c5000 rw-p 0005a000 b3:02 5035       /usr/lib/libecore_con.so.1.25.1
b54c5000-b5720000 r-xp 00000000 b3:02 1161       /usr/lib/libcrypto.so.3
b5720000-b575b000 r--p 0025b000 b3:02 1161       /usr/lib/libcrypto.so.3
b575b000-b575d000 rw-p 00296000 b3:02 1161       /usr/lib/libcrypto.so.3
b575d000-b575f000 rw-p 00000000 00:00 0 
b575f000-b577d000 r-xp 00000000 b3:02 5014       /usr/lib/libemile.so.1.25.1
b577d000-b577e000 r--p 0001e000 b3:02 5014       /usr/lib/libemile.so.1.25.1
b577e000-b577f000 rw-p 0001f000 b3:02 5014       /usr/lib/libemile.so.1.25.1
b577f000-b5787000 rw-p 00000000 00:00 0 
b5787000-b579f000 r-xp 00000000 b3:02 5110       /usr/lib/libefreet.so.1.25.1
b579f000-b57a0000 r--p 00018000 b3:02 5110       /usr/lib/libefreet.so.1.25.1
b57a0000-b57a1000 rw-p 00019000 b3:02 5110       /usr/lib/libefreet.so.1.25.1
b57a1000-b57a2000 rw-p 00000000 00:00 0 
b57a2000-b57c8000 r-xp 00000000 b3:02 1628       /usr/lib/libudev.so.1.6.16
b57c8000-b57c9000 r--p 00026000 b3:02 1628       /usr/lib/libudev.so.1.6.16
b57c9000-b57ca000 rw-p 00027000 b3:02 1628       /usr/lib/libudev.so.1.6.16
b57ca000-b57cd000 r-xp 00000000 b3:02 4905       /usr/lib/libcynara-creds-pid.so.0.26.0
b57cd000-b57ce000 r--p 00003000 b3:02 4905       /usr/lib/libcynara-creds-pid.so.0.26.0
b57ce000-b57cf000 rw-p 00004000 b3:02 4905       /usr/lib/libcynara-creds-pid.so.0.26.0
b57cf000-b57d0000 r-xp 00000000 b3:02 4775       /usr/lib/libcynara-session.so.0.26.0
b57d0000-b57d1000 r--p 00001000 b3:02 4775       /usr/lib/libcynara-session.so.0.26.0
b57d1000-b57d2000 rw-p 00002000 b3:02 4775       /usr/lib/libcynara-session.so.0.26.0
b57d2000-b5810000 r-xp 00000000 b3:02 9653       /usr/lib/libpkgmgr_installer.so.0.23.1
b5810000-b5811000 r--p 0003e000 b3:02 9653       /usr/lib/libpkgmgr_installer.so.0.23.1
b5811000-b5812000 rw-p 0003f000 b3:02 9653       /usr/lib/libpkgmgr_installer.so.0.23.1
b5812000-b5814000 rw-p 00000000 00:00 0 
b5814000-b5863000 r-xp 00000000 b3:02 13284      /usr/lib/libnotification.so.0.12.4
b5863000-b5864000 r--p 0004f000 b3:02 13284      /usr/lib/libnotification.so.0.12.4
b5864000-b5865000 rw-p 00050000 b3:02 13284      /usr/lib/libnotification.so.0.12.4
b5865000-b5867000 r-xp 00000000 b3:02 9592       /usr/lib/libappsvc.so.0.1.0
b5867000-b5868000 r--p 00002000 b3:02 9592       /usr/lib/libappsvc.so.0.1.0
b5868000-b5869000 rw-p 00003000 b3:02 9592       /usr/lib/libappsvc.so.0.1.0
b5869000-b588a000 r-xp 00000000 b3:02 1381       /usr/lib/libblkid.so.1.1.0
b588a000-b588d000 r--p 00021000 b3:02 1381       /usr/lib/libblkid.so.1.1.0
b588d000-b588e000 rw-p 00024000 b3:02 1381       /usr/lib/libblkid.so.1.1.0
b588e000-b5892000 r-xp 00000000 b3:02 4927       /usr/lib/libcontext-shared.so.4.0.3
b5892000-b5893000 r--p 00004000 b3:02 4927       /usr/lib/libcontext-shared.so.4.0.3
b5893000-b5894000 rw-p 00005000 b3:02 4927       /usr/lib/libcontext-shared.so.4.0.3
b5894000-b5896000 r-xp 00000000 b3:02 4923       /usr/lib/libcontext-client.so.4.0.3
b5896000-b5897000 r--p 00002000 b3:02 4923       /usr/lib/libcontext-client.so.4.0.3
b5897000-b5898000 rw-p 00003000 b3:02 4923       /usr/lib/libcontext-client.so.4.0.3
b5898000-b58ab000 r-xp 00000000 b3:02 9797       /usr/lib/libsensord-shared.so
b58ab000-b58ac000 r--p 00013000 b3:02 9797       /usr/lib/libsensord-shared.so
b58ac000-b58ad000 rw-p 00014000 b3:02 9797       /usr/lib/libsensord-shared.so
b58ad000-b58af000 r-xp 00000000 b3:02 4900       /usr/lib/libcynara-creds-socket.so.0.26.0
b58af000-b58b0000 r--p 00002000 b3:02 4900       /usr/lib/libcynara-creds-socket.so.0.26.0
b58b0000-b58b1000 rw-p 00003000 b3:02 4900       /usr/lib/libcynara-creds-socket.so.0.26.0
b58b1000-b58fb000 r-xp 00000000 b3:02 4768       /usr/lib/libcynara-commons.so.0.26.0
b58fb000-b58fd000 r--p 0004a000 b3:02 4768       /usr/lib/libcynara-commons.so.0.26.0
b58fd000-b58fe000 rw-p 0004c000 b3:02 4768       /usr/lib/libcynara-commons.so.0.26.0
b58fe000-b5900000 rw-p 00000000 00:00 0 
b5900000-b591c000 r-xp 00000000 b3:02 4870       /usr/lib/libtizen-core.so.0.4.2
b591c000-b591d000 r--p 0001c000 b3:02 4870       /usr/lib/libtizen-core.so.0.4.2
b591d000-b591e000 rw-p 0001d000 b3:02 4870       /usr/lib/libtizen-core.so.0.4.2
b591e000-b5924000 r-xp 00000000 b3:02 1690       /usr/lib/libminizip.so.1.0.0
b5924000-b5925000 r--p 00006000 b3:02 1690       /usr/lib/libminizip.so.1.0.0
b5925000-b5926000 rw-p 00007000 b3:02 1690       /usr/lib/libminizip.so.1.0.0
b5926000-b5929000 r-xp 00000000 b3:02 9639       /usr/lib/libpkgmgr_common.so.0.23.1
b5929000-b592a000 r--p 00003000 b3:02 9639       /usr/lib/libpkgmgr_common.so.0.23.1
b592a000-b592b000 rw-p 00004000 b3:02 9639       /usr/lib/libpkgmgr_common.so.0.23.1
b592b000-b59b7000 r-xp 00000000 b3:02 1626       /usr/lib/libsystemd.so.0.27.1
b59b7000-b59b9000 r--p 0008c000 b3:02 1626       /usr/lib/libsystemd.so.0.27.1
b59b9000-b59ba000 rw-p 0008e000 b3:02 1626       /usr/lib/libsystemd.so.0.27.1
b59ba000-b59bc000 r-xp 00000000 b3:02 4895       /usr/lib/libcynara-creds-self.so.0.26.0
b59bc000-b59bd000 r--p 00002000 b3:02 4895       /usr/lib/libcynara-creds-self.so.0.26.0
b59bd000-b59be000 rw-p 00003000 b3:02 4895       /usr/lib/libcynara-creds-self.so.0.26.0
b59be000-b59c5000 r-xp 00000000 b3:02 4865       /usr/lib/libcynara-client.so.0.26.0
b59c5000-b59c6000 r--p 00007000 b3:02 4865       /usr/lib/libcynara-client.so.0.26.0
b59c6000-b59c7000 rw-p 00008000 b3:02 4865       /usr/lib/libcynara-client.so.0.26.0
b59c7000-b5a37000 r-xp 00000000 b3:02 1676       /usr/lib/libpixman-1.so.0.38.4
b5a37000-b5a3d000 r--p 00070000 b3:02 1676       /usr/lib/libpixman-1.so.0.38.4
b5a3d000-b5a3e000 rw-p 00076000 b3:02 1676       /usr/lib/libpixman-1.so.0.38.4
b5a3e000-b5a49000 r-xp 00000000 b3:02 1953       /usr/lib/libdrm.so.2.131.0
b5a49000-b5a4a000 r--p 0000b000 b3:02 1953       /usr/lib/libdrm.so.2.131.0
b5a4a000-b5a4b000 rw-p 0000c000 b3:02 1953       /usr/lib/libdrm.so.2.131.0
b5a4b000-b5a50000 r-xp 00000000 b3:02 9958       /usr/lib/hal/libhal-api-tbm.so.1.1
b5a50000-b5a51000 r--p 00005000 b3:02 9958       /usr/lib/hal/libhal-api-tbm.so.1.1
b5a51000-b5a52000 rw-p 00006000 b3:02 9958       /usr/lib/hal/libhal-api-tbm.so.1.1
b5a52000-b5a54000 rw-p 00000000 00:00 0 
b5a54000-b5a55000 r-xp 00000000 b3:02 4824       /usr/lib/libtizen-remote-surface-client.so.0.0.0
b5a55000-b5a56000 r--p 00001000 b3:02 4824       /usr/lib/libtizen-remote-surface-client.so.0.0.0
b5a56000-b5a57000 rw-p 00002000 b3:02 4824       /usr/lib/libtizen-remote-surface-client.so.0.0.0
b5a57000-b5a66000 r-xp 00000000 b3:02 10154      /usr/lib/libscreen_connector_input.so.1.9.12
b5a66000-b5a67000 r--p 0000f000 b3:02 10154      /usr/lib/libscreen_connector_input.so.1.9.12
b5a67000-b5a68000 rw-p 00010000 b3:02 10154      /usr/lib/libscreen_connector_input.so.1.9.12
b5a68000-b5a69000 r-xp 00000000 b3:02 4783       /usr/lib/libcursor-shape-v1-client.so.0.0.0
b5a69000-b5a6a000 r--p 00001000 b3:02 4783       /usr/lib/libcursor-shape-v1-client.so.0.0.0
b5a6a000-b5a6b000 rw-p 00002000 b3:02 4783       /usr/lib/libcursor-shape-v1-client.so.0.0.0
b5a6b000-b5a6c000 r-xp 00000000 b3:02 4798       /usr/lib/libpointer-warp-v1-client.so.0.0.0
b5a6c000-b5a6d000 r--p 00001000 b3:02 4798       /usr/lib/libpointer-warp-v1-client.so.0.0.0
b5a6d000-b5a6e000 rw-p 00002000 b3:02 4798       /usr/lib/libpointer-warp-v1-client.so.0.0.0
b5a6e000-b5a6f000 r-xp 00000000 b3:02 4832       /usr/lib/libwtz-blur-client.so.0.0.0
b5a6f000-b5a70000 r--p 00001000 b3:02 4832       /usr/lib/libwtz-blur-client.so.0.0.0
b5a70000-b5a71000 rw-p 00002000 b3:02 4832       /usr/lib/libwtz-blur-client.so.0.0.0
b5a71000-b5a72000 r-xp 00000000 b3:02 4794       /usr/lib/libpointer-constraints-unstable-v1-client.so.0.0.0
b5a72000-b5a73000 r--p 00001000 b3:02 4794       /usr/lib/libpointer-constraints-unstable-v1-client.so.0.0.0
b5a73000-b5a74000 rw-p 00002000 b3:02 4794       /usr/lib/libpointer-constraints-unstable-v1-client.so.0.0.0
b5a74000-b5a75000 r-xp 00000000 b3:02 4802       /usr/lib/librelative-pointer-unstable-v1-client.so.0.0.0
b5a75000-b5a76000 r--p 00001000 b3:02 4802       /usr/lib/librelative-pointer-unstable-v1-client.so.0.0.0
b5a76000-b5a77000 rw-p 00002000 b3:02 4802       /usr/lib/librelative-pointer-unstable-v1-client.so.0.0.0
b5a77000-b5a78000 r-xp 00000000 b3:02 4844       /usr/lib/libwtz-video-shell-client.so.0.0.0
b5a78000-b5a79000 r--p 00001000 b3:02 4844       /usr/lib/libwtz-video-shell-client.so.0.0.0
b5a79000-b5a7a000 rw-p 00002000 b3:02 4844       /usr/lib/libwtz-video-shell-client.so.0.0.0
b5a7a000-b5a7b000 r-xp 00000000 b3:02 4838       /usr/lib/libwtz-screen-client.so.0.0.0
b5a7b000-b5a7c000 r--p 00001000 b3:02 4838       /usr/lib/libwtz-screen-client.so.0.0.0
b5a7c000-b5a7d000 rw-p 00002000 b3:02 4838       /usr/lib/libwtz-screen-client.so.0.0.0
b5a7d000-b5a7f000 rw-p 00000000 00:00 0 
b5a7f000-b5a80000 r-xp 00000000 b3:02 4840       /usr/lib/libwtz-shell-client.so.0.0.0
b5a80000-b5a81000 r--p 00001000 b3:02 4840       /usr/lib/libwtz-shell-client.so.0.0.0
b5a81000-b5a82000 rw-p 00002000 b3:02 4840       /usr/lib/libwtz-shell-client.so.0.0.0
b5a82000-b5a83000 r-xp 00000000 b3:02 4834       /usr/lib/libwtz-foreign-client.so.0.0.0
b5a83000-b5a84000 r--p 00001000 b3:02 4834       /usr/lib/libwtz-foreign-client.so.0.0.0
b5a84000-b5a85000 rw-p 00002000 b3:02 4834       /usr/lib/libwtz-foreign-client.so.0.0.0
b5a85000-b5a86000 r-xp 00000000 b3:02 4822       /usr/lib/libtizen-policy-ext-client.so.0.0.0
b5a86000-b5a87000 r--p 00001000 b3:02 4822       /usr/lib/libtizen-policy-ext-client.so.0.0.0
b5a87000-b5a88000 rw-p 00002000 b3:02 4822       /usr/lib/libtizen-policy-ext-client.so.0.0.0
b5a88000-b5a91000 r-xp 00000000 b3:02 10038      /usr/lib/libwayland-tbm-client.so.0.0.0
b5a91000-b5a92000 r--p 00009000 b3:02 10038      /usr/lib/libwayland-tbm-client.so.0.0.0
b5a92000-b5a93000 rw-p 0000a000 b3:02 10038      /usr/lib/libwayland-tbm-client.so.0.0.0
b5a93000-b5a96000 r-xp 00000000 b3:02 5135       /usr/lib/libwayland-cursor.so.0.23.1
b5a96000-b5a97000 r--p 00003000 b3:02 5135       /usr/lib/libwayland-cursor.so.0.23.1
b5a97000-b5a9a000 rw-p 00004000 b3:02 5135       /usr/lib/libwayland-cursor.so.0.23.1
b5a9a000-b5aa6000 r-xp 00000000 b3:02 4879       /usr/lib/libwayland-server.so.0.23.1
b5aa6000-b5aa7000 r--p 0000c000 b3:02 4879       /usr/lib/libwayland-server.so.0.23.1
b5aa7000-b5aa8000 rw-p 0000d000 b3:02 4879       /usr/lib/libwayland-server.so.0.23.1
b5aa8000-b5aad000 r-xp 00000000 b3:02 5041       /usr/lib/libecore_file.so.1.25.1
b5aad000-b5aae000 r--p 00005000 b3:02 5041       /usr/lib/libecore_file.so.1.25.1
b5aae000-b5aaf000 rw-p 00006000 b3:02 5041       /usr/lib/libecore_file.so.1.25.1
b5aaf000-b5ac6000 r-xp 00000000 b3:02 5018       /usr/lib/libeet.so.1.25.1
b5ac6000-b5ac7000 r--p 00017000 b3:02 5018       /usr/lib/libeet.so.1.25.1
b5ac7000-b5ac8000 rw-p 00018000 b3:02 5018       /usr/lib/libeet.so.1.25.1
b5ac8000-b5ad0000 rw-p 00000000 00:00 0 
b5ad0000-b5ae2000 r-xp 00000000 b3:02 5120       /usr/lib/libeio.so.1.25.1
b5ae2000-b5ae3000 r--p 00012000 b3:02 5120       /usr/lib/libeio.so.1.25.1
b5ae3000-b5ae4000 rw-p 00013000 b3:02 5120       /usr/lib/libeio.so.1.25.1
b5ae4000-b5aef000 r-xp 00000000 b3:02 5176       /usr/lib/libeeze.so.1.25.1
b5aef000-b5af0000 r--p 0000b000 b3:02 5176       /usr/lib/libeeze.so.1.25.1
b5af0000-b5af1000 rw-p 0000c000 b3:02 5176       /usr/lib/libeeze.so.1.25.1
b5af1000-b5af3000 rw-p 00000000 00:00 0 
b5af3000-b5af4000 r-xp 00000000 b3:02 9530       /usr/lib/libaul-blink.so.0.84.11
b5af4000-b5af5000 r--p 00001000 b3:02 9530       /usr/lib/libaul-blink.so.0.84.11
b5af5000-b5af6000 rw-p 00002000 b3:02 9530       /usr/lib/libaul-blink.so.0.84.11
b5af6000-b5b00000 r-xp 00000000 b3:02 1898       /usr/lib/libunwind-arm.so.8.0.1
b5b00000-b5b01000 r--p 0000a000 b3:02 1898       /usr/lib/libunwind-arm.so.8.0.1
b5b01000-b5b02000 rw-p 0000b000 b3:02 1898       /usr/lib/libunwind-arm.so.8.0.1
b5b02000-b5b1b000 rw-p 00000000 00:00 0 
b5b1b000-b5b1d000 r-xp 00000000 b3:02 1902       /usr/lib/libunwind-ptrace.so.0.0.0
b5b1d000-b5b1e000 r--p 00002000 b3:02 1902       /usr/lib/libunwind-ptrace.so.0.0.0
b5b1e000-b5b1f000 rw-p 00003000 b3:02 1902       /usr/lib/libunwind-ptrace.so.0.0.0
b5b1f000-b5b25000 r-xp 00000000 b3:02 1534       /usr/lib/libxdgmime.so.1.1.0
b5b25000-b5b26000 r--p 00006000 b3:02 1534       /usr/lib/libxdgmime.so.1.1.0
b5b26000-b5b27000 rw-p 00007000 b3:02 1534       /usr/lib/libxdgmime.so.1.1.0
b5b27000-b5b2c000 r-xp 00000000 b3:02 1270       /usr/lib/libuuid.so.1.3.0
b5b2c000-b5b2d000 r--p 00005000 b3:02 1270       /usr/lib/libuuid.so.1.3.0
b5b2d000-b5b2e000 rw-p 00006000 b3:02 1270       /usr/lib/libuuid.so.1.3.0
b5b2e000-b5b34000 r-xp 00000000 b3:02 4780       /usr/lib/libparcel.so.0.18.15
b5b34000-b5b35000 r--p 00006000 b3:02 4780       /usr/lib/libparcel.so.0.18.15
b5b35000-b5b36000 rw-p 00007000 b3:02 4780       /usr/lib/libparcel.so.0.18.15
b5b36000-b5b37000 r-xp 00000000 b3:02 4874       /usr/lib/libcynara-uid.so.0.26.0
b5b37000-b5b38000 r--p 00001000 b3:02 4874       /usr/lib/libcynara-uid.so.0.26.0
b5b38000-b5b39000 rw-p 00002000 b3:02 4874       /usr/lib/libcynara-uid.so.0.26.0
b5b39000-b5b3a000 r-xp 00000000 b3:02 4854       /usr/lib/libcapi-system-resource.so.1.0.0
b5b3a000-b5b3b000 r--p 00001000 b3:02 4854       /usr/lib/libcapi-system-resource.so.1.0.0
b5b3b000-b5b3c000 rw-p 00002000 b3:02 4854       /usr/lib/libcapi-system-resource.so.1.0.0
b5b3c000-b5b47000 r-xp 00000000 b3:02 9660       /usr/lib/libcapi-appfw-package-manager.so.0.15.3
b5b47000-b5b48000 r--p 0000b000 b3:02 9660       /usr/lib/libcapi-appfw-package-manager.so.0.15.3
b5b48000-b5b49000 rw-p 0000c000 b3:02 9660       /usr/lib/libcapi-appfw-package-manager.so.0.15.3
b5b49000-b5b4b000 rw-p 00000000 00:00 0 
b5b4b000-b5b65000 r-xp 00000000 b3:02 3749       /usr/lib/libjson-glib-1.0.so.0.800.0
b5b65000-b5b66000 r--p 0001a000 b3:02 3749       /usr/lib/libjson-glib-1.0.so.0.800.0
b5b66000-b5b67000 rw-p 0001b000 b3:02 3749       /usr/lib/libjson-glib-1.0.so.0.800.0
b5b67000-b5b7d000 r-xp 00000000 b3:02 13288      /usr/lib/libalarm.so.0.14.12
b5b7d000-b5b7e000 r--p 00016000 b3:02 13288      /usr/lib/libalarm.so.0.14.12
b5b7e000-b5b7f000 rw-p 00017000 b3:02 13288      /usr/lib/libalarm.so.0.14.12
b5b7f000-b5bf5000 r-xp 00000000 b3:02 9485       /usr/lib/libpkgmgr-info.so.0.37.2
b5bf5000-b5bf6000 r--p 00076000 b3:02 9485       /usr/lib/libpkgmgr-info.so.0.37.2
b5bf6000-b5bf7000 rw-p 00077000 b3:02 9485       /usr/lib/libpkgmgr-info.so.0.37.2
b5bf7000-b5bf8000 rw-p 00000000 00:00 0 
b5bf8000-b5c00000 r-xp 00000000 b3:02 5069       /usr/lib/libsessiond.so.10.6.21
b5c00000-b5c01000 r--p 00008000 b3:02 5069       /usr/lib/libsessiond.so.10.6.21
b5c01000-b5c02000 rw-p 00009000 b3:02 5069       /usr/lib/libsessiond.so.10.6.21
b5c02000-b5c04000 r-xp 00000000 b3:02 1338       /usr/lib/libttrace.so.1.1.0
b5c04000-b5c05000 r--p 00002000 b3:02 1338       /usr/lib/libttrace.so.1.1.0
b5c05000-b5c06000 rw-p 00003000 b3:02 1338       /usr/lib/libttrace.so.1.1.0
b5c06000-b5c07000 r-xp 00000000 b3:02 4820       /usr/lib/libtizen-launch-client.so.0.0.0
b5c07000-b5c08000 r--p 00001000 b3:02 4820       /usr/lib/libtizen-launch-client.so.0.0.0
b5c08000-b5c09000 rw-p 00002000 b3:02 4820       /usr/lib/libtizen-launch-client.so.0.0.0
b5c09000-b5c0d000 r-xp 00000000 b3:02 4816       /usr/lib/libtizen-extension-client.so.0.0.0
b5c0d000-b5c0e000 r--p 00004000 b3:02 4816       /usr/lib/libtizen-extension-client.so.0.0.0
b5c0e000-b5c0f000 rw-p 00005000 b3:02 4816       /usr/lib/libtizen-extension-client.so.0.0.0
b5c0f000-b5c11000 r-xp 00000000 b3:02 9809       /usr/lib/libapp-core-rotation-cpp.so.1.27.13
b5c11000-b5c12000 r--p 00002000 b3:02 9809       /usr/lib/libapp-core-rotation-cpp.so.1.27.13
b5c12000-b5c13000 rw-p 00003000 b3:02 9809       /usr/lib/libapp-core-rotation-cpp.so.1.27.13
b5c13000-b5c4e000 r-xp 00000000 b3:02 5024       /usr/lib/libefl.so.1.25.1
b5c4e000-b5c51000 r--p 0003b000 b3:02 5024       /usr/lib/libefl.so.1.25.1
b5c51000-b5c52000 rw-p 0003e000 b3:02 5024       /usr/lib/libefl.so.1.25.1
b5c52000-b5c54000 rw-p 00000000 00:00 0 
b5c54000-b5c67000 r-xp 00000000 b3:02 5010       /usr/lib/libeo.so.1.25.1
b5c67000-b5c68000 r--p 00013000 b3:02 5010       /usr/lib/libeo.so.1.25.1
b5c68000-b5c69000 rw-p 00014000 b3:02 5010       /usr/lib/libeo.so.1.25.1
b5c69000-b5c6b000 rw-p 00000000 00:00 0 
b5c6b000-b5c74000 r-xp 00000000 b3:02 1949       /usr/lib/libffi.so.8.1.4
b5c74000-b5c75000 r--p 00009000 b3:02 1949       /usr/lib/libffi.so.8.1.4
b5c75000-b5c76000 rw-p 0000a000 b3:02 1949       /usr/lib/libffi.so.8.1.4
b5c76000-b5ca7000 r-xp 00000000 b3:02 1637       /usr/lib/libmount.so.1.1.0
b5ca7000-b5ca8000 r--p 00031000 b3:02 1637       /usr/lib/libmount.so.1.1.0
b5ca8000-b5ca9000 rw-p 00032000 b3:02 1637       /usr/lib/libmount.so.1.1.0
b5ca9000-b5cab000 rw-p 00000000 00:00 0 
b5cab000-b5cad000 r-xp 00000000 b3:02 2943       /usr/lib/libgmodule-2.0.so.0.8000.5
b5cad000-b5cae000 r--p 00002000 b3:02 2943       /usr/lib/libgmodule-2.0.so.0.8000.5
b5cae000-b5caf000 rw-p 00003000 b3:02 2943       /usr/lib/libgmodule-2.0.so.0.8000.5
b5caf000-b5cb8000 r-xp 00000000 b3:02 13739      /usr/lib/libcontext-sensor-recorder-client-genuine.so.4.0.1
b5cb8000-b5cb9000 r--p 00009000 b3:02 13739      /usr/lib/libcontext-sensor-recorder-client-genuine.so.4.0.1
b5cb9000-b5cba000 rw-p 0000a000 b3:02 13739      /usr/lib/libcontext-sensor-recorder-client-genuine.so.4.0.1
b5cba000-b5cde000 r-xp 00000000 b3:02 9795       /usr/lib/libsensor.so.10.0.0
b5cde000-b5cdf000 r--p 00024000 b3:02 9795       /usr/lib/libsensor.so.10.0.0
b5cdf000-b5ce0000 rw-p 00025000 b3:02 9795       /usr/lib/libsensor.so.10.0.0
b5ce0000-b5d47000 r-xp 00000000 b3:02 2930       /usr/lib/libpcre2-8.so.0.15.0
b5d47000-b5d48000 r--p 00067000 b3:02 2930       /usr/lib/libpcre2-8.so.0.15.0
b5d48000-b5d49000 rw-p 00068000 b3:02 2930       /usr/lib/libpcre2-8.so.0.15.0
b5d49000-b5d93000 r-xp 00000000 b3:02 9555       /usr/lib/librpc-port.so.1.21.15
b5d93000-b5d94000 r--p 0004a000 b3:02 9555       /usr/lib/librpc-port.so.1.21.15
b5d94000-b5d96000 rw-p 0004b000 b3:02 9555       /usr/lib/librpc-port.so.1.21.15
b5d96000-b5dc2000 r-xp 00000000 b3:02 9641       /usr/lib/libpkgmgr-client.so.0.23.1
b5dc2000-b5dc3000 r--p 0002c000 b3:02 9641       /usr/lib/libpkgmgr-client.so.0.23.1
b5dc3000-b5dc4000 rw-p 0002d000 b3:02 9641       /usr/lib/libpkgmgr-client.so.0.23.1
b5dc4000-b5e90000 r-xp 00000000 b3:02 1153       /usr/lib/libxml2.so.16.1.1
b5e90000-b5e94000 r--p 000cc000 b3:02 1153       /usr/lib/libxml2.so.16.1.1
b5e94000-b5e95000 rw-p 000d0000 b3:02 1153       /usr/lib/libxml2.so.16.1.1
b5e95000-b5e98000 rw-p 00000000 00:00 0 
b5e98000-b5e9d000 r-xp 00000000 b3:02 1558       /usr/lib/libtzplatform-config-2.0.so.2.0.0
b5e9d000-b5e9e000 r--p 00005000 b3:02 1558       /usr/lib/libtzplatform-config-2.0.so.2.0.0
b5e9e000-b5e9f000 rw-p 00006000 b3:02 1558       /usr/lib/libtzplatform-config-2.0.so.2.0.0
b5e9f000-b5ea4000 rw-p 00000000 00:00 0 
b5ea4000-b5ee3000 r-xp 00000000 b3:02 1633       /usr/lib/libdbus-1.so.3.19.13
b5ee3000-b5ee4000 rw-p 0003f000 b3:02 1633       /usr/lib/libdbus-1.so.3.19.13
b5ee4000-b5eee000 r-xp 00000000 b3:02 9648       /usr/lib/libcapi-appfw-app-manager.so.0.18.0
b5eee000-b5eef000 r--p 0000a000 b3:02 9648       /usr/lib/libcapi-appfw-app-manager.so.0.18.0
b5eef000-b5ef0000 rw-p 0000b000 b3:02 9648       /usr/lib/libcapi-appfw-app-manager.so.0.18.0
b5ef0000-b5efa000 r-xp 00000000 b3:02 9446       /usr/lib/libbuxton2.so.1.9.14
b5efa000-b5efb000 r--p 0000a000 b3:02 9446       /usr/lib/libbuxton2.so.1.9.14
b5efb000-b5efc000 rw-p 0000b000 b3:02 9446       /usr/lib/libbuxton2.so.1.9.14
b5efc000-b5f01000 r-xp 00000000 b3:02 1641       /usr/lib/libsharpyuv.so.0.1.0
b5f01000-b5f02000 r--p 00005000 b3:02 1641       /usr/lib/libsharpyuv.so.0.1.0
b5f02000-b5f03000 rw-p 00006000 b3:02 1641       /usr/lib/libsharpyuv.so.0.1.0
b5f03000-b5f04000 rw-p 00000000 00:00 0 
b5f04000-b5f19000 r-xp 00000000 b3:02 2260       /usr/lib/libexpat.so.1.11.1
b5f19000-b5f1b000 r--p 00015000 b3:02 2260       /usr/lib/libexpat.so.1.11.1
b5f1b000-b5f1c000 rw-p 00017000 b3:02 2260       /usr/lib/libexpat.so.1.11.1
b5f1c000-b5f2a000 r-xp 00000000 b3:02 1167       /usr/lib/libz.so.1.3.1
b5f2a000-b5f2b000 r--p 0000e000 b3:02 1167       /usr/lib/libz.so.1.3.1
b5f2b000-b5f2c000 rw-p 0000f000 b3:02 1167       /usr/lib/libz.so.1.3.1
b5f2c000-b5f2e000 r-xp 00000000 b3:02 1085       /usr/lib/libpthread.so.0
b5f2e000-b5f2f000 r--p 00002000 b3:02 1085       /usr/lib/libpthread.so.0
b5f2f000-b5f30000 rw-p 00003000 b3:02 1085       /usr/lib/libpthread.so.0
b5f30000-b5f35000 r-xp 00000000 b3:02 19360      /usr/lib/libatomic.so.1.2.0
b5f35000-b5f36000 rw-p 00004000 b3:02 19360      /usr/lib/libatomic.so.1.2.0
b5f36000-b5f39000 rw-p 00000000 00:00 0 
b5f39000-b5f5e000 r-xp 00000000 b3:02 9964       /usr/lib/libtbm.so.1.0.0
b5f5e000-b5f5f000 r--p 00025000 b3:02 9964       /usr/lib/libtbm.so.1.0.0
b5f5f000-b5f60000 rw-p 00026000 b3:02 9964       /usr/lib/libtbm.so.1.0.0
b5f60000-b5f96000 r-xp 00000000 b3:02 1385       /usr/lib/libxkbcommon.so.0.8.0
b5f96000-b5f97000 r--p 00036000 b3:02 1385       /usr/lib/libxkbcommon.so.0.8.0
b5f97000-b5f98000 rw-p 00037000 b3:02 1385       /usr/lib/libxkbcommon.so.0.8.0
b5f98000-b5fa2000 r-xp 00000000 b3:02 4730       /usr/lib/libwayland-client.so.0.23.1
b5fa2000-b5fa3000 r--p 0000a000 b3:02 4730       /usr/lib/libwayland-client.so.0.23.1
b5fa3000-b5fa4000 rw-p 0000b000 b3:02 4730       /usr/lib/libwayland-client.so.0.23.1
b5fa4000-b5fa6000 r-xp 00000000 b3:02 4788       /usr/lib/libinput-method-client.so.0.0.0
b5fa6000-b5fa7000 r--p 00002000 b3:02 4788       /usr/lib/libinput-method-client.so.0.0.0
b5fa7000-b5fa8000 rw-p 00003000 b3:02 4788       /usr/lib/libinput-method-client.so.0.0.0
b5fa8000-b5faa000 r-xp 00000000 b3:02 5002       /usr/lib/libwayland-egl-tizen.so.1.1.1
b5faa000-b5fab000 r--p 00002000 b3:02 5002       /usr/lib/libwayland-egl-tizen.so.1.1.1
b5fab000-b5fac000 rw-p 00003000 b3:02 5002       /usr/lib/libwayland-egl-tizen.so.1.1.1
b5fac000-b5fad000 r-xp 00000000 b3:02 1963       /usr/lib/libwayland-egl.so.1.23.1
b5fad000-b5fae000 r--p 00001000 b3:02 1963       /usr/lib/libwayland-egl.so.1.23.1
b5fae000-b5faf000 rw-p 00002000 b3:02 1963       /usr/lib/libwayland-egl.so.1.23.1
b5faf000-b5fb5000 r-xp 00000000 b3:02 10159      /usr/lib/libscreen_connector_provider.so.1.9.12
b5fb5000-b5fb6000 r--p 00006000 b3:02 10159      /usr/lib/libscreen_connector_provider.so.1.9.12
b5fb6000-b5fb7000 rw-p 00007000 b3:02 10159      /usr/lib/libscreen_connector_provider.so.1.9.12
b5fb7000-b6001000 r-xp 00000000 b3:02 5029       /usr/lib/libecore.so.1.25.1
b6001000-b6003000 r--p 0004a000 b3:02 5029       /usr/lib/libecore.so.1.25.1
b6003000-b6004000 rw-p 0004c000 b3:02 5029       /usr/lib/libecore.so.1.25.1
b6004000-b6006000 rw-p 00000000 00:00 0 
b6006000-b6034000 r-xp 00000000 b3:02 10047      /usr/lib/libecore_wl2.so.1.25.1
b6034000-b6035000 r--p 0002e000 b3:02 10047      /usr/lib/libecore_wl2.so.1.25.1
b6035000-b6036000 rw-p 0002f000 b3:02 10047      /usr/lib/libecore_wl2.so.1.25.1
b6036000-b6038000 rw-p 00000000 00:00 0 
b6038000-b6050000 r-xp 00000000 b3:02 3827       /usr/lib/libfribidi.so.0.4.0
b6050000-b6051000 r--p 00018000 b3:02 3827       /usr/lib/libfribidi.so.0.4.0
b6051000-b6052000 rw-p 00019000 b3:02 3827       /usr/lib/libfribidi.so.0.4.0
b6052000-b6064000 r-xp 00000000 b3:02 5181       /usr/lib/libecore_input.so.1.25.1
b6064000-b6065000 r--p 00012000 b3:02 5181       /usr/lib/libecore_input.so.1.25.1
b6065000-b6066000 rw-p 00013000 b3:02 5181       /usr/lib/libecore_input.so.1.25.1
b6066000-b606c000 r-xp 00000000 b3:02 5051       /usr/lib/libecore_imf.so.1.25.1
b606c000-b606d000 r--p 00006000 b3:02 5051       /usr/lib/libecore_imf.so.1.25.1
b606d000-b606e000 rw-p 00007000 b3:02 5051       /usr/lib/libecore_imf.so.1.25.1
b606e000-b60f1000 r-xp 00000000 b3:02 9532       /usr/lib/libaul.so.0.84.11
b60f1000-b60f2000 r--p 00083000 b3:02 9532       /usr/lib/libaul.so.0.84.11
b60f2000-b60f4000 rw-p 00084000 b3:02 9532       /usr/lib/libaul.so.0.84.11
b60f4000-b60fa000 r-xp 00000000 b3:02 10734      /usr/lib/libcapi-appfw-app-common.so.0.16.3
b60fa000-b60fb000 r--p 00006000 b3:02 10734      /usr/lib/libcapi-appfw-app-common.so.0.16.3
b60fb000-b60fc000 rw-p 00007000 b3:02 10734      /usr/lib/libcapi-appfw-app-common.so.0.16.3
b60fc000-b6112000 r-xp 00000000 b3:02 4726       /usr/lib/libbundle.so.0.18.15
b6112000-b6113000 r--p 00016000 b3:02 4726       /usr/lib/libbundle.so.0.18.15
b6113000-b6114000 rw-p 00017000 b3:02 4726       /usr/lib/libbundle.so.0.18.15
b6114000-b6117000 r-xp 00000000 b3:02 9303       /usr/lib/libcapi-system-info.so.0.5.2
b6117000-b6118000 r--p 00003000 b3:02 9303       /usr/lib/libcapi-system-info.so.0.5.2
b6118000-b6119000 rw-p 00004000 b3:02 9303       /usr/lib/libcapi-system-info.so.0.5.2
b6119000-b6122000 r-xp 00000000 b3:02 13310      /usr/lib/libcapi-system-system-settings.so.0.0.5
b6122000-b6123000 r--p 00009000 b3:02 13310      /usr/lib/libcapi-system-system-settings.so.0.0.5
b6123000-b6124000 rw-p 0000a000 b3:02 13310      /usr/lib/libcapi-system-system-settings.so.0.0.5
b6124000-b6134000 r-xp 00000000 b3:02 9806       /usr/lib/libapp-core-cpp.so.1.27.13
b6134000-b6135000 r--p 00010000 b3:02 9806       /usr/lib/libapp-core-cpp.so.1.27.13
b6135000-b6136000 rw-p 00011000 b3:02 9806       /usr/lib/libapp-core-cpp.so.1.27.13
b6136000-b614d000 r-xp 00000000 b3:02 10077      /usr/lib/libapp-core-ui-cpp.so.1.27.13
b614d000-b614e000 r--p 00017000 b3:02 10077      /usr/lib/libapp-core-ui-cpp.so.1.27.13
b614e000-b614f000 rw-p 00018000 b3:02 10077      /usr/lib/libapp-core-ui-cpp.so.1.27.13
b614f000-b6172000 r-xp 00000000 b3:02 5046       /usr/lib/libeldbus.so.1.25.1
b6172000-b6173000 r--p 00023000 b3:02 5046       /usr/lib/libeldbus.so.1.25.1
b6173000-b6174000 rw-p 00024000 b3:02 5046       /usr/lib/libeldbus.so.1.25.1
b6174000-b6176000 rw-p 00000000 00:00 0 
b6176000-b61ca000 r-xp 00000000 b3:02 5006       /usr/lib/libeina.so.1.25.1
b61ca000-b61cb000 r--p 00054000 b3:02 5006       /usr/lib/libeina.so.1.25.1
b61cb000-b61cc000 rw-p 00055000 b3:02 5006       /usr/lib/libeina.so.1.25.1
b61cc000-b61cd000 rw-p 00000000 00:00 0 
b61cd000-b61d0000 r-xp 00000000 b3:02 3862       /usr/lib/libhyphen.so.0.3.0
b61d0000-b61d1000 r--p 00003000 b3:02 3862       /usr/lib/libhyphen.so.0.3.0
b61d1000-b61d2000 rw-p 00004000 b3:02 3862       /usr/lib/libhyphen.so.0.3.0
b61d2000-b6237000 r-xp 00000000 b3:02 1364       /usr/lib/libjpeg.so.8.3.2
b6237000-b6238000 r--p 00065000 b3:02 1364       /usr/lib/libjpeg.so.8.3.2
b6238000-b6239000 rw-p 00066000 b3:02 1364       /usr/lib/libjpeg.so.8.3.2
b6239000-b62b6000 r-xp 00000000 b3:02 1366       /usr/lib/libturbojpeg.so.0.3.0
b62b6000-b62b7000 r--p 0007d000 b3:02 1366       /usr/lib/libturbojpeg.so.0.3.0
b62b7000-b62b8000 rw-p 0007e000 b3:02 1366       /usr/lib/libturbojpeg.so.0.3.0
b62b8000-b62c0000 r-xp 00000000 b3:02 1967       /usr/lib/libgif.so.7.2.0
b62c0000-b62c1000 r--p 00008000 b3:02 1967       /usr/lib/libgif.so.7.2.0
b62c1000-b62c2000 rw-p 00009000 b3:02 1967       /usr/lib/libgif.so.7.2.0
b62c2000-b6353000 r-xp 00000000 b3:02 2955       /usr/lib/libharfbuzz.so.0.60822.0
b6353000-b6354000 r--p 00091000 b3:02 2955       /usr/lib/libharfbuzz.so.0.60822.0
b6354000-b6355000 rw-p 00092000 b3:02 2955       /usr/lib/libharfbuzz.so.0.60822.0
b6355000-b6374000 r-xp 00000000 b3:02 1543       /usr/lib/libexif.so.12.3.4
b6374000-b6380000 r--p 0001f000 b3:02 1543       /usr/lib/libexif.so.12.3.4
b6380000-b6381000 rw-p 0002b000 b3:02 1543       /usr/lib/libexif.so.12.3.4
b6381000-b638d000 r-xp 00000000 b3:02 1147       /usr/lib/libcapi-base-common.so.0.4.82
b638d000-b6390000 r--p 0000c000 b3:02 1147       /usr/lib/libcapi-base-common.so.0.4.82
b6390000-b6391000 rw-p 0000f000 b3:02 1147       /usr/lib/libcapi-base-common.so.0.4.82
b6391000-b63ca000 r-xp 00000000 b3:02 2939       /usr/lib/libgobject-2.0.so.0.8000.5
b63ca000-b63cc000 r--p 00039000 b3:02 2939       /usr/lib/libgobject-2.0.so.0.8000.5
b63cc000-b63cd000 rw-p 0003b000 b3:02 2939       /usr/lib/libgobject-2.0.so.0.8000.5
b63cd000-b64e2000 r-xp 00000000 b3:02 3740       /usr/lib/libgio-2.0.so.0.8000.5
b64e2000-b64e6000 r--p 00115000 b3:02 3740       /usr/lib/libgio-2.0.so.0.8000.5
b64e6000-b64e8000 rw-p 00119000 b3:02 3740       /usr/lib/libgio-2.0.so.0.8000.5
b64e8000-b64e9000 rw-p 00000000 00:00 0 
b64e9000-b64f6000 r-xp 00000000 b3:02 9826       /usr/lib/libcapi-system-sensor.so.0.2.5
b64f6000-b64f7000 r--p 0000d000 b3:02 9826       /usr/lib/libcapi-system-sensor.so.0.2.5
b64f7000-b64f8000 rw-p 0000e000 b3:02 9826       /usr/lib/libcapi-system-sensor.so.0.2.5
b64f8000-b64fa000 rw-p 00000000 00:00 0 
b64fa000-b65dc000 r-xp 00000000 b3:02 2934       /usr/lib/libglib-2.0.so.0.8000.5
b65dc000-b65dd000 r--p 000e2000 b3:02 2934       /usr/lib/libglib-2.0.so.0.8000.5
b65dd000-b65de000 rw-p 000e3000 b3:02 2934       /usr/lib/libglib-2.0.so.0.8000.5
b65de000-b6615000 r-xp 00000000 b3:02 15054      /usr/lib/libtts.so
b6615000-b6616000 r--p 00037000 b3:02 15054      /usr/lib/libtts.so
b6616000-b6617000 rw-p 00038000 b3:02 15054      /usr/lib/libtts.so
b6617000-b661d000 r-xp 00000000 b3:02 9459       /usr/lib/libvconf.so.0.3.1
b661d000-b661e000 r--p 00006000 b3:02 9459       /usr/lib/libvconf.so.0.3.1
b661e000-b661f000 rw-p 00007000 b3:02 9459       /usr/lib/libvconf.so.0.3.1
b661f000-b662f000 r-xp 00000000 b3:02 4718       /usr/lib/libdlog.so.0.0.0
b662f000-b6630000 r--p 00010000 b3:02 4718       /usr/lib/libdlog.so.0.0.0
b6630000-b6631000 rw-p 00011000 b3:02 4718       /usr/lib/libdlog.so.0.0.0
b6631000-b6637000 rw-p 00000000 00:00 0 
b6637000-b663a000 r-xp 00000000 b3:02 1647       /usr/lib/libwebpdemux.so.2.0.15
b663a000-b663b000 r--p 00003000 b3:02 1647       /usr/lib/libwebpdemux.so.2.0.15
b663b000-b663c000 rw-p 00004000 b3:02 1647       /usr/lib/libwebpdemux.so.2.0.15
b663c000-b668e000 r-xp 00000000 b3:02 1643       /usr/lib/libwebp.so.7.1.9
b668e000-b668f000 r--p 00052000 b3:02 1643       /usr/lib/libwebp.so.7.1.9
b668f000-b6690000 rw-p 00053000 b3:02 1643       /usr/lib/libwebp.so.7.1.9
b6690000-b66b0000 r-xp 00000000 b3:02 1356       /usr/lib/libpng16.so.16.44.0
b66b0000-b66b1000 r--p 00020000 b3:02 1356       /usr/lib/libpng16.so.16.44.0
b66b1000-b66b2000 rw-p 00021000 b3:02 1356       /usr/lib/libpng16.so.16.44.0
b66b2000-b66fa000 r-xp 00000000 b3:02 2208       /usr/lib/libthorvg.so.1.0.7
b66fa000-b66fc000 r--p 00048000 b3:02 2208       /usr/lib/libthorvg.so.1.0.7
b66fc000-b66fd000 rw-p 0004a000 b3:02 2208       /usr/lib/libthorvg.so.1.0.7
b66fd000-b6728000 r-xp 00000000 b3:02 9423       /usr/lib/libfontconfig.so.1.12.0
b6728000-b6729000 r--p 0002b000 b3:02 9423       /usr/lib/libfontconfig.so.1.12.0
b6729000-b672a000 rw-p 0002c000 b3:02 9423       /usr/lib/libfontconfig.so.1.12.0
b672a000-b678e000 r-xp 00000000 b3:02 1390       /usr/lib/libfreetype.so.6.20.1
b678e000-b6792000 r--p 00064000 b3:02 1390       /usr/lib/libfreetype.so.6.20.1
b6792000-b6793000 rw-p 00068000 b3:02 1390       /usr/lib/libfreetype.so.6.20.1
b6793000-b68ec000 r-xp 00000000 b3:02 1074       /usr/lib/libc.so.6
b68ec000-b68ee000 r--p 00159000 b3:02 1074       /usr/lib/libc.so.6
b68ee000-b68ef000 rw-p 0015b000 b3:02 1074       /usr/lib/libc.so.6
b68ef000-b68f6000 rw-p 00000000 00:00 0 
b68f6000-b6910000 r-xp 00000000 b3:02 1132       /usr/lib/libgcc_s.so.1
b6910000-b6911000 rw-p 00019000 b3:02 1132       /usr/lib/libgcc_s.so.1
b6911000-b695d000 r-xp 00000000 b3:02 1077       /usr/lib/libm.so.6
b695d000-b695e000 r--p 0004c000 b3:02 1077       /usr/lib/libm.so.6
b695e000-b695f000 rw-p 0004d000 b3:02 1077       /usr/lib/libm.so.6
b695f000-b6961000 r-xp 00000000 b3:02 1076       /usr/lib/libdl.so.2
b6961000-b6962000 r--p 00002000 b3:02 1076       /usr/lib/libdl.so.2
b6962000-b6963000 rw-p 00003000 b3:02 1076       /usr/lib/libdl.so.2
b6963000-b6af7000 r-xp 00000000 b3:02 1142       /usr/lib/libstdc++.so.6.0.33
b6af7000-b6afc000 r--p 00194000 b3:02 1142       /usr/lib/libstdc++.so.6.0.33
b6afc000-b6afe000 rw-p 00199000 b3:02 1142       /usr/lib/libstdc++.so.6.0.33
b6afe000-b6b01000 rw-p 00000000 00:00 0 
b6b01000-b6b21000 r-xp 00000000 b3:05 39230      /opt/usr/home/owner/share/tmp/adaptor_0912_w1/libc++abi.so.1
b6b21000-b6b24000 r--p 00020000 b3:05 39230      /opt/usr/home/owner/share/tmp/adaptor_0912_w1/libc++abi.so.1
b6b24000-b6b25000 rw-p 00023000 b3:05 39230      /opt/usr/home/owner/share/tmp/adaptor_0912_w1/libc++abi.so.1
b6b25000-b6bd5000 r-xp 00000000 b3:05 39228      /opt/usr/home/owner/share/tmp/adaptor_0912_w1/libc++.so.1
b6bd5000-b6bd9000 r--p 000b0000 b3:05 39228      /opt/usr/home/owner/share/tmp/adaptor_0912_w1/libc++.so.1
b6bd9000-b6bda000 rw-p 000b4000 b3:05 39228      /opt/usr/home/owner/share/tmp/adaptor_0912_w1/libc++.so.1
b6bda000-b6be3000 rw-p 00000000 00:00 0 
b6be3000-b6d25000 r-xp 00000000 b3:02 1275       /usr/lib/libdali2-core.so.2.0.0
b6d25000-b6d2e000 r--p 00142000 b3:02 1275       /usr/lib/libdali2-core.so.2.0.0
b6d2e000-b6d2f000 rw-p 0014b000 b3:02 1275       /usr/lib/libdali2-core.so.2.0.0
b6d2f000-b6d30000 rw-p 00000000 00:00 0 
b6d30000-b6f57000 r-xp 00000000 b3:02 15075      /usr/lib/libdali2-adaptor.so.2.0.0
b6f57000-b6f5f000 r--p 00227000 b3:02 15075      /usr/lib/libdali2-adaptor.so.2.0.0
b6f5f000-b6f67000 rw-p 0022f000 b3:02 15075      /usr/lib/libdali2-adaptor.so.2.0.0
b6f67000-b6f6a000 rw-p 00000000 00:00 0 
b6f6d000-b6f6f000 r-xp 00000000 b3:02 5326       /usr/lib/libcapi-system-resource-plugin.so.1.0.0
b6f6f000-b6f70000 r--p 00002000 b3:02 5326       /usr/lib/libcapi-system-resource-plugin.so.1.0.0
b6f70000-b6f71000 rw-p 00003000 b3:02 5326       /usr/lib/libcapi-system-resource-plugin.so.1.0.0
b6f71000-b6f7e000 rw-p 00000000 00:00 0 
b6f7e000-b6fa9000 r-xp 00000000 b3:02 1071       /usr/lib/ld-linux.so.3
b6fa9000-b6fab000 r--p 0002b000 b3:02 1071       /usr/lib/ld-linux.so.3
b6fab000-b6fac000 rw-p 0002d000 b3:02 1071       /usr/lib/ld-linux.so.3
beb2c000-beb4d000 rw-p 00000000 00:00 0          [stack]
bee45000-bee46000 r-xp 00000000 00:00 0          [sigpage]
bee46000-bee47000 r--p 00000000 00:00 0          [vvar]
bee47000-bee48000 r-xp 00000000 00:00 0          [vdso]
ffff0000-ffff1000 r-xp 00000000 00:00 0          [vectors]
MAP_ASSERT cxx=1 gnu=1 binder=1 adaptor=1
OFFSCREEN_NEW_BEGIN
graphics-backend-impl.cpp: GetCurrentGraphicsBackend(49) > Current backend : GLES state : UNSET
graphics-library.cpp: DynamicGraphicsLibraryHandle(45) > dlopen for Graphics Backend : GLES
graphics-library.cpp: DynamicGraphicsLibraryHandle(52) > dlopen error: libGLESv2.so.2: cannot open shared object file: No such file or directory
Assert (Unable to open Graphics Library
) failed
Exception: 
Unable to open Graphics Library

 thrown
See dlog for backtrace
Backtrace:
[01]   /lib/libdali2-adaptor.so.2(+0x97f4a) [0xb6dc7f4a]
[02]   /lib/libdali2-adaptor.so.2(+0x98230) [0xb6dc8230]
[03]   /lib/libdali2-adaptor.so.2(+0x9784e) [0xb6dc784e]
[04]   /lib/libdali2-adaptor.so.2(+0x97b00) [0xb6dc7b00]
[05]   /lib/libdali2-adaptor.so.2(+0xc6e44) [0xb6df6e44]
[06]   /lib/libdali2-adaptor.so.2(+0xc6e22) [0xb6df6e22]
[07]   /lib/libdali2-adaptor.so.2(+0xc6bda) [0xb6df6bda]
[08]   /lib/libdali2-adaptor.so.2(+0xc6b70) [0xb6df6b70]
[09]   /lib/libdali2-adaptor.so.2(+0xc6ada) [0xb6df6ada]
[10]   Dali::OffscreenApplication::New(int*, char***, Dali::OffscreenApplication::FrameworkBackend, Dali::OffscreenApplication::RenderMode)
[11]   ./offscreen_probe(+0xeaa) [0x448eaa]
[12]   /lib/libc.so.6(+0x1f5dc) [0xb67b25dc]
[13]   /lib/libc.so.6(__libc_start_main+0x98) [0xb67b26bc]
terminate called after throwing an instance of 'Dali::DaliException'
OBSERVED_SIGNAL=SIGABRT; probe exits 134 without core dump

TARGET_EXIT=134
