
Dynamic section at offset 0x116740 contains 30 entries:
  Tag        Type                         Name/Value
 0x0000000000000001 (NEEDED)             Shared library: [libgcc_s.so.1]
 0x0000000000000001 (NEEDED)             Shared library: [libatomic.so.1]
 0x0000000000000001 (NEEDED)             Shared library: [libm.so.6]
 0x0000000000000001 (NEEDED)             Shared library: [libc.so.6]
 0x0000000000000001 (NEEDED)             Shared library: [ld-linux-x86-64.so.2]
 0x000000000000000e (SONAME)             Library soname: [libc++.so.1]
 0x000000000000000c (INIT)               0x43000
 0x000000000000000d (FINI)               0xcaa78
 0x0000000000000019 (INIT_ARRAY)         0x1114e0
 0x000000000000001b (INIT_ARRAYSZ)       24 (bytes)
 0x000000000000001a (FINI_ARRAY)         0x1114f8
 0x000000000000001c (FINI_ARRAYSZ)       8 (bytes)
 0x000000006ffffef5 (GNU_HASH)           0x238
 0x0000000000000005 (STRTAB)             0x12eb0
 0x0000000000000006 (SYMTAB)             0x4d20
 0x000000000000000a (STRSZ)              115921 (bytes)
 0x000000000000000b (SYMENT)             24 (bytes)
 0x0000000000000003 (PLTGOT)             0x117fe8
 0x0000000000000002 (PLTRELSZ)           11640 (bytes)
 0x0000000000000014 (PLTREL)             RELA
 0x0000000000000017 (JMPREL)             0x3ff60
 0x0000000000000007 (RELA)               0x30780
 0x0000000000000008 (RELASZ)             63456 (bytes)
 0x0000000000000009 (RELAENT)            24 (bytes)
 0x000000006ffffffb (FLAGS_1)            Flags: NODELETE
 0x000000006ffffffe (VERNEED)            0x30650
 0x000000006fffffff (VERNEEDNUM)         3
 0x000000006ffffff0 (VERSYM)             0x2f382
 0x000000006ffffff9 (RELACOUNT)          682
 0x0000000000000000 (NULL)               0x0

Version symbols section '.gnu.version' contains 2406 entries:
 Addr: 0x000000000002f382  Offset: 0x0002f382  Link: 2 (.dynsym)
  000:   0 (*local*)       2 (GLIBC_2.2.5)   2 (GLIBC_2.2.5)   2 (GLIBC_2.2.5)
  004:   2 (GLIBC_2.2.5)   2 (GLIBC_2.2.5)   3 (GLIBC_2.34)    4 (GLIBC_2.3.2)
  008:   5 (GLIBC_2.38)    2 (GLIBC_2.2.5)   2 (GLIBC_2.2.5)   6 (GCC_3.0)    
  00c:   3 (GLIBC_2.34)    2 (GLIBC_2.2.5)   2 (GLIBC_2.2.5)   2 (GLIBC_2.2.5)
  010:   7 (GLIBC_2.3)     6 (GCC_3.0)       7 (GLIBC_2.3)     2 (GLIBC_2.2.5)
  014:   2 (GLIBC_2.2.5)   2 (GLIBC_2.2.5)   2 (GLIBC_2.2.5)   6 (GCC_3.0)    
  018:   2 (GLIBC_2.2.5)   2 (GLIBC_2.2.5)   3 (GLIBC_2.34)    2 (GLIBC_2.2.5)
  01c:   2 (GLIBC_2.2.5)   8 (GLIBC_2.17)    2 (GLIBC_2.2.5)   1 (*global*)   
  020:   7 (GLIBC_2.3)     2 (GLIBC_2.2.5)   4 (GLIBC_2.3.2)   7 (GLIBC_2.3)  
  024:   9 (GLIBC_2.33)    2 (GLIBC_2.2.5)   7 (GLIBC_2.3)     a (GLIBC_2.4)  
  028:   7 (GLIBC_2.3)     7 (GLIBC_2.3)     2 (GLIBC_2.2.5)   2 (GLIBC_2.2.5)
  02c:   2 (GLIBC_2.2.5)   2 (GLIBC_2.2.5)   2 (GLIBC_2.2.5)   2 (GLIBC_2.2.5)
  030:   7 (GLIBC_2.3)     7 (GLIBC_2.3)     b (GLIBC_2.32)    2 (GLIBC_2.2.5)
  034:   6 (GCC_3.0)       4 (GLIBC_2.3.2)   5 (GLIBC_2.38)    2 (GLIBC_2.2.5)
  038:   2 (GLIBC_2.2.5)   2 (GLIBC_2.2.5)   2 (GLIBC_2.2.5)   2 (GLIBC_2.2.5)
  03c:   2 (GLIBC_2.2.5)   7 (GLIBC_2.3)     c (GLIBC_2.27)    1 (*global*)   
  040:   7 (GLIBC_2.3)     7 (GLIBC_2.3)     2 (GLIBC_2.2.5)   6 (GCC_3.0)    
  044:   6 (GCC_3.0)       d (GCC_3.3)       2 (GLIBC_2.2.5)   7 (GLIBC_2.3)  
  048:   2 (GLIBC_2.2.5)   2 (GLIBC_2.2.5)   8 (GLIBC_2.17)    2 (GLIBC_2.2.5)
  04c:   1 (*global*)      a (GLIBC_2.4)     2 (GLIBC_2.2.5)   2 (GLIBC_2.2.5)
  050:   7 (GLIBC_2.3)     6 (GCC_3.0)       2 (GLIBC_2.2.5)   7 (GLIBC_2.3)  
  054:   7 (GLIBC_2.3)     2 (GLIBC_2.2.5)   7 (GLIBC_2.3)     7 (GLIBC_2.3)  
  058:   7 (GLIBC_2.3)     2 (GLIBC_2.2.5)   5 (GLIBC_2.38)    2 (GLIBC_2.2.5)
  05c:   e (GLIBC_2.3)     2 (GLIBC_2.2.5)   2 (GLIBC_2.2.5)   2 (GLIBC_2.2.5)
  060:   3 (GLIBC_2.34)    3 (GLIBC_2.34)    2 (GLIBC_2.2.5)   2 (GLIBC_2.2.5)
  064:   5 (GLIBC_2.38)    2 (GLIBC_2.2.5)   2 (GLIBC_2.2.5)   2 (GLIBC_2.2.5)
  068:   2 (GLIBC_2.2.5)   7 (GLIBC_2.3)     2 (GLIBC_2.2.5)   2 (GLIBC_2.2.5)
  06c:   5 (GLIBC_2.38)    2 (GLIBC_2.2.5)   3 (GLIBC_2.34)    2 (GLIBC_2.2.5)
  070:   2 (GLIBC_2.2.5)   7 (GLIBC_2.3)     f (GLIBC_2.6)     7 (GLIBC_2.3)  
  074:   2 (GLIBC_2.2.5)   2 (GLIBC_2.2.5)   2 (GLIBC_2.2.5)   2 (GLIBC_2.2.5)
  078:   2 (GLIBC_2.2.5)   5 (GLIBC_2.38)    2 (GLIBC_2.2.5)   2 (GLIBC_2.2.5)
  07c:   5 (GLIBC_2.38)    2 (GLIBC_2.2.5)  10 (GCC_4.2.0)     7 (GLIBC_2.3)  
  080:   2 (GLIBC_2.2.5)   7 (GLIBC_2.3)     7 (GLIBC_2.3)     7 (GLIBC_2.3)  
  084:   2 (GLIBC_2.2.5)   2 (GLIBC_2.2.5)   2 (GLIBC_2.2.5)   2 (GLIBC_2.2.5)
  088:   5 (GLIBC_2.38)    2 (GLIBC_2.2.5)   2 (GLIBC_2.2.5)   3 (GLIBC_2.34) 
  08c:   4 (GLIBC_2.3.2)   3 (GLIBC_2.34)    7 (GLIBC_2.3)     2 (GLIBC_2.2.5)
  090:   2 (GLIBC_2.2.5)   2 (GLIBC_2.2.5)   2 (GLIBC_2.2.5)   2 (GLIBC_2.2.5)
  094:   7 (GLIBC_2.3)     2 (GLIBC_2.2.5)   7 (GLIBC_2.3)     6 (GCC_3.0)    
  098:   2 (GLIBC_2.2.5)   2 (GLIBC_2.2.5)   2 (GLIBC_2.2.5)   2 (GLIBC_2.2.5)
  09c:   2 (GLIBC_2.2.5)   a (GLIBC_2.4)     6 (GCC_3.0)       2 (GLIBC_2.2.5)
  0a0:   2 (GLIBC_2.2.5)   2 (GLIBC_2.2.5)   9 (GLIBC_2.33)    2 (GLIBC_2.2.5)
  0a4:   5 (GLIBC_2.38)    2 (GLIBC_2.2.5)   2 (GLIBC_2.2.5)   6 (GCC_3.0)    
  0a8:   4 (GLIBC_2.3.2)   3 (GLIBC_2.34)    9 (GLIBC_2.33)    2 (GLIBC_2.2.5)
  0ac:  11 (GLIBC_2.14)    2 (GLIBC_2.2.5)   6 (GCC_3.0)       2 (GLIBC_2.2.5)
  0b0:   2 (GLIBC_2.2.5)   2 (GLIBC_2.2.5)   2 (GLIBC_2.2.5)   2 (GLIBC_2.2.5)
  0b4:   a (GLIBC_2.4)     2 (GLIBC_2.2.5)   1 (*global*)      1 (*global*)   
  0b8:   1 (*global*)      1 (*global*)      1 (*global*)      1 (*global*)   
  0bc:   1 (*global*)      1 (*global*)      1 (*global*)      1 (*global*)   
  0c0:   1 (*global*)      1 (*global*)      1 (*global*)      1 (*global*)   
  0c4:   1 (*global*)      1 (*global*)      1 (*global*)      1 (*global*)   
  0c8:   1 (*global*)      1 (*global*)      1 (*global*)      1 (*global*)   
  0cc:   1 (*global*)      1 (*global*)      1 (*global*)      1 (*global*)   
  0d0:   1 (*global*)      1 (*global*)      1 (*global*)      1 (*global*)   
  0d4:   1 (*global*)      1 (*global*)      1 (*global*)      1 (*global*)   
  0d8:   1 (*global*)      1 (*global*)      1 (*global*)      1 (*global*)   
  0dc:   1 (*global*)      1 (*global*)      1 (*global*)      1 (*global*)   
  0e0:   1 (*global*)      1 (*global*)      1 (*global*)      1 (*global*)   
  0e4:   1 (*global*)      1 (*global*)      1 (*global*)      1 (*global*)   
  0e8:   1 (*global*)      1 (*global*)      1 (*global*)      1 (*global*)   
  0ec:   1 (*global*)      1 (*global*)      1 (*global*)      1 (*global*)   
  0f0:   1 (*global*)      1 (*global*)      1 (*global*)      1 (*global*)   
  0f4:   1 (*global*)      1 (*global*)      1 (*global*)      1 (*global*)   
  0f8:   1 (*global*)      1 (*global*)      1 (*global*)      1 (*global*)   
  0fc:   1 (*global*)      1 (*global*)      1 (*global*)      1 (*global*)   
  100:   1 (*global*)      1 (*global*)      1 (*global*)      1 (*global*)   
  104:   1 (*global*)      1 (*global*)      1 (*global*)      1 (*global*)   
  108:   1 (*global*)      1 (*global*)      1 (*global*)      1 (*global*)   
  10c:   1 (*global*)      1 (*global*)      1 (*global*)      1 (*global*)   
  110:   1 (*global*)      1 (*global*)      1 (*global*)      1 (*global*)   
  114:   1 (*global*)      1 (*global*)      1 (*global*)      1 (*global*)   
  118:   1 (*global*)      1 (*global*)      1 (*global*)      1 (*global*)   
  11c:   1 (*global*)      1 (*global*)      1 (*global*)      1 (*global*)   
  120:   1 (*global*)      1 (*global*)      1 (*global*)      1 (*global*)   
  124:   1 (*global*)      1 (*global*)      1 (*global*)      1 (*global*)   
  128:   1 (*global*)      1 (*global*)      1 (*global*)      1 (*global*)   
  12c:   1 (*global*)      1 (*global*)      1 (*global*)      1 (*global*)   
  130:   1 (*global*)      1 (*global*)      1 (*global*)      1 (*global*)   
  134:   1 (*global*)      1 (*global*)      1 (*global*)      1 (*global*)   
  138:   1 (*global*)      1 (*global*)      1 (*global*)      1 (*global*)   
  13c:   1 (*global*)      1 (*global*)      1 (*global*)      1 (*global*)   
  140:   1 (*global*)      1 (*global*)      1 (*global*)      1 (*global*)   
  144:   1 (*global*)      1 (*global*)      1 (*global*)      1 (*global*)   
  148:   1 (*global*)      1 (*global*)      1 (*global*)      1 (*global*)   
  14c:   1 (*global*)      1 (*global*)      1 (*global*)      1 (*global*)   
  150:   1 (*global*)      1 (*global*)      1 (*global*)      1 (*global*)   
  154:   1 (*global*)      1 (*global*)      1 (*global*)      1 (*global*)   
  158:   1 (*global*)      1 (*global*)      1 (*global*)      1 (*global*)   
  15c:   1 (*global*)      1 (*global*)      1 (*global*)      1 (*global*)   
  160:   1 (*global*)      1 (*global*)      1 (*global*)      1 (*global*)   
  164:   1 (*global*)      1 (*global*)      1 (*global*)      1 (*global*)   
  168:   1 (*global*)      1 (*global*)      1 (*global*)      1 (*global*)   
  16c:   1 (*global*)      1 (*global*)      1 (*global*)      1 (*global*)   
  170:   1 (*global*)      1 (*global*)      1 (*global*)      1 (*global*)   
  174:   1 (*global*)      1 (*global*)      1 (*global*)      1 (*global*)   
  178:   1 (*global*)      1 (*global*)      1 (*global*)      1 (*global*)   
  17c:   1 (*global*)      1 (*global*)      1 (*global*)      1 (*global*)   
  180:   1 (*global*)      1 (*global*)      1 (*global*)      1 (*global*)   
  184:   1 (*global*)      1 (*global*)      1 (*global*)      1 (*global*)   
  188:   1 (*global*)      1 (*global*)      1 (*global*)      1 (*global*)   
  18c:   1 (*global*)      1 (*global*)      1 (*global*)      1 (*global*)   
  190:   1 (*global*)      1 (*global*)      1 (*global*)      1 (*global*)   
  194:   1 (*global*)      1 (*global*)      1 (*global*)      1 (*global*)   
  198:   1 (*global*)      1 (*global*)      1 (*global*)      1 (*global*)   
  19c:   1 (*global*)      1 (*global*)      1 (*global*)      1 (*global*)   
  1a0:   1 (*global*)      1 (*global*)      1 (*global*)      1 (*global*)   
  1a4:   1 (*global*)      1 (*global*)      1 (*global*)      1 (*global*)   
  1a8:   1 (*global*)      1 (*global*)      1 (*global*)      1 (*global*)   
  1ac:   1 (*global*)      1 (*global*)      1 (*global*)      1 (*global*)   
  1b0:   1 (*global*)      1 (*global*)      1 (*global*)      1 (*global*)   
  1b4:   1 (*global*)      1 (*global*)      1 (*global*)      1 (*global*)   
  1b8:   1 (*global*)      1 (*global*)      1 (*global*)      1 (*global*)   
  1bc:   1 (*global*)      1 (*global*)      1 (*global*)      1 (*global*)   
  1c0:   1 (*global*)      1 (*global*)      1 (*global*)      1 (*global*)   
  1c4:   1 (*global*)      1 (*global*)      1 (*global*)      1 (*global*)   
  1c8:   1 (*global*)      1 (*global*)      1 (*global*)      1 (*global*)   
  1cc:   1 (*global*)      1 (*global*)      1 (*global*)      1 (*global*)   
  1d0:   1 (*global*)      1 (*global*)      1 (*global*)      1 (*global*)   
  1d4:   1 (*global*)      1 (*global*)      1 (*global*)      1 (*global*)   
  1d8:   1 (*global*)      1 (*global*)      1 (*global*)      1 (*global*)   
  1dc:   1 (*global*)      1 (*global*)      1 (*global*)      1 (*global*)   
  1e0:   1 (*global*)      1 (*global*)      1 (*global*)      1 (*global*)   
  1e4:   1 (*global*)      1 (*global*)      1 (*global*)      1 (*global*)   
  1e8:   1 (*global*)      1 (*global*)      1 (*global*)      1 (*global*)   
  1ec:   1 (*global*)      1 (*global*)      1 (*global*)      1 (*global*)   
  1f0:   1 (*global*)      1 (*global*)      1 (*global*)      1 (*global*)   
  1f4:   1 (*global*)      1 (*global*)      1 (*global*)      1 (*global*)   
  1f8:   1 (*global*)      1 (*global*)      1 (*global*)      1 (*global*)   
  1fc:   1 (*global*)      1 (*global*)      1 (*global*)      1 (*global*)   
  200:   1 (*global*)      1 (*global*)      1 (*global*)      1 (*global*)   
  204:   1 (*global*)      1 (*global*)      1 (*global*)      1 (*global*)   
  208:   1 (*global*)      1 (*global*)      1 (*global*)      1 (*global*)   
  20c:   1 (*global*)      1 (*global*)      1 (*global*)      1 (*global*)   
  210:   1 (*global*)      1 (*global*)      1 (*global*)      1 (*global*)   
  214:   1 (*global*)      1 (*global*)      1 (*global*)      1 (*global*)   
  218:   1 (*global*)      1 (*global*)      1 (*global*)      1 (*global*)   
  21c:   1 (*global*)      1 (*global*)      1 (*global*)      1 (*global*)   
  220:   1 (*global*)      1 (*global*)      1 (*global*)      1 (*global*)   
  224:   1 (*global*)      1 (*global*)      1 (*global*)      1 (*global*)   
  228:   1 (*global*)      1 (*global*)      1 (*global*)      1 (*global*)   
  22c:   1 (*global*)      1 (*global*)      1 (*global*)      1 (*global*)   
  230:   1 (*global*)      1 (*global*)      1 (*global*)      1 (*global*)   
  234:   1 (*global*)      1 (*global*)      1 (*global*)      1 (*global*)   
  238:   1 (*global*)      1 (*global*)      1 (*global*)      1 (*global*)   
  23c:   1 (*global*)      1 (*global*)      1 (*global*)      1 (*global*)   
  240:   1 (*global*)      1 (*global*)      1 (*global*)      1 (*global*)   
  244:   1 (*global*)      1 (*global*)      1 (*global*)      1 (*global*)   
  248:   1 (*global*)      1 (*global*)      1 (*global*)      1 (*global*)   
  24c:   1 (*global*)      1 (*global*)      1 (*global*)      1 (*global*)   
  250:   1 (*global*)      1 (*global*)      1 (*global*)      1 (*global*)   
  254:   1 (*global*)      1 (*global*)      1 (*global*)      1 (*global*)   
  258:   1 (*global*)      1 (*global*)      1 (*global*)      1 (*global*)   
  25c:   1 (*global*)      1 (*global*)      1 (*global*)      1 (*global*)   
  260:   1 (*global*)      1 (*global*)      1 (*global*)      1 (*global*)   
  264:   1 (*global*)      1 (*global*)      1 (*global*)      1 (*global*)   
  268:   1 (*global*)      1 (*global*)      1 (*global*)      1 (*global*)   
  26c:   1 (*global*)      1 (*global*)      1 (*global*)      1 (*global*)   
  270:   1 (*global*)      1 (*global*)      1 (*global*)      1 (*global*)   
  274:   1 (*global*)      1 (*global*)      1 (*global*)      1 (*global*)   
  278:   1 (*global*)      1 (*global*)      1 (*global*)      1 (*global*)   
  27c:   1 (*global*)      1 (*global*)      1 (*global*)      1 (*global*)   
  280:   1 (*global*)      1 (*global*)      1 (*global*)      1 (*global*)   
  284:   1 (*global*)      1 (*global*)      1 (*global*)      1 (*global*)   
  288:   1 (*global*)      1 (*global*)      1 (*global*)      1 (*global*)   
  28c:   1 (*global*)      1 (*global*)      1 (*global*)      1 (*global*)   
  290:   1 (*global*)      1 (*global*)      1 (*global*)      1 (*global*)   
  294:   1 (*global*)      1 (*global*)      1 (*global*)      1 (*global*)   
  298:   1 (*global*)      1 (*global*)      1 (*global*)      1 (*global*)   
  29c:   1 (*global*)      1 (*global*)      1 (*global*)      1 (*global*)   
  2a0:   1 (*global*)      1 (*global*)      1 (*global*)      1 (*global*)   
  2a4:   1 (*global*)      1 (*global*)      1 (*global*)      1 (*global*)   
  2a8:   1 (*global*)      1 (*global*)      1 (*global*)      1 (*global*)   
  2ac:   1 (*global*)      1 (*global*)      1 (*global*)      1 (*global*)   
  2b0:   1 (*global*)      1 (*global*)      1 (*global*)      1 (*global*)   
  2b4:   1 (*global*)      1 (*global*)      1 (*global*)      1 (*global*)   
  2b8:   1 (*global*)      1 (*global*)      1 (*global*)      1 (*global*)   
  2bc:   1 (*global*)      1 (*global*)      1 (*global*)      1 (*global*)   
  2c0:   1 (*global*)      1 (*global*)      1 (*global*)      1 (*global*)   
  2c4:   1 (*global*)      1 (*global*)      1 (*global*)      1 (*global*)   
  2c8:   1 (*global*)      1 (*global*)      1 (*global*)      1 (*global*)   
  2cc:   1 (*global*)      1 (*global*)      1 (*global*)      1 (*global*)   
  2d0:   1 (*global*)      1 (*global*)      1 (*global*)      1 (*global*)   
  2d4:   1 (*global*)      1 (*global*)      1 (*global*)      1 (*global*)   
  2d8:   1 (*global*)      1 (*global*)      1 (*global*)      1 (*global*)   
  2dc:   1 (*global*)      1 (*global*)      1 (*global*)      1 (*global*)   
  2e0:   1 (*global*)      1 (*global*)      1 (*global*)      1 (*global*)   
  2e4:   1 (*global*)      1 (*global*)      1 (*global*)      1 (*global*)   
  2e8:   1 (*global*)      1 (*global*)      1 (*global*)      1 (*global*)   
  2ec:   1 (*global*)      1 (*global*)      1 (*global*)      1 (*global*)   
  2f0:   1 (*global*)      1 (*global*)      1 (*global*)      1 (*global*)   
  2f4:   1 (*global*)      1 (*global*)      1 (*global*)      1 (*global*)   
  2f8:   1 (*global*)      1 (*global*)      1 (*global*)      1 (*global*)   
  2fc:   1 (*global*)      1 (*global*)      1 (*global*)      1 (*global*)   
  300:   1 (*global*)      1 (*global*)      1 (*global*)      1 (*global*)   
  304:   1 (*global*)      1 (*global*)      1 (*global*)      1 (*global*)   
  308:   1 (*global*)      1 (*global*)      1 (*global*)      1 (*global*)   
  30c:   1 (*global*)      1 (*global*)      1 (*global*)      1 (*global*)   
  310:   1 (*global*)      1 (*global*)      1 (*global*)      1 (*global*)   
  314:   1 (*global*)      1 (*global*)      1 (*global*)      1 (*global*)   
  318:   1 (*global*)      1 (*global*)      1 (*global*)      1 (*global*)   
  31c:   1 (*global*)      1 (*global*)      1 (*global*)      1 (*global*)   
  320:   1 (*global*)      1 (*global*)      1 (*global*)      1 (*global*)   
  324:   1 (*global*)      1 (*global*)      1 (*global*)      1 (*global*)   
  328:   1 (*global*)      1 (*global*)      1 (*global*)      1 (*global*)   
  32c:   1 (*global*)      1 (*global*)      1 (*global*)      1 (*global*)   
  330:   1 (*global*)      1 (*global*)      1 (*global*)      1 (*global*)   
  334:   1 (*global*)      1 (*global*)      1 (*global*)      1 (*global*)   
  338:   1 (*global*)      1 (*global*)      1 (*global*)      1 (*global*)   
  33c:   1 (*global*)      1 (*global*)      1 (*global*)      1 (*global*)   
  340:   1 (*global*)      1 (*global*)      1 (*global*)      1 (*global*)   
  344:   1 (*global*)      1 (*global*)      1 (*global*)      1 (*global*)   
  348:   1 (*global*)      1 (*global*)      1 (*global*)      1 (*global*)   
  34c:   1 (*global*)      1 (*global*)      1 (*global*)      1 (*global*)   
  350:   1 (*global*)      1 (*global*)      1 (*global*)      1 (*global*)   
  354:   1 (*global*)      1 (*global*)      1 (*global*)      1 (*global*)   
  358:   1 (*global*)      1 (*global*)      1 (*global*)      1 (*global*)   
  35c:   1 (*global*)      1 (*global*)      1 (*global*)      1 (*global*)   
  360:   1 (*global*)      1 (*global*)      1 (*global*)      1 (*global*)   
  364:   1 (*global*)      1 (*global*)      1 (*global*)      1 (*global*)   
  368:   1 (*global*)      1 (*global*)      1 (*global*)      1 (*global*)   
  36c:   1 (*global*)      1 (*global*)      1 (*global*)      1 (*global*)   
  370:   1 (*global*)      1 (*global*)      1 (*global*)      1 (*global*)   
  374:   1 (*global*)      1 (*global*)      1 (*global*)      1 (*global*)   
  378:   1 (*global*)      1 (*global*)      1 (*global*)      1 (*global*)   
  37c:   1 (*global*)      1 (*global*)      1 (*global*)      1 (*global*)   
  380:   1 (*global*)      1 (*global*)      1 (*global*)      1 (*global*)   
  384:   1 (*global*)      1 (*global*)      1 (*global*)      1 (*global*)   
  388:   1 (*global*)      1 (*global*)      1 (*global*)      1 (*global*)   
  38c:   1 (*global*)      1 (*global*)      1 (*global*)      1 (*global*)   
  390:   1 (*global*)      1 (*global*)      1 (*global*)      1 (*global*)   
  394:   1 (*global*)      1 (*global*)      1 (*global*)      1 (*global*)   
  398:   1 (*global*)      1 (*global*)      1 (*global*)      1 (*global*)   
  39c:   1 (*global*)      1 (*global*)      1 (*global*)      1 (*global*)   
  3a0:   1 (*global*)      1 (*global*)      1 (*global*)      1 (*global*)   
  3a4:   1 (*global*)      1 (*global*)      1 (*global*)      1 (*global*)   
  3a8:   1 (*global*)      1 (*global*)      1 (*global*)      1 (*global*)   
  3ac:   1 (*global*)      1 (*global*)      1 (*global*)      1 (*global*)   
  3b0:   1 (*global*)      1 (*global*)      1 (*global*)      1 (*global*)   
  3b4:   1 (*global*)      1 (*global*)      1 (*global*)      1 (*global*)   
  3b8:   1 (*global*)      1 (*global*)      1 (*global*)      1 (*global*)   
  3bc:   1 (*global*)      1 (*global*)      1 (*global*)      1 (*global*)   
  3c0:   1 (*global*)      1 (*global*)      1 (*global*)      1 (*global*)   
  3c4:   1 (*global*)      1 (*global*)      1 (*global*)      1 (*global*)   
  3c8:   1 (*global*)      1 (*global*)      1 (*global*)      1 (*global*)   
  3cc:   1 (*global*)      1 (*global*)      1 (*global*)      1 (*global*)   
  3d0:   1 (*global*)      1 (*global*)      1 (*global*)      1 (*global*)   
  3d4:   1 (*global*)      1 (*global*)      1 (*global*)      1 (*global*)   
  3d8:   1 (*global*)      1 (*global*)      1 (*global*)      1 (*global*)   
  3dc:   1 (*global*)      1 (*global*)      1 (*global*)      1 (*global*)   
  3e0:   1 (*global*)      1 (*global*)      1 (*global*)      1 (*global*)   
  3e4:   1 (*global*)      1 (*global*)      1 (*global*)      1 (*global*)   
  3e8:   1 (*global*)      1 (*global*)      1 (*global*)      1 (*global*)   
  3ec:   1 (*global*)      1 (*global*)      1 (*global*)      1 (*global*)   
  3f0:   1 (*global*)      1 (*global*)      1 (*global*)      1 (*global*)   
  3f4:   1 (*global*)      1 (*global*)      1 (*global*)      1 (*global*)   
  3f8:   1 (*global*)      1 (*global*)      1 (*global*)      1 (*global*)   
  3fc:   1 (*global*)      1 (*global*)      1 (*global*)      1 (*global*)   
  400:   1 (*global*)      1 (*global*)      1 (*global*)      1 (*global*)   
  404:   1 (*global*)      1 (*global*)      1 (*global*)      1 (*global*)   
  408:   1 (*global*)      1 (*global*)      1 (*global*)      1 (*global*)   
  40c:   1 (*global*)      1 (*global*)      1 (*global*)      1 (*global*)   
  410:   1 (*global*)      1 (*global*)      1 (*global*)      1 (*global*)   
  414:   1 (*global*)      1 (*global*)      1 (*global*)      1 (*global*)   
  418:   1 (*global*)      1 (*global*)      1 (*global*)      1 (*global*)   
  41c:   1 (*global*)      1 (*global*)      1 (*global*)      1 (*global*)   
  420:   1 (*global*)      1 (*global*)      1 (*global*)      1 (*global*)   
  424:   1 (*global*)      1 (*global*)      1 (*global*)      1 (*global*)   
  428:   1 (*global*)      1 (*global*)      1 (*global*)      1 (*global*)   
  42c:   1 (*global*)      1 (*global*)      1 (*global*)      1 (*global*)   
  430:   1 (*global*)      1 (*global*)      1 (*global*)      1 (*global*)   
  434:   1 (*global*)      1 (*global*)      1 (*global*)      1 (*global*)   
  438:   1 (*global*)      1 (*global*)      1 (*global*)      1 (*global*)   
  43c:   1 (*global*)      1 (*global*)      1 (*global*)      1 (*global*)   
  440:   1 (*global*)      1 (*global*)      1 (*global*)      1 (*global*)   
  444:   1 (*global*)      1 (*global*)      1 (*global*)      1 (*global*)   
  448:   1 (*global*)      1 (*global*)      1 (*global*)      1 (*global*)   
  44c:   1 (*global*)      1 (*global*)      1 (*global*)      1 (*global*)   
  450:   1 (*global*)      1 (*global*)      1 (*global*)      1 (*global*)   
  454:   1 (*global*)      1 (*global*)      1 (*global*)      1 (*global*)   
  458:   1 (*global*)      1 (*global*)      1 (*global*)      1 (*global*)   
  45c:   1 (*global*)      1 (*global*)      1 (*global*)      1 (*global*)   
  460:   1 (*global*)      1 (*global*)      1 (*global*)      1 (*global*)   
  464:   1 (*global*)      1 (*global*)      1 (*global*)      1 (*global*)   
  468:   1 (*global*)      1 (*global*)      1 (*global*)      1 (*global*)   
  46c:   1 (*global*)      1 (*global*)      1 (*global*)      1 (*global*)   
  470:   1 (*global*)      1 (*global*)      1 (*global*)      1 (*global*)   
  474:   1 (*global*)      1 (*global*)      1 (*global*)      1 (*global*)   
  478:   1 (*global*)      1 (*global*)      1 (*global*)      1 (*global*)   
  47c:   1 (*global*)      1 (*global*)      1 (*global*)      1 (*global*)   
  480:   1 (*global*)      1 (*global*)      1 (*global*)      1 (*global*)   
  484:   1 (*global*)      1 (*global*)      1 (*global*)      1 (*global*)   
  488:   1 (*global*)      1 (*global*)      1 (*global*)      1 (*global*)   
  48c:   1 (*global*)      1 (*global*)      1 (*global*)      1 (*global*)   
  490:   1 (*global*)      1 (*global*)      1 (*global*)      1 (*global*)   
  494:   1 (*global*)      1 (*global*)      1 (*global*)      1 (*global*)   
  498:   1 (*global*)      1 (*global*)      1 (*global*)      1 (*global*)   
  49c:   1 (*global*)      1 (*global*)      1 (*global*)      1 (*global*)   
  4a0:   1 (*global*)      1 (*global*)      1 (*global*)      1 (*global*)   
  4a4:   1 (*global*)      1 (*global*)      1 (*global*)      1 (*global*)   
  4a8:   1 (*global*)      1 (*global*)      1 (*global*)      1 (*global*)   
  4ac:   1 (*global*)      1 (*global*)      1 (*global*)      1 (*global*)   
  4b0:   1 (*global*)      1 (*global*)      1 (*global*)      1 (*global*)   
  4b4:   1 (*global*)      1 (*global*)      1 (*global*)      1 (*global*)   
  4b8:   1 (*global*)      1 (*global*)      1 (*global*)      1 (*global*)   
  4bc:   1 (*global*)      1 (*global*)      1 (*global*)      1 (*global*)   
  4c0:   1 (*global*)      1 (*global*)      1 (*global*)      1 (*global*)   
  4c4:   1 (*global*)      1 (*global*)      1 (*global*)      1 (*global*)   
  4c8:   1 (*global*)      1 (*global*)      1 (*global*)      1 (*global*)   
  4cc:   1 (*global*)      1 (*global*)      1 (*global*)      1 (*global*)   
  4d0:   1 (*global*)      1 (*global*)      1 (*global*)      1 (*global*)   
  4d4:   1 (*global*)      1 (*global*)      1 (*global*)      1 (*global*)   
  4d8:   1 (*global*)      1 (*global*)      1 (*global*)      1 (*global*)   
  4dc:   1 (*global*)      1 (*global*)      1 (*global*)      1 (*global*)   
  4e0:   1 (*global*)      1 (*global*)      1 (*global*)      1 (*global*)   
  4e4:   1 (*global*)      1 (*global*)      1 (*global*)      1 (*global*)   
  4e8:   1 (*global*)      1 (*global*)      1 (*global*)      1 (*global*)   
  4ec:   1 (*global*)      1 (*global*)      1 (*global*)      1 (*global*)   
  4f0:   1 (*global*)      1 (*global*)      1 (*global*)      1 (*global*)   
  4f4:   1 (*global*)      1 (*global*)      1 (*global*)      1 (*global*)   
  4f8:   1 (*global*)      1 (*global*)      1 (*global*)      1 (*global*)   
  4fc:   1 (*global*)      1 (*global*)      1 (*global*)      1 (*global*)   
  500:   1 (*global*)      1 (*global*)      1 (*global*)      1 (*global*)   
  504:   1 (*global*)      1 (*global*)      1 (*global*)      1 (*global*)   
  508:   1 (*global*)      1 (*global*)      1 (*global*)      1 (*global*)   
  50c:   1 (*global*)      1 (*global*)      1 (*global*)      1 (*global*)   
  510:   1 (*global*)      1 (*global*)      1 (*global*)      1 (*global*)   
  514:   1 (*global*)      1 (*global*)      1 (*global*)      1 (*global*)   
  518:   1 (*global*)      1 (*global*)      1 (*global*)      1 (*global*)   
  51c:   1 (*global*)      1 (*global*)      1 (*global*)      1 (*global*)   
  520:   1 (*global*)      1 (*global*)      1 (*global*)      1 (*global*)   
  524:   1 (*global*)      1 (*global*)      1 (*global*)      1 (*global*)   
  528:   1 (*global*)      1 (*global*)      1 (*global*)      1 (*global*)   
  52c:   1 (*global*)      1 (*global*)      1 (*global*)      1 (*global*)   
  530:   1 (*global*)      1 (*global*)      1 (*global*)      1 (*global*)   
  534:   1 (*global*)      1 (*global*)      1 (*global*)      1 (*global*)   
  538:   1 (*global*)      1 (*global*)      1 (*global*)      1 (*global*)   
  53c:   1 (*global*)      1 (*global*)      1 (*global*)      1 (*global*)   
  540:   1 (*global*)      1 (*global*)      1 (*global*)      1 (*global*)   
  544:   1 (*global*)      1 (*global*)      1 (*global*)      1 (*global*)   
  548:   1 (*global*)      1 (*global*)      1 (*global*)      1 (*global*)   
  54c:   1 (*global*)      1 (*global*)      1 (*global*)      1 (*global*)   
  550:   1 (*global*)      1 (*global*)      1 (*global*)      1 (*global*)   
  554:   1 (*global*)      1 (*global*)      1 (*global*)      1 (*global*)   
  558:   1 (*global*)      1 (*global*)      1 (*global*)      1 (*global*)   
  55c:   1 (*global*)      1 (*global*)      1 (*global*)      1 (*global*)   
  560:   1 (*global*)      1 (*global*)      1 (*global*)      1 (*global*)   
  564:   1 (*global*)      1 (*global*)      1 (*global*)      1 (*global*)   
  568:   1 (*global*)      1 (*global*)      1 (*global*)      1 (*global*)   
  56c:   1 (*global*)      1 (*global*)      1 (*global*)      1 (*global*)   
  570:   1 (*global*)      1 (*global*)      1 (*global*)      1 (*global*)   
  574:   1 (*global*)      1 (*global*)      1 (*global*)      1 (*global*)   
  578:   1 (*global*)      1 (*global*)      1 (*global*)      1 (*global*)   
  57c:   1 (*global*)      1 (*global*)      1 (*global*)      1 (*global*)   
  580:   1 (*global*)      1 (*global*)      1 (*global*)      1 (*global*)   
  584:   1 (*global*)      1 (*global*)      1 (*global*)      1 (*global*)   
  588:   1 (*global*)      1 (*global*)      1 (*global*)      1 (*global*)   
  58c:   1 (*global*)      1 (*global*)      1 (*global*)      1 (*global*)   
  590:   1 (*global*)      1 (*global*)      1 (*global*)      1 (*global*)   
  594:   1 (*global*)      1 (*global*)      1 (*global*)      1 (*global*)   
  598:   1 (*global*)      1 (*global*)      1 (*global*)      1 (*global*)   
  59c:   1 (*global*)      1 (*global*)      1 (*global*)      1 (*global*)   
  5a0:   1 (*global*)      1 (*global*)      1 (*global*)      1 (*global*)   
  5a4:   1 (*global*)      1 (*global*)      1 (*global*)      1 (*global*)   
  5a8:   1 (*global*)      1 (*global*)      1 (*global*)      1 (*global*)   
  5ac:   1 (*global*)      1 (*global*)      1 (*global*)      1 (*global*)   
  5b0:   1 (*global*)      1 (*global*)      1 (*global*)      1 (*global*)   
  5b4:   1 (*global*)      1 (*global*)      1 (*global*)      1 (*global*)   
  5b8:   1 (*global*)      1 (*global*)      1 (*global*)      1 (*global*)   
  5bc:   1 (*global*)      1 (*global*)      1 (*global*)      1 (*global*)   
  5c0:   1 (*global*)      1 (*global*)      1 (*global*)      1 (*global*)   
  5c4:   1 (*global*)      1 (*global*)      1 (*global*)      1 (*global*)   
  5c8:   1 (*global*)      1 (*global*)      1 (*global*)      1 (*global*)   
  5cc:   1 (*global*)      1 (*global*)      1 (*global*)      1 (*global*)   
  5d0:   1 (*global*)      1 (*global*)      1 (*global*)      1 (*global*)   
  5d4:   1 (*global*)      1 (*global*)      1 (*global*)      1 (*global*)   
  5d8:   1 (*global*)      1 (*global*)      1 (*global*)      1 (*global*)   
  5dc:   1 (*global*)      1 (*global*)      1 (*global*)      1 (*global*)   
  5e0:   1 (*global*)      1 (*global*)      1 (*global*)      1 (*global*)   
  5e4:   1 (*global*)      1 (*global*)      1 (*global*)      1 (*global*)   
  5e8:   1 (*global*)      1 (*global*)      1 (*global*)      1 (*global*)   
  5ec:   1 (*global*)      1 (*global*)      1 (*global*)      1 (*global*)   
  5f0:   1 (*global*)      1 (*global*)      1 (*global*)      1 (*global*)   
  5f4:   1 (*global*)      1 (*global*)      1 (*global*)      1 (*global*)   
  5f8:   1 (*global*)      1 (*global*)      1 (*global*)      1 (*global*)   
  5fc:   1 (*global*)      1 (*global*)      1 (*global*)      1 (*global*)   
  600:   1 (*global*)      1 (*global*)      1 (*global*)      1 (*global*)   
  604:   1 (*global*)      1 (*global*)      1 (*global*)      1 (*global*)   
  608:   1 (*global*)      1 (*global*)      1 (*global*)      1 (*global*)   
  60c:   1 (*global*)      1 (*global*)      1 (*global*)      1 (*global*)   
  610:   1 (*global*)      1 (*global*)      1 (*global*)      1 (*global*)   
  614:   1 (*global*)      1 (*global*)      1 (*global*)      1 (*global*)   
  618:   1 (*global*)      1 (*global*)      1 (*global*)      1 (*global*)   
  61c:   1 (*global*)      1 (*global*)      1 (*global*)      1 (*global*)   
  620:   1 (*global*)      1 (*global*)      1 (*global*)      1 (*global*)   
  624:   1 (*global*)      1 (*global*)      1 (*global*)      1 (*global*)   
  628:   1 (*global*)      1 (*global*)      1 (*global*)      1 (*global*)   
  62c:   1 (*global*)      1 (*global*)      1 (*global*)      1 (*global*)   
  630:   1 (*global*)      1 (*global*)      1 (*global*)      1 (*global*)   
  634:   1 (*global*)      1 (*global*)      1 (*global*)      1 (*global*)   
  638:   1 (*global*)      1 (*global*)      1 (*global*)      1 (*global*)   
  63c:   1 (*global*)      1 (*global*)      1 (*global*)      1 (*global*)   
  640:   1 (*global*)      1 (*global*)      1 (*global*)      1 (*global*)   
  644:   1 (*global*)      1 (*global*)      1 (*global*)      1 (*global*)   
  648:   1 (*global*)      1 (*global*)      1 (*global*)      1 (*global*)   
  64c:   1 (*global*)      1 (*global*)      1 (*global*)      1 (*global*)   
  650:   1 (*global*)      1 (*global*)      1 (*global*)      1 (*global*)   
  654:   1 (*global*)      1 (*global*)      1 (*global*)      1 (*global*)   
  658:   1 (*global*)      1 (*global*)      1 (*global*)      1 (*global*)   
  65c:   1 (*global*)      1 (*global*)      1 (*global*)      1 (*global*)   
  660:   1 (*global*)      1 (*global*)      1 (*global*)      1 (*global*)   
  664:   1 (*global*)      1 (*global*)      1 (*global*)      1 (*global*)   
  668:   1 (*global*)      1 (*global*)      1 (*global*)      1 (*global*)   
  66c:   1 (*global*)      1 (*global*)      1 (*global*)      1 (*global*)   
  670:   1 (*global*)      1 (*global*)      1 (*global*)      1 (*global*)   
  674:   1 (*global*)      1 (*global*)      1 (*global*)      1 (*global*)   
  678:   1 (*global*)      1 (*global*)      1 (*global*)      1 (*global*)   
  67c:   1 (*global*)      1 (*global*)      1 (*global*)      1 (*global*)   
  680:   1 (*global*)      1 (*global*)      1 (*global*)      1 (*global*)   
  684:   1 (*global*)      1 (*global*)      1 (*global*)      1 (*global*)   
  688:   1 (*global*)      1 (*global*)      1 (*global*)      1 (*global*)   
  68c:   1 (*global*)      1 (*global*)      1 (*global*)      1 (*global*)   
  690:   1 (*global*)      1 (*global*)      1 (*global*)      1 (*global*)   
  694:   1 (*global*)      1 (*global*)      1 (*global*)      1 (*global*)   
  698:   1 (*global*)      1 (*global*)      1 (*global*)      1 (*global*)   
  69c:   1 (*global*)      1 (*global*)      1 (*global*)      1 (*global*)   
  6a0:   1 (*global*)      1 (*global*)      1 (*global*)      1 (*global*)   
  6a4:   1 (*global*)      1 (*global*)      1 (*global*)      1 (*global*)   
  6a8:   1 (*global*)      1 (*global*)      1 (*global*)      1 (*global*)   
  6ac:   1 (*global*)      1 (*global*)      1 (*global*)      1 (*global*)   
  6b0:   1 (*global*)      1 (*global*)      1 (*global*)      1 (*global*)   
  6b4:   1 (*global*)      1 (*global*)      1 (*global*)      1 (*global*)   
  6b8:   1 (*global*)      1 (*global*)      1 (*global*)      1 (*global*)   
  6bc:   1 (*global*)      1 (*global*)      1 (*global*)      1 (*global*)   
  6c0:   1 (*global*)      1 (*global*)      1 (*global*)      1 (*global*)   
  6c4:   1 (*global*)      1 (*global*)      1 (*global*)      1 (*global*)   
  6c8:   1 (*global*)      1 (*global*)      1 (*global*)      1 (*global*)   
  6cc:   1 (*global*)      1 (*global*)      1 (*global*)      1 (*global*)   
  6d0:   1 (*global*)      1 (*global*)      1 (*global*)      1 (*global*)   
  6d4:   1 (*global*)      1 (*global*)      1 (*global*)      1 (*global*)   
  6d8:   1 (*global*)      1 (*global*)      1 (*global*)      1 (*global*)   
  6dc:   1 (*global*)      1 (*global*)      1 (*global*)      1 (*global*)   
  6e0:   1 (*global*)      1 (*global*)      1 (*global*)      1 (*global*)   
  6e4:   1 (*global*)      1 (*global*)      1 (*global*)      1 (*global*)   
  6e8:   1 (*global*)      1 (*global*)      1 (*global*)      1 (*global*)   
  6ec:   1 (*global*)      1 (*global*)      1 (*global*)      1 (*global*)   
  6f0:   1 (*global*)      1 (*global*)      1 (*global*)      1 (*global*)   
  6f4:   1 (*global*)      1 (*global*)      1 (*global*)      1 (*global*)   
  6f8:   1 (*global*)      1 (*global*)      1 (*global*)      1 (*global*)   
  6fc:   1 (*global*)      1 (*global*)      1 (*global*)      1 (*global*)   
  700:   1 (*global*)      1 (*global*)      1 (*global*)      1 (*global*)   
  704:   1 (*global*)      1 (*global*)      1 (*global*)      1 (*global*)   
  708:   1 (*global*)      1 (*global*)      1 (*global*)      1 (*global*)   
  70c:   1 (*global*)      1 (*global*)      1 (*global*)      1 (*global*)   
  710:   1 (*global*)      1 (*global*)      1 (*global*)      1 (*global*)   
  714:   1 (*global*)      1 (*global*)      1 (*global*)      1 (*global*)   
  718:   1 (*global*)      1 (*global*)      1 (*global*)      1 (*global*)   
  71c:   1 (*global*)      1 (*global*)      1 (*global*)      1 (*global*)   
  720:   1 (*global*)      1 (*global*)      1 (*global*)      1 (*global*)   
  724:   1 (*global*)      1 (*global*)      1 (*global*)      1 (*global*)   
  728:   1 (*global*)      1 (*global*)      1 (*global*)      1 (*global*)   
  72c:   1 (*global*)      1 (*global*)      1 (*global*)      1 (*global*)   
  730:   1 (*global*)      1 (*global*)      1 (*global*)      1 (*global*)   
  734:   1 (*global*)      1 (*global*)      1 (*global*)      1 (*global*)   
  738:   1 (*global*)      1 (*global*)      1 (*global*)      1 (*global*)   
  73c:   1 (*global*)      1 (*global*)      1 (*global*)      1 (*global*)   
  740:   1 (*global*)      1 (*global*)      1 (*global*)      1 (*global*)   
  744:   1 (*global*)      1 (*global*)      1 (*global*)      1 (*global*)   
  748:   1 (*global*)      1 (*global*)      1 (*global*)      1 (*global*)   
  74c:   1 (*global*)      1 (*global*)      1 (*global*)      1 (*global*)   
  750:   1 (*global*)      1 (*global*)      1 (*global*)      1 (*global*)   
  754:   1 (*global*)      1 (*global*)      1 (*global*)      1 (*global*)   
  758:   1 (*global*)      1 (*global*)      1 (*global*)      1 (*global*)   
  75c:   1 (*global*)      1 (*global*)      1 (*global*)      1 (*global*)   
  760:   1 (*global*)      1 (*global*)      1 (*global*)      1 (*global*)   
  764:   1 (*global*)      1 (*global*)      1 (*global*)      1 (*global*)   
  768:   1 (*global*)      1 (*global*)      1 (*global*)      1 (*global*)   
  76c:   1 (*global*)      1 (*global*)      1 (*global*)      1 (*global*)   
  770:   1 (*global*)      1 (*global*)      1 (*global*)      1 (*global*)   
  774:   1 (*global*)      1 (*global*)      1 (*global*)      1 (*global*)   
  778:   1 (*global*)      1 (*global*)      1 (*global*)      1 (*global*)   
  77c:   1 (*global*)      1 (*global*)      1 (*global*)      1 (*global*)   
  780:   1 (*global*)      1 (*global*)      1 (*global*)      1 (*global*)   
  784:   1 (*global*)      1 (*global*)      1 (*global*)      1 (*global*)   
  788:   1 (*global*)      1 (*global*)      1 (*global*)      1 (*global*)   
  78c:   1 (*global*)      1 (*global*)      1 (*global*)      1 (*global*)   
  790:   1 (*global*)      1 (*global*)      1 (*global*)      1 (*global*)   
  794:   1 (*global*)      1 (*global*)      1 (*global*)      1 (*global*)   
  798:   1 (*global*)      1 (*global*)      1 (*global*)      1 (*global*)   
  79c:   1 (*global*)      1 (*global*)      1 (*global*)      1 (*global*)   
  7a0:   1 (*global*)      1 (*global*)      1 (*global*)      1 (*global*)   
  7a4:   1 (*global*)      1 (*global*)      1 (*global*)      1 (*global*)   
  7a8:   1 (*global*)      1 (*global*)      1 (*global*)      1 (*global*)   
  7ac:   1 (*global*)      1 (*global*)      1 (*global*)      1 (*global*)   
  7b0:   1 (*global*)      1 (*global*)      1 (*global*)      1 (*global*)   
  7b4:   1 (*global*)      1 (*global*)      1 (*global*)      1 (*global*)   
  7b8:   1 (*global*)      1 (*global*)      1 (*global*)      1 (*global*)   
  7bc:   1 (*global*)      1 (*global*)      1 (*global*)      1 (*global*)   
  7c0:   1 (*global*)      1 (*global*)      1 (*global*)      1 (*global*)   
  7c4:   1 (*global*)      1 (*global*)      1 (*global*)      1 (*global*)   
  7c8:   1 (*global*)      1 (*global*)      1 (*global*)      1 (*global*)   
  7cc:   1 (*global*)      1 (*global*)      1 (*global*)      1 (*global*)   
  7d0:   1 (*global*)      1 (*global*)      1 (*global*)      1 (*global*)   
  7d4:   1 (*global*)      1 (*global*)      1 (*global*)      1 (*global*)   
  7d8:   1 (*global*)      1 (*global*)      1 (*global*)      1 (*global*)   
  7dc:   1 (*global*)      1 (*global*)      1 (*global*)      1 (*global*)   
  7e0:   1 (*global*)      1 (*global*)      1 (*global*)      1 (*global*)   
  7e4:   1 (*global*)      1 (*global*)      1 (*global*)      1 (*global*)   
  7e8:   1 (*global*)      1 (*global*)      1 (*global*)      1 (*global*)   
  7ec:   1 (*global*)      1 (*global*)      1 (*global*)      1 (*global*)   
  7f0:   1 (*global*)      1 (*global*)      1 (*global*)      1 (*global*)   
  7f4:   1 (*global*)      1 (*global*)      1 (*global*)      1 (*global*)   
  7f8:   1 (*global*)      1 (*global*)      1 (*global*)      1 (*global*)   
  7fc:   1 (*global*)      1 (*global*)      1 (*global*)      1 (*global*)   
  800:   1 (*global*)      1 (*global*)      1 (*global*)      1 (*global*)   
  804:   1 (*global*)      1 (*global*)      1 (*global*)      1 (*global*)   
  808:   1 (*global*)      1 (*global*)      1 (*global*)      1 (*global*)   
  80c:   1 (*global*)      1 (*global*)      1 (*global*)      1 (*global*)   
  810:   1 (*global*)      1 (*global*)      1 (*global*)      1 (*global*)   
  814:   1 (*global*)      1 (*global*)      1 (*global*)      1 (*global*)   
  818:   1 (*global*)      1 (*global*)      1 (*global*)      1 (*global*)   
  81c:   1 (*global*)      1 (*global*)      1 (*global*)      1 (*global*)   
  820:   1 (*global*)      1 (*global*)      1 (*global*)      1 (*global*)   
  824:   1 (*global*)      1 (*global*)      1 (*global*)      1 (*global*)   
  828:   1 (*global*)      1 (*global*)      1 (*global*)      1 (*global*)   
  82c:   1 (*global*)      1 (*global*)      1 (*global*)      1 (*global*)   
  830:   1 (*global*)      1 (*global*)      1 (*global*)      1 (*global*)   
  834:   1 (*global*)      1 (*global*)      1 (*global*)      1 (*global*)   
  838:   1 (*global*)      1 (*global*)      1 (*global*)      1 (*global*)   
  83c:   1 (*global*)      1 (*global*)      1 (*global*)      1 (*global*)   
  840:   1 (*global*)      1 (*global*)      1 (*global*)      1 (*global*)   
  844:   1 (*global*)      1 (*global*)      1 (*global*)      1 (*global*)   
  848:   1 (*global*)      1 (*global*)      1 (*global*)      1 (*global*)   
  84c:   1 (*global*)      1 (*global*)      1 (*global*)      1 (*global*)   
  850:   1 (*global*)      1 (*global*)      1 (*global*)      1 (*global*)   
  854:   1 (*global*)      1 (*global*)      1 (*global*)      1 (*global*)   
  858:   1 (*global*)      1 (*global*)      1 (*global*)      1 (*global*)   
  85c:   1 (*global*)      1 (*global*)      1 (*global*)      1 (*global*)   
  860:   1 (*global*)      1 (*global*)      1 (*global*)      1 (*global*)   
  864:   1 (*global*)      1 (*global*)      1 (*global*)      1 (*global*)   
  868:   1 (*global*)      1 (*global*)      1 (*global*)      1 (*global*)   
  86c:   1 (*global*)      1 (*global*)      1 (*global*)      1 (*global*)   
  870:   1 (*global*)      1 (*global*)      1 (*global*)      1 (*global*)   
  874:   1 (*global*)      1 (*global*)      1 (*global*)      1 (*global*)   
  878:   1 (*global*)      1 (*global*)      1 (*global*)      1 (*global*)   
  87c:   1 (*global*)      1 (*global*)      1 (*global*)      1 (*global*)   
  880:   1 (*global*)      1 (*global*)      1 (*global*)      1 (*global*)   
  884:   1 (*global*)      1 (*global*)      1 (*global*)      1 (*global*)   
  888:   1 (*global*)      1 (*global*)      1 (*global*)      1 (*global*)   
  88c:   1 (*global*)      1 (*global*)      1 (*global*)      1 (*global*)   
  890:   1 (*global*)      1 (*global*)      1 (*global*)      1 (*global*)   
  894:   1 (*global*)      1 (*global*)      1 (*global*)      1 (*global*)   
  898:   1 (*global*)      1 (*global*)      1 (*global*)      1 (*global*)   
  89c:   1 (*global*)      1 (*global*)      1 (*global*)      1 (*global*)   
  8a0:   1 (*global*)      1 (*global*)      1 (*global*)      1 (*global*)   
  8a4:   1 (*global*)      1 (*global*)      1 (*global*)      1 (*global*)   
  8a8:   1 (*global*)      1 (*global*)      1 (*global*)      1 (*global*)   
  8ac:   1 (*global*)      1 (*global*)      1 (*global*)      1 (*global*)   
  8b0:   1 (*global*)      1 (*global*)      1 (*global*)      1 (*global*)   
  8b4:   1 (*global*)      1 (*global*)      1 (*global*)      1 (*global*)   
  8b8:   1 (*global*)      1 (*global*)      1 (*global*)      1 (*global*)   
  8bc:   1 (*global*)      1 (*global*)      1 (*global*)      1 (*global*)   
  8c0:   1 (*global*)      1 (*global*)      1 (*global*)      1 (*global*)   
  8c4:   1 (*global*)      1 (*global*)      1 (*global*)      1 (*global*)   
  8c8:   1 (*global*)      1 (*global*)      1 (*global*)      1 (*global*)   
  8cc:   1 (*global*)      1 (*global*)      1 (*global*)      1 (*global*)   
  8d0:   1 (*global*)      1 (*global*)      1 (*global*)      1 (*global*)   
  8d4:   1 (*global*)      1 (*global*)      1 (*global*)      1 (*global*)   
  8d8:   1 (*global*)      1 (*global*)      1 (*global*)      1 (*global*)   
  8dc:   1 (*global*)      1 (*global*)      1 (*global*)      1 (*global*)   
  8e0:   1 (*global*)      1 (*global*)      1 (*global*)      1 (*global*)   
  8e4:   1 (*global*)      1 (*global*)      1 (*global*)      1 (*global*)   
  8e8:   1 (*global*)      1 (*global*)      1 (*global*)      1 (*global*)   
  8ec:   1 (*global*)      1 (*global*)      1 (*global*)      1 (*global*)   
  8f0:   1 (*global*)      1 (*global*)      1 (*global*)      1 (*global*)   
  8f4:   1 (*global*)      1 (*global*)      1 (*global*)      1 (*global*)   
  8f8:   1 (*global*)      1 (*global*)      1 (*global*)      1 (*global*)   
  8fc:   1 (*global*)      1 (*global*)      1 (*global*)      1 (*global*)   
  900:   1 (*global*)      1 (*global*)      1 (*global*)      1 (*global*)   
  904:   1 (*global*)      1 (*global*)      1 (*global*)      1 (*global*)   
  908:   1 (*global*)      1 (*global*)      1 (*global*)      1 (*global*)   
  90c:   1 (*global*)      1 (*global*)      1 (*global*)      1 (*global*)   
  910:   1 (*global*)      1 (*global*)      1 (*global*)      1 (*global*)   
  914:   1 (*global*)      1 (*global*)      1 (*global*)      1 (*global*)   
  918:   1 (*global*)      1 (*global*)      1 (*global*)      1 (*global*)   
  91c:   1 (*global*)      1 (*global*)      1 (*global*)      1 (*global*)   
  920:   1 (*global*)      1 (*global*)      1 (*global*)      1 (*global*)   
  924:   1 (*global*)      1 (*global*)      1 (*global*)      1 (*global*)   
  928:   1 (*global*)      1 (*global*)      1 (*global*)      1 (*global*)   
  92c:   1 (*global*)      1 (*global*)      1 (*global*)      1 (*global*)   
  930:   1 (*global*)      1 (*global*)      1 (*global*)      1 (*global*)   
  934:   1 (*global*)      1 (*global*)      1 (*global*)      1 (*global*)   
  938:   1 (*global*)      1 (*global*)      1 (*global*)      1 (*global*)   
  93c:   1 (*global*)      1 (*global*)      1 (*global*)      1 (*global*)   
  940:   1 (*global*)      1 (*global*)      1 (*global*)      1 (*global*)   
  944:   1 (*global*)      1 (*global*)      1 (*global*)      1 (*global*)   
  948:   1 (*global*)      1 (*global*)      1 (*global*)      1 (*global*)   
  94c:   1 (*global*)      1 (*global*)      1 (*global*)      1 (*global*)   
  950:   1 (*global*)      1 (*global*)      1 (*global*)      1 (*global*)   
  954:   1 (*global*)      1 (*global*)      1 (*global*)      1 (*global*)   
  958:   1 (*global*)      1 (*global*)      1 (*global*)      1 (*global*)   
  95c:   1 (*global*)      1 (*global*)      1 (*global*)      1 (*global*)   
  960:   1 (*global*)      1 (*global*)      1 (*global*)      1 (*global*)   
  964:   1 (*global*)      1 (*global*)   

Version needs section '.gnu.version_r' contains 3 entries:
 Addr: 0x0000000000030650  Offset: 0x00030650  Link: 3 (.dynstr)
  000000: Version: 1  File: ld-linux-x86-64.so.2  Cnt: 1
  0x0010:   Name: GLIBC_2.3  Flags: none  Version: 14
  0x0020: Version: 1  File: libgcc_s.so.1  Cnt: 3
  0x0030:   Name: GCC_4.2.0  Flags: none  Version: 16
  0x0040:   Name: GCC_3.3  Flags: none  Version: 13
  0x0050:   Name: GCC_3.0  Flags: none  Version: 6
  0x0060: Version: 1  File: libc.so.6  Cnt: 12
  0x0070:   Name: GLIBC_2.14  Flags: none  Version: 17
  0x0080:   Name: GLIBC_2.6  Flags: none  Version: 15
  0x0090:   Name: GLIBC_2.27  Flags: none  Version: 12
  0x00a0:   Name: GLIBC_2.32  Flags: none  Version: 11
  0x00b0:   Name: GLIBC_2.4  Flags: none  Version: 10
  0x00c0:   Name: GLIBC_2.33  Flags: none  Version: 9
  0x00d0:   Name: GLIBC_2.17  Flags: none  Version: 8
  0x00e0:   Name: GLIBC_2.3  Flags: none  Version: 7
  0x00f0:   Name: GLIBC_2.38  Flags: none  Version: 5
  0x0100:   Name: GLIBC_2.3.2  Flags: none  Version: 4
  0x0110:   Name: GLIBC_2.34  Flags: none  Version: 3
  0x0120:   Name: GLIBC_2.2.5  Flags: none  Version: 2
