
This GDB supports auto-downloading debuginfo from the following URLs:
  <https://debuginfod.ubuntu.com>
Enable debuginfod for this session? (y or [n]) [answered N; input not from terminal]
Debuginfod has been disabled.
To make this setting permanent, add 'set debuginfod enabled off' to .gdbinit.
0x3f7ea578 in ?? () from /home/toolchain/development/libc++_replacement/tmp/GBS-ROOT/R30-semantic-libcxx-armv7l-20260812-01/local/BUILD-ROOTS/scratch.armv7l.0/lib/ld-linux.so.3
Breakpoint 1 at 0x400009a8
Breakpoint 2 at 0x40000984
Breakpoint 3 (_Unwind_RaiseException) pending.
Breakpoint 4 (__cxxabiv1::__class_type_info::can_catch) pending.
P11_TRACE {"architecture": "armv7", "event": "__cxa_throw", "object": "/home/toolchain/development/libc++_replacement/tmp/R68/build-patched-armv7l/libcxx/test-suite-install/lib/libc++abi.so.1.0", "pc": "0x3f700ca0", "type_info": "0x3f50d00c", "type_name": "13BoundaryError"}
P11_MAPS_BEGIN
HOST_QEMU_PROC_MAPS pid=369405
00400000-00401000 r--p 00000000 103:01 24644705                          /usr/bin/qemu-arm-static
00401000-00697000 r-xp 00001000 103:01 24644705                          /usr/bin/qemu-arm-static
00697000-007a7000 r--p 00297000 103:01 24644705                          /usr/bin/qemu-arm-static
007a7000-007f6000 r--p 003a7000 103:01 24644705                          /usr/bin/qemu-arm-static
007f6000-00804000 rw-p 003f6000 103:01 24644705                          /usr/bin/qemu-arm-static
00804000-00828000 rw-p 00000000 00:00 0 
1be21000-1bf73000 rw-p 00000000 00:00 0                                  [heap]
5bf0c000-9b27a000 ---p 00000000 00:00 0 
9b27a000-9b40e000 r--p 00000000 08:01 39627379                           /home/toolchain/development/libc++_replacement/tmp/GBS-ROOT/R30-semantic-libcxx-armv7l-20260812-01/local/BUILD-ROOTS/scratch.armv7l.0/usr/lib/libstdc++.so.6.0.33
9b40e000-9b413000 r--p 00194000 08:01 39627379                           /home/toolchain/development/libc++_replacement/tmp/GBS-ROOT/R30-semantic-libcxx-armv7l-20260812-01/local/BUILD-ROOTS/scratch.armv7l.0/usr/lib/libstdc++.so.6.0.33
9b413000-9b415000 rw-p 00199000 08:01 39627379                           /home/toolchain/development/libc++_replacement/tmp/GBS-ROOT/R30-semantic-libcxx-armv7l-20260812-01/local/BUILD-ROOTS/scratch.armv7l.0/usr/lib/libstdc++.so.6.0.33
9b415000-9b418000 rw-p 00000000 00:00 0 
9b418000-9b419000 r--p 00000000 08:01 3602276                            /home/toolchain/development/libc++_replacement/progress/R78/build/armv7l/libold_plugin.so
9b419000-9b41a000 r--p 00001000 08:01 3602276                            /home/toolchain/development/libc++_replacement/progress/R78/build/armv7l/libold_plugin.so
9b41a000-9b41b000 rw-p 00002000 08:01 3602276                            /home/toolchain/development/libc++_replacement/progress/R78/build/armv7l/libold_plugin.so
9b41b000-9b41d000 rw-p 00000000 00:00 0 
9b41d000-9b469000 r--p 00000000 08:01 39608050                           /home/toolchain/development/libc++_replacement/tmp/GBS-ROOT/R30-semantic-libcxx-armv7l-20260812-01/local/BUILD-ROOTS/scratch.armv7l.0/usr/lib/libm.so.6
9b469000-9b46a000 r--p 0004c000 08:01 39608050                           /home/toolchain/development/libc++_replacement/tmp/GBS-ROOT/R30-semantic-libcxx-armv7l-20260812-01/local/BUILD-ROOTS/scratch.armv7l.0/usr/lib/libm.so.6
9b46a000-9b46b000 rw-p 0004d000 08:01 39608050                           /home/toolchain/development/libc++_replacement/tmp/GBS-ROOT/R30-semantic-libcxx-armv7l-20260812-01/local/BUILD-ROOTS/scratch.armv7l.0/usr/lib/libm.so.6
9b46b000-9b46d000 r--p 00000000 08:01 39608058                           /home/toolchain/development/libc++_replacement/tmp/GBS-ROOT/R30-semantic-libcxx-armv7l-20260812-01/local/BUILD-ROOTS/scratch.armv7l.0/usr/lib/libpthread.so.0
9b46d000-9b46e000 r--p 00002000 08:01 39608058                           /home/toolchain/development/libc++_replacement/tmp/GBS-ROOT/R30-semantic-libcxx-armv7l-20260812-01/local/BUILD-ROOTS/scratch.armv7l.0/usr/lib/libpthread.so.0
9b46e000-9b46f000 rw-p 00003000 08:01 39608058                           /home/toolchain/development/libc++_replacement/tmp/GBS-ROOT/R30-semantic-libcxx-armv7l-20260812-01/local/BUILD-ROOTS/scratch.armv7l.0/usr/lib/libpthread.so.0
9b46f000-9b474000 r--p 00000000 08:01 39638551                           /home/toolchain/development/libc++_replacement/tmp/GBS-ROOT/R30-semantic-libcxx-armv7l-20260812-01/local/BUILD-ROOTS/scratch.armv7l.0/usr/lib/libatomic.so.1.2.0
9b474000-9b475000 rw-p 00004000 08:01 39638551                           /home/toolchain/development/libc++_replacement/tmp/GBS-ROOT/R30-semantic-libcxx-armv7l-20260812-01/local/BUILD-ROOTS/scratch.armv7l.0/usr/lib/libatomic.so.1.2.0
9b475000-9b476000 rw-p 00000000 00:00 0 
9b476000-9b5cf000 r--p 00000000 08:01 39608047                           /home/toolchain/development/libc++_replacement/tmp/GBS-ROOT/R30-semantic-libcxx-armv7l-20260812-01/local/BUILD-ROOTS/scratch.armv7l.0/usr/lib/libc.so.6
9b5cf000-9b5d1000 r--p 00159000 08:01 39608047                           /home/toolchain/development/libc++_replacement/tmp/GBS-ROOT/R30-semantic-libcxx-armv7l-20260812-01/local/BUILD-ROOTS/scratch.armv7l.0/usr/lib/libc.so.6
9b5d1000-9b5d2000 rw-p 0015b000 08:01 39608047                           /home/toolchain/development/libc++_replacement/tmp/GBS-ROOT/R30-semantic-libcxx-armv7l-20260812-01/local/BUILD-ROOTS/scratch.armv7l.0/usr/lib/libc.so.6
9b5d2000-9b5d7000 rw-p 00000000 00:00 0 
9b5d7000-9b5f1000 r--p 00000000 08:01 39608106                           /home/toolchain/development/libc++_replacement/tmp/GBS-ROOT/R30-semantic-libcxx-armv7l-20260812-01/local/BUILD-ROOTS/scratch.armv7l.0/usr/lib/libgcc_s.so.1
9b5f1000-9b5f2000 rw-p 00019000 08:01 39608106                           /home/toolchain/development/libc++_replacement/tmp/GBS-ROOT/R30-semantic-libcxx-armv7l-20260812-01/local/BUILD-ROOTS/scratch.armv7l.0/usr/lib/libgcc_s.so.1
9b5f2000-9b612000 r--p 00000000 08:01 2661111                            /home/toolchain/development/libc++_replacement/tmp/R68/build-patched-armv7l/libcxx/test-suite-install/lib/libc++abi.so.1.0
9b612000-9b614000 r--p 00020000 08:01 2661111                            /home/toolchain/development/libc++_replacement/tmp/R68/build-patched-armv7l/libcxx/test-suite-install/lib/libc++abi.so.1.0
9b614000-9b615000 rw-p 00022000 08:01 2661111                            /home/toolchain/development/libc++_replacement/tmp/R68/build-patched-armv7l/libcxx/test-suite-install/lib/libc++abi.so.1.0
9b615000-9b6c5000 r--p 00000000 08:01 2661114                            /home/toolchain/development/libc++_replacement/tmp/R68/build-patched-armv7l/libcxx/test-suite-install/lib/libc++.so.1.0
9b6c5000-9b6c8000 r--p 000b0000 08:01 2661114                            /home/toolchain/development/libc++_replacement/tmp/R68/build-patched-armv7l/libcxx/test-suite-install/lib/libc++.so.1.0
9b6c8000-9b6c9000 rw-p 000b3000 08:01 2661114                            /home/toolchain/development/libc++_replacement/tmp/R68/build-patched-armv7l/libcxx/test-suite-install/lib/libc++.so.1.0
9b6c9000-9b6d3000 rw-p 00000000 00:00 0 
9b6d3000-9b6d9000 r--p 00000000 08:01 23212167                           /home/toolchain/development/libc++_replacement/tmp/R11/extracted/9b/9bda3e524b7ff5384c44baa1d85808ec71cc78db7c17bf71726e24c6c6bd4c99/usr/lib/libunwind.so.1.0
9b6d9000-9b6da000 r--p 00006000 08:01 23212167                           /home/toolchain/development/libc++_replacement/tmp/R11/extracted/9b/9bda3e524b7ff5384c44baa1d85808ec71cc78db7c17bf71726e24c6c6bd4c99/usr/lib/libunwind.so.1.0
9b6da000-9b6db000 rw-p 00007000 08:01 23212167                           /home/toolchain/development/libc++_replacement/tmp/R11/extracted/9b/9bda3e524b7ff5384c44baa1d85808ec71cc78db7c17bf71726e24c6c6bd4c99/usr/lib/libunwind.so.1.0
9b6db000-9b6dd000 rw-p 00000000 00:00 0 
9b6dd000-9b708000 r--p 00000000 08:01 39608044                           /home/toolchain/development/libc++_replacement/tmp/GBS-ROOT/R30-semantic-libcxx-armv7l-20260812-01/local/BUILD-ROOTS/scratch.armv7l.0/usr/lib/ld-linux.so.3
9b708000-9b70a000 r--p 0002b000 08:01 39608044                           /home/toolchain/development/libc++_replacement/tmp/GBS-ROOT/R30-semantic-libcxx-armv7l-20260812-01/local/BUILD-ROOTS/scratch.armv7l.0/usr/lib/ld-linux.so.3
9b70a000-9b70b000 rw-p 0002d000 08:01 39608044                           /home/toolchain/development/libc++_replacement/tmp/GBS-ROOT/R30-semantic-libcxx-armv7l-20260812-01/local/BUILD-ROOTS/scratch.armv7l.0/usr/lib/ld-linux.so.3
9b70b000-9b70c000 ---p 00000000 00:00 0 
9b70c000-9bf0c000 rw-p 00000000 00:00 0 
9bf0c000-9bf0e000 r--p 00000000 08:01 3602277                            /home/toolchain/development/libc++_replacement/progress/R78/build/armv7l/new_main
9bf0e000-9bf0f000 r--p 00002000 08:01 3602277                            /home/toolchain/development/libc++_replacement/progress/R78/build/armv7l/new_main
9bf0f000-9bf10000 rw-p 00003000 08:01 3602277                            /home/toolchain/development/libc++_replacement/progress/R78/build/armv7l/new_main
9bf10000-9bf31000 rw-p 00000000 00:00 0 
9bf31000-15befc000 ---p 00000000 00:00 0 
15befc000-15befd000 r--p 00000000 00:00 0 
73ac6c000000-73ac73fff000 rwxp 00000000 00:00 0 
73ac73fff000-73ac74000000 ---p 00000000 00:00 0 
73ac74000000-73ac74021000 rw-p 00000000 00:00 0 
73ac74021000-73ac78000000 ---p 00000000 00:00 0 
73ac7ab2d000-73ac7abae000 rw-p 00000000 00:00 0 
73ac7abae000-73ac7abaf000 ---p 00000000 00:00 0 
73ac7abaf000-73ac7b3af000 rw-p 00000000 00:00 0 
73ac7b3af000-73ac7b3b3000 r--p 00000000 00:00 0                          [vvar]
73ac7b3b3000-73ac7b3b5000 r--p 00000000 00:00 0                          [vvar_vclock]
73ac7b3b5000-73ac7b3b7000 r-xp 00000000 00:00 0                          [vdso]
7ffd03348000-7ffd0336a000 rw-p 00000000 00:00 0                          [stack]
ffffffffff600000-ffffffffff601000 --xp 00000000 00:00 0                  [vsyscall]

From        To          Syms Read   Shared Object Library
0x3f7d1a00  0x3f7f5818  Yes (*)     /home/toolchain/development/libc++_replacement/tmp/GBS-ROOT/R30-semantic-libcxx-armv7l-20260812-01/local/BUILD-ROOTS/scratch.armv7l.0/lib/ld-linux.so.3
0x3f7c7ee0  0x3f7caf90  Yes (*)     /home/toolchain/development/libc++_replacement/tmp/R11/extracted/9b/9bda3e524b7ff5384c44baa1d85808ec71cc78db7c17bf71726e24c6c6bd4c99/usr/lib/libunwind.so.1.0
0x3f7374d0  0x3f78d154  Yes         /home/toolchain/development/libc++_replacement/tmp/R68/build-patched-armv7l/libcxx/test-suite-install/lib/libc++.so.1.0
0x3f6ee5c0  0x3f701a58  Yes         /home/toolchain/development/libc++_replacement/tmp/R68/build-patched-armv7l/libcxx/test-suite-install/lib/libc++abi.so.1.0
0x3f6da590  0x3f6e4478  Yes (*)     /home/toolchain/development/libc++_replacement/tmp/GBS-ROOT/R30-semantic-libcxx-armv7l-20260812-01/local/BUILD-ROOTS/scratch.armv7l.0/usr/lib/libgcc_s.so.1
0x3f588e80  0x3f69e6a0  Yes (*)     /home/toolchain/development/libc++_replacement/tmp/GBS-ROOT/R30-semantic-libcxx-armv7l-20260812-01/local/BUILD-ROOTS/scratch.armv7l.0/usr/lib/libc.so.6
0x3f564720  0x3f567c2c  Yes (*)     /home/toolchain/development/libc++_replacement/tmp/GBS-ROOT/R30-semantic-libcxx-armv7l-20260812-01/local/BUILD-ROOTS/scratch.armv7l.0/usr/lib/libatomic.so.1.2.0
0x3f55f73c  0x3f560838  Yes (*)     /home/toolchain/development/libc++_replacement/tmp/GBS-ROOT/R30-semantic-libcxx-armv7l-20260812-01/local/BUILD-ROOTS/scratch.armv7l.0/usr/lib/libpthread.so.0
0x3f5193e8  0x3f546efc  Yes (*)     /home/toolchain/development/libc++_replacement/tmp/GBS-ROOT/R30-semantic-libcxx-armv7l-20260812-01/local/BUILD-ROOTS/scratch.armv7l.0/usr/lib/libm.so.6
                        No          /home/toolchain/development/libc++_replacement/progress/R78/build/armv7l/libold_plugin.so
0x3f3f40f0  0x3f4adc6c  Yes (*)     /home/toolchain/development/libc++_replacement/tmp/GBS-ROOT/R30-semantic-libcxx-armv7l-20260812-01/local/BUILD-ROOTS/scratch.armv7l.0/usr/lib/libstdc++.so.6.0.33
(*): Shared library is missing debugging information.
P11_MAPS_END
P11_TRACE {"architecture": "armv7", "class_read": "NOT_OBSERVED: Variable 'exception_object' not found.", "event": "_Unwind_RaiseException", "object": "/home/toolchain/development/libc++_replacement/tmp/R11/extracted/9b/9bda3e524b7ff5384c44baa1d85808ec71cc78db7c17bf71726e24c6c6bd4c99/usr/lib/libunwind.so.1.0", "pc": "0x3f7ca268"}
P11_TRACE {"architecture": "armv7", "ehabi_state": 0, "event": "__gxx_personality_v0", "exception_class": "0x434c4e47432b2b00", "exception_pointer": "0x40005130", "header_bytes": "002b2b43474e4c43", "object": "/home/toolchain/development/libc++_replacement/tmp/R68/build-patched-armv7l/libcxx/test-suite-install/lib/libc++abi.so.1.0", "pc": "0x3f701172"}
P11_TRACE {"architecture": "armv7", "ehabi_state": 0, "event": "__gxx_personality_v0", "exception_class": "0x434c4e47432b2b00", "exception_pointer": "0x40005130", "header_bytes": "002b2b43474e4c43", "object": "/home/toolchain/development/libc++_replacement/tmp/R68/build-patched-armv7l/libcxx/test-suite-install/lib/libc++abi.so.1.0", "pc": "0x3f701172"}
P11_TRACE {"architecture": "armv7", "catch_type": {"address": "0x40002008", "name": "13BoundaryError", "name_address": "0x40001589", "vtable": "0x3f707dc4", "vtable_object": "/home/toolchain/development/libc++_replacement/tmp/R68/build-patched-armv7l/libcxx/test-suite-install/lib/libc++abi.so.1.0"}, "event": "__cxxabiv1::__class_type_info::can_catch", "object": "/home/toolchain/development/libc++_replacement/tmp/R68/build-patched-armv7l/libcxx/test-suite-install/lib/libc++abi.so.1.0", "pc": "0x3f6ffa18", "thrown_type": {"address": "0x3f50d00c", "name": "13BoundaryError", "name_address": "0x3f50cc34", "vtable": "0x3f707dc4", "vtable_object": "/home/toolchain/development/libc++_replacement/tmp/R68/build-patched-armv7l/libcxx/test-suite-install/lib/libc++abi.so.1.0"}}
P11_RETURN {"function": "can_catch", "value": "false", "return_register": 0}
P11_TRACE {"architecture": "armv7", "ehabi_state": 1, "event": "__gxx_personality_v0", "exception_class": "0x434c4e47432b2b00", "exception_pointer": "0x40005130", "header_bytes": "002b2b43474e4c43", "object": "/home/toolchain/development/libc++_replacement/tmp/R68/build-patched-armv7l/libcxx/test-suite-install/lib/libc++abi.so.1.0", "pc": "0x3f701172"}
P11_TRACE {"architecture": "armv7", "ehabi_state": 2, "event": "__gxx_personality_v0", "exception_class": "0x434c4e47432b2b00", "exception_pointer": "0x40005130", "header_bytes": "002b2b43474e4c43", "object": "/home/toolchain/development/libc++_replacement/tmp/R68/build-patched-armv7l/libcxx/test-suite-install/lib/libc++abi.so.1.0", "pc": "0x3f701172"}
P11_TRACE {"architecture": "armv7", "ehabi_state": 1, "event": "__gxx_personality_v0", "exception_class": "0x434c4e47432b2b00", "exception_pointer": "0x40005130", "header_bytes": "002b2b43474e4c43", "object": "/home/toolchain/development/libc++_replacement/tmp/R68/build-patched-armv7l/libcxx/test-suite-install/lib/libc++abi.so.1.0", "pc": "0x3f701172"}
[Inferior 1 (process 1) exited with code 014]
P11_INFERIOR_EXIT 12
