commit e79f1c3dde12c356142b77231e304c0da67adaf1
Author:     lhmax2025 <hao.lin@samsung.com>
AuthorDate: Tue Sep 1 16:15:34 2026 +0900
Commit:     Dongkyun Son <dongkyun.s@samsung.com>
CommitDate: Tue Sep 1 16:34:57 2026 +0900

    libcxx: backport EH ABI forced-unwind handling
    
    Squash the changes from sandbox/lhmax2025/libcxx-ehabi-backport:
    
    - packaging: add libc++ runtimes spec
    - libc++abi: preserve foreign forced-unwind state
    - libc++abi: expose GNU forced-unwind marker type
    - libcxx: preserve forced unwind in consumer-instantiated handlers
    - libcxx: preserve forced unwind in library-delivered handlers
    
    Change-Id: I0dfaf3ae6c88db033f1aff9167d64ffa211cdf2e
    Signed-off-by: Dongkyun Son <dongkyun.s@samsung.com>
8dfebafe1a477b3dcc678ee4cb18a3a4306d5a7c
08a64b6eb95e (origin/sandbox/lhmax2025/libcxx-ehabi-backport) libcxx: preserve forced unwind in library-delivered handlers
9039afa48d5b libcxx: preserve forced unwind in consumer-instantiated handlers
82afebabd778 libc++abi: expose GNU forced-unwind marker type
77e0f73ba61e libc++abi: preserve foreign forced-unwind state
5ed6c77278df (HEAD -> tizen_base) packaging: add libc++ runtimes spec
3d3e3da49e00 libcxxabi: declare __gnu_unwind_frame in cxa_personality (#189787)
fd7a4929c0e4 (tag: accepted/tizen/base/x/20260819.220951, tag: accepted/tizen/base/20260813.060009, origin/tizen_base_next) Merge MLGO AOT compilation support and optimization improvements
9ad40bd946a7 clang: add support for LLVM gold plugin in case of accelerated environment
M	libcxx/include/__ostream/basic_ostream.h
M	libcxx/include/future
M	libcxx/include/istream
M	libcxx/include/string
M	libcxx/src/future.cpp
M	libcxx/src/ios.cpp
M	libcxxabi/include/cxxabi.h
M	libcxxabi/src/cxa_exception.cpp
M	libcxxabi/src/cxa_personality.cpp
A	packaging/SOURCE_PROVENANCE
A	packaging/libcxx-llvm22.map
A	packaging/libcxx-runtimes.manifest
A	packaging/libcxx-runtimes.spec
