GERRIT_COMMENT_DRAFTS.md	2909
KEY_CHANGE_EVIDENCE.md	7176
REPORT.md	15086
SOURCE_PROVENANCE.suggested	4172
code/compare_squash_files.py	1453
code/run_logged.sh	458
code/verify_suggested_provenance.py	1421
raw/001_resource_gate.command.txt	38
raw/001_resource_gate.exitcode	2
raw/001_resource_gate.stderr	0
raw/001_resource_gate.stdout	178
raw/002_local_state.command.txt	836
raw/002_local_state.exitcode	2
raw/002_local_state.stderr	0
raw/002_local_state.stdout	61521
raw/003_remote_refs.command.txt	109
raw/003_remote_refs.exitcode	2
raw/003_remote_refs.stderr	0
raw/003_remote_refs.stdout	155
raw/004_fetch_squash_object.command.txt	83
raw/004_fetch_squash_object.exitcode	2
raw/004_fetch_squash_object.stderr	181
raw/004_fetch_squash_object.stdout	0
raw/005_commit_identity.command.txt	393
raw/005_commit_identity.exitcode	2
raw/005_commit_identity.stderr	0
raw/005_commit_identity.stdout	1945
raw/006_tree_comparison.command.txt	623
raw/006_tree_comparison.exitcode	2
raw/006_tree_comparison.stderr	0
raw/006_tree_comparison.stdout	3399
raw/007_tree_and_base_identity.command.txt	673
raw/007_tree_and_base_identity.exitcode	2
raw/007_tree_and_base_identity.stderr	0
raw/007_tree_and_base_identity.stdout	1980
raw/008_squash_full_diff.command.txt	96
raw/008_squash_full_diff.exitcode	2
raw/008_squash_full_diff.stderr	0
raw/008_squash_full_diff.stdout	37606
raw/009_key_locations.command.txt	578
raw/009_key_locations.exitcode	2
raw/009_key_locations.stderr	0
raw/009_key_locations.stdout	14138
raw/010_key_code_snippets.command.txt	900
raw/010_key_code_snippets.exitcode	2
raw/010_key_code_snippets.stderr	0
raw/010_key_code_snippets.stdout	17550
raw/011_four_includes_and_n1.command.txt	468
raw/011_four_includes_and_n1.exitcode	2
raw/011_four_includes_and_n1.stderr	0
raw/011_four_includes_and_n1.stdout	2736
raw/012_n1_and_include_context.command.txt	343
raw/012_n1_and_include_context.exitcode	2
raw/012_n1_and_include_context.stderr	0
raw/012_n1_and_include_context.stdout	3331
raw/012_n1_and_include_context_bash.command.txt	338
raw/012_n1_and_include_context_bash.exitcode	4
raw/012_n1_and_include_context_bash.stderr	65
raw/012_n1_and_include_context_bash.stdout	0
raw/013_packaging_files.command.txt	259
raw/013_packaging_files.exitcode	2
raw/013_packaging_files.stderr	0
raw/013_packaging_files.stdout	10413
raw/014_export_environment.command.txt	392
raw/014_export_environment.exitcode	2
raw/014_export_environment.stderr	0
raw/014_export_environment.stdout	652
raw/015_prior_export_evidence.command.txt	254
raw/015_prior_export_evidence.exitcode	2
raw/015_prior_export_evidence.stderr	0
raw/015_prior_export_evidence.stdout	17582
raw/016_reusable_export_workspace.command.txt	237
raw/016_reusable_export_workspace.exitcode	2
raw/016_reusable_export_workspace.stderr	0
raw/016_reusable_export_workspace.stdout	307
raw/017_squash_gbs_export.command.txt	438
raw/017_squash_gbs_export.exitcode	2
raw/017_squash_gbs_export.stderr	0
raw/017_squash_gbs_export.stdout	447
raw/018_exported_patch_inventory.command.txt	672
raw/018_exported_patch_inventory.exitcode	2
raw/018_exported_patch_inventory.stderr	0
raw/018_exported_patch_inventory.stdout	9652
raw/019_exported_hashes_and_ids.command.txt	411
raw/019_exported_hashes_and_ids.exitcode	2
raw/019_exported_hashes_and_ids.stderr	0
raw/019_exported_hashes_and_ids.stdout	3200
raw/020_patch_headers.command.txt	166
raw/020_patch_headers.exitcode	2
raw/020_patch_headers.stderr	0
raw/020_patch_headers.stdout	5036
raw/021_gerrit_change_status.command.txt	102
raw/021_gerrit_change_status.exitcode	2
raw/021_gerrit_change_status.stderr	0
raw/021_gerrit_change_status.stdout	1115
raw/022_prior_release_findings.command.txt	196
raw/022_prior_release_findings.exitcode	2
raw/022_prior_release_findings.stderr	0
raw/022_prior_release_findings.stdout	39785
raw/023_suggested_provenance_validation.command.txt	148
raw/023_suggested_provenance_validation.exitcode	2
raw/023_suggested_provenance_validation.stderr	0
raw/023_suggested_provenance_validation.stdout	1322
raw/024_prior_delivery_layout.command.txt	187
raw/024_prior_delivery_layout.exitcode	2
raw/024_prior_delivery_layout.stderr	0
raw/024_prior_delivery_layout.stdout	5474
raw/025_exported_squash_patch_dry_run.command.txt	683
raw/025_exported_squash_patch_dry_run.exitcode	2
raw/025_exported_squash_patch_dry_run.stderr	0
raw/025_exported_squash_patch_dry_run.stdout	624
raw/026_suggested_provenance_revalidation.command.txt	148
raw/026_suggested_provenance_revalidation.exitcode	2
raw/026_suggested_provenance_revalidation.stderr	0
raw/026_suggested_provenance_revalidation.stdout	1322
raw/027_create_delivery_directory.command.txt	28
raw/027_create_delivery_directory.exitcode	2
raw/027_create_delivery_directory.stderr	0
raw/027_create_delivery_directory.stdout	0
raw/028_assemble_delivery.command.txt	326
raw/028_assemble_delivery.stderr	0
raw/028_assemble_delivery.stdout	0
raw/UNLOGGED_RECOVERY_COMMANDS.md	6352
