tmp/ADAPTOR_0912/W2/v2/x86_64:
drop.o
drop.so
frontend.o
probe_cxx
probe_gnu
state.o
state.so

tmp/API_0911/W1_CONT:
arm
binder_property_cxx.so
binder_property_gnu.so
browser_init_probe
chromium_extension_source
chromium_source
closure_ewk
dali_control_probe
dali_core_cxx
dali_probe
deps_binder
deps_ewk
ewk_bridge_cxx.o
ewk_bridge_gnu.o
ewk_cxx
ewk_gnu
ewk_shim.so
ewk_shim_probe
ewk_state_cxx
ewk_state_gnu
gnu14_sdk
load_probe
vector_repr_cxx
vector_repr_gnu
vector_repr_gnu14

tmp/IMPL_0908/build-native/lib:
libc++.modules.json
libc++.so
libc++.so.1
libc++.so.1.0
libc++abi.so
libc++abi.so.1
libc++abi.so.1.0
libc++experimental.a
/home/toolchain/development/libc++_replacement/tmp/R30/repo/aarch64/packages/unified/noarch/csapi-tizenfx-dummy-15.0.0.19383-1.noarch.rpm
/home/toolchain/development/libc++_replacement/tmp/R36/build-armv7l/include/c++/v1/__utility/forward_like.h
/home/toolchain/development/libc++_replacement/tmp/R36/build-armv7l/include/c++/v1/__utility/forward.h
/home/toolchain/development/libc++_replacement/tmp/R36/build-armv7l/include/c++/v1/forward_list
/home/toolchain/development/libc++_replacement/tmp/R30/repo/aarch64/packages/unified/aarch64/context-job-scheduler-dummy-4.0.5-1.aarch64.rpm
/home/toolchain/development/libc++_replacement/tmp/R30/repo/aarch64/packages/unified/aarch64/context-sensor-recorder-dummy-4.0.1-1.aarch64.rpm
/home/toolchain/development/libc++_replacement/tmp/R30/repo/aarch64/packages/unified/aarch64/context-app-history-dummy-4.0.2-1.aarch64.rpm
/home/toolchain/development/libc++_replacement/tmp/R30/repo/aarch64/packages/unified/aarch64/context-store-dummy-4.0.0-1.aarch64.rpm
/home/toolchain/development/libc++_replacement/tmp/R30/repo/aarch64/packages/unified/aarch64/ode-dummy-ksp-0.0.5-0.aarch64.rpm
/home/toolchain/development/libc++_replacement/tmp/R30/repo/aarch64/packages/unified/aarch64/ua-plugin-wifi-dummy-0.14.0-1.aarch64.rpm
/home/toolchain/development/libc++_replacement/tmp/R30/repo/aarch64/packages/unified/aarch64/sensord-dummy-10.0.0-1.aarch64.rpm
/home/toolchain/development/libc++_replacement/tmp/R30/repo/aarch64/packages/unified/aarch64/tef-dummy-0.0.1-0.aarch64.rpm
/home/toolchain/development/libc++_replacement/tmp/R30/repo/aarch64/packages/unified/aarch64/hal-backend-ml-accelerator-dummy-0.1.0-0.aarch64.rpm
/home/toolchain/development/libc++_replacement/tmp/R36/build-armv7l/include/c++/v1/__cxx03/__utility/forward.h
/home/toolchain/development/libc++_replacement/tmp/R36/build-armv7l/include/c++/v1/__cxx03/forward_list
/home/toolchain/development/libc++_replacement/tmp/R58/build-full-x86_64/include/c++/v1/__utility/forward_like.h
/home/toolchain/development/libc++_replacement/tmp/R58/build-full-x86_64/include/c++/v1/__utility/forward.h
/home/toolchain/development/libc++_replacement/tmp/R36/build-armv7l/include/c++/v1/__functional/perfect_forward.h
/home/toolchain/development/libc++_replacement/tmp/R30/repo/armv7l/packages/unified/noarch/csapi-tizenfx-dummy-15.0.0.19383-1.noarch.rpm
/home/toolchain/development/libc++_replacement/tmp/R58/build-full-x86_64/include/c++/v1/forward_list
/home/toolchain/development/libc++_replacement/tmp/R30/repo/armv7l/packages/unified/armv7l/context-app-history-dummy-4.0.2-1.armv7l.rpm
/home/toolchain/development/libc++_replacement/tmp/R30/repo/armv7l/packages/unified/armv7l/sensord-dummy-10.0.0-1.armv7l.rpm
/home/toolchain/development/libc++_replacement/tmp/R30/repo/armv7l/packages/unified/armv7l/hal-backend-ml-accelerator-dummy-0.1.0-0.armv7l.rpm
/home/toolchain/development/libc++_replacement/tmp/R30/repo/armv7l/packages/unified/armv7l/ua-plugin-wifi-dummy-0.14.0-1.armv7l.rpm
/home/toolchain/development/libc++_replacement/tmp/R30/repo/armv7l/packages/unified/armv7l/tef-dummy-0.0.1-0.armv7l.rpm
/home/toolchain/development/libc++_replacement/tmp/R30/repo/armv7l/packages/unified/armv7l/context-job-scheduler-dummy-4.0.5-1.armv7l.rpm
/home/toolchain/development/libc++_replacement/tmp/R30/repo/armv7l/packages/unified/armv7l/context-store-dummy-4.0.0-1.armv7l.rpm
/home/toolchain/development/libc++_replacement/tmp/R30/repo/armv7l/packages/unified/armv7l/ode-dummy-ksp-0.0.5-0.armv7l.rpm
/home/toolchain/development/libc++_replacement/tmp/R30/repo/armv7l/packages/unified/armv7l/context-sensor-recorder-dummy-4.0.1-1.armv7l.rpm
/home/toolchain/development/libc++_replacement/tmp/R58/build-full-x86_64/include/c++/v1/__cxx03/__utility/forward.h
/home/toolchain/development/libc++_replacement/tmp/R58/build-full-x86_64/include/c++/v1/__cxx03/forward_list
/home/toolchain/development/libc++_replacement/tmp/R52/source-layer-c/llvm/cmake/dummy.cpp
/home/toolchain/development/libc++_replacement/tmp/R58/build-full-x86_64/include/c++/v1/__functional/perfect_forward.h
/home/toolchain/development/libc++_replacement/tmp/R54/source-all/libcxx/modules/std/forward_list.inc
/home/toolchain/development/libc++_replacement/tmp/R52/source-layer-c/libcxx/modules/std/forward_list.inc
/home/toolchain/development/libc++_replacement/tmp/R54/source-all/libc/src/__support/CPP/utility/forward.h
/home/toolchain/development/libc++_replacement/tmp/R54/source-all/libc/src/dlfcn/dlopen.cpp
/home/toolchain/development/libc++_replacement/tmp/R54/source-all/libc/src/dlfcn/dlopen.h
/home/toolchain/development/libc++_replacement/tmp/R54/source-all/libcxx/test/std/algorithms/alg.sorting/alg.min.max/requires_forward_iterator.verify.cpp
/home/toolchain/development/libc++_replacement/tmp/BUILD_W1_0905/diagnosis-x86/old/mlgo_sysroot/include/external/onednn/src/cpu/x64/prelu/jit_uni_prelu_forward_kernel.hpp
/home/toolchain/development/libc++_replacement/tmp/BUILD_W1_0905/diagnosis-x86/old/mlgo_sysroot/include/external/onednn/src/cpu/x64/prelu/jit_prelu_forward.hpp
/home/toolchain/development/libc++_replacement/tmp/R52/source-layer-c/libcxx/test/std/algorithms/alg.sorting/alg.min.max/requires_forward_iterator.verify.cpp
/home/toolchain/development/libc++_replacement/tmp/R68/build-baseline-x86_64/modules/c++/v1/std/forward_list.inc
/home/toolchain/development/libc++_replacement/tmp/R91/x86_64-rpm-extract-retry1/libc++-devel/usr/share/libc++/v1/std/forward_list.inc
/home/toolchain/development/libc++_replacement/tmp/R91/x86_64-rpm-extract-retry1/libc++-devel/usr/include/c++/v1/__utility/forward_like.h
/home/toolchain/development/libc++_replacement/tmp/R91/x86_64-rpm-extract-retry1/libc++-devel/usr/include/c++/v1/__utility/forward.h
/home/toolchain/development/libc++_replacement/tmp/R54/source-all/llvm/cmake/dummy.cpp
/home/toolchain/development/libc++_replacement/tmp/R91/x86_64-rpm-extract-retry1/libc++-devel/usr/include/c++/v1/forward_list
/home/toolchain/development/libc++_replacement/tmp/R68/build-baseline-x86_64/include/c++/v1/__utility/forward_like.h
/home/toolchain/development/libc++_replacement/tmp/R68/build-baseline-x86_64/include/c++/v1/__utility/forward.h
