55558e90c000-55558e92d000 rw-p 00000000 00:00 0                          [heap]
72e7bb824000-72e7bb84c000 r--p 00000000 08:01 23608330                   /home/toolchain/development/libc++_replacement/tmp/R11/extracted/bb/bb95acf2989fecd8ed536d259eb6ce43109882f58a219adcd440fd826537dda7/lib64/libc.so.6
72e7bb84c000-72e7bb99c000 r-xp 00028000 08:01 23608330                   /home/toolchain/development/libc++_replacement/tmp/R11/extracted/bb/bb95acf2989fecd8ed536d259eb6ce43109882f58a219adcd440fd826537dda7/lib64/libc.so.6
72e7bb99c000-72e7bb9f2000 r--p 00178000 08:01 23608330                   /home/toolchain/development/libc++_replacement/tmp/R11/extracted/bb/bb95acf2989fecd8ed536d259eb6ce43109882f58a219adcd440fd826537dda7/lib64/libc.so.6
72e7bb9f2000-72e7bb9f6000 r--p 001ce000 08:01 23608330                   /home/toolchain/development/libc++_replacement/tmp/R11/extracted/bb/bb95acf2989fecd8ed536d259eb6ce43109882f58a219adcd440fd826537dda7/lib64/libc.so.6
72e7bb9f6000-72e7bb9f8000 rw-p 001d2000 08:01 23608330                   /home/toolchain/development/libc++_replacement/tmp/R11/extracted/bb/bb95acf2989fecd8ed536d259eb6ce43109882f58a219adcd440fd826537dda7/lib64/libc.so.6
72e7bb9f8000-72e7bba00000 rw-p 00000000 00:00 0 
72e7bba00000-72e7bbaa5000 r--p 00000000 08:01 23622988                   /home/toolchain/development/libc++_replacement/tmp/R11/extracted/b8/b8155206a459a575f0f701c66a553cd2029728963fa3938768131e9028e4ee6b/usr/lib64/libstdc++.so.6.0.33
72e7bbaa5000-72e7bbbcd000 r-xp 000a5000 08:01 23622988                   /home/toolchain/development/libc++_replacement/tmp/R11/extracted/b8/b8155206a459a575f0f701c66a553cd2029728963fa3938768131e9028e4ee6b/usr/lib64/libstdc++.so.6.0.33
72e7bbbcd000-72e7bbc54000 r--p 001cd000 08:01 23622988                   /home/toolchain/development/libc++_replacement/tmp/R11/extracted/b8/b8155206a459a575f0f701c66a553cd2029728963fa3938768131e9028e4ee6b/usr/lib64/libstdc++.so.6.0.33
72e7bbc54000-72e7bbc5f000 r--p 00254000 08:01 23622988                   /home/toolchain/development/libc++_replacement/tmp/R11/extracted/b8/b8155206a459a575f0f701c66a553cd2029728963fa3938768131e9028e4ee6b/usr/lib64/libstdc++.so.6.0.33
72e7bbc5f000-72e7bbc62000 rw-p 0025f000 08:01 23622988                   /home/toolchain/development/libc++_replacement/tmp/R11/extracted/b8/b8155206a459a575f0f701c66a553cd2029728963fa3938768131e9028e4ee6b/usr/lib64/libstdc++.so.6.0.33
72e7bbc62000-72e7bbc66000 rw-p 00000000 00:00 0 
72e7bbcab000-72e7bbcad000 rw-p 00000000 00:00 0 
72e7bbcad000-72e7bbcaf000 r--p 00000000 103:01 24643894                  /usr/lib/x86_64-linux-gnu/libatomic.so.1.2.0
72e7bbcaf000-72e7bbcb3000 r-xp 00002000 103:01 24643894                  /usr/lib/x86_64-linux-gnu/libatomic.so.1.2.0
72e7bbcb3000-72e7bbcb5000 r--p 00006000 103:01 24643894                  /usr/lib/x86_64-linux-gnu/libatomic.so.1.2.0
72e7bbcb5000-72e7bbcb6000 r--p 00007000 103:01 24643894                  /usr/lib/x86_64-linux-gnu/libatomic.so.1.2.0
72e7bbcb6000-72e7bbcb7000 rw-p 00008000 103:01 24643894                  /usr/lib/x86_64-linux-gnu/libatomic.so.1.2.0
72e7bbcb7000-72e7bbcb8000 rw-p 00000000 00:00 0 
72e7bbcbc000-72e7bbcbd000 r--p 00000000 08:01 68734899                   /home/toolchain/development/libcxx_runtime_validation/tmp/P12/build/vector_provider_gnu.so
72e7bbcbd000-72e7bbcbe000 r-xp 00001000 08:01 68734899                   /home/toolchain/development/libcxx_runtime_validation/tmp/P12/build/vector_provider_gnu.so
72e7bbcbe000-72e7bbcbf000 r--p 00002000 08:01 68734899                   /home/toolchain/development/libcxx_runtime_validation/tmp/P12/build/vector_provider_gnu.so
72e7bbcbf000-72e7bbcc0000 r--p 00002000 08:01 68734899                   /home/toolchain/development/libcxx_runtime_validation/tmp/P12/build/vector_provider_gnu.so
72e7bbcc0000-72e7bbcc1000 rw-p 00003000 08:01 68734899                   /home/toolchain/development/libcxx_runtime_validation/tmp/P12/build/vector_provider_gnu.so
72e7bbcc1000-72e7bbcc2000 r--p 00000000 08:01 68734911                   /home/toolchain/development/libcxx_runtime_validation/tmp/P12/build/vector_cxx_to_gnu.so
72e7bbcc2000-72e7bbcc3000 r-xp 00001000 08:01 68734911                   /home/toolchain/development/libcxx_runtime_validation/tmp/P12/build/vector_cxx_to_gnu.so
72e7bbcc3000-72e7bbcc4000 r--p 00002000 08:01 68734911                   /home/toolchain/development/libcxx_runtime_validation/tmp/P12/build/vector_cxx_to_gnu.so
72e7bbcc4000-72e7bbcc5000 r--p 00002000 08:01 68734911                   /home/toolchain/development/libcxx_runtime_validation/tmp/P12/build/vector_cxx_to_gnu.so
72e7bbcc5000-72e7bbcc6000 rw-p 00003000 08:01 68734911                   /home/toolchain/development/libcxx_runtime_validation/tmp/P12/build/vector_cxx_to_gnu.so
72e7bbcc6000-72e7bbcc9000 rw-p 00000000 00:00 0 
72e7bbcc9000-72e7bbcca000 r--p 00000000 08:01 23608461                   /home/toolchain/development/libc++_replacement/tmp/R11/extracted/bb/bb95acf2989fecd8ed536d259eb6ce43109882f58a219adcd440fd826537dda7/lib64/libpthread.so.0
72e7bbcca000-72e7bbccb000 r-xp 00001000 08:01 23608461                   /home/toolchain/development/libc++_replacement/tmp/R11/extracted/bb/bb95acf2989fecd8ed536d259eb6ce43109882f58a219adcd440fd826537dda7/lib64/libpthread.so.0
72e7bbccb000-72e7bbccc000 r--p 00002000 08:01 23608461                   /home/toolchain/development/libc++_replacement/tmp/R11/extracted/bb/bb95acf2989fecd8ed536d259eb6ce43109882f58a219adcd440fd826537dda7/lib64/libpthread.so.0
72e7bbccc000-72e7bbccd000 r--p 00002000 08:01 23608461                   /home/toolchain/development/libc++_replacement/tmp/R11/extracted/bb/bb95acf2989fecd8ed536d259eb6ce43109882f58a219adcd440fd826537dda7/lib64/libpthread.so.0
72e7bbccd000-72e7bbcce000 rw-p 00003000 08:01 23608461                   /home/toolchain/development/libc++_replacement/tmp/R11/extracted/bb/bb95acf2989fecd8ed536d259eb6ce43109882f58a219adcd440fd826537dda7/lib64/libpthread.so.0
72e7bbcce000-72e7bbcd2000 r--p 00000000 08:01 23621385                   /home/toolchain/development/libc++_replacement/tmp/R11/extracted/fe/fe622fb74e245c939c61ea5cca98dcbfc342fa7e12b1de0d8602be19ed35c441/usr/lib64/libgcc_s.so.1
72e7bbcd2000-72e7bbcf5000 r-xp 00004000 08:01 23621385                   /home/toolchain/development/libc++_replacement/tmp/R11/extracted/fe/fe622fb74e245c939c61ea5cca98dcbfc342fa7e12b1de0d8602be19ed35c441/usr/lib64/libgcc_s.so.1
72e7bbcf5000-72e7bbcf9000 r--p 00027000 08:01 23621385                   /home/toolchain/development/libc++_replacement/tmp/R11/extracted/fe/fe622fb74e245c939c61ea5cca98dcbfc342fa7e12b1de0d8602be19ed35c441/usr/lib64/libgcc_s.so.1
72e7bbcf9000-72e7bbcfa000 rw-p 0002b000 08:01 23621385                   /home/toolchain/development/libc++_replacement/tmp/R11/extracted/fe/fe622fb74e245c939c61ea5cca98dcbfc342fa7e12b1de0d8602be19ed35c441/usr/lib64/libgcc_s.so.1
72e7bbcfa000-72e7bbd0a000 r--p 00000000 08:01 23608339                   /home/toolchain/development/libc++_replacement/tmp/R11/extracted/bb/bb95acf2989fecd8ed536d259eb6ce43109882f58a219adcd440fd826537dda7/lib64/libm.so.6
72e7bbd0a000-72e7bbd80000 r-xp 00010000 08:01 23608339                   /home/toolchain/development/libc++_replacement/tmp/R11/extracted/bb/bb95acf2989fecd8ed536d259eb6ce43109882f58a219adcd440fd826537dda7/lib64/libm.so.6
72e7bbd80000-72e7bbddb000 r--p 00086000 08:01 23608339                   /home/toolchain/development/libc++_replacement/tmp/R11/extracted/bb/bb95acf2989fecd8ed536d259eb6ce43109882f58a219adcd440fd826537dda7/lib64/libm.so.6
72e7bbddb000-72e7bbddc000 r--p 000e0000 08:01 23608339                   /home/toolchain/development/libc++_replacement/tmp/R11/extracted/bb/bb95acf2989fecd8ed536d259eb6ce43109882f58a219adcd440fd826537dda7/lib64/libm.so.6
72e7bbddc000-72e7bbddd000 rw-p 000e1000 08:01 23608339                   /home/toolchain/development/libc++_replacement/tmp/R11/extracted/bb/bb95acf2989fecd8ed536d259eb6ce43109882f58a219adcd440fd826537dda7/lib64/libm.so.6
72e7bbddd000-72e7bbddf000 rw-p 00000000 00:00 0 
72e7bbddf000-72e7bbde0000 r--p 00000000 08:01 23608338                   /home/toolchain/development/libc++_replacement/tmp/R11/extracted/bb/bb95acf2989fecd8ed536d259eb6ce43109882f58a219adcd440fd826537dda7/lib64/libdl.so.2
72e7bbde0000-72e7bbde1000 r-xp 00001000 08:01 23608338                   /home/toolchain/development/libc++_replacement/tmp/R11/extracted/bb/bb95acf2989fecd8ed536d259eb6ce43109882f58a219adcd440fd826537dda7/lib64/libdl.so.2
72e7bbde1000-72e7bbde2000 r--p 00002000 08:01 23608338                   /home/toolchain/development/libc++_replacement/tmp/R11/extracted/bb/bb95acf2989fecd8ed536d259eb6ce43109882f58a219adcd440fd826537dda7/lib64/libdl.so.2
72e7bbde2000-72e7bbde3000 r--p 00002000 08:01 23608338                   /home/toolchain/development/libc++_replacement/tmp/R11/extracted/bb/bb95acf2989fecd8ed536d259eb6ce43109882f58a219adcd440fd826537dda7/lib64/libdl.so.2
72e7bbde3000-72e7bbde4000 rw-p 00003000 08:01 23608338                   /home/toolchain/development/libc++_replacement/tmp/R11/extracted/bb/bb95acf2989fecd8ed536d259eb6ce43109882f58a219adcd440fd826537dda7/lib64/libdl.so.2
72e7bbde4000-72e7bbdf5000 r--p 00000000 08:01 72160044                   /home/toolchain/development/libcxx_runtime_validation/tmp/IMPL_0908/build-native/lib/libc++abi.so.1.0
72e7bbdf5000-72e7bbe12000 r-xp 00011000 08:01 72160044                   /home/toolchain/development/libcxx_runtime_validation/tmp/IMPL_0908/build-native/lib/libc++abi.so.1.0
72e7bbe12000-72e7bbe1c000 r--p 0002e000 08:01 72160044                   /home/toolchain/development/libcxx_runtime_validation/tmp/IMPL_0908/build-native/lib/libc++abi.so.1.0
72e7bbe1c000-72e7bbe21000 r--p 00038000 08:01 72160044                   /home/toolchain/development/libcxx_runtime_validation/tmp/IMPL_0908/build-native/lib/libc++abi.so.1.0
72e7bbe21000-72e7bbe22000 rw-p 0003d000 08:01 72160044                   /home/toolchain/development/libcxx_runtime_validation/tmp/IMPL_0908/build-native/lib/libc++abi.so.1.0
72e7bbe22000-72e7bbe5e000 r--p 00000000 08:01 72160099                   /home/toolchain/development/libcxx_runtime_validation/tmp/IMPL_0908/build-native/lib/libc++.so.1.0
72e7bbe5e000-72e7bbed8000 r-xp 0003c000 08:01 72160099                   /home/toolchain/development/libcxx_runtime_validation/tmp/IMPL_0908/build-native/lib/libc++.so.1.0
72e7bbed8000-72e7bbf1b000 r--p 000b6000 08:01 72160099                   /home/toolchain/development/libcxx_runtime_validation/tmp/IMPL_0908/build-native/lib/libc++.so.1.0
72e7bbf1b000-72e7bbf22000 r--p 000f8000 08:01 72160099                   /home/toolchain/development/libcxx_runtime_validation/tmp/IMPL_0908/build-native/lib/libc++.so.1.0
72e7bbf22000-72e7bbf23000 rw-p 000ff000 08:01 72160099                   /home/toolchain/development/libcxx_runtime_validation/tmp/IMPL_0908/build-native/lib/libc++.so.1.0
72e7bbf23000-72e7bbf30000 rw-p 00000000 00:00 0 
72e7bbf30000-72e7bbf31000 r--p 00000000 08:01 68734903                   /home/toolchain/development/libcxx_runtime_validation/tmp/P12/build/vector_app_cxx
72e7bbf31000-72e7bbf32000 r-xp 00001000 08:01 68734903                   /home/toolchain/development/libcxx_runtime_validation/tmp/P12/build/vector_app_cxx
72e7bbf32000-72e7bbf33000 r--p 00002000 08:01 68734903                   /home/toolchain/development/libcxx_runtime_validation/tmp/P12/build/vector_app_cxx
72e7bbf33000-72e7bbf34000 r--p 00002000 08:01 68734903                   /home/toolchain/development/libcxx_runtime_validation/tmp/P12/build/vector_app_cxx
72e7bbf34000-72e7bbf35000 rw-p 00003000 08:01 68734903                   /home/toolchain/development/libcxx_runtime_validation/tmp/P12/build/vector_app_cxx
72e7bbf35000-72e7bbf39000 r--p 00000000 00:00 0                          [vvar]
72e7bbf39000-72e7bbf3b000 r--p 00000000 00:00 0                          [vvar_vclock]
72e7bbf3b000-72e7bbf3d000 r-xp 00000000 00:00 0                          [vdso]
72e7bbf3d000-72e7bbf3e000 r--p 00000000 08:01 23608327                   /home/toolchain/development/libc++_replacement/tmp/R11/extracted/bb/bb95acf2989fecd8ed536d259eb6ce43109882f58a219adcd440fd826537dda7/lib64/ld-linux-x86-64.so.2
72e7bbf3e000-72e7bbf6b000 r-xp 00001000 08:01 23608327                   /home/toolchain/development/libc++_replacement/tmp/R11/extracted/bb/bb95acf2989fecd8ed536d259eb6ce43109882f58a219adcd440fd826537dda7/lib64/ld-linux-x86-64.so.2
72e7bbf6b000-72e7bbf77000 r--p 0002e000 08:01 23608327                   /home/toolchain/development/libc++_replacement/tmp/R11/extracted/bb/bb95acf2989fecd8ed536d259eb6ce43109882f58a219adcd440fd826537dda7/lib64/ld-linux-x86-64.so.2
72e7bbf77000-72e7bbf79000 r--p 0003a000 08:01 23608327                   /home/toolchain/development/libc++_replacement/tmp/R11/extracted/bb/bb95acf2989fecd8ed536d259eb6ce43109882f58a219adcd440fd826537dda7/lib64/ld-linux-x86-64.so.2
72e7bbf79000-72e7bbf7b000 rw-p 0003c000 08:01 23608327                   /home/toolchain/development/libc++_replacement/tmp/R11/extracted/bb/bb95acf2989fecd8ed536d259eb6ce43109882f58a219adcd440fd826537dda7/lib64/ld-linux-x86-64.so.2
7ffe9827c000-7ffe9829e000 rw-p 00000000 00:00 0                          [stack]
ffffffffff600000-ffffffffff601000 --xp 00000000 00:00 0                  [vsyscall]
MAP_ASSERT gnu=1 cxx=1 entry=1 provider=1
CASE=0 INSTANCE=100 LENGTH=0 EXACT=1 RESET=1
CASE=1 INSTANCE=101 LENGTH=1 EXACT=1 RESET=1
CASE=2 INSTANCE=102 LENGTH=1 EXACT=1 RESET=1
CASE=3 INSTANCE=103 LENGTH=256 EXACT=1 RESET=1
CASE=4 INSTANCE=104 LENGTH=65536 EXACT=1 RESET=1
CASE=5 INSTANCE=105 LENGTH=6 EXACT=1 RESET=1
CASE=6 INSTANCE=106 LENGTH=3 EXACT=1 RESET=1
CASE=7 INSTANCE=107 LENGTH=0 EXACT=1 RESET=1
SUMMARY EXACT=8/8 DESTROYED=8/8
