555585b7c000-555585b9d000 rw-p 00000000 00:00 0                          [heap]
70ed8a419000-70ed8a41b000 r--p 00000000 103:01 24643894                  /usr/lib/x86_64-linux-gnu/libatomic.so.1.2.0
70ed8a41b000-70ed8a41f000 r-xp 00002000 103:01 24643894                  /usr/lib/x86_64-linux-gnu/libatomic.so.1.2.0
70ed8a41f000-70ed8a421000 r--p 00006000 103:01 24643894                  /usr/lib/x86_64-linux-gnu/libatomic.so.1.2.0
70ed8a421000-70ed8a422000 r--p 00007000 103:01 24643894                  /usr/lib/x86_64-linux-gnu/libatomic.so.1.2.0
70ed8a422000-70ed8a423000 rw-p 00008000 103:01 24643894                  /usr/lib/x86_64-linux-gnu/libatomic.so.1.2.0
70ed8a423000-70ed8a424000 rw-p 00000000 00:00 0 
70ed8a424000-70ed8a44c000 r--p 00000000 08:01 23608330                   /home/toolchain/development/libc++_replacement/tmp/R11/extracted/bb/bb95acf2989fecd8ed536d259eb6ce43109882f58a219adcd440fd826537dda7/lib64/libc.so.6
70ed8a44c000-70ed8a59c000 r-xp 00028000 08:01 23608330                   /home/toolchain/development/libc++_replacement/tmp/R11/extracted/bb/bb95acf2989fecd8ed536d259eb6ce43109882f58a219adcd440fd826537dda7/lib64/libc.so.6
70ed8a59c000-70ed8a5f2000 r--p 00178000 08:01 23608330                   /home/toolchain/development/libc++_replacement/tmp/R11/extracted/bb/bb95acf2989fecd8ed536d259eb6ce43109882f58a219adcd440fd826537dda7/lib64/libc.so.6
70ed8a5f2000-70ed8a5f6000 r--p 001ce000 08:01 23608330                   /home/toolchain/development/libc++_replacement/tmp/R11/extracted/bb/bb95acf2989fecd8ed536d259eb6ce43109882f58a219adcd440fd826537dda7/lib64/libc.so.6
70ed8a5f6000-70ed8a5f8000 rw-p 001d2000 08:01 23608330                   /home/toolchain/development/libc++_replacement/tmp/R11/extracted/bb/bb95acf2989fecd8ed536d259eb6ce43109882f58a219adcd440fd826537dda7/lib64/libc.so.6
70ed8a5f8000-70ed8a600000 rw-p 00000000 00:00 0 
70ed8a600000-70ed8a6a5000 r--p 00000000 08:01 23622988                   /home/toolchain/development/libc++_replacement/tmp/R11/extracted/b8/b8155206a459a575f0f701c66a553cd2029728963fa3938768131e9028e4ee6b/usr/lib64/libstdc++.so.6.0.33
70ed8a6a5000-70ed8a7cd000 r-xp 000a5000 08:01 23622988                   /home/toolchain/development/libc++_replacement/tmp/R11/extracted/b8/b8155206a459a575f0f701c66a553cd2029728963fa3938768131e9028e4ee6b/usr/lib64/libstdc++.so.6.0.33
70ed8a7cd000-70ed8a854000 r--p 001cd000 08:01 23622988                   /home/toolchain/development/libc++_replacement/tmp/R11/extracted/b8/b8155206a459a575f0f701c66a553cd2029728963fa3938768131e9028e4ee6b/usr/lib64/libstdc++.so.6.0.33
70ed8a854000-70ed8a85f000 r--p 00254000 08:01 23622988                   /home/toolchain/development/libc++_replacement/tmp/R11/extracted/b8/b8155206a459a575f0f701c66a553cd2029728963fa3938768131e9028e4ee6b/usr/lib64/libstdc++.so.6.0.33
70ed8a85f000-70ed8a862000 rw-p 0025f000 08:01 23622988                   /home/toolchain/development/libc++_replacement/tmp/R11/extracted/b8/b8155206a459a575f0f701c66a553cd2029728963fa3938768131e9028e4ee6b/usr/lib64/libstdc++.so.6.0.33
70ed8a862000-70ed8a868000 rw-p 00000000 00:00 0 
70ed8a871000-70ed8a872000 r--p 00000000 08:01 68734902                   /home/toolchain/development/libcxx_runtime_validation/tmp/P12/build/vector_provider_cxx.so
70ed8a872000-70ed8a873000 r-xp 00001000 08:01 68734902                   /home/toolchain/development/libcxx_runtime_validation/tmp/P12/build/vector_provider_cxx.so
70ed8a873000-70ed8a874000 r--p 00002000 08:01 68734902                   /home/toolchain/development/libcxx_runtime_validation/tmp/P12/build/vector_provider_cxx.so
70ed8a874000-70ed8a875000 r--p 00002000 08:01 68734902                   /home/toolchain/development/libcxx_runtime_validation/tmp/P12/build/vector_provider_cxx.so
70ed8a875000-70ed8a876000 rw-p 00003000 08:01 68734902                   /home/toolchain/development/libcxx_runtime_validation/tmp/P12/build/vector_provider_cxx.so
70ed8a876000-70ed8a879000 rw-p 00000000 00:00 0 
70ed8a879000-70ed8a87a000 r--p 00000000 08:01 23608461                   /home/toolchain/development/libc++_replacement/tmp/R11/extracted/bb/bb95acf2989fecd8ed536d259eb6ce43109882f58a219adcd440fd826537dda7/lib64/libpthread.so.0
70ed8a87a000-70ed8a87b000 r-xp 00001000 08:01 23608461                   /home/toolchain/development/libc++_replacement/tmp/R11/extracted/bb/bb95acf2989fecd8ed536d259eb6ce43109882f58a219adcd440fd826537dda7/lib64/libpthread.so.0
70ed8a87b000-70ed8a87c000 r--p 00002000 08:01 23608461                   /home/toolchain/development/libc++_replacement/tmp/R11/extracted/bb/bb95acf2989fecd8ed536d259eb6ce43109882f58a219adcd440fd826537dda7/lib64/libpthread.so.0
70ed8a87c000-70ed8a87d000 r--p 00002000 08:01 23608461                   /home/toolchain/development/libc++_replacement/tmp/R11/extracted/bb/bb95acf2989fecd8ed536d259eb6ce43109882f58a219adcd440fd826537dda7/lib64/libpthread.so.0
70ed8a87d000-70ed8a87e000 rw-p 00003000 08:01 23608461                   /home/toolchain/development/libc++_replacement/tmp/R11/extracted/bb/bb95acf2989fecd8ed536d259eb6ce43109882f58a219adcd440fd826537dda7/lib64/libpthread.so.0
70ed8a87e000-70ed8a882000 r--p 00000000 08:01 23621385                   /home/toolchain/development/libc++_replacement/tmp/R11/extracted/fe/fe622fb74e245c939c61ea5cca98dcbfc342fa7e12b1de0d8602be19ed35c441/usr/lib64/libgcc_s.so.1
70ed8a882000-70ed8a8a5000 r-xp 00004000 08:01 23621385                   /home/toolchain/development/libc++_replacement/tmp/R11/extracted/fe/fe622fb74e245c939c61ea5cca98dcbfc342fa7e12b1de0d8602be19ed35c441/usr/lib64/libgcc_s.so.1
70ed8a8a5000-70ed8a8a9000 r--p 00027000 08:01 23621385                   /home/toolchain/development/libc++_replacement/tmp/R11/extracted/fe/fe622fb74e245c939c61ea5cca98dcbfc342fa7e12b1de0d8602be19ed35c441/usr/lib64/libgcc_s.so.1
70ed8a8a9000-70ed8a8aa000 rw-p 0002b000 08:01 23621385                   /home/toolchain/development/libc++_replacement/tmp/R11/extracted/fe/fe622fb74e245c939c61ea5cca98dcbfc342fa7e12b1de0d8602be19ed35c441/usr/lib64/libgcc_s.so.1
70ed8a8aa000-70ed8a8ba000 r--p 00000000 08:01 23608339                   /home/toolchain/development/libc++_replacement/tmp/R11/extracted/bb/bb95acf2989fecd8ed536d259eb6ce43109882f58a219adcd440fd826537dda7/lib64/libm.so.6
70ed8a8ba000-70ed8a930000 r-xp 00010000 08:01 23608339                   /home/toolchain/development/libc++_replacement/tmp/R11/extracted/bb/bb95acf2989fecd8ed536d259eb6ce43109882f58a219adcd440fd826537dda7/lib64/libm.so.6
70ed8a930000-70ed8a98b000 r--p 00086000 08:01 23608339                   /home/toolchain/development/libc++_replacement/tmp/R11/extracted/bb/bb95acf2989fecd8ed536d259eb6ce43109882f58a219adcd440fd826537dda7/lib64/libm.so.6
70ed8a98b000-70ed8a98c000 r--p 000e0000 08:01 23608339                   /home/toolchain/development/libc++_replacement/tmp/R11/extracted/bb/bb95acf2989fecd8ed536d259eb6ce43109882f58a219adcd440fd826537dda7/lib64/libm.so.6
70ed8a98c000-70ed8a98d000 rw-p 000e1000 08:01 23608339                   /home/toolchain/development/libc++_replacement/tmp/R11/extracted/bb/bb95acf2989fecd8ed536d259eb6ce43109882f58a219adcd440fd826537dda7/lib64/libm.so.6
70ed8a98d000-70ed8a98f000 rw-p 00000000 00:00 0 
70ed8a98f000-70ed8a990000 r--p 00000000 08:01 23608338                   /home/toolchain/development/libc++_replacement/tmp/R11/extracted/bb/bb95acf2989fecd8ed536d259eb6ce43109882f58a219adcd440fd826537dda7/lib64/libdl.so.2
70ed8a990000-70ed8a991000 r-xp 00001000 08:01 23608338                   /home/toolchain/development/libc++_replacement/tmp/R11/extracted/bb/bb95acf2989fecd8ed536d259eb6ce43109882f58a219adcd440fd826537dda7/lib64/libdl.so.2
70ed8a991000-70ed8a992000 r--p 00002000 08:01 23608338                   /home/toolchain/development/libc++_replacement/tmp/R11/extracted/bb/bb95acf2989fecd8ed536d259eb6ce43109882f58a219adcd440fd826537dda7/lib64/libdl.so.2
70ed8a992000-70ed8a993000 r--p 00002000 08:01 23608338                   /home/toolchain/development/libc++_replacement/tmp/R11/extracted/bb/bb95acf2989fecd8ed536d259eb6ce43109882f58a219adcd440fd826537dda7/lib64/libdl.so.2
70ed8a993000-70ed8a994000 rw-p 00003000 08:01 23608338                   /home/toolchain/development/libc++_replacement/tmp/R11/extracted/bb/bb95acf2989fecd8ed536d259eb6ce43109882f58a219adcd440fd826537dda7/lib64/libdl.so.2
70ed8a994000-70ed8a9a5000 r--p 00000000 08:01 72160044                   /home/toolchain/development/libcxx_runtime_validation/tmp/IMPL_0908/build-native/lib/libc++abi.so.1.0
70ed8a9a5000-70ed8a9c2000 r-xp 00011000 08:01 72160044                   /home/toolchain/development/libcxx_runtime_validation/tmp/IMPL_0908/build-native/lib/libc++abi.so.1.0
70ed8a9c2000-70ed8a9cc000 r--p 0002e000 08:01 72160044                   /home/toolchain/development/libcxx_runtime_validation/tmp/IMPL_0908/build-native/lib/libc++abi.so.1.0
70ed8a9cc000-70ed8a9d1000 r--p 00038000 08:01 72160044                   /home/toolchain/development/libcxx_runtime_validation/tmp/IMPL_0908/build-native/lib/libc++abi.so.1.0
70ed8a9d1000-70ed8a9d2000 rw-p 0003d000 08:01 72160044                   /home/toolchain/development/libcxx_runtime_validation/tmp/IMPL_0908/build-native/lib/libc++abi.so.1.0
70ed8a9d2000-70ed8aa0e000 r--p 00000000 08:01 72160099                   /home/toolchain/development/libcxx_runtime_validation/tmp/IMPL_0908/build-native/lib/libc++.so.1.0
70ed8aa0e000-70ed8aa88000 r-xp 0003c000 08:01 72160099                   /home/toolchain/development/libcxx_runtime_validation/tmp/IMPL_0908/build-native/lib/libc++.so.1.0
70ed8aa88000-70ed8aacb000 r--p 000b6000 08:01 72160099                   /home/toolchain/development/libcxx_runtime_validation/tmp/IMPL_0908/build-native/lib/libc++.so.1.0
70ed8aacb000-70ed8aad2000 r--p 000f8000 08:01 72160099                   /home/toolchain/development/libcxx_runtime_validation/tmp/IMPL_0908/build-native/lib/libc++.so.1.0
70ed8aad2000-70ed8aad3000 rw-p 000ff000 08:01 72160099                   /home/toolchain/development/libcxx_runtime_validation/tmp/IMPL_0908/build-native/lib/libc++.so.1.0
70ed8aad3000-70ed8aae0000 rw-p 00000000 00:00 0 
70ed8aae0000-70ed8aae1000 r--p 00000000 08:01 68734903                   /home/toolchain/development/libcxx_runtime_validation/tmp/P12/build/vector_app_cxx
70ed8aae1000-70ed8aae2000 r-xp 00001000 08:01 68734903                   /home/toolchain/development/libcxx_runtime_validation/tmp/P12/build/vector_app_cxx
70ed8aae2000-70ed8aae3000 r--p 00002000 08:01 68734903                   /home/toolchain/development/libcxx_runtime_validation/tmp/P12/build/vector_app_cxx
70ed8aae3000-70ed8aae4000 r--p 00002000 08:01 68734903                   /home/toolchain/development/libcxx_runtime_validation/tmp/P12/build/vector_app_cxx
70ed8aae4000-70ed8aae5000 rw-p 00003000 08:01 68734903                   /home/toolchain/development/libcxx_runtime_validation/tmp/P12/build/vector_app_cxx
70ed8aae5000-70ed8aae9000 r--p 00000000 00:00 0                          [vvar]
70ed8aae9000-70ed8aaeb000 r--p 00000000 00:00 0                          [vvar_vclock]
70ed8aaeb000-70ed8aaed000 r-xp 00000000 00:00 0                          [vdso]
70ed8aaed000-70ed8aaee000 r--p 00000000 08:01 23608327                   /home/toolchain/development/libc++_replacement/tmp/R11/extracted/bb/bb95acf2989fecd8ed536d259eb6ce43109882f58a219adcd440fd826537dda7/lib64/ld-linux-x86-64.so.2
70ed8aaee000-70ed8ab1b000 r-xp 00001000 08:01 23608327                   /home/toolchain/development/libc++_replacement/tmp/R11/extracted/bb/bb95acf2989fecd8ed536d259eb6ce43109882f58a219adcd440fd826537dda7/lib64/ld-linux-x86-64.so.2
70ed8ab1b000-70ed8ab27000 r--p 0002e000 08:01 23608327                   /home/toolchain/development/libc++_replacement/tmp/R11/extracted/bb/bb95acf2989fecd8ed536d259eb6ce43109882f58a219adcd440fd826537dda7/lib64/ld-linux-x86-64.so.2
70ed8ab27000-70ed8ab29000 r--p 0003a000 08:01 23608327                   /home/toolchain/development/libc++_replacement/tmp/R11/extracted/bb/bb95acf2989fecd8ed536d259eb6ce43109882f58a219adcd440fd826537dda7/lib64/ld-linux-x86-64.so.2
70ed8ab29000-70ed8ab2b000 rw-p 0003c000 08:01 23608327                   /home/toolchain/development/libc++_replacement/tmp/R11/extracted/bb/bb95acf2989fecd8ed536d259eb6ce43109882f58a219adcd440fd826537dda7/lib64/ld-linux-x86-64.so.2
7ffe4f52f000-7ffe4f551000 rw-p 00000000 00:00 0                          [stack]
ffffffffff600000-ffffffffff601000 --xp 00000000 00:00 0                  [vsyscall]
MAP_ASSERT gnu=1 cxx=1 entry=1 provider=1
CASE=0 INSTANCE=100 LENGTH=0 EXACT=1 RESET=1
CASE=1 INSTANCE=101 LENGTH=1 EXACT=1 RESET=1
CASE=2 INSTANCE=102 LENGTH=1 EXACT=1 RESET=1
CASE=3 INSTANCE=103 LENGTH=256 EXACT=1 RESET=1
CASE=4 INSTANCE=104 LENGTH=65536 EXACT=1 RESET=1
CASE=5 INSTANCE=105 LENGTH=6 EXACT=1 RESET=1
CASE=6 INSTANCE=106 LENGTH=3 EXACT=1 RESET=1
CASE=7 INSTANCE=107 LENGTH=0 EXACT=1 RESET=1
SUMMARY EXACT=8/8 DESTROYED=8/8
