555589117000-555589138000 rw-p 00000000 00:00 0                          [heap]
7802cc910000-7802cc911000 r--p 00000000 08:01 68734900                   /home/toolchain/development/libcxx_runtime_validation/tmp/P12/build/vector_provider_gnu.so
7802cc911000-7802cc912000 r-xp 00001000 08:01 68734900                   /home/toolchain/development/libcxx_runtime_validation/tmp/P12/build/vector_provider_gnu.so
7802cc912000-7802cc913000 r--p 00002000 08:01 68734900                   /home/toolchain/development/libcxx_runtime_validation/tmp/P12/build/vector_provider_gnu.so
7802cc913000-7802cc914000 r--p 00002000 08:01 68734900                   /home/toolchain/development/libcxx_runtime_validation/tmp/P12/build/vector_provider_gnu.so
7802cc914000-7802cc915000 rw-p 00003000 08:01 68734900                   /home/toolchain/development/libcxx_runtime_validation/tmp/P12/build/vector_provider_gnu.so
7802cc915000-7802cc93d000 r--p 00000000 08:01 23608330                   /home/toolchain/development/libc++_replacement/tmp/R11/extracted/bb/bb95acf2989fecd8ed536d259eb6ce43109882f58a219adcd440fd826537dda7/lib64/libc.so.6
7802cc93d000-7802cca8d000 r-xp 00028000 08:01 23608330                   /home/toolchain/development/libc++_replacement/tmp/R11/extracted/bb/bb95acf2989fecd8ed536d259eb6ce43109882f58a219adcd440fd826537dda7/lib64/libc.so.6
7802cca8d000-7802ccae3000 r--p 00178000 08:01 23608330                   /home/toolchain/development/libc++_replacement/tmp/R11/extracted/bb/bb95acf2989fecd8ed536d259eb6ce43109882f58a219adcd440fd826537dda7/lib64/libc.so.6
7802ccae3000-7802ccae7000 r--p 001ce000 08:01 23608330                   /home/toolchain/development/libc++_replacement/tmp/R11/extracted/bb/bb95acf2989fecd8ed536d259eb6ce43109882f58a219adcd440fd826537dda7/lib64/libc.so.6
7802ccae7000-7802ccae9000 rw-p 001d2000 08:01 23608330                   /home/toolchain/development/libc++_replacement/tmp/R11/extracted/bb/bb95acf2989fecd8ed536d259eb6ce43109882f58a219adcd440fd826537dda7/lib64/libc.so.6
7802ccae9000-7802ccaf1000 rw-p 00000000 00:00 0 
7802ccaf1000-7802ccaf5000 r--p 00000000 08:01 23621385                   /home/toolchain/development/libc++_replacement/tmp/R11/extracted/fe/fe622fb74e245c939c61ea5cca98dcbfc342fa7e12b1de0d8602be19ed35c441/usr/lib64/libgcc_s.so.1
7802ccaf5000-7802ccb18000 r-xp 00004000 08:01 23621385                   /home/toolchain/development/libc++_replacement/tmp/R11/extracted/fe/fe622fb74e245c939c61ea5cca98dcbfc342fa7e12b1de0d8602be19ed35c441/usr/lib64/libgcc_s.so.1
7802ccb18000-7802ccb1c000 r--p 00027000 08:01 23621385                   /home/toolchain/development/libc++_replacement/tmp/R11/extracted/fe/fe622fb74e245c939c61ea5cca98dcbfc342fa7e12b1de0d8602be19ed35c441/usr/lib64/libgcc_s.so.1
7802ccb1c000-7802ccb1d000 rw-p 0002b000 08:01 23621385                   /home/toolchain/development/libc++_replacement/tmp/R11/extracted/fe/fe622fb74e245c939c61ea5cca98dcbfc342fa7e12b1de0d8602be19ed35c441/usr/lib64/libgcc_s.so.1
7802ccb1d000-7802ccb2d000 r--p 00000000 08:01 23608339                   /home/toolchain/development/libc++_replacement/tmp/R11/extracted/bb/bb95acf2989fecd8ed536d259eb6ce43109882f58a219adcd440fd826537dda7/lib64/libm.so.6
7802ccb2d000-7802ccba3000 r-xp 00010000 08:01 23608339                   /home/toolchain/development/libc++_replacement/tmp/R11/extracted/bb/bb95acf2989fecd8ed536d259eb6ce43109882f58a219adcd440fd826537dda7/lib64/libm.so.6
7802ccba3000-7802ccbfe000 r--p 00086000 08:01 23608339                   /home/toolchain/development/libc++_replacement/tmp/R11/extracted/bb/bb95acf2989fecd8ed536d259eb6ce43109882f58a219adcd440fd826537dda7/lib64/libm.so.6
7802ccbfe000-7802ccbff000 r--p 000e0000 08:01 23608339                   /home/toolchain/development/libc++_replacement/tmp/R11/extracted/bb/bb95acf2989fecd8ed536d259eb6ce43109882f58a219adcd440fd826537dda7/lib64/libm.so.6
7802ccbff000-7802ccc00000 rw-p 000e1000 08:01 23608339                   /home/toolchain/development/libc++_replacement/tmp/R11/extracted/bb/bb95acf2989fecd8ed536d259eb6ce43109882f58a219adcd440fd826537dda7/lib64/libm.so.6
7802ccc00000-7802ccca5000 r--p 00000000 08:01 23622988                   /home/toolchain/development/libc++_replacement/tmp/R11/extracted/b8/b8155206a459a575f0f701c66a553cd2029728963fa3938768131e9028e4ee6b/usr/lib64/libstdc++.so.6.0.33
7802ccca5000-7802ccdcd000 r-xp 000a5000 08:01 23622988                   /home/toolchain/development/libc++_replacement/tmp/R11/extracted/b8/b8155206a459a575f0f701c66a553cd2029728963fa3938768131e9028e4ee6b/usr/lib64/libstdc++.so.6.0.33
7802ccdcd000-7802cce54000 r--p 001cd000 08:01 23622988                   /home/toolchain/development/libc++_replacement/tmp/R11/extracted/b8/b8155206a459a575f0f701c66a553cd2029728963fa3938768131e9028e4ee6b/usr/lib64/libstdc++.so.6.0.33
7802cce54000-7802cce5f000 r--p 00254000 08:01 23622988                   /home/toolchain/development/libc++_replacement/tmp/R11/extracted/b8/b8155206a459a575f0f701c66a553cd2029728963fa3938768131e9028e4ee6b/usr/lib64/libstdc++.so.6.0.33
7802cce5f000-7802cce62000 rw-p 0025f000 08:01 23622988                   /home/toolchain/development/libc++_replacement/tmp/R11/extracted/b8/b8155206a459a575f0f701c66a553cd2029728963fa3938768131e9028e4ee6b/usr/lib64/libstdc++.so.6.0.33
7802cce62000-7802cce6b000 rw-p 00000000 00:00 0 
7802cce6b000-7802cce6d000 r--p 00000000 103:01 24643894                  /usr/lib/x86_64-linux-gnu/libatomic.so.1.2.0
7802cce6d000-7802cce71000 r-xp 00002000 103:01 24643894                  /usr/lib/x86_64-linux-gnu/libatomic.so.1.2.0
7802cce71000-7802cce73000 r--p 00006000 103:01 24643894                  /usr/lib/x86_64-linux-gnu/libatomic.so.1.2.0
7802cce73000-7802cce74000 r--p 00007000 103:01 24643894                  /usr/lib/x86_64-linux-gnu/libatomic.so.1.2.0
7802cce74000-7802cce75000 rw-p 00008000 103:01 24643894                  /usr/lib/x86_64-linux-gnu/libatomic.so.1.2.0
7802cce75000-7802cce76000 rw-p 00000000 00:00 0 
7802cce76000-7802cce77000 r--p 00000000 08:01 23608461                   /home/toolchain/development/libc++_replacement/tmp/R11/extracted/bb/bb95acf2989fecd8ed536d259eb6ce43109882f58a219adcd440fd826537dda7/lib64/libpthread.so.0
7802cce77000-7802cce78000 r-xp 00001000 08:01 23608461                   /home/toolchain/development/libc++_replacement/tmp/R11/extracted/bb/bb95acf2989fecd8ed536d259eb6ce43109882f58a219adcd440fd826537dda7/lib64/libpthread.so.0
7802cce78000-7802cce79000 r--p 00002000 08:01 23608461                   /home/toolchain/development/libc++_replacement/tmp/R11/extracted/bb/bb95acf2989fecd8ed536d259eb6ce43109882f58a219adcd440fd826537dda7/lib64/libpthread.so.0
7802cce79000-7802cce7a000 r--p 00002000 08:01 23608461                   /home/toolchain/development/libc++_replacement/tmp/R11/extracted/bb/bb95acf2989fecd8ed536d259eb6ce43109882f58a219adcd440fd826537dda7/lib64/libpthread.so.0
7802cce7a000-7802cce7b000 rw-p 00003000 08:01 23608461                   /home/toolchain/development/libc++_replacement/tmp/R11/extracted/bb/bb95acf2989fecd8ed536d259eb6ce43109882f58a219adcd440fd826537dda7/lib64/libpthread.so.0
7802cce7b000-7802cce7d000 rw-p 00000000 00:00 0 
7802cce7d000-7802cce7e000 r--p 00000000 08:01 23608338                   /home/toolchain/development/libc++_replacement/tmp/R11/extracted/bb/bb95acf2989fecd8ed536d259eb6ce43109882f58a219adcd440fd826537dda7/lib64/libdl.so.2
7802cce7e000-7802cce7f000 r-xp 00001000 08:01 23608338                   /home/toolchain/development/libc++_replacement/tmp/R11/extracted/bb/bb95acf2989fecd8ed536d259eb6ce43109882f58a219adcd440fd826537dda7/lib64/libdl.so.2
7802cce7f000-7802cce80000 r--p 00002000 08:01 23608338                   /home/toolchain/development/libc++_replacement/tmp/R11/extracted/bb/bb95acf2989fecd8ed536d259eb6ce43109882f58a219adcd440fd826537dda7/lib64/libdl.so.2
7802cce80000-7802cce81000 r--p 00002000 08:01 23608338                   /home/toolchain/development/libc++_replacement/tmp/R11/extracted/bb/bb95acf2989fecd8ed536d259eb6ce43109882f58a219adcd440fd826537dda7/lib64/libdl.so.2
7802cce81000-7802cce82000 rw-p 00003000 08:01 23608338                   /home/toolchain/development/libc++_replacement/tmp/R11/extracted/bb/bb95acf2989fecd8ed536d259eb6ce43109882f58a219adcd440fd826537dda7/lib64/libdl.so.2
7802cce82000-7802cce93000 r--p 00000000 08:01 72160044                   /home/toolchain/development/libcxx_runtime_validation/tmp/IMPL_0908/build-native/lib/libc++abi.so.1.0
7802cce93000-7802cceb0000 r-xp 00011000 08:01 72160044                   /home/toolchain/development/libcxx_runtime_validation/tmp/IMPL_0908/build-native/lib/libc++abi.so.1.0
7802cceb0000-7802cceba000 r--p 0002e000 08:01 72160044                   /home/toolchain/development/libcxx_runtime_validation/tmp/IMPL_0908/build-native/lib/libc++abi.so.1.0
7802cceba000-7802ccebf000 r--p 00038000 08:01 72160044                   /home/toolchain/development/libcxx_runtime_validation/tmp/IMPL_0908/build-native/lib/libc++abi.so.1.0
7802ccebf000-7802ccec0000 rw-p 0003d000 08:01 72160044                   /home/toolchain/development/libcxx_runtime_validation/tmp/IMPL_0908/build-native/lib/libc++abi.so.1.0
7802ccec0000-7802ccefc000 r--p 00000000 08:01 72160099                   /home/toolchain/development/libcxx_runtime_validation/tmp/IMPL_0908/build-native/lib/libc++.so.1.0
7802ccefc000-7802ccf76000 r-xp 0003c000 08:01 72160099                   /home/toolchain/development/libcxx_runtime_validation/tmp/IMPL_0908/build-native/lib/libc++.so.1.0
7802ccf76000-7802ccfb9000 r--p 000b6000 08:01 72160099                   /home/toolchain/development/libcxx_runtime_validation/tmp/IMPL_0908/build-native/lib/libc++.so.1.0
7802ccfb9000-7802ccfc0000 r--p 000f8000 08:01 72160099                   /home/toolchain/development/libcxx_runtime_validation/tmp/IMPL_0908/build-native/lib/libc++.so.1.0
7802ccfc0000-7802ccfc1000 rw-p 000ff000 08:01 72160099                   /home/toolchain/development/libcxx_runtime_validation/tmp/IMPL_0908/build-native/lib/libc++.so.1.0
7802ccfc1000-7802ccfce000 rw-p 00000000 00:00 0 
7802ccfce000-7802ccfcf000 r--p 00000000 08:01 68734901                   /home/toolchain/development/libcxx_runtime_validation/tmp/P12/build/vector_app_gnu
7802ccfcf000-7802ccfd0000 r-xp 00001000 08:01 68734901                   /home/toolchain/development/libcxx_runtime_validation/tmp/P12/build/vector_app_gnu
7802ccfd0000-7802ccfd1000 r--p 00002000 08:01 68734901                   /home/toolchain/development/libcxx_runtime_validation/tmp/P12/build/vector_app_gnu
7802ccfd1000-7802ccfd2000 r--p 00002000 08:01 68734901                   /home/toolchain/development/libcxx_runtime_validation/tmp/P12/build/vector_app_gnu
7802ccfd2000-7802ccfd3000 rw-p 00003000 08:01 68734901                   /home/toolchain/development/libcxx_runtime_validation/tmp/P12/build/vector_app_gnu
7802ccfd3000-7802ccfd7000 r--p 00000000 00:00 0                          [vvar]
7802ccfd7000-7802ccfd9000 r--p 00000000 00:00 0                          [vvar_vclock]
7802ccfd9000-7802ccfdb000 r-xp 00000000 00:00 0                          [vdso]
7802ccfdb000-7802ccfdc000 r--p 00000000 08:01 23608327                   /home/toolchain/development/libc++_replacement/tmp/R11/extracted/bb/bb95acf2989fecd8ed536d259eb6ce43109882f58a219adcd440fd826537dda7/lib64/ld-linux-x86-64.so.2
7802ccfdc000-7802cd009000 r-xp 00001000 08:01 23608327                   /home/toolchain/development/libc++_replacement/tmp/R11/extracted/bb/bb95acf2989fecd8ed536d259eb6ce43109882f58a219adcd440fd826537dda7/lib64/ld-linux-x86-64.so.2
7802cd009000-7802cd015000 r--p 0002e000 08:01 23608327                   /home/toolchain/development/libc++_replacement/tmp/R11/extracted/bb/bb95acf2989fecd8ed536d259eb6ce43109882f58a219adcd440fd826537dda7/lib64/ld-linux-x86-64.so.2
7802cd015000-7802cd017000 r--p 0003a000 08:01 23608327                   /home/toolchain/development/libc++_replacement/tmp/R11/extracted/bb/bb95acf2989fecd8ed536d259eb6ce43109882f58a219adcd440fd826537dda7/lib64/ld-linux-x86-64.so.2
7802cd017000-7802cd019000 rw-p 0003c000 08:01 23608327                   /home/toolchain/development/libc++_replacement/tmp/R11/extracted/bb/bb95acf2989fecd8ed536d259eb6ce43109882f58a219adcd440fd826537dda7/lib64/ld-linux-x86-64.so.2
7ffd4e7a4000-7ffd4e7c6000 rw-p 00000000 00:00 0                          [stack]
ffffffffff600000-ffffffffff601000 --xp 00000000 00:00 0                  [vsyscall]
MAP_ASSERT gnu=1 cxx=1 entry=1 provider=1
CASE=0 INSTANCE=100 LENGTH=0 EXACT=1 RESET=1
CASE=1 INSTANCE=101 LENGTH=1 EXACT=1 RESET=1
CASE=2 INSTANCE=102 LENGTH=1 EXACT=1 RESET=1
CASE=3 INSTANCE=103 LENGTH=256 EXACT=1 RESET=1
CASE=4 INSTANCE=104 LENGTH=65536 EXACT=1 RESET=1
CASE=5 INSTANCE=105 LENGTH=6 EXACT=1 RESET=1
CASE=6 INSTANCE=106 LENGTH=3 EXACT=1 RESET=1
CASE=7 INSTANCE=107 LENGTH=0 EXACT=1 RESET=1
SUMMARY EXACT=8/8 DESTROYED=8/8
