
Symbol table '.dynsym' contains 66 entries:
   Num:    Value  Size Type    Bind   Vis      Ndx Name
     0: 00000000     0 NOTYPE  LOCAL  DEFAULT  UND 
     1: 00000fb0     0 SECTION LOCAL  DEFAULT   10 .init
     2: 00006138     0 SECTION LOCAL  DEFAULT   23 .data
     3: 00000000     0 FUNC    GLOBAL DEFAULT  UND __cxa_guard_release@LLVM_22 (2)
     4: 00000000     0 FUNC    GLOBAL DEFAULT  UND abort@GLIBC_2.4 (3)
     5: 00000000     0 FUNC    GLOBAL DEFAULT  UND _ZNSt3__119__shared_mutex_base4lockEv@LLVM_22 (4)
     6: 00000000     0 FUNC    GLOBAL DEFAULT  UND __aeabi_unwind_cpp_pr0@GCC_3.5 (5)
     7: 00000000     0 FUNC    GLOBAL DEFAULT  UND __aeabi_ldivmod@GCC_3.5 (5)
     8: 00000000     0 FUNC    GLOBAL DEFAULT  UND pthread_timedjoin_np@GLIBC_2.34 (6)
     9: 00000000     0 FUNC    GLOBAL DEFAULT  UND clock_gettime@GLIBC_2.17 (7)
    10: 00000000     0 NOTYPE  WEAK   DEFAULT  UND __gmon_start__
    11: 00000000     0 FUNC    GLOBAL DEFAULT  UND _Exit@GLIBC_2.4 (3)
    12: 00000000     0 FUNC    GLOBAL DEFAULT  UND fclose@GLIBC_2.4 (3)
    13: 00000000     0 FUNC    GLOBAL DEFAULT  UND fgets@GLIBC_2.4 (3)
    14: 00000000     0 FUNC    GLOBAL DEFAULT  UND _ZNSt3__119__shared_mutex_base11lock_sharedEv@LLVM_22 (4)
    15: 00000000     0 FUNC    GLOBAL DEFAULT  UND getenv@GLIBC_2.4 (3)
    16: 00000000     0 FUNC    GLOBAL DEFAULT  UND _ZNSt3__120__throw_system_errorEiPKc@LLVM_22 (4)
    17: 00000000     0 FUNC    GLOBAL DEFAULT  UND __cxa_atexit@GLIBC_2.4 (3)
    18: 00000000     0 FUNC    GLOBAL DEFAULT  UND _ZNSt3__118shared_timed_mutexC1Ev@LLVM_22 (4)
    19: 00000000     0 FUNC    GLOBAL DEFAULT  UND fopen@GLIBC_2.4 (3)
    20: 00000000     0 FUNC    GLOBAL DEFAULT  UND _ZNSt3__119__shared_mutex_base8try_lockEv@LLVM_22 (4)
    21: 00000000     0 NOTYPE  WEAK   DEFAULT  UND _ITM_deregisterTMCloneTable
    22: 00000000     0 FUNC    GLOBAL DEFAULT  UND usleep@GLIBC_2.4 (3)
    23: 00000000     0 FUNC    GLOBAL DEFAULT  UND pthread_create@GLIBC_2.34 (6)
    24: 00000000     0 NOTYPE  WEAK   DEFAULT  UND _ITM_registerTMCloneTable
    25: 00000000     0 FUNC    GLOBAL DEFAULT  UND pthread_mutex_unlock@GLIBC_2.4 (3)
    26: 00000000     0 FUNC    GLOBAL DEFAULT  UND _ZNSt3__118shared_timed_mutex15try_lock_sharedEv@LLVM_22 (4)
    27: 00000000     0 FUNC    GLOBAL DEFAULT  UND __cxa_begin_catch@LLVM_22 (2)
    28: 00000000     0 FUNC    GLOBAL DEFAULT  UND __cxa_guard_acquire@LLVM_22 (2)
    29: 00000000     0 FUNC    GLOBAL DEFAULT  UND pthread_mutex_lock@GLIBC_2.4 (3)
    30: 00000000     0 FUNC    GLOBAL DEFAULT  UND _ZNSt3__15mutex6unlockEv@LLVM_22 (4)
    31: 00000000     0 FUNC    GLOBAL DEFAULT  UND _ZNSt3__119__shared_mutex_base13unlock_sharedEv@LLVM_22 (4)
    32: 00000000     0 FUNC    GLOBAL DEFAULT  UND _ZNSt3__118condition_variable10notify_allEv@LLVM_22 (4)
    33: 00000000     0 FUNC    GLOBAL DEFAULT  UND alarm@GLIBC_2.4 (3)
    34: 00000000     0 FUNC    GLOBAL DEFAULT  UND _ZNSt3__119__shared_mutex_base15try_lock_sharedEv@LLVM_22 (4)
    35: 00000000     0 FUNC    GLOBAL DEFAULT  UND printf@GLIBC_2.4 (3)
    36: 00000000     0 FUNC    GLOBAL DEFAULT  UND _ZNSt3__119__shared_mutex_base6unlockEv@LLVM_22 (4)
    37: 00000000     0 FUNC    GLOBAL DEFAULT  UND pthread_cancel@GLIBC_2.34 (6)
    38: 00000000     0 FUNC    GLOBAL DEFAULT  UND strstr@GLIBC_2.4 (3)
    39: 00000000     0 FUNC    GLOBAL DEFAULT  UND _ZNSt3__118shared_timed_mutex13unlock_sharedEv@LLVM_22 (4)
    40: 00000000     0 FUNC    GLOBAL DEFAULT  UND setvbuf@GLIBC_2.4 (3)
    41: 00000000     0 FUNC    GLOBAL DEFAULT  UND __tls_get_addr@GLIBC_2.4 (8)
    42: 00000000     0 FUNC    GLOBAL DEFAULT  UND _ZNSt3__119__shared_mutex_baseC1Ev@LLVM_22 (4)
    43: 00000000     0 FUNC    GLOBAL DEFAULT  UND __cxa_end_cleanup@LLVM_22 (2)
    44: 00000000     0 FUNC    GLOBAL DEFAULT  UND _ZNSt3__118shared_timed_mutex8try_lockEv@LLVM_22 (4)
    45: 00000000     0 FUNC    GLOBAL DEFAULT  UND __gxx_personality_v0@LLVM_22 (2)
    46: 00000000     0 FUNC    GLOBAL DEFAULT  UND puts@GLIBC_2.4 (3)
    47: 00000000     0 FUNC    GLOBAL DEFAULT  UND _ZSt9terminatev@LLVM_22 (2)
    48: 00000000     0 OBJECT  GLOBAL DEFAULT  UND stdout@GLIBC_2.4 (3)
    49: 00000000     0 FUNC    GLOBAL DEFAULT  UND _ZNSt3__118shared_timed_mutex11lock_sharedEv@LLVM_22 (4)
    50: 00000000     0 FUNC    GLOBAL DEFAULT  UND _ZNSt3__15mutex4lockEv@LLVM_22 (4)
    51: 00000000     0 FUNC    GLOBAL DEFAULT  UND dlsym@GLIBC_2.34 (6)
    52: 00000000     0 FUNC    GLOBAL DEFAULT  UND _ZNSt3__118shared_timed_mutex6unlockEv@LLVM_22 (4)
    53: 00000000     0 FUNC    GLOBAL DEFAULT  UND strncmp@GLIBC_2.4 (3)
    54: 00000000     0 FUNC    GLOBAL DEFAULT  UND __libc_start_main@GLIBC_2.34 (6)
    55: 00000000     0 FUNC    GLOBAL DEFAULT  UND __aeabi_unwind_cpp_pr1@GCC_3.5 (5)
    56: 00000000     0 FUNC    GLOBAL DEFAULT  UND pthread_mutex_trylock@GLIBC_2.34 (6)
    57: 00000000     0 FUNC    GLOBAL DEFAULT  UND strcmp@GLIBC_2.4 (3)
    58: 00000000     0 FUNC    GLOBAL DEFAULT  UND __aeabi_l2d@GCC_3.5 (5)
    59: 00000000     0 FUNC    GLOBAL DEFAULT  UND _ZNSt3__16chrono12steady_clock3nowEv@LLVM_22 (4)
    60: 00000000     0 FUNC    WEAK   DEFAULT  UND __cxa_finalize@GLIBC_2.4 (3)
    61: 00000000     0 FUNC    GLOBAL DEFAULT  UND _ZNSt3__118condition_variableD1Ev@LLVM_22 (4)
    62: 00000000     0 FUNC    GLOBAL DEFAULT  UND fputs@GLIBC_2.4 (3)
    63: 00001624   192 FUNC    GLOBAL DEFAULT   12 pthread_cond_clockwait
    64: 000014bc   176 FUNC    GLOBAL DEFAULT   12 pthread_cond_wait
    65: 0000156c   184 FUNC    GLOBAL DEFAULT   12 pthread_cond_timedwait
