docs/progress/R66/DEFENSIVE_AND_ABI.md
docs/progress/R66/code/compare_abi_manifests.py
docs/progress/R66/commands/004_calibration_evidence_inventory.log
docs/progress/R66/commands/014_fullscan_input_inventory.log
docs/progress/R66/commands/025_vendor_inventory.log
docs/progress/R66/commands/031_abi_manifest_diff.log
docs/progress/R66/commands/033_libcxxabi_feature_scan.log
docs/progress/R66/tables/libcxxabi_feature_hits.tsv
docs/progress/R66/tables/libcxxabi_feature_summary.tsv
docs/progress/R66/tables/risk_inventory.tsv
docs/progress/R66/tables/upstream_behavior_inventory.tsv
docs/progress/R66/tables/vendor_rebuildability.tsv
docs/progress/R66/tables/x86_64_abi_only.tsv
docs/progress/R66/tables/x86_64_abi_summary.tsv
docs/progress/R66/tables/x86_64_abi_version_nodes.tsv
docs/progress/R74/raw/011_candidate_report_header.txt
docs/progress/R74/raw/083_r66_risk_inventory_count.txt
docs/progress/R74/raw/arm_runs/push_libc++abi.so.1.0.log
docs/progress/R74/raw/external_links/android_bionic_status.retry.headers
docs/progress/R74/raw/external_links/chromium_thread.retry.headers
docs/progress/R74/raw/external_links/gcc_commit.retry.headers
docs/progress/R74/raw/external_links/gcc_discussion.headers
docs/progress/R74/raw/external_links/gcc_discussion.retry.headers
docs/progress/R74/raw/external_links/libcxx_noexcept.headers
docs/progress/R74/raw/external_links/libcxx_noexcept.retry.headers
docs/progress/R74/raw/external_links_exact/android_bionic_status.retry.headers
docs/progress/R74/raw/external_links_exact/chromium_thread.retry.headers
docs/progress/R74/raw/external_links_exact/gcc_commit.retry.headers
docs/progress/R74/raw/external_links_exact/gcc_discussion.retry.headers
docs/progress/R74/raw/external_links_exact/libcxx_noexcept.retry.headers
progress/R66/commands/004_calibration_evidence_inventory.log
progress/R66/commands/014_fullscan_input_inventory.log
progress/R66/commands/025_vendor_inventory.log
progress/R66/commands/031_abi_manifest_diff.log
progress/R66/commands/033_libcxxabi_feature_scan.log
progress/R66/tables/libcxxabi_feature_hits.tsv
progress/R66/tables/libcxxabi_feature_summary.tsv
progress/R66/tables/x86_64_abi_only.tsv
progress/R66/tables/x86_64_abi_summary.tsv
progress/R66/tables/x86_64_abi_version_nodes.tsv
progress/R74/raw/011_candidate_report_header.txt
progress/R74/raw/083_r66_risk_inventory_count.txt
progress/R74/raw/arm_runs/push_libc++abi.so.1.0.log
progress/R74/raw/external_links/android_bionic_status.retry.headers
progress/R74/raw/external_links/chromium_thread.retry.headers
progress/R74/raw/external_links/gcc_commit.retry.headers
progress/R74/raw/external_links/gcc_discussion.headers
progress/R74/raw/external_links/gcc_discussion.retry.headers
progress/R74/raw/external_links/libcxx_noexcept.headers
progress/R74/raw/external_links/libcxx_noexcept.retry.headers
progress/R74/raw/external_links_exact/android_bionic_status.retry.headers
progress/R74/raw/external_links_exact/chromium_thread.retry.headers
progress/R74/raw/external_links_exact/gcc_commit.retry.headers
progress/R74/raw/external_links_exact/gcc_discussion.retry.headers
progress/R74/raw/external_links_exact/libcxx_noexcept.retry.headers
