clang: /usr/lib/clang /usr/include/clang
clang++:

T4_COMPILER_REFERENCES
progress/T4/x86_64/static/runtime_fixture_commands.txt:3:compiler_cxx=/usr/bin/x86_64-tizen-linux-gnu-clang++
progress/T4/x86_64/static/runtime_fixture_commands.txt:7:smoke=/usr/bin/x86_64-tizen-linux-gnu-clang++ -nostdinc++ -isystem /tmp/libcxx-multiarch-release2/sysroot/usr/include/c++/v1 smoke.cpp -nostdlib++ -L/tmp/libcxx-multiarch-release2/sysroot/usr/lib64 -Wl,-rpath,/tmp/libcxx-multiarch-release2/sysroot/usr/lib64 -lc++ -lc++abi -Wl,-z,now -o smoke
progress/T4/x86_64/static/runtime_fixture_commands.txt:8:green=/usr/bin/x86_64-tizen-linux-gnu-clang++ -nostdinc++ -isystem /tmp/libcxx-multiarch-release2/sysroot/usr/include/c++/v1 -fPIC -shared mixed_throw.cpp -nostdlib++ -L/tmp/libcxx-multiarch-release2/sysroot/usr/lib64 -Wl,-rpath,/tmp/libcxx-multiarch-release2/sysroot/usr/lib64 -lc++ -lc++abi -Wl,-z,now -o mixed_green.so
progress/T4/x86_64/static/runtime_fixture_commands.txt:9:red=/usr/bin/x86_64-tizen-linux-gnu-clang++ -fPIC -shared -nostdlib++ -Wl,--allow-shlib-undefined -Wl,-z,now mixed_throw.cpp -o mixed_red.so
progress/T4/x86_64/static/evidence/fixture_build_and_elf.log:8:        '\''/usr/bin/x86_64-tizen-linux-gnu-clang++'\'' -nostdinc++ -isystem '\''/tmp/libcxx-multiarch-release2/sysroot/usr/include/c++/v1'\''             smoke.cpp -nostdlib++ -L'\''/tmp/libcxx-multiarch-release2/sysroot/usr/lib64'\''             -Wl,-rpath,'\''/tmp/libcxx-multiarch-release2/sysroot/usr/lib64'\'' -lc++ -lc++abi             -Wl,-z,now -o smoke
progress/T4/x86_64/static/evidence/fixture_build_and_elf.log:9:        '\''/usr/bin/x86_64-tizen-linux-gnu-clang++'\'' -nostdinc++ -isystem '\''/tmp/libcxx-multiarch-release2/sysroot/usr/include/c++/v1'\''             -fPIC -shared mixed_throw.cpp -nostdlib++             -L'\''/tmp/libcxx-multiarch-release2/sysroot/usr/lib64'\'' -Wl,-rpath,'\''/tmp/libcxx-multiarch-release2/sysroot/usr/lib64'\''             -lc++ -lc++abi -Wl,-z,now -o mixed_green.so
progress/T4/x86_64/static/evidence/fixture_build_and_elf.log:10:        '\''/usr/bin/x86_64-tizen-linux-gnu-clang++'\'' -fPIC -shared -nostdlib++ -Wl,--allow-shlib-undefined -Wl,-z,now mixed_throw.cpp -o mixed_red.so
progress/T4/armv7l/static/runtime_fixture_commands.txt:3:compiler_cxx=/usr/bin/armv7l-tizen-linux-gnueabi-clang++
progress/T4/armv7l/static/runtime_fixture_commands.txt:7:smoke=/usr/bin/armv7l-tizen-linux-gnueabi-clang++ -nostdinc++ -isystem /tmp/libcxx-multiarch-release2/sysroot/usr/include/c++/v1 smoke.cpp -nostdlib++ -L/tmp/libcxx-multiarch-release2/sysroot/usr/lib -Wl,-rpath,/tmp/libcxx-multiarch-release2/sysroot/usr/lib -lc++ -lc++abi -Wl,-z,now -o smoke
progress/T4/armv7l/static/runtime_fixture_commands.txt:8:green=/usr/bin/armv7l-tizen-linux-gnueabi-clang++ -nostdinc++ -isystem /tmp/libcxx-multiarch-release2/sysroot/usr/include/c++/v1 -fPIC -shared mixed_throw.cpp -nostdlib++ -L/tmp/libcxx-multiarch-release2/sysroot/usr/lib -Wl,-rpath,/tmp/libcxx-multiarch-release2/sysroot/usr/lib -lc++ -lc++abi -Wl,-z,now -o mixed_green.so
progress/T4/armv7l/static/runtime_fixture_commands.txt:9:red=/usr/bin/armv7l-tizen-linux-gnueabi-clang++ -fPIC -shared -nostdlib++ -Wl,--allow-shlib-undefined -Wl,-z,now mixed_throw.cpp -o mixed_red.so
progress/T4/armv7l/static/evidence/fixture_build_and_elf.log:8:        '\''/usr/bin/armv7l-tizen-linux-gnueabi-clang++'\'' -nostdinc++ -isystem '\''/tmp/libcxx-multiarch-release2/sysroot/usr/include/c++/v1'\''             smoke.cpp -nostdlib++ -L'\''/tmp/libcxx-multiarch-release2/sysroot/usr/lib'\''             -Wl,-rpath,'\''/tmp/libcxx-multiarch-release2/sysroot/usr/lib'\'' -lc++ -lc++abi             -Wl,-z,now -o smoke
progress/T4/armv7l/static/evidence/fixture_build_and_elf.log:9:        '\''/usr/bin/armv7l-tizen-linux-gnueabi-clang++'\'' -nostdinc++ -isystem '\''/tmp/libcxx-multiarch-release2/sysroot/usr/include/c++/v1'\''             -fPIC -shared mixed_throw.cpp -nostdlib++             -L'\''/tmp/libcxx-multiarch-release2/sysroot/usr/lib'\'' -Wl,-rpath,'\''/tmp/libcxx-multiarch-release2/sysroot/usr/lib'\''             -lc++ -lc++abi -Wl,-z,now -o mixed_green.so
progress/T4/armv7l/static/evidence/fixture_build_and_elf.log:10:        '\''/usr/bin/armv7l-tizen-linux-gnueabi-clang++'\'' -fPIC -shared -nostdlib++ -Wl,--allow-shlib-undefined -Wl,-z,now mixed_throw.cpp -o mixed_red.so
progress/T4/raw/old_runtime_tool_numbered.stdout.txt:76:    76	     sed -n "/-clang++$/p" | sort -u | head -1')

KNOWN_TOOLCHAIN_DIRS
/home/toolchain/10-eth0.link
/home/toolchain/Desktop
/home/toolchain/Documents
/home/toolchain/Downloads
/home/toolchain/GBS-ROOT
/home/toolchain/GBS-ROOT-GCC-isf-poc
/home/toolchain/GBS-ROOT-LIBCXX-MULTIARCH-aarch64
/home/toolchain/GBS-ROOT-LIBCXX-MULTIARCH-armv7l
/home/toolchain/GBS-ROOT-LIBCXX-MULTIARCH-x86_64
/home/toolchain/GBS-ROOT-LLVM-POC2
/home/toolchain/GBS-ROOT-LLVM-POC3
/home/toolchain/GBS-ROOT-LLVM-POC4
/home/toolchain/GBS-ROOT-LLVM-POC4-R1
/home/toolchain/GBS-ROOT-LLVM-isf-poc
/home/toolchain/GBS-ROOT-SC
/home/toolchain/GBS-ROOT-TIZEN-UNIFIED-LLVM
/home/toolchain/Music
/home/toolchain/Pictures
/home/toolchain/Public
/home/toolchain/Templates
/home/toolchain/Videos
/home/toolchain/chromium-efl
/home/toolchain/ck
/home/toolchain/clang-toolchains
/home/toolchain/clean-bin
/home/toolchain/codegraph_smoke
/home/toolchain/codes
/home/toolchain/development
/home/toolchain/governance
/home/toolchain/plan_evaluation
/home/toolchain/plan_evaluation_probe
/home/toolchain/snap
/home/toolchain/test.txt
/home/toolchain/thinclient_drives
/home/toolchain/tizentv-tools
/home/toolchain/tmp
/home/toolchain/wave1_repo_staging
/home/toolchain/下载
/home/toolchain/图片
/home/toolchain/桌面
/opt/cososys
/opt/google
/opt/sogoupinyin
