	linux-vdso.so.1 (0x00007051d046b000)
	libclang-cpp.so.21.1 => /home/toolchain/development/libc++_replacement/progress/R80/build/cached-clang/usr/lib64/libclang-cpp.so.21.1 (0x00007051cca00000)
	libLLVM.so.21.1 => /home/toolchain/development/libc++_replacement/progress/R80/build/cached-clang/usr/lib64/libLLVM.so.21.1 (0x00007051c7c00000)
	libstdc++.so.6 => /lib/x86_64-linux-gnu/libstdc++.so.6 (0x00007051c7800000)
	libm.so.6 => /lib/x86_64-linux-gnu/libm.so.6 (0x00007051c7b17000)
	libgcc_s.so.1 => /lib/x86_64-linux-gnu/libgcc_s.so.1 (0x00007051c7ae9000)
	libc.so.6 => /lib/x86_64-linux-gnu/libc.so.6 (0x00007051c7400000)
	/lib64/ld-linux-x86-64.so.2 (0x00007051d046d000)
	librt.so.1 => /lib/x86_64-linux-gnu/librt.so.1 (0x00007051d042a000)
	libdl.so.2 => /lib/x86_64-linux-gnu/libdl.so.2 (0x00007051d0425000)
	libz.so.1 => /lib/x86_64-linux-gnu/libz.so.1 (0x00007051c7acd000)
	libxml2.so.16 => not found
	linux-vdso.so.1 (0x00007943371d2000)
	librt.so.1 => /lib/x86_64-linux-gnu/librt.so.1 (0x00007943371b4000)
	libdl.so.2 => /lib/x86_64-linux-gnu/libdl.so.2 (0x00007943371af000)
	libm.so.6 => /lib/x86_64-linux-gnu/libm.so.6 (0x00007943370c6000)
	libz.so.1 => /lib/x86_64-linux-gnu/libz.so.1 (0x00007943370aa000)
	libxml2.so.16 => not found
	libstdc++.so.6 => /lib/x86_64-linux-gnu/libstdc++.so.6 (0x0000794331e00000)
	libgcc_s.so.1 => /lib/x86_64-linux-gnu/libgcc_s.so.1 (0x000079433707a000)
	libc.so.6 => /lib/x86_64-linux-gnu/libc.so.6 (0x0000794331a00000)
	/lib64/ld-linux-x86-64.so.2 (0x00007943371d4000)

CACHE_LIBXML
/home/toolchain/GBS-ROOT-LIBCXX-MULTIARCH-x86_64/local/cache/92b056697f250e5b095232782601f8c6/libxml2-2.15.1-1.11.x86_64.rpm

LIBLLVM_REQ
ld-linux-x86-64.so.2()(64bit)
ld-linux-x86-64.so.2(GLIBC_2.3)(64bit)
libLLVM.so.21.1()(64bit)
libc.so.6()(64bit)
libc.so.6(GLIBC_2.11)(64bit)
libc.so.6(GLIBC_2.14)(64bit)
libc.so.6(GLIBC_2.15)(64bit)
libc.so.6(GLIBC_2.16)(64bit)
libc.so.6(GLIBC_2.17)(64bit)
libc.so.6(GLIBC_2.2.5)(64bit)
libc.so.6(GLIBC_2.3)(64bit)
libc.so.6(GLIBC_2.3.4)(64bit)
libc.so.6(GLIBC_2.32)(64bit)
libc.so.6(GLIBC_2.33)(64bit)
libc.so.6(GLIBC_2.34)(64bit)
libc.so.6(GLIBC_2.36)(64bit)
libc.so.6(GLIBC_2.38)(64bit)
libc.so.6(GLIBC_2.4)(64bit)
libc.so.6(GLIBC_2.6)(64bit)
libc.so.6(GLIBC_2.7)(64bit)
libdl.so.2()(64bit)
libgcc_s.so.1()(64bit)
libgcc_s.so.1(GCC_3.0)(64bit)
libgcc_s.so.1(GCC_3.3)(64bit)
libm.so.6()(64bit)
libm.so.6(GLIBC_2.2.5)(64bit)
libm.so.6(GLIBC_2.27)(64bit)
libm.so.6(GLIBC_2.29)(64bit)
libm.so.6(GLIBC_2.38)(64bit)
librt.so.1()(64bit)
libstdc++.so.6()(64bit)
libstdc++.so.6(CXXABI_1.3)(64bit)
libstdc++.so.6(CXXABI_1.3.11)(64bit)
libstdc++.so.6(CXXABI_1.3.13)(64bit)
libstdc++.so.6(CXXABI_1.3.3)(64bit)
libstdc++.so.6(CXXABI_1.3.5)(64bit)
libstdc++.so.6(CXXABI_1.3.8)(64bit)
libstdc++.so.6(CXXABI_1.3.9)(64bit)
libstdc++.so.6(GLIBCXX_3.4)(64bit)
libstdc++.so.6(GLIBCXX_3.4.11)(64bit)
libstdc++.so.6(GLIBCXX_3.4.14)(64bit)
libstdc++.so.6(GLIBCXX_3.4.15)(64bit)
libstdc++.so.6(GLIBCXX_3.4.17)(64bit)
libstdc++.so.6(GLIBCXX_3.4.18)(64bit)
libstdc++.so.6(GLIBCXX_3.4.19)(64bit)
libstdc++.so.6(GLIBCXX_3.4.20)(64bit)
libstdc++.so.6(GLIBCXX_3.4.21)(64bit)
libstdc++.so.6(GLIBCXX_3.4.22)(64bit)
libstdc++.so.6(GLIBCXX_3.4.26)(64bit)
libstdc++.so.6(GLIBCXX_3.4.29)(64bit)
libstdc++.so.6(GLIBCXX_3.4.30)(64bit)
libstdc++.so.6(GLIBCXX_3.4.9)(64bit)
libxml2.so.16()(64bit)
libz.so.1()(64bit)
libz.so.1(ZLIB_1.2.0)(64bit)
rpmlib(CompressedFileNames) <= 3.0.4-1
rpmlib(FileDigests) <= 4.6.0-1
rpmlib(PayloadFilesHavePrefix) <= 4.0-1
rpmlib(PayloadIsXz) <= 5.2-1
rtld(GNU_HASH)
