
Symbol table '.dynsym' contains 98 entries:
   Num:    Value          Size Type    Bind   Vis      Ndx Name
     0: 0000000000000000     0 NOTYPE  LOCAL  DEFAULT  UND 
     1: 0000000000000000     0 FUNC    GLOBAL DEFAULT  UND pthread_setcancelstate@GLIBC_2.2.5 (2)
     2: 0000000000000000     0 FUNC    GLOBAL DEFAULT  UND pthread_join@GLIBC_2.34 (3)
     3: 0000000000000000     0 FUNC    GLOBAL DEFAULT  UND printf@GLIBC_2.2.5 (2)
     4: 0000000000000000     0 FUNC    GLOBAL DEFAULT  UND _ZNSt13exception_ptrD1Ev@LLVM_22 (4)
     5: 0000000000000000     0 FUNC    GLOBAL DEFAULT  UND _ZNSt3__119__shared_weak_count14__release_weakEv@LLVM_22 (4)
     6: 0000000000000000     0 FUNC    GLOBAL DEFAULT  UND _ZNSt11logic_errorC2ERKS_@LLVM_22 (4)
     7: 0000000000000000     0 FUNC    GLOBAL DEFAULT  UND memset@GLIBC_2.2.5 (2)
     8: 0000000000000000     0 FUNC    GLOBAL DEFAULT  UND _ZNSt3__119__shared_mutex_base4lockEv@LLVM_22 (4)
     9: 0000000000000000     0 FUNC    GLOBAL DEFAULT  UND _ZNSt3__118condition_variable4waitERNS_11unique_lockINS_5mutexEEE@LLVM_22_TIZEN_1 (5)
    10: 0000000000000000     0 FUNC    GLOBAL DEFAULT  UND _ZNSt20bad_array_new_lengthC1Ev@LLVM_22 (6)
    11: 0000000000000000     0 FUNC    GLOBAL DEFAULT  UND pthread_timedjoin_np@GLIBC_2.34 (3)
    12: 0000000000000000     0 FUNC    GLOBAL DEFAULT  UND clock_gettime@GLIBC_2.17 (7)
    13: 0000000000000000     0 NOTYPE  WEAK   DEFAULT  UND __gmon_start__
    14: 0000000000000000     0 FUNC    GLOBAL DEFAULT  UND puts@GLIBC_2.2.5 (2)
    15: 0000000000000000     0 OBJECT  GLOBAL DEFAULT  UND _ZTVNSt3__114__shared_countE@LLVM_22 (4)
    16: 0000000000000000     0 FUNC    GLOBAL DEFAULT  UND _ZNSt13exception_ptr31__from_native_exception_pointerEPv@LLVM_22 (4)
    17: 0000000000000000     0 FUNC    GLOBAL DEFAULT  UND _ZNSt3__119__shared_mutex_base11lock_sharedEv@LLVM_22 (4)
    18: 0000000000000000     0 FUNC    GLOBAL DEFAULT  UND setvbuf@GLIBC_2.2.5 (2)
    19: 0000000000000000     0 FUNC    GLOBAL DEFAULT  UND _ZNSt3__120__throw_system_errorEiPKc@LLVM_22 (4)
    20: 0000000000000000     0 FUNC    GLOBAL DEFAULT  UND _ZNSt3__118shared_timed_mutexC1Ev@LLVM_22 (4)
    21: 0000000000000000     0 FUNC    GLOBAL DEFAULT  UND fopen@GLIBC_2.2.5 (2)
    22: 0000000000000000     0 FUNC    GLOBAL DEFAULT  UND _ZNSt3__112future_errorC1ENS_10error_codeE@LLVM_22 (4)
    23: 0000000000000000     0 OBJECT  GLOBAL DEFAULT  UND _ZTVN10__cxxabiv120__si_class_type_infoE@LLVM_22 (6)
    24: 0000000000000000     0 FUNC    GLOBAL DEFAULT  UND __cxa_init_primary_exception@LLVM_22 (6)
    25: 0000000000000000     0 FUNC    GLOBAL DEFAULT  UND __cxa_atexit@GLIBC_2.2.5 (2)
    26: 0000000000000000     0 FUNC    GLOBAL DEFAULT  UND fgets@GLIBC_2.2.5 (2)
    27: 0000000000000000     0 NOTYPE  WEAK   DEFAULT  UND _ITM_deregisterTMCloneTable
    28: 0000000000000000     0 FUNC    GLOBAL DEFAULT  UND _ZNSt20bad_array_new_lengthD1Ev@LLVM_22 (6)
    29: 0000000000000000     0 FUNC    GLOBAL DEFAULT  UND _ZSt13set_terminatePFvvE@LLVM_22 (6)
    30: 0000000000000000     0 FUNC    GLOBAL DEFAULT  UND pthread_create@GLIBC_2.34 (3)
    31: 0000000000000000     0 FUNC    GLOBAL DEFAULT  UND _ZNSt3__115future_categoryEv@LLVM_22 (4)
    32: 0000000000000000     0 FUNC    GLOBAL DEFAULT  UND _ZNSt3__117__assoc_sub_state10__sub_waitERNS_11unique_lockINS_5mutexEEE@LLVM_22 (4)
    33: 0000000000000000     0 NOTYPE  WEAK   DEFAULT  UND _ITM_registerTMCloneTable
    34: 0000000000000000     0 FUNC    GLOBAL DEFAULT  UND _ZNSt3__119__shared_weak_countD2Ev@LLVM_22 (4)
    35: 0000000000000000     0 FUNC    GLOBAL DEFAULT  UND _ZNSt3__111timed_mutexD1Ev@LLVM_22 (4)
    36: 0000000000000000     0 FUNC    GLOBAL DEFAULT  UND _ZNSt3__118shared_timed_mutex15try_lock_sharedEv@LLVM_22 (4)
    37: 0000000000000000     0 FUNC    GLOBAL DEFAULT  UND _ZNSt3__15mutex8try_lockEv@LLVM_22 (4)
    38: 0000000000000000     0 FUNC    GLOBAL DEFAULT  UND _ZdlPvmSt11align_val_t@LLVM_22 (6)
    39: 0000000000000000     0 FUNC    GLOBAL DEFAULT  UND __cxa_begin_catch@LLVM_22 (6)
    40: 0000000000000000     0 FUNC    GLOBAL DEFAULT  UND _ZNSt3__111timed_mutexC1Ev@LLVM_22 (4)
    41: 0000000000000000     0 FUNC    GLOBAL DEFAULT  UND _ZNSt3__15mutex6unlockEv@LLVM_22 (4)
    42: 0000000000000000     0 FUNC    GLOBAL DEFAULT  UND pthread_setcanceltype@GLIBC_2.2.5 (2)
    43: 0000000000000000     0 FUNC    GLOBAL DEFAULT  UND _ZNSt3__114__shared_countD2Ev@LLVM_22 (4)
    44: 0000000000000000     0 FUNC    GLOBAL DEFAULT  UND _ZNSt3__119__shared_mutex_base13unlock_sharedEv@LLVM_22 (4)
    45: 0000000000000000     0 FUNC    GLOBAL DEFAULT  UND _ZNSt3__117__assoc_sub_state4waitEv@LLVM_22 (4)
    46: 0000000000000000     0 OBJECT  GLOBAL DEFAULT  UND _ZTINSt3__119__shared_weak_countE@LLVM_22 (4)
    47: 0000000000000000     0 FUNC    GLOBAL DEFAULT  UND usleep@GLIBC_2.2.5 (2)
    48: 0000000000000000     0 FUNC    GLOBAL DEFAULT  UND strstr@GLIBC_2.2.5 (2)
    49: 0000000000000000     0 FUNC    GLOBAL DEFAULT  UND _ZNSt3__118condition_variable10notify_allEv@LLVM_22 (4)
    50: 0000000000000000     0 OBJECT  GLOBAL DEFAULT  UND _ZTINSt3__112future_errorE@LLVM_22 (4)
    51: 0000000000000000     0 FUNC    GLOBAL DEFAULT  UND fputs@GLIBC_2.2.5 (2)
    52: 0000000000000000     0 OBJECT  GLOBAL DEFAULT  UND _ZTISt13runtime_error@LLVM_22 (6)
    53: 0000000000000000     0 FUNC    GLOBAL DEFAULT  UND _ZNSt3__119__shared_mutex_base6unlockEv@LLVM_22 (4)
    54: 0000000000000000     0 FUNC    GLOBAL DEFAULT  UND pthread_cancel@GLIBC_2.34 (3)
    55: 0000000000000000     0 FUNC    GLOBAL DEFAULT  UND _Exit@GLIBC_2.2.5 (2)
    56: 0000000000000000     0 FUNC    GLOBAL DEFAULT  UND getenv@GLIBC_2.2.5 (2)
    57: 0000000000000000     0 FUNC    GLOBAL DEFAULT  UND alarm@GLIBC_2.2.5 (2)
    58: 0000000000000000     0 FUNC    GLOBAL DEFAULT  UND _ZNSt13runtime_errorC1EPKc@LLVM_22 (4)
    59: 0000000000000000     0 FUNC    GLOBAL DEFAULT  UND _ZNSt3__118shared_timed_mutex13unlock_sharedEv@LLVM_22 (4)
    60: 0000000000000000     0 FUNC    GLOBAL DEFAULT  UND _ZNSt3__117__assoc_sub_state9__executeEv@LLVM_22 (4)
    61: 0000000000000000     0 OBJECT  GLOBAL DEFAULT  UND _ZTINSt3__117__assoc_sub_stateE@LLVM_22 (4)
    62: 0000000000000000     0 FUNC    GLOBAL DEFAULT  UND __cxa_allocate_exception@LLVM_22 (6)
    63: 0000000000000000     0 FUNC    GLOBAL DEFAULT  UND strcmp@GLIBC_2.2.5 (2)
    64: 0000000000000000     0 OBJECT  GLOBAL DEFAULT  UND _ZTVNSt3__112future_errorE@LLVM_22 (4)
    65: 0000000000000000     0 FUNC    GLOBAL DEFAULT  UND __cxa_free_exception@LLVM_22 (6)
    66: 0000000000000000     0 FUNC    GLOBAL DEFAULT  UND _ZNKSt3__119__shared_weak_count13__get_deleterERKSt9type_info@LLVM_22 (4)
    67: 0000000000000000     0 OBJECT  GLOBAL DEFAULT  UND _ZTISt20bad_array_new_length@LLVM_22 (6)
    68: 0000000000000000     0 FUNC    GLOBAL DEFAULT  UND _ZNSt3__119__shared_mutex_baseC1Ev@LLVM_22 (4)
    69: 0000000000000000     0 FUNC    GLOBAL DEFAULT  UND _ZnwmSt11align_val_t@LLVM_22 (6)
    70: 0000000000000000     0 FUNC    GLOBAL DEFAULT  UND _ZSt17rethrow_exceptionSt13exception_ptr@LLVM_22 (4)
    71: 0000000000000000     0 FUNC    GLOBAL DEFAULT  UND __gxx_personality_v0@LLVM_22 (6)
    72: 0000000000000000     0 FUNC    GLOBAL DEFAULT  UND _ZNSt3__117__assoc_sub_state13set_exceptionESt13exception_ptr@LLVM_22 (4)
    73: 0000000000000000     0 FUNC    GLOBAL DEFAULT  UND _ZNSt3__111timed_mutex4lockEv@LLVM_22 (4)
    74: 0000000000000000     0 FUNC    GLOBAL DEFAULT  UND _ZSt9terminatev@LLVM_22 (6)
    75: 0000000000000000     0 FUNC    GLOBAL DEFAULT  UND fclose@GLIBC_2.2.5 (2)
    76: 0000000000000000     0 FUNC    GLOBAL DEFAULT  UND _ZNSt13exception_ptrC1ERKS_@LLVM_22 (4)
    77: 0000000000000000     0 FUNC    GLOBAL DEFAULT  UND _ZNSt3__118shared_timed_mutex11lock_sharedEv@LLVM_22 (4)
    78: 0000000000000000     0 FUNC    GLOBAL DEFAULT  UND pthread_cond_clockwait@GLIBC_2.34 (3)
    79: 0000000000000000     0 FUNC    GLOBAL DEFAULT  UND _ZNSt13runtime_errorD1Ev@LLVM_22 (6)
    80: 0000000000000000     0 FUNC    GLOBAL DEFAULT  UND __cxa_throw@LLVM_22 (6)
    81: 0000000000000000     0 FUNC    GLOBAL DEFAULT  UND _ZNSt3__15mutex4lockEv@LLVM_22 (4)
    82: 0000000000000000     0 FUNC    GLOBAL DEFAULT  UND pthread_mutex_lock@GLIBC_2.2.5 (2)
    83: 0000000000000000     0 OBJECT  GLOBAL DEFAULT  UND _ZTVNSt3__119__shared_weak_countE@LLVM_22 (4)
    84: 0000000000000000     0 OBJECT  GLOBAL DEFAULT  UND _ZTVNSt3__117__assoc_sub_stateE@LLVM_22 (4)
    85: 0000000000000000     0 FUNC    GLOBAL DEFAULT  UND _ZNSt3__118shared_timed_mutex6unlockEv@LLVM_22 (4)
    86: 0000000000000000     0 FUNC    GLOBAL DEFAULT  UND _ZNSt3__111timed_mutex6unlockEv@LLVM_22 (4)
    87: 0000000000000000     0 FUNC    GLOBAL DEFAULT  UND __libc_start_main@GLIBC_2.34 (3)
    88: 0000000000000000     0 FUNC    GLOBAL DEFAULT  UND _Znwm@LLVM_22 (6)
    89: 0000000000000000     0 FUNC    GLOBAL DEFAULT  UND write@GLIBC_2.2.5 (2)
    90: 0000000000000000     0 FUNC    GLOBAL DEFAULT  UND _Unwind_Resume@GCC_3.0 (8)
    91: 0000000000000000     0 FUNC    GLOBAL DEFAULT  UND pthread_mutex_unlock@GLIBC_2.2.5 (2)
    92: 0000000000000000     0 FUNC    GLOBAL DEFAULT  UND _ZdlPvm@LLVM_22 (6)
    93: 0000000000000000     0 FUNC    GLOBAL DEFAULT  UND _ZNSt3__16chrono12steady_clock3nowEv@LLVM_22 (4)
    94: 0000000000000000     0 OBJECT  GLOBAL DEFAULT  UND stdout@GLIBC_2.2.5 (2)
    95: 0000000000000000     0 FUNC    GLOBAL DEFAULT  UND _ZNSt3__118condition_variableD1Ev@LLVM_22 (4)
    96: 0000000000000000     0 FUNC    WEAK   DEFAULT  UND __cxa_finalize@GLIBC_2.2.5 (2)
    97: 0000000000000000     0 FUNC    GLOBAL DEFAULT  UND _ZNSt3__112future_errorD1Ev@LLVM_22 (4)
