5ed6c77278dfa7a470667cf1a137723d3c96fe60
49c5060508ce8a6ed6beca375233688a6bdd9140
codes/llvm/libcxx/include/__config:30:// _LIBCPP_VERSION represents the version of libc++, which matches the version of LLVM.
codes/llvm/libcxx/include/__config:31:// Given a LLVM release LLVM XX.YY.ZZ (e.g. LLVM 17.0.1 == 17.00.01), _LIBCPP_VERSION is
codes/llvm/libcxx/include/__config:33:#  define _LIBCPP_VERSION 220108
codes/llvm/libcxx/include/__config:313:        _LIBCPP_VERSION)
codes/llvm/libcxx/include/__config:386:      _LIBCPP_GCC_DIAGNOSTIC_IGNORED("-Wc++14-extensions")                                                             \
codes/gcc/gcc/BASE-VER:1:14.2.0
__init__.py
__pycache__
header_information.py
sym_check
test
repo_id	kind	name	arch	epoch	version	release	sourcerpm	location	checksum_type	checksum	package_size	build_time
base_binary	binary	abseil-cpp	aarch64	0	20250814.1	1.2	abseil-cpp-20250814.1-1.2.src.rpm	aarch64/abseil-cpp-20250814.1-1.2.aarch64.rpm	sha256	cf21d1aad7cdc97fc6a824977d16bdc9869a503ed1d19fd8e4605ba717a16f9c	475109	0
base_binary	binary	abseil-cpp	armv7l	0	20250814.1	1.2	abseil-cpp-20250814.1-1.2.src.rpm	armv7l/abseil-cpp-20250814.1-1.2.armv7l.rpm	sha256	b9922b6cce9af2735f1676fbd707d1cb629176631efd860bddbdf51d8dc45644	450109	0
dlopen_sources
elf_scan_shards
extracted
project_c2_extract
project_c2_extract_v2
repodata
rpm_conflict_test_only
rpms
source_spec_shards
source_spec_shards_v2
source_spec_shards_v3
source_specs
source_specs_v2
source_specs_v3
special_unwinder_extract
special_unwinder_extract_v2
srpms
docs/progress/P7_0909/stage2/tables/API_CLASSIFICATION.tsv
docs/progress/P7_0909/stage2/tables/boundary_signal_index.tsv
probe_id	rpm_sha256	elf_path	local_path	command	exit_code	stderr
1	002cc5105ae9ab7bf857663ce40382deca3e67f3ade820d648dfb690505ac4ba	/etc/package-manager/parserlib/metadata/libvc-engine-parser.so	/home/toolchain/development/libc++_replacement/tmp/R11/extracted/00/002cc5105ae9ab7bf857663ce40382deca3e67f3ade820d648dfb690505ac4ba/etc/package-manager/parserlib/metadata/libvc-engine-parser.so	readelf --dyn-syms -W /home/toolchain/development/libc++_replacement/tmp/R11/extracted/00/002cc5105ae9ab7bf857663ce40382deca3e67f3ade820d648dfb690505ac4ba/etc/package-manager/parserlib/metadata/libvc-engine-parser.so	0	
2	002cc5105ae9ab7bf857663ce40382deca3e67f3ade820d648dfb690505ac4ba	/usr/bin/vc_getengine	/home/toolchain/development/libc++_replacement/tmp/R11/extracted/00/002cc5105ae9ab7bf857663ce40382deca3e67f3ade820d648dfb690505ac4ba/usr/bin/vc_getengine	readelf --dyn-syms -W /home/toolchain/development/libc++_replacement/tmp/R11/extracted/00/002cc5105ae9ab7bf857663ce40382deca3e67f3ade820d648dfb690505ac4ba/usr/bin/vc_getengine	0	
3	002cc5105ae9ab7bf857663ce40382deca3e67f3ade820d648dfb690505ac4ba	/usr/lib/libvc.so	/home/toolchain/development/libc++_replacement/tmp/R11/extracted/00/002cc5105ae9ab7bf857663ce40382deca3e67f3ade820d648dfb690505ac4ba/usr/lib/libvc.so	readelf --dyn-syms -W /home/toolchain/development/libc++_replacement/tmp/R11/extracted/00/002cc5105ae9ab7bf857663ce40382deca3e67f3ade820d648dfb690505ac4ba/usr/lib/libvc.so	0	
4	002cc5105ae9ab7bf857663ce40382deca3e67f3ade820d648dfb690505ac4ba	/usr/lib/libvc_engine.so	/home/toolchain/development/libc++_replacement/tmp/R11/extracted/00/002cc5105ae9ab7bf857663ce40382deca3e67f3ade820d648dfb690505ac4ba/usr/lib/libvc_engine.so	readelf --dyn-syms -W /home/toolchain/development/libc++_replacement/tmp/R11/extracted/00/002cc5105ae9ab7bf857663ce40382deca3e67f3ade820d648dfb690505ac4ba/usr/lib/libvc_engine.so	0	
/usr/bin/readelf
/usr/bin/nm
docs/progress/R66:
CALIBRATION.md
DEFENSIVE_AND_ABI.md
INDEX.sha256
INDEX.tsv
LITERATURE.md
REPORT.md
RUNTIME_DISCOVERY.md
SOURCE_COMPAT.md
THIRD_PARTY.md
VENDOR_AUDIT.md
code
commands
tables
cwd: /home/toolchain/development/libc++_replacement
command: bash -lc printf\ \"EXTRACT_STATUS_FILES\\\\n\"\;\ find\ tmp/corpus/extract_status\ -maxdepth\ 2\ -type\ f\ -print\ \|\ sort\ \|\ head\ -40\;\ printf\ \"EXTRACT_DIRS\\\\n\"\;\ find\ tmp/corpus/extracted\ -mindepth\ 1\ -maxdepth\ 1\ -type\ d\ -printf\ \"%f\\\\n\"\ \|\ sort\ \|\ tail\ -20\;\ printf\ \"R32_INPUT_IDENTITY\\\\n\"\;\ sed\ -n\ \"1\,240p\"\ docs/progress/R32/tables/input_identity.tsv\;\ printf\ \"R1_TIER_HEADER_AND_COUNTS\\\\n\"\;\ sed\ -n\ \"1\,12p\"\ docs/progress/R1/package_three_tiers.tsv\;\ awk\ -F\ \"\\\\t\"\ \"NR\>1\ \{c\[\\\$NF\]++\}\ END\ \{for\(k\ in\ c\)\ print\ k\,c\[k\]\}\"\ docs/progress/R1/package_three_tiers.tsv\;\ printf\ \"KNOWN45_REFERENCES\\\\n\"\;\ rg\ -n\ \"45\"\ docs/progress/R1\ docs/progress/R32\ docs/progress/R29\ --glob\ \"\*.tsv\"\ --glob\ \"\*.md\"\ \|\ head\ -120
--- stdout+stderr ---
EXTRACT_STATUS_FILES
tmp/corpus/extract_status/Open3D-0.17-2.src.rpm.log
tmp/corpus/extract_status/Open3D-0.17-2.src.rpm.tsv
tmp/corpus/extract_status/abseil-cpp-20250814.1-1.2.src.rpm.log
tmp/corpus/extract_status/abseil-cpp-20250814.1-1.2.src.rpm.tsv
tmp/corpus/extract_status/alarm-manager-0.14.12-1.src.rpm.log
tmp/corpus/extract_status/alarm-manager-0.14.12-1.src.rpm.tsv
tmp/corpus/extract_status/alure-1.2-3.src.rpm.log
tmp/corpus/extract_status/alure-1.2-3.src.rpm.tsv
tmp/corpus/extract_status/amd-1.81.6-1.src.rpm.log
tmp/corpus/extract_status/amd-1.81.6-1.src.rpm.tsv
tmp/corpus/extract_status/angle-2.1-1.src.rpm.log
tmp/corpus/extract_status/angle-2.1-1.src.rpm.tsv
tmp/corpus/extract_status/app-core-1.27.13-0.src.rpm.log
tmp/corpus/extract_status/app-core-1.27.13-0.src.rpm.tsv
tmp/corpus/extract_status/app-installers-1.37.2-1.src.rpm.log
tmp/corpus/extract_status/app-installers-1.37.2-1.src.rpm.tsv
tmp/corpus/extract_status/appcore-agent-1.7.7-1.src.rpm.log
tmp/corpus/extract_status/appcore-agent-1.7.7-1.src.rpm.tsv
tmp/corpus/extract_status/appcore-watch-1.7.25-1.src.rpm.log
tmp/corpus/extract_status/appcore-watch-1.7.25-1.src.rpm.tsv
tmp/corpus/extract_status/appcore-widget-1.6.3-1.src.rpm.log
tmp/corpus/extract_status/appcore-widget-1.6.3-1.src.rpm.tsv
tmp/corpus/extract_status/askuser-notification-0.8.4-1.src.rpm.log
tmp/corpus/extract_status/askuser-notification-0.8.4-1.src.rpm.tsv
tmp/corpus/extract_status/aspell-0.60.8.1-0.src.rpm.log
tmp/corpus/extract_status/aspell-0.60.8.1-0.src.rpm.tsv
tmp/corpus/extract_status/aul-0.84.11-1.src.rpm.log
tmp/corpus/extract_status/aul-0.84.11-1.src.rpm.tsv
tmp/corpus/extract_status/aurum-1.0.24-1.src.rpm.log
tmp/corpus/extract_status/aurum-1.0.24-1.src.rpm.tsv
tmp/corpus/extract_status/auth-fw-1.2.0-1.src.rpm.log
tmp/corpus/extract_status/auth-fw-1.2.0-1.src.rpm.tsv
tmp/corpus/extract_status/badge-0.5.5-1.src.rpm.log
tmp/corpus/extract_status/badge-0.5.5-1.src.rpm.tsv
tmp/corpus/extract_status/bcc-tools-0.35.0-2.1.src.rpm.log
tmp/corpus/extract_status/bcc-tools-0.35.0-2.1.src.rpm.tsv
tmp/corpus/extract_status/behaviortree_cpp_v3-3.6.1-0.src.rpm.log
tmp/corpus/extract_status/behaviortree_cpp_v3-3.6.1-0.src.rpm.tsv
tmp/corpus/extract_status/binutils-2.43-2.7.src.rpm.log
tmp/corpus/extract_status/binutils-2.43-2.7.src.rpm.tsv
EXTRACT_DIRS
voice-control-1.101.2-1.src.rpm
voice-control-elm-0.100.2-1.src.rpm
vpnsvc-pkg-1.2.1-1.src.rpm
vulkan-tools-1.3.296-0.src.rpm
vulkan-validation-layers-1.3.296-0.src.rpm
vulkan-wsi-layer-1.0.5-0.src.rpm
wakeup-engine-default-0.2.5-1.src.rpm
wayland-extension-1.3.82-0.src.rpm
webapi-plugins-2.92-0.src.rpm
webauthn-1.0.13-1.src.rpm
webauthn-ble-1.0.8-1.src.rpm
webrtc-audio-processing-0.3.1-2.src.rpm
wgt-backend-0.18.6-1.src.rpm
wgt-manifest-handlers-1.11.1-1.src.rpm
wifi-mesh-manager-0.0.8-1.src.rpm
wrtjs-1.1.1-1.src.rpm
xwalk-extensions-common-0.0.1-1.src.rpm
yaca-0.0.6-0.src.rpm
yaml-cpp-0.8.0-0.src.rpm
zypper-1.14.38-0.src.rpm
R32_INPUT_IDENTITY
input	sha256	purpose
progress/T1/extraction_results.tsv	5498c430baecd81e689a44d8266d5597a92779680105ede0c320f9b1ea013031	371 extracted-source status and denominator
progress/T1/corpus_hits.tsv	cd2a91832f5a548b4e762c9cc42c4349c50d4f82e559058760f1cf6f83a6c7c2	existing pthread_cancel/setcancelstate/testcancel pattern hits
progress/T1/scan_status.tsv	5c15fe0097f5dc6b37a755ce25cb6d01846050fa653a4ca5fe8e74803ed85723	original scan coverage
progress/R1/package_three_tiers.tsv	dfaa1e683fb7a6b684e762febfbadc5284870f4501a35e995557df6df748e56b	R1 classification identity
progress/R24/tables/migration_packages_483.tsv	3d56ac7be96467394989a3b98a3738459d92185659a8bf8369b43d8c8fde7688	migration stage mapping
R1_TIER_HEADER_AND_COUNTS
source_rpm	T1_HARD	T1_HARD_hits	T1_HARD_evidence	T2_JUDGE	T2_JUDGE_hits	T2_JUDGE_evidence	UNRESOLVED_BITS	UNRESOLVED_BITS_hits	T3_BUILD	T3_BUILD_hits	T3_BUILD_evidence
Open3D-0.17-2.src.rpm	NO	0		YES	29	_GLIBCXX_	NO	0	YES	6	build-system libstdc++,-lstdc++
abseil-cpp-20250814.1-1.2.src.rpm	YES	4	__gnu_cxx,std::__cxx11	YES	39	__GLIBCXX__,_GLIBCXX_,abi::,<cxxabi.h>	NO	0	NO	0	
alarm-manager-0.14.12-1.src.rpm	NO	0		NO	0		NO	0	NO	0	
alure-1.2-3.src.rpm	NO	0		NO	0		NO	0	NO	0	
amd-1.81.6-1.src.rpm	NO	0		NO	0		NO	0	NO	0	
angle-2.1-1.src.rpm	NO	0		YES	9	_GLIBCXX_,__GLIBCXX__,<cxxabi.h>,abi::	NO	0	YES	15	build-system libstdc++,-lstdc++
app-core-1.27.13-0.src.rpm	NO	0		NO	0		NO	0	NO	0	
app-installers-1.37.2-1.src.rpm	NO	0		NO	0		NO	0	NO	0	
appcore-agent-1.7.7-1.src.rpm	NO	0		NO	0		NO	0	NO	0	
appcore-watch-1.7.25-1.src.rpm	NO	0		NO	0		NO	0	NO	0	
appcore-widget-1.6.3-1.src.rpm	NO	0		NO	0		NO	0	NO	0	
 281
build-system libstdc++,-lstdc++ 18
build-system libstdc++ 33
-lstdc++,build-system libstdc++ 16
-lstdc++ 23
KNOWN45_REFERENCES
docs/progress/R29/REPORT.md:19:闭包输入为 `progress/R27/tables/closure_members.tsv`，SHA256 `025b334882d8936cdeb84908508b16b82a1a25532d7fb19da712e4dd911112e8`；迁移层输入为 `progress/R24/tables/migration_packages_483.tsv`，SHA256 `3d56ac7be96467394989a3b98a3738459d92185659a8bf8369b43d8c8fde7688`。
docs/progress/R29/REPORT.md:23:- pcre 8.45-1.13：autotools；原有 6 个非 debug 二进制子包；含静态库、3 个 pkg-config 模块，无 CMake config。
docs/progress/R29/tables/provider_applicability.tsv:5:app-installers-1.37.2-1.src.rpm	app-installers	PHASE2	PHASE2_LAYER3	CMAKE	1	tmp/R11/source_specs_v3/ac/ac4dce7fdffcd6bc3f4a13abdf227bed7615e0e31b37d9ef452426ff62637134/app-installers.spec	9	0	NO	YES	NO
docs/progress/R29/tables/provider_applicability.tsv:7:aul-0.84.11-1.src.rpm	aul	PHASE1	PHASE1	CMAKE	1	tmp/R11/source_specs_v3/90/90fd8f451e9065f904db19ea4a7bf5195e15490ea668497e9eea9ac9b08f04ce/aul.spec	27	0	NO	YES	NO
docs/progress/R29/tables/provider_applicability.tsv:10:bundle-0.18.15-0.src.rpm	bundle	PHASE1	PHASE1	CMAKE	1	tmp/R11/source_specs_v3/e2/e2c453114babe7a906022b31ca388580d5735ffb9c4a425b339c47bd389c9dcb/bundle.spec	51	0	NO	YES	NO
docs/progress/R29/tables/provider_applicability.tsv:14:cert-svc-3.0.0-0.src.rpm	cert-svc	PHASE2	PHASE2_LAYER2	CMAKE	1	tmp/R11/source_specs_v3/b9/b92dec80bf81b353a37ac1d53c068b18756fd707b79529539a25fbd78929f458/cert-svc.spec	12	0	NO	YES	NO
docs/progress/R29/tables/provider_applicability.tsv:23:dfs-adaptation-1.0.10-1.src.rpm	dfs-adaptation	PHASE2	PHASE2_LAYER1	CMAKE	1	tmp/R11/source_specs_v3/7e/7ef6c9b5d9aaf7bfe89762ff9695378ba6f8382fe74dfb90860b9458dd9c0b10/dfs-adaptation.spec	6	0	NO	YES	NO
docs/progress/R29/tables/provider_applicability.tsv:27:glog-0.3.5-1.src.rpm	glog	PHASE2	PHASE2_LAYER1	AUTOTOOLS	1	tmp/R11/source_specs_v3/27/27cd4be9345bb077e62b90fe40e9071e7781516dd2d3ecf735602a49d1939ff6/glog.spec	6	0	YES	YES	NO
docs/progress/R29/tables/provider_applicability.tsv:34:isf-11.1.28-1.src.rpm	isf	PHASE2	PHASE2_LAYER2	AUTOTOOLS	1	tmp/R11/source_specs_v3/7e/7e19a1a423cac1f51fda485662198bff0451a8a70dfe8ba9a64801ae722c442c/isf.spec	15	0	NO	YES	NO
docs/progress/R29/tables/provider_applicability.tsv:37:libcynara-commons-0.26.0-1.src.rpm	libcynara-commons	PHASE1	PHASE1	CMAKE	1	tmp/R11/source_specs_v3/c6/c6f584709df9ad47df5c5dfd491a542458652779cbe5a05eb379c5499af578f3/libcynara-commons.spec	48	0	NO	YES	NO
docs/progress/R29/tables/provider_applicability.tsv:40:libsigc++-2.12.1-1.1.src.rpm	libsigc++	PHASE2	PHASE2_LAYER1	MESON	1	tmp/R11/source_specs_v3/90/90195b69c398c4c8c296049dc95b9ee8cfe75ab2395455e792962300b6974ab9/libsigc++.spec	2	0	NO	YES	NO
docs/progress/R29/tables/provider_applicability.tsv:41:libsigc++-2.12.1-1.2.src.rpm	libsigc++	PHASE2	PHASE2_LAYER1	MESON	1	tmp/R11/source_specs_v3/5f/5fbcb335427c68d78ea75344fb2458f00e48c73c59cf2b56f56a0917eaa85000/libsigc++.spec	2	0	NO	YES	NO
docs/progress/R29/tables/provider_applicability.tsv:42:libsigc++-2.12.1-1.3.src.rpm	libsigc++	PHASE2	PHASE2_LAYER1	MESON	1	tmp/R11/source_specs_v3/a0/a04939d04ec2c2aacfa3b2282e62061dab7459c5e9c9c20fc68f598857da10e9/libsigc++.spec	2	0	NO	YES	NO
docs/progress/R29/tables/provider_applicability.tsv:50:nntrainer-0.5.0-0.src.rpm	nntrainer	PHASE2	PHASE2_LAYER1	OTHER	1	tmp/R11/source_specs_v3/07/07f67d9ed27cc23d018bd4543f3bc1bf6fbcb2f1f3b757a0ec92506b091cb34e/nntrainer.spec	48	0	YES	YES	NO
docs/progress/R29/tables/provider_applicability.tsv:52:openusd-24.03-0.src.rpm	openusd	PHASE2	PHASE2_LAYER2	CMAKE	1	tmp/R11/source_specs_v3/fe/fe568aad26dac664ea4dd49266fb6c711456d2814a6868f0638b2e2b8c1a91b2/openusd.spec	6	0	NO	NO	YES
docs/progress/R29/tables/provider_applicability.tsv:54:pcre-8.45-1.13.src.rpm	pcre	PHASE2	PHASE2_LAYER1	AUTOTOOLS	1	tmp/R11/source_specs_v3/c4/c4e3d18d83186f553a93d4aa3b1161f8ea5ac3982ed18268f53902952fd00391/pcre.spec	6	0	YES	YES	NO
docs/progress/R29/tables/provider_applicability.tsv:55:pcre-8.45-1.14.src.rpm	pcre	PHASE2	PHASE2_LAYER1	AUTOTOOLS	1	tmp/R11/source_specs_v3/b1/b1946d4029d7421e977cf22f7d96714b5584f6fa3a251a794d976ecdb574769b/pcre.spec	6	0	YES	YES	NO
docs/progress/R29/tables/provider_applicability.tsv:56:pcre-8.45-1.15.src.rpm	pcre	PHASE2	PHASE2_LAYER1	AUTOTOOLS	1	tmp/R11/source_specs_v3/df/df92c1611c70eb01560dae4efb85df734cff53b71fe04aa3f3c2ca52a1ce5395/pcre.spec	6	0	YES	YES	NO
docs/progress/R29/tables/provider_applicability.tsv:57:podofo-0.9.7-0.src.rpm	podofo	PHASE2	PHASE2_LAYER1	CMAKE	1	tmp/R11/source_specs_v3/1d/1dfc0de4346623f486e6819bfa2b445ef4cbe3134549c2d85f9891561c2b2f56/podofo.spec	6	0	NO	YES	NO
docs/progress/R29/tables/provider_applicability.tsv:67:taglib-1.13.1-1.3.src.rpm	taglib	PHASE2	PHASE2_LAYER1	CMAKE	1	tmp/R11/source_specs_v3/ca/cade495aa6afb77a9b0983e9e3f24f536af14528bbcbd0a8cb83d962197728ce/taglib.spec	2	0	NO	YES	NO
docs/progress/R29/tables/sample_selection.tsv:2:pcre-8.45-1.13.src.rpm	pcre	PHASE2_LAYER1	autotools	libpcre;libpcrecpp;libpcreposix;pcre-devel;pcre-devel-static;pcre-tools	YES	YES(libpcre;libpcrecpp;libpcreposix)	NO	R27闭包成员且第二阶段层1；覆盖autotools、共享库、静态库和pkg-config
docs/progress/R29/tables/artifact_sha256.tsv:3:7ad0f46772c594525a7a5cc0c440f74850ae58cf03c6881f8c39ae68d154c948	artifacts/R29/consumer/default/x86_64/RPMS/r29-consumer-1-1.x86_64.rpm	FINAL
docs/progress/R29/tables/artifact_sha256.tsv:14:81f0325ead1b4ea45053aa3b0bbcd29ceb140e7fbe5bbada67063a49f04b136b	artifacts/R29/consumer/libcxx/x86_64/SRPMS/r29-consumer-1-1.src.rpm	FINAL
docs/progress/R29/tables/artifact_sha256.tsv:16:de9cb03372e15eb45480457c60364c375e5df3fb28174fd42f5b92cf94cd56e0	artifacts/R29/consumer/libcxx/x86_64/config/gbs_consumer_libcxx.conf	FINAL
docs/progress/R29/tables/artifact_sha256.tsv:19:ea3084b9062452ab581de809c37ec64fb02395aba7a62ce6a4cc99531b00e194	artifacts/R29/flatbuffers/x86_64/RPMS/flatbuffers-24.3.25-1.x86_64.rpm	FINAL
docs/progress/R29/tables/artifact_sha256.tsv:21:639812f538463f612096c42f40cf08dd3350584b5e45aad56c96c3f42a210a7b	artifacts/R29/flatbuffers/x86_64/RPMS/flatbuffers-debugsource-24.3.25-1.x86_64.rpm	FINAL
docs/progress/R29/tables/artifact_sha256.tsv:24:7bab30cdefd1059ad637a12233027078833a0c94c746d5e8a40e20cb75745737	artifacts/R29/flatbuffers/x86_64/RPMS/flatbuffers-libcxx-24.3.25-1.x86_64.rpm	FINAL
docs/progress/R29/tables/artifact_sha256.tsv:33:8679fe144005391310228f7459c07b63ffdfd3b2fbd163de94bdd98ef2e201cc	artifacts/R29/flatbuffers-superseded-cmake-overlay/x86_64/RPMS/flatbuffers-24.3.25-1.x86_64.rpm	SUPERSEDED
docs/progress/R29/tables/artifact_sha256.tsv:35:c2039f8fb2935c4e6683b58b4547b794698575f1cd68c90f063c55dbf3fd1f7a	artifacts/R29/flatbuffers-superseded-cmake-overlay/x86_64/RPMS/flatbuffers-debugsource-24.3.25-1.x86_64.rpm	SUPERSEDED
docs/progress/R29/tables/artifact_sha256.tsv:38:00b383df95c5e6d5fdd9b18cbfc1ad2919c884544ac9c28ba20a31ba50a05dc2	artifacts/R29/flatbuffers-superseded-cmake-overlay/x86_64/RPMS/flatbuffers-libcxx-24.3.25-1.x86_64.rpm	SUPERSEDED
docs/progress/R29/tables/artifact_sha256.tsv:45:c4ad82ce1bc6a6c20297affcab32485e710156c67845286396398529ce9a5c0d	artifacts/R29/flatbuffers-superseded-cmake-overlay/x86_64/logs/flatbuffers-24.3.25-1/log.txt	SUPERSEDED
docs/progress/R29/tables/artifact_sha256.tsv:47:9fc5bcdcd76912744a8dbfa5bc34d47709c5ecaaedc5a393e4d9454db94283d3	artifacts/R29/lottie-player/x86_64/RPMS/lottie-player-0.2.5-1.x86_64.rpm	FINAL
docs/progress/R29/tables/artifact_sha256.tsv:51:abdb225319e561a7091d179406f77b3b7e9af45cbf6c42ad1d02f8c88129f678	artifacts/R29/lottie-player/x86_64/RPMS/lottie-player-devel-debuginfo-0.2.5-1.x86_64.rpm	FINAL
docs/progress/R29/tables/artifact_sha256.tsv:54:d20338d6f113f3c08f00be33c2fecdafc39245c40b759d7e62d1229768a2cdfe	artifacts/R29/lottie-player/x86_64/RPMS/lottie-player-libcxx-devel-0.2.5-1.x86_64.rpm	FINAL
docs/progress/R29/tables/artifact_sha256.tsv:58:470711d32e98f07e207dc7ae8e29463ff00e4f710bc8a4b3f11049a0e0f451b2	artifacts/R29/lottie-player/x86_64/logs/lottie-player-0.2.5-1/log.txt	FINAL
docs/progress/R29/tables/artifact_sha256.tsv:60:53986c19547f786f9db538d10f937983fa28894b129b3d544c0fd92417738eb4	artifacts/R29/pcre/x86_64/RPMS/libpcre-8.45-1.13.x86_64.rpm	FINAL
docs/progress/R29/tables/artifact_sha256.tsv:61:c3ee53143ac58ebc011cdf3fa4046c4535e31202b74956d4d5221f65aaa5fa0a	artifacts/R29/pcre/x86_64/RPMS/libpcre-debuginfo-8.45-1.13.x86_64.rpm	FINAL
docs/progress/R29/tables/artifact_sha256.tsv:62:5b4cc024bdf522c5029c963084902b01a76f7ca870fb07e724e01c03fb3b68c0	artifacts/R29/pcre/x86_64/RPMS/libpcrecpp-8.45-1.13.x86_64.rpm	FINAL
docs/progress/R29/tables/artifact_sha256.tsv:63:a1915a9bff1af3001ba1944ef47fe840460ac6d5be7ebf168a2ed53332e55504	artifacts/R29/pcre/x86_64/RPMS/libpcrecpp-debuginfo-8.45-1.13.x86_64.rpm	FINAL
docs/progress/R29/tables/artifact_sha256.tsv:64:bea1c612b1e89d47e452c996dae78bc19a81474f93efd3cbe179d54f2ed4530d	artifacts/R29/pcre/x86_64/RPMS/libpcrecpp-libcxx-8.45-1.13.x86_64.rpm	FINAL
docs/progress/R29/tables/artifact_sha256.tsv:65:c1b651dddefd1787862ed3d766b2baa45edf761243578d5fb915e87d69fe1bf7	artifacts/R29/pcre/x86_64/RPMS/libpcrecpp-libcxx-debuginfo-8.45-1.13.x86_64.rpm	FINAL
docs/progress/R29/tables/artifact_sha256.tsv:66:5079516d1f20c131cfbb202a8b526f476971323da0c030793afa9a5165dbf7cb	artifacts/R29/pcre/x86_64/RPMS/libpcreposix-8.45-1.13.x86_64.rpm	FINAL
docs/progress/R29/tables/artifact_sha256.tsv:67:36231ce1901b7fe6844c605455fb775f4494a4e27936ccf8a8797ab402d9aabe	artifacts/R29/pcre/x86_64/RPMS/libpcreposix-debuginfo-8.45-1.13.x86_64.rpm	FINAL
docs/progress/R29/tables/artifact_sha256.tsv:68:5ae5547c19d1a63e4868ed0471efcd9020b6ea9087e2898f93918f9af55dc3b2	artifacts/R29/pcre/x86_64/RPMS/pcre-debugsource-8.45-1.13.x86_64.rpm	FINAL
docs/progress/R29/tables/artifact_sha256.tsv:69:bf41fe3154e9ed62ce0129fff1f67450e626bebcf5a8b3d39daa2d5ed9ed0334	artifacts/R29/pcre/x86_64/RPMS/pcre-devel-8.45-1.13.x86_64.rpm	FINAL
docs/progress/R29/tables/artifact_sha256.tsv:70:7923b05d132f9310993f0d3572f0bc4b24eb1126b00e32ffd91a6a938b840806	artifacts/R29/pcre/x86_64/RPMS/pcre-devel-static-8.45-1.13.x86_64.rpm	FINAL
docs/progress/R29/tables/artifact_sha256.tsv:71:4711cf5e2db6730d39200bc50ec3af358c4fc1c8aaf47ed33ec8521ec65bf9a4	artifacts/R29/pcre/x86_64/RPMS/pcre-libcxx-devel-8.45-1.13.x86_64.rpm	FINAL
docs/progress/R29/tables/artifact_sha256.tsv:72:b6ad47db90c9727386fb9c258fceaf823dbf1b2b53d1ecd814eaf5b11c093448	artifacts/R29/pcre/x86_64/RPMS/pcre-libcxx-devel-static-8.45-1.13.x86_64.rpm	FINAL
docs/progress/R29/tables/artifact_sha256.tsv:73:fad6f84a068e50a9fa18049a49ddef2ca5a9f21a0ff372e1ea585db712590119	artifacts/R29/pcre/x86_64/RPMS/pcre-tools-8.45-1.13.x86_64.rpm	FINAL
docs/progress/R29/tables/artifact_sha256.tsv:74:98ea043e4c3769fbc823ccbc36a89a8e9f7022b96e5ff821f977f6e75429ba84	artifacts/R29/pcre/x86_64/RPMS/pcre-tools-debuginfo-8.45-1.13.x86_64.rpm	FINAL
docs/progress/R29/tables/artifact_sha256.tsv:75:f4a59b7450927f3db82537b8424ba9931d293f9d36df7a6e81c11475618c8844	artifacts/R29/pcre/x86_64/SRPMS/pcre-8.45-1.13.src.rpm	FINAL
docs/progress/R29/tables/artifact_sha256.tsv:78:af6c2cac2728248fa11f586a217087d73856231035ffebe896d316debcf8a25f	artifacts/R29/pcre/x86_64/logs/pcre-8.45-1.13/log.txt	FINAL
docs/progress/R32/tables/input_identity.tsv:5:progress/R1/package_three_tiers.tsv	dfaa1e683fb7a6b684e762febfbadc5284870f4501a35e995557df6df748e56b	R1 classification identity
docs/progress/R32/tables/input_identity.tsv:6:progress/R24/tables/migration_packages_483.tsv	3d56ac7be96467394989a3b98a3738459d92185659a8bf8369b43d8c8fde7688	migration stage mapping
docs/progress/R32/tables/catchall_macro_definitions.tsv:119:llvm-22.1.8-18.1.src.rpm	llvm	PHASE2	unpacked/llvm-22.1.8.tar.gz/llvm-22.1.8/third-party/unittest/googletest/include/gtest/internal/gtest-internal.h	1458	TEST	GTEST_TEST_NO_THROW_	catch (...) {                                                        \
docs/progress/R32/tables/catchall_macro_definitions.tsv:190:tensorflow2-2.18.0-1.2.src.rpm	tensorflow2	PHASE2	unpacked/abseil-cpp.tar.gz/abseil-cpp-fb3621f4f897824c0dbe0615fa94543df6192f30/absl/base/macros.h	133	PRODUCTION_LIKE	ABSL_INTERNAL_CATCH_ANY	#define ABSL_INTERNAL_CATCH_ANY catch (...)
docs/progress/R32/tables/catchall_macro_definitions.tsv:192:tensorflow2-2.18.0-1.3.src.rpm	tensorflow2	PHASE2	unpacked/abseil-cpp.tar.gz/abseil-cpp-fb3621f4f897824c0dbe0615fa94543df6192f30/absl/base/macros.h	133	PRODUCTION_LIKE	ABSL_INTERNAL_CATCH_ANY	#define ABSL_INTERNAL_CATCH_ANY catch (...)
docs/progress/R32/tables/catchall_macro_definitions.tsv:194:tensorflow2-2.18.0-1.src.rpm	tensorflow2	PHASE2	unpacked/abseil-cpp.tar.gz/abseil-cpp-fb3621f4f897824c0dbe0615fa94543df6192f30/absl/base/macros.h	133	PRODUCTION_LIKE	ABSL_INTERNAL_CATCH_ANY	#define ABSL_INTERNAL_CATCH_ANY catch (...)
docs/progress/R32/tables/catchall_macro_definitions.tsv:195:thorvg-1.0.0-1.src.rpm	thorvg	PHASE2	unpacked/thorvg-1.0.0.tar.gz/thorvg-1.0.0/test/catch.hpp	459	TEST	CATCH_CATCH_ALL	#define CATCH_CATCH_ALL catch (...)
docs/progress/R32/tables/red_item_input_identity.tsv:3:progress/R30/commands/045_build_patched_security_libcxx_x86_64.full.log	1127146550d2972bde00f9330317d36cc3131ea3549e7d06d7052bb38388304f	Boost.Test x86_64 exact link error
docs/progress/R32/tables/red_item_input_identity.tsv:7:codes/llvm/libcxx/include/ios	4d9992011bb810183c607c8d44e0d35e42c8a428cc17ddcf66663689aa45cfd4	libc++ comparison header
docs/progress/R1/supersession_registry.tsv:4:progress/T1/T1_report.md	ed51b88f3615f776af085e4162d2265045904df385eea9243e1cbc1445410861	SUPERSEDED_BY_ADJUDICATION_20260801	classification conclusions only	下载提取覆盖率与原始扫描事实仍有效
docs/progress/R32/tables/experiment_input_identity.tsv:4:tmp/R31/gbs-default-x86_64.conf	c2bc7a42142252d298ff45944ca81f21f3772d5be1c6848504ed50449b0f53ce	R31-proven libstdc++ GBS configuration
docs/progress/R32/tables/scan_status.tsv:142:gstreamer-1.24.11-38.src.rpm	gstreamer	/home/toolchain/development/libc++_replacement/tmp/corpus/extracted/gstreamer-1.24.11-38.src.rpm	SCAN_OK	45	
docs/progress/R32/tables/scan_status.tsv:280:pcre-8.45-1.12.src.rpm	pcre	/home/toolchain/development/libc++_replacement/tmp/corpus/extracted/pcre-8.45-1.12.src.rpm	SCAN_OK	3	
docs/progress/R32/tables/scan_status.tsv:281:pcre-8.45-1.13.src.rpm	pcre	/home/toolchain/development/libc++_replacement/tmp/corpus/extracted/pcre-8.45-1.13.src.rpm	SCAN_OK	3	
docs/progress/R32/tables/scan_status.tsv:285:pcre-8.45-1.14.src.rpm	pcre	/home/toolchain/development/libc++_replacement/tmp/corpus/extracted/pcre-8.45-1.14.src.rpm	SCAN_OK	3	
docs/progress/R32/tables/r30_red_item_classification.tsv:1:red_item	source_package	location	identifier	original_error_evidence	ownership_evidence	libcxx_check	t1_pattern_coverage	classification	known_limitation_for_45
docs/progress/R32/tables/r30_red_item_classification.tsv:2:_S_badbit	libcynara-commons	test/cyad/commands_dispatcher.cpp:288	std::ios_base::iostate::_S_badbit	progress/R30/commands/024_build_patched_libcynara_libcxx_x86_64.full.log:1573	codes/gcc/libstdc++-v3/include/bits/ios_base.h:168-176 defines _S_badbit; :442-446 maps standard badbit to it	zero _S_badbit hits in codes/llvm/libcxx/include	OUTSIDE_T1_PATTERN_SET	SOURCE_LEVEL_DEFECT	T1 does not enumerate libstdc++ private enumerators/nested members such as _S_*; 45 is not an exhaustive build-proven incompatibility count
