PACKAGES 280 / 371 seconds 1013
PACKAGES 285 / 371 seconds 1015
PACKAGES 290 / 371 seconds 1016
PACKAGES 295 / 371 seconds 1034
PACKAGES 300 / 371 seconds 1053
    "errors": 0,
    "status": "SCANNED_SELECTED_EXTENSIONS"
  },
  {
    "source_rpm": "rpc-port-1.21.15-0.src.rpm",
    "extraction_status": "EXTRACTED_OK",
    "root": "/home/toolchain/development/libc++_replacement/tmp/corpus/extracted/rpc-port-1.21.15-0.src.rpm",
    "eligible_files": 100,
    "read_files": 100,
    "bytes": 576980,
    "hit_files": 73,
    "token_hits": 1337,
    "using_namespace_files": 0,
    "errors": 0,
    "status": "SCANNED_SELECTED_EXTENSIONS"
  }
]
181M	docs/progress/R117
2026-09-16T13:31:01+08:00
