vector.o: \
  /home/toolchain/development/libcxx_runtime_validation/codes/llvm/libcxx/include/vector \
  /home/toolchain/development/libcxx_runtime_validation/codes/llvm/libcxx/include/__config \
  /home/toolchain/development/libcxx_runtime_validation/tmp/R117/config/libcxx/__config_site \
  /home/toolchain/development/libcxx_runtime_validation/codes/llvm/libcxx/include/__configuration/abi.h \
  /home/toolchain/development/libcxx_runtime_validation/codes/llvm/libcxx/include/__configuration/compiler.h \
  /home/toolchain/development/libcxx_runtime_validation/codes/llvm/libcxx/include/__configuration/platform.h \
  /home/toolchain/development/libc++_replacement/tmp/GBS-ROOT/R32-candidates-libcxx-x86_64-20260813-02/local/BUILD-ROOTS/scratch.x86_64.0/usr/include/features.h \
  /home/toolchain/development/libc++_replacement/tmp/GBS-ROOT/R32-candidates-libcxx-x86_64-20260813-02/local/BUILD-ROOTS/scratch.x86_64.0/usr/include/features-time64.h \
  /home/toolchain/development/libc++_replacement/tmp/GBS-ROOT/R32-candidates-libcxx-x86_64-20260813-02/local/BUILD-ROOTS/scratch.x86_64.0/usr/include/bits/wordsize.h \
  /home/toolchain/development/libc++_replacement/tmp/GBS-ROOT/R32-candidates-libcxx-x86_64-20260813-02/local/BUILD-ROOTS/scratch.x86_64.0/usr/include/bits/timesize.h \
  /home/toolchain/development/libc++_replacement/tmp/GBS-ROOT/R32-candidates-libcxx-x86_64-20260813-02/local/BUILD-ROOTS/scratch.x86_64.0/usr/include/stdc-predef.h \
  /home/toolchain/development/libc++_replacement/tmp/GBS-ROOT/R32-candidates-libcxx-x86_64-20260813-02/local/BUILD-ROOTS/scratch.x86_64.0/usr/include/sys/cdefs.h \
  /home/toolchain/development/libc++_replacement/tmp/GBS-ROOT/R32-candidates-libcxx-x86_64-20260813-02/local/BUILD-ROOTS/scratch.x86_64.0/usr/include/bits/long-double.h \
  /home/toolchain/development/libc++_replacement/tmp/GBS-ROOT/R32-candidates-libcxx-x86_64-20260813-02/local/BUILD-ROOTS/scratch.x86_64.0/usr/include/gnu/stubs.h \
  /home/toolchain/development/libc++_replacement/tmp/GBS-ROOT/R32-candidates-libcxx-x86_64-20260813-02/local/BUILD-ROOTS/scratch.x86_64.0/usr/include/gnu/stubs-64.h \
  /home/toolchain/development/libcxx_runtime_validation/codes/llvm/libcxx/include/__configuration/availability.h \
  /home/toolchain/development/libcxx_runtime_validation/codes/llvm/libcxx/include/__configuration/language.h \
  /home/toolchain/development/libcxx_runtime_validation/codes/llvm/libcxx/include/__configuration/experimental.h \
  /home/toolchain/development/libcxx_runtime_validation/codes/llvm/libcxx/include/__configuration/hardening.h \
  /home/toolchain/development/libcxx_runtime_validation/codes/llvm/libcxx/include/__vector/comparison.h \
  /home/toolchain/development/libcxx_runtime_validation/codes/llvm/libcxx/include/__algorithm/equal.h \
  /home/toolchain/development/libcxx_runtime_validation/codes/llvm/libcxx/include/__algorithm/comp.h \
  /home/toolchain/development/libcxx_runtime_validation/codes/llvm/libcxx/include/__type_traits/desugars_to.h \
  /home/toolchain/development/libcxx_runtime_validation/codes/llvm/libcxx/include/__type_traits/integral_constant.h \
  /home/toolchain/development/libcxx_runtime_validation/codes/llvm/libcxx/include/__type_traits/is_generic_transparent_comparator.h \
  /home/toolchain/development/libcxx_runtime_validation/codes/llvm/libcxx/include/__type_traits/is_integral.h \
  /home/toolchain/development/libcxx_runtime_validation/codes/llvm/libcxx/include/__type_traits/remove_cv.h \
  /home/toolchain/development/libcxx_runtime_validation/codes/llvm/libcxx/include/__algorithm/min.h \
  /home/toolchain/development/libcxx_runtime_validation/codes/llvm/libcxx/include/__algorithm/comp_ref_type.h \
  /home/toolchain/development/libcxx_runtime_validation/codes/llvm/libcxx/include/__assert \
  /home/toolchain/development/libcxx_runtime_validation/tmp/R117/config/libcxx/__assertion_handler \
  /home/toolchain/development/libcxx_runtime_validation/codes/llvm/libcxx/include/__log_hardening_failure \
  /home/toolchain/development/libcxx_runtime_validation/codes/llvm/libcxx/include/__verbose_abort \
  /home/toolchain/development/libcxx_runtime_validation/codes/llvm/libcxx/include/__verbose_trap \
  /home/toolchain/development/libcxx_runtime_validation/codes/llvm/libcxx/include/__utility/declval.h \
  /home/toolchain/development/libcxx_runtime_validation/codes/llvm/libcxx/include/__algorithm/min_element.h \
  /home/toolchain/development/libcxx_runtime_validation/codes/llvm/libcxx/include/__functional/identity.h \
  /home/toolchain/development/libcxx_runtime_validation/codes/llvm/libcxx/include/__fwd/functional.h \
  /home/toolchain/development/libcxx_runtime_validation/codes/llvm/libcxx/include/__utility/forward.h \
  /home/toolchain/development/libcxx_runtime_validation/codes/llvm/libcxx/include/__type_traits/is_reference.h \
  /home/toolchain/development/libcxx_runtime_validation/codes/llvm/libcxx/include/__type_traits/remove_reference.h \
  /home/toolchain/development/libcxx_runtime_validation/codes/llvm/libcxx/include/__iterator/iterator_traits.h \
  /home/toolchain/development/libcxx_runtime_validation/codes/llvm/libcxx/include/__concepts/arithmetic.h \
  /home/toolchain/development/libcxx_runtime_validation/codes/llvm/libcxx/include/__type_traits/is_floating_point.h \
  /home/toolchain/development/libcxx_runtime_validation/codes/llvm/libcxx/include/__type_traits/is_signed.h \
  /home/toolchain/development/libcxx_runtime_validation/codes/llvm/libcxx/include/__type_traits/is_arithmetic.h \
  /home/toolchain/development/libcxx_runtime_validation/codes/llvm/libcxx/include/__concepts/constructible.h \
  /home/toolchain/development/libcxx_runtime_validation/codes/llvm/libcxx/include/__concepts/convertible_to.h \
  /home/toolchain/development/libcxx_runtime_validation/codes/llvm/libcxx/include/__type_traits/is_convertible.h \
  /home/toolchain/development/libcxx_runtime_validation/codes/llvm/libcxx/include/__concepts/destructible.h \
  /home/toolchain/development/libcxx_runtime_validation/codes/llvm/libcxx/include/__type_traits/is_nothrow_destructible.h \
  /home/toolchain/development/libcxx_runtime_validation/codes/llvm/libcxx/include/__cstddef/size_t.h \
  /home/toolchain/development/libcxx_runtime_validation/codes/llvm/libcxx/include/__type_traits/is_destructible.h \
  /home/toolchain/development/libcxx_runtime_validation/codes/llvm/libcxx/include/__type_traits/is_function.h \
  /home/toolchain/development/libcxx_runtime_validation/codes/llvm/libcxx/include/__type_traits/remove_all_extents.h \
  /home/toolchain/development/libcxx_runtime_validation/codes/llvm/libcxx/include/__type_traits/is_constructible.h \
  /home/toolchain/development/libcxx_runtime_validation/codes/llvm/libcxx/include/__type_traits/add_reference.h \
  /home/toolchain/development/libcxx_runtime_validation/codes/llvm/libcxx/include/__concepts/copyable.h \
  /home/toolchain/development/libcxx_runtime_validation/codes/llvm/libcxx/include/__concepts/assignable.h \
  /home/toolchain/development/libcxx_runtime_validation/codes/llvm/libcxx/include/__concepts/common_reference_with.h \
  /home/toolchain/development/libcxx_runtime_validation/codes/llvm/libcxx/include/__concepts/same_as.h \
  /home/toolchain/development/libcxx_runtime_validation/codes/llvm/libcxx/include/__type_traits/is_same.h \
  /home/toolchain/development/libcxx_runtime_validation/codes/llvm/libcxx/include/__type_traits/common_reference.h \
  /home/toolchain/development/libcxx_runtime_validation/codes/llvm/libcxx/include/__type_traits/add_pointer.h \
  /home/toolchain/development/libcxx_runtime_validation/codes/llvm/libcxx/include/__type_traits/is_referenceable.h \
  /home/toolchain/development/libcxx_runtime_validation/codes/llvm/libcxx/include/__type_traits/void_t.h \
  /home/toolchain/development/libcxx_runtime_validation/codes/llvm/libcxx/include/__type_traits/is_void.h \
  /home/toolchain/development/libcxx_runtime_validation/codes/llvm/libcxx/include/__type_traits/common_type.h \
  /home/toolchain/development/libcxx_runtime_validation/codes/llvm/libcxx/include/__type_traits/conditional.h \
  /home/toolchain/development/libcxx_runtime_validation/codes/llvm/libcxx/include/__type_traits/decay.h \
  /home/toolchain/development/libcxx_runtime_validation/codes/llvm/libcxx/include/__type_traits/remove_cvref.h \
  /home/toolchain/development/libcxx_runtime_validation/codes/llvm/libcxx/include/__type_traits/type_identity.h \
  /home/toolchain/development/libcxx_runtime_validation/codes/llvm/libcxx/include/__utility/empty.h \
  /home/toolchain/development/libcxx_runtime_validation/codes/llvm/libcxx/include/__type_traits/copy_cv.h \
  /home/toolchain/development/libcxx_runtime_validation/codes/llvm/libcxx/include/__type_traits/copy_cvref.h \
  /home/toolchain/development/libcxx_runtime_validation/codes/llvm/libcxx/include/__type_traits/make_const_lvalue_ref.h \
  /home/toolchain/development/libcxx_runtime_validation/codes/llvm/libcxx/include/__concepts/movable.h \
  /home/toolchain/development/libcxx_runtime_validation/codes/llvm/libcxx/include/__concepts/swappable.h \
  /home/toolchain/development/libcxx_runtime_validation/codes/llvm/libcxx/include/__concepts/class_or_enum.h \
  /home/toolchain/development/libcxx_runtime_validation/codes/llvm/libcxx/include/__type_traits/is_class.h \
  /home/toolchain/development/libcxx_runtime_validation/codes/llvm/libcxx/include/__type_traits/is_enum.h \
  /home/toolchain/development/libcxx_runtime_validation/codes/llvm/libcxx/include/__type_traits/is_union.h \
  /home/toolchain/development/libcxx_runtime_validation/codes/llvm/libcxx/include/__type_traits/extent.h \
  /home/toolchain/development/libcxx_runtime_validation/codes/llvm/libcxx/include/__type_traits/is_nothrow_assignable.h \
  /home/toolchain/development/libcxx_runtime_validation/codes/llvm/libcxx/include/__type_traits/is_nothrow_constructible.h \
  /home/toolchain/development/libcxx_runtime_validation/codes/llvm/libcxx/include/__utility/exchange.h \
  /home/toolchain/development/libcxx_runtime_validation/codes/llvm/libcxx/include/__utility/move.h \
  /home/toolchain/development/libcxx_runtime_validation/codes/llvm/libcxx/include/__undef_macros \
  /home/toolchain/development/libcxx_runtime_validation/codes/llvm/libcxx/include/__type_traits/is_object.h \
  /home/toolchain/development/libcxx_runtime_validation/codes/llvm/libcxx/include/__concepts/equality_comparable.h \
  /home/toolchain/development/libcxx_runtime_validation/codes/llvm/libcxx/include/__concepts/boolean_testable.h \
  /home/toolchain/development/libcxx_runtime_validation/codes/llvm/libcxx/include/__concepts/comparison_common_type.h \
  /home/toolchain/development/libcxx_runtime_validation/codes/llvm/libcxx/include/__concepts/totally_ordered.h \
  /home/toolchain/development/libcxx_runtime_validation/codes/llvm/libcxx/include/__cstddef/ptrdiff_t.h \
  /home/toolchain/development/libcxx_runtime_validation/codes/llvm/libcxx/include/__fwd/pair.h \
  /home/toolchain/development/libcxx_runtime_validation/codes/llvm/libcxx/include/__fwd/tuple.h \
  /home/toolchain/development/libcxx_runtime_validation/codes/llvm/libcxx/include/__iterator/incrementable_traits.h \
  /home/toolchain/development/libcxx_runtime_validation/codes/llvm/libcxx/include/__type_traits/is_primary_template.h \
  /home/toolchain/development/libcxx_runtime_validation/codes/llvm/libcxx/include/__type_traits/enable_if.h \
  /home/toolchain/development/libcxx_runtime_validation/codes/llvm/libcxx/include/__type_traits/is_valid_expansion.h \
  /home/toolchain/development/libcxx_runtime_validation/codes/llvm/libcxx/include/__type_traits/make_signed.h \
  /home/toolchain/development/libcxx_runtime_validation/codes/llvm/libcxx/include/__type_traits/type_list.h \
  /home/toolchain/development/libcxx_runtime_validation/codes/llvm/libcxx/include/__iterator/readable_traits.h \
  /home/toolchain/development/libcxx_runtime_validation/codes/llvm/libcxx/include/__type_traits/is_array.h \
  /home/toolchain/development/libcxx_runtime_validation/codes/llvm/libcxx/include/__type_traits/remove_extent.h \
  /home/toolchain/development/libcxx_runtime_validation/codes/llvm/libcxx/include/__tuple/tuple_element.h \
  /home/toolchain/development/libcxx_runtime_validation/codes/llvm/libcxx/include/__type_traits/detected_or.h \
  /home/toolchain/development/libcxx_runtime_validation/codes/llvm/libcxx/include/__type_traits/disjunction.h \
  /home/toolchain/development/libcxx_runtime_validation/codes/llvm/libcxx/include/__type_traits/nat.h \
  /home/toolchain/development/libcxx_runtime_validation/codes/llvm/libcxx/include/__type_traits/remove_const.h \
  /home/toolchain/development/libcxx_runtime_validation/codes/llvm/libcxx/include/__type_traits/invoke.h \
  /home/toolchain/development/libcxx_runtime_validation/codes/llvm/libcxx/include/__type_traits/is_base_of.h \
  /home/toolchain/development/libcxx_runtime_validation/codes/llvm/libcxx/include/__type_traits/is_core_convertible.h \
  /home/toolchain/development/libcxx_runtime_validation/codes/llvm/libcxx/include/__type_traits/is_member_pointer.h \
  /home/toolchain/development/libcxx_runtime_validation/codes/llvm/libcxx/include/__type_traits/is_reference_wrapper.h \
  /home/toolchain/development/libcxx_runtime_validation/codes/llvm/libcxx/include/__type_traits/is_callable.h \
  /home/toolchain/development/libcxx_runtime_validation/codes/llvm/libcxx/include/initializer_list \
  /home/toolchain/development/libcxx_runtime_validation/codes/llvm/libcxx/include/version \
  /home/toolchain/development/libcxx_runtime_validation/codes/llvm/libcxx/include/__algorithm/unwrap_iter.h \
  /home/toolchain/development/libcxx_runtime_validation/codes/llvm/libcxx/include/__memory/pointer_traits.h \
  /home/toolchain/development/libcxx_runtime_validation/codes/llvm/libcxx/include/__memory/addressof.h \
  /home/toolchain/development/libcxx_runtime_validation/codes/llvm/libcxx/include/__type_traits/conjunction.h \
  /home/toolchain/development/libcxx_runtime_validation/codes/llvm/libcxx/include/__fwd/bit_reference.h \
  /home/toolchain/development/libcxx_runtime_validation/codes/llvm/libcxx/include/__iterator/distance.h \
  /home/toolchain/development/libcxx_runtime_validation/codes/llvm/libcxx/include/__algorithm/for_each_segment.h \
  /home/toolchain/development/libcxx_runtime_validation/codes/llvm/libcxx/include/__iterator/segmented_iterator.h \
  /home/toolchain/development/libcxx_runtime_validation/codes/llvm/libcxx/include/__iterator/concepts.h \
  /home/toolchain/development/libcxx_runtime_validation/codes/llvm/libcxx/include/__concepts/derived_from.h \
  /home/toolchain/development/libcxx_runtime_validation/codes/llvm/libcxx/include/__concepts/invocable.h \
  /home/toolchain/development/libcxx_runtime_validation/codes/llvm/libcxx/include/__functional/invoke.h \
  /home/toolchain/development/libcxx_runtime_validation/codes/llvm/libcxx/include/__concepts/predicate.h \
  /home/toolchain/development/libcxx_runtime_validation/codes/llvm/libcxx/include/__concepts/regular.h \
  /home/toolchain/development/libcxx_runtime_validation/codes/llvm/libcxx/include/__concepts/semiregular.h \
  /home/toolchain/development/libcxx_runtime_validation/codes/llvm/libcxx/include/__concepts/relation.h \
  /home/toolchain/development/libcxx_runtime_validation/codes/llvm/libcxx/include/__iterator/iter_move.h \
  /home/toolchain/development/libcxx_runtime_validation/codes/llvm/libcxx/include/__type_traits/is_pointer.h \
  /home/toolchain/development/libcxx_runtime_validation/codes/llvm/libcxx/include/__ranges/access.h \
  /home/toolchain/development/libcxx_runtime_validation/codes/llvm/libcxx/include/__ranges/enable_borrowed_range.h \
  /home/toolchain/development/libcxx_runtime_validation/codes/llvm/libcxx/include/__utility/auto_cast.h \
  /home/toolchain/development/libcxx_runtime_validation/codes/llvm/libcxx/include/__ranges/concepts.h \
  /home/toolchain/development/libcxx_runtime_validation/codes/llvm/libcxx/include/__ranges/data.h \
  /home/toolchain/development/libcxx_runtime_validation/codes/llvm/libcxx/include/__type_traits/remove_pointer.h \
  /home/toolchain/development/libcxx_runtime_validation/codes/llvm/libcxx/include/__ranges/enable_view.h \
  /home/toolchain/development/libcxx_runtime_validation/codes/llvm/libcxx/include/__ranges/size.h \
  /home/toolchain/development/libcxx_runtime_validation/codes/llvm/libcxx/include/__type_traits/make_unsigned.h \
  /home/toolchain/development/libcxx_runtime_validation/codes/llvm/libcxx/include/__type_traits/is_unsigned.h \
  /home/toolchain/development/libcxx_runtime_validation/codes/llvm/libcxx/include/__string/constexpr_c_functions.h \
  /home/toolchain/development/libcxx_runtime_validation/codes/llvm/libcxx/include/__memory/construct_at.h \
  /home/toolchain/development/libcxx_runtime_validation/codes/llvm/libcxx/include/__new/placement_new_delete.h \
  /home/toolchain/development/libcxx_runtime_validation/codes/llvm/libcxx/include/__type_traits/datasizeof.h \
  /home/toolchain/development/libcxx_runtime_validation/codes/llvm/libcxx/include/__type_traits/is_always_bitcastable.h \
  /home/toolchain/development/libcxx_runtime_validation/codes/llvm/libcxx/include/__type_traits/is_trivially_copyable.h \
  /home/toolchain/development/libcxx_runtime_validation/codes/llvm/libcxx/include/cstdint \
  /home/toolchain/development/libc++_replacement/tmp/GBS-ROOT/R32-candidates-libcxx-x86_64-20260813-02/local/BUILD-ROOTS/scratch.x86_64.0/usr/lib64/clang/22/include/stdint.h \
  /home/toolchain/development/libc++_replacement/tmp/GBS-ROOT/R32-candidates-libcxx-x86_64-20260813-02/local/BUILD-ROOTS/scratch.x86_64.0/usr/include/stdint.h \
  /home/toolchain/development/libc++_replacement/tmp/GBS-ROOT/R32-candidates-libcxx-x86_64-20260813-02/local/BUILD-ROOTS/scratch.x86_64.0/usr/include/bits/libc-header-start.h \
  /home/toolchain/development/libc++_replacement/tmp/GBS-ROOT/R32-candidates-libcxx-x86_64-20260813-02/local/BUILD-ROOTS/scratch.x86_64.0/usr/include/bits/types.h \
  /home/toolchain/development/libc++_replacement/tmp/GBS-ROOT/R32-candidates-libcxx-x86_64-20260813-02/local/BUILD-ROOTS/scratch.x86_64.0/usr/include/bits/typesizes.h \
  /home/toolchain/development/libc++_replacement/tmp/GBS-ROOT/R32-candidates-libcxx-x86_64-20260813-02/local/BUILD-ROOTS/scratch.x86_64.0/usr/include/bits/time64.h \
  /home/toolchain/development/libc++_replacement/tmp/GBS-ROOT/R32-candidates-libcxx-x86_64-20260813-02/local/BUILD-ROOTS/scratch.x86_64.0/usr/include/bits/wchar.h \
  /home/toolchain/development/libc++_replacement/tmp/GBS-ROOT/R32-candidates-libcxx-x86_64-20260813-02/local/BUILD-ROOTS/scratch.x86_64.0/usr/include/bits/stdint-intn.h \
  /home/toolchain/development/libc++_replacement/tmp/GBS-ROOT/R32-candidates-libcxx-x86_64-20260813-02/local/BUILD-ROOTS/scratch.x86_64.0/usr/include/bits/stdint-uintn.h \
  /home/toolchain/development/libc++_replacement/tmp/GBS-ROOT/R32-candidates-libcxx-x86_64-20260813-02/local/BUILD-ROOTS/scratch.x86_64.0/usr/include/bits/stdint-least.h \
  /home/toolchain/development/libcxx_runtime_validation/codes/llvm/libcxx/include/__type_traits/is_assignable.h \
  /home/toolchain/development/libcxx_runtime_validation/codes/llvm/libcxx/include/__type_traits/is_constant_evaluated.h \
  /home/toolchain/development/libcxx_runtime_validation/codes/llvm/libcxx/include/__type_traits/is_equality_comparable.h \
  /home/toolchain/development/libcxx_runtime_validation/codes/llvm/libcxx/include/__type_traits/is_trivially_lexicographically_comparable.h \
  /home/toolchain/development/libcxx_runtime_validation/codes/llvm/libcxx/include/__fwd/byte.h \
  /home/toolchain/development/libcxx_runtime_validation/codes/llvm/libcxx/include/__utility/element_count.h \
  /home/toolchain/development/libcxx_runtime_validation/codes/llvm/libcxx/include/__utility/is_pointer_in_range.h \
  /home/toolchain/development/libcxx_runtime_validation/codes/llvm/libcxx/include/__utility/is_valid_range.h \
  /home/toolchain/development/libcxx_runtime_validation/codes/llvm/libcxx/include/__type_traits/is_volatile.h \
  /home/toolchain/development/libcxx_runtime_validation/codes/llvm/libcxx/include/__algorithm/lexicographical_compare.h \
  /home/toolchain/development/libcxx_runtime_validation/codes/llvm/libcxx/include/__algorithm/mismatch.h \
  /home/toolchain/development/libcxx_runtime_validation/codes/llvm/libcxx/include/__algorithm/simd_utils.h \
  /home/toolchain/development/libcxx_runtime_validation/codes/llvm/libcxx/include/__bit/bit_cast.h \
  /home/toolchain/development/libcxx_runtime_validation/codes/llvm/libcxx/include/__bit/countl.h \
  /home/toolchain/development/libcxx_runtime_validation/codes/llvm/libcxx/include/__type_traits/integer_traits.h \
  /home/toolchain/development/libcxx_runtime_validation/codes/llvm/libcxx/include/limits \
  /home/toolchain/development/libcxx_runtime_validation/codes/llvm/libcxx/include/__bit/countr.h \
  /home/toolchain/development/libcxx_runtime_validation/codes/llvm/libcxx/include/__utility/integer_sequence.h \
  /home/toolchain/development/libcxx_runtime_validation/codes/llvm/libcxx/include/__tuple/tuple_size.h \
  /home/toolchain/development/libcxx_runtime_validation/codes/llvm/libcxx/include/__type_traits/is_const.h \
  /home/toolchain/development/libcxx_runtime_validation/codes/llvm/libcxx/include/__iterator/aliasing_iterator.h \
  /home/toolchain/development/libcxx_runtime_validation/codes/llvm/libcxx/include/__type_traits/is_trivially_constructible.h \
  /home/toolchain/development/libcxx_runtime_validation/codes/llvm/libcxx/include/__utility/pair.h \
  /home/toolchain/development/libcxx_runtime_validation/codes/llvm/libcxx/include/__compare/common_comparison_category.h \
  /home/toolchain/development/libcxx_runtime_validation/codes/llvm/libcxx/include/__compare/ordering.h \
  /home/toolchain/development/libcxx_runtime_validation/codes/llvm/libcxx/include/__compare/synth_three_way.h \
  /home/toolchain/development/libcxx_runtime_validation/codes/llvm/libcxx/include/__compare/three_way_comparable.h \
  /home/toolchain/development/libcxx_runtime_validation/codes/llvm/libcxx/include/__concepts/different_from.h \
  /home/toolchain/development/libcxx_runtime_validation/codes/llvm/libcxx/include/__fwd/array.h \
  /home/toolchain/development/libcxx_runtime_validation/codes/llvm/libcxx/include/__tuple/tuple_like_no_subrange.h \
  /home/toolchain/development/libcxx_runtime_validation/codes/llvm/libcxx/include/__fwd/complex.h \
  /home/toolchain/development/libcxx_runtime_validation/codes/llvm/libcxx/include/__type_traits/is_implicitly_default_constructible.h \
  /home/toolchain/development/libcxx_runtime_validation/codes/llvm/libcxx/include/__type_traits/is_swappable.h \
  /home/toolchain/development/libcxx_runtime_validation/codes/llvm/libcxx/include/__type_traits/is_trivially_relocatable.h \
  /home/toolchain/development/libcxx_runtime_validation/codes/llvm/libcxx/include/__type_traits/unwrap_ref.h \
  /home/toolchain/development/libcxx_runtime_validation/codes/llvm/libcxx/include/__utility/piecewise_construct.h \
  /home/toolchain/development/libcxx_runtime_validation/codes/llvm/libcxx/include/cwchar \
  /home/toolchain/development/libcxx_runtime_validation/codes/llvm/libcxx/include/cwctype \
  /home/toolchain/development/libcxx_runtime_validation/codes/llvm/libcxx/include/cctype \
  /home/toolchain/development/libcxx_runtime_validation/codes/llvm/libcxx/include/ctype.h \
  /home/toolchain/development/libc++_replacement/tmp/GBS-ROOT/R32-candidates-libcxx-x86_64-20260813-02/local/BUILD-ROOTS/scratch.x86_64.0/usr/include/ctype.h \
  /home/toolchain/development/libc++_replacement/tmp/GBS-ROOT/R32-candidates-libcxx-x86_64-20260813-02/local/BUILD-ROOTS/scratch.x86_64.0/usr/include/bits/endian.h \
  /home/toolchain/development/libc++_replacement/tmp/GBS-ROOT/R32-candidates-libcxx-x86_64-20260813-02/local/BUILD-ROOTS/scratch.x86_64.0/usr/include/bits/endianness.h \
  /home/toolchain/development/libc++_replacement/tmp/GBS-ROOT/R32-candidates-libcxx-x86_64-20260813-02/local/BUILD-ROOTS/scratch.x86_64.0/usr/include/bits/types/locale_t.h \
  /home/toolchain/development/libc++_replacement/tmp/GBS-ROOT/R32-candidates-libcxx-x86_64-20260813-02/local/BUILD-ROOTS/scratch.x86_64.0/usr/include/bits/types/__locale_t.h \
  /home/toolchain/development/libcxx_runtime_validation/codes/llvm/libcxx/include/wctype.h \
  /home/toolchain/development/libc++_replacement/tmp/GBS-ROOT/R32-candidates-libcxx-x86_64-20260813-02/local/BUILD-ROOTS/scratch.x86_64.0/usr/include/wctype.h \
  /home/toolchain/development/libc++_replacement/tmp/GBS-ROOT/R32-candidates-libcxx-x86_64-20260813-02/local/BUILD-ROOTS/scratch.x86_64.0/usr/include/bits/types/wint_t.h \
  /home/toolchain/development/libc++_replacement/tmp/GBS-ROOT/R32-candidates-libcxx-x86_64-20260813-02/local/BUILD-ROOTS/scratch.x86_64.0/usr/include/bits/wctype-wchar.h \
  /home/toolchain/development/libcxx_runtime_validation/codes/llvm/libcxx/include/wchar.h \
  /home/toolchain/development/libc++_replacement/tmp/GBS-ROOT/R32-candidates-libcxx-x86_64-20260813-02/local/BUILD-ROOTS/scratch.x86_64.0/usr/include/wchar.h \
  /home/toolchain/development/libc++_replacement/tmp/GBS-ROOT/R32-candidates-libcxx-x86_64-20260813-02/local/BUILD-ROOTS/scratch.x86_64.0/usr/include/bits/floatn.h \
  /home/toolchain/development/libc++_replacement/tmp/GBS-ROOT/R32-candidates-libcxx-x86_64-20260813-02/local/BUILD-ROOTS/scratch.x86_64.0/usr/include/bits/floatn-common.h \
  /home/toolchain/development/libcxx_runtime_validation/codes/llvm/libcxx/include/stddef.h \
  /home/toolchain/development/libc++_replacement/tmp/GBS-ROOT/R32-candidates-libcxx-x86_64-20260813-02/local/BUILD-ROOTS/scratch.x86_64.0/usr/lib64/clang/22/include/stddef.h \
  /home/toolchain/development/libc++_replacement/tmp/GBS-ROOT/R32-candidates-libcxx-x86_64-20260813-02/local/BUILD-ROOTS/scratch.x86_64.0/usr/lib64/clang/22/include/__stddef_size_t.h \
  /home/toolchain/development/libc++_replacement/tmp/GBS-ROOT/R32-candidates-libcxx-x86_64-20260813-02/local/BUILD-ROOTS/scratch.x86_64.0/usr/lib64/clang/22/include/__stddef_wchar_t.h \
  /home/toolchain/development/libc++_replacement/tmp/GBS-ROOT/R32-candidates-libcxx-x86_64-20260813-02/local/BUILD-ROOTS/scratch.x86_64.0/usr/lib64/clang/22/include/__stddef_null.h \
  /home/toolchain/development/libc++_replacement/tmp/GBS-ROOT/R32-candidates-libcxx-x86_64-20260813-02/local/BUILD-ROOTS/scratch.x86_64.0/usr/lib64/clang/22/include/stdarg.h \
  /home/toolchain/development/libc++_replacement/tmp/GBS-ROOT/R32-candidates-libcxx-x86_64-20260813-02/local/BUILD-ROOTS/scratch.x86_64.0/usr/lib64/clang/22/include/__stdarg___gnuc_va_list.h \
  /home/toolchain/development/libc++_replacement/tmp/GBS-ROOT/R32-candidates-libcxx-x86_64-20260813-02/local/BUILD-ROOTS/scratch.x86_64.0/usr/include/bits/types/mbstate_t.h \
  /home/toolchain/development/libc++_replacement/tmp/GBS-ROOT/R32-candidates-libcxx-x86_64-20260813-02/local/BUILD-ROOTS/scratch.x86_64.0/usr/include/bits/types/__mbstate_t.h \
  /home/toolchain/development/libc++_replacement/tmp/GBS-ROOT/R32-candidates-libcxx-x86_64-20260813-02/local/BUILD-ROOTS/scratch.x86_64.0/usr/include/bits/types/__FILE.h \
  /home/toolchain/development/libc++_replacement/tmp/GBS-ROOT/R32-candidates-libcxx-x86_64-20260813-02/local/BUILD-ROOTS/scratch.x86_64.0/usr/include/bits/types/FILE.h \
  /home/toolchain/development/libcxx_runtime_validation/codes/llvm/libcxx/include/__mbstate_t.h \
  /home/toolchain/development/libc++_replacement/tmp/GBS-ROOT/R32-candidates-libcxx-x86_64-20260813-02/local/BUILD-ROOTS/scratch.x86_64.0/usr/lib64/clang/22/include/__stddef_header_macro.h \
  /home/toolchain/development/libc++_replacement/tmp/GBS-ROOT/R32-candidates-libcxx-x86_64-20260813-02/local/BUILD-ROOTS/scratch.x86_64.0/usr/lib64/clang/22/include/__stddef_ptrdiff_t.h \
  /home/toolchain/development/libc++_replacement/tmp/GBS-ROOT/R32-candidates-libcxx-x86_64-20260813-02/local/BUILD-ROOTS/scratch.x86_64.0/usr/lib64/clang/22/include/__stddef_nullptr_t.h \
  /home/toolchain/development/libc++_replacement/tmp/GBS-ROOT/R32-candidates-libcxx-x86_64-20260813-02/local/BUILD-ROOTS/scratch.x86_64.0/usr/lib64/clang/22/include/__stddef_max_align_t.h \
  /home/toolchain/development/libc++_replacement/tmp/GBS-ROOT/R32-candidates-libcxx-x86_64-20260813-02/local/BUILD-ROOTS/scratch.x86_64.0/usr/lib64/clang/22/include/__stddef_offsetof.h \
  /home/toolchain/development/libcxx_runtime_validation/codes/llvm/libcxx/include/__algorithm/lexicographical_compare_three_way.h \
  /home/toolchain/development/libcxx_runtime_validation/codes/llvm/libcxx/include/__algorithm/three_way_comp_ref_type.h \
  /home/toolchain/development/libcxx_runtime_validation/codes/llvm/libcxx/include/__compare/compare_three_way.h \
  /home/toolchain/development/libcxx_runtime_validation/codes/llvm/libcxx/include/__fwd/vector.h \
  /home/toolchain/development/libcxx_runtime_validation/codes/llvm/libcxx/include/__fwd/memory.h \
  /home/toolchain/development/libcxx_runtime_validation/codes/llvm/libcxx/include/__vector/swap.h \
  /home/toolchain/development/libcxx_runtime_validation/codes/llvm/libcxx/include/__vector/vector.h \
  /home/toolchain/development/libcxx_runtime_validation/codes/llvm/libcxx/include/__algorithm/copy.h \
  /home/toolchain/development/libcxx_runtime_validation/codes/llvm/libcxx/include/__algorithm/copy_move_common.h \
  /home/toolchain/development/libcxx_runtime_validation/codes/llvm/libcxx/include/__algorithm/unwrap_range.h \
  /home/toolchain/development/libcxx_runtime_validation/codes/llvm/libcxx/include/__iterator/next.h \
  /home/toolchain/development/libcxx_runtime_validation/codes/llvm/libcxx/include/__iterator/advance.h \
  /home/toolchain/development/libcxx_runtime_validation/codes/llvm/libcxx/include/__utility/convert_to_integral.h \
  /home/toolchain/development/libcxx_runtime_validation/codes/llvm/libcxx/include/__type_traits/underlying_type.h \
  /home/toolchain/development/libcxx_runtime_validation/codes/llvm/libcxx/include/__utility/unreachable.h \
  /home/toolchain/development/libcxx_runtime_validation/codes/llvm/libcxx/include/__type_traits/is_trivially_assignable.h \
  /home/toolchain/development/libcxx_runtime_validation/codes/llvm/libcxx/include/__algorithm/specialized_algorithms.h \
  /home/toolchain/development/libcxx_runtime_validation/codes/llvm/libcxx/include/__algorithm/copy_n.h \
  /home/toolchain/development/libcxx_runtime_validation/codes/llvm/libcxx/include/__algorithm/iterator_operations.h \
  /home/toolchain/development/libcxx_runtime_validation/codes/llvm/libcxx/include/__algorithm/iter_swap.h \
  /home/toolchain/development/libcxx_runtime_validation/codes/llvm/libcxx/include/__utility/swap.h \
  /home/toolchain/development/libcxx_runtime_validation/codes/llvm/libcxx/include/__algorithm/ranges_iterator_concept.h \
  /home/toolchain/development/libcxx_runtime_validation/codes/llvm/libcxx/include/__iterator/iter_swap.h \
  /home/toolchain/development/libcxx_runtime_validation/codes/llvm/libcxx/include/__iterator/prev.h \
  /home/toolchain/development/libcxx_runtime_validation/codes/llvm/libcxx/include/__algorithm/fill_n.h \
  /home/toolchain/development/libcxx_runtime_validation/codes/llvm/libcxx/include/__algorithm/for_each_n_segment.h \
  /home/toolchain/development/libcxx_runtime_validation/codes/llvm/libcxx/include/__algorithm/max.h \
  /home/toolchain/development/libcxx_runtime_validation/codes/llvm/libcxx/include/__algorithm/max_element.h \
  /home/toolchain/development/libcxx_runtime_validation/codes/llvm/libcxx/include/__algorithm/move.h \
  /home/toolchain/development/libcxx_runtime_validation/codes/llvm/libcxx/include/__algorithm/move_backward.h \
  /home/toolchain/development/libcxx_runtime_validation/codes/llvm/libcxx/include/__algorithm/copy_backward.h \
  /home/toolchain/development/libcxx_runtime_validation/codes/llvm/libcxx/include/__algorithm/rotate.h \
  /home/toolchain/development/libcxx_runtime_validation/codes/llvm/libcxx/include/__algorithm/swap_ranges.h \
  /home/toolchain/development/libcxx_runtime_validation/codes/llvm/libcxx/include/__debug_utils/sanitizers.h \
  /home/toolchain/development/libcxx_runtime_validation/codes/llvm/libcxx/include/__format/enable_insertable.h \
  /home/toolchain/development/libcxx_runtime_validation/codes/llvm/libcxx/include/__iterator/bounded_iter.h \
  /home/toolchain/development/libcxx_runtime_validation/codes/llvm/libcxx/include/__iterator/move_iterator.h \
  /home/toolchain/development/libcxx_runtime_validation/codes/llvm/libcxx/include/__compare/compare_three_way_result.h \
  /home/toolchain/development/libcxx_runtime_validation/codes/llvm/libcxx/include/__iterator/move_sentinel.h \
  /home/toolchain/development/libcxx_runtime_validation/codes/llvm/libcxx/include/__iterator/reverse_iterator.h \
  /home/toolchain/development/libcxx_runtime_validation/codes/llvm/libcxx/include/__iterator/iterator.h \
  /home/toolchain/development/libcxx_runtime_validation/codes/llvm/libcxx/include/__ranges/subrange.h \
  /home/toolchain/development/libcxx_runtime_validation/codes/llvm/libcxx/include/__fwd/subrange.h \
  /home/toolchain/development/libcxx_runtime_validation/codes/llvm/libcxx/include/__ranges/dangling.h \
  /home/toolchain/development/libcxx_runtime_validation/codes/llvm/libcxx/include/__ranges/view_interface.h \
  /home/toolchain/development/libcxx_runtime_validation/codes/llvm/libcxx/include/__ranges/empty.h \
  /home/toolchain/development/libcxx_runtime_validation/codes/llvm/libcxx/include/__iterator/wrap_iter.h \
  /home/toolchain/development/libcxx_runtime_validation/codes/llvm/libcxx/include/__memory/allocate_at_least.h \
  /home/toolchain/development/libcxx_runtime_validation/codes/llvm/libcxx/include/__memory/allocator_traits.h \
  /home/toolchain/development/libcxx_runtime_validation/codes/llvm/libcxx/include/__type_traits/is_empty.h \
  /home/toolchain/development/libcxx_runtime_validation/codes/llvm/libcxx/include/__memory/allocator.h \
  /home/toolchain/development/libcxx_runtime_validation/codes/llvm/libcxx/include/__new/allocate.h \
  /home/toolchain/development/libcxx_runtime_validation/codes/llvm/libcxx/include/__cstddef/max_align_t.h \
  /home/toolchain/development/libcxx_runtime_validation/codes/llvm/libcxx/include/__new/align_val_t.h \
  /home/toolchain/development/libcxx_runtime_validation/codes/llvm/libcxx/include/__new/exceptions.h \
  /home/toolchain/development/libcxx_runtime_validation/codes/llvm/libcxx/include/__exception/exception.h \
  /home/toolchain/development/libcxx_runtime_validation/codes/llvm/libcxx/include/__memory/compressed_pair.h \
  /home/toolchain/development/libcxx_runtime_validation/codes/llvm/libcxx/include/__type_traits/is_final.h \
  /home/toolchain/development/libcxx_runtime_validation/codes/llvm/libcxx/include/__memory/noexcept_move_assign_container.h \
  /home/toolchain/development/libcxx_runtime_validation/codes/llvm/libcxx/include/__memory/swap_allocator.h \
  /home/toolchain/development/libcxx_runtime_validation/codes/llvm/libcxx/include/__memory/temp_value.h \
  /home/toolchain/development/libcxx_runtime_validation/codes/llvm/libcxx/include/__memory/uninitialized_algorithms.h \
  /home/toolchain/development/libcxx_runtime_validation/codes/llvm/libcxx/include/__memory/destroy.h \
  /home/toolchain/development/libcxx_runtime_validation/codes/llvm/libcxx/include/__utility/exception_guard.h \
  /home/toolchain/development/libcxx_runtime_validation/codes/llvm/libcxx/include/__ranges/as_rvalue_view.h \
  /home/toolchain/development/libcxx_runtime_validation/codes/llvm/libcxx/include/__ranges/all.h \
  /home/toolchain/development/libcxx_runtime_validation/codes/llvm/libcxx/include/__functional/compose.h \
  /home/toolchain/development/libcxx_runtime_validation/codes/llvm/libcxx/include/__functional/perfect_forward.h \
  /home/toolchain/development/libcxx_runtime_validation/codes/llvm/libcxx/include/tuple \
  /home/toolchain/development/libcxx_runtime_validation/codes/llvm/libcxx/include/__fwd/get.h \
  /home/toolchain/development/libcxx_runtime_validation/codes/llvm/libcxx/include/__fwd/variant.h \
  /home/toolchain/development/libcxx_runtime_validation/codes/llvm/libcxx/include/__memory/allocator_arg_t.h \
  /home/toolchain/development/libcxx_runtime_validation/codes/llvm/libcxx/include/__memory/uses_allocator.h \
  /home/toolchain/development/libcxx_runtime_validation/codes/llvm/libcxx/include/__tuple/find_index.h \
  /home/toolchain/development/libcxx_runtime_validation/codes/llvm/libcxx/include/__tuple/ignore.h \
  /home/toolchain/development/libcxx_runtime_validation/codes/llvm/libcxx/include/__tuple/tuple_like.h \
  /home/toolchain/development/libcxx_runtime_validation/codes/llvm/libcxx/include/__type_traits/lazy.h \
  /home/toolchain/development/libcxx_runtime_validation/codes/llvm/libcxx/include/__type_traits/maybe_const.h \
  /home/toolchain/development/libcxx_runtime_validation/codes/llvm/libcxx/include/__type_traits/negation.h \
  /home/toolchain/development/libcxx_runtime_validation/codes/llvm/libcxx/include/__type_traits/reference_constructs_from_temporary.h \
  /home/toolchain/development/libcxx_runtime_validation/codes/llvm/libcxx/include/compare \
  /home/toolchain/development/libcxx_runtime_validation/codes/llvm/libcxx/include/__compare/compare_partial_order_fallback.h \
  /home/toolchain/development/libcxx_runtime_validation/codes/llvm/libcxx/include/__compare/partial_order.h \
  /home/toolchain/development/libcxx_runtime_validation/codes/llvm/libcxx/include/__compare/weak_order.h \
  /home/toolchain/development/libcxx_runtime_validation/codes/llvm/libcxx/include/__compare/strong_order.h \
  /home/toolchain/development/libcxx_runtime_validation/codes/llvm/libcxx/include/__math/traits.h \
  /home/toolchain/development/libcxx_runtime_validation/codes/llvm/libcxx/include/__type_traits/promote.h \
  /home/toolchain/development/libcxx_runtime_validation/codes/llvm/libcxx/include/__utility/priority_tag.h \
  /home/toolchain/development/libcxx_runtime_validation/codes/llvm/libcxx/include/__compare/compare_strong_order_fallback.h \
  /home/toolchain/development/libcxx_runtime_validation/codes/llvm/libcxx/include/__compare/compare_weak_order_fallback.h \
  /home/toolchain/development/libcxx_runtime_validation/codes/llvm/libcxx/include/__compare/is_eq.h \
  /home/toolchain/development/libcxx_runtime_validation/codes/llvm/libcxx/include/__ranges/owning_view.h \
  /home/toolchain/development/libcxx_runtime_validation/codes/llvm/libcxx/include/__ranges/range_adaptor.h \
  /home/toolchain/development/libcxx_runtime_validation/codes/llvm/libcxx/include/__ranges/ref_view.h \
  /home/toolchain/development/libcxx_runtime_validation/codes/llvm/libcxx/include/__ranges/container_compatible_range.h \
  /home/toolchain/development/libcxx_runtime_validation/codes/llvm/libcxx/include/__ranges/from_range.h \
  /home/toolchain/development/libcxx_runtime_validation/codes/llvm/libcxx/include/__split_buffer \
  /home/toolchain/development/libcxx_runtime_validation/codes/llvm/libcxx/include/__type_traits/is_trivially_destructible.h \
  /home/toolchain/development/libcxx_runtime_validation/codes/llvm/libcxx/include/__type_traits/is_allocator.h \
  /home/toolchain/development/libcxx_runtime_validation/codes/llvm/libcxx/include/stdexcept \
  /home/toolchain/development/libcxx_runtime_validation/codes/llvm/libcxx/include/__fwd/string.h \
  /home/toolchain/development/libcxx_runtime_validation/codes/llvm/libcxx/include/__fwd/memory_resource.h \
  /home/toolchain/development/libcxx_runtime_validation/codes/llvm/libcxx/include/__vector/container_traits.h \
  /home/toolchain/development/libcxx_runtime_validation/codes/llvm/libcxx/include/__type_traits/container_traits.h \
  /home/toolchain/development/libcxx_runtime_validation/codes/llvm/libcxx/include/__vector/vector_bool.h \
  /home/toolchain/development/libcxx_runtime_validation/codes/llvm/libcxx/include/__bit_reference \
  /home/toolchain/development/libcxx_runtime_validation/codes/llvm/libcxx/include/climits \
  /home/toolchain/development/libc++_replacement/tmp/GBS-ROOT/R32-candidates-libcxx-x86_64-20260813-02/local/BUILD-ROOTS/scratch.x86_64.0/usr/lib64/clang/22/include/limits.h \
  /home/toolchain/development/libc++_replacement/tmp/GBS-ROOT/R32-candidates-libcxx-x86_64-20260813-02/local/BUILD-ROOTS/scratch.x86_64.0/usr/include/limits.h \
  /home/toolchain/development/libc++_replacement/tmp/GBS-ROOT/R32-candidates-libcxx-x86_64-20260813-02/local/BUILD-ROOTS/scratch.x86_64.0/usr/include/bits/posix1_lim.h \
  /home/toolchain/development/libc++_replacement/tmp/GBS-ROOT/R32-candidates-libcxx-x86_64-20260813-02/local/BUILD-ROOTS/scratch.x86_64.0/usr/include/bits/local_lim.h \
  /home/toolchain/development/libc++_replacement/tmp/GBS-ROOT/R32-candidates-libcxx-x86_64-20260813-02/local/BUILD-ROOTS/scratch.x86_64.0/usr/include/linux/limits.h \
  /home/toolchain/development/libc++_replacement/tmp/GBS-ROOT/R32-candidates-libcxx-x86_64-20260813-02/local/BUILD-ROOTS/scratch.x86_64.0/usr/include/bits/pthread_stack_min-dynamic.h \
  /home/toolchain/development/libc++_replacement/tmp/GBS-ROOT/R32-candidates-libcxx-x86_64-20260813-02/local/BUILD-ROOTS/scratch.x86_64.0/usr/include/bits/posix2_lim.h \
  /home/toolchain/development/libc++_replacement/tmp/GBS-ROOT/R32-candidates-libcxx-x86_64-20260813-02/local/BUILD-ROOTS/scratch.x86_64.0/usr/include/bits/xopen_lim.h \
  /home/toolchain/development/libc++_replacement/tmp/GBS-ROOT/R32-candidates-libcxx-x86_64-20260813-02/local/BUILD-ROOTS/scratch.x86_64.0/usr/include/bits/uio_lim.h \
  /home/toolchain/development/libcxx_runtime_validation/codes/llvm/libcxx/include/__functional/unary_function.h \
  /home/toolchain/development/libcxx_runtime_validation/codes/llvm/libcxx/include/__vector/pmr.h \
  /home/toolchain/development/libcxx_runtime_validation/codes/llvm/libcxx/include/__memory_resource/polymorphic_allocator.h \
  /home/toolchain/development/libcxx_runtime_validation/codes/llvm/libcxx/include/__cstddef/byte.h \
  /home/toolchain/development/libcxx_runtime_validation/codes/llvm/libcxx/include/__memory_resource/memory_resource.h \
  /home/toolchain/development/libcxx_runtime_validation/codes/llvm/libcxx/include/__vector/erase.h \
  /home/toolchain/development/libcxx_runtime_validation/codes/llvm/libcxx/include/__algorithm/remove.h \
  /home/toolchain/development/libcxx_runtime_validation/codes/llvm/libcxx/include/__algorithm/find.h \
  /home/toolchain/development/libcxx_runtime_validation/codes/llvm/libcxx/include/__algorithm/find_segment_if.h \
  /home/toolchain/development/libcxx_runtime_validation/codes/llvm/libcxx/include/__bit/invert_if.h \
  /home/toolchain/development/libcxx_runtime_validation/codes/llvm/libcxx/include/__algorithm/find_if.h \
  /home/toolchain/development/libcxx_runtime_validation/codes/llvm/libcxx/include/__algorithm/remove_if.h \
  /home/toolchain/development/libcxx_runtime_validation/codes/llvm/libcxx/include/__vector/vector_bool_formatter.h \
  /home/toolchain/development/libcxx_runtime_validation/codes/llvm/libcxx/include/__format/formatter.h \
  /home/toolchain/development/libcxx_runtime_validation/codes/llvm/libcxx/include/__fwd/format.h \
  /home/toolchain/development/libcxx_runtime_validation/codes/llvm/libcxx/include/__format/formatter_bool.h \
  /home/toolchain/development/libcxx_runtime_validation/codes/llvm/libcxx/include/__format/concepts.h \
  /home/toolchain/development/libcxx_runtime_validation/codes/llvm/libcxx/include/__format/format_parse_context.h \
  /home/toolchain/development/libcxx_runtime_validation/codes/llvm/libcxx/include/__format/format_error.h \
  /home/toolchain/development/libcxx_runtime_validation/codes/llvm/libcxx/include/string_view \
  /home/toolchain/development/libcxx_runtime_validation/codes/llvm/libcxx/include/__cstddef/nullptr_t.h \
  /home/toolchain/development/libcxx_runtime_validation/codes/llvm/libcxx/include/__functional/hash.h \
  /home/toolchain/development/libcxx_runtime_validation/codes/llvm/libcxx/include/__type_traits/is_unqualified.h \
  /home/toolchain/development/libcxx_runtime_validation/codes/llvm/libcxx/include/cstring \
  /home/toolchain/development/libcxx_runtime_validation/codes/llvm/libcxx/include/string.h \
  /home/toolchain/development/libc++_replacement/tmp/GBS-ROOT/R32-candidates-libcxx-x86_64-20260813-02/local/BUILD-ROOTS/scratch.x86_64.0/usr/include/string.h \
  /home/toolchain/development/libc++_replacement/tmp/GBS-ROOT/R32-candidates-libcxx-x86_64-20260813-02/local/BUILD-ROOTS/scratch.x86_64.0/usr/include/strings.h \
  /home/toolchain/development/libcxx_runtime_validation/codes/llvm/libcxx/include/__fwd/ostream.h \
  /home/toolchain/development/libcxx_runtime_validation/codes/llvm/libcxx/include/__fwd/string_view.h \
  /home/toolchain/development/libcxx_runtime_validation/codes/llvm/libcxx/include/__string/char_traits.h \
  /home/toolchain/development/libcxx_runtime_validation/codes/llvm/libcxx/include/__algorithm/find_end.h \
  /home/toolchain/development/libcxx_runtime_validation/codes/llvm/libcxx/include/__algorithm/find_first_of.h \
  /home/toolchain/development/libcxx_runtime_validation/codes/llvm/libcxx/include/__std_mbstate_t.h \
  /home/toolchain/development/libcxx_runtime_validation/codes/llvm/libcxx/include/cstdio \
  /home/toolchain/development/libcxx_runtime_validation/codes/llvm/libcxx/include/stdio.h \
  /home/toolchain/development/libc++_replacement/tmp/GBS-ROOT/R32-candidates-libcxx-x86_64-20260813-02/local/BUILD-ROOTS/scratch.x86_64.0/usr/include/stdio.h \
  /home/toolchain/development/libc++_replacement/tmp/GBS-ROOT/R32-candidates-libcxx-x86_64-20260813-02/local/BUILD-ROOTS/scratch.x86_64.0/usr/include/bits/types/__fpos_t.h \
  /home/toolchain/development/libc++_replacement/tmp/GBS-ROOT/R32-candidates-libcxx-x86_64-20260813-02/local/BUILD-ROOTS/scratch.x86_64.0/usr/include/bits/types/__fpos64_t.h \
  /home/toolchain/development/libc++_replacement/tmp/GBS-ROOT/R32-candidates-libcxx-x86_64-20260813-02/local/BUILD-ROOTS/scratch.x86_64.0/usr/include/bits/types/struct_FILE.h \
  /home/toolchain/development/libc++_replacement/tmp/GBS-ROOT/R32-candidates-libcxx-x86_64-20260813-02/local/BUILD-ROOTS/scratch.x86_64.0/usr/include/bits/types/cookie_io_functions_t.h \
  /home/toolchain/development/libc++_replacement/tmp/GBS-ROOT/R32-candidates-libcxx-x86_64-20260813-02/local/BUILD-ROOTS/scratch.x86_64.0/usr/include/bits/stdio_lim.h \
  /home/toolchain/development/libcxx_runtime_validation/codes/llvm/libcxx/include/iosfwd \
  /home/toolchain/development/libcxx_runtime_validation/codes/llvm/libcxx/include/__fwd/fstream.h \
  /home/toolchain/development/libcxx_runtime_validation/codes/llvm/libcxx/include/__fwd/ios.h \
  /home/toolchain/development/libcxx_runtime_validation/codes/llvm/libcxx/include/__fwd/istream.h \
  /home/toolchain/development/libcxx_runtime_validation/codes/llvm/libcxx/include/__fwd/sstream.h \
  /home/toolchain/development/libcxx_runtime_validation/codes/llvm/libcxx/include/__fwd/streambuf.h \
  /home/toolchain/development/libcxx_runtime_validation/codes/llvm/libcxx/include/__type_traits/is_standard_layout.h \
  /home/toolchain/development/libcxx_runtime_validation/codes/llvm/libcxx/include/__iterator/access.h \
  /home/toolchain/development/libcxx_runtime_validation/codes/llvm/libcxx/include/__iterator/data.h \
  /home/toolchain/development/libcxx_runtime_validation/codes/llvm/libcxx/include/__iterator/empty.h \
  /home/toolchain/development/libcxx_runtime_validation/codes/llvm/libcxx/include/__iterator/reverse_access.h \
  /home/toolchain/development/libcxx_runtime_validation/codes/llvm/libcxx/include/__iterator/size.h \
  /home/toolchain/development/libcxx_runtime_validation/codes/llvm/libcxx/include/__format/formatter_integral.h \
  /home/toolchain/development/libcxx_runtime_validation/codes/llvm/libcxx/include/__charconv/to_chars_integral.h \
  /home/toolchain/development/libcxx_runtime_validation/codes/llvm/libcxx/include/__charconv/tables.h \
  /home/toolchain/development/libcxx_runtime_validation/codes/llvm/libcxx/include/__charconv/to_chars_base_10.h \
  /home/toolchain/development/libcxx_runtime_validation/codes/llvm/libcxx/include/__charconv/to_chars_result.h \
  /home/toolchain/development/libcxx_runtime_validation/codes/llvm/libcxx/include/__system_error/errc.h \
  /home/toolchain/development/libcxx_runtime_validation/codes/llvm/libcxx/include/cerrno \
  /home/toolchain/development/libcxx_runtime_validation/codes/llvm/libcxx/include/errno.h \
  /home/toolchain/development/libc++_replacement/tmp/GBS-ROOT/R32-candidates-libcxx-x86_64-20260813-02/local/BUILD-ROOTS/scratch.x86_64.0/usr/include/errno.h \
  /home/toolchain/development/libc++_replacement/tmp/GBS-ROOT/R32-candidates-libcxx-x86_64-20260813-02/local/BUILD-ROOTS/scratch.x86_64.0/usr/include/bits/errno.h \
  /home/toolchain/development/libc++_replacement/tmp/GBS-ROOT/R32-candidates-libcxx-x86_64-20260813-02/local/BUILD-ROOTS/scratch.x86_64.0/usr/include/linux/errno.h \
  /home/toolchain/development/libc++_replacement/tmp/GBS-ROOT/R32-candidates-libcxx-x86_64-20260813-02/local/BUILD-ROOTS/scratch.x86_64.0/usr/include/asm/errno.h \
  /home/toolchain/development/libc++_replacement/tmp/GBS-ROOT/R32-candidates-libcxx-x86_64-20260813-02/local/BUILD-ROOTS/scratch.x86_64.0/usr/include/asm-generic/errno.h \
  /home/toolchain/development/libc++_replacement/tmp/GBS-ROOT/R32-candidates-libcxx-x86_64-20260813-02/local/BUILD-ROOTS/scratch.x86_64.0/usr/include/asm-generic/errno-base.h \
  /home/toolchain/development/libc++_replacement/tmp/GBS-ROOT/R32-candidates-libcxx-x86_64-20260813-02/local/BUILD-ROOTS/scratch.x86_64.0/usr/include/bits/types/error_t.h \
  /home/toolchain/development/libcxx_runtime_validation/codes/llvm/libcxx/include/__charconv/traits.h \
  /home/toolchain/development/libcxx_runtime_validation/codes/llvm/libcxx/include/__type_traits/make_32_64_or_128_bit.h \
  /home/toolchain/development/libcxx_runtime_validation/codes/llvm/libcxx/include/__format/formatter_output.h \
  /home/toolchain/development/libcxx_runtime_validation/codes/llvm/libcxx/include/__algorithm/ranges_copy.h \
  /home/toolchain/development/libcxx_runtime_validation/codes/llvm/libcxx/include/__algorithm/in_out_result.h \
  /home/toolchain/development/libcxx_runtime_validation/codes/llvm/libcxx/include/__algorithm/ranges_fill_n.h \
  /home/toolchain/development/libcxx_runtime_validation/codes/llvm/libcxx/include/__algorithm/ranges_transform.h \
  /home/toolchain/development/libcxx_runtime_validation/codes/llvm/libcxx/include/__algorithm/in_in_out_result.h \
  /home/toolchain/development/libcxx_runtime_validation/codes/llvm/libcxx/include/__iterator/projected.h \
  /home/toolchain/development/libcxx_runtime_validation/codes/llvm/libcxx/include/__format/buffer.h \
  /home/toolchain/development/libcxx_runtime_validation/codes/llvm/libcxx/include/__algorithm/transform.h \
  /home/toolchain/development/libcxx_runtime_validation/codes/llvm/libcxx/include/__format/format_to_n_result.h \
  /home/toolchain/development/libcxx_runtime_validation/codes/llvm/libcxx/include/__iterator/back_insert_iterator.h \
  /home/toolchain/development/libcxx_runtime_validation/codes/llvm/libcxx/include/__format/parser_std_format_spec.h \
  /home/toolchain/development/libcxx_runtime_validation/codes/llvm/libcxx/include/__format/format_arg.h \
  /home/toolchain/development/libcxx_runtime_validation/codes/llvm/libcxx/include/__variant/monostate.h \
  /home/toolchain/development/libcxx_runtime_validation/codes/llvm/libcxx/include/__format/format_string.h \
  /home/toolchain/development/libcxx_runtime_validation/codes/llvm/libcxx/include/__format/unicode.h \
  /home/toolchain/development/libcxx_runtime_validation/codes/llvm/libcxx/include/__format/extended_grapheme_cluster_table.h \
  /home/toolchain/development/libcxx_runtime_validation/codes/llvm/libcxx/include/__algorithm/upper_bound.h \
  /home/toolchain/development/libcxx_runtime_validation/codes/llvm/libcxx/include/__algorithm/half_positive.h \
  /home/toolchain/development/libcxx_runtime_validation/codes/llvm/libcxx/include/__format/indic_conjunct_break_table.h \
  /home/toolchain/development/libcxx_runtime_validation/codes/llvm/libcxx/include/__format/width_estimation_table.h \
  /home/toolchain/development/libcxx_runtime_validation/codes/llvm/libcxx/include/string \
  /home/toolchain/development/libcxx_runtime_validation/codes/llvm/libcxx/include/__functional/is_transparent.h \
  /home/toolchain/development/libcxx_runtime_validation/codes/llvm/libcxx/include/__string/extern_template_lists.h \
  /home/toolchain/development/libcxx_runtime_validation/codes/llvm/libcxx/include/__utility/default_three_way_comparator.h \
  /home/toolchain/development/libcxx_runtime_validation/codes/llvm/libcxx/include/__utility/no_destroy.h \
  /home/toolchain/development/libcxx_runtime_validation/codes/llvm/libcxx/include/__utility/scope_guard.h \
  /home/toolchain/development/libcxx_runtime_validation/codes/llvm/libcxx/include/array \
  /home/toolchain/development/libcxx_runtime_validation/codes/llvm/libcxx/include/__iterator/static_bounded_iter.h \
  /home/toolchain/development/libcxx_runtime_validation/codes/llvm/libcxx/include/__tuple/sfinae_helpers.h \
  /home/toolchain/development/libcxx_runtime_validation/codes/llvm/libcxx/include/__locale \
  /home/toolchain/development/libcxx_runtime_validation/codes/llvm/libcxx/include/__locale_dir/locale_base_api.h \
  /home/toolchain/development/libcxx_runtime_validation/codes/llvm/libcxx/include/__locale_dir/support/linux.h \
  /home/toolchain/development/libcxx_runtime_validation/codes/llvm/libcxx/include/clocale \
  /home/toolchain/development/libc++_replacement/tmp/GBS-ROOT/R32-candidates-libcxx-x86_64-20260813-02/local/BUILD-ROOTS/scratch.x86_64.0/usr/include/locale.h \
  /home/toolchain/development/libc++_replacement/tmp/GBS-ROOT/R32-candidates-libcxx-x86_64-20260813-02/local/BUILD-ROOTS/scratch.x86_64.0/usr/include/bits/locale.h \
  /home/toolchain/development/libcxx_runtime_validation/codes/llvm/libcxx/include/cstdlib \
  /home/toolchain/development/libcxx_runtime_validation/codes/llvm/libcxx/include/stdlib.h \
  /home/toolchain/development/libc++_replacement/tmp/GBS-ROOT/R32-candidates-libcxx-x86_64-20260813-02/local/BUILD-ROOTS/scratch.x86_64.0/usr/include/stdlib.h \
  /home/toolchain/development/libc++_replacement/tmp/GBS-ROOT/R32-candidates-libcxx-x86_64-20260813-02/local/BUILD-ROOTS/scratch.x86_64.0/usr/include/bits/waitflags.h \
  /home/toolchain/development/libc++_replacement/tmp/GBS-ROOT/R32-candidates-libcxx-x86_64-20260813-02/local/BUILD-ROOTS/scratch.x86_64.0/usr/include/bits/waitstatus.h \
  /home/toolchain/development/libc++_replacement/tmp/GBS-ROOT/R32-candidates-libcxx-x86_64-20260813-02/local/BUILD-ROOTS/scratch.x86_64.0/usr/include/sys/types.h \
  /home/toolchain/development/libc++_replacement/tmp/GBS-ROOT/R32-candidates-libcxx-x86_64-20260813-02/local/BUILD-ROOTS/scratch.x86_64.0/usr/include/bits/types/clock_t.h \
  /home/toolchain/development/libc++_replacement/tmp/GBS-ROOT/R32-candidates-libcxx-x86_64-20260813-02/local/BUILD-ROOTS/scratch.x86_64.0/usr/include/bits/types/clockid_t.h \
  /home/toolchain/development/libc++_replacement/tmp/GBS-ROOT/R32-candidates-libcxx-x86_64-20260813-02/local/BUILD-ROOTS/scratch.x86_64.0/usr/include/bits/types/time_t.h \
  /home/toolchain/development/libc++_replacement/tmp/GBS-ROOT/R32-candidates-libcxx-x86_64-20260813-02/local/BUILD-ROOTS/scratch.x86_64.0/usr/include/bits/types/timer_t.h \
  /home/toolchain/development/libc++_replacement/tmp/GBS-ROOT/R32-candidates-libcxx-x86_64-20260813-02/local/BUILD-ROOTS/scratch.x86_64.0/usr/include/endian.h \
  /home/toolchain/development/libc++_replacement/tmp/GBS-ROOT/R32-candidates-libcxx-x86_64-20260813-02/local/BUILD-ROOTS/scratch.x86_64.0/usr/include/bits/byteswap.h \
  /home/toolchain/development/libc++_replacement/tmp/GBS-ROOT/R32-candidates-libcxx-x86_64-20260813-02/local/BUILD-ROOTS/scratch.x86_64.0/usr/include/bits/uintn-identity.h \
  /home/toolchain/development/libc++_replacement/tmp/GBS-ROOT/R32-candidates-libcxx-x86_64-20260813-02/local/BUILD-ROOTS/scratch.x86_64.0/usr/include/sys/select.h \
  /home/toolchain/development/libc++_replacement/tmp/GBS-ROOT/R32-candidates-libcxx-x86_64-20260813-02/local/BUILD-ROOTS/scratch.x86_64.0/usr/include/bits/select.h \
  /home/toolchain/development/libc++_replacement/tmp/GBS-ROOT/R32-candidates-libcxx-x86_64-20260813-02/local/BUILD-ROOTS/scratch.x86_64.0/usr/include/bits/types/sigset_t.h \
  /home/toolchain/development/libc++_replacement/tmp/GBS-ROOT/R32-candidates-libcxx-x86_64-20260813-02/local/BUILD-ROOTS/scratch.x86_64.0/usr/include/bits/types/__sigset_t.h \
  /home/toolchain/development/libc++_replacement/tmp/GBS-ROOT/R32-candidates-libcxx-x86_64-20260813-02/local/BUILD-ROOTS/scratch.x86_64.0/usr/include/bits/types/struct_timeval.h \
  /home/toolchain/development/libc++_replacement/tmp/GBS-ROOT/R32-candidates-libcxx-x86_64-20260813-02/local/BUILD-ROOTS/scratch.x86_64.0/usr/include/bits/types/struct_timespec.h \
  /home/toolchain/development/libc++_replacement/tmp/GBS-ROOT/R32-candidates-libcxx-x86_64-20260813-02/local/BUILD-ROOTS/scratch.x86_64.0/usr/include/bits/pthreadtypes.h \
  /home/toolchain/development/libc++_replacement/tmp/GBS-ROOT/R32-candidates-libcxx-x86_64-20260813-02/local/BUILD-ROOTS/scratch.x86_64.0/usr/include/bits/thread-shared-types.h \
  /home/toolchain/development/libc++_replacement/tmp/GBS-ROOT/R32-candidates-libcxx-x86_64-20260813-02/local/BUILD-ROOTS/scratch.x86_64.0/usr/include/bits/pthreadtypes-arch.h \
  /home/toolchain/development/libc++_replacement/tmp/GBS-ROOT/R32-candidates-libcxx-x86_64-20260813-02/local/BUILD-ROOTS/scratch.x86_64.0/usr/include/bits/atomic_wide_counter.h \
  /home/toolchain/development/libc++_replacement/tmp/GBS-ROOT/R32-candidates-libcxx-x86_64-20260813-02/local/BUILD-ROOTS/scratch.x86_64.0/usr/include/bits/struct_mutex.h \
  /home/toolchain/development/libc++_replacement/tmp/GBS-ROOT/R32-candidates-libcxx-x86_64-20260813-02/local/BUILD-ROOTS/scratch.x86_64.0/usr/include/bits/struct_rwlock.h \
  /home/toolchain/development/libc++_replacement/tmp/GBS-ROOT/R32-candidates-libcxx-x86_64-20260813-02/local/BUILD-ROOTS/scratch.x86_64.0/usr/include/alloca.h \
  /home/toolchain/development/libc++_replacement/tmp/GBS-ROOT/R32-candidates-libcxx-x86_64-20260813-02/local/BUILD-ROOTS/scratch.x86_64.0/usr/include/bits/stdlib-float.h \
  /home/toolchain/development/libcxx_runtime_validation/codes/llvm/libcxx/include/__math/abs.h \
  /home/toolchain/development/libc++_replacement/tmp/GBS-ROOT/R32-candidates-libcxx-x86_64-20260813-02/local/BUILD-ROOTS/scratch.x86_64.0/usr/lib64/clang/22/include/__stdarg_header_macro.h \
  /home/toolchain/development/libc++_replacement/tmp/GBS-ROOT/R32-candidates-libcxx-x86_64-20260813-02/local/BUILD-ROOTS/scratch.x86_64.0/usr/lib64/clang/22/include/__stdarg_va_list.h \
  /home/toolchain/development/libc++_replacement/tmp/GBS-ROOT/R32-candidates-libcxx-x86_64-20260813-02/local/BUILD-ROOTS/scratch.x86_64.0/usr/lib64/clang/22/include/__stdarg_va_arg.h \
  /home/toolchain/development/libc++_replacement/tmp/GBS-ROOT/R32-candidates-libcxx-x86_64-20260813-02/local/BUILD-ROOTS/scratch.x86_64.0/usr/lib64/clang/22/include/__stdarg___va_copy.h \
  /home/toolchain/development/libc++_replacement/tmp/GBS-ROOT/R32-candidates-libcxx-x86_64-20260813-02/local/BUILD-ROOTS/scratch.x86_64.0/usr/lib64/clang/22/include/__stdarg_va_copy.h \
  /home/toolchain/development/libc++_replacement/tmp/GBS-ROOT/R32-candidates-libcxx-x86_64-20260813-02/local/BUILD-ROOTS/scratch.x86_64.0/usr/include/time.h \
  /home/toolchain/development/libc++_replacement/tmp/GBS-ROOT/R32-candidates-libcxx-x86_64-20260813-02/local/BUILD-ROOTS/scratch.x86_64.0/usr/include/bits/time.h \
  /home/toolchain/development/libc++_replacement/tmp/GBS-ROOT/R32-candidates-libcxx-x86_64-20260813-02/local/BUILD-ROOTS/scratch.x86_64.0/usr/include/bits/timex.h \
  /home/toolchain/development/libc++_replacement/tmp/GBS-ROOT/R32-candidates-libcxx-x86_64-20260813-02/local/BUILD-ROOTS/scratch.x86_64.0/usr/include/bits/types/struct_tm.h \
  /home/toolchain/development/libc++_replacement/tmp/GBS-ROOT/R32-candidates-libcxx-x86_64-20260813-02/local/BUILD-ROOTS/scratch.x86_64.0/usr/include/bits/types/struct_itimerspec.h \
  /home/toolchain/development/libcxx_runtime_validation/codes/llvm/libcxx/include/__memory/shared_count.h \
  /home/toolchain/development/libcxx_runtime_validation/codes/llvm/libcxx/include/typeinfo \
  /home/toolchain/development/libcxx_runtime_validation/codes/llvm/libcxx/include/__mutex/once_flag.h \
  /home/toolchain/development/libcxx_runtime_validation/codes/llvm/libcxx/include/__utility/private_constructor_tag.h \
  /home/toolchain/development/libcxx_runtime_validation/codes/llvm/libcxx/include/cstddef
