repo_id	name	sourcerpm	arch	category	rpm_sha256	path	scope	status	file_sha256	rpm_digest	form	cpp_signal	extern_c_marker	private_path	public_marker	evidence_line	evidence	cache_path
base_binary	abseil-cpp-devel	abseil-cpp-20250814.1-1.2.src.rpm	x86_64	OTHER	efa070c850073cd078cc88ce47009cbf5f3b61621d46d54b0f4d6976d73995b2	/usr/include/absl/algorithm/algorithm.h	INCLUDE_TREE	PASS	28dbb3c76247037cd74f54a952b060cdb6b36dc19dd2ebb24d18c8a81133a370	28dbb3c76247037cd74f54a952b060cdb6b36dc19dd2ebb24d18c8a81133a370	CPP_DECLARATION_SIGNAL	namespace	NO	NO	NO	31	namespace absl {	/home/toolchain/development/libc++_replacement/tmp/R11/extracted/ef/efa070c850073cd078cc88ce47009cbf5f3b61621d46d54b0f4d6976d73995b2/usr/include/absl/algorithm/algorithm.h
base_binary	abseil-cpp-devel	abseil-cpp-20250814.1-1.2.src.rpm	x86_64	OTHER	efa070c850073cd078cc88ce47009cbf5f3b61621d46d54b0f4d6976d73995b2	/usr/include/absl/algorithm/container.h	INCLUDE_TREE	PASS	00af016317c982cfeba331fe30666092106649ab12f0e5486f98700e5c8251d9	00af016317c982cfeba331fe30666092106649ab12f0e5486f98700e5c8251d9	CPP_DECLARATION_SIGNAL	namespace	NO	NO	NO	59	namespace absl {	/home/toolchain/development/libc++_replacement/tmp/R11/extracted/ef/efa070c850073cd078cc88ce47009cbf5f3b61621d46d54b0f4d6976d73995b2/usr/include/absl/algorithm/container.h
base_binary	abseil-cpp-devel	abseil-cpp-20250814.1-1.2.src.rpm	x86_64	OTHER	efa070c850073cd078cc88ce47009cbf5f3b61621d46d54b0f4d6976d73995b2	/usr/include/absl/base/attributes.h	INCLUDE_TREE	PASS	260ffe946f1a16acf2251aabe7e4af9159a56d056c6e00ad8e9f6aa649ad734a	260ffe946f1a16acf2251aabe7e4af9159a56d056c6e00ad8e9f6aa649ad734a	CPP_DECLARATION_SIGNAL	cpp_keyword	NO	NO	NO	754	#define ABSL_CONST_INIT constinit	/home/toolchain/development/libc++_replacement/tmp/R11/extracted/ef/efa070c850073cd078cc88ce47009cbf5f3b61621d46d54b0f4d6976d73995b2/usr/include/absl/base/attributes.h
repo_id	name	arch	epoch	version	release	sourcerpm	checksum	devel_name	header_paths	include_header_paths	category	available_arches	header_path_sets_equal	variant_count	scan_status	detail	rpm_sha256_actual	summary	rpm_group	c_shape_headers	cpp_signal_headers	unresolved_headers	unavailable_headers	private_path_headers	public_marker_headers	rpm_url
base_binary	abseil-cpp-devel	x86_64	0	20250814.1	1.2	abseil-cpp-20250814.1-1.2.src.rpm	efa070c850073cd078cc88ce47009cbf5f3b61621d46d54b0f4d6976d73995b2	YES	382	382	OTHER	aarch64,armv7l,x86_64	YES	3	PASS		efa070c850073cd078cc88ce47009cbf5f3b61621d46d54b0f4d6976d73995b2	Header files for Abseil	Unspecified	3	359	20	0	247	0	https://download.tizen.org/snapshots/TIZEN/Tizen/Tizen-Base-Toolchain/reference/repos/standard/packages/x86_64/abseil-cpp-devel-20250814.1-1.2.x86_64.rpm
base_binary	autoconf213	noarch	0	2.13	1.2	autoconf213-2.13-1.2.src.rpm	07df147c24f335df90a2e1342f33b804c8ac4752b197d02ebe4c1854d90fa1c0	NO	1	0	OTHER	noarch	YES	1	PASS		07df147c24f335df90a2e1342f33b804c8ac4752b197d02ebe4c1854d90fa1c0	A GNU Tool for Automatically Configuring Source Code	Development/Tools/Building	0	0	0	0	0	0	https://download.tizen.org/snapshots/TIZEN/Tizen/Tizen-Base-Toolchain/reference/repos/standard/packages/noarch/autoconf213-2.13-1.2.noarch.rpm
dlopen_sources
elf_scan_shards
extracted
project_c2_extract
project_c2_extract_v2
repodata
rpm_conflict_test_only
rpms
source_spec_shards
source_spec_shards_v2
source_spec_shards_v3
source_specs
source_specs_v2
source_specs_v3
special_unwinder_extract
special_unwinder_extract_v2
srpms
w1_gap_material_matrix.tsv
w1_image_manifest_generation_summary.tsv
w1_image_manifest_summary.tsv
w1_image_manifest_unmatched_r11.tsv
w1_image_manifest_wbuffer_unresolved.tsv
w2_execution_methods.tsv
w2_revalidation_matrix.tsv
w3_edge_status_summary.tsv
w3_edges_90_results.tsv
w3_remaining_edges.tsv
w3_selected_edges.tsv
w3_selection_summary.tsv
#!/usr/bin/env python3
"""第一阶段：冻结 RPM 文件清单与安装头文件形态；不做接口兼容性裁决。"""
import concurrent.futures
import collections
import csv
import datetime
import gzip
import hashlib
import json
import pathlib
import re
import shlex
import stat
import subprocess
import time
import xml.etree.ElementTree as ET

ROOT = pathlib.Path.cwd()
OUT = ROOT/'docs/progress/P7_0909'
R11 = pathlib.Path('/home/toolchain/development/libc++_replacement/progress/R11')
CACHE = pathlib.Path('/home/toolchain/development/libc++_replacement/tmp/R11')
NS = {'f':'http://linux.duke.edu/metadata/filelists','r':'http://linux.duke.edu/metadata/repo'}
HEAD_EXT = {'.h','.hh','.hpp','.hxx','.ipp','.tcc','.inc','.inl','.h++'}

def load(path):
    with path.open(newline='') as f:
        return list(csv.DictReader(f,delimiter='\t'))

def write(name,fields,rows):
    p=OUT/'tables'/name;p.parent.mkdir(parents=True,exist_ok=True)
    with p.open('w',newline='') as f:
        w=csv.DictWriter(f,fieldnames=fields,delimiter='\t',lineterminator='\n',extrasaction='ignore')
        w.writeheader();w.writerows(rows)

def digest(path,algorithm='sha256'):
    h=hashlib.new(algorithm)
    with path.open('rb') as f:
        for block in iter(lambda:f.read(4*1024*1024),b''):h.update(block)
    return h.hexdigest()

def header(path):
    p=pathlib.PurePosixPath(path)
    return p.suffix.lower() in HEAD_EXT or (path.startswith('/usr/include/') and not p.suffix)

def category(row):
    name=row['name'];src=row['sourcerpm']
    if name.startswith('capi-') or src.startswith('capi-'):return 'NATIVE_CAPI_CANDIDATE'
    if re.match(r'(dali|efl(?:-|\.)|libscl-ui)',src) or 'nui' in name.lower():return 'UI_FRAMEWORK'
    if re.match(r'(chromium|lightweight-web-engine|webapi-plugins|wrt|webkit|webview|vc-webview)',src):return 'WEB_ENGINE_RELATED'
    if row['repo_id']=='unified_binary' and not re.match(r'(kernel|linux|gcc|llvm|clang|python|go-|dotnet|mono|rust|cmake|meson|swig|ninja)',src):return 'SERVICE_MIDDLEWARE_CANDIDATE'
    return 'OTHER'

TOKEN=re.compile(r'/\*.*?\*/|//[^\n]*|"(?:\\.|[^"\\])*"|\'(?:\\.|[^\'\\])*\'',re.S)
CPP=[('namespace',r'\bnamespace\b\s*(?:[A-Za-z_]\w*|\{)'),('class',r'(?<![@\w])class\s+(?:[A-Za-z_]\w*|\[)'),('template',r'\btemplate\s*<'),('std',r'\bstd\s*::'),('using_alias',r'\busing\s+\w+\s*='),('cpp_keyword',r'\b(?:constexpr|consteval|constinit|decltype|typename|noexcept)\b'),('access_specifier',r'\b(?:public|private|protected)\s*:')]
CPP=[(name,re.compile(pattern)) for name,pattern in CPP]
CDECL=re.compile(r'\btypedef\b|\b(?:struct|enum|union)\s+\w*\s*\{|\b[A-Za-z_]\w*\s*\([^;{}]*\)\s*;',re.S)

def shape(text,path):
    def clean(m):
        s=m.group();return '"C"' if s=='"C"' else ''.join('\n' if ch=='\n' else ' ' for ch in s)
    code=TOKEN.sub(clean,text)
    cpp=[(n,m.start()) for n,pattern in CPP if (m:=pattern.search(code))]
    linkage=re.search(r'\bextern\s*"C"|\b(?:__BEGIN_DECLS|G_BEGIN_DECLS|EINA_BEGIN_DECLS)\b',code)
    c=CDECL.search(code)
    if cpp:
        form='CPP_DECLARATION_SIGNAL'
        n,pos=min(cpp,key=lambda x:x[1])
    elif c and not re.search(r'@\s*(?:class|interface|protocol)\b',code):
        form='C_DECLARATION_SHAPE';n,pos='declaration',c.start()
    else:
        form='UNRESOLVED_OR_INCLUDE_MACRO_ONLY';n,pos='none',0
    private=bool(re.search(r'(^|[/_.-])(?:internal|private|integration-api|devel-api)([/_.-]|$)',path))
    public=bool(re.search(r'[@\\](?:ingroup|addtogroup)\s+CAPI_|/public-api/',text if '/public-api/' not in path else text+path))
    line=code.count('\n',0,pos)+1
    lines=text.splitlines()
    return dict(form=form,cpp_signal=n if cpp else '',extern_c_marker='YES' if linkage else 'NO',private_path='YES' if private else 'NO',public_marker='YES' if public else 'NO',evidence_line=line,evidence=lines[line-1].strip()[:600] if lines else '')

def controls():
    cases=[('c_guard.h','#ifdef __cplusplus\nextern "C" {\n#endif\nint sample_get(int h);\n#ifdef __cplusplus\n}\n#endif\n','C_DECLARATION_SHAPE'),
           ('cpp_builtin.h','class Engine { public: int width() const; };\n','CPP_DECLARATION_SIGNAL'),
           ('cpp_std.hpp','#include <string>\nstd::string name();\n','CPP_DECLARATION_SIGNAL'),
           ('comment_only_cpp.h','// class Fake { std::string x; };\n/* namespace ignored {} */\nint value(void);\n','C_DECLARATION_SHAPE'),
           ('mixed.h','extern "C" { int value(void); }\n#ifdef __cplusplus\nnamespace app { class View {}; }\n#endif\n','CPP_DECLARATION_SIGNAL'),
           ('umbrella.h','#include <real_api.h>\n#define VERSION 1\n','UNRESOLVED_OR_INCLUDE_MACRO_ONLY'),
           ('c_namespace_identifiers.h','struct record { int namespace_id; };\nvoid f(const char **namespaces);\n','C_DECLARATION_SHAPE'),
           ('objective_c_guard.h','#ifdef __OBJC__\n@class NSWindow;\n#else\ntypedef struct _NSWindow NSWindow;\n#endif\n','UNRESOLVED_OR_INCLUDE_MACRO_ONLY')]
    results=[]
    for name,text,expected in cases:
        p=OUT/'controls'/name;p.parent.mkdir(exist_ok=True);p.write_text(text)
        found=shape(text,name);assert found['form']==expected,(name,found)
        results.append(dict(name=name,expected=expected,actual=found['form'],result='PASS'))
    write('positive_controls.tsv',['name','expected','actual','result'],results)

def main():
    controls()
    records=load(R11/'tables/binary_package_records.tsv')
    downloads={r['checksum']:r for r in load(R11/'tables/binary_download_status.tsv')}
    snapshots={r['repo_id']:r for r in load(R11/'tables/snapshot_identity.tsv')}
    files_by_sha={};identities=[]
    inputs=OUT/'inputs';inputs.mkdir(exist_ok=True)
    for name in ['binary_package_records.tsv','snapshot_identity.tsv']:
        (inputs/name).write_bytes((R11/'tables'/name).read_bytes())
    for repo in ['base_binary','unified_binary']:
        repomd=CACHE/'repodata'/f'{repo}.repomd.xml'
        assert digest(repomd)==snapshots[repo]['repomd_sha256']
        (inputs/repomd.name).write_bytes(repomd.read_bytes())
        tree=ET.parse(repomd)
        expected=tree.find("r:data[@type='filelists']/r:checksum",NS)
        lists=CACHE/'repodata'/f'{repo}.filelists.xml.gz'
        assert digest(lists,expected.attrib['type'])==expected.text
        (inputs/lists.name).write_bytes(lists.read_bytes())
        identities.append(dict(repo=repo,repomd_sha256=digest(repomd),filelists_sha256=digest(lists),source=str(lists),result='MATCH_FROZEN_METADATA'))
        with gzip.open(lists,'rb') as f:
            for _,elem in ET.iterparse(f,events=('end',)):
                if elem.tag!='{'+NS['f']+'}package':continue
                sha=elem.attrib['pkgid']
                files=[(e.text,e.attrib.get('type','file')) for e in elem.findall('f:file',NS)]
                files_by_sha[sha]=files;elem.clear()
    assert all(r['checksum'] in files_by_sha for r in records)
    write('input_identity.tsv',['repo','repomd_sha256','filelists_sha256','source','result'],identities)
    groups=collections.defaultdict(list)
    all_rows=[]
    for r in records:
        paths=files_by_sha[r['checksum']]
        hs=[p for p,t in paths if t!='dir' and header(p)]
        includes=[p for p in hs if '/include/' in p or p.startswith('/usr/include/')]
        devel=bool(re.search(r'(^|-)devel(?:-|$)|(^|-)headers(?:-|$)',r['name']))
        row={**r,'devel_name':'YES' if devel else 'NO','header_paths':len(hs),'include_header_paths':len(includes),'category':category(r)}
        all_rows.append(row)
        groups[(r['repo_id'],r['name'],r['epoch'],r['version'],r['release'])].append(row)
    fields=['repo_id','name','arch','epoch','version','release','sourcerpm','checksum','devel_name','header_paths','include_header_paths','category']
    write('all_binary_records.tsv',fields,all_rows)
    priority={'x86_64':0,'noarch':1,'aarch64':2,'armv7l':3}
    selected=[];logical=[]
    for key,variants in sorted(groups.items()):
        chosen=min(variants,key=lambda r:(priority.get(r['arch'],10),r['arch']))
        paths_by_arch={r['arch']:{p for p,t in files_by_sha[r['checksum']] if t!='dir' and header(p)} for r in variants}
        union=set().union(*paths_by_arch.values());intersection=set.intersection(*paths_by_arch.values())
        row={**chosen,'available_arches':','.join(sorted(paths_by_arch)),'header_path_sets_equal':'YES' if union==intersection else 'NO','variant_count':len(variants)}
        logical.append(row)
        if chosen['header_paths'] or chosen['devel_name']=='YES':selected.append(row)
    write('logical_packages.tsv',fields+['available_arches','header_path_sets_equal','variant_count'],logical)
    write('candidate_packages_before_scan.tsv',fields+['available_arches','header_path_sets_equal','variant_count'],selected)
    print(f'FROZEN binary_records={len(records)} logical_packages={len(logical)} selected_candidates={len(selected)}',flush=True)
    header_rows=[];package_rows=[];failures=[]
    def scan(item):
        index,r=item
        sha=r['checksum'];download=downloads[sha];rpm=pathlib.Path(download['target'])
        stem=OUT/'raw'/'rpm_queries'/f'{index:04d}_{r["name"]}_{r["arch"]}'
        stem.parent.mkdir(parents=True,exist_ok=True)
        query='%{NAME}\n%{SUMMARY}\n%{GROUP}\n%{FILEDIGESTALGO}\n[%{FILENAMES}\t%{FILEMODES}\t%{FILEDIGESTS}\t%{FILELINKTOS}\n]'
        command=['rpm','-qp','--qf',query,str(rpm)]
        pathlib.Path(str(stem)+'.command.txt').write_text('cwd: '+str(ROOT)+'\ncommand: '+shlex.join(command)+'\n')
        started=datetime.datetime.now(datetime.timezone.utc).isoformat()
        try:
            p=subprocess.run(command,capture_output=True,timeout=60)
        except (OSError,subprocess.TimeoutExpired) as exc:
            pathlib.Path(str(stem)+'.stderr').write_text(str(exc));pathlib.Path(str(stem)+'.exitcode').write_text('NOT_AVAILABLE\n')
            return {**r,'scan_status':'NOT_AVAILABLE','detail':str(exc)},[],[dict(package=r['name'],path=str(rpm),reason=str(exc))]
        pathlib.Path(str(stem)+'.stdout').write_bytes(p.stdout);pathlib.Path(str(stem)+'.stderr').write_bytes(p.stderr)
