
Symbol table '.dynsym' contains 40 entries:
   Num:    Value          Size Type    Bind   Vis      Ndx Name
     0: 0000000000000000     0 NOTYPE  LOCAL  DEFAULT  UND 
     1: 0000000000000000     0 FUNC    GLOBAL DEFAULT  UND _ZSt9terminatev@GLIBCXX_3.4 (2)
     2: 0000000000000000     0 FUNC    GLOBAL DEFAULT  UND _ZSt17__throw_bad_allocv@GLIBCXX_3.4 (2)
     3: 0000000000000000     0 FUNC    GLOBAL DEFAULT  UND __cxa_begin_catch@CXXABI_1.3 (3)
     4: 0000000000000000     0 FUNC    WEAK   DEFAULT  UND __cxa_finalize@GLIBC_2.2.5 (4)
     5: 0000000000000000     0 FUNC    GLOBAL DEFAULT  UND _ZN4absl12lts_202508145Mutex4lockEv
     6: 0000000000000000     0 FUNC    GLOBAL DEFAULT  UND _ZSt20__throw_length_errorPKc@GLIBCXX_3.4 (2)
     7: 0000000000000000     0 FUNC    GLOBAL DEFAULT  UND __cxa_guard_release@CXXABI_1.3 (3)
     8: 0000000000000000     0 FUNC    GLOBAL DEFAULT  UND __assert_fail@GLIBC_2.2.5 (4)
     9: 0000000000000000     0 OBJECT  GLOBAL DEFAULT  UND _ZTVN10__cxxabiv117__class_type_infoE@CXXABI_1.3 (3)
    10: 0000000000000000     0 FUNC    GLOBAL DEFAULT  UND _ZSt28__throw_bad_array_new_lengthv@GLIBCXX_3.4.29 (5)
    11: 0000000000000000     0 FUNC    GLOBAL DEFAULT  UND memcpy@GLIBC_2.14 (6)
    12: 0000000000000000     0 FUNC    GLOBAL DEFAULT  UND _Znwm@GLIBCXX_3.4 (2)
    13: 0000000000000000     0 FUNC    GLOBAL DEFAULT  UND _ZdlPvm@CXXABI_1.3.9 (7)
    14: 0000000000000000     0 FUNC    GLOBAL DEFAULT  UND __gxx_personality_v0@CXXABI_1.3 (3)
    15: 0000000000000000     0 FUNC    GLOBAL DEFAULT  UND _ZN4absl12lts_202508145Mutex6unlockEv
    16: 0000000000000000     0 NOTYPE  WEAK   DEFAULT  UND _ITM_deregisterTMCloneTable
    17: 0000000000000000     0 FUNC    GLOBAL DEFAULT  UND _Unwind_Resume@GCC_3.0 (8)
    18: 0000000000000000     0 FUNC    GLOBAL DEFAULT  UND __cxa_guard_acquire@CXXABI_1.3 (3)
    19: 0000000000000000     0 NOTYPE  WEAK   DEFAULT  UND __gmon_start__
    20: 0000000000000000     0 NOTYPE  WEAK   DEFAULT  UND _ITM_registerTMCloneTable
    21: 000000000000244c   168 FUNC    GLOBAL DEFAULT   11 _ZN4absl12lts_2025081413cord_internal11CordzHandle6DeleteEPS2_
    22: 0000000000004d90    32 OBJECT  GLOBAL DEFAULT   19 _ZTVN4absl12lts_2025081413cord_internal11CordzHandleE
    23: 000000000000273c   156 FUNC    WEAK   DEFAULT   11 _ZNSt6vectorIPN4absl12lts_2025081413cord_internal11CordzHandleESaIS4_EE17_M_realloc_appendIJRKS4_EEEvDpOT_
    24: 0000000000002848   156 FUNC    WEAK   DEFAULT   11 _ZNSt6vectorIPKN4absl12lts_2025081413cord_internal11CordzHandleESaIS5_EE17_M_realloc_appendIJRKS5_EEEvDpOT_
    25: 00000000000028e4    70 FUNC    WEAK   DEFAULT   11 _ZNKSt6vectorIPKN4absl12lts_2025081413cord_internal11CordzHandleESaIS5_EE12_M_check_lenEmPKc
    26: 000000000000281e    42 FUNC    WEAK   DEFAULT   11 _ZNSt15__new_allocatorIPN4absl12lts_2025081413cord_internal11CordzHandleEE8allocateEmPKv
    27: 000000000000242c    32 FUNC    GLOBAL DEFAULT   11 _ZNK4absl12lts_2025081413cord_internal11CordzHandle12SafeToDeleteEv
    28: 00000000000024f4   193 FUNC    GLOBAL DEFAULT   11 _ZN4absl12lts_2025081413cord_internal11CordzHandle25DiagnosticsGetDeleteQueueEv
    29: 0000000000002248   112 FUNC    GLOBAL DEFAULT   11 _ZN4absl12lts_2025081413cord_internal11CordzHandleC1Eb
    30: 0000000000004db0    16 OBJECT  GLOBAL DEFAULT   19 _ZTIN4absl12lts_2025081413cord_internal11CordzHandleE
    31: 000000000000240a    33 FUNC    GLOBAL DEFAULT   11 _ZN4absl12lts_2025081413cord_internal11CordzHandleD0Ev
    32: 0000000000002248   112 FUNC    GLOBAL DEFAULT   11 _ZN4absl12lts_2025081413cord_internal11CordzHandleC2Eb
    33: 00000000000022ee   284 FUNC    GLOBAL DEFAULT   11 _ZN4absl12lts_2025081413cord_internal11CordzHandleD1Ev
    34: 0000000000003152    50 OBJECT  GLOBAL DEFAULT   13 _ZTSN4absl12lts_2025081413cord_internal11CordzHandleE
    35: 0000000000002660   205 FUNC    GLOBAL DEFAULT   11 _ZN4absl12lts_2025081413cord_internal11CordzHandle41DiagnosticsGetSafeToInspectDeletedHandlesEv
    36: 00000000000025b6   170 FUNC    GLOBAL DEFAULT   11 _ZNK4absl12lts_2025081413cord_internal11CordzHandle32DiagnosticsHandleIsSafeToInspectEPKS2_
    37: 000000000000292a    42 FUNC    WEAK   DEFAULT   11 _ZNSt15__new_allocatorIPKN4absl12lts_2025081413cord_internal11CordzHandleEE8allocateEmPKv
    38: 00000000000022ee   284 FUNC    GLOBAL DEFAULT   11 _ZN4absl12lts_2025081413cord_internal11CordzHandleD2Ev
    39: 00000000000027d8    70 FUNC    WEAK   DEFAULT   11 _ZNKSt6vectorIPN4absl12lts_2025081413cord_internal11CordzHandleESaIS4_EE12_M_check_lenEmPKc
