
Symbol table '.dynsym' contains 302 entries:
   Num:    Value          Size Type    Bind   Vis      Ndx Name
     0: 0000000000000000     0 NOTYPE  LOCAL  DEFAULT  UND 
     1: 0000000000000000     0 FUNC    GLOBAL DEFAULT  UND _ZN4Dali8PropertyD1Ev
     2: 0000000000000000     0 FUNC    GLOBAL DEFAULT  UND _ZN4Dali8Property5ValueaSEOS1_
     3: 0000000000000000     0 FUNC    GLOBAL DEFAULT  UND _ZN4Dali7Toolkit11ControlImpl14GetNaturalSizeEv
     4: 0000000000000000     0 FUNC    GLOBAL DEFAULT  UND _ZThn32_N4Dali7Toolkit11ControlImpl15SignalConnectedEPNS_12SlotObserverEPNS_12CallbackBaseE
     5: 0000000000000000     0 FUNC    GLOBAL DEFAULT  UND _ZN4Dali9Animation4PlayEv
     6: 0000000000000000     0 FUNC    GLOBAL DEFAULT  UND _ZN4Dali16ConstraintSourceC1ENS_11LocalSourceE
     7: 0000000000000000     0 FUNC    GLOBAL DEFAULT  UND _ZN4Dali14RenderTaskListD1Ev
     8: 0000000000000000     0 FUNC    GLOBAL DEFAULT  UND sinf@GLIBC_2.2.5 (2)
     9: 0000000000000000     0 FUNC    GLOBAL DEFAULT  UND _ZN4Dali12CallbackBaseC2EPvMS0_FvvEPFvRS0_EPFvS1_E
    10: 0000000000000000     0 FUNC    GLOBAL DEFAULT  UND __cxa_begin_catch@CXXABI_1.3 (3)
    11: 0000000000000000     0 FUNC    GLOBAL DEFAULT  UND _ZN4Dali8KeyEventC1ERKS0_
    12: 0000000000000000     0 FUNC    GLOBAL DEFAULT  UND _ZN4Dali7Toolkit11ControlImpl13OnChildRemoveERNS_5ActorE
    13: 0000000000000000     0 FUNC    GLOBAL DEFAULT  UND memcpy@GLIBC_2.14 (4)
    14: 0000000000000000     0 FUNC    GLOBAL DEFAULT  UND _ZN4Dali14RenderTaskList10CreateTaskEv
    15: 0000000000000000     0 FUNC    GLOBAL DEFAULT  UND _ZN4Dali5Layer10RaiseToTopEv
    16: 0000000000000000     0 FUNC    GLOBAL DEFAULT  UND _ZN4Dali6Window6RemoveENS_5ActorE
    17: 0000000000000000     0 FUNC    GLOBAL DEFAULT  UND _ZN4Dali10RenderTask15SetClearEnabledEb
    18: 0000000000000000     0 FUNC    GLOBAL DEFAULT  UND _ZN4Dali7Toolkit11ControlImpl33GetOffScreenRenderableSourceActorEv
    19: 0000000000000000     0 FUNC    GLOBAL DEFAULT  UND _ZN4Dali8Property5ValueC2Ei
    20: 0000000000000000     0 FUNC    GLOBAL DEFAULT  UND _ZN4Dali7Toolkit11ControlImpl15SignalConnectedEPNS_12SlotObserverEPNS_12CallbackBaseE
    21: 0000000000000000     0 FUNC    GLOBAL DEFAULT  UND _ZNK4Dali10TouchEvent13GetPointCountEv
    22: 0000000000000000     0 FUNC    GLOBAL DEFAULT  UND _ZN4Dali11CameraActorD1Ev
    23: 0000000000000000     0 FUNC    GLOBAL DEFAULT  UND _ZN4Dali8Property5ValueC1Ei
    24: 0000000000000000     0 FUNC    GLOBAL DEFAULT  UND _ZdlPvm@CXXABI_1.3.9 (5)
    25: 0000000000000000     0 NOTYPE  WEAK   DEFAULT  UND _ITM_deregisterTMCloneTable
    26: 0000000000000000     0 FUNC    GLOBAL DEFAULT  UND _ZN4Dali7Toolkit7ControlD2Ev
    27: 0000000000000000     0 FUNC    GLOBAL DEFAULT  UND _ZN4Dali7Toolkit11ControlImpl5OnTapERKNS_10TapGestureE
    28: 0000000000000000     0 FUNC    GLOBAL DEFAULT  UND _ZN4Dali7Vector3C1ERKNS_7Vector2E
    29: 0000000000000000     0 FUNC    GLOBAL DEFAULT  UND _ZN4Dali13AlphaFunctionD1Ev
    30: 0000000000000000     0 FUNC    GLOBAL DEFAULT  UND _ZN4Dali6StringD1Ev
    31: 0000000000000000     0 FUNC    GLOBAL DEFAULT  UND _ZN4Dali8Property3MapixENS_10StringViewE
    32: 0000000000000000     0 FUNC    GLOBAL DEFAULT  UND _Znwm@GLIBCXX_3.4 (6)
    33: 0000000000000000     0 FUNC    GLOBAL DEFAULT  UND _ZN4Dali6SourceC1ERNS_6HandleEi
    34: 0000000000000000     0 FUNC    GLOBAL DEFAULT  UND _ZN4Dali5LayerC1Ev
    35: 0000000000000000     0 FUNC    GLOBAL DEFAULT  UND _ZN4Dali11CameraActor14SetFieldOfViewEf
    36: 0000000000000000     0 FUNC    GLOBAL DEFAULT  UND _ZN4Dali11CameraActor3NewEv
    37: 0000000000000000     0 FUNC    GLOBAL DEFAULT  UND _ZN4Dali7Toolkit7ControlC2EPNS_8Internal11CustomActorE
    38: 0000000000000000     0 FUNC    GLOBAL DEFAULT  UND _ZN4Dali5Actor3NewEv
    39: 0000000000000000     0 FUNC    GLOBAL DEFAULT  UND _ZN4Dali9AnimationC1ERKS0_
    40: 0000000000000000     0 FUNC    GLOBAL DEFAULT  UND _ZNK4Dali5Actor14GetNaturalSizeEv
    41: 0000000000000000     0 FUNC    GLOBAL DEFAULT  UND _ZN4Dali10StringViewC1EPKcj
    42: 0000000000000000     0 FUNC    GLOBAL DEFAULT  UND _ZN4Dali7Toolkit11ControlImpl17GetHeightForWidthEf
    43: 0000000000000000     0 FUNC    GLOBAL DEFAULT  UND _ZN4Dali7Toolkit11ControlImpl18OnAccessibilityPanENS_10PanGestureE
    44: 0000000000000000     0 FUNC    GLOBAL DEFAULT  UND _ZN4Dali30AnimatablePropertyRegistrationC1ERNS_16TypeRegistrationENS_6StringEiNS_8Property4TypeEPFvPNS_10BaseObjectEiRKNS4_5ValueEEPFS8_S7_iE
    45: 0000000000000000     0 FUNC    GLOBAL DEFAULT  UND _ZN4Dali11CameraActor14GetFieldOfViewEv
    46: 0000000000000000     0 FUNC    GLOBAL DEFAULT  UND _ZN4Dali8Property5ValueC1ERKNS_7Vector4E
    47: 0000000000000000     0 FUNC    GLOBAL DEFAULT  UND _ZN4Dali11Application10InitSignalEv
    48: 0000000000000000     0 FUNC    GLOBAL DEFAULT  UND _ZN4Dali5ActoraSEOS0_
    49: 0000000000000000     0 FUNC    GLOBAL DEFAULT  UND _ZN4Dali11CustomActorD1Ev
    50: 0000000000000000     0 FUNC    GLOBAL DEFAULT  UND _ZN4Dali5ActorC1EOS0_
    51: 0000000000000000     0 FUNC    GLOBAL DEFAULT  UND _ZN4Dali15CustomActorImpl15RelayoutRequestEv
    52: 0000000000000000     0 FUNC    GLOBAL DEFAULT  UND _ZNK4Dali5Actor10GetChildAtEj
    53: 0000000000000000     0 FUNC    GLOBAL DEFAULT  UND _ZN4Dali7Toolkit11ControlImpl29GetNextKeyboardFocusableActorENS_5ActorENS0_7Control13KeyboardFocus9DirectionEb
    54: 0000000000000000     0 FUNC    GLOBAL DEFAULT  UND _ZN4Dali7Toolkit9TableView16SetRelativeWidthEjf
    55: 0000000000000000     0 FUNC    GLOBAL DEFAULT  UND _ZN4Dali7Toolkit9TableView8AddChildENS_5ActorENS1_12CellPositionE
    56: 0000000000000000     0 FUNC    GLOBAL DEFAULT  UND _ZN4Dali16ConstraintSourceC1ENS_12ParentSourceE
    57: 0000000000000000     0 FUNC    GLOBAL DEFAULT  UND _ZN4Dali10BaseSignal12OnDisconnectEPNS_26ConnectionTrackerInterfaceEPNS_12CallbackBaseE
    58: 0000000000000000     0 FUNC    GLOBAL DEFAULT  UND _ZN4Dali16ConstraintSourceC1ENS_6SourceE
    59: 0000000000000000     0 FUNC    GLOBAL DEFAULT  UND _ZNK4Dali8Property5Value3GetERf
    60: 0000000000000000     0 FUNC    GLOBAL DEFAULT  UND _ZN4Dali7Toolkit11ControlImpl27RelayoutDependentOnChildrenENS_9Dimension4TypeE
    61: 0000000000000000     0 FUNC    GLOBAL DEFAULT  UND _ZN4Dali6WindowD1Ev
    62: 0000000000000000     0 FUNC    GLOBAL DEFAULT  UND _ZN4Dali5IsKeyERKNS_8KeyEventENS_3KEYE
    63: 0000000000000000     0 FUNC    GLOBAL DEFAULT  UND _ZN4Dali11CameraActor14SetAspectRatioEf
    64: 0000000000000000     0 FUNC    GLOBAL DEFAULT  UND _ZN4Dali7Toolkit11ControlImpl27OnAnimateAnimatablePropertyERNS_9AnimationEiNS2_5StateE
    65: 0000000000000000     0 FUNC    GLOBAL DEFAULT  UND _ZN4Dali8Property5ValueC1EPKc
    66: 0000000000000000     0 FUNC    GLOBAL DEFAULT  UND _ZN4Dali8Property3MapC1Ev
    67: 0000000000000000     0 FUNC    GLOBAL DEFAULT  UND _ZNK4Dali5Actor9GetParentEv
    68: 0000000000000000     0 FUNC    GLOBAL DEFAULT  UND _ZN4Dali7Toolkit11ControlImplD2Ev
    69: 0000000000000000     0 FUNC    GLOBAL DEFAULT  UND _ZN4Dali7Toolkit11ControlImpl22CreateAccessibleObjectEv
    70: 0000000000000000     0 FUNC    GLOBAL DEFAULT  UND _ZN4Dali8Property5ValueC1ERKNS_7Vector3E
    71: 0000000000000000     0 FUNC    GLOBAL DEFAULT  UND _ZN4Dali7Toolkit11ControlImpl18CalculateChildSizeERKNS_5ActorENS_9Dimension4TypeE
    72: 0000000000000000     0 FUNC    GLOBAL DEFAULT  UND _ZN4Dali7Toolkit11ControlImpl18OnLayoutNegotiatedEfNS_9Dimension4TypeE
    73: 0000000000000000     0 FUNC    GLOBAL DEFAULT  UND _ZNK4Dali5Actor13GetTargetSizeEv
    74: 0000000000000000     0 FUNC    GLOBAL DEFAULT  UND __stack_chk_fail@GLIBC_2.4 (8)
    75: 0000000000000000     0 FUNC    GLOBAL DEFAULT  UND _ZN4Dali8PropertyC1ERNS_6HandleEi
    76: 0000000000000000     0 FUNC    GLOBAL DEFAULT  UND _ZN4Dali7Toolkit11ControlImpl23GetOffScreenRenderTasksERNS_6VectorINS_10RenderTaskELb0EEEb
    77: 0000000000000000     0 FUNC    GLOBAL DEFAULT  UND _ZN4Dali7Toolkit11ControlImpl30OnConstraintAnimatablePropertyERNS_10ConstraintEib
    78: 0000000000000000     0 FUNC    GLOBAL DEFAULT  UND _ZN4Dali6Window14KeyEventSignalEv
    79: 0000000000000000     0 FUNC    GLOBAL DEFAULT  UND _ZN4Dali10ConstraintaSEOS0_
    80: 0000000000000000     0 FUNC    GLOBAL DEFAULT  UND _ZN4Dali10TouchEventC1ERKS0_
    81: 0000000000000000     0 FUNC    GLOBAL DEFAULT  UND _ZNK4Dali5Actor13GetChildCountEv
    82: 0000000000000000     0 FUNC    GLOBAL DEFAULT  UND _ZN4Dali5Actor6RemoveES0_
    83: 0000000000000000     0 FUNC    GLOBAL DEFAULT  UND _ZN4Dali11ApplicationD1Ev
    84: 0000000000000000     0 FUNC    GLOBAL DEFAULT  UND _ZN4Dali6WindowaSEOS0_
    85: 0000000000000000     0 FUNC    GLOBAL DEFAULT  UND _ZN4Dali11Application3NewEPiPPPcNS_10StringViewE
    86: 0000000000000000     0 FUNC    GLOBAL DEFAULT  UND _ZN4Dali17ConnectionTracker15SignalConnectedEPNS_12SlotObserverEPNS_12CallbackBaseE
    87: 0000000000000000     0 FUNC    GLOBAL DEFAULT  UND _ZN4Dali7Toolkit9TableView12InsertColumnEj
    88: 0000000000000000     0 FUNC    GLOBAL DEFAULT  UND __cxa_guard_acquire@CXXABI_1.3 (3)
    89: 0000000000000000     0 FUNC    GLOBAL DEFAULT  UND _ZN4Dali7Toolkit11ControlImpl24OnAccessibilityActivatedEv
    90: 0000000000000000     0 FUNC    GLOBAL DEFAULT  UND _ZN4Dali11CameraActorC1Ev
    91: 0000000000000000     0 OBJECT  GLOBAL DEFAULT  UND _ZTVN10__cxxabiv117__class_type_infoE@CXXABI_1.3 (3)
    92: 0000000000000000     0 FUNC    GLOBAL DEFAULT  UND _ZN4Dali17ConnectionTracker18SignalDisconnectedEPNS_12SlotObserverEPNS_12CallbackBaseE
    93: 0000000000000000     0 FUNC    GLOBAL DEFAULT  UND _ZNK4Dali8KeyEvent8GetStateEv
    94: 0000000000000000     0 FUNC    GLOBAL DEFAULT  UND _ZN4Dali8Property5ValueD1Ev
    95: 0000000000000000     0 FUNC    GLOBAL DEFAULT  UND _ZN4Dali17ConnectionTrackerD2Ev
    96: 0000000000000000     0 FUNC    GLOBAL DEFAULT  UND _ZN4Dali12ParentSourceC1Ei
    97: 0000000000000000     0 FUNC    GLOBAL DEFAULT  UND _ZN4Dali7Toolkit11ControlImpl10OnRelayoutERKNS_7Vector2ERNS_17RelayoutContainerE
    98: 0000000000000000     0 OBJECT  GLOBAL DEFAULT  UND _ZN4Dali7Vector33ONEE
    99: 0000000000000000     0 FUNC    GLOBAL DEFAULT  UND __cxa_allocate_exception@CXXABI_1.3 (3)
   100: 0000000000000000     0 FUNC    GLOBAL DEFAULT  UND _ZN4Dali7Toolkit9TableViewC1Ev
   101: 0000000000000000     0 FUNC    GLOBAL DEFAULT  UND _ZN4Dali10RenderTaskD1Ev
   102: 0000000000000000     0 FUNC    GLOBAL DEFAULT  UND _ZN4Dali9AnimationD1Ev
   103: 0000000000000000     0 NOTYPE  WEAK   DEFAULT  UND __gmon_start__
   104: 0000000000000000     0 FUNC    GLOBAL DEFAULT  UND _ZN4Dali7Toolkit11ControlImpl19OnKeyInputFocusLostEv
   105: 0000000000000000     0 FUNC    GLOBAL DEFAULT  UND _ZN4Dali7Toolkit11ControlImpl18SignalDisconnectedEPNS_12SlotObserverEPNS_12CallbackBaseE
   106: 0000000000000000     0 OBJECT  GLOBAL DEFAULT  UND _ZTIN4Dali7Toolkit11ControlImplE
   107: 0000000000000000     0 FUNC    GLOBAL DEFAULT  UND _ZN4Dali6Handle11SetPropertyEiNS_8Property5ValueE
   108: 0000000000000000     0 FUNC    GLOBAL DEFAULT  UND _ZN4Dali10BaseHandle5ResetEv
   109: 0000000000000000     0 FUNC    GLOBAL DEFAULT  UND _ZN4Dali9Animation9AnimateToENS_8PropertyENS1_5ValueE
   110: 0000000000000000     0 FUNC    GLOBAL DEFAULT  UND _ZN4Dali8Property5ValueC1ENS_6StringE
   111: 0000000000000000     0 FUNC    GLOBAL DEFAULT  UND _ZN4Dali10Constraint15SetRemoveActionENS0_12RemoveActionE
   112: 0000000000000000     0 FUNC    GLOBAL DEFAULT  UND _ZN4Dali7Toolkit11ControlImpl10OnChildAddERNS_5ActorE
   113: 0000000000000000     0 FUNC    GLOBAL DEFAULT  UND _ZN4Dali7Toolkit11ControlImpl5OnPanERKNS_10PanGestureE
   114: 0000000000000000     0 FUNC    GLOBAL DEFAULT  UND _ZSt18_Rb_tree_decrementPSt18_Rb_tree_node_base@GLIBCXX_3.4 (6)
   115: 0000000000000000     0 FUNC    GLOBAL DEFAULT  UND _ZN4Dali10BaseSignalC1Ev
   116: 0000000000000000     0 FUNC    GLOBAL DEFAULT  UND _ZN4Dali6HandleC1ERKS0_
   117: 0000000000000000     0 FUNC    GLOBAL DEFAULT  UND _ZN4Dali14RenderTaskList10RemoveTaskENS_10RenderTaskE
   118: 0000000000000000     0 FUNC    GLOBAL DEFAULT  UND _ZN4Dali7Toolkit7ControlC1Ev
   119: 0000000000000000     0 FUNC    GLOBAL DEFAULT  UND _ZN4Dali13DaliExceptionC1EPKcS2_
   120: 0000000000000000     0 FUNC    GLOBAL DEFAULT  UND _ZN4Dali5Actor13TouchedSignalEv
   121: 0000000000000000     0 FUNC    GLOBAL DEFAULT  UND setenv@GLIBC_2.2.5 (7)
   122: 0000000000000000     0 FUNC    GLOBAL DEFAULT  UND _ZN4Dali7Toolkit9TableViewD1Ev
   123: 0000000000000000     0 FUNC    GLOBAL DEFAULT  UND _ZN4Dali7Toolkit11ControlImpl21OnKeyInputFocusGainedEv
   124: 0000000000000000     0 FUNC    GLOBAL DEFAULT  UND __cxa_guard_release@CXXABI_1.3 (3)
   125: 0000000000000000     0 FUNC    GLOBAL DEFAULT  UND _ZN4Dali7Toolkit11ControlImpl15OnSizeAnimationERNS_9AnimationERKNS_7Vector3E
   126: 0000000000000000     0 FUNC    GLOBAL DEFAULT  UND _ZN4Dali11CameraActorC1ERKS0_
   127: 0000000000000000     0 FUNC    GLOBAL DEFAULT  UND _ZN4Dali7Toolkit11ControlImpl17OnSetResizePolicyENS_12ResizePolicy4TypeENS_9Dimension4TypeE
   128: 0000000000000000     0 FUNC    GLOBAL DEFAULT  UND _ZNK4Dali6Handle18GetCurrentPropertyEi
   129: 0000000000000000     0 FUNC    GLOBAL DEFAULT  UND _ZN4Dali8Property3MapD1Ev
   130: 0000000000000000     0 FUNC    GLOBAL DEFAULT  UND _ZN4Dali5LayerC1ERKS0_
   131: 0000000000000000     0 FUNC    GLOBAL DEFAULT  UND _ZN4Dali7Toolkit11ControlImpl19OnApplyDefaultStyleEv
   132: 0000000000000000     0 FUNC    GLOBAL DEFAULT  UND _ZN4Dali6HandleD1Ev
   133: 0000000000000000     0 FUNC    GLOBAL DEFAULT  UND _ZN4Dali11CameraActor7SetTypeENS_6Camera4TypeE
   134: 0000000000000000     0 FUNC    GLOBAL DEFAULT  UND _ZN4Dali5LayerD1Ev
   135: 0000000000000000     0 FUNC    GLOBAL DEFAULT  UND _ZN4Dali9Animation3NewEf
   136: 0000000000000000     0 FUNC    GLOBAL DEFAULT  UND _ZN4Dali7Toolkit7Control3NewEv
   137: 0000000000000000     0 FUNC    GLOBAL DEFAULT  UND _ZN4Dali10Constraint9AddSourceENS_16ConstraintSourceE
   138: 0000000000000000     0 FUNC    GLOBAL DEFAULT  UND __gxx_personality_v0@CXXABI_1.3 (3)
   139: 0000000000000000     0 FUNC    GLOBAL DEFAULT  UND _ZNK4Dali8Property5Value3GetERb
   140: 0000000000000000     0 FUNC    GLOBAL DEFAULT  UND _ZN4Dali5Layer3NewEv
   141: 0000000000000000     0 FUNC    GLOBAL DEFAULT  UND _ZThn32_N4Dali7Toolkit11ControlImpl18SignalDisconnectedEPNS_12SlotObserverEPNS_12CallbackBaseE
   142: 0000000000000000     0 FUNC    GLOBAL DEFAULT  UND __cxa_throw@CXXABI_1.3 (3)
   143: 0000000000000000     0 FUNC    GLOBAL DEFAULT  UND _ZN4Dali7Toolkit11ControlImpl30IsOffScreenRenderTaskExclusiveEv
   144: 0000000000000000     0 FUNC    GLOBAL DEFAULT  UND _ZN4Dali6WindowC1Ev
   145: 0000000000000000     0 FUNC    GLOBAL DEFAULT  UND _Unwind_Resume@GCC_3.0 (9)
   146: 0000000000000000     0 FUNC    GLOBAL DEFAULT  UND _ZN4Dali10Constraint5ApplyEv
   147: 0000000000000000     0 FUNC    GLOBAL DEFAULT  UND _ZNK4Dali15CustomActorImpl8GetOwnerEv
   148: 0000000000000000     0 FUNC    GLOBAL DEFAULT  UND _ZN4Dali7Toolkit13VisualFactoryD1Ev
   149: 0000000000000000     0 FUNC    GLOBAL DEFAULT  UND _ZN4Dali8Property3MapC1ERKS1_
   150: 0000000000000000     0 FUNC    GLOBAL DEFAULT  UND _ZNSt7__cxx1112basic_stringIcSt11char_traitsIcESaIcEE9_M_createERmm@GLIBCXX_3.4.21 (10)
   151: 0000000000000000     0 FUNC    GLOBAL DEFAULT  UND _ZN4Dali8Property5ValueC1Eb
   152: 0000000000000000     0 FUNC    GLOBAL DEFAULT  UND _ZN4Dali17ConnectionTrackerC2Ev
   153: 0000000000000000     0 FUNC    GLOBAL DEFAULT  UND _ZN4Dali10RenderTaskC1Ev
   154: 0000000000000000     0 FUNC    GLOBAL DEFAULT  UND _ZNK4Dali10RenderTask14GetCameraActorEv
   155: 0000000000000000     0 FUNC    GLOBAL DEFAULT  UND _ZN4Dali11CustomActor8DownCastENS_10BaseHandleE
   156: 0000000000000000     0 FUNC    GLOBAL DEFAULT  UND _ZN4Dali13AlphaFunctionC1ENS0_15BuiltinFunctionE
   157: 0000000000000000     0 FUNC    GLOBAL DEFAULT  UND _ZN4Dali10RenderTask14SetSourceActorENS_5ActorE
   158: 0000000000000000     0 FUNC    GLOBAL DEFAULT  UND _ZN4Dali7Toolkit9TextLabel3NewEv
   159: 0000000000000000     0 FUNC    GLOBAL DEFAULT  UND _ZNK4Dali15CustomActorImpl4SelfEv
   160: 0000000000000000     0 FUNC    GLOBAL DEFAULT  UND _ZN4Dali5ActorD1Ev
   161: 0000000000000000     0 FUNC    GLOBAL DEFAULT  UND _ZN4Dali9RefObject9ReferenceEv
   162: 0000000000000000     0 FUNC    GLOBAL DEFAULT  UND _ZN4Dali10TouchEventD1Ev
   163: 0000000000000000     0 FUNC    GLOBAL DEFAULT  UND _ZN4Dali9Animation9AnimateToENS_8PropertyENS1_5ValueENS_13AlphaFunctionE
   164: 0000000000000000     0 FUNC    GLOBAL DEFAULT  UND _ZN4Dali10StringViewD1Ev
   165: 0000000000000000     0 FUNC    GLOBAL DEFAULT  UND __cxa_end_catch@CXXABI_1.3 (3)
   166: 0000000000000000     0 FUNC    GLOBAL DEFAULT  UND _ZN4Dali6Window3AddENS_5ActorE
   167: 0000000000000000     0 FUNC    GLOBAL DEFAULT  UND tanf@GLIBC_2.2.5 (2)
   168: 0000000000000000     0 FUNC    GLOBAL DEFAULT  UND _ZN4Dali6StringC1EOS0_
   169: 0000000000000000     0 OBJECT  GLOBAL DEFAULT  UND _ZTIN4Dali17ConnectionTrackerE
   170: 0000000000000000     0 FUNC    GLOBAL DEFAULT  UND _ZN4Dali11DevelWindow3GetENS_5ActorE
   171: 0000000000000000     0 FUNC    GLOBAL DEFAULT  UND _ZN4Dali8Property3MapixEi
   172: 0000000000000000     0 FUNC    GLOBAL DEFAULT  UND _ZN4Dali7Toolkit6Visual4Base10SetOnSceneERNS_5ActorE
   173: 0000000000000000     0 OBJECT  GLOBAL DEFAULT  UND _ZTIN4Dali15CustomActorImplE
   174: 0000000000000000     0 FUNC    GLOBAL DEFAULT  UND __cxa_rethrow@CXXABI_1.3 (3)
   175: 0000000000000000     0 FUNC    GLOBAL DEFAULT  UND _ZN4Dali12TypeRegistryD1Ev
   176: 0000000000000000     0 FUNC    GLOBAL DEFAULT  UND _ZN4Dali11Application9GetWindowEv
   177: 0000000000000000     0 FUNC    GLOBAL DEFAULT  UND _ZN4Dali16TypeRegistrationC1ERKSt9type_infoS3_PFNS_10BaseHandleEvE
   178: 0000000000000000     0 FUNC    GLOBAL DEFAULT  UND _ZN4Dali11CustomActor17GetImplementationEv
   179: 0000000000000000     0 FUNC    GLOBAL DEFAULT  UND _ZN4Dali7Toolkit11ControlImpl10InitializeEv
   180: 0000000000000000     0 FUNC    GLOBAL DEFAULT  UND _ZN4Dali7Vector2aSERKNS_7Vector3E
   181: 0000000000000000     0 FUNC    GLOBAL DEFAULT  UND _ZN4Dali10RenderTask13SetClearColorERKNS_7Vector4E
   182: 0000000000000000     0 FUNC    GLOBAL DEFAULT  UND _ZN4Dali7Toolkit11ControlImplC2ENS1_16ControlBehaviourE
   183: 0000000000000000     0 FUNC    GLOBAL DEFAULT  UND _ZN4Dali5ActoraSERKS0_
   184: 0000000000000000     0 OBJECT  GLOBAL DEFAULT  UND _ZTVN10__cxxabiv120__si_class_type_infoE@CXXABI_1.3 (3)
   185: 0000000000000000     0 FUNC    GLOBAL DEFAULT  UND _ZNK4Dali10TouchEvent8GetStateEj
   186: 0000000000000000     0 FUNC    GLOBAL DEFAULT  UND _ZN4Dali6WindowC1ERKS0_
   187: 0000000000000000     0 FUNC    GLOBAL DEFAULT  UND _ZN4Dali12CallbackBaseC2EPvMS0_FvvEPFvRS0_E
   188: 0000000000000000     0 FUNC    GLOBAL DEFAULT  UND _ZN4Dali7Toolkit7ControlC2Ev
   189: 0000000000000000     0 FUNC    GLOBAL DEFAULT  UND _ZN4Dali5Actor8UnparentEv
   190: 0000000000000000     0 FUNC    GLOBAL DEFAULT  UND __cxa_atexit@GLIBC_2.2.5 (7)
   191: 0000000000000000     0 OBJECT  GLOBAL DEFAULT  UND _ZN4Dali7Vector23ONEE
   192: 0000000000000000     0 FUNC    GLOBAL DEFAULT  UND _ZN4Dali7Toolkit11ControlImpl19OnAccessibilityZoomEv
   193: 0000000000000000     0 FUNC    GLOBAL DEFAULT  UND __cxa_free_exception@CXXABI_1.3 (3)
   194: 0000000000000000     0 FUNC    GLOBAL DEFAULT  UND _ZN4Dali7Toolkit11ControlImpl9OnSizeSetERKNS_7Vector3E
   195: 0000000000000000     0 FUNC    GLOBAL DEFAULT  UND _ZN4Dali11Application8MainLoopEv
   196: 0000000000000000     0 FUNC    GLOBAL DEFAULT  UND _ZN4Dali10BaseHandleD1Ev
   197: 0000000000000000     0 FUNC    GLOBAL DEFAULT  UND _ZNK4Dali6Window7GetSizeEv
   198: 0000000000000000     0 FUNC    GLOBAL DEFAULT  UND _ZNK4Dali10BaseHandlecvbEv
   199: 0000000000000000     0 FUNC    GLOBAL DEFAULT  UND _ZN4Dali8Property5ValueC1ERKNS_7Vector2E
   200: 0000000000000000     0 FUNC    GLOBAL DEFAULT  UND _ZN4Dali10Constraint3NewENS_6HandleEiNS_8Property4TypeEPNS_12CallbackBaseE
   201: 0000000000000000     0 FUNC    GLOBAL DEFAULT  UND _ZN4Dali9Animation5ClearEv
   202: 0000000000000000     0 FUNC    GLOBAL DEFAULT  UND _ZN4Dali8Property5ValueC1Ev
   203: 0000000000000000     0 FUNC    GLOBAL DEFAULT  UND _ZN4Dali8Property5ValueC1Ef
   204: 0000000000000000     0 FUNC    GLOBAL DEFAULT  UND _ZN4Dali5Actor3AddES0_
   205: 0000000000000000     0 FUNC    GLOBAL DEFAULT  UND _ZN4Dali7Toolkit7Control12SetStyleNameERKNS_6StringE
   206: 0000000000000000     0 FUNC    GLOBAL DEFAULT  UND _ZN4Dali10StringViewC1EPKc
   207: 0000000000000000     0 FUNC    GLOBAL DEFAULT  UND __dynamic_cast@CXXABI_1.3 (3)
   208: 0000000000000000     0 FUNC    GLOBAL DEFAULT  UND _ZN4Dali7Toolkit9TextLabelD1Ev
   209: 0000000000000000     0 FUNC    GLOBAL DEFAULT  UND _ZN4Dali7Toolkit6Visual4BaseD1Ev
   210: 0000000000000000     0 FUNC    GLOBAL DEFAULT  UND _ZSt18_Rb_tree_incrementPSt18_Rb_tree_node_base@GLIBCXX_3.4 (6)
   211: 0000000000000000     0 FUNC    GLOBAL DEFAULT  UND _ZN4Dali7Toolkit9TableView3NewEjj
   212: 0000000000000000     0 FUNC    GLOBAL DEFAULT  UND _ZN4Dali5Layer10LowerBelowES0_
   213: 0000000000000000     0 FUNC    GLOBAL DEFAULT  UND _ZN4Dali7Toolkit11ControlImpl13OnPropertySetEiRKNS_8Property5ValueE
   214: 0000000000000000     0 FUNC    GLOBAL DEFAULT  UND _ZNK4Dali10TouchEvent17GetScreenPositionEj
   215: 0000000000000000     0 FUNC    GLOBAL DEFAULT  UND _ZN4Dali7Toolkit11ControlImpl17GetWidthForHeightEf
   216: 0000000000000000     0 NOTYPE  WEAK   DEFAULT  UND _ITM_registerTMCloneTable
   217: 0000000000000000     0 FUNC    GLOBAL DEFAULT  UND _ZN4Dali10BaseHandleC1ERKS0_
   218: 0000000000000000     0 FUNC    GLOBAL DEFAULT  UND _ZN4Dali10BaseSignal9OnConnectEPNS_26ConnectionTrackerInterfaceEPNS_12CallbackBaseE
   219: 0000000000000000     0 FUNC    GLOBAL DEFAULT  UND _ZNK4Dali14RenderTaskList7GetTaskEj
   220: 0000000000000000     0 FUNC    GLOBAL DEFAULT  UND _ZNK4Dali7Toolkit11ControlImpl15IsResourceReadyEv
   221: 0000000000000000     0 OBJECT  GLOBAL DEFAULT  UND _ZN4Dali7Vector24ZEROE
   222: 0000000000000000     0 FUNC    GLOBAL DEFAULT  UND _ZN4Dali7Toolkit11ControlImpl30OnKeyboardFocusChangeCommittedENS_5ActorE
   223: 0000000000000000     0 FUNC    GLOBAL DEFAULT  UND _ZN4Dali11ApplicationC1ERKS0_
   224: 0000000000000000     0 FUNC    GLOBAL DEFAULT  UND _ZNK4Dali7Vector2eqERKS0_
   225: 0000000000000000     0 FUNC    GLOBAL DEFAULT  UND _ZN4Dali10RenderTaskaSEOS0_
   226: 0000000000000000     0 FUNC    GLOBAL DEFAULT  UND _ZN4Dali7Toolkit13VisualFactory3GetEv
   227: 0000000000000000     0 FUNC    GLOBAL DEFAULT  UND _ZN4Dali5Actor15SetResizePolicyENS_12ResizePolicy4TypeENS_9Dimension4TypeE
   228: 0000000000000000     0 FUNC    GLOBAL DEFAULT  UND _ZN4Dali9RefObject11UnreferenceEv
   229: 0000000000000000     0 FUNC    GLOBAL DEFAULT  UND _ZN4Dali5LayeraSEOS0_
   230: 0000000000000000     0 FUNC    GLOBAL DEFAULT  UND _ZN4Dali9RefObject9OnDestroyEv
   231: 0000000000000000     0 FUNC    GLOBAL DEFAULT  UND _ZN4Dali6StringC1EPKc
   232: 0000000000000000     0 FUNC    GLOBAL DEFAULT  UND _ZN4Dali11Application4QuitEv
   233: 0000000000000000     0 FUNC    GLOBAL DEFAULT  UND _ZSt29_Rb_tree_insert_and_rebalancebPSt18_Rb_tree_node_baseS0_RS_@GLIBCXX_3.4 (6)
   234: 0000000000000000     0 FUNC    GLOBAL DEFAULT  UND _ZN4Dali9Animation14FinishedSignalEv
   235: 0000000000000000     0 FUNC    GLOBAL DEFAULT  UND _ZN4Dali7Toolkit11ControlImpl17OnSceneConnectionEi
   236: 0000000000000000     0 FUNC    GLOBAL DEFAULT  UND _ZN4Dali6Window17GetRenderTaskListEv
   237: 0000000000000000     0 FUNC    GLOBAL DEFAULT  UND _ZNK4Dali10BaseHandle12GetObjectPtrEv
   238: 0000000000000000     0 FUNC    GLOBAL DEFAULT  UND _ZN4Dali20PropertyRegistrationC1ERNS_16TypeRegistrationENS_6StringEiNS_8Property4TypeEPFvPNS_10BaseObjectEiRKNS4_5ValueEEPFS8_S7_iE
   239: 0000000000000000     0 FUNC    GLOBAL DEFAULT  UND _ZN4Dali7Toolkit11ControlImpl7OnPinchERKNS_12PinchGestureE
   240: 0000000000000000     0 FUNC    GLOBAL DEFAULT  UND _ZN4Dali6Handle16RegisterPropertyENS_6StringENS_8Property5ValueE
   241: 0000000000000000     0 FUNC    GLOBAL DEFAULT  UND _ZN4Dali7Toolkit7ControlaSEOS1_
   242: 0000000000000000     0 FUNC    GLOBAL DEFAULT  UND _ZN4Dali7Toolkit11ControlImpl11OnLongPressERKNS_16LongPressGestureE
   243: 0000000000000000     0 OBJECT  GLOBAL DEFAULT  UND _ZTIN4Dali12CallbackBaseE
   244: 0000000000000000     0 FUNC    GLOBAL DEFAULT  UND _ZN4Dali10RenderTask15SetInputEnabledEb
   245: 0000000000000000     0 FUNC    GLOBAL DEFAULT  UND _ZN4Dali10BaseHandleC1EPNS_10BaseObjectE
   246: 0000000000000000     0 FUNC    GLOBAL DEFAULT  UND _ZN4Dali17DaliAssertMessageEPKcS1_
   247: 0000000000000000     0 FUNC    GLOBAL DEFAULT  UND _ZSt9terminatev@GLIBCXX_3.4 (6)
   248: 0000000000000000     0 FUNC    GLOBAL DEFAULT  UND _ZNK4Dali8Property5Value3GetERNS_7Vector3E
   249: 0000000000000000     0 FUNC    GLOBAL DEFAULT  UND _ZN4Dali7Toolkit7ControlaSERKS1_
   250: 0000000000000000     0 FUNC    GLOBAL DEFAULT  UND _ZN4Dali8Property5ValueC1ENS0_3MapE
   251: 0000000000000000     0 FUNC    GLOBAL DEFAULT  UND _ZN4Dali5ActorC1Ev
   252: 0000000000000000     0 FUNC    GLOBAL DEFAULT  UND _ZN4Dali7Toolkit7ControlC2ERNS0_11ControlImplE
   253: 0000000000000000     0 FUNC    GLOBAL DEFAULT  UND _ZN4Dali7Toolkit11ControlImpl20OnSceneDisconnectionEv
   254: 0000000000000000     0 FUNC    GLOBAL DEFAULT  UND atanf@GLIBC_2.2.5 (2)
   255: 0000000000000000     0 FUNC    GLOBAL DEFAULT  UND _ZN4Dali7Toolkit7ControlD1Ev
   256: 0000000000000000     0 FUNC    GLOBAL DEFAULT  UND _ZN4Dali12CallbackBaseD2Ev
   257: 0000000000000000     0 FUNC    GLOBAL DEFAULT  UND _ZN4Dali7Toolkit11ControlImpl13OnStyleChangeENS0_12StyleManagerENS_11StyleChange4TypeE
   258: 0000000000000000     0 FUNC    GLOBAL DEFAULT  UND _ZN4Dali10ConstraintD1Ev
   259: 0000000000000000     0 FUNC    GLOBAL DEFAULT  UND _ZN4Dali10BaseHandleC1EOS0_
   260: 0000000000000000     0 FUNC    GLOBAL DEFAULT  UND _ZN4Dali7Toolkit13VisualFactory12CreateVisualERKNS_8Property3MapE
   261: 0000000000000000     0 FUNC    GLOBAL DEFAULT  UND _ZN4Dali10RenderTaskC1ERKS0_
   262: 0000000000000000     0 FUNC    GLOBAL DEFAULT  UND _ZN4Dali7Toolkit9TableViewaSERKS1_
   263: 0000000000000000     0 FUNC    GLOBAL DEFAULT  UND _ZN4Dali7Vector3aSERKNS_7Vector2E
   264: 0000000000000000     0 FUNC    GLOBAL DEFAULT  UND _ZN4Dali11CameraActoraSEOS0_
   265: 0000000000000000     0 OBJECT  GLOBAL DEFAULT  UND _ZN4Dali7Vector34ZEROE
   266: 0000000000000000     0 FUNC    GLOBAL DEFAULT  UND _ZN4Dali11LocalSourceC1Ei
   267: 0000000000000000     0 FUNC    GLOBAL DEFAULT  UND _ZN4Dali8KeyEventD1Ev
   268: 0000000000000000     0 FUNC    GLOBAL DEFAULT  UND _ZNK4Dali6Window6GetDpiEv
   269: 0000000000000000     0 FUNC    GLOBAL DEFAULT  UND _ZN4Dali7Toolkit11ControlImpl10OnKeyEventERKNS_8KeyEventE
   270: 0000000000000000     0 FUNC    GLOBAL DEFAULT  UND _ZN4Dali6StringC1ERKNS_10StringViewE
   271: 0000000000000000     0 FUNC    GLOBAL DEFAULT  UND _ZN4Dali7Toolkit11ControlImpl26OnAccessibilityValueChangeEb
   272: 0000000000000000     0 FUNC    GLOBAL DEFAULT  UND __libc_start_main@GLIBC_2.34 (11)
   273: 0000000000000000     0 FUNC    GLOBAL DEFAULT  UND _ZN4Dali5ActorC1ERKS0_
   274: 0000000000000000     0 FUNC    GLOBAL DEFAULT  UND _ZN4Dali7Toolkit11ControlImpl15OnKeyboardEnterEv
   275: 0000000000000000     0 FUNC    GLOBAL DEFAULT  UND _ZN4Dali10RenderTask14SetCameraActorENS_11CameraActorE
   276: 0000000000000000     0 FUNC    GLOBAL DEFAULT  UND _ZN4Dali7Toolkit9TextLabel3NewERKNS_6StringE
   277: 0000000000000000     0 FUNC    GLOBAL DEFAULT  UND _ZN4Dali7Toolkit11ControlImpl23OnCalculateRelayoutSizeENS_9Dimension4TypeE
   278: 0000000000014708     8 OBJECT  WEAK   DEFAULT   27 _ZN4Dali13Accessibility6Bridge15mDisabledSignalE
   279: 0000000000013718    24 OBJECT  WEAK   DEFAULT   22 _ZTIN4Dali6HandleE
   280: 0000000000013730    16 OBJECT  WEAK   DEFAULT   22 _ZTIN4Dali10BaseHandleE
   281: 000000000000b8d8   130 FUNC    WEAK   DEFAULT   14 _ZNSt7__cxx1112basic_stringIcSt11char_traitsIcESaIcEE12_M_constructIPKcEEvT_S8_St20forward_iterator_tag
   282: 0000000000010430    23 OBJECT  WEAK   DEFAULT   16 _ZTSN4Dali13DaliExceptionE
   283: 0000000000014730     8 OBJECT  WEAK   DEFAULT   27 _ZGVN4Dali13Accessibility6Bridge27mScreenReaderDisabledSignalE
   284: 0000000000013700    24 OBJECT  WEAK   DEFAULT   22 _ZTIN4Dali5ActorE
   285: 0000000000010576     1 OBJECT  WEAK   DEFAULT   16 _ZSt19piecewise_construct
   286: 00000000000136a8    16 OBJECT  WEAK   DEFAULT   22 _ZTIN4Dali13DaliExceptionE
   287: 00000000000146f8     8 OBJECT  WEAK   DEFAULT   27 _ZN4Dali13Accessibility6Bridge14mEnabledSignalE
   288: 00000000000136d0    24 OBJECT  WEAK   DEFAULT   22 _ZTIN4Dali7Toolkit7ControlE
   289: 00000000000136e8    24 OBJECT  WEAK   DEFAULT   22 _ZTIN4Dali11CustomActorE
   290: 000000000001048b    14 OBJECT  WEAK   DEFAULT   16 _ZTSN4Dali5ActorE
   291: 00000000000104a8    20 OBJECT  WEAK   DEFAULT   16 _ZTSN4Dali10BaseHandleE
   292: 0000000000000000     0 FUNC    WEAK   DEFAULT  UND __cxa_finalize@GLIBC_2.2.5 (7)
   293: 0000000000014700     8 OBJECT  WEAK   DEFAULT   27 _ZGVN4Dali13Accessibility6Bridge14mEnabledSignalE
   294: 0000000000014710     8 OBJECT  WEAK   DEFAULT   27 _ZGVN4Dali13Accessibility6Bridge15mDisabledSignalE
   295: 0000000000014728     8 OBJECT  WEAK   DEFAULT   27 _ZN4Dali13Accessibility6Bridge27mScreenReaderDisabledSignalE
   296: 000000000001045e    24 OBJECT  WEAK   DEFAULT   16 _ZTSN4Dali7Toolkit7ControlE
   297: 000000000000bf20   130 FUNC    WEAK   DEFAULT   14 _ZNSt7__cxx1112basic_stringIcSt11char_traitsIcESaIcEE12_M_constructIPcEEvT_S7_St20forward_iterator_tag
   298: 0000000000014720     8 OBJECT  WEAK   DEFAULT   27 _ZGVN4Dali13Accessibility6Bridge26mScreenReaderEnabledSignalE
   299: 0000000000014718     8 OBJECT  WEAK   DEFAULT   27 _ZN4Dali13Accessibility6Bridge26mScreenReaderEnabledSignalE
   300: 0000000000010476    21 OBJECT  WEAK   DEFAULT   16 _ZTSN4Dali11CustomActorE
   301: 0000000000010499    15 OBJECT  WEAK   DEFAULT   16 _ZTSN4Dali6HandleE
