
Symbol table '.dynsym' contains 117 entries:
   Num:    Value          Size Type    Bind   Vis      Ndx Name
     0: 0000000000000000     0 NOTYPE  LOCAL  DEFAULT  UND 
     1: 0000000000000000     0 FUNC    GLOBAL DEFAULT  UND _ZN4Dali8Property5ArrayC1Ev
     2: 0000000000000000     0 FUNC    GLOBAL DEFAULT  UND _ZN4Dali7Toolkit9ImageViewD1Ev
     3: 0000000000000000     0 FUNC    GLOBAL DEFAULT  UND _ZN4Dali8KeyEventC1ERKS0_
     4: 0000000000000000     0 FUNC    GLOBAL DEFAULT  UND _ZN4Dali8Property5Array8PushBackERKNS0_5ValueE
     5: 0000000000000000     0 FUNC    GLOBAL DEFAULT  UND _ZN4Dali7Toolkit9TableView12SetFitHeightEj
     6: 0000000000000000     0 FUNC    GLOBAL DEFAULT  UND _ZNK4Dali10BaseHandleeqERKS0_
     7: 0000000000000000     0 FUNC    GLOBAL DEFAULT  UND _ZN4Dali8Property5ValueC2Ei
     8: 0000000000000000     0 FUNC    GLOBAL DEFAULT  UND _ZN4Dali8Property5ValueC1Ei
     9: 0000000000000000     0 FUNC    GLOBAL DEFAULT  UND _ZdlPvm@CXXABI_1.3.9 (2)
    10: 0000000000000000     0 NOTYPE  WEAK   DEFAULT  UND _ITM_deregisterTMCloneTable
    11: 0000000000000000     0 FUNC    GLOBAL DEFAULT  UND _ZN4Dali7Toolkit11RadioButton3NewERKNS_6StringE
    12: 0000000000000000     0 FUNC    GLOBAL DEFAULT  UND _ZN4Dali8Property5ValueC1ENS0_5ArrayE
    13: 0000000000000000     0 FUNC    GLOBAL DEFAULT  UND _ZN4Dali6StringD1Ev
    14: 0000000000000000     0 FUNC    GLOBAL DEFAULT  UND _Znwm@GLIBCXX_3.4 (3)
    15: 0000000000000000     0 FUNC    GLOBAL DEFAULT  UND _ZN4Dali7Toolkit12DevelControl8DoActionERNS0_7ControlEiiRKNS_8Property5ValueE
    16: 0000000000000000     0 FUNC    GLOBAL DEFAULT  UND _ZN4Dali18TapGestureDetectorD1Ev
    17: 0000000000000000     0 FUNC    GLOBAL DEFAULT  UND free@GLIBC_2.2.5 (4)
    18: 0000000000000000     0 FUNC    GLOBAL DEFAULT  UND _ZN4Dali7Toolkit9TableView16SetCellAlignmentENS1_12CellPositionENS_19HorizontalAlignment4TypeENS_17VerticalAlignment4TypeE
    19: 0000000000000000     0 FUNC    GLOBAL DEFAULT  UND _ZN4Dali11Application10InitSignalEv
    20: 0000000000000000     0 FUNC    GLOBAL DEFAULT  UND _ZN4Dali7Toolkit6ButtonD1Ev
    21: 0000000000000000     0 FUNC    GLOBAL DEFAULT  UND _ZN4Dali7Toolkit11RadioButtonaSEOS1_
    22: 0000000000000000     0 FUNC    GLOBAL DEFAULT  UND _ZN4Dali7Toolkit9ImageView3NewEv
    23: 0000000000000000     0 FUNC    GLOBAL DEFAULT  UND _ZN4Dali7Toolkit9TableView8AddChildENS_5ActorENS1_12CellPositionE
    24: 0000000000000000     0 FUNC    GLOBAL DEFAULT  UND _ZN4Dali6WindowD1Ev
    25: 0000000000000000     0 FUNC    GLOBAL DEFAULT  UND _ZN4Dali5IsKeyERKNS_8KeyEventENS_3KEYE
    26: 0000000000000000     0 FUNC    GLOBAL DEFAULT  UND _ZN4Dali8Property5ValueC1EPKc
    27: 0000000000000000     0 FUNC    GLOBAL DEFAULT  UND _ZN4Dali8Property3MapC1Ev
    28: 0000000000000000     0 FUNC    GLOBAL DEFAULT  UND _ZNK4Dali5Actor9GetParentEv
    29: 0000000000000000     0 FUNC    GLOBAL DEFAULT  UND _ZN4Dali8Property5ValueC1ERKNS_7Vector3E
    30: 0000000000000000     0 FUNC    GLOBAL DEFAULT  UND __stack_chk_fail@GLIBC_2.4 (5)
    31: 0000000000000000     0 FUNC    GLOBAL DEFAULT  UND _ZN4Dali6Window14KeyEventSignalEv
    32: 0000000000000000     0 FUNC    GLOBAL DEFAULT  UND _ZN4Dali7Toolkit11RadioButtonC1Ev
    33: 0000000000000000     0 FUNC    GLOBAL DEFAULT  UND _ZN4Dali11ApplicationD1Ev
    34: 0000000000000000     0 FUNC    GLOBAL DEFAULT  UND _ZN4Dali11Application3NewEPiPPPcNS_10StringViewE
    35: 0000000000000000     0 FUNC    GLOBAL DEFAULT  UND _ZN4Dali17ConnectionTracker15SignalConnectedEPNS_12SlotObserverEPNS_12CallbackBaseE
    36: 0000000000000000     0 FUNC    GLOBAL DEFAULT  UND __cxa_guard_acquire@CXXABI_1.3 (6)
    37: 0000000000000000     0 FUNC    GLOBAL DEFAULT  UND _ZN4Dali17ConnectionTracker18SignalDisconnectedEPNS_12SlotObserverEPNS_12CallbackBaseE
    38: 0000000000000000     0 FUNC    GLOBAL DEFAULT  UND _ZNK4Dali8KeyEvent8GetStateEv
    39: 0000000000000000     0 FUNC    GLOBAL DEFAULT  UND _ZN4Dali8Property5ValueD1Ev
    40: 0000000000000000     0 FUNC    GLOBAL DEFAULT  UND _ZN4Dali17ConnectionTrackerD2Ev
    41: 0000000000000000     0 FUNC    GLOBAL DEFAULT  UND _ZN4Dali6StringC1ERKS0_
    42: 0000000000000000     0 NOTYPE  WEAK   DEFAULT  UND __gmon_start__
    43: 0000000000000000     0 FUNC    GLOBAL DEFAULT  UND _ZN4Dali6Handle11SetPropertyEiNS_8Property5ValueE
    44: 0000000000000000     0 FUNC    GLOBAL DEFAULT  UND __vasprintf_chk@GLIBC_2.8 (7)
    45: 0000000000000000     0 FUNC    GLOBAL DEFAULT  UND _ZN4Dali8Property5ValueC1ENS_6StringE
    46: 0000000000000000     0 FUNC    GLOBAL DEFAULT  UND _ZN4Dali7Toolkit10PushButton3NewEv
    47: 0000000000000000     0 FUNC    GLOBAL DEFAULT  UND _ZN4Dali10BaseSignalC1Ev
    48: 0000000000000000     0 FUNC    GLOBAL DEFAULT  UND _ZN4Dali8Property5ArrayD1Ev
    49: 0000000000000000     0 FUNC    GLOBAL DEFAULT  UND _ZN4Dali7Toolkit11RadioButtonD1Ev
    50: 0000000000000000     0 FUNC    GLOBAL DEFAULT  UND setenv@GLIBC_2.2.5 (4)
    51: 0000000000000000     0 FUNC    GLOBAL DEFAULT  UND _ZN4Dali7Toolkit9TableViewD1Ev
    52: 0000000000000000     0 FUNC    GLOBAL DEFAULT  UND __cxa_guard_release@CXXABI_1.3 (6)
    53: 0000000000000000     0 FUNC    GLOBAL DEFAULT  UND _ZN4Dali7Toolkit10PushButtonD1Ev
    54: 0000000000000000     0 FUNC    GLOBAL DEFAULT  UND _ZN4Dali8Property3MapD1Ev
    55: 0000000000000000     0 FUNC    GLOBAL DEFAULT  UND __gxx_personality_v0@CXXABI_1.3 (6)
    56: 0000000000000000     0 FUNC    GLOBAL DEFAULT  UND _ZN4Dali7Toolkit6ButtonC1ERKS1_
    57: 0000000000000000     0 FUNC    GLOBAL DEFAULT  UND _ZN4Dali18TapGestureDetector3NewEv
    58: 0000000000000000     0 FUNC    GLOBAL DEFAULT  UND _Unwind_Resume@GCC_3.0 (8)
    59: 0000000000000000     0 FUNC    GLOBAL DEFAULT  UND _ZN4Dali8Property3MapC1ERKS1_
    60: 0000000000000000     0 FUNC    GLOBAL DEFAULT  UND _ZN4Dali8Property5ValueC1Eb
    61: 0000000000000000     0 FUNC    GLOBAL DEFAULT  UND _ZN4Dali17ConnectionTrackerC2Ev
    62: 0000000000000000     0 FUNC    GLOBAL DEFAULT  UND _ZN4Dali18TapGestureDetector14DetectedSignalEv
    63: 0000000000000000     0 FUNC    GLOBAL DEFAULT  UND _ZN4Dali7Toolkit9ImageViewC1Ev
    64: 0000000000000000     0 FUNC    GLOBAL DEFAULT  UND _ZN4Dali10TapGestureD1Ev
    65: 0000000000000000     0 FUNC    GLOBAL DEFAULT  UND _ZN4Dali15GestureDetector6AttachENS_5ActorE
    66: 0000000000000000     0 FUNC    GLOBAL DEFAULT  UND _ZN4Dali8Property3Map6InsertEiNS0_5ValueE
    67: 0000000000000000     0 FUNC    GLOBAL DEFAULT  UND _ZN4Dali5ActorD1Ev
    68: 0000000000000000     0 FUNC    GLOBAL DEFAULT  UND _ZN4Dali18TapGestureDetectoraSEOS0_
    69: 0000000000000000     0 FUNC    GLOBAL DEFAULT  UND _ZN4Dali10StringViewD1Ev
    70: 0000000000000000     0 FUNC    GLOBAL DEFAULT  UND _ZN4Dali8Property5ValueC1EOS1_
    71: 0000000000000000     0 FUNC    GLOBAL DEFAULT  UND _ZN4Dali6Window3AddENS_5ActorE
    72: 0000000000000000     0 OBJECT  GLOBAL DEFAULT  UND _ZTIN4Dali17ConnectionTrackerE
    73: 0000000000000000     0 FUNC    GLOBAL DEFAULT  UND _ZN4Dali11Application9GetWindowEv
    74: 0000000000000000     0 OBJECT  GLOBAL DEFAULT  UND _ZTVN10__cxxabiv120__si_class_type_infoE@CXXABI_1.3 (6)
    75: 0000000000000000     0 FUNC    GLOBAL DEFAULT  UND _ZN4Dali6WindowC1ERKS0_
    76: 0000000000000000     0 FUNC    GLOBAL DEFAULT  UND _ZN4Dali12CallbackBaseC2EPvMS0_FvvEPFvRS0_E
    77: 0000000000000000     0 FUNC    GLOBAL DEFAULT  UND _ZN4Dali5Actor8UnparentEv
    78: 0000000000000000     0 FUNC    GLOBAL DEFAULT  UND _ZN4Dali6Window18SetBackgroundColorERKNS_7Vector4E
    79: 0000000000000000     0 FUNC    GLOBAL DEFAULT  UND __cxa_atexit@GLIBC_2.2.5 (4)
    80: 0000000000000000     0 FUNC    GLOBAL DEFAULT  UND _ZN4Dali11Application8MainLoopEv
    81: 0000000000000000     0 FUNC    GLOBAL DEFAULT  UND _ZNK4Dali10BaseHandlecvbEv
    82: 0000000000000000     0 FUNC    GLOBAL DEFAULT  UND _ZN4Dali8Property5ValueC1ERKNS_7Vector2E
    83: 0000000000000000     0 FUNC    GLOBAL DEFAULT  UND _ZN4Dali8Property5ValueC1Ev
    84: 0000000000000000     0 FUNC    GLOBAL DEFAULT  UND _ZN4Dali8Property5ValueC1Ef
    85: 0000000000000000     0 FUNC    GLOBAL DEFAULT  UND _ZN4Dali5Actor3AddES0_
    86: 0000000000000000     0 FUNC    GLOBAL DEFAULT  UND _ZN4Dali10StringViewC1EPKc
    87: 0000000000000000     0 FUNC    GLOBAL DEFAULT  UND _ZN4Dali18TapGestureDetectorC1Ev
    88: 0000000000000000     0 FUNC    GLOBAL DEFAULT  UND _ZN4Dali7Toolkit9TableView3NewEjj
    89: 0000000000000000     0 FUNC    GLOBAL DEFAULT  UND _ZN4Dali7Toolkit6Button13ClickedSignalEv
    90: 0000000000000000     0 NOTYPE  WEAK   DEFAULT  UND _ITM_registerTMCloneTable
    91: 0000000000000000     0 FUNC    GLOBAL DEFAULT  UND _ZN4Dali15GestureDetector6DetachENS_5ActorE
    92: 0000000000000000     0 FUNC    GLOBAL DEFAULT  UND _ZN4Dali10BaseSignal9OnConnectEPNS_26ConnectionTrackerInterfaceEPNS_12CallbackBaseE
    93: 0000000000000000     0 FUNC    GLOBAL DEFAULT  UND _ZN4Dali11ApplicationC1ERKS0_
    94: 0000000000000000     0 FUNC    GLOBAL DEFAULT  UND _ZN4Dali5Actor15SetResizePolicyENS_12ResizePolicy4TypeENS_9Dimension4TypeE
    95: 0000000000000000     0 FUNC    GLOBAL DEFAULT  UND _ZN4Dali6StringC1EPKc
    96: 0000000000000000     0 FUNC    GLOBAL DEFAULT  UND _ZN4Dali11Application4QuitEv
    97: 0000000000000000     0 FUNC    GLOBAL DEFAULT  UND _ZN4Dali7Toolkit7ControlaSEOS1_
    98: 0000000000000000     0 OBJECT  GLOBAL DEFAULT  UND _ZTIN4Dali12CallbackBaseE
    99: 0000000000000000     0 FUNC    GLOBAL DEFAULT  UND _ZN4Dali8Property5ValueC1ENS0_3MapE
   100: 0000000000000000     0 FUNC    GLOBAL DEFAULT  UND _ZN4Dali10TapGestureC1ERKS0_
   101: 0000000000000000     0 FUNC    GLOBAL DEFAULT  UND _ZN4Dali7Toolkit7ControlD1Ev
   102: 0000000000000000     0 FUNC    GLOBAL DEFAULT  UND _ZN4Dali12CallbackBaseD2Ev
   103: 0000000000000000     0 FUNC    GLOBAL DEFAULT  UND _ZN4Dali8KeyEventD1Ev
   104: 0000000000000000     0 FUNC    GLOBAL DEFAULT  UND _ZN4Dali8Property5ArrayC1ERKS1_
   105: 0000000000000000     0 FUNC    GLOBAL DEFAULT  UND __libc_start_main@GLIBC_2.34 (9)
   106: 0000000000000000     0 FUNC    GLOBAL DEFAULT  UND _ZN4Dali5ActorC1ERKS0_
   107: 0000000000000000     0 FUNC    GLOBAL DEFAULT  UND _ZN4Dali7Toolkit7ControlC1ERKS1_
   108: 0000000000008368     8 OBJECT  WEAK   DEFAULT   27 _ZN4Dali13Accessibility6Bridge14mEnabledSignalE
   109: 0000000000008390     8 OBJECT  WEAK   DEFAULT   27 _ZGVN4Dali13Accessibility6Bridge26mScreenReaderEnabledSignalE
   110: 0000000000008380     8 OBJECT  WEAK   DEFAULT   27 _ZGVN4Dali13Accessibility6Bridge15mDisabledSignalE
   111: 0000000000000000     0 FUNC    WEAK   DEFAULT  UND __cxa_finalize@GLIBC_2.2.5 (4)
   112: 0000000000008398     8 OBJECT  WEAK   DEFAULT   27 _ZN4Dali13Accessibility6Bridge27mScreenReaderDisabledSignalE
   113: 0000000000008378     8 OBJECT  WEAK   DEFAULT   27 _ZN4Dali13Accessibility6Bridge15mDisabledSignalE
   114: 0000000000008388     8 OBJECT  WEAK   DEFAULT   27 _ZN4Dali13Accessibility6Bridge26mScreenReaderEnabledSignalE
   115: 00000000000083a0     8 OBJECT  WEAK   DEFAULT   27 _ZGVN4Dali13Accessibility6Bridge27mScreenReaderDisabledSignalE
   116: 0000000000008370     8 OBJECT  WEAK   DEFAULT   27 _ZGVN4Dali13Accessibility6Bridge14mEnabledSignalE
