
Symbol table '.dynsym' contains 243 entries:
   Num:    Value          Size Type    Bind   Vis      Ndx Name
     0: 0000000000000000     0 NOTYPE  LOCAL  DEFAULT  UND 
     1: 0000000000000000     0 FUNC    GLOBAL DEFAULT  UND _ZN4Dali8PropertyD1Ev
     2: 0000000000000000     0 FUNC    GLOBAL DEFAULT  UND _ZN4Dali12VertexBuffer3NewERNS_8Property3MapE
     3: 0000000000000000     0 FUNC    GLOBAL DEFAULT  UND _ZN4Dali9Animation4PlayEv
     4: 0000000000000000     0 FUNC    GLOBAL DEFAULT  UND _ZSt24__throw_out_of_range_fmtPKcz@GLIBCXX_3.4.20 (2)
     5: 0000000000000000     0 FUNC    GLOBAL DEFAULT  UND _ZSt19__throw_logic_errorPKc@GLIBCXX_3.4 (3)
     6: 0000000000000000     0 FUNC    GLOBAL DEFAULT  UND _ZN4Dali7TextureC1Ev
     7: 0000000000000000     0 FUNC    GLOBAL DEFAULT  UND _ZN4Dali14RenderTaskListD1Ev
     8: 0000000000000000     0 FUNC    GLOBAL DEFAULT  UND __cxa_begin_catch@CXXABI_1.3 (4)
     9: 0000000000000000     0 FUNC    GLOBAL DEFAULT  UND _ZN4Dali8KeyEventC1ERKS0_
    10: 0000000000000000     0 FUNC    GLOBAL DEFAULT  UND _ZN4Dali5Timer3NewEj
    11: 0000000000000000     0 FUNC    GLOBAL DEFAULT  UND memcpy@GLIBC_2.14 (5)
    12: 0000000000000000     0 FUNC    GLOBAL DEFAULT  UND _ZN4Dali14RenderTaskList10CreateTaskEv
    13: 0000000000000000     0 FUNC    GLOBAL DEFAULT  UND localeconv@GLIBC_2.2.5 (6)
    14: 0000000000000000     0 FUNC    GLOBAL DEFAULT  UND _ZSt17__throw_bad_allocv@GLIBCXX_3.4 (3)
    15: 0000000000000000     0 FUNC    GLOBAL DEFAULT  UND _ZN4Dali6Window6RemoveENS_5ActorE
    16: 0000000000000000     0 FUNC    GLOBAL DEFAULT  UND _ZN4Dali10RenderTask15SetClearEnabledEb
    17: 0000000000000000     0 FUNC    GLOBAL DEFAULT  UND _ZN4Dali10TextureSetC1Ev
    18: 0000000000000000     0 FUNC    GLOBAL DEFAULT  UND _ZN4Dali6WindowaSERKS0_
    19: 0000000000000000     0 FUNC    GLOBAL DEFAULT  UND _ZNKSt7__cxx1112basic_stringIcSt11char_traitsIcESaIcEE7compareERKS4_@GLIBCXX_3.4.21 (7)
    20: 0000000000000000     0 FUNC    GLOBAL DEFAULT  UND _ZNK4Dali10BaseHandleeqERKS0_
    21: 0000000000000000     0 FUNC    GLOBAL DEFAULT  UND _ZN4Dali8Property5ValueC2Ei
    22: 0000000000000000     0 FUNC    GLOBAL DEFAULT  UND _ZNK4Dali10TouchEvent13GetPointCountEv
    23: 0000000000000000     0 FUNC    GLOBAL DEFAULT  UND _ZN4Dali8Geometry15AddVertexBufferERNS_12VertexBufferE
    24: 0000000000000000     0 FUNC    GLOBAL DEFAULT  UND _ZN4Dali7Sampler11SetWrapModeENS_8WrapMode4TypeES2_S2_
    25: 0000000000000000     0 FUNC    GLOBAL DEFAULT  UND _ZN4Dali11CameraActorD1Ev
    26: 0000000000000000     0 FUNC    GLOBAL DEFAULT  UND _ZdlPvm@CXXABI_1.3.9 (8)
    27: 0000000000000000     0 NOTYPE  WEAK   DEFAULT  UND _ITM_deregisterTMCloneTable
    28: 0000000000000000     0 FUNC    GLOBAL DEFAULT  UND _ZN4Dali8Renderer11SetTexturesERNS_10TextureSetE
    29: 0000000000000000     0 FUNC    GLOBAL DEFAULT  UND _ZN4Dali13AlphaFunctionD1Ev
    30: 0000000000000000     0 FUNC    GLOBAL DEFAULT  UND _ZN4Dali10TextureSetaSERKS0_
    31: 0000000000000000     0 FUNC    GLOBAL DEFAULT  UND _ZN4Dali9PixelDataD1Ev
    32: 0000000000000000     0 FUNC    GLOBAL DEFAULT  UND _ZN4Dali6StringD1Ev
    33: 0000000000000000     0 FUNC    GLOBAL DEFAULT  UND _Znwm@GLIBCXX_3.4 (3)
    34: 0000000000000000     0 FUNC    GLOBAL DEFAULT  UND _ZN4Dali7Toolkit15SyncImageLoader4LoadERKNS_6StringE
    35: 0000000000000000     0 FUNC    GLOBAL DEFAULT  UND _ZN4Dali11CameraActor14SetFieldOfViewEf
    36: 0000000000000000     0 FUNC    GLOBAL DEFAULT  UND _ZN4Dali11CameraActor3NewEv
    37: 0000000000000000     0 FUNC    GLOBAL DEFAULT  UND _ZN4Dali5Actor3NewEv
    38: 0000000000000000     0 FUNC    GLOBAL DEFAULT  UND _ZN4Dali6ShaderD1Ev
    39: 0000000000000000     0 FUNC    GLOBAL DEFAULT  UND _ZN4Dali9AnimationC1ERKS0_
    40: 0000000000000000     0 FUNC    GLOBAL DEFAULT  UND _ZN4Dali10StringViewC1EPKcj
    41: 0000000000000000     0 FUNC    GLOBAL DEFAULT  UND _ZN4Dali8RendereraSEOS0_
    42: 0000000000000000     0 FUNC    GLOBAL DEFAULT  UND _ZN4Dali8RendererC1Ev
    43: 0000000000000000     0 FUNC    GLOBAL DEFAULT  UND _ZN4Dali8Property5ValueC1ERKNS_7Vector4E
    44: 0000000000000000     0 FUNC    GLOBAL DEFAULT  UND _ZN4Dali5TimerC1Ev
    45: 0000000000000000     0 FUNC    GLOBAL DEFAULT  UND _ZN4Dali10VectorBaseD2Ev
    46: 0000000000000000     0 FUNC    GLOBAL DEFAULT  UND _ZN4Dali11Application10InitSignalEv
    47: 0000000000000000     0 FUNC    GLOBAL DEFAULT  UND _ZN4Dali5Actor14RemoveRendererERNS_8RendererE
    48: 0000000000000000     0 FUNC    GLOBAL DEFAULT  UND _ZN4Dali5ActoraSEOS0_
    49: 0000000000000000     0 FUNC    GLOBAL DEFAULT  UND __vsnprintf_chk@GLIBC_2.3.4 (9)
    50: 0000000000000000     0 FUNC    GLOBAL DEFAULT  UND _ZN4Dali7Sampler13SetFilterModeENS_10FilterMode4TypeES2_
    51: 0000000000000000     0 FUNC    GLOBAL DEFAULT  UND _ZN4Dali5Actor11AddRendererERNS_8RendererE
    52: 0000000000000000     0 FUNC    GLOBAL DEFAULT  UND _ZNSt13runtime_errorC1EPKc@GLIBCXX_3.4.21 (7)
    53: 0000000000000000     0 FUNC    GLOBAL DEFAULT  UND _ZN4Dali10VectorBase7ReserveEmm
    54: 0000000000000000     0 FUNC    GLOBAL DEFAULT  UND _ZN4Dali6Shader3NewENS_10StringViewES1_NS0_4Hint5ValueES1_
    55: 0000000000000000     0 FUNC    GLOBAL DEFAULT  UND ftell@GLIBC_2.2.5 (6)
    56: 0000000000000000     0 FUNC    GLOBAL DEFAULT  UND _ZN4Dali6WindowD1Ev
    57: 0000000000000000     0 FUNC    GLOBAL DEFAULT  UND _ZN4Dali5IsKeyERKNS_8KeyEventENS_3KEYE
    58: 0000000000000000     0 FUNC    GLOBAL DEFAULT  UND _ZN4Dali8Property5ValueC1EPKc
    59: 0000000000000000     0 FUNC    GLOBAL DEFAULT  UND _ZN4Dali7Texture15GenerateMipmapsEv
    60: 0000000000000000     0 FUNC    GLOBAL DEFAULT  UND _ZN4Dali8Property3MapC1Ev
    61: 0000000000000000     0 FUNC    GLOBAL DEFAULT  UND _ZN4Dali5Actor13GetRendererAtEj
    62: 0000000000000000     0 FUNC    GLOBAL DEFAULT  UND _ZN4Dali8Property5ValueC1ERKNS_7Vector3E
    63: 0000000000000000     0 FUNC    GLOBAL DEFAULT  UND __stack_chk_fail@GLIBC_2.4 (10)
    64: 0000000000000000     0 FUNC    GLOBAL DEFAULT  UND _ZN4Dali8PropertyC1ERNS_6HandleEi
    65: 0000000000000000     0 FUNC    GLOBAL DEFAULT  UND _ZN4Dali6Window14KeyEventSignalEv
    66: 0000000000000000     0 FUNC    GLOBAL DEFAULT  UND _ZN4Dali5Timer4StopEv
    67: 0000000000000000     0 FUNC    GLOBAL DEFAULT  UND _ZN4Dali10TouchEventC1ERKS0_
    68: 0000000000000000     0 FUNC    GLOBAL DEFAULT  UND memset@GLIBC_2.2.5 (6)
    69: 0000000000000000     0 FUNC    GLOBAL DEFAULT  UND _ZN4Dali5Actor6RemoveES0_
    70: 0000000000000000     0 FUNC    GLOBAL DEFAULT  UND _ZN4Dali11ApplicationD1Ev
    71: 0000000000000000     0 FUNC    GLOBAL DEFAULT  UND _ZN4Dali7SamplerD1Ev
    72: 0000000000000000     0 FUNC    GLOBAL DEFAULT  UND _ZN4Dali6WindowaSEOS0_
    73: 0000000000000000     0 FUNC    GLOBAL DEFAULT  UND _ZN4Dali8Geometry3NewEv
    74: 0000000000000000     0 FUNC    GLOBAL DEFAULT  UND _ZN4Dali11Application3NewEPiPPPcNS_10StringViewE
    75: 0000000000000000     0 FUNC    GLOBAL DEFAULT  UND _ZN4Dali17ConnectionTracker15SignalConnectedEPNS_12SlotObserverEPNS_12CallbackBaseE
    76: 0000000000000000     0 FUNC    GLOBAL DEFAULT  UND _ZN4Dali12VertexBufferC1Ev
    77: 0000000000000000     0 FUNC    GLOBAL DEFAULT  UND __cxa_guard_acquire@CXXABI_1.3 (4)
    78: 0000000000000000     0 FUNC    GLOBAL DEFAULT  UND _ZN4Dali11CameraActor20SetNearClippingPlaneEf
    79: 0000000000000000     0 FUNC    GLOBAL DEFAULT  UND _ZNK4Dali7Vector35CrossERKS0_
    80: 0000000000000000     0 FUNC    GLOBAL DEFAULT  UND _ZN4Dali11CameraActorC1Ev
    81: 0000000000000000     0 FUNC    GLOBAL DEFAULT  UND _ZN4Dali17ConnectionTracker18SignalDisconnectedEPNS_12SlotObserverEPNS_12CallbackBaseE
    82: 0000000000000000     0 FUNC    GLOBAL DEFAULT  UND _ZNK4Dali8KeyEvent8GetStateEv
    83: 0000000000000000     0 FUNC    GLOBAL DEFAULT  UND _ZN4Dali8Property5ValueD1Ev
    84: 0000000000000000     0 FUNC    GLOBAL DEFAULT  UND _ZN4Dali17ConnectionTrackerD2Ev
    85: 0000000000000000     0 FUNC    GLOBAL DEFAULT  UND __cxa_allocate_exception@CXXABI_1.3 (4)
    86: 0000000000000000     0 FUNC    GLOBAL DEFAULT  UND _ZN4Dali5Actor8RotateByERKNS_6RadianERKNS_7Vector3E
    87: 0000000000000000     0 FUNC    GLOBAL DEFAULT  UND _ZN4Dali10RenderTaskD1Ev
    88: 0000000000000000     0 FUNC    GLOBAL DEFAULT  UND _ZN4Dali9AnimationD1Ev
    89: 0000000000000000     0 NOTYPE  WEAK   DEFAULT  UND __gmon_start__
    90: 0000000000000000     0 FUNC    GLOBAL DEFAULT  UND strlen@GLIBC_2.2.5 (6)
    91: 0000000000000000     0 FUNC    GLOBAL DEFAULT  UND _ZNSt14overflow_errorD1Ev@GLIBCXX_3.4 (3)
    92: 0000000000000000     0 FUNC    GLOBAL DEFAULT  UND _ZN4Dali6Handle11SetPropertyEiNS_8Property5ValueE
    93: 0000000000000000     0 FUNC    GLOBAL DEFAULT  UND _ZN4Dali10BaseHandle5ResetEv
    94: 0000000000000000     0 FUNC    GLOBAL DEFAULT  UND _ZN4Dali9Animation9AnimateToENS_8PropertyENS1_5ValueE
    95: 0000000000000000     0 FUNC    GLOBAL DEFAULT  UND _ZN4Dali12VertexBufferaSEOS0_
    96: 0000000000000000     0 FUNC    GLOBAL DEFAULT  UND _ZN4Dali7Sampler3NewEv
    97: 0000000000000000     0 FUNC    GLOBAL DEFAULT  UND _ZSt28__throw_bad_array_new_lengthv@GLIBCXX_3.4.29 (11)
    98: 0000000000000000     0 FUNC    GLOBAL DEFAULT  UND _ZN4Dali7Toolkit9TextLabelaSEOS1_
    99: 0000000000000000     0 FUNC    GLOBAL DEFAULT  UND _ZN4Dali10TextureSetD1Ev
   100: 0000000000000000     0 FUNC    GLOBAL DEFAULT  UND _ZNK4Dali9PixelData14GetPixelFormatEv
   101: 0000000000000000     0 FUNC    GLOBAL DEFAULT  UND _ZSt18_Rb_tree_decrementPSt18_Rb_tree_node_base@GLIBCXX_3.4 (3)
   102: 0000000000000000     0 FUNC    GLOBAL DEFAULT  UND _ZN4Dali10BaseSignalC1Ev
   103: 0000000000000000     0 FUNC    GLOBAL DEFAULT  UND _ZNSt7__cxx1112basic_stringIcSt11char_traitsIcESaIcEE10_M_replaceEmmPKcm@GLIBCXX_3.4.21 (7)
   104: 0000000000000000     0 FUNC    GLOBAL DEFAULT  UND _ZN4Dali14RenderTaskList10RemoveTaskENS_10RenderTaskE
   105: 0000000000000000     0 FUNC    GLOBAL DEFAULT  UND fread@GLIBC_2.2.5 (6)
   106: 0000000000000000     0 FUNC    GLOBAL DEFAULT  UND _ZN4Dali5Actor13TouchedSignalEv
   107: 0000000000000000     0 FUNC    GLOBAL DEFAULT  UND _ZN4Dali7TextureaSERKS0_
   108: 0000000000000000     0 FUNC    GLOBAL DEFAULT  UND setenv@GLIBC_2.2.5 (6)
   109: 0000000000000000     0 FUNC    GLOBAL DEFAULT  UND _ZN4Dali10RenderTask12SetExclusiveEb
   110: 0000000000000000     0 FUNC    GLOBAL DEFAULT  UND __cxa_guard_release@CXXABI_1.3 (4)
   111: 0000000000000000     0 FUNC    GLOBAL DEFAULT  UND _ZN4Dali11CameraActorC1ERKS0_
   112: 0000000000000000     0 FUNC    GLOBAL DEFAULT  UND _ZN4Dali8Property3MapD1Ev
   113: 0000000000000000     0 FUNC    GLOBAL DEFAULT  UND _ZN4Dali9PixelDataC1ERKS0_
   114: 0000000000000000     0 FUNC    GLOBAL DEFAULT  UND _ZN4Dali5LayerD1Ev
   115: 0000000000000000     0 FUNC    GLOBAL DEFAULT  UND _ZN4Dali9Animation3NewEf
   116: 0000000000000000     0 FUNC    GLOBAL DEFAULT  UND _ZN4Dali10TextureSet3NewEv
   117: 0000000000000000     0 FUNC    GLOBAL DEFAULT  UND __gxx_personality_v0@CXXABI_1.3 (4)
   118: 0000000000000000     0 FUNC    GLOBAL DEFAULT  UND _ZSt20__throw_length_errorPKc@GLIBCXX_3.4 (3)
   119: 0000000000000000     0 FUNC    GLOBAL DEFAULT  UND _ZN4Dali8Renderer11SetGeometryERNS_8GeometryE
   120: 0000000000000000     0 FUNC    GLOBAL DEFAULT  UND _ZNK4Dali10Quaternion6RotateERKNS_7Vector3E
   121: 0000000000000000     0 FUNC    GLOBAL DEFAULT  UND _ZN4Dali7SamplerC1Ev
   122: 0000000000000000     0 FUNC    GLOBAL DEFAULT  UND __cxa_throw@CXXABI_1.3 (4)
   123: 0000000000000000     0 FUNC    GLOBAL DEFAULT  UND _ZN4Dali5Timer10TickSignalEv
   124: 0000000000000000     0 FUNC    GLOBAL DEFAULT  UND _ZN4Dali6WindowC1Ev
   125: 0000000000000000     0 FUNC    GLOBAL DEFAULT  UND _Unwind_Resume@GCC_3.0 (12)
   126: 0000000000000000     0 FUNC    GLOBAL DEFAULT  UND _ZN4Dali7SamplerC1ERKS0_
   127: 0000000000000000     0 FUNC    GLOBAL DEFAULT  UND _ZNSt7__cxx1112basic_stringIcSt11char_traitsIcESaIcEE6appendEPKc@GLIBCXX_3.4.21 (7)
   128: 0000000000000000     0 FUNC    GLOBAL DEFAULT  UND _ZN4Dali5TimeraSEOS0_
   129: 0000000000000000     0 FUNC    GLOBAL DEFAULT  UND _ZN4Dali8Property3MapC1ERKS1_
   130: 0000000000000000     0 FUNC    GLOBAL DEFAULT  UND _ZNSt7__cxx1112basic_stringIcSt11char_traitsIcESaIcEE9_M_createERmm@GLIBCXX_3.4.21 (7)
   131: 0000000000000000     0 FUNC    GLOBAL DEFAULT  UND _ZNSt7__cxx1112basic_stringIcSt11char_traitsIcESaIcEED2Ev@GLIBCXX_3.4.21 (7)
   132: 0000000000000000     0 FUNC    GLOBAL DEFAULT  UND _ZNK4Dali10TouchEvent11GetDeviceIdEj
   133: 0000000000000000     0 FUNC    GLOBAL DEFAULT  UND _ZN4Dali17ConnectionTrackerC2Ev
   134: 0000000000000000     0 FUNC    GLOBAL DEFAULT  UND _ZN4Dali10RenderTaskC1Ev
   135: 0000000000000000     0 FUNC    GLOBAL DEFAULT  UND _ZNK4Dali10RenderTask14GetCameraActorEv
   136: 0000000000000000     0 FUNC    GLOBAL DEFAULT  UND _ZN4Dali8Renderer3NewERNS_8GeometryERNS_6ShaderE
   137: 0000000000000000     0 FUNC    GLOBAL DEFAULT  UND _ZN4Dali8RendererD1Ev
   138: 0000000000000000     0 FUNC    GLOBAL DEFAULT  UND _ZNK4Dali9PixelData9GetHeightEv
   139: 0000000000000000     0 FUNC    GLOBAL DEFAULT  UND _ZN4Dali13AlphaFunctionC1ENS0_15BuiltinFunctionE
   140: 0000000000000000     0 FUNC    GLOBAL DEFAULT  UND _ZN4Dali10RenderTask14SetSourceActorENS_5ActorE
   141: 0000000000000000     0 FUNC    GLOBAL DEFAULT  UND _ZN4Dali7SampleraSERKS0_
   142: 0000000000000000     0 FUNC    GLOBAL DEFAULT  UND _ZN4Dali8Property3Map6InsertEiNS0_5ValueE
   143: 0000000000000000     0 FUNC    GLOBAL DEFAULT  UND _ZN4Dali5ActorD1Ev
   144: 0000000000000000     0 FUNC    GLOBAL DEFAULT  UND _ZN4Dali10TouchEventD1Ev
   145: 0000000000000000     0 FUNC    GLOBAL DEFAULT  UND _ZN4Dali9Animation9AnimateToENS_8PropertyENS1_5ValueENS_13AlphaFunctionE
   146: 0000000000000000     0 FUNC    GLOBAL DEFAULT  UND _ZN4Dali10StringViewD1Ev
   147: 0000000000000000     0 FUNC    GLOBAL DEFAULT  UND _ZN4Dali8Property5ValueC1EOS1_
   148: 0000000000000000     0 FUNC    GLOBAL DEFAULT  UND __cxa_end_catch@CXXABI_1.3 (4)
   149: 0000000000000000     0 FUNC    GLOBAL DEFAULT  UND _ZN4Dali6Window3AddENS_5ActorE
   150: 0000000000000000     0 FUNC    GLOBAL DEFAULT  UND _ZN4Dali10FileStreamD1Ev
   151: 0000000000000000     0 FUNC    GLOBAL DEFAULT  UND _ZN4Dali6StringC1EOS0_
   152: 0000000000000000     0 OBJECT  GLOBAL DEFAULT  UND _ZTIN4Dali17ConnectionTrackerE
   153: 0000000000000000     0 FUNC    GLOBAL DEFAULT  UND _ZN4Dali10VectorBase8SetCountEm
   154: 0000000000000000     0 FUNC    GLOBAL DEFAULT  UND _ZN4Dali8Property5ValueC1ERKNS_10QuaternionE
   155: 0000000000000000     0 FUNC    GLOBAL DEFAULT  UND __cxa_rethrow@CXXABI_1.3 (4)
   156: 0000000000000000     0 FUNC    GLOBAL DEFAULT  UND _ZN4Dali11Application9GetWindowEv
   157: 0000000000000000     0 FUNC    GLOBAL DEFAULT  UND _ZN4Dali10VectorBaseC2Ev
   158: 0000000000000000     0 OBJECT  GLOBAL DEFAULT  UND _ZTVN10__cxxabiv120__si_class_type_infoE@CXXABI_1.3 (4)
   159: 0000000000000000     0 FUNC    GLOBAL DEFAULT  UND _ZNK4Dali10TouchEvent8GetStateEj
   160: 0000000000000000     0 FUNC    GLOBAL DEFAULT  UND _ZNSt13runtime_errorD1Ev@GLIBCXX_3.4 (3)
   161: 0000000000000000     0 FUNC    GLOBAL DEFAULT  UND _ZN4Dali6WindowC1ERKS0_
   162: 0000000000000000     0 FUNC    GLOBAL DEFAULT  UND _ZN4Dali12CallbackBaseC2EPvMS0_FvvEPFvRS0_E
   163: 0000000000000000     0 FUNC    GLOBAL DEFAULT  UND _ZN4Dali6Window18SetBackgroundColorERKNS_7Vector4E
   164: 0000000000000000     0 FUNC    GLOBAL DEFAULT  UND __cxa_atexit@GLIBC_2.2.5 (6)
   165: 0000000000000000     0 FUNC    GLOBAL DEFAULT  UND __cxa_free_exception@CXXABI_1.3 (4)
   166: 0000000000000000     0 FUNC    GLOBAL DEFAULT  UND _ZN4Dali10QuaternionC1ENS_6RadianERKNS_7Vector3E
   167: 0000000000000000     0 FUNC    GLOBAL DEFAULT  UND _ZN4Dali8GeometryD1Ev
   168: 0000000000000000     0 FUNC    GLOBAL DEFAULT  UND _ZN4Dali11Application8MainLoopEv
   169: 0000000000000000     0 FUNC    GLOBAL DEFAULT  UND _ZN4Dali7Texture3NewENS_11TextureType4TypeENS_5Pixel6FormatEjj
   170: 0000000000000000     0 FUNC    GLOBAL DEFAULT  UND _ZNK4Dali6Window7GetSizeEv
   171: 0000000000000000     0 FUNC    GLOBAL DEFAULT  UND _ZNK4Dali10BaseHandlecvbEv
   172: 0000000000000000     0 FUNC    GLOBAL DEFAULT  UND _ZN4Dali10TextureSet10SetTextureEjNS_7TextureE
   173: 0000000000000000     0 FUNC    GLOBAL DEFAULT  UND _ZNK4Dali9PixelData8GetWidthEv
   174: 0000000000000000     0 FUNC    GLOBAL DEFAULT  UND _ZN4Dali6Window13TouchedSignalEv
   175: 0000000000000000     0 FUNC    GLOBAL DEFAULT  UND _ZN4Dali8GeometryC1Ev
   176: 0000000000000000     0 FUNC    GLOBAL DEFAULT  UND _ZN4Dali5TimerD1Ev
   177: 0000000000000000     0 FUNC    GLOBAL DEFAULT  UND _ZN4Dali8Property5ValueC1Ef
   178: 0000000000000000     0 FUNC    GLOBAL DEFAULT  UND _ZN4Dali5Actor3AddES0_
   179: 0000000000000000     0 FUNC    GLOBAL DEFAULT  UND _ZN4Dali10StringViewC1EPKc
   180: 0000000000000000     0 FUNC    GLOBAL DEFAULT  UND _ZNK4Dali6Window12GetRootLayerEv
   181: 0000000000000000     0 FUNC    GLOBAL DEFAULT  UND _ZN4Dali7Texture6UploadENS_9PixelDataE
   182: 0000000000000000     0 FUNC    GLOBAL DEFAULT  UND _ZN4Dali7Toolkit9TextLabelD1Ev
   183: 0000000000000000     0 FUNC    GLOBAL DEFAULT  UND _ZSt18_Rb_tree_incrementPSt18_Rb_tree_node_base@GLIBCXX_3.4 (3)
   184: 0000000000000000     0 OBJECT  GLOBAL DEFAULT  UND _ZTISt13runtime_error@GLIBCXX_3.4 (3)
   185: 0000000000000000     0 FUNC    GLOBAL DEFAULT  UND _ZNK4Dali10TouchEvent17GetScreenPositionEj
   186: 0000000000000000     0 FUNC    GLOBAL DEFAULT  UND _ZNK4Dali10VectorBase8CapacityEv
   187: 0000000000000000     0 FUNC    GLOBAL DEFAULT  UND _ZN4Dali7TextureC1ERKS0_
   188: 0000000000000000     0 NOTYPE  WEAK   DEFAULT  UND _ITM_registerTMCloneTable
   189: 0000000000000000     0 FUNC    GLOBAL DEFAULT  UND _ZN4Dali10BaseSignal9OnConnectEPNS_26ConnectionTrackerInterfaceEPNS_12CallbackBaseE
   190: 0000000000000000     0 FUNC    GLOBAL DEFAULT  UND _ZNK4Dali14RenderTaskList7GetTaskEj
   191: 0000000000000000     0 FUNC    GLOBAL DEFAULT  UND _ZN4Dali8Property3Map6InsertENS_6StringENS0_5ValueE
   192: 0000000000000000     0 OBJECT  GLOBAL DEFAULT  UND _ZN4Dali7Vector24ZEROE
   193: 0000000000000000     0 FUNC    GLOBAL DEFAULT  UND _ZN4Dali10FileStreamC1ERKNSt7__cxx1112basic_stringIcSt11char_traitsIcESaIcEEEh
   194: 0000000000000000     0 FUNC    GLOBAL DEFAULT  UND _ZNK4Dali5Actor16GetRendererCountEv
   195: 0000000000000000     0 FUNC    GLOBAL DEFAULT  UND _ZNK4Dali10QuaternionmlERKS0_
   196: 0000000000000000     0 FUNC    GLOBAL DEFAULT  UND _ZN4Dali11ApplicationC1ERKS0_
   197: 0000000000000000     0 FUNC    GLOBAL DEFAULT  UND _ZN4Dali7TextureD1Ev
   198: 0000000000000000     0 FUNC    GLOBAL DEFAULT  UND _ZN4Dali5Timer5StartEv
   199: 0000000000000000     0 FUNC    GLOBAL DEFAULT  UND _ZN4Dali10VectorBase7ReleaseEv
   200: 0000000000000000     0 FUNC    GLOBAL DEFAULT  UND _ZN4Dali10RenderTaskaSEOS0_
   201: 0000000000000000     0 FUNC    GLOBAL DEFAULT  UND _ZN4Dali5Actor15SetResizePolicyENS_12ResizePolicy4TypeENS_9Dimension4TypeE
   202: 0000000000000000     0 FUNC    GLOBAL DEFAULT  UND _ZN4Dali6StringC1EPKc
   203: 0000000000000000     0 FUNC    GLOBAL DEFAULT  UND _ZN4Dali11Application4QuitEv
   204: 0000000000000000     0 FUNC    GLOBAL DEFAULT  UND _ZSt29_Rb_tree_insert_and_rebalancebPSt18_Rb_tree_node_baseS0_RS_@GLIBCXX_3.4 (3)
   205: 0000000000000000     0 FUNC    GLOBAL DEFAULT  UND _ZN4Dali9Animation14FinishedSignalEv
   206: 0000000000000000     0 FUNC    GLOBAL DEFAULT  UND _ZN4Dali8GeometryaSERKS0_
   207: 0000000000000000     0 FUNC    GLOBAL DEFAULT  UND _ZN4Dali6Window17GetRenderTaskListEv
   208: 0000000000000000     0 FUNC    GLOBAL DEFAULT  UND _ZNSt14overflow_errorC1EPKc@GLIBCXX_3.4.21 (7)
   209: 0000000000000000     0 FUNC    GLOBAL DEFAULT  UND _ZN4Dali12VertexBuffer7SetDataEPKvj
   210: 0000000000000000     0 FUNC    GLOBAL DEFAULT  UND _ZN4Dali7Toolkit9TextLabelC1Ev
   211: 0000000000000000     0 OBJECT  GLOBAL DEFAULT  UND _ZTIN4Dali12CallbackBaseE
   212: 0000000000000000     0 FUNC    GLOBAL DEFAULT  UND _ZSt9terminatev@GLIBCXX_3.4 (3)
   213: 0000000000000000     0 FUNC    GLOBAL DEFAULT  UND _ZN4Dali12VertexBufferD1Ev
   214: 0000000000000000     0 FUNC    GLOBAL DEFAULT  UND _ZN4Dali8Property5ValueC1ENS0_3MapE
   215: 0000000000000000     0 FUNC    GLOBAL DEFAULT  UND _ZN4Dali10TextureSet10SetSamplerEjNS_7SamplerE
   216: 0000000000000000     0 FUNC    GLOBAL DEFAULT  UND _ZN4Dali10QuaternionC1Ev
   217: 0000000000000000     0 FUNC    GLOBAL DEFAULT  UND _ZN4Dali5ActorC1Ev
   218: 0000000000000000     0 FUNC    GLOBAL DEFAULT  UND _ZN4Dali12CallbackBaseD2Ev
   219: 0000000000000000     0 FUNC    GLOBAL DEFAULT  UND _ZN4Dali7Vector39NormalizeEv
   220: 0000000000000000     0 FUNC    GLOBAL DEFAULT  UND _ZN4Dali10RenderTaskC1ERKS0_
   221: 0000000000000000     0 FUNC    GLOBAL DEFAULT  UND _ZN4Dali10FileStream7GetFileEv
   222: 0000000000000000     0 FUNC    GLOBAL DEFAULT  UND _ZNSt7__cxx1112basic_stringIcSt11char_traitsIcESaIcEE9push_backEc@GLIBCXX_3.4.21 (7)
   223: 0000000000000000     0 FUNC    GLOBAL DEFAULT  UND _ZN4Dali8KeyEventD1Ev
   224: 0000000000000000     0 FUNC    GLOBAL DEFAULT  UND fseek@GLIBC_2.2.5 (6)
   225: 0000000000000000     0 FUNC    GLOBAL DEFAULT  UND _ZN4Dali8Geometry7SetTypeENS0_4TypeE
   226: 0000000000000000     0 FUNC    GLOBAL DEFAULT  UND __libc_start_main@GLIBC_2.34 (13)
   227: 0000000000000000     0 FUNC    GLOBAL DEFAULT  UND _ZN4Dali8GeometryaSEOS0_
   228: 0000000000000000     0 OBJECT  GLOBAL DEFAULT  UND _ZN4Dali7Vector35YAXISE
   229: 0000000000000000     0 FUNC    GLOBAL DEFAULT  UND _ZN4Dali5ActorC1ERKS0_
   230: 0000000000000000     0 FUNC    GLOBAL DEFAULT  UND _ZN4Dali10RenderTask14SetCameraActorENS_11CameraActorE
   231: 0000000000000000     0 FUNC    GLOBAL DEFAULT  UND strtod@GLIBC_2.2.5 (6)
   232: 0000000000000000     0 FUNC    GLOBAL DEFAULT  UND _ZN4Dali7Toolkit9TextLabel3NewERKNS_6StringE
   233: 0000000000000000     0 FUNC    GLOBAL DEFAULT  UND _ZN4Dali11CameraActor19SetFarClippingPlaneEf
   234: 0000000000000000     0 OBJECT  GLOBAL DEFAULT  UND _ZTISt14overflow_error@GLIBCXX_3.4 (3)
   235: 0000000000000000     0 FUNC    GLOBAL DEFAULT  UND _ZN4Dali11CameraActoraSERKS0_
   236: 000000000000d7b2   130 FUNC    WEAK   DEFAULT   14 _ZNSt7__cxx1112basic_stringIcSt11char_traitsIcESaIcEE12_M_constructIPcEEvT_S7_St20forward_iterator_tag
   237: 0000000000000000     0 FUNC    WEAK   DEFAULT  UND __cxa_finalize@GLIBC_2.2.5 (6)
   238: 000000000000e0e6   304 FUNC    WEAK   DEFAULT   14 _ZNSt6vectorIcSaIcEE17_M_default_appendEm
   239: 000000000000b54e    64 FUNC    WEAK   DEFAULT   14 _ZNSt7__cxx1112basic_stringIcSt11char_traitsIcESaIcEEC2IS3_EEPKcRKS3_
   240: 000000000000d834   130 FUNC    WEAK   DEFAULT   14 _ZNSt7__cxx1112basic_stringIcSt11char_traitsIcESaIcEE12_M_constructIPKcEEvT_S8_St20forward_iterator_tag
   241: 000000000000f760     1 OBJECT  WEAK   DEFAULT   16 _ZSt19piecewise_construct
   242: 000000000000da5a   187 FUNC    WEAK   DEFAULT   14 _ZNSt6vectorIcSaIcEE17_M_realloc_appendIJcEEEvDpOT_
