
Symbol table '.dynsym' contains 111 entries:
   Num:    Value          Size Type    Bind   Vis      Ndx Name
     0: 0000000000000000     0 NOTYPE  LOCAL  DEFAULT  UND 
     1: 0000000000000000     0 FUNC    GLOBAL DEFAULT  UND _ZSt9terminatev@GLIBCXX_3.4 (2)
     2: 0000000000000000     0 FUNC    GLOBAL DEFAULT  UND _ZNSt7__cxx1112basic_stringIcSt11char_traitsIcESaIcEE6resizeEmc@GLIBCXX_3.4.21 (3)
     3: 0000000000000000     0 FUNC    GLOBAL DEFAULT  UND _ZNSt8ios_baseD2Ev@GLIBCXX_3.4 (2)
     4: 0000000000000000     0 OBJECT  GLOBAL DEFAULT  UND _ZTTNSt7__cxx1118basic_stringstreamIcSt11char_traitsIcESaIcEEE@GLIBCXX_3.4.21 (3)
     5: 0000000000000000     0 FUNC    GLOBAL DEFAULT  UND _ZSt17__throw_bad_allocv@GLIBCXX_3.4 (2)
     6: 0000000000000000     0 FUNC    GLOBAL DEFAULT  UND _ZN4absl12lts_2025081410SimpleAtofESt17basic_string_viewIcSt11char_traitsIcEEPf
     7: 0000000000000000     0 FUNC    GLOBAL DEFAULT  UND __cxa_begin_catch@CXXABI_1.3 (4)
     8: 0000000000000000     0 FUNC    WEAK   DEFAULT  UND __cxa_finalize@GLIBC_2.2.5 (5)
     9: 0000000000000000     0 FUNC    GLOBAL DEFAULT  UND strlen@GLIBC_2.2.5 (5)
    10: 0000000000000000     0 OBJECT  GLOBAL DEFAULT  UND _ZN4absl12lts_2025081414ascii_internal13kPropertyBitsE
    11: 0000000000000000     0 FUNC    GLOBAL DEFAULT  UND _ZSt20__throw_length_errorPKc@GLIBCXX_3.4 (2)
    12: 0000000000000000     0 FUNC    GLOBAL DEFAULT  UND _ZNSt7__cxx1118basic_stringstreamIcSt11char_traitsIcESaIcEEC1Ev@GLIBCXX_3.4.26 (6)
    13: 0000000000000000     0 FUNC    GLOBAL DEFAULT  UND _ZSt19__throw_logic_errorPKc@GLIBCXX_3.4 (2)
    14: 0000000000000000     0 FUNC    GLOBAL DEFAULT  UND _ZNSt7__cxx1118basic_stringstreamIcSt11char_traitsIcESaIcEED2Ev@GLIBCXX_3.4.21 (3)
    15: 0000000000000000     0 FUNC    GLOBAL DEFAULT  UND _ZN4absl12lts_2025081416numbers_internal15FastIntToBufferEmPc
    16: 0000000000000000     0 FUNC    GLOBAL DEFAULT  UND _ZSt28__throw_bad_array_new_lengthv@GLIBCXX_3.4.29 (7)
    17: 0000000000000000     0 FUNC    GLOBAL DEFAULT  UND _ZN4absl12lts_2025081416numbers_internal19safe_strtou128_baseESt17basic_string_viewIcSt11char_traitsIcEEPNS0_7uint128Ei
    18: 0000000000000000     0 FUNC    GLOBAL DEFAULT  UND _ZN4absl12lts_2025081416numbers_internal15FastIntToBufferEiPc
    19: 0000000000000000     0 FUNC    GLOBAL DEFAULT  UND memcpy@GLIBC_2.14 (8)
    20: 0000000000000000     0 FUNC    GLOBAL DEFAULT  UND _ZN4absl12lts_2025081419str_format_internal13FormatArgImpl8DispatchIdEEbNS2_4DataENS1_24FormatConversionSpecImplEPv
    21: 0000000000000000     0 FUNC    GLOBAL DEFAULT  UND _ZN4absl12lts_2025081416numbers_internal17safe_strto32_baseESt17basic_string_viewIcSt11char_traitsIcEEPii
    22: 0000000000000000     0 FUNC    GLOBAL DEFAULT  UND _ZN4absl12lts_2025081419str_format_internal13FormatArgImpl8DispatchIfEEbNS2_4DataENS1_24FormatConversionSpecImplEPv
    23: 0000000000000000     0 FUNC    GLOBAL DEFAULT  UND _Znwm@GLIBCXX_3.4 (2)
    24: 0000000000000000     0 FUNC    GLOBAL DEFAULT  UND _ZdlPvm@CXXABI_1.3.9 (9)
    25: 0000000000000000     0 FUNC    GLOBAL DEFAULT  UND _ZNSt7__cxx1112basic_stringIcSt11char_traitsIcESaIcEEC2EPKcmRKS3_@GLIBCXX_3.4.21 (3)
    26: 0000000000000000     0 FUNC    GLOBAL DEFAULT  UND __stack_chk_fail@GLIBC_2.4 (10)
    27: 0000000000000000     0 FUNC    GLOBAL DEFAULT  UND _ZN4absl12lts_2025081419str_format_internal13FormatArgImpl8DispatchIiEEbNS2_4DataENS1_24FormatConversionSpecImplEPv
    28: 0000000000000000     0 FUNC    GLOBAL DEFAULT  UND _ZN4absl12lts_2025081416numbers_internal15FastIntToBufferEjPc
    29: 0000000000000000     0 FUNC    GLOBAL DEFAULT  UND _ZN4absl12lts_2025081416numbers_internal15FastIntToBufferElPc
    30: 0000000000000000     0 FUNC    GLOBAL DEFAULT  UND _ZNSt7__cxx1112basic_stringIcSt11char_traitsIcESaIcEEaSEPKc@GLIBCXX_3.4.21 (3)
    31: 0000000000000000     0 FUNC    GLOBAL DEFAULT  UND _ZN4absl12lts_20250814lsERSoNS0_6int128E
    32: 0000000000000000     0 FUNC    GLOBAL DEFAULT  UND _ZNK4absl12lts_202508146ByChar4FindESt17basic_string_viewIcSt11char_traitsIcEEm
    33: 0000000000000000     0 FUNC    GLOBAL DEFAULT  UND __cxa_rethrow@CXXABI_1.3 (4)
    34: 0000000000000000     0 FUNC    GLOBAL DEFAULT  UND _ZSt24__throw_out_of_range_fmtPKcz@GLIBCXX_3.4.20 (11)
    35: 0000000000000000     0 FUNC    GLOBAL DEFAULT  UND _ZN4absl12lts_2025081416numbers_internal18safe_strtou32_baseESt17basic_string_viewIcSt11char_traitsIcEEPji
    36: 0000000000000000     0 FUNC    GLOBAL DEFAULT  UND _ZNSt7__cxx1112basic_stringIcSt11char_traitsIcESaIcEE10_M_replaceEmmPKcm@GLIBCXX_3.4.21 (3)
    37: 0000000000000000     0 FUNC    GLOBAL DEFAULT  UND _ZN4absl12lts_2025081416EqualsIgnoreCaseESt17basic_string_viewIcSt11char_traitsIcEES4_
    38: 0000000000000000     0 FUNC    GLOBAL DEFAULT  UND _ZNKSt7__cxx1115basic_stringbufIcSt11char_traitsIcESaIcEE3strEv@GLIBCXX_3.4.21 (3)
    39: 0000000000000000     0 FUNC    GLOBAL DEFAULT  UND memmove@GLIBC_2.2.5 (5)
    40: 0000000000000000     0 FUNC    GLOBAL DEFAULT  UND __cxa_end_catch@CXXABI_1.3 (4)
    41: 0000000000000000     0 FUNC    GLOBAL DEFAULT  UND __gxx_personality_v0@CXXABI_1.3 (4)
    42: 0000000000000000     0 FUNC    GLOBAL DEFAULT  UND _ZN4absl12lts_2025081410SimpleAtodESt17basic_string_viewIcSt11char_traitsIcEEPd
    43: 0000000000000000     0 FUNC    GLOBAL DEFAULT  UND _ZN4absl12lts_20250814lsERSoNS0_7uint128E
    44: 0000000000000000     0 NOTYPE  WEAK   DEFAULT  UND _ITM_deregisterTMCloneTable
    45: 0000000000000000     0 FUNC    GLOBAL DEFAULT  UND _Unwind_Resume@GCC_3.0 (12)
    46: 0000000000000000     0 FUNC    GLOBAL DEFAULT  UND _ZNSt7__cxx1112basic_stringIcSt11char_traitsIcESaIcEE9_M_createERmm@GLIBCXX_3.4.21 (3)
    47: 0000000000000000     0 FUNC    GLOBAL DEFAULT  UND _ZN4absl12lts_2025081416numbers_internal18safe_strtou64_baseESt17basic_string_viewIcSt11char_traitsIcEEPmi
    48: 0000000000000000     0 NOTYPE  WEAK   DEFAULT  UND __gmon_start__
    49: 0000000000000000     0 FUNC    GLOBAL DEFAULT  UND _ZN4absl12lts_2025081416numbers_internal17safe_strto64_baseESt17basic_string_viewIcSt11char_traitsIcEEPli
    50: 0000000000000000     0 NOTYPE  WEAK   DEFAULT  UND _ITM_registerTMCloneTable
    51: 0000000000000000     0 FUNC    GLOBAL DEFAULT  UND _ZN4absl12lts_2025081419str_format_internal10FormatPackB5cxx11ENS1_21UntypedFormatSpecImplENS0_4SpanIKNS1_13FormatArgImplEEE
    52: 0000000000000000     0 FUNC    GLOBAL DEFAULT  UND _ZN4absl12lts_2025081416numbers_internal18safe_strto128_baseESt17basic_string_viewIcSt11char_traitsIcEEPNS0_6int128Ei
    53: 00000000000059aa   109 FUNC    WEAK   DEFAULT   11 _ZNSt6vectorINSt7__cxx1112basic_stringIcSt11char_traitsIcESaIcEEESaIS5_EED2Ev
    54: 0000000000004ac6    63 FUNC    GLOBAL DEFAULT   11 _ZN4absl12lts_2025081414flags_internal7UnparseB5cxx11Eb
    55: 0000000000004fde     5 FUNC    GLOBAL DEFAULT   11 _ZN4absl12lts_2025081414flags_internal7UnparseB5cxx11Ed
    56: 000000000000587e   299 FUNC    WEAK   DEFAULT   11 _ZN4absl12lts_2025081414flags_internal13ParseFlagImplIyEEbSt17basic_string_viewIcSt11char_traitsIcEERT_
    57: 0000000000004a0e     5 FUNC    GLOBAL DEFAULT   11 _ZN4absl12lts_2025081414flags_internal13AbslParseFlagESt17basic_string_viewIcSt11char_traitsIcEEPfPNSt7__cxx1112basic_stringIcS4_SaIcEEE
    58: 0000000000005fba   130 FUNC    WEAK   DEFAULT   11 _ZNSt7__cxx1112basic_stringIcSt11char_traitsIcESaIcEE12_M_constructIPKcEEvT_S8_St20forward_iterator_tag
    59: 00000000000054fd   299 FUNC    WEAK   DEFAULT   11 _ZN4absl12lts_2025081414flags_internal13ParseFlagImplIlEEbSt17basic_string_viewIcSt11char_traitsIcEERT_
    60: 0000000000005a58   548 FUNC    WEAK   DEFAULT   11 _ZN4absl12lts_2025081414flags_internal23UnparseFloatingPointValIfEENSt7__cxx1112basic_stringIcSt11char_traitsIcESaIcEEET_
    61: 0000000000004fd9     5 FUNC    GLOBAL DEFAULT   11 _ZN4absl12lts_2025081414flags_internal7UnparseB5cxx11Ef
    62: 000000000000526b    62 FUNC    GLOBAL DEFAULT   11 _ZN4absl12lts_2025081415AbslUnparseFlagB5cxx11ENS0_11LogSeverityE
    63: 0000000000006688   139 FUNC    WEAK   DEFAULT   11 _ZSt16__do_uninit_copyIN9__gnu_cxx17__normal_iteratorIPKSt17basic_string_viewIcSt11char_traitsIcEESt6vectorIS5_SaIS5_EEEEPNSt7__cxx1112basic_stringIcS4_SaIcEEEET0_T_SI_SH_
    64: 000000000000608e    63 FUNC    WEAK   DEFAULT   11 _ZSt8_DestroyIPNSt7__cxx1112basic_stringIcSt11char_traitsIcESaIcEEEEvT_S7_
    65: 00000000000062e6    59 FUNC    WEAK   DEFAULT   11 _ZN4absl12lts_2025081416strings_internal13SplitIteratorINS1_8SplitterINS0_6ByCharENS0_10AllowEmptyESt17basic_string_viewIcSt11char_traitsIcEEEEEC2ENSB_5StateEPKSA_
    66: 00000000000053d3   298 FUNC    WEAK   DEFAULT   11 _ZN4absl12lts_2025081414flags_internal13ParseFlagImplIjEEbSt17basic_string_viewIcSt11char_traitsIcEERT_
    67: 0000000000004bd1   102 FUNC    GLOBAL DEFAULT   11 _ZN4absl12lts_2025081414flags_internal7UnparseB5cxx11Ei
    68: 0000000000004c37   102 FUNC    GLOBAL DEFAULT   11 _ZN4absl12lts_2025081414flags_internal7UnparseB5cxx11Ej
    69: 0000000000005ea5   262 FUNC    WEAK   DEFAULT   11 _ZN4absl12lts_2025081427StripLeadingAsciiWhitespaceESt17basic_string_viewIcSt11char_traitsIcEE
    70: 0000000000004c9d   103 FUNC    GLOBAL DEFAULT   11 _ZN4absl12lts_2025081414flags_internal7UnparseB5cxx11El
    71: 00000000000048ca   324 FUNC    GLOBAL DEFAULT   11 _ZN4absl12lts_2025081414flags_internal13AbslParseFlagESt17basic_string_viewIcSt11char_traitsIcEEPNS0_7uint128EPNSt7__cxx1112basic_stringIcS4_SaIcEEE
    72: 0000000000005008    27 FUNC    GLOBAL DEFAULT   11 _ZN4absl12lts_2025081414flags_internal15AbslUnparseFlagERKSt6vectorINSt7__cxx1112basic_stringIcSt11char_traitsIcESaIcEEESaIS8_EE
    73: 0000000000004d04   103 FUNC    GLOBAL DEFAULT   11 _ZN4absl12lts_2025081414flags_internal7UnparseB5cxx11Em
    74: 00000000000065c2    42 FUNC    WEAK   DEFAULT   11 _ZNSt15__new_allocatorISt17basic_string_viewIcSt11char_traitsIcEEE8allocateEmPKv
    75: 0000000000004a13     5 FUNC    GLOBAL DEFAULT   11 _ZN4absl12lts_2025081414flags_internal13AbslParseFlagESt17basic_string_viewIcSt11char_traitsIcEEPdPNSt7__cxx1112basic_stringIcS4_SaIcEEE
    76: 0000000000006140    65 FUNC    WEAK   DEFAULT   11 _ZNSt6vectorINSt7__cxx1112basic_stringIcSt11char_traitsIcESaIcEEESaIS5_EEC2IN9__gnu_cxx17__normal_iteratorIPKSt17basic_string_viewIcS3_ES_ISC_SaISC_EEEEvEET_SI_RKS6_
    77: 0000000000006713   256 FUNC    WEAK   DEFAULT   11 _ZN4absl12lts_2025081416strings_internal13JoinAlgorithmIN9__gnu_cxx17__normal_iteratorIPKNSt7__cxx1112basic_stringIcSt11char_traitsIcESaIcEEESt6vectorISA_SaISA_EEEEvEESA_T_SH_St17basic_string_viewIcS8_ENS1_11NoFormatterE
    78: 000000000000624a   155 FUNC    WEAK   DEFAULT   11 _ZN4absl12lts_2025081416strings_internal13SplitIteratorINS1_8SplitterINS0_6ByCharENS0_10AllowEmptyESt17basic_string_viewIcSt11char_traitsIcEEEEEppEv
    79: 0000000000004e39   208 FUNC    GLOBAL DEFAULT   11 _ZN4absl12lts_2025081414flags_internal7UnparseB5cxx11ENS0_6int128E
    80: 0000000000004727     5 FUNC    GLOBAL DEFAULT   11 _ZN4absl12lts_2025081414flags_internal13AbslParseFlagESt17basic_string_viewIcSt11char_traitsIcEEPjPNSt7__cxx1112basic_stringIcS4_SaIcEEE
    81: 0000000000006322   602 FUNC    WEAK   DEFAULT   11 _ZNSt6vectorISt17basic_string_viewIcSt11char_traitsIcEESaIS3_EE15_M_range_insertIPZNK4absl12lts_2025081416strings_internal8SplitterINS8_6ByCharENS8_10AllowEmptyES3_E18ConvertToContainerIS5_S3_Lb0EEclERKSD_E8raw_viewEEvN9__gnu_cxx17__normal_iteratorIPS3_S5_EET_SO_St20forward_iterator_tag
    82: 000000000000657c    70 FUNC    WEAK   DEFAULT   11 _ZNKSt6vectorISt17basic_string_viewIcSt11char_traitsIcEESaIS3_EE12_M_check_lenEmPKc
    83: 0000000000005c7c   553 FUNC    WEAK   DEFAULT   11 _ZN4absl12lts_2025081414flags_internal23UnparseFloatingPointValIdEENSt7__cxx1112basic_stringIcSt11char_traitsIcESaIcEEET_
    84: 00000000000060ce   114 FUNC    WEAK   DEFAULT   11 _ZNK4absl12lts_2025081416strings_internal8SplitterINS0_6ByCharENS0_10AllowEmptyESt17basic_string_viewIcSt11char_traitsIcEEE18ConvertToContainerISt6vectorINSt7__cxx1112basic_stringIcS7_SaIcEEESaISF_EESF_Lb0EEclERKS9_
    85: 0000000000004b05   102 FUNC    GLOBAL DEFAULT   11 _ZN4absl12lts_2025081414flags_internal7UnparseB5cxx11Es
    86: 0000000000004b6b   102 FUNC    GLOBAL DEFAULT   11 _ZN4absl12lts_2025081414flags_internal7UnparseB5cxx11Et
    87: 0000000000005628   299 FUNC    WEAK   DEFAULT   11 _ZN4absl12lts_2025081414flags_internal13ParseFlagImplImEEbSt17basic_string_viewIcSt11char_traitsIcEERT_
    88: 0000000000004a18    31 FUNC    GLOBAL DEFAULT   11 _ZN4absl12lts_2025081414flags_internal13AbslParseFlagESt17basic_string_viewIcSt11char_traitsIcEEPNSt7__cxx1112basic_stringIcS4_SaIcEEESA_
    89: 0000000000004a37   143 FUNC    GLOBAL DEFAULT   11 _ZN4absl12lts_2025081414flags_internal13AbslParseFlagESt17basic_string_viewIcSt11char_traitsIcEEPSt6vectorINSt7__cxx1112basic_stringIcS4_SaIcEEESaISA_EEPSA_
    90: 0000000000005a18    64 FUNC    WEAK   DEFAULT   11 _ZNSt7__cxx1112basic_stringIcSt11char_traitsIcESaIcEEC2IS3_EEPKcRKS3_
    91: 0000000000005753   299 FUNC    WEAK   DEFAULT   11 _ZN4absl12lts_2025081414flags_internal13ParseFlagImplIxEEbSt17basic_string_viewIcSt11char_traitsIcEERT_
    92: 0000000000004740   324 FUNC    GLOBAL DEFAULT   11 _ZN4absl12lts_2025081414flags_internal13AbslParseFlagESt17basic_string_viewIcSt11char_traitsIcEEPNS0_6int128EPNSt7__cxx1112basic_stringIcS4_SaIcEEE
    93: 000000000000603c    82 FUNC    WEAK   DEFAULT   11 _ZNSt6vectorINSt7__cxx1112basic_stringIcSt11char_traitsIcESaIcEEESaIS5_EE15_M_erase_at_endEPS5_
    94: 0000000000004d6b   103 FUNC    GLOBAL DEFAULT   11 _ZN4absl12lts_2025081414flags_internal7UnparseB5cxx11Ex
    95: 0000000000006182   200 FUNC    WEAK   DEFAULT   11 _ZNK4absl12lts_2025081416strings_internal8SplitterINS0_6ByCharENS0_10AllowEmptyESt17basic_string_viewIcSt11char_traitsIcEEE18ConvertToContainerISt6vectorIS8_SaIS8_EES8_Lb0EEclERKS9_
    96: 00000000000046f2    48 FUNC    GLOBAL DEFAULT   11 _ZN4absl12lts_2025081414flags_internal13AbslParseFlagESt17basic_string_viewIcSt11char_traitsIcEEPtPNSt7__cxx1112basic_stringIcS4_SaIcEEE
    97: 0000000000004722     5 FUNC    GLOBAL DEFAULT   11 _ZN4absl12lts_2025081414flags_internal13AbslParseFlagESt17basic_string_viewIcSt11char_traitsIcEEPiPNSt7__cxx1112basic_stringIcS4_SaIcEEE
    98: 0000000000004dd2   103 FUNC    GLOBAL DEFAULT   11 _ZN4absl12lts_2025081414flags_internal7UnparseB5cxx11Ey
    99: 0000000000004fe3    37 FUNC    GLOBAL DEFAULT   11 _ZN4absl12lts_2025081414flags_internal15AbslUnparseFlagB5cxx11ESt17basic_string_viewIcSt11char_traitsIcEE
   100: 00000000000052a9   298 FUNC    WEAK   DEFAULT   11 _ZN4absl12lts_2025081414flags_internal13ParseFlagImplIiEEbSt17basic_string_viewIcSt11char_traitsIcEERT_
   101: 0000000000004548   378 FUNC    GLOBAL DEFAULT   11 _ZN4absl12lts_2025081414flags_internal13AbslParseFlagESt17basic_string_viewIcSt11char_traitsIcEEPbPNSt7__cxx1112basic_stringIcS4_SaIcEEE
   102: 0000000000005023   584 FUNC    GLOBAL DEFAULT   11 _ZN4absl12lts_2025081413AbslParseFlagESt17basic_string_viewIcSt11char_traitsIcEEPNS0_11LogSeverityEPNSt7__cxx1112basic_stringIcS3_SaIcEEE
   103: 00000000000046c2    48 FUNC    GLOBAL DEFAULT   11 _ZN4absl12lts_2025081414flags_internal13AbslParseFlagESt17basic_string_viewIcSt11char_traitsIcEEPsPNSt7__cxx1112basic_stringIcS4_SaIcEEE
   104: 000000000000473b     5 FUNC    GLOBAL DEFAULT   11 _ZN4absl12lts_2025081414flags_internal13AbslParseFlagESt17basic_string_viewIcSt11char_traitsIcEEPyPNSt7__cxx1112basic_stringIcS4_SaIcEEE
   105: 0000000000004731     5 FUNC    GLOBAL DEFAULT   11 _ZN4absl12lts_2025081414flags_internal13AbslParseFlagESt17basic_string_viewIcSt11char_traitsIcEEPmPNSt7__cxx1112basic_stringIcS4_SaIcEEE
   106: 0000000000004f09   208 FUNC    GLOBAL DEFAULT   11 _ZN4absl12lts_2025081414flags_internal7UnparseB5cxx11ENS0_7uint128E
   107: 000000000000665e    42 FUNC    WEAK   DEFAULT   11 _ZNSt15__new_allocatorINSt7__cxx1112basic_stringIcSt11char_traitsIcESaIcEEEE8allocateEmPKv
   108: 0000000000004736     5 FUNC    GLOBAL DEFAULT   11 _ZN4absl12lts_2025081414flags_internal13AbslParseFlagESt17basic_string_viewIcSt11char_traitsIcEEPxPNSt7__cxx1112basic_stringIcS4_SaIcEEE
   109: 000000000000472c     5 FUNC    GLOBAL DEFAULT   11 _ZN4absl12lts_2025081414flags_internal13AbslParseFlagESt17basic_string_viewIcSt11char_traitsIcEEPlPNSt7__cxx1112basic_stringIcS4_SaIcEEE
   110: 00000000000065ec   114 FUNC    WEAK   DEFAULT   11 _ZNSt6vectorINSt7__cxx1112basic_stringIcSt11char_traitsIcESaIcEEESaIS5_EE19_M_range_initializeIN9__gnu_cxx17__normal_iteratorIPKSt17basic_string_viewIcS3_ES_ISC_SaISC_EEEEEEvT_SI_St20forward_iterator_tag
