
Symbol table '.dynsym' contains 21 entries:
   Num:    Value          Size Type    Bind   Vis      Ndx Name
     0: 0000000000000000     0 NOTYPE  LOCAL  DEFAULT  UND 
     1: 0000000000000000     0 FUNC    GLOBAL DEFAULT  UND _ZSt17__throw_bad_allocv@GLIBCXX_3.4 (2)
     2: 0000000000000000     0 FUNC    WEAK   DEFAULT  UND __cxa_finalize@GLIBC_2.2.5 (3)
     3: 0000000000000000     0 FUNC    GLOBAL DEFAULT  UND _ZSt20__throw_length_errorPKc@GLIBCXX_3.4 (2)
     4: 0000000000000000     0 FUNC    GLOBAL DEFAULT  UND _ZSt28__throw_bad_array_new_lengthv@GLIBCXX_3.4.29 (4)
     5: 0000000000000000     0 FUNC    GLOBAL DEFAULT  UND memcpy@GLIBC_2.14 (5)
     6: 0000000000000000     0 FUNC    GLOBAL DEFAULT  UND _Znwm@GLIBCXX_3.4 (2)
     7: 0000000000000000     0 FUNC    GLOBAL DEFAULT  UND _ZdlPvm@CXXABI_1.3.9 (6)
     8: 0000000000000000     0 FUNC    GLOBAL DEFAULT  UND __gxx_personality_v0@CXXABI_1.3 (7)
     9: 0000000000000000     0 NOTYPE  WEAK   DEFAULT  UND _ITM_deregisterTMCloneTable
    10: 0000000000000000     0 FUNC    GLOBAL DEFAULT  UND _Unwind_Resume@GCC_3.0 (8)
    11: 0000000000000000     0 FUNC    GLOBAL DEFAULT  UND _ZN4absl12lts_2025081415random_internal24GetEntropyFromRandenPoolEPvm
    12: 0000000000000000     0 NOTYPE  WEAK   DEFAULT  UND __gmon_start__
    13: 0000000000000000     0 NOTYPE  WEAK   DEFAULT  UND _ITM_registerTMCloneTable
    14: 0000000000001266   156 FUNC    WEAK   DEFAULT   11 _ZNSt8seed_seqC2IPjEET_S2_
    15: 00000000000011d8    58 FUNC    GLOBAL DEFAULT   11 _ZN4absl12lts_2025081411MakeSeedSeqEv
    16: 0000000000001212    83 FUNC    WEAK   DEFAULT   11 _ZN4absl12lts_2025081415random_internal13SaltedSeedSeqISt8seed_seqEC2IPjEET_S7_
    17: 00000000000013d6   155 FUNC    WEAK   DEFAULT   11 _ZNSt6vectorIjSaIjEE17_M_realloc_appendIJjEEEvDpOT_
    18: 0000000000001472    70 FUNC    WEAK   DEFAULT   11 _ZNKSt6vectorIjSaIjEE12_M_check_lenEmPKc
    19: 00000000000013ac    42 FUNC    WEAK   DEFAULT   11 _ZNSt15__new_allocatorIjE8allocateEmPKv
    20: 0000000000001302   169 FUNC    WEAK   DEFAULT   11 _ZNSt6vectorIjSaIjEE7reserveEm
