
Symbol table '.dynsym' contains 47 entries:
   Num:    Value          Size Type    Bind   Vis      Ndx Name
     0: 0000000000000000     0 NOTYPE  LOCAL  DEFAULT  UND 
     1: 0000000000000000     0 FUNC    GLOBAL DEFAULT  UND _ZN4absl12lts_2025081412crc_internal3CRC6Crc32cEv
     2: 0000000000000000     0 FUNC    WEAK   DEFAULT  UND __cxa_finalize@GLIBC_2.2.5 (2)
     3: 0000000000000000     0 FUNC    GLOBAL DEFAULT  UND __cxa_guard_abort@CXXABI_1.3 (3)
     4: 0000000000000000     0 FUNC    GLOBAL DEFAULT  UND __cxa_guard_release@CXXABI_1.3 (3)
     5: 0000000000000000     0 OBJECT  GLOBAL DEFAULT  UND _ZTVN10__cxxabiv117__class_type_infoE@CXXABI_1.3 (3)
     6: 0000000000000000     0 FUNC    GLOBAL DEFAULT  UND memcpy@GLIBC_2.14 (4)
     7: 0000000000000000     0 FUNC    GLOBAL DEFAULT  UND _Znwm@GLIBCXX_3.4 (5)
     8: 0000000000000000     0 FUNC    GLOBAL DEFAULT  UND _ZdlPvm@CXXABI_1.3.9 (6)
     9: 0000000000000000     0 OBJECT  GLOBAL DEFAULT  UND _ZTVN10__cxxabiv120__si_class_type_infoE@CXXABI_1.3 (3)
    10: 0000000000000000     0 FUNC    GLOBAL DEFAULT  UND __gxx_personality_v0@CXXABI_1.3 (3)
    11: 0000000000000000     0 NOTYPE  WEAK   DEFAULT  UND _ITM_deregisterTMCloneTable
    12: 0000000000000000     0 FUNC    GLOBAL DEFAULT  UND _Unwind_Resume@GCC_3.0 (7)
    13: 0000000000000000     0 FUNC    GLOBAL DEFAULT  UND __cxa_guard_acquire@CXXABI_1.3 (3)
    14: 0000000000000000     0 NOTYPE  WEAK   DEFAULT  UND __gmon_start__
    15: 0000000000000000     0 NOTYPE  WEAK   DEFAULT  UND _ITM_registerTMCloneTable
    16: 0000000000004d70    40 OBJECT  GLOBAL DEFAULT   19 _ZTVN4absl12lts_2025081412crc_internal29CrcNonTemporalMemcpyAVXEngineE
    17: 000000000000234a    55 FUNC    GLOBAL DEFAULT   11 _ZN4absl12lts_2025081418RemoveCrc32cSuffixENS0_8crc32c_tES1_m
    18: 0000000000003000    61 OBJECT  GLOBAL DEFAULT   13 _ZTSN4absl12lts_2025081412crc_internal23FallbackCrcMemcpyEngineE
    19: 0000000000002554   494 FUNC    GLOBAL DEFAULT   11 _ZNK4absl12lts_2025081412crc_internal26CrcNonTemporalMemcpyEngine7ComputeEPvPKvmNS0_8crc32c_tE
    20: 00000000000027f6   177 FUNC    WEAK   DEFAULT   11 _ZN4absl12lts_2025081412crc_internal29non_temporal_store_memcpy_avxEPvPKvm
    21: 00000000000024e0    58 FUNC    GLOBAL DEFAULT   11 _ZN4absl12lts_2025081412crc_internal9CrcMemcpy22GetArchSpecificEnginesEv
    22: 0000000000002250    65 FUNC    GLOBAL DEFAULT   11 _ZN4absl12lts_2025081412crc_internal20ExtendCrc32cInternalENS0_8crc32c_tESt17basic_string_viewIcSt11char_traitsIcEE
    23: 0000000000002742   180 FUNC    GLOBAL DEFAULT   11 _ZNK4absl12lts_2025081412crc_internal29CrcNonTemporalMemcpyAVXEngine7ComputeEPvPKvmNS0_8crc32c_tE
    24: 00000000000028a8    10 FUNC    WEAK   DEFAULT   11 _ZN4absl12lts_2025081412crc_internal26CrcNonTemporalMemcpyEngineD0Ev
    25: 0000000000005098     8 OBJECT  WEAK   DEFAULT   24 _ZGVZN4absl12lts_2025081412crc_internal9CrcMemcpy10CrcAndCopyEPvPKvmNS0_8crc32c_tEbE7engines
    26: 0000000000002306    60 FUNC    GLOBAL DEFAULT   11 _ZN4absl12lts_2025081418RemoveCrc32cPrefixENS0_8crc32c_tES1_m
    27: 0000000000004ce0    40 OBJECT  GLOBAL DEFAULT   19 _ZTVN4absl12lts_2025081412crc_internal23FallbackCrcMemcpyEngineE
    28: 0000000000002291    57 FUNC    GLOBAL DEFAULT   11 _ZN4absl12lts_2025081420ExtendCrc32cByZeroesENS0_8crc32c_tEm
    29: 00000000000021b8    57 FUNC    GLOBAL DEFAULT   11 _ZN4absl12lts_2025081412crc_internal22UnextendCrc32cByZeroesENS0_8crc32c_tEm
    30: 000000000000251a    46 FUNC    GLOBAL DEFAULT   11 _ZN4absl12lts_2025081412crc_internal9CrcMemcpy13GetTestEngineEii
    31: 0000000000004d08    24 OBJECT  GLOBAL DEFAULT   19 _ZTIN4absl12lts_2025081412crc_internal23FallbackCrcMemcpyEngineE
    32: 000000000000303d    53 OBJECT  WEAK   DEFAULT   13 _ZTSN4absl12lts_2025081412crc_internal15CrcMemcpyEngineE
    33: 0000000000004d58    24 OBJECT  GLOBAL DEFAULT   19 _ZTIN4absl12lts_2025081412crc_internal26CrcNonTemporalMemcpyEngineE
    34: 00000000000030b2    67 OBJECT  GLOBAL DEFAULT   13 _ZTSN4absl12lts_2025081412crc_internal29CrcNonTemporalMemcpyAVXEngineE
    35: 000000000000254a    10 FUNC    WEAK   DEFAULT   11 _ZN4absl12lts_2025081412crc_internal23FallbackCrcMemcpyEngineD0Ev
    36: 0000000000003072    64 OBJECT  GLOBAL DEFAULT   13 _ZTSN4absl12lts_2025081412crc_internal26CrcNonTemporalMemcpyEngineE
    37: 00000000000022ca    60 FUNC    GLOBAL DEFAULT   11 _ZN4absl12lts_2025081412ConcatCrc32cENS0_8crc32c_tES1_m
    38: 0000000000005088    16 OBJECT  WEAK   DEFAULT   24 _ZZN4absl12lts_2025081412crc_internal9CrcMemcpy10CrcAndCopyEPvPKvmNS0_8crc32c_tEbE7engines
    39: 000000000000242c   180 FUNC    GLOBAL DEFAULT   11 _ZNK4absl12lts_2025081412crc_internal23FallbackCrcMemcpyEngine7ComputeEPvPKvmNS0_8crc32c_tE
    40: 0000000000002342     8 FUNC    GLOBAL DEFAULT   11 _ZN4absl12lts_2025081412MemcpyCrc32cEPvPKvmNS0_8crc32c_tE
    41: 0000000000002548     1 FUNC    WEAK   DEFAULT   11 _ZN4absl12lts_2025081412crc_internal15CrcMemcpyEngineD2Ev
    42: 0000000000002382   169 FUNC    WEAK   DEFAULT   11 _ZN4absl12lts_2025081412crc_internal9CrcMemcpy10CrcAndCopyEPvPKvmNS0_8crc32c_tEb
    43: 0000000000004d20    16 OBJECT  WEAK   DEFAULT   19 _ZTIN4absl12lts_2025081412crc_internal15CrcMemcpyEngineE
    44: 0000000000004d30    40 OBJECT  GLOBAL DEFAULT   19 _ZTVN4absl12lts_2025081412crc_internal26CrcNonTemporalMemcpyEngineE
    45: 00000000000028b2    10 FUNC    WEAK   DEFAULT   11 _ZN4absl12lts_2025081412crc_internal29CrcNonTemporalMemcpyAVXEngineD0Ev
    46: 0000000000004d98    24 OBJECT  GLOBAL DEFAULT   19 _ZTIN4absl12lts_2025081412crc_internal29CrcNonTemporalMemcpyAVXEngineE
