
Symbol table '.dynsym' contains 99 entries:
   Num:    Value          Size Type    Bind   Vis      Ndx Name
     0: 0000000000000000     0 NOTYPE  LOCAL  DEFAULT  UND 
     1: 0000000000000000     0 FUNC    GLOBAL DEFAULT  UND _ZN4Dali8PropertyD1Ev
     2: 0000000000000000     0 FUNC    GLOBAL DEFAULT  UND _ZN4Dali9Animation4PlayEv
     3: 0000000000000000     0 FUNC    GLOBAL DEFAULT  UND _ZN4Dali8KeyEventC1ERKS0_
     4: 0000000000000000     0 FUNC    GLOBAL DEFAULT  UND _ZN4Dali7Scene3D5PanelD1Ev
     5: 0000000000000000     0 FUNC    GLOBAL DEFAULT  UND memcpy@GLIBC_2.14 (2)
     6: 0000000000000000     0 FUNC    GLOBAL DEFAULT  UND _ZNK4Dali6Handle11GetPropertyEi
     7: 0000000000000000     0 FUNC    GLOBAL DEFAULT  UND _ZdlPvm@CXXABI_1.3.9 (3)
     8: 0000000000000000     0 NOTYPE  WEAK   DEFAULT  UND _ITM_deregisterTMCloneTable
     9: 0000000000000000     0 FUNC    GLOBAL DEFAULT  UND _ZN4Dali6StringD1Ev
    10: 0000000000000000     0 FUNC    GLOBAL DEFAULT  UND _Znwm@GLIBCXX_3.4 (4)
    11: 0000000000000000     0 FUNC    GLOBAL DEFAULT  UND _ZNSt7__cxx1112basic_stringIcSt11char_traitsIcESaIcEE7replaceEmmPKcm@GLIBCXX_3.4.21 (5)
    12: 0000000000000000     0 FUNC    GLOBAL DEFAULT  UND _ZN4Dali7Scene3D5PanelC1Ev
    13: 0000000000000000     0 FUNC    GLOBAL DEFAULT  UND _ZN4Dali10StringViewC1EPKcj
    14: 0000000000000000     0 FUNC    GLOBAL DEFAULT  UND _ZN4Dali11Application10InitSignalEv
    15: 0000000000000000     0 FUNC    GLOBAL DEFAULT  UND _ZN4Dali6WindowD1Ev
    16: 0000000000000000     0 FUNC    GLOBAL DEFAULT  UND _ZN4Dali8Property5ValueC1ERKNS_7Vector3E
    17: 0000000000000000     0 FUNC    GLOBAL DEFAULT  UND __stack_chk_fail@GLIBC_2.4 (7)
    18: 0000000000000000     0 FUNC    GLOBAL DEFAULT  UND _ZN4Dali8PropertyC1ERNS_6HandleEi
    19: 0000000000000000     0 FUNC    GLOBAL DEFAULT  UND _ZN4Dali6Window14KeyEventSignalEv
    20: 0000000000000000     0 FUNC    GLOBAL DEFAULT  UND _ZN4Dali10TouchEventC1ERKS0_
    21: 0000000000000000     0 FUNC    GLOBAL DEFAULT  UND _ZN4Dali7Scene3D5Panel3NewEv
    22: 0000000000000000     0 FUNC    GLOBAL DEFAULT  UND _ZN4Dali11ApplicationD1Ev
    23: 0000000000000000     0 FUNC    GLOBAL DEFAULT  UND _ZN4Dali11Application3NewEPiPPPcNS_10StringViewE
    24: 0000000000000000     0 FUNC    GLOBAL DEFAULT  UND _ZNSt7__cxx1112basic_stringIcSt11char_traitsIcESaIcEE6appendEPKcm@GLIBCXX_3.4.21 (5)
    25: 0000000000000000     0 FUNC    GLOBAL DEFAULT  UND _ZN4Dali17ConnectionTracker15SignalConnectedEPNS_12SlotObserverEPNS_12CallbackBaseE
    26: 0000000000000000     0 FUNC    GLOBAL DEFAULT  UND _ZN4Dali17ConnectionTracker18SignalDisconnectedEPNS_12SlotObserverEPNS_12CallbackBaseE
    27: 0000000000000000     0 FUNC    GLOBAL DEFAULT  UND _ZNK4Dali8KeyEvent8GetStateEv
    28: 0000000000000000     0 FUNC    GLOBAL DEFAULT  UND _ZN4Dali8Property5ValueD1Ev
    29: 0000000000000000     0 FUNC    GLOBAL DEFAULT  UND _ZN4Dali17ConnectionTrackerD2Ev
    30: 0000000000000000     0 FUNC    GLOBAL DEFAULT  UND _ZN4Dali9AnimationD1Ev
    31: 0000000000000000     0 NOTYPE  WEAK   DEFAULT  UND __gmon_start__
    32: 0000000000000000     0 FUNC    GLOBAL DEFAULT  UND _ZN4Dali6Handle11SetPropertyEiNS_8Property5ValueE
    33: 0000000000000000     0 FUNC    GLOBAL DEFAULT  UND _ZN4Dali9Animation9AnimateToENS_8PropertyENS1_5ValueE
    34: 0000000000000000     0 FUNC    GLOBAL DEFAULT  UND _ZN4Dali8Property5ValueC1ENS_6StringE
    35: 0000000000000000     0 FUNC    GLOBAL DEFAULT  UND _ZN4Dali7Toolkit9TextLabelaSEOS1_
    36: 0000000000000000     0 FUNC    GLOBAL DEFAULT  UND _ZN4Dali10BaseSignalC1Ev
    37: 0000000000000000     0 FUNC    GLOBAL DEFAULT  UND _ZN4Dali9Animation14SetLoopingModeENS0_11LoopingModeE
    38: 0000000000000000     0 FUNC    GLOBAL DEFAULT  UND setenv@GLIBC_2.2.5 (6)
    39: 0000000000000000     0 FUNC    GLOBAL DEFAULT  UND _ZN4Dali9Animation3NewEf
    40: 0000000000000000     0 FUNC    GLOBAL DEFAULT  UND _ZN4Dali7Toolkit7Control3NewEv
    41: 0000000000000000     0 FUNC    GLOBAL DEFAULT  UND __gxx_personality_v0@CXXABI_1.3 (8)
    42: 0000000000000000     0 FUNC    GLOBAL DEFAULT  UND _ZNK4Dali8Property5Value3GetERb
    43: 0000000000000000     0 FUNC    GLOBAL DEFAULT  UND _ZN4Dali7Scene3D5Panel10SetContentENS_5ActorE
    44: 0000000000000000     0 FUNC    GLOBAL DEFAULT  UND _Unwind_Resume@GCC_3.0 (9)
    45: 0000000000000000     0 FUNC    GLOBAL DEFAULT  UND _ZNSt7__cxx1112basic_stringIcSt11char_traitsIcESaIcEE6appendEPKc@GLIBCXX_3.4.21 (5)
    46: 0000000000000000     0 FUNC    GLOBAL DEFAULT  UND _ZN4Dali7Scene3D5PanelaSEOS1_
    47: 0000000000000000     0 FUNC    GLOBAL DEFAULT  UND _ZNSt7__cxx1112basic_stringIcSt11char_traitsIcESaIcEE9_M_createERmm@GLIBCXX_3.4.21 (5)
    48: 0000000000000000     0 FUNC    GLOBAL DEFAULT  UND _ZN4Dali8Property5ValueC1Eb
    49: 0000000000000000     0 FUNC    GLOBAL DEFAULT  UND _ZN4Dali17ConnectionTrackerC2Ev
    50: 0000000000000000     0 FUNC    GLOBAL DEFAULT  UND vsnprintf@GLIBC_2.2.5 (6)
    51: 0000000000000000     0 FUNC    GLOBAL DEFAULT  UND _ZN4Dali7Scene3D9SceneView14UseFramebufferEb
    52: 0000000000000000     0 FUNC    GLOBAL DEFAULT  UND _ZN4Dali7Scene3D5Panel18SetPanelResolutionERKNS_7Vector2E
    53: 0000000000000000     0 FUNC    GLOBAL DEFAULT  UND _ZN4Dali7Scene3D9SceneViewD1Ev
    54: 0000000000000000     0 FUNC    GLOBAL DEFAULT  UND _ZN4Dali7Toolkit9TextLabel3NewEv
    55: 0000000000000000     0 FUNC    GLOBAL DEFAULT  UND _ZN4Dali5ActorD1Ev
    56: 0000000000000000     0 FUNC    GLOBAL DEFAULT  UND _ZN4Dali10TouchEventD1Ev
    57: 0000000000000000     0 FUNC    GLOBAL DEFAULT  UND _ZN4Dali10StringViewD1Ev
    58: 0000000000000000     0 FUNC    GLOBAL DEFAULT  UND _ZN4Dali6Window3AddENS_5ActorE
    59: 0000000000000000     0 FUNC    GLOBAL DEFAULT  UND _ZN4Dali6StringC1EOS0_
    60: 0000000000000000     0 OBJECT  GLOBAL DEFAULT  UND _ZTIN4Dali17ConnectionTrackerE
    61: 0000000000000000     0 FUNC    GLOBAL DEFAULT  UND _ZN4Dali8Property5ValueC1ERKNS_10QuaternionE
    62: 0000000000000000     0 FUNC    GLOBAL DEFAULT  UND _ZN4Dali7Toolkit7Control18SetBackgroundColorERKNS_7Vector4E
    63: 0000000000000000     0 FUNC    GLOBAL DEFAULT  UND _ZN4Dali11Application9GetWindowEv
    64: 0000000000000000     0 FUNC    GLOBAL DEFAULT  UND _ZNSt7__cxx1112basic_stringIcSt11char_traitsIcESaIcEE7reserveEm@GLIBCXX_3.4.21 (5)
    65: 0000000000000000     0 OBJECT  GLOBAL DEFAULT  UND _ZTVN10__cxxabiv120__si_class_type_infoE@CXXABI_1.3 (8)
    66: 0000000000000000     0 FUNC    GLOBAL DEFAULT  UND _ZN4Dali6WindowC1ERKS0_
    67: 0000000000000000     0 FUNC    GLOBAL DEFAULT  UND _ZN4Dali12CallbackBaseC2EPvMS0_FvvEPFvRS0_E
    68: 0000000000000000     0 FUNC    GLOBAL DEFAULT  UND _ZN4Dali6Window18SetBackgroundColorERKNS_7Vector4E
    69: 0000000000000000     0 FUNC    GLOBAL DEFAULT  UND _ZN4Dali10QuaternionC1ENS_6RadianERKNS_7Vector3E
    70: 0000000000000000     0 FUNC    GLOBAL DEFAULT  UND _ZN4Dali11Application8MainLoopEv
    71: 0000000000000000     0 FUNC    GLOBAL DEFAULT  UND _ZNK4Dali6Window7GetSizeEv
    72: 0000000000000000     0 FUNC    GLOBAL DEFAULT  UND _ZNK4Dali10BaseHandlecvbEv
    73: 0000000000000000     0 FUNC    GLOBAL DEFAULT  UND _ZN4Dali8Property5ValueC1ERKNS_7Vector2E
    74: 0000000000000000     0 FUNC    GLOBAL DEFAULT  UND _ZN4Dali6Window13TouchedSignalEv
    75: 0000000000000000     0 FUNC    GLOBAL DEFAULT  UND _ZN4Dali8Property5ValueC1Ef
    76: 0000000000000000     0 FUNC    GLOBAL DEFAULT  UND _ZN4Dali9Animation10SetLoopingEb
    77: 0000000000000000     0 FUNC    GLOBAL DEFAULT  UND _ZN4Dali5Actor3AddES0_
    78: 0000000000000000     0 FUNC    GLOBAL DEFAULT  UND _ZN4Dali10StringViewC1EPKc
    79: 0000000000000000     0 FUNC    GLOBAL DEFAULT  UND _ZN4Dali7Toolkit9TextLabelD1Ev
    80: 0000000000000000     0 FUNC    GLOBAL DEFAULT  UND _ZNK4Dali8KeyEvent10GetKeyNameEv
    81: 0000000000000000     0 NOTYPE  WEAK   DEFAULT  UND _ITM_registerTMCloneTable
    82: 0000000000000000     0 FUNC    GLOBAL DEFAULT  UND _ZN4Dali10BaseSignal9OnConnectEPNS_26ConnectionTrackerInterfaceEPNS_12CallbackBaseE
    83: 0000000000000000     0 FUNC    GLOBAL DEFAULT  UND _ZN4Dali11ApplicationC1ERKS0_
    84: 0000000000000000     0 FUNC    GLOBAL DEFAULT  UND _ZN4Dali11Application4QuitEv
    85: 0000000000000000     0 FUNC    GLOBAL DEFAULT  UND _ZN4Dali7Toolkit9TextLabelC1Ev
    86: 0000000000000000     0 OBJECT  GLOBAL DEFAULT  UND _ZTIN4Dali12CallbackBaseE
    87: 0000000000000000     0 FUNC    GLOBAL DEFAULT  UND _ZN4Dali7Scene3D9SceneView3NewEv
    88: 0000000000000000     0 FUNC    GLOBAL DEFAULT  UND _ZN4Dali7Toolkit7ControlD1Ev
    89: 0000000000000000     0 FUNC    GLOBAL DEFAULT  UND _ZN4Dali12CallbackBaseD2Ev
    90: 0000000000000000     0 FUNC    GLOBAL DEFAULT  UND _ZN4Dali8KeyEventD1Ev
    91: 0000000000000000     0 FUNC    GLOBAL DEFAULT  UND _ZN4Dali6StringC1ERKNS_10StringViewE
    92: 0000000000000000     0 FUNC    GLOBAL DEFAULT  UND __libc_start_main@GLIBC_2.34 (10)
    93: 0000000000000000     0 OBJECT  GLOBAL DEFAULT  UND _ZN4Dali7Vector35YAXISE
    94: 0000000000000000     0 FUNC    GLOBAL DEFAULT  UND _ZN4Dali5ActorC1ERKS0_
    95: 0000000000000000     0 FUNC    GLOBAL DEFAULT  UND _ZNK4Dali6StringeqEPKc
    96: 00000000000055ce   130 FUNC    WEAK   DEFAULT   14 _ZNSt7__cxx1112basic_stringIcSt11char_traitsIcESaIcEE12_M_constructIPcEEvT_S7_St20forward_iterator_tag
    97: 0000000000000000     0 FUNC    WEAK   DEFAULT  UND __cxa_finalize@GLIBC_2.2.5 (6)
    98: 0000000000005472   130 FUNC    WEAK   DEFAULT   14 _ZNSt7__cxx1112basic_stringIcSt11char_traitsIcESaIcEE12_M_constructIPKcEEvT_S8_St20forward_iterator_tag
