
Symbol table '.dynsym' contains 281 entries:
   Num:    Value          Size Type    Bind   Vis      Ndx Name
     0: 0000000000000000     0 NOTYPE  LOCAL  DEFAULT  UND 
     1: 0000000000000000     0 FUNC    GLOBAL DEFAULT  UND _ZN4Dali8PropertyD1Ev
     2: 0000000000000000     0 FUNC    GLOBAL DEFAULT  UND _ZN4Dali8Property5ArrayC1Ev
     3: 0000000000000000     0 FUNC    GLOBAL DEFAULT  UND _ZN4Dali12VertexBuffer3NewERNS_8Property3MapE
     4: 0000000000000000     0 FUNC    GLOBAL DEFAULT  UND _ZN4Dali8Property5ValueaSEOS1_
     5: 0000000000000000     0 FUNC    GLOBAL DEFAULT  UND _ZN4Dali7Toolkit11ControlImpl14GetNaturalSizeEv
     6: 0000000000000000     0 FUNC    GLOBAL DEFAULT  UND _ZThn32_N4Dali7Toolkit11ControlImpl15SignalConnectedEPNS_12SlotObserverEPNS_12CallbackBaseE
     7: 0000000000000000     0 FUNC    GLOBAL DEFAULT  UND _ZN4Dali9Animation4PlayEv
     8: 0000000000000000     0 FUNC    GLOBAL DEFAULT  UND _ZSt19__throw_logic_errorPKc@GLIBCXX_3.4 (2)
     9: 0000000000000000     0 FUNC    GLOBAL DEFAULT  UND __cxa_begin_catch@CXXABI_1.3 (3)
    10: 0000000000000000     0 FUNC    GLOBAL DEFAULT  UND _ZN4Dali8KeyEventC1ERKS0_
    11: 0000000000000000     0 FUNC    GLOBAL DEFAULT  UND _ZN4Dali8Property5Array8PushBackERKNS0_5ValueE
    12: 0000000000000000     0 FUNC    GLOBAL DEFAULT  UND _ZN4Dali7Toolkit11ControlImpl13OnChildRemoveERNS_5ActorE
    13: 0000000000000000     0 FUNC    GLOBAL DEFAULT  UND memcpy@GLIBC_2.14 (4)
    14: 0000000000000000     0 FUNC    GLOBAL DEFAULT  UND _ZN4Dali5Layer10RaiseToTopEv
    15: 0000000000000000     0 FUNC    GLOBAL DEFAULT  UND _ZN4Dali7Toolkit11ControlImpl33GetOffScreenRenderableSourceActorEv
    16: 0000000000000000     0 FUNC    GLOBAL DEFAULT  UND _ZN4Dali8Property5ValueC2Ei
    17: 0000000000000000     0 FUNC    GLOBAL DEFAULT  UND _ZN4Dali7Toolkit11ControlImpl15SignalConnectedEPNS_12SlotObserverEPNS_12CallbackBaseE
    18: 0000000000000000     0 FUNC    GLOBAL DEFAULT  UND _ZN4Dali8Geometry15AddVertexBufferERNS_12VertexBufferE
    19: 0000000000000000     0 FUNC    GLOBAL DEFAULT  UND _ZN4Dali8Property5ValueC1Ei
    20: 0000000000000000     0 FUNC    GLOBAL DEFAULT  UND _ZdlPvm@CXXABI_1.3.9 (5)
    21: 0000000000000000     0 NOTYPE  WEAK   DEFAULT  UND _ITM_deregisterTMCloneTable
    22: 0000000000000000     0 FUNC    GLOBAL DEFAULT  UND _ZN4Dali8Renderer11SetTexturesERNS_10TextureSetE
    23: 0000000000000000     0 FUNC    GLOBAL DEFAULT  UND _ZN4Dali7Toolkit7ControlD2Ev
    24: 0000000000000000     0 FUNC    GLOBAL DEFAULT  UND _ZN4Dali8Property5ValueC1ENS0_5ArrayE
    25: 0000000000000000     0 FUNC    GLOBAL DEFAULT  UND _ZN4Dali7Toolkit11ControlImpl5OnTapERKNS_10TapGestureE
    26: 0000000000000000     0 FUNC    GLOBAL DEFAULT  UND _ZN4Dali13AlphaFunctionD1Ev
    27: 0000000000000000     0 FUNC    GLOBAL DEFAULT  UND _ZN4Dali9PixelDataD1Ev
    28: 0000000000000000     0 FUNC    GLOBAL DEFAULT  UND _ZN4Dali6StringD1Ev
    29: 0000000000000000     0 FUNC    GLOBAL DEFAULT  UND _ZN4Dali8Property3MapixENS_10StringViewE
    30: 0000000000000000     0 FUNC    GLOBAL DEFAULT  UND _Znwm@GLIBCXX_3.4 (2)
    31: 0000000000000000     0 FUNC    GLOBAL DEFAULT  UND _ZN4Dali5Actor3NewEv
    32: 0000000000000000     0 FUNC    GLOBAL DEFAULT  UND _ZN4Dali6ShaderD1Ev
    33: 0000000000000000     0 FUNC    GLOBAL DEFAULT  UND _ZNK4Dali5Actor14GetNaturalSizeEv
    34: 0000000000000000     0 FUNC    GLOBAL DEFAULT  UND _ZN4Dali10StringViewC1EPKcj
    35: 0000000000000000     0 FUNC    GLOBAL DEFAULT  UND _ZNK4Dali5Devel11PixelBuffer9GetHeightEv
    36: 0000000000000000     0 FUNC    GLOBAL DEFAULT  UND _ZN4Dali7Toolkit11ControlImpl17GetHeightForWidthEf
    37: 0000000000000000     0 FUNC    GLOBAL DEFAULT  UND _ZN4Dali7Toolkit11ControlImpl18OnAccessibilityPanENS_10PanGestureE
    38: 0000000000000000     0 FUNC    GLOBAL DEFAULT  UND _ZN4Dali8Property5ValueC1ERKNS_7Vector4E
    39: 0000000000000000     0 FUNC    GLOBAL DEFAULT  UND _ZN4Dali10VectorBaseD2Ev
    40: 0000000000000000     0 FUNC    GLOBAL DEFAULT  UND _ZN4Dali11Application10InitSignalEv
    41: 0000000000000000     0 FUNC    GLOBAL DEFAULT  UND _ZN4Dali5ActoraSEOS0_
    42: 0000000000000000     0 FUNC    GLOBAL DEFAULT  UND _ZN4Dali11CustomActorD1Ev
    43: 0000000000000000     0 FUNC    GLOBAL DEFAULT  UND _ZN4Dali5ActorC1EOS0_
    44: 0000000000000000     0 FUNC    GLOBAL DEFAULT  UND _ZN4Dali15CustomActorImpl15RelayoutRequestEv
    45: 0000000000000000     0 FUNC    GLOBAL DEFAULT  UND _ZNK4Dali5Actor10GetChildAtEj
    46: 0000000000000000     0 FUNC    GLOBAL DEFAULT  UND _ZN4Dali7Toolkit11ControlImpl29GetNextKeyboardFocusableActorENS_5ActorENS0_7Control13KeyboardFocus9DirectionEb
    47: 0000000000000000     0 FUNC    GLOBAL DEFAULT  UND _ZN4Dali7Toolkit9TableView16SetRelativeWidthEjf
    48: 0000000000000000     0 FUNC    GLOBAL DEFAULT  UND _ZN4Dali5Actor11AddRendererERNS_8RendererE
    49: 0000000000000000     0 FUNC    GLOBAL DEFAULT  UND _ZN4Dali7Toolkit9TableView8AddChildENS_5ActorENS1_12CellPositionE
    50: 0000000000000000     0 FUNC    GLOBAL DEFAULT  UND _ZN4Dali9AnimationaSEOS0_
    51: 0000000000000000     0 FUNC    GLOBAL DEFAULT  UND _ZN4Dali10VectorBase7ReserveEmm
    52: 0000000000000000     0 FUNC    GLOBAL DEFAULT  UND _ZN4Dali6Shader3NewENS_10StringViewES1_NS0_4Hint5ValueES1_
    53: 0000000000000000     0 FUNC    GLOBAL DEFAULT  UND _ZN4Dali7Toolkit11ControlImpl27RelayoutDependentOnChildrenENS_9Dimension4TypeE
    54: 0000000000000000     0 FUNC    GLOBAL DEFAULT  UND _ZN4Dali6WindowD1Ev
    55: 0000000000000000     0 FUNC    GLOBAL DEFAULT  UND _ZN4Dali5IsKeyERKNS_8KeyEventENS_3KEYE
    56: 0000000000000000     0 FUNC    GLOBAL DEFAULT  UND _ZN4Dali5Devel11PixelBufferD1Ev
    57: 0000000000000000     0 FUNC    GLOBAL DEFAULT  UND _ZN4Dali7Toolkit11ControlImpl27OnAnimateAnimatablePropertyERNS_9AnimationEiNS2_5StateE
    58: 0000000000000000     0 FUNC    GLOBAL DEFAULT  UND _ZN4Dali8Property5ValueC1EPKc
    59: 0000000000000000     0 FUNC    GLOBAL DEFAULT  UND _ZN4Dali5Devel11PixelBuffer7ConvertERS1_
    60: 0000000000000000     0 FUNC    GLOBAL DEFAULT  UND _ZN4Dali8Property3MapC1Ev
    61: 0000000000000000     0 FUNC    GLOBAL DEFAULT  UND _ZNK4Dali5Actor9GetParentEv
    62: 0000000000000000     0 FUNC    GLOBAL DEFAULT  UND _ZN4Dali7Toolkit11ControlImplD2Ev
    63: 0000000000000000     0 FUNC    GLOBAL DEFAULT  UND _ZN4Dali7Toolkit11ControlImpl22CreateAccessibleObjectEv
    64: 0000000000000000     0 FUNC    GLOBAL DEFAULT  UND _ZN4Dali8Property5ValueC1ERKNS_7Vector3E
    65: 0000000000000000     0 FUNC    GLOBAL DEFAULT  UND _ZN4Dali7Toolkit11ControlImpl18CalculateChildSizeERKNS_5ActorENS_9Dimension4TypeE
    66: 0000000000000000     0 FUNC    GLOBAL DEFAULT  UND _ZN4Dali7Toolkit11ControlImpl18OnLayoutNegotiatedEfNS_9Dimension4TypeE
    67: 0000000000000000     0 FUNC    GLOBAL DEFAULT  UND _ZNK4Dali5Actor13GetTargetSizeEv
    68: 0000000000000000     0 FUNC    GLOBAL DEFAULT  UND __stack_chk_fail@GLIBC_2.4 (7)
    69: 0000000000000000     0 FUNC    GLOBAL DEFAULT  UND _ZN4Dali8PropertyC1ERNS_6HandleEi
    70: 0000000000000000     0 FUNC    GLOBAL DEFAULT  UND _ZN4Dali7Toolkit11ControlImpl23GetOffScreenRenderTasksERNS_6VectorINS_10RenderTaskELb0EEEb
    71: 0000000000000000     0 FUNC    GLOBAL DEFAULT  UND _ZN4Dali7Toolkit11ControlImpl30OnConstraintAnimatablePropertyERNS_10ConstraintEib
    72: 0000000000000000     0 FUNC    GLOBAL DEFAULT  UND _ZN4Dali6Window14KeyEventSignalEv
    73: 0000000000000000     0 FUNC    GLOBAL DEFAULT  UND _ZN4Dali10TouchEventC1ERKS0_
    74: 0000000000000000     0 FUNC    GLOBAL DEFAULT  UND _ZNK4Dali5Actor13GetChildCountEv
    75: 0000000000000000     0 FUNC    GLOBAL DEFAULT  UND _ZN4Dali5Actor6RemoveES0_
    76: 0000000000000000     0 FUNC    GLOBAL DEFAULT  UND _ZN4Dali11ApplicationD1Ev
    77: 0000000000000000     0 FUNC    GLOBAL DEFAULT  UND _ZN4Dali8Geometry3NewEv
    78: 0000000000000000     0 FUNC    GLOBAL DEFAULT  UND _ZN4Dali11Application3NewEPiPPPcNS_10StringViewE
    79: 0000000000000000     0 FUNC    GLOBAL DEFAULT  UND _ZN4Dali17ConnectionTracker15SignalConnectedEPNS_12SlotObserverEPNS_12CallbackBaseE
    80: 0000000000000000     0 FUNC    GLOBAL DEFAULT  UND _ZN4Dali7Toolkit9TableView12InsertColumnEj
    81: 0000000000000000     0 FUNC    GLOBAL DEFAULT  UND _ZN4Dali12VertexBufferC1Ev
    82: 0000000000000000     0 FUNC    GLOBAL DEFAULT  UND __cxa_guard_acquire@CXXABI_1.3 (3)
    83: 0000000000000000     0 FUNC    GLOBAL DEFAULT  UND _ZN4Dali7Toolkit11ControlImpl24OnAccessibilityActivatedEv
    84: 0000000000000000     0 OBJECT  GLOBAL DEFAULT  UND _ZTVN10__cxxabiv117__class_type_infoE@CXXABI_1.3 (3)
    85: 0000000000000000     0 FUNC    GLOBAL DEFAULT  UND _ZN4Dali17ConnectionTracker18SignalDisconnectedEPNS_12SlotObserverEPNS_12CallbackBaseE
    86: 0000000000000000     0 FUNC    GLOBAL DEFAULT  UND _ZNK4Dali8KeyEvent8GetStateEv
    87: 0000000000000000     0 FUNC    GLOBAL DEFAULT  UND _ZN4Dali8Property5ValueD1Ev
    88: 0000000000000000     0 FUNC    GLOBAL DEFAULT  UND _ZN4Dali17ConnectionTrackerD2Ev
    89: 0000000000000000     0 FUNC    GLOBAL DEFAULT  UND _ZN4Dali7Toolkit11ControlImpl10OnRelayoutERKNS_7Vector2ERNS_17RelayoutContainerE
    90: 0000000000000000     0 FUNC    GLOBAL DEFAULT  UND _ZN4Dali8GeometryC1ERKS0_
    91: 0000000000000000     0 OBJECT  GLOBAL DEFAULT  UND _ZN4Dali7Vector33ONEE
    92: 0000000000000000     0 FUNC    GLOBAL DEFAULT  UND __cxa_allocate_exception@CXXABI_1.3 (3)
    93: 0000000000000000     0 FUNC    GLOBAL DEFAULT  UND _ZN4Dali7Toolkit9TableViewC1Ev
    94: 0000000000000000     0 FUNC    GLOBAL DEFAULT  UND _ZN4Dali9AnimationD1Ev
    95: 0000000000000000     0 NOTYPE  WEAK   DEFAULT  UND __gmon_start__
    96: 0000000000000000     0 FUNC    GLOBAL DEFAULT  UND strlen@GLIBC_2.2.5 (6)
    97: 0000000000000000     0 FUNC    GLOBAL DEFAULT  UND _ZN4Dali7Toolkit11ControlImpl19OnKeyInputFocusLostEv
    98: 0000000000000000     0 FUNC    GLOBAL DEFAULT  UND _ZN4Dali7Toolkit11ControlImpl18SignalDisconnectedEPNS_12SlotObserverEPNS_12CallbackBaseE
    99: 0000000000000000     0 OBJECT  GLOBAL DEFAULT  UND _ZTIN4Dali7Toolkit11ControlImplE
   100: 0000000000000000     0 FUNC    GLOBAL DEFAULT  UND _ZN4Dali6Handle11SetPropertyEiNS_8Property5ValueE
   101: 0000000000000000     0 FUNC    GLOBAL DEFAULT  UND _ZN4Dali7Vector2C1ERKNS_7Vector3E
   102: 0000000000000000     0 FUNC    GLOBAL DEFAULT  UND _ZN4Dali12VertexBufferaSEOS0_
   103: 0000000000000000     0 FUNC    GLOBAL DEFAULT  UND _ZN4Dali8Property5ValueC1ENS_6StringE
   104: 0000000000000000     0 FUNC    GLOBAL DEFAULT  UND _ZN4Dali7Toolkit11ControlImpl10OnChildAddERNS_5ActorE
   105: 0000000000000000     0 FUNC    GLOBAL DEFAULT  UND _ZN4Dali10TextureSetD1Ev
   106: 0000000000000000     0 FUNC    GLOBAL DEFAULT  UND _ZN4Dali7Toolkit11ControlImpl5OnPanERKNS_10PanGestureE
   107: 0000000000000000     0 FUNC    GLOBAL DEFAULT  UND _ZSt18_Rb_tree_decrementPSt18_Rb_tree_node_base@GLIBCXX_3.4 (2)
   108: 0000000000000000     0 FUNC    GLOBAL DEFAULT  UND _ZN4Dali10VectorBase5EraseEPhS1_m
   109: 0000000000000000     0 FUNC    GLOBAL DEFAULT  UND _ZN4Dali10BaseSignalC1Ev
   110: 0000000000000000     0 FUNC    GLOBAL DEFAULT  UND _ZN4Dali8Property5ArrayD1Ev
   111: 0000000000000000     0 FUNC    GLOBAL DEFAULT  UND _ZN4Dali7Toolkit7ControlC1Ev
   112: 0000000000000000     0 FUNC    GLOBAL DEFAULT  UND _ZN4Dali13DaliExceptionC1EPKcS2_
   113: 0000000000000000     0 FUNC    GLOBAL DEFAULT  UND setenv@GLIBC_2.2.5 (6)
   114: 0000000000000000     0 FUNC    GLOBAL DEFAULT  UND _ZN4Dali7Toolkit9TableViewD1Ev
   115: 0000000000000000     0 FUNC    GLOBAL DEFAULT  UND _ZNK4Dali5Devel11PixelBuffer14GetPixelFormatEv
   116: 0000000000000000     0 FUNC    GLOBAL DEFAULT  UND _ZN4Dali7Toolkit11ControlImpl21OnKeyInputFocusGainedEv
   117: 0000000000000000     0 FUNC    GLOBAL DEFAULT  UND __cxa_guard_release@CXXABI_1.3 (3)
   118: 0000000000000000     0 FUNC    GLOBAL DEFAULT  UND _ZN4Dali8Geometry14SetIndexBufferEPKtj
   119: 0000000000000000     0 FUNC    GLOBAL DEFAULT  UND _ZN4Dali7Toolkit11ControlImpl15OnSizeAnimationERNS_9AnimationERKNS_7Vector3E
   120: 0000000000000000     0 FUNC    GLOBAL DEFAULT  UND _ZN4Dali7Toolkit11ControlImpl17OnSetResizePolicyENS_12ResizePolicy4TypeENS_9Dimension4TypeE
   121: 0000000000000000     0 FUNC    GLOBAL DEFAULT  UND _ZN4Dali8Property3MapD1Ev
   122: 0000000000000000     0 FUNC    GLOBAL DEFAULT  UND _ZN4Dali5LayerC1ERKS0_
   123: 0000000000000000     0 FUNC    GLOBAL DEFAULT  UND _ZN4Dali7Toolkit11ControlImpl19OnApplyDefaultStyleEv
   124: 0000000000000000     0 FUNC    GLOBAL DEFAULT  UND _ZN4Dali9PixelDataC1ERKS0_
   125: 0000000000000000     0 FUNC    GLOBAL DEFAULT  UND _ZN4Dali5LayerD1Ev
   126: 0000000000000000     0 FUNC    GLOBAL DEFAULT  UND _ZN4Dali9Animation3NewEf
   127: 0000000000000000     0 FUNC    GLOBAL DEFAULT  UND _ZN4Dali7Toolkit7Control3NewEv
   128: 0000000000000000     0 FUNC    GLOBAL DEFAULT  UND _ZN4Dali10TextureSet3NewEv
   129: 0000000000000000     0 FUNC    GLOBAL DEFAULT  UND __gxx_personality_v0@CXXABI_1.3 (3)
   130: 0000000000000000     0 FUNC    GLOBAL DEFAULT  UND _ZN4Dali5Layer3NewEv
   131: 0000000000000000     0 FUNC    GLOBAL DEFAULT  UND _ZThn32_N4Dali7Toolkit11ControlImpl18SignalDisconnectedEPNS_12SlotObserverEPNS_12CallbackBaseE
   132: 0000000000000000     0 FUNC    GLOBAL DEFAULT  UND __cxa_throw@CXXABI_1.3 (3)
   133: 0000000000000000     0 FUNC    GLOBAL DEFAULT  UND _ZN4Dali7Toolkit11ControlImpl30IsOffScreenRenderTaskExclusiveEv
   134: 0000000000000000     0 FUNC    GLOBAL DEFAULT  UND _Unwind_Resume@GCC_3.0 (8)
   135: 0000000000000000     0 FUNC    GLOBAL DEFAULT  UND _ZN4Dali9AnimationC1Ev
   136: 0000000000000000     0 FUNC    GLOBAL DEFAULT  UND _ZN4Dali8Property3MapC1ERKS1_
   137: 0000000000000000     0 FUNC    GLOBAL DEFAULT  UND _ZNSt7__cxx1112basic_stringIcSt11char_traitsIcESaIcEE9_M_createERmm@GLIBCXX_3.4.21 (9)
   138: 0000000000000000     0 FUNC    GLOBAL DEFAULT  UND _ZN4Dali8Property5ValueC1Eb
   139: 0000000000000000     0 FUNC    GLOBAL DEFAULT  UND _ZN4Dali17ConnectionTrackerC2Ev
   140: 0000000000000000     0 FUNC    GLOBAL DEFAULT  UND _ZN4Dali8Renderer3NewERNS_8GeometryERNS_6ShaderE
   141: 0000000000000000     0 FUNC    GLOBAL DEFAULT  UND _ZN4Dali8RendererD1Ev
   142: 0000000000000000     0 FUNC    GLOBAL DEFAULT  UND _ZN4Dali13AlphaFunctionC1ENS0_15BuiltinFunctionE
   143: 0000000000000000     0 FUNC    GLOBAL DEFAULT  UND _ZN4Dali7Toolkit9TextLabel3NewEv
   144: 0000000000000000     0 FUNC    GLOBAL DEFAULT  UND _ZN4Dali8Property3Map6InsertEiNS0_5ValueE
   145: 0000000000000000     0 FUNC    GLOBAL DEFAULT  UND _ZN4Dali10QuaternionC1ENS_6RadianES1_S1_
   146: 0000000000000000     0 FUNC    GLOBAL DEFAULT  UND _ZNK4Dali15CustomActorImpl4SelfEv
   147: 0000000000000000     0 FUNC    GLOBAL DEFAULT  UND _ZN4Dali5ActorD1Ev
   148: 0000000000000000     0 FUNC    GLOBAL DEFAULT  UND _ZN4Dali9Animation9AnimateByENS_8PropertyENS1_5ValueENS_13AlphaFunctionENS_10TimePeriodE
   149: 0000000000000000     0 FUNC    GLOBAL DEFAULT  UND _ZN4Dali9RefObject9ReferenceEv
   150: 0000000000000000     0 FUNC    GLOBAL DEFAULT  UND _ZN4Dali10TouchEventD1Ev
   151: 0000000000000000     0 FUNC    GLOBAL DEFAULT  UND _ZN4Dali10StringViewD1Ev
   152: 0000000000000000     0 FUNC    GLOBAL DEFAULT  UND _ZN4Dali8Property5ValueC1EOS1_
   153: 0000000000000000     0 FUNC    GLOBAL DEFAULT  UND __cxa_end_catch@CXXABI_1.3 (3)
   154: 0000000000000000     0 FUNC    GLOBAL DEFAULT  UND _ZN4Dali6Window3AddENS_5ActorE
   155: 0000000000000000     0 FUNC    GLOBAL DEFAULT  UND _ZN4Dali6StringC1EOS0_
   156: 0000000000000000     0 OBJECT  GLOBAL DEFAULT  UND _ZTIN4Dali17ConnectionTrackerE
   157: 0000000000000000     0 FUNC    GLOBAL DEFAULT  UND _ZN4Dali10VectorBase8SetCountEm
   158: 0000000000000000     0 FUNC    GLOBAL DEFAULT  UND _ZN4Dali8Property5ValueC1ERKNS_10QuaternionE
   159: 0000000000000000     0 FUNC    GLOBAL DEFAULT  UND _ZN4Dali8Property3MapixEi
   160: 0000000000000000     0 FUNC    GLOBAL DEFAULT  UND _ZN4Dali6ShaderaSEOS0_
   161: 0000000000000000     0 FUNC    GLOBAL DEFAULT  UND __cxa_rethrow@CXXABI_1.3 (3)
   162: 0000000000000000     0 FUNC    GLOBAL DEFAULT  UND _ZN4Dali12TypeRegistryD1Ev
   163: 0000000000000000     0 FUNC    GLOBAL DEFAULT  UND _ZN4Dali11Application9GetWindowEv
   164: 0000000000000000     0 FUNC    GLOBAL DEFAULT  UND _ZN4Dali16TypeRegistrationC1ERKSt9type_infoS3_PFNS_10BaseHandleEvE
   165: 0000000000000000     0 FUNC    GLOBAL DEFAULT  UND _ZN4Dali11CustomActor17GetImplementationEv
   166: 0000000000000000     0 FUNC    GLOBAL DEFAULT  UND _ZN4Dali7Toolkit11ControlImpl10InitializeEv
   167: 0000000000000000     0 FUNC    GLOBAL DEFAULT  UND _ZN4Dali10VectorBaseC2Ev
   168: 0000000000000000     0 FUNC    GLOBAL DEFAULT  UND _ZN4Dali7Vector2aSERKNS_7Vector3E
   169: 0000000000000000     0 FUNC    GLOBAL DEFAULT  UND _ZN4Dali7Toolkit11ControlImplC2ENS1_16ControlBehaviourE
   170: 0000000000000000     0 OBJECT  GLOBAL DEFAULT  UND _ZTVN10__cxxabiv120__si_class_type_infoE@CXXABI_1.3 (3)
   171: 0000000000000000     0 FUNC    GLOBAL DEFAULT  UND _ZN4Dali6WindowC1ERKS0_
   172: 0000000000000000     0 FUNC    GLOBAL DEFAULT  UND _ZN4Dali12CallbackBaseC2EPvMS0_FvvEPFvRS0_E
   173: 0000000000000000     0 FUNC    GLOBAL DEFAULT  UND _ZN4Dali7Toolkit7ControlC2Ev
   174: 0000000000000000     0 FUNC    GLOBAL DEFAULT  UND __cxa_atexit@GLIBC_2.2.5 (6)
   175: 0000000000000000     0 OBJECT  GLOBAL DEFAULT  UND _ZN4Dali7Vector23ONEE
   176: 0000000000000000     0 FUNC    GLOBAL DEFAULT  UND _ZN4Dali7Toolkit11ControlImpl19OnAccessibilityZoomEv
   177: 0000000000000000     0 FUNC    GLOBAL DEFAULT  UND __cxa_free_exception@CXXABI_1.3 (3)
   178: 0000000000000000     0 FUNC    GLOBAL DEFAULT  UND _ZN4Dali8GeometryD1Ev
   179: 0000000000000000     0 FUNC    GLOBAL DEFAULT  UND _ZN4Dali9Animation9AnimateByENS_8PropertyENS1_5ValueE
   180: 0000000000000000     0 FUNC    GLOBAL DEFAULT  UND _ZN4Dali7Toolkit11ControlImpl9OnSizeSetERKNS_7Vector3E
   181: 0000000000000000     0 FUNC    GLOBAL DEFAULT  UND _ZN4Dali17LoadImageFromFileERKNSt7__cxx1112basic_stringIcSt11char_traitsIcESaIcEEENS_10Uint16PairENS_12SamplingMode4TypeEb
   182: 0000000000000000     0 FUNC    GLOBAL DEFAULT  UND _ZN4Dali11Application8MainLoopEv
   183: 0000000000000000     0 FUNC    GLOBAL DEFAULT  UND _ZNK4Dali5Devel11PixelBuffer8GetWidthEv
   184: 0000000000000000     0 FUNC    GLOBAL DEFAULT  UND _ZN4Dali7Texture3NewENS_11TextureType4TypeENS_5Pixel6FormatEjj
   185: 0000000000000000     0 FUNC    GLOBAL DEFAULT  UND _ZNK4Dali6Window7GetSizeEv
   186: 0000000000000000     0 FUNC    GLOBAL DEFAULT  UND _ZN4Dali10TimePeriodC1Eff
   187: 0000000000000000     0 FUNC    GLOBAL DEFAULT  UND _ZNK4Dali10BaseHandlecvbEv
   188: 0000000000000000     0 FUNC    GLOBAL DEFAULT  UND _ZN4Dali10TimePeriodD1Ev
   189: 0000000000000000     0 FUNC    GLOBAL DEFAULT  UND _ZN4Dali10TextureSet10SetTextureEjNS_7TextureE
   190: 0000000000000000     0 FUNC    GLOBAL DEFAULT  UND _ZN4Dali8Property5ValueC1ERKNS_7Vector2E
   191: 0000000000000000     0 FUNC    GLOBAL DEFAULT  UND _ZN4Dali6Window13TouchedSignalEv
   192: 0000000000000000     0 FUNC    GLOBAL DEFAULT  UND _ZN4Dali6ShaderC1Ev
   193: 0000000000000000     0 FUNC    GLOBAL DEFAULT  UND _ZN4Dali8Property5ValueC1Ef
   194: 0000000000000000     0 FUNC    GLOBAL DEFAULT  UND _ZN4Dali9Animation10SetLoopingEb
   195: 0000000000000000     0 FUNC    GLOBAL DEFAULT  UND _ZN4Dali5Actor3AddES0_
   196: 0000000000000000     0 FUNC    GLOBAL DEFAULT  UND _ZN4Dali7Toolkit7Control12SetStyleNameERKNS_6StringE
   197: 0000000000000000     0 FUNC    GLOBAL DEFAULT  UND _ZN4Dali10StringViewC1EPKc
   198: 0000000000000000     0 FUNC    GLOBAL DEFAULT  UND _ZN4Dali7Texture6UploadENS_9PixelDataE
   199: 0000000000000000     0 FUNC    GLOBAL DEFAULT  UND _ZN4Dali7Toolkit9TextLabelD1Ev
   200: 0000000000000000     0 FUNC    GLOBAL DEFAULT  UND _ZSt18_Rb_tree_incrementPSt18_Rb_tree_node_base@GLIBCXX_3.4 (2)
   201: 0000000000000000     0 FUNC    GLOBAL DEFAULT  UND _ZN4Dali7Toolkit9TableView3NewEjj
   202: 0000000000000000     0 FUNC    GLOBAL DEFAULT  UND _ZN4Dali5Layer10LowerBelowES0_
   203: 0000000000000000     0 FUNC    GLOBAL DEFAULT  UND _ZN4Dali7Toolkit11ControlImpl13OnPropertySetEiRKNS_8Property5ValueE
   204: 0000000000000000     0 FUNC    GLOBAL DEFAULT  UND _ZNK4Dali10VectorBase8CapacityEv
   205: 0000000000000000     0 FUNC    GLOBAL DEFAULT  UND _ZN4Dali7TextureC1ERKS0_
   206: 0000000000000000     0 FUNC    GLOBAL DEFAULT  UND _ZN4Dali7Toolkit11ControlImpl17GetWidthForHeightEf
   207: 0000000000000000     0 NOTYPE  WEAK   DEFAULT  UND _ITM_registerTMCloneTable
   208: 0000000000000000     0 FUNC    GLOBAL DEFAULT  UND _ZN4Dali10BaseSignal9OnConnectEPNS_26ConnectionTrackerInterfaceEPNS_12CallbackBaseE
   209: 0000000000000000     0 FUNC    GLOBAL DEFAULT  UND _ZNK4Dali7Toolkit11ControlImpl15IsResourceReadyEv
   210: 0000000000000000     0 OBJECT  GLOBAL DEFAULT  UND _ZN4Dali7Vector24ZEROE
   211: 0000000000000000     0 FUNC    GLOBAL DEFAULT  UND _ZN4Dali7Toolkit11ControlImpl30OnKeyboardFocusChangeCommittedENS_5ActorE
   212: 0000000000000000     0 FUNC    GLOBAL DEFAULT  UND _ZN4Dali11ApplicationC1ERKS0_
   213: 0000000000000000     0 FUNC    GLOBAL DEFAULT  UND _ZN4Dali7TextureD1Ev
   214: 0000000000000000     0 FUNC    GLOBAL DEFAULT  UND _ZNK4Dali7Vector2eqERKS0_
   215: 0000000000000000     0 FUNC    GLOBAL DEFAULT  UND _ZN4Dali10VectorBase7ReleaseEv
   216: 0000000000000000     0 FUNC    GLOBAL DEFAULT  UND _ZN4Dali5Actor15SetResizePolicyENS_12ResizePolicy4TypeENS_9Dimension4TypeE
   217: 0000000000000000     0 FUNC    GLOBAL DEFAULT  UND _ZN4Dali9RefObject11UnreferenceEv
   218: 0000000000000000     0 FUNC    GLOBAL DEFAULT  UND _ZN4Dali9RefObject9OnDestroyEv
   219: 0000000000000000     0 FUNC    GLOBAL DEFAULT  UND _ZN4Dali6StringC1EPKc
   220: 0000000000000000     0 FUNC    GLOBAL DEFAULT  UND _ZN4Dali11Application4QuitEv
   221: 0000000000000000     0 FUNC    GLOBAL DEFAULT  UND _ZSt29_Rb_tree_insert_and_rebalancebPSt18_Rb_tree_node_baseS0_RS_@GLIBCXX_3.4 (2)
   222: 0000000000000000     0 FUNC    GLOBAL DEFAULT  UND _ZN4Dali7Toolkit11ControlImpl17OnSceneConnectionEi
   223: 0000000000000000     0 FUNC    GLOBAL DEFAULT  UND _ZNK4Dali10BaseHandle12GetObjectPtrEv
   224: 0000000000000000     0 OBJECT  GLOBAL DEFAULT  UND _ZN4Dali7Vector43ONEE
   225: 0000000000000000     0 FUNC    GLOBAL DEFAULT  UND _ZN4Dali7Toolkit11ControlImpl7OnPinchERKNS_12PinchGestureE
   226: 0000000000000000     0 FUNC    GLOBAL DEFAULT  UND _ZN4Dali12VertexBuffer7SetDataEPKvj
   227: 0000000000000000     0 FUNC    GLOBAL DEFAULT  UND _ZN4Dali6Handle16RegisterPropertyENS_6StringENS_8Property5ValueE
   228: 0000000000000000     0 FUNC    GLOBAL DEFAULT  UND _ZN4Dali7Toolkit7ControlaSEOS1_
   229: 0000000000000000     0 FUNC    GLOBAL DEFAULT  UND _ZN4Dali7Toolkit11ControlImpl11OnLongPressERKNS_16LongPressGestureE
   230: 0000000000000000     0 OBJECT  GLOBAL DEFAULT  UND _ZTIN4Dali12CallbackBaseE
   231: 0000000000000000     0 FUNC    GLOBAL DEFAULT  UND _ZN4Dali17DaliAssertMessageEPKcS1_
   232: 0000000000000000     0 FUNC    GLOBAL DEFAULT  UND _ZSt9terminatev@GLIBCXX_3.4 (2)
   233: 0000000000000000     0 FUNC    GLOBAL DEFAULT  UND _ZN4Dali7Toolkit7ControlaSERKS1_
   234: 0000000000000000     0 FUNC    GLOBAL DEFAULT  UND _ZN4Dali12VertexBufferD1Ev
   235: 0000000000000000     0 FUNC    GLOBAL DEFAULT  UND _ZN4Dali8Property5ValueC1ENS0_3MapE
   236: 0000000000000000     0 FUNC    GLOBAL DEFAULT  UND _ZN4Dali5ActorC1Ev
   237: 0000000000000000     0 FUNC    GLOBAL DEFAULT  UND _ZN4Dali7Toolkit7ControlC2ERNS0_11ControlImplE
   238: 0000000000000000     0 FUNC    GLOBAL DEFAULT  UND _ZN4Dali7Toolkit11ControlImpl20OnSceneDisconnectionEv
   239: 0000000000000000     0 FUNC    GLOBAL DEFAULT  UND _ZN4Dali7Toolkit7ControlD1Ev
   240: 0000000000000000     0 FUNC    GLOBAL DEFAULT  UND _ZN4Dali12CallbackBaseD2Ev
   241: 0000000000000000     0 FUNC    GLOBAL DEFAULT  UND _ZN4Dali7Toolkit11ControlImpl13OnStyleChangeENS0_12StyleManagerENS_11StyleChange4TypeE
   242: 0000000000000000     0 FUNC    GLOBAL DEFAULT  UND _ZN4Dali10BaseHandleC1EOS0_
   243: 0000000000000000     0 FUNC    GLOBAL DEFAULT  UND _ZN4Dali7Toolkit9TableViewaSERKS1_
   244: 0000000000000000     0 OBJECT  GLOBAL DEFAULT  UND _ZN4Dali7Vector34ZEROE
   245: 0000000000000000     0 FUNC    GLOBAL DEFAULT  UND _ZN4Dali8KeyEventD1Ev
   246: 0000000000000000     0 FUNC    GLOBAL DEFAULT  UND _ZN4Dali8Property5ArrayC1ERKS1_
   247: 0000000000000000     0 FUNC    GLOBAL DEFAULT  UND _ZN4Dali7Toolkit11ControlImpl10OnKeyEventERKNS_8KeyEventE
   248: 0000000000000000     0 FUNC    GLOBAL DEFAULT  UND _ZN4Dali6StringC1ERKNS_10StringViewE
   249: 0000000000000000     0 FUNC    GLOBAL DEFAULT  UND _ZN4Dali7Toolkit11ControlImpl26OnAccessibilityValueChangeEb
   250: 0000000000000000     0 FUNC    GLOBAL DEFAULT  UND _ZN4Dali8Geometry7SetTypeENS0_4TypeE
   251: 0000000000000000     0 FUNC    GLOBAL DEFAULT  UND __libc_start_main@GLIBC_2.34 (10)
   252: 0000000000000000     0 FUNC    GLOBAL DEFAULT  UND _ZN4Dali5ActorC1ERKS0_
   253: 0000000000000000     0 FUNC    GLOBAL DEFAULT  UND _ZN4Dali7Toolkit11ControlImpl15OnKeyboardEnterEv
   254: 0000000000000000     0 FUNC    GLOBAL DEFAULT  UND _ZN4Dali7Toolkit9TextLabel3NewERKNS_6StringE
   255: 0000000000000000     0 FUNC    GLOBAL DEFAULT  UND _ZN4Dali7Toolkit11ControlImpl23OnCalculateRelayoutSizeENS_9Dimension4TypeE
   256: 0000000000014640     8 OBJECT  WEAK   DEFAULT   27 _ZN4Dali13Accessibility6Bridge15mDisabledSignalE
   257: 0000000000013958    24 OBJECT  WEAK   DEFAULT   22 _ZTIN4Dali6HandleE
   258: 0000000000013970    16 OBJECT  WEAK   DEFAULT   22 _ZTIN4Dali10BaseHandleE
   259: 000000000000d13a   130 FUNC    WEAK   DEFAULT   14 _ZNSt7__cxx1112basic_stringIcSt11char_traitsIcESaIcEE12_M_constructIPKcEEvT_S8_St20forward_iterator_tag
   260: 000000000000fe70    23 OBJECT  WEAK   DEFAULT   16 _ZTSN4Dali13DaliExceptionE
   261: 0000000000014668     8 OBJECT  WEAK   DEFAULT   27 _ZGVN4Dali13Accessibility6Bridge27mScreenReaderDisabledSignalE
   262: 0000000000013940    24 OBJECT  WEAK   DEFAULT   22 _ZTIN4Dali5ActorE
   263: 000000000000ff26     1 OBJECT  WEAK   DEFAULT   16 _ZSt19piecewise_construct
   264: 00000000000138e8    16 OBJECT  WEAK   DEFAULT   22 _ZTIN4Dali13DaliExceptionE
   265: 0000000000014630     8 OBJECT  WEAK   DEFAULT   27 _ZN4Dali13Accessibility6Bridge14mEnabledSignalE
   266: 0000000000013910    24 OBJECT  WEAK   DEFAULT   22 _ZTIN4Dali7Toolkit7ControlE
   267: 0000000000013928    24 OBJECT  WEAK   DEFAULT   22 _ZTIN4Dali11CustomActorE
   268: 000000000000fec9    14 OBJECT  WEAK   DEFAULT   16 _ZTSN4Dali5ActorE
   269: 000000000000fee6    20 OBJECT  WEAK   DEFAULT   16 _ZTSN4Dali10BaseHandleE
   270: 0000000000000000     0 FUNC    WEAK   DEFAULT  UND __cxa_finalize@GLIBC_2.2.5 (6)
   271: 0000000000014638     8 OBJECT  WEAK   DEFAULT   27 _ZGVN4Dali13Accessibility6Bridge14mEnabledSignalE
   272: 0000000000014648     8 OBJECT  WEAK   DEFAULT   27 _ZGVN4Dali13Accessibility6Bridge15mDisabledSignalE
   273: 0000000000014660     8 OBJECT  WEAK   DEFAULT   27 _ZN4Dali13Accessibility6Bridge27mScreenReaderDisabledSignalE
   274: 000000000000fe9c    24 OBJECT  WEAK   DEFAULT   16 _ZTSN4Dali7Toolkit7ControlE
   275: 000000000000915c    64 FUNC    WEAK   DEFAULT   14 _ZNSt7__cxx1112basic_stringIcSt11char_traitsIcESaIcEEC2IS3_EEPKcRKS3_
   276: 000000000000d1bc   130 FUNC    WEAK   DEFAULT   14 _ZNSt7__cxx1112basic_stringIcSt11char_traitsIcESaIcEE12_M_constructIPcEEvT_S7_St20forward_iterator_tag
   277: 0000000000014658     8 OBJECT  WEAK   DEFAULT   27 _ZGVN4Dali13Accessibility6Bridge26mScreenReaderEnabledSignalE
   278: 0000000000014650     8 OBJECT  WEAK   DEFAULT   27 _ZN4Dali13Accessibility6Bridge26mScreenReaderEnabledSignalE
   279: 000000000000feb4    21 OBJECT  WEAK   DEFAULT   16 _ZTSN4Dali11CustomActorE
   280: 000000000000fed7    15 OBJECT  WEAK   DEFAULT   16 _ZTSN4Dali6HandleE
