
Symbol table '.dynsym' contains 235 entries:
   Num:    Value          Size Type    Bind   Vis      Ndx Name
     0: 0000000000000000     0 NOTYPE  LOCAL  DEFAULT  UND 
     1: 0000000000000000     0 FUNC    GLOBAL DEFAULT  UND _ZN4Dali8Property5ArrayC1Ev
     2: 0000000000000000     0 FUNC    GLOBAL DEFAULT  UND _ZN4Dali8Property5ValueaSEOS1_
     3: 0000000000000000     0 FUNC    GLOBAL DEFAULT  UND _ZN4Dali7Toolkit11ControlImpl14GetNaturalSizeEv
     4: 0000000000000000     0 FUNC    GLOBAL DEFAULT  UND _ZThn32_N4Dali7Toolkit11ControlImpl15SignalConnectedEPNS_12SlotObserverEPNS_12CallbackBaseE
     5: 0000000000000000     0 FUNC    GLOBAL DEFAULT  UND _ZN4Dali7Toolkit9ImageViewD1Ev
     6: 0000000000000000     0 FUNC    GLOBAL DEFAULT  UND __cxa_begin_catch@CXXABI_1.3 (2)
     7: 0000000000000000     0 FUNC    GLOBAL DEFAULT  UND _ZN4Dali8KeyEventC1ERKS0_
     8: 0000000000000000     0 FUNC    GLOBAL DEFAULT  UND _ZN4Dali8Property5Array8PushBackERKNS0_5ValueE
     9: 0000000000000000     0 FUNC    GLOBAL DEFAULT  UND _ZN4Dali7Toolkit11ControlImpl13OnChildRemoveERNS_5ActorE
    10: 0000000000000000     0 FUNC    GLOBAL DEFAULT  UND _ZN4Dali7Toolkit9TableView12SetFitHeightEj
    11: 0000000000000000     0 FUNC    GLOBAL DEFAULT  UND memcpy@GLIBC_2.14 (3)
    12: 0000000000000000     0 FUNC    GLOBAL DEFAULT  UND _ZNK4Dali6Handle11GetPropertyEi
    13: 0000000000000000     0 FUNC    GLOBAL DEFAULT  UND _ZN4Dali5Layer10RaiseToTopEv
    14: 0000000000000000     0 FUNC    GLOBAL DEFAULT  UND _ZN4Dali7Toolkit11ControlImpl33GetOffScreenRenderableSourceActorEv
    15: 0000000000000000     0 FUNC    GLOBAL DEFAULT  UND _ZN4Dali8Property5ValueC2Ei
    16: 0000000000000000     0 FUNC    GLOBAL DEFAULT  UND _ZN4Dali7Toolkit11ControlImpl15SignalConnectedEPNS_12SlotObserverEPNS_12CallbackBaseE
    17: 0000000000000000     0 FUNC    GLOBAL DEFAULT  UND _ZN4Dali8Property5ValueC1Ei
    18: 0000000000000000     0 FUNC    GLOBAL DEFAULT  UND _ZN4Dali7Toolkit10PushButtonC1Ev
    19: 0000000000000000     0 FUNC    GLOBAL DEFAULT  UND _ZdlPvm@CXXABI_1.3.9 (4)
    20: 0000000000000000     0 NOTYPE  WEAK   DEFAULT  UND _ITM_deregisterTMCloneTable
    21: 0000000000000000     0 FUNC    GLOBAL DEFAULT  UND _ZN4Dali7Toolkit7ControlD2Ev
    22: 0000000000000000     0 FUNC    GLOBAL DEFAULT  UND _ZN4Dali8Property5ValueC1ENS0_5ArrayE
    23: 0000000000000000     0 FUNC    GLOBAL DEFAULT  UND _ZN4Dali7Toolkit11ControlImpl5OnTapERKNS_10TapGestureE
    24: 0000000000000000     0 FUNC    GLOBAL DEFAULT  UND _ZN4Dali6StringD1Ev
    25: 0000000000000000     0 FUNC    GLOBAL DEFAULT  UND _ZN4Dali8Property3MapixENS_10StringViewE
    26: 0000000000000000     0 FUNC    GLOBAL DEFAULT  UND _Znwm@GLIBCXX_3.4 (5)
    27: 0000000000000000     0 FUNC    GLOBAL DEFAULT  UND _ZN4Dali5Actor3NewEv
    28: 0000000000000000     0 FUNC    GLOBAL DEFAULT  UND _ZNK4Dali5Actor14GetNaturalSizeEv
    29: 0000000000000000     0 FUNC    GLOBAL DEFAULT  UND _ZN4Dali10StringViewC1EPKcj
    30: 0000000000000000     0 FUNC    GLOBAL DEFAULT  UND _ZN4Dali7Toolkit11ControlImpl17GetHeightForWidthEf
    31: 0000000000000000     0 FUNC    GLOBAL DEFAULT  UND _ZN4Dali7Toolkit11ControlImpl18OnAccessibilityPanENS_10PanGestureE
    32: 0000000000000000     0 FUNC    GLOBAL DEFAULT  UND _ZN4Dali8Property5ValueC1ERKNS_7Vector4E
    33: 0000000000000000     0 FUNC    GLOBAL DEFAULT  UND _ZN4Dali11Application10InitSignalEv
    34: 0000000000000000     0 FUNC    GLOBAL DEFAULT  UND _ZN4Dali11CustomActorD1Ev
    35: 0000000000000000     0 FUNC    GLOBAL DEFAULT  UND _ZN4Dali7Toolkit6ButtonD1Ev
    36: 0000000000000000     0 FUNC    GLOBAL DEFAULT  UND _ZN4Dali15CustomActorImpl15RelayoutRequestEv
    37: 0000000000000000     0 FUNC    GLOBAL DEFAULT  UND _ZNK4Dali5Actor10GetChildAtEj
    38: 0000000000000000     0 FUNC    GLOBAL DEFAULT  UND _ZN4Dali7Toolkit11ControlImpl29GetNextKeyboardFocusableActorENS_5ActorENS0_7Control13KeyboardFocus9DirectionEb
    39: 0000000000000000     0 FUNC    GLOBAL DEFAULT  UND _ZN4Dali7Toolkit9TableView16SetRelativeWidthEjf
    40: 0000000000000000     0 FUNC    GLOBAL DEFAULT  UND _ZN4Dali7Toolkit9ImageView3NewEv
    41: 0000000000000000     0 FUNC    GLOBAL DEFAULT  UND _ZN4Dali7Toolkit9TableView8DownCastENS_10BaseHandleE
    42: 0000000000000000     0 FUNC    GLOBAL DEFAULT  UND _ZN4Dali7Toolkit9TableView8AddChildENS_5ActorENS1_12CellPositionE
    43: 0000000000000000     0 FUNC    GLOBAL DEFAULT  UND _ZNK4Dali8Property5Value3GetERf
    44: 0000000000000000     0 FUNC    GLOBAL DEFAULT  UND _ZN4Dali7Toolkit11ControlImpl27RelayoutDependentOnChildrenENS_9Dimension4TypeE
    45: 0000000000000000     0 FUNC    GLOBAL DEFAULT  UND _ZN4Dali6WindowD1Ev
    46: 0000000000000000     0 FUNC    GLOBAL DEFAULT  UND _ZN4Dali5IsKeyERKNS_8KeyEventENS_3KEYE
    47: 0000000000000000     0 FUNC    GLOBAL DEFAULT  UND _ZN4Dali7Toolkit11ControlImpl27OnAnimateAnimatablePropertyERNS_9AnimationEiNS2_5StateE
    48: 0000000000000000     0 FUNC    GLOBAL DEFAULT  UND _ZN4Dali8Property5ValueC1EPKc
    49: 0000000000000000     0 FUNC    GLOBAL DEFAULT  UND _ZN4Dali8Property3MapC1Ev
    50: 0000000000000000     0 FUNC    GLOBAL DEFAULT  UND _ZNK4Dali5Actor9GetParentEv
    51: 0000000000000000     0 FUNC    GLOBAL DEFAULT  UND _ZN4Dali7Toolkit11ControlImplD2Ev
    52: 0000000000000000     0 FUNC    GLOBAL DEFAULT  UND _ZN4Dali7Toolkit11ControlImpl22CreateAccessibleObjectEv
    53: 0000000000000000     0 FUNC    GLOBAL DEFAULT  UND _ZN4Dali8Property5ValueC1ERKNS_7Vector3E
    54: 0000000000000000     0 FUNC    GLOBAL DEFAULT  UND _ZN4Dali7Toolkit11ControlImpl18CalculateChildSizeERKNS_5ActorENS_9Dimension4TypeE
    55: 0000000000000000     0 FUNC    GLOBAL DEFAULT  UND _ZN4Dali7Toolkit11ControlImpl18OnLayoutNegotiatedEfNS_9Dimension4TypeE
    56: 0000000000000000     0 FUNC    GLOBAL DEFAULT  UND _ZNK4Dali5Actor13GetTargetSizeEv
    57: 0000000000000000     0 FUNC    GLOBAL DEFAULT  UND __stack_chk_fail@GLIBC_2.4 (7)
    58: 0000000000000000     0 FUNC    GLOBAL DEFAULT  UND _ZN4Dali7Toolkit11ControlImpl23GetOffScreenRenderTasksERNS_6VectorINS_10RenderTaskELb0EEEb
    59: 0000000000000000     0 FUNC    GLOBAL DEFAULT  UND _ZN4Dali7Toolkit11ControlImpl30OnConstraintAnimatablePropertyERNS_10ConstraintEib
    60: 0000000000000000     0 FUNC    GLOBAL DEFAULT  UND _ZN4Dali6Window14KeyEventSignalEv
    61: 0000000000000000     0 FUNC    GLOBAL DEFAULT  UND _ZNK4Dali5Actor13GetChildCountEv
    62: 0000000000000000     0 FUNC    GLOBAL DEFAULT  UND _ZN4Dali5Actor6RemoveES0_
    63: 0000000000000000     0 FUNC    GLOBAL DEFAULT  UND _ZN4Dali11ApplicationD1Ev
    64: 0000000000000000     0 FUNC    GLOBAL DEFAULT  UND _ZN4Dali11Application3NewEPiPPPcNS_10StringViewE
    65: 0000000000000000     0 FUNC    GLOBAL DEFAULT  UND _ZN4Dali17ConnectionTracker15SignalConnectedEPNS_12SlotObserverEPNS_12CallbackBaseE
    66: 0000000000000000     0 FUNC    GLOBAL DEFAULT  UND _ZN4Dali7Toolkit9TableView12InsertColumnEj
    67: 0000000000000000     0 FUNC    GLOBAL DEFAULT  UND __cxa_guard_acquire@CXXABI_1.3 (2)
    68: 0000000000000000     0 FUNC    GLOBAL DEFAULT  UND _ZN4Dali7Toolkit11ControlImpl24OnAccessibilityActivatedEv
    69: 0000000000000000     0 OBJECT  GLOBAL DEFAULT  UND _ZTVN10__cxxabiv117__class_type_infoE@CXXABI_1.3 (2)
    70: 0000000000000000     0 FUNC    GLOBAL DEFAULT  UND _ZN4Dali17ConnectionTracker18SignalDisconnectedEPNS_12SlotObserverEPNS_12CallbackBaseE
    71: 0000000000000000     0 FUNC    GLOBAL DEFAULT  UND _ZNK4Dali8KeyEvent8GetStateEv
    72: 0000000000000000     0 FUNC    GLOBAL DEFAULT  UND _ZN4Dali8Property5ValueD1Ev
    73: 0000000000000000     0 FUNC    GLOBAL DEFAULT  UND _ZN4Dali17ConnectionTrackerD2Ev
    74: 0000000000000000     0 FUNC    GLOBAL DEFAULT  UND _ZN4Dali7Toolkit11ControlImpl10OnRelayoutERKNS_7Vector2ERNS_17RelayoutContainerE
    75: 0000000000000000     0 FUNC    GLOBAL DEFAULT  UND __cxa_allocate_exception@CXXABI_1.3 (2)
    76: 0000000000000000     0 FUNC    GLOBAL DEFAULT  UND _ZN4Dali7Toolkit9TableViewC1Ev
    77: 0000000000000000     0 NOTYPE  WEAK   DEFAULT  UND __gmon_start__
    78: 0000000000000000     0 FUNC    GLOBAL DEFAULT  UND _ZN4Dali7Toolkit11ControlImpl19OnKeyInputFocusLostEv
    79: 0000000000000000     0 FUNC    GLOBAL DEFAULT  UND _ZN4Dali7Toolkit11ControlImpl18SignalDisconnectedEPNS_12SlotObserverEPNS_12CallbackBaseE
    80: 0000000000000000     0 OBJECT  GLOBAL DEFAULT  UND _ZTIN4Dali7Toolkit11ControlImplE
    81: 0000000000000000     0 FUNC    GLOBAL DEFAULT  UND _ZN4Dali6Handle11SetPropertyEiNS_8Property5ValueE
    82: 0000000000000000     0 FUNC    GLOBAL DEFAULT  UND _ZN4Dali10BaseHandle5ResetEv
    83: 0000000000000000     0 FUNC    GLOBAL DEFAULT  UND _ZN4Dali7Toolkit9TableView14SetFixedHeightEjf
    84: 0000000000000000     0 FUNC    GLOBAL DEFAULT  UND _ZN4Dali7Toolkit7Control19ResourceReadySignalEv
    85: 0000000000000000     0 FUNC    GLOBAL DEFAULT  UND _ZN4Dali8Property5ValueC1ENS_6StringE
    86: 0000000000000000     0 FUNC    GLOBAL DEFAULT  UND _ZN4Dali7Toolkit11ControlImpl10OnChildAddERNS_5ActorE
    87: 0000000000000000     0 FUNC    GLOBAL DEFAULT  UND _ZN4Dali7Toolkit10PushButton3NewEv
    88: 0000000000000000     0 FUNC    GLOBAL DEFAULT  UND _ZN4Dali7Toolkit9TextLabelaSEOS1_
    89: 0000000000000000     0 FUNC    GLOBAL DEFAULT  UND _ZN4Dali7Toolkit11ControlImpl5OnPanERKNS_10PanGestureE
    90: 0000000000000000     0 FUNC    GLOBAL DEFAULT  UND _ZSt18_Rb_tree_decrementPSt18_Rb_tree_node_base@GLIBCXX_3.4 (5)
    91: 0000000000000000     0 FUNC    GLOBAL DEFAULT  UND _ZN4Dali10BaseSignalC1Ev
    92: 0000000000000000     0 FUNC    GLOBAL DEFAULT  UND _ZN4Dali8Property5ArrayD1Ev
    93: 0000000000000000     0 FUNC    GLOBAL DEFAULT  UND _ZN4Dali13DaliExceptionC1EPKcS2_
    94: 0000000000000000     0 FUNC    GLOBAL DEFAULT  UND setenv@GLIBC_2.2.5 (6)
    95: 0000000000000000     0 FUNC    GLOBAL DEFAULT  UND _ZN4Dali7Toolkit9TableViewD1Ev
    96: 0000000000000000     0 FUNC    GLOBAL DEFAULT  UND _ZN4Dali7Toolkit11ControlImpl21OnKeyInputFocusGainedEv
    97: 0000000000000000     0 FUNC    GLOBAL DEFAULT  UND __cxa_guard_release@CXXABI_1.3 (2)
    98: 0000000000000000     0 FUNC    GLOBAL DEFAULT  UND _ZN4Dali7Toolkit11ControlImpl15OnSizeAnimationERNS_9AnimationERKNS_7Vector3E
    99: 0000000000000000     0 FUNC    GLOBAL DEFAULT  UND _ZN4Dali7Toolkit10PushButtonD1Ev
   100: 0000000000000000     0 FUNC    GLOBAL DEFAULT  UND _ZN4Dali7Toolkit11ControlImpl17OnSetResizePolicyENS_12ResizePolicy4TypeENS_9Dimension4TypeE
   101: 0000000000000000     0 FUNC    GLOBAL DEFAULT  UND _ZN4Dali8Property3MapD1Ev
   102: 0000000000000000     0 FUNC    GLOBAL DEFAULT  UND _ZN4Dali5LayerC1ERKS0_
   103: 0000000000000000     0 FUNC    GLOBAL DEFAULT  UND _ZN4Dali7Toolkit11ControlImpl19OnApplyDefaultStyleEv
   104: 0000000000000000     0 FUNC    GLOBAL DEFAULT  UND _ZN4Dali5LayerD1Ev
   105: 0000000000000000     0 FUNC    GLOBAL DEFAULT  UND _ZN4Dali7Toolkit7Control3NewEv
   106: 0000000000000000     0 FUNC    GLOBAL DEFAULT  UND __gxx_personality_v0@CXXABI_1.3 (2)
   107: 0000000000000000     0 FUNC    GLOBAL DEFAULT  UND _ZN4Dali7Toolkit6ButtonC1ERKS1_
   108: 0000000000000000     0 FUNC    GLOBAL DEFAULT  UND _ZN4Dali5Layer3NewEv
   109: 0000000000000000     0 FUNC    GLOBAL DEFAULT  UND _ZThn32_N4Dali7Toolkit11ControlImpl18SignalDisconnectedEPNS_12SlotObserverEPNS_12CallbackBaseE
   110: 0000000000000000     0 FUNC    GLOBAL DEFAULT  UND _ZN4Dali7Toolkit10PushButtonaSEOS1_
   111: 0000000000000000     0 FUNC    GLOBAL DEFAULT  UND __cxa_throw@CXXABI_1.3 (2)
   112: 0000000000000000     0 FUNC    GLOBAL DEFAULT  UND _ZN4Dali7Toolkit11ControlImpl30IsOffScreenRenderTaskExclusiveEv
   113: 0000000000000000     0 FUNC    GLOBAL DEFAULT  UND _Unwind_Resume@GCC_3.0 (8)
   114: 0000000000000000     0 FUNC    GLOBAL DEFAULT  UND _ZN4Dali8Property3MapC1ERKS1_
   115: 0000000000000000     0 FUNC    GLOBAL DEFAULT  UND _ZNSt7__cxx1112basic_stringIcSt11char_traitsIcESaIcEE9_M_createERmm@GLIBCXX_3.4.21 (9)
   116: 0000000000000000     0 FUNC    GLOBAL DEFAULT  UND _ZN4Dali8Property5ValueC1Eb
   117: 0000000000000000     0 FUNC    GLOBAL DEFAULT  UND _ZN4Dali17ConnectionTrackerC2Ev
   118: 0000000000000000     0 FUNC    GLOBAL DEFAULT  UND _ZN4Dali7Toolkit9ImageViewC1Ev
   119: 0000000000000000     0 FUNC    GLOBAL DEFAULT  UND _ZN4Dali7Toolkit9ImageView8DownCastENS_10BaseHandleE
   120: 0000000000000000     0 FUNC    GLOBAL DEFAULT  UND _ZN4Dali7Toolkit9TableView14SetCellPaddingENS_7Vector2E
   121: 0000000000000000     0 FUNC    GLOBAL DEFAULT  UND _ZN4Dali7Toolkit9TextLabel3NewEv
   122: 0000000000000000     0 FUNC    GLOBAL DEFAULT  UND _ZN4Dali8Property3Map6InsertEiNS0_5ValueE
   123: 0000000000000000     0 FUNC    GLOBAL DEFAULT  UND _ZNK4Dali15CustomActorImpl4SelfEv
   124: 0000000000000000     0 FUNC    GLOBAL DEFAULT  UND _ZN4Dali5ActorD1Ev
   125: 0000000000000000     0 FUNC    GLOBAL DEFAULT  UND _ZN4Dali9RefObject9ReferenceEv
   126: 0000000000000000     0 FUNC    GLOBAL DEFAULT  UND _ZN4Dali10StringViewD1Ev
   127: 0000000000000000     0 FUNC    GLOBAL DEFAULT  UND __cxa_end_catch@CXXABI_1.3 (2)
   128: 0000000000000000     0 FUNC    GLOBAL DEFAULT  UND _ZN4Dali7Toolkit9TableView10GetChildAtENS1_12CellPositionE
   129: 0000000000000000     0 FUNC    GLOBAL DEFAULT  UND _ZN4Dali6Window3AddENS_5ActorE
   130: 0000000000000000     0 FUNC    GLOBAL DEFAULT  UND _ZN4Dali6StringC1EOS0_
   131: 0000000000000000     0 OBJECT  GLOBAL DEFAULT  UND _ZTIN4Dali17ConnectionTrackerE
   132: 0000000000000000     0 FUNC    GLOBAL DEFAULT  UND _ZN4Dali8Property3MapixEi
   133: 0000000000000000     0 FUNC    GLOBAL DEFAULT  UND __cxa_rethrow@CXXABI_1.3 (2)
   134: 0000000000000000     0 FUNC    GLOBAL DEFAULT  UND _ZN4Dali12TypeRegistryD1Ev
   135: 0000000000000000     0 FUNC    GLOBAL DEFAULT  UND _ZN4Dali11Application9GetWindowEv
   136: 0000000000000000     0 FUNC    GLOBAL DEFAULT  UND _ZN4Dali16TypeRegistrationC1ERKSt9type_infoS3_PFNS_10BaseHandleEvE
   137: 0000000000000000     0 FUNC    GLOBAL DEFAULT  UND _ZN4Dali11CustomActor17GetImplementationEv
   138: 0000000000000000     0 FUNC    GLOBAL DEFAULT  UND _ZN4Dali8Property3Map5ClearEv
   139: 0000000000000000     0 FUNC    GLOBAL DEFAULT  UND _ZN4Dali7Toolkit11ControlImpl10InitializeEv
   140: 0000000000000000     0 FUNC    GLOBAL DEFAULT  UND _ZN4Dali7Vector2aSERKNS_7Vector3E
   141: 0000000000000000     0 FUNC    GLOBAL DEFAULT  UND _ZN4Dali7Toolkit11ControlImplC2ENS1_16ControlBehaviourE
   142: 0000000000000000     0 OBJECT  GLOBAL DEFAULT  UND _ZTVN10__cxxabiv120__si_class_type_infoE@CXXABI_1.3 (2)
   143: 0000000000000000     0 FUNC    GLOBAL DEFAULT  UND _ZN4Dali6WindowC1ERKS0_
   144: 0000000000000000     0 FUNC    GLOBAL DEFAULT  UND _ZN4Dali12CallbackBaseC2EPvMS0_FvvEPFvRS0_E
   145: 0000000000000000     0 FUNC    GLOBAL DEFAULT  UND _ZN4Dali7Toolkit7ControlC2Ev
   146: 0000000000000000     0 FUNC    GLOBAL DEFAULT  UND __cxa_atexit@GLIBC_2.2.5 (6)
   147: 0000000000000000     0 FUNC    GLOBAL DEFAULT  UND _ZN4Dali7Toolkit11ControlImpl19OnAccessibilityZoomEv
   148: 0000000000000000     0 FUNC    GLOBAL DEFAULT  UND _ZN4Dali7Toolkit9ImageViewaSEOS1_
   149: 0000000000000000     0 FUNC    GLOBAL DEFAULT  UND __cxa_free_exception@CXXABI_1.3 (2)
   150: 0000000000000000     0 FUNC    GLOBAL DEFAULT  UND _ZN4Dali7Toolkit11ControlImpl9OnSizeSetERKNS_7Vector3E
   151: 0000000000000000     0 FUNC    GLOBAL DEFAULT  UND _ZN4Dali11Application8MainLoopEv
   152: 0000000000000000     0 FUNC    GLOBAL DEFAULT  UND _ZN4Dali10BaseHandleD1Ev
   153: 0000000000000000     0 FUNC    GLOBAL DEFAULT  UND _ZNK4Dali6Window7GetSizeEv
   154: 0000000000000000     0 FUNC    GLOBAL DEFAULT  UND _ZNK4Dali10BaseHandlecvbEv
   155: 0000000000000000     0 FUNC    GLOBAL DEFAULT  UND _ZN4Dali8Property5ValueC1ERKNS_7Vector2E
   156: 0000000000000000     0 FUNC    GLOBAL DEFAULT  UND _ZN4Dali8Property5ValueC1Ef
   157: 0000000000000000     0 FUNC    GLOBAL DEFAULT  UND _ZN4Dali5Actor3AddES0_
   158: 0000000000000000     0 FUNC    GLOBAL DEFAULT  UND _ZN4Dali7Toolkit7Control12SetStyleNameERKNS_6StringE
   159: 0000000000000000     0 FUNC    GLOBAL DEFAULT  UND _ZN4Dali10StringViewC1EPKc
   160: 0000000000000000     0 FUNC    GLOBAL DEFAULT  UND _ZN4Dali7Toolkit9TextLabelD1Ev
   161: 0000000000000000     0 FUNC    GLOBAL DEFAULT  UND _ZSt18_Rb_tree_incrementPSt18_Rb_tree_node_base@GLIBCXX_3.4 (5)
   162: 0000000000000000     0 FUNC    GLOBAL DEFAULT  UND _ZN4Dali7Toolkit9TableView3NewEjj
   163: 0000000000000000     0 FUNC    GLOBAL DEFAULT  UND _ZN4Dali5Layer10LowerBelowES0_
   164: 0000000000000000     0 FUNC    GLOBAL DEFAULT  UND _ZN4Dali7Toolkit11ControlImpl13OnPropertySetEiRKNS_8Property5ValueE
   165: 0000000000000000     0 FUNC    GLOBAL DEFAULT  UND _ZN4Dali7Toolkit6Button13ClickedSignalEv
   166: 0000000000000000     0 FUNC    GLOBAL DEFAULT  UND _ZN4Dali7Toolkit11ControlImpl17GetWidthForHeightEf
   167: 0000000000000000     0 NOTYPE  WEAK   DEFAULT  UND _ITM_registerTMCloneTable
   168: 0000000000000000     0 FUNC    GLOBAL DEFAULT  UND _ZN4Dali10BaseSignal9OnConnectEPNS_26ConnectionTrackerInterfaceEPNS_12CallbackBaseE
   169: 0000000000000000     0 FUNC    GLOBAL DEFAULT  UND _ZNK4Dali7Toolkit11ControlImpl15IsResourceReadyEv
   170: 0000000000000000     0 OBJECT  GLOBAL DEFAULT  UND _ZN4Dali7Vector24ZEROE
   171: 0000000000000000     0 FUNC    GLOBAL DEFAULT  UND _ZN4Dali7Toolkit11ControlImpl30OnKeyboardFocusChangeCommittedENS_5ActorE
   172: 0000000000000000     0 FUNC    GLOBAL DEFAULT  UND _ZN4Dali11ApplicationC1ERKS0_
   173: 0000000000000000     0 FUNC    GLOBAL DEFAULT  UND _ZNK4Dali7Vector2eqERKS0_
   174: 0000000000000000     0 FUNC    GLOBAL DEFAULT  UND _ZN4Dali5Actor15SetResizePolicyENS_12ResizePolicy4TypeENS_9Dimension4TypeE
   175: 0000000000000000     0 FUNC    GLOBAL DEFAULT  UND _ZN4Dali9RefObject11UnreferenceEv
   176: 0000000000000000     0 FUNC    GLOBAL DEFAULT  UND _ZN4Dali9RefObject9OnDestroyEv
   177: 0000000000000000     0 FUNC    GLOBAL DEFAULT  UND _ZN4Dali6StringC1EPKc
   178: 0000000000000000     0 FUNC    GLOBAL DEFAULT  UND _ZN4Dali11Application4QuitEv
   179: 0000000000000000     0 FUNC    GLOBAL DEFAULT  UND _ZSt29_Rb_tree_insert_and_rebalancebPSt18_Rb_tree_node_baseS0_RS_@GLIBCXX_3.4 (5)
   180: 0000000000000000     0 FUNC    GLOBAL DEFAULT  UND _ZN4Dali7Toolkit11ControlImpl17OnSceneConnectionEi
   181: 0000000000000000     0 FUNC    GLOBAL DEFAULT  UND _ZNK4Dali10BaseHandle12GetObjectPtrEv
   182: 0000000000000000     0 FUNC    GLOBAL DEFAULT  UND _ZN4Dali7Toolkit11ControlImpl7OnPinchERKNS_12PinchGestureE
   183: 0000000000000000     0 FUNC    GLOBAL DEFAULT  UND _ZN4Dali7Toolkit7ControlaSEOS1_
   184: 0000000000000000     0 FUNC    GLOBAL DEFAULT  UND _ZN4Dali7Toolkit11ControlImpl11OnLongPressERKNS_16LongPressGestureE
   185: 0000000000000000     0 FUNC    GLOBAL DEFAULT  UND _ZN4Dali7Toolkit9TextLabelC1Ev
   186: 0000000000000000     0 OBJECT  GLOBAL DEFAULT  UND _ZTIN4Dali12CallbackBaseE
   187: 0000000000000000     0 FUNC    GLOBAL DEFAULT  UND _ZN4Dali17DaliAssertMessageEPKcS1_
   188: 0000000000000000     0 FUNC    GLOBAL DEFAULT  UND _ZSt9terminatev@GLIBCXX_3.4 (5)
   189: 0000000000000000     0 FUNC    GLOBAL DEFAULT  UND _ZN4Dali7Toolkit7ControlaSERKS1_
   190: 0000000000000000     0 FUNC    GLOBAL DEFAULT  UND _ZN4Dali8Property5ValueC1ENS0_3MapE
   191: 0000000000000000     0 FUNC    GLOBAL DEFAULT  UND _ZN4Dali7Toolkit7ControlC2ERNS0_11ControlImplE
   192: 0000000000000000     0 FUNC    GLOBAL DEFAULT  UND _ZN4Dali7Toolkit11ControlImpl20OnSceneDisconnectionEv
   193: 0000000000000000     0 FUNC    GLOBAL DEFAULT  UND _ZN4Dali7Toolkit7ControlD1Ev
   194: 0000000000000000     0 FUNC    GLOBAL DEFAULT  UND _ZN4Dali12CallbackBaseD2Ev
   195: 0000000000000000     0 FUNC    GLOBAL DEFAULT  UND _ZN4Dali7Toolkit11ControlImpl13OnStyleChangeENS0_12StyleManagerENS_11StyleChange4TypeE
   196: 0000000000000000     0 FUNC    GLOBAL DEFAULT  UND _ZN4Dali10BaseHandleC1EOS0_
   197: 0000000000000000     0 FUNC    GLOBAL DEFAULT  UND _ZN4Dali7Toolkit9TableView13RemoveChildAtENS1_12CellPositionE
   198: 0000000000000000     0 FUNC    GLOBAL DEFAULT  UND _ZN4Dali7Toolkit9TableViewaSERKS1_
   199: 0000000000000000     0 OBJECT  GLOBAL DEFAULT  UND _ZN4Dali7Vector34ZEROE
   200: 0000000000000000     0 FUNC    GLOBAL DEFAULT  UND _ZN4Dali8KeyEventD1Ev
   201: 0000000000000000     0 FUNC    GLOBAL DEFAULT  UND _ZN4Dali8Property5ArrayC1ERKS1_
   202: 0000000000000000     0 FUNC    GLOBAL DEFAULT  UND _ZN4Dali7Toolkit11ControlImpl10OnKeyEventERKNS_8KeyEventE
   203: 0000000000000000     0 FUNC    GLOBAL DEFAULT  UND _ZN4Dali6StringC1ERKNS_10StringViewE
   204: 0000000000000000     0 FUNC    GLOBAL DEFAULT  UND _ZN4Dali7Toolkit11ControlImpl26OnAccessibilityValueChangeEb
   205: 0000000000000000     0 FUNC    GLOBAL DEFAULT  UND __libc_start_main@GLIBC_2.34 (10)
   206: 0000000000000000     0 FUNC    GLOBAL DEFAULT  UND _ZN4Dali5ActorC1ERKS0_
   207: 0000000000000000     0 FUNC    GLOBAL DEFAULT  UND _ZN4Dali7Toolkit11ControlImpl15OnKeyboardEnterEv
   208: 0000000000000000     0 FUNC    GLOBAL DEFAULT  UND _ZN4Dali7Toolkit9TextLabel3NewERKNS_6StringE
   209: 0000000000000000     0 FUNC    GLOBAL DEFAULT  UND _ZN4Dali7Toolkit11ControlImpl23OnCalculateRelayoutSizeENS_9Dimension4TypeE
   210: 0000000000000000     0 FUNC    GLOBAL DEFAULT  UND _ZN4Dali7Toolkit7ControlC1ERKS1_
   211: 00000000000124f0     8 OBJECT  WEAK   DEFAULT   27 _ZN4Dali13Accessibility6Bridge15mDisabledSignalE
   212: 0000000000011970    24 OBJECT  WEAK   DEFAULT   22 _ZTIN4Dali6HandleE
   213: 0000000000011988    16 OBJECT  WEAK   DEFAULT   22 _ZTIN4Dali10BaseHandleE
   214: 000000000000a438   130 FUNC    WEAK   DEFAULT   14 _ZNSt7__cxx1112basic_stringIcSt11char_traitsIcESaIcEE12_M_constructIPKcEEvT_S8_St20forward_iterator_tag
   215: 000000000000ea04    23 OBJECT  WEAK   DEFAULT   16 _ZTSN4Dali13DaliExceptionE
   216: 0000000000012518     8 OBJECT  WEAK   DEFAULT   27 _ZGVN4Dali13Accessibility6Bridge27mScreenReaderDisabledSignalE
   217: 0000000000011958    24 OBJECT  WEAK   DEFAULT   22 _ZTIN4Dali5ActorE
   218: 000000000000eaba     1 OBJECT  WEAK   DEFAULT   16 _ZSt19piecewise_construct
   219: 0000000000011900    16 OBJECT  WEAK   DEFAULT   22 _ZTIN4Dali13DaliExceptionE
   220: 00000000000124e0     8 OBJECT  WEAK   DEFAULT   27 _ZN4Dali13Accessibility6Bridge14mEnabledSignalE
   221: 0000000000011928    24 OBJECT  WEAK   DEFAULT   22 _ZTIN4Dali7Toolkit7ControlE
   222: 0000000000011940    24 OBJECT  WEAK   DEFAULT   22 _ZTIN4Dali11CustomActorE
   223: 000000000000ea5d    14 OBJECT  WEAK   DEFAULT   16 _ZTSN4Dali5ActorE
   224: 000000000000ea7a    20 OBJECT  WEAK   DEFAULT   16 _ZTSN4Dali10BaseHandleE
   225: 0000000000000000     0 FUNC    WEAK   DEFAULT  UND __cxa_finalize@GLIBC_2.2.5 (6)
   226: 00000000000124e8     8 OBJECT  WEAK   DEFAULT   27 _ZGVN4Dali13Accessibility6Bridge14mEnabledSignalE
   227: 00000000000124f8     8 OBJECT  WEAK   DEFAULT   27 _ZGVN4Dali13Accessibility6Bridge15mDisabledSignalE
   228: 0000000000012510     8 OBJECT  WEAK   DEFAULT   27 _ZN4Dali13Accessibility6Bridge27mScreenReaderDisabledSignalE
   229: 000000000000ea30    24 OBJECT  WEAK   DEFAULT   16 _ZTSN4Dali7Toolkit7ControlE
   230: 000000000000c7b0   130 FUNC    WEAK   DEFAULT   14 _ZNSt7__cxx1112basic_stringIcSt11char_traitsIcESaIcEE12_M_constructIPcEEvT_S7_St20forward_iterator_tag
   231: 0000000000012508     8 OBJECT  WEAK   DEFAULT   27 _ZGVN4Dali13Accessibility6Bridge26mScreenReaderEnabledSignalE
   232: 0000000000012500     8 OBJECT  WEAK   DEFAULT   27 _ZN4Dali13Accessibility6Bridge26mScreenReaderEnabledSignalE
   233: 000000000000ea48    21 OBJECT  WEAK   DEFAULT   16 _ZTSN4Dali11CustomActorE
   234: 000000000000ea6b    15 OBJECT  WEAK   DEFAULT   16 _ZTSN4Dali6HandleE
