
Symbol table '.dynsym' contains 293 entries:
   Num:    Value          Size Type    Bind   Vis      Ndx Name
     0: 0000000000000000     0 NOTYPE  LOCAL  DEFAULT  UND 
     1: 0000000000000000     0 FUNC    GLOBAL DEFAULT  UND _ZN4Dali8PropertyD1Ev
     2: 0000000000000000     0 FUNC    GLOBAL DEFAULT  UND _ZN4Dali8Property5ValueaSEOS1_
     3: 0000000000000000     0 FUNC    GLOBAL DEFAULT  UND _ZN4Dali7Toolkit11ControlImpl14GetNaturalSizeEv
     4: 0000000000000000     0 FUNC    GLOBAL DEFAULT  UND _ZThn32_N4Dali7Toolkit11ControlImpl15SignalConnectedEPNS_12SlotObserverEPNS_12CallbackBaseE
     5: 0000000000000000     0 FUNC    GLOBAL DEFAULT  UND _ZN4Dali9Animation4PlayEv
     6: 0000000000000000     0 FUNC    GLOBAL DEFAULT  UND _ZN4Dali7Toolkit9ImageViewD1Ev
     7: 0000000000000000     0 FUNC    GLOBAL DEFAULT  UND __cxa_begin_catch@CXXABI_1.3 (2)
     8: 0000000000000000     0 FUNC    GLOBAL DEFAULT  UND _ZN4Dali8KeyEventC1ERKS0_
     9: 0000000000000000     0 FUNC    GLOBAL DEFAULT  UND _ZN4Dali7Toolkit11ControlImpl13OnChildRemoveERNS_5ActorE
    10: 0000000000000000     0 FUNC    GLOBAL DEFAULT  UND memcpy@GLIBC_2.14 (3)
    11: 0000000000000000     0 FUNC    GLOBAL DEFAULT  UND _ZN4Dali5Layer10RaiseToTopEv
    12: 0000000000000000     0 FUNC    GLOBAL DEFAULT  UND _ZN4Dali7Toolkit11ControlImpl33GetOffScreenRenderableSourceActorEv
    13: 0000000000000000     0 FUNC    GLOBAL DEFAULT  UND _ZN4Dali8Property5ValueC2Ei
    14: 0000000000000000     0 FUNC    GLOBAL DEFAULT  UND _ZN4Dali7Toolkit11ControlImpl15SignalConnectedEPNS_12SlotObserverEPNS_12CallbackBaseE
    15: 0000000000000000     0 FUNC    GLOBAL DEFAULT  UND _ZNK4Dali7Toolkit8ItemView14GetLayoutCountEv
    16: 0000000000000000     0 FUNC    GLOBAL DEFAULT  UND _ZN4Dali7Toolkit8ItemView10RemoveItemEjf
    17: 0000000000000000     0 FUNC    GLOBAL DEFAULT  UND _ZN4Dali8Property5ValueC1Ei
    18: 0000000000000000     0 FUNC    GLOBAL DEFAULT  UND _ZN4Dali7Toolkit8ItemViewC1Ev
    19: 0000000000000000     0 FUNC    GLOBAL DEFAULT  UND _ZN4Dali7Toolkit10PushButtonC1Ev
    20: 0000000000000000     0 FUNC    GLOBAL DEFAULT  UND _ZdlPvm@CXXABI_1.3.9 (4)
    21: 0000000000000000     0 NOTYPE  WEAK   DEFAULT  UND _ITM_deregisterTMCloneTable
    22: 0000000000000000     0 FUNC    GLOBAL DEFAULT  UND _ZNK4Dali7Gesture8GetStateEv
    23: 0000000000000000     0 FUNC    GLOBAL DEFAULT  UND _ZN4Dali10BaseHandle8DoActionERKNS_10StringViewERKNS_8Property3MapE
    24: 0000000000000000     0 FUNC    GLOBAL DEFAULT  UND _ZN4Dali7Toolkit7ControlD2Ev
    25: 0000000000000000     0 FUNC    GLOBAL DEFAULT  UND _ZN4Dali7Toolkit11ControlImpl5OnTapERKNS_10TapGestureE
    26: 0000000000000000     0 FUNC    GLOBAL DEFAULT  UND _ZN4Dali7Vector3C1ERKNS_7Vector2E
    27: 0000000000000000     0 FUNC    GLOBAL DEFAULT  UND _ZN4Dali6StringD1Ev
    28: 0000000000000000     0 FUNC    GLOBAL DEFAULT  UND _ZN4Dali7Toolkit8ItemView14ActivateLayoutEjNS_7Vector3Ef
    29: 0000000000000000     0 FUNC    GLOBAL DEFAULT  UND _ZN4Dali8Property3MapixENS_10StringViewE
    30: 0000000000000000     0 FUNC    GLOBAL DEFAULT  UND _Znwm@GLIBCXX_3.4 (5)
    31: 0000000000000000     0 FUNC    GLOBAL DEFAULT  UND _ZN4Dali7Toolkit9ImageView3NewERKNS_6StringE
    32: 0000000000000000     0 FUNC    GLOBAL DEFAULT  UND _ZNK4Dali7Toolkit10ItemLayout11GetItemSizeEjRKNS_7Vector3ERS2_
    33: 0000000000000000     0 FUNC    GLOBAL DEFAULT  UND _ZN4Dali18TapGestureDetectorD1Ev
    34: 0000000000000000     0 FUNC    GLOBAL DEFAULT  UND _ZN4Dali5Actor3NewEv
    35: 0000000000000000     0 FUNC    GLOBAL DEFAULT  UND _ZN4Dali9AnimationC1ERKS0_
    36: 0000000000000000     0 FUNC    GLOBAL DEFAULT  UND _ZNK4Dali5Actor14GetNaturalSizeEv
    37: 0000000000000000     0 FUNC    GLOBAL DEFAULT  UND _ZN4Dali10StringViewC1EPKcj
    38: 0000000000000000     0 FUNC    GLOBAL DEFAULT  UND _ZN4Dali7Toolkit11ControlImpl17GetHeightForWidthEf
    39: 0000000000000000     0 FUNC    GLOBAL DEFAULT  UND _ZN4Dali7Toolkit11ControlImpl18OnAccessibilityPanENS_10PanGestureE
    40: 0000000000000000     0 FUNC    GLOBAL DEFAULT  UND _ZNK4Dali16LongPressGesture14GetScreenPointEv
    41: 0000000000000000     0 FUNC    GLOBAL DEFAULT  UND _ZN4Dali8Property5ValueC1ERKNS_7Vector4E
    42: 0000000000000000     0 FUNC    GLOBAL DEFAULT  UND _ZN4Dali10VectorBaseD2Ev
    43: 0000000000000000     0 FUNC    GLOBAL DEFAULT  UND _ZN4Dali11Application10InitSignalEv
    44: 0000000000000000     0 FUNC    GLOBAL DEFAULT  UND _ZN4Dali11CustomActorD1Ev
    45: 0000000000000000     0 FUNC    GLOBAL DEFAULT  UND _ZN4Dali7Toolkit6ButtonD1Ev
    46: 0000000000000000     0 OBJECT  GLOBAL DEFAULT  UND _ZTVN10__cxxabiv121__vmi_class_type_infoE@CXXABI_1.3 (2)
    47: 0000000000000000     0 FUNC    GLOBAL DEFAULT  UND _ZN4Dali5ActorC1EOS0_
    48: 0000000000000000     0 FUNC    GLOBAL DEFAULT  UND _ZN4Dali15CustomActorImpl15RelayoutRequestEv
    49: 0000000000000000     0 FUNC    GLOBAL DEFAULT  UND _ZNK4Dali5Actor10GetChildAtEj
    50: 0000000000000000     0 FUNC    GLOBAL DEFAULT  UND _ZN4Dali7Toolkit11ControlImpl29GetNextKeyboardFocusableActorENS_5ActorENS0_7Control13KeyboardFocus9DirectionEb
    51: 0000000000000000     0 FUNC    GLOBAL DEFAULT  UND _ZN4Dali7Toolkit9TableView16SetRelativeWidthEjf
    52: 0000000000000000     0 FUNC    GLOBAL DEFAULT  UND _ZN4Dali7Toolkit9ImageView3NewEv
    53: 0000000000000000     0 FUNC    GLOBAL DEFAULT  UND _ZN4Dali7Toolkit9TableView8AddChildENS_5ActorENS1_12CellPositionE
    54: 0000000000000000     0 FUNC    GLOBAL DEFAULT  UND _ZN4Dali10VectorBase7ReserveEmm
    55: 0000000000000000     0 FUNC    GLOBAL DEFAULT  UND _ZN4Dali7Toolkit11ControlImpl27RelayoutDependentOnChildrenENS_9Dimension4TypeE
    56: 0000000000000000     0 FUNC    GLOBAL DEFAULT  UND _ZN4Dali6WindowD1Ev
    57: 0000000000000000     0 FUNC    GLOBAL DEFAULT  UND _ZN4Dali5IsKeyERKNS_8KeyEventENS_3KEYE
    58: 0000000000000000     0 FUNC    GLOBAL DEFAULT  UND _ZN4Dali16LongPressGestureD1Ev
    59: 0000000000000000     0 FUNC    GLOBAL DEFAULT  UND _ZN4Dali7Toolkit11ControlImpl27OnAnimateAnimatablePropertyERNS_9AnimationEiNS2_5StateE
    60: 0000000000000000     0 FUNC    GLOBAL DEFAULT  UND _ZN4Dali8Property5ValueC1EPKc
    61: 0000000000000000     0 FUNC    GLOBAL DEFAULT  UND _ZN4Dali8Property3MapC1Ev
    62: 0000000000000000     0 FUNC    GLOBAL DEFAULT  UND _ZNK4Dali5Actor9GetParentEv
    63: 0000000000000000     0 FUNC    GLOBAL DEFAULT  UND _ZN4Dali7Toolkit11ControlImplD2Ev
    64: 0000000000000000     0 FUNC    GLOBAL DEFAULT  UND _ZN4Dali7Toolkit11ControlImpl22CreateAccessibleObjectEv
    65: 0000000000000000     0 FUNC    GLOBAL DEFAULT  UND _ZN4Dali8Property5ValueC1ERKNS_7Vector3E
    66: 0000000000000000     0 FUNC    GLOBAL DEFAULT  UND _ZN4Dali7Toolkit11ControlImpl18CalculateChildSizeERKNS_5ActorENS_9Dimension4TypeE
    67: 0000000000000000     0 FUNC    GLOBAL DEFAULT  UND _ZN4Dali7Toolkit11ControlImpl18OnLayoutNegotiatedEfNS_9Dimension4TypeE
    68: 0000000000000000     0 FUNC    GLOBAL DEFAULT  UND _ZNK4Dali5Actor13GetTargetSizeEv
    69: 0000000000000000     0 FUNC    GLOBAL DEFAULT  UND __stack_chk_fail@GLIBC_2.4 (7)
    70: 0000000000000000     0 FUNC    GLOBAL DEFAULT  UND _ZN4Dali8PropertyC1ERNS_6HandleEi
    71: 0000000000000000     0 FUNC    GLOBAL DEFAULT  UND _ZN4Dali7Toolkit11ControlImpl23GetOffScreenRenderTasksERNS_6VectorINS_10RenderTaskELb0EEEb
    72: 0000000000000000     0 FUNC    GLOBAL DEFAULT  UND _ZN4Dali7Toolkit11ControlImpl30OnConstraintAnimatablePropertyERNS_10ConstraintEib
    73: 0000000000000000     0 FUNC    GLOBAL DEFAULT  UND _ZN4Dali6Window14KeyEventSignalEv
    74: 0000000000000000     0 FUNC    GLOBAL DEFAULT  UND _ZNK4Dali5Actor13GetChildCountEv
    75: 0000000000000000     0 FUNC    GLOBAL DEFAULT  UND _ZN4Dali5Actor6RemoveES0_
    76: 0000000000000000     0 FUNC    GLOBAL DEFAULT  UND _ZN4Dali11ApplicationD1Ev
    77: 0000000000000000     0 FUNC    GLOBAL DEFAULT  UND _ZN4Dali11Application3NewEPiPPPcNS_10StringViewE
    78: 0000000000000000     0 FUNC    GLOBAL DEFAULT  UND _ZN4Dali17ConnectionTracker15SignalConnectedEPNS_12SlotObserverEPNS_12CallbackBaseE
    79: 0000000000000000     0 FUNC    GLOBAL DEFAULT  UND _ZN4Dali7Toolkit9TableView12InsertColumnEj
    80: 0000000000000000     0 FUNC    GLOBAL DEFAULT  UND __cxa_guard_acquire@CXXABI_1.3 (2)
    81: 0000000000000000     0 FUNC    GLOBAL DEFAULT  UND _ZNK4Dali7Toolkit8ItemView9GetLayoutEj
    82: 0000000000000000     0 FUNC    GLOBAL DEFAULT  UND _ZN4Dali7Toolkit11ControlImpl24OnAccessibilityActivatedEv
    83: 0000000000000000     0 OBJECT  GLOBAL DEFAULT  UND _ZTVN10__cxxabiv117__class_type_infoE@CXXABI_1.3 (2)
    84: 0000000000000000     0 FUNC    GLOBAL DEFAULT  UND _ZN4Dali17ConnectionTracker18SignalDisconnectedEPNS_12SlotObserverEPNS_12CallbackBaseE
    85: 0000000000000000     0 FUNC    GLOBAL DEFAULT  UND _ZNK4Dali8KeyEvent8GetStateEv
    86: 0000000000000000     0 FUNC    GLOBAL DEFAULT  UND _ZN4Dali8Property5ValueD1Ev
    87: 0000000000000000     0 FUNC    GLOBAL DEFAULT  UND _ZN4Dali17ConnectionTrackerD2Ev
    88: 0000000000000000     0 FUNC    GLOBAL DEFAULT  UND _ZN4Dali7Toolkit11ControlImpl10OnRelayoutERKNS_7Vector2ERNS_17RelayoutContainerE
    89: 0000000000000000     0 FUNC    GLOBAL DEFAULT  UND _ZN4Dali7Toolkit8ItemView20SetMinimumSwipeSpeedEf
    90: 0000000000000000     0 FUNC    GLOBAL DEFAULT  UND __cxa_allocate_exception@CXXABI_1.3 (2)
    91: 0000000000000000     0 FUNC    GLOBAL DEFAULT  UND _ZN4Dali7Toolkit9TableViewC1Ev
    92: 0000000000000000     0 FUNC    GLOBAL DEFAULT  UND _ZNKSt7__cxx1115basic_stringbufIcSt11char_traitsIcESaIcEE3strEv@GLIBCXX_3.4.21 (8)
    93: 0000000000000000     0 FUNC    GLOBAL DEFAULT  UND _ZN4Dali9AnimationD1Ev
    94: 0000000000000000     0 NOTYPE  WEAK   DEFAULT  UND __gmon_start__
    95: 0000000000000000     0 FUNC    GLOBAL DEFAULT  UND _ZN4Dali7Toolkit11ControlImpl19OnKeyInputFocusLostEv
    96: 0000000000000000     0 FUNC    GLOBAL DEFAULT  UND _ZN4Dali7Toolkit11ControlImpl18SignalDisconnectedEPNS_12SlotObserverEPNS_12CallbackBaseE
    97: 0000000000000000     0 OBJECT  GLOBAL DEFAULT  UND _ZTIN4Dali7Toolkit11ControlImplE
    98: 0000000000000000     0 FUNC    GLOBAL DEFAULT  UND _ZN4Dali6Handle11SetPropertyEiNS_8Property5ValueE
    99: 0000000000000000     0 FUNC    GLOBAL DEFAULT  UND _ZN4Dali10BaseHandle5ResetEv
   100: 0000000000000000     0 FUNC    GLOBAL DEFAULT  UND _ZN4Dali9Animation9AnimateToENS_8PropertyENS1_5ValueE
   101: 0000000000000000     0 FUNC    GLOBAL DEFAULT  UND _ZN4Dali8Property5ValueC1ENS_6StringE
   102: 0000000000000000     0 FUNC    GLOBAL DEFAULT  UND _ZN4Dali7Toolkit11ControlImpl10OnChildAddERNS_5ActorE
   103: 0000000000000000     0 FUNC    GLOBAL DEFAULT  UND _ZN4Dali7Toolkit10PushButton3NewEv
   104: 0000000000000000     0 FUNC    GLOBAL DEFAULT  UND _ZN4Dali7Toolkit9TextLabelaSEOS1_
   105: 0000000000000000     0 FUNC    GLOBAL DEFAULT  UND _ZN4Dali7Toolkit11ControlImpl5OnPanERKNS_10PanGestureE
   106: 0000000000000000     0 FUNC    GLOBAL DEFAULT  UND _ZSt18_Rb_tree_decrementPSt18_Rb_tree_node_base@GLIBCXX_3.4 (5)
   107: 0000000000000000     0 FUNC    GLOBAL DEFAULT  UND _ZN4Dali10BaseSignalC1Ev
   108: 0000000000000000     0 FUNC    GLOBAL DEFAULT  UND _ZN4Dali24LongPressGestureDetectorD1Ev
   109: 0000000000000000     0 FUNC    GLOBAL DEFAULT  UND _ZN4Dali16LongPressGestureC1ERKS0_
   110: 0000000000000000     0 FUNC    GLOBAL DEFAULT  UND _ZN4Dali7Toolkit20KeyboardFocusManagerD1Ev
   111: 0000000000000000     0 FUNC    GLOBAL DEFAULT  UND _ZN4Dali7Toolkit7ControlC1Ev
   112: 0000000000000000     0 FUNC    GLOBAL DEFAULT  UND _ZN4Dali13DaliExceptionC1EPKcS2_
   113: 0000000000000000     0 FUNC    GLOBAL DEFAULT  UND setenv@GLIBC_2.2.5 (6)
   114: 0000000000000000     0 FUNC    GLOBAL DEFAULT  UND _ZN4Dali7Toolkit9TableViewD1Ev
   115: 0000000000000000     0 FUNC    GLOBAL DEFAULT  UND _ZN4Dali7Toolkit11ControlImpl21OnKeyInputFocusGainedEv
   116: 0000000000000000     0 FUNC    GLOBAL DEFAULT  UND __cxa_guard_release@CXXABI_1.3 (2)
   117: 0000000000000000     0 FUNC    GLOBAL DEFAULT  UND _ZN4Dali7Toolkit11ControlImpl15OnSizeAnimationERNS_9AnimationERKNS_7Vector3E
   118: 0000000000000000     0 FUNC    GLOBAL DEFAULT  UND _ZN4Dali7Toolkit10PushButtonD1Ev
   119: 0000000000000000     0 FUNC    GLOBAL DEFAULT  UND _ZN4Dali7Toolkit11ControlImpl17OnSetResizePolicyENS_12ResizePolicy4TypeENS_9Dimension4TypeE
   120: 0000000000000000     0 FUNC    GLOBAL DEFAULT  UND _ZNK4Dali6Handle18GetCurrentPropertyEi
   121: 0000000000000000     0 FUNC    GLOBAL DEFAULT  UND _ZN4Dali8Property3MapD1Ev
   122: 0000000000000000     0 FUNC    GLOBAL DEFAULT  UND _ZN4Dali5LayerC1ERKS0_
   123: 0000000000000000     0 FUNC    GLOBAL DEFAULT  UND _ZN4Dali7Toolkit11ControlImpl19OnApplyDefaultStyleEv
   124: 0000000000000000     0 FUNC    GLOBAL DEFAULT  UND _ZN4Dali5LayerD1Ev
   125: 0000000000000000     0 FUNC    GLOBAL DEFAULT  UND _ZN4Dali9Animation3NewEf
   126: 0000000000000000     0 FUNC    GLOBAL DEFAULT  UND _ZN4Dali7Toolkit7Control3NewEv
   127: 0000000000000000     0 FUNC    GLOBAL DEFAULT  UND __gxx_personality_v0@CXXABI_1.3 (2)
   128: 0000000000000000     0 FUNC    GLOBAL DEFAULT  UND _ZNK4Dali8Property5Value3GetERb
   129: 0000000000000000     0 FUNC    GLOBAL DEFAULT  UND _ZN4Dali7Toolkit6ButtonC1ERKS1_
   130: 0000000000000000     0 FUNC    GLOBAL DEFAULT  UND _ZN4Dali18TapGestureDetector3NewEv
   131: 0000000000000000     0 FUNC    GLOBAL DEFAULT  UND _ZN4Dali5Layer3NewEv
   132: 0000000000000000     0 FUNC    GLOBAL DEFAULT  UND _ZThn32_N4Dali7Toolkit11ControlImpl18SignalDisconnectedEPNS_12SlotObserverEPNS_12CallbackBaseE
   133: 0000000000000000     0 FUNC    GLOBAL DEFAULT  UND _ZN4Dali7Toolkit10PushButtonaSEOS1_
   134: 0000000000000000     0 FUNC    GLOBAL DEFAULT  UND __cxa_throw@CXXABI_1.3 (2)
   135: 0000000000000000     0 FUNC    GLOBAL DEFAULT  UND _ZN4Dali7Toolkit10ItemLayout14SetOrientationENS0_18ControlOrientation4TypeE
   136: 0000000000000000     0 FUNC    GLOBAL DEFAULT  UND _ZN4Dali7Toolkit11ControlImpl30IsOffScreenRenderTaskExclusiveEv
   137: 0000000000000000     0 FUNC    GLOBAL DEFAULT  UND _ZN4Dali7Toolkit8ItemView12SetAnchoringEb
   138: 0000000000000000     0 FUNC    GLOBAL DEFAULT  UND _ZN4Dali7Toolkit8ItemView11RemoveItemsERKNS_6VectorIjLb1EEEf
   139: 0000000000000000     0 FUNC    GLOBAL DEFAULT  UND _ZN4Dali7Toolkit8ItemView9AddLayoutERNS0_10ItemLayoutE
   140: 0000000000000000     0 FUNC    GLOBAL DEFAULT  UND _ZN4Dali24LongPressGestureDetector14DetectedSignalEv
   141: 0000000000000000     0 FUNC    GLOBAL DEFAULT  UND _Unwind_Resume@GCC_3.0 (9)
   142: 0000000000000000     0 FUNC    GLOBAL DEFAULT  UND _ZN4Dali8Property3MapC1ERKS1_
   143: 0000000000000000     0 FUNC    GLOBAL DEFAULT  UND _ZNSt7__cxx1112basic_stringIcSt11char_traitsIcESaIcEE9_M_createERmm@GLIBCXX_3.4.21 (8)
   144: 0000000000000000     0 FUNC    GLOBAL DEFAULT  UND _ZN4Dali8Property5ValueC1Eb
   145: 0000000000000000     0 FUNC    GLOBAL DEFAULT  UND _ZN4Dali17ConnectionTrackerC2Ev
   146: 0000000000000000     0 FUNC    GLOBAL DEFAULT  UND _ZN4Dali18TapGestureDetector14DetectedSignalEv
   147: 0000000000000000     0 FUNC    GLOBAL DEFAULT  UND _ZNSt8ios_baseD2Ev@GLIBCXX_3.4 (5)
   148: 0000000000000000     0 FUNC    GLOBAL DEFAULT  UND _ZN4Dali7Toolkit10IsVerticalENS0_18ControlOrientation4TypeE
   149: 0000000000000000     0 FUNC    GLOBAL DEFAULT  UND _ZN4Dali7Toolkit20KeyboardFocusManager20PreFocusChangeSignalEv
   150: 0000000000000000     0 FUNC    GLOBAL DEFAULT  UND _ZN4Dali10TapGestureD1Ev
   151: 0000000000000000     0 FUNC    GLOBAL DEFAULT  UND _ZN4Dali15GestureDetector6AttachENS_5ActorE
   152: 0000000000000000     0 FUNC    GLOBAL DEFAULT  UND _ZN4Dali7Toolkit9TextLabel3NewEv
   153: 0000000000000000     0 FUNC    GLOBAL DEFAULT  UND _ZN4Dali8Property3Map6InsertEiNS0_5ValueE
   154: 0000000000000000     0 FUNC    GLOBAL DEFAULT  UND _ZNK4Dali15CustomActorImpl4SelfEv
   155: 0000000000000000     0 FUNC    GLOBAL DEFAULT  UND _ZN4Dali24LongPressGestureDetectoraSEOS0_
   156: 0000000000000000     0 FUNC    GLOBAL DEFAULT  UND _ZN4Dali5ActorD1Ev
   157: 0000000000000000     0 FUNC    GLOBAL DEFAULT  UND _ZNSt7__cxx1118basic_stringstreamIcSt11char_traitsIcESaIcEED2Ev@GLIBCXX_3.4.21 (8)
   158: 0000000000000000     0 FUNC    GLOBAL DEFAULT  UND _ZN4Dali7Toolkit8ItemView11ReplaceItemENS_4PairIjNS_5ActorEEEf
   159: 0000000000000000     0 FUNC    GLOBAL DEFAULT  UND _ZN4Dali9RefObject9ReferenceEv
   160: 0000000000000000     0 FUNC    GLOBAL DEFAULT  UND _ZN4Dali18TapGestureDetectoraSEOS0_
   161: 0000000000000000     0 FUNC    GLOBAL DEFAULT  UND _ZN4Dali10StringViewD1Ev
   162: 0000000000000000     0 FUNC    GLOBAL DEFAULT  UND __cxa_end_catch@CXXABI_1.3 (2)
   163: 0000000000000000     0 FUNC    GLOBAL DEFAULT  UND _ZN4Dali6Window3AddENS_5ActorE
   164: 0000000000000000     0 FUNC    GLOBAL DEFAULT  UND _ZN4Dali6StringC1EOS0_
   165: 0000000000000000     0 FUNC    GLOBAL DEFAULT  UND _ZN4Dali7Toolkit10ItemLayout11SetItemSizeERKNS_7Vector3E
   166: 0000000000000000     0 OBJECT  GLOBAL DEFAULT  UND _ZTIN4Dali17ConnectionTrackerE
   167: 0000000000000000     0 FUNC    GLOBAL DEFAULT  UND _ZN4Dali10VectorBase8SetCountEm
   168: 0000000000000000     0 FUNC    GLOBAL DEFAULT  UND _ZN4Dali8Property3MapixEi
   169: 0000000000000000     0 FUNC    GLOBAL DEFAULT  UND __cxa_rethrow@CXXABI_1.3 (2)
   170: 0000000000000000     0 FUNC    GLOBAL DEFAULT  UND _ZN4Dali12TypeRegistryD1Ev
   171: 0000000000000000     0 FUNC    GLOBAL DEFAULT  UND _ZN4Dali11Application9GetWindowEv
   172: 0000000000000000     0 FUNC    GLOBAL DEFAULT  UND _ZN4Dali16TypeRegistrationC1ERKSt9type_infoS3_PFNS_10BaseHandleEvE
   173: 0000000000000000     0 FUNC    GLOBAL DEFAULT  UND _ZN4Dali11CustomActor17GetImplementationEv
   174: 0000000000000000     0 FUNC    GLOBAL DEFAULT  UND _ZN4Dali7Toolkit11ControlImpl10InitializeEv
   175: 0000000000000000     0 FUNC    GLOBAL DEFAULT  UND _ZN4Dali10VectorBaseC2Ev
   176: 0000000000000000     0 FUNC    GLOBAL DEFAULT  UND _ZN4Dali7Toolkit8ItemViewaSEOS1_
   177: 0000000000000000     0 FUNC    GLOBAL DEFAULT  UND _ZN4Dali7Vector2aSERKNS_7Vector3E
   178: 0000000000000000     0 FUNC    GLOBAL DEFAULT  UND _ZN4Dali7Toolkit11ControlImplC2ENS1_16ControlBehaviourE
   179: 0000000000000000     0 FUNC    GLOBAL DEFAULT  UND _ZNK4Dali7Toolkit10ItemLayout14GetOrientationEv
   180: 0000000000000000     0 FUNC    GLOBAL DEFAULT  UND _ZN4Dali24LongPressGestureDetector3NewEv
   181: 0000000000000000     0 OBJECT  GLOBAL DEFAULT  UND _ZTVN10__cxxabiv120__si_class_type_infoE@CXXABI_1.3 (2)
   182: 0000000000000000     0 FUNC    GLOBAL DEFAULT  UND _ZN4Dali6WindowC1ERKS0_
   183: 0000000000000000     0 FUNC    GLOBAL DEFAULT  UND _ZN4Dali12CallbackBaseC2EPvMS0_FvvEPFvRS0_E
   184: 0000000000000000     0 FUNC    GLOBAL DEFAULT  UND _ZN4Dali7Toolkit8ItemView3NewERNS0_11ItemFactoryE
   185: 0000000000000000     0 FUNC    GLOBAL DEFAULT  UND _ZN4Dali7Toolkit7ControlC2Ev
   186: 0000000000000000     0 FUNC    GLOBAL DEFAULT  UND _ZNK4Dali7Toolkit8ItemView9GetItemIdENS_5ActorE
   187: 0000000000000000     0 FUNC    GLOBAL DEFAULT  UND _ZN4Dali7Toolkit8ItemView23SetMinimumSwipeDistanceEf
   188: 0000000000000000     0 FUNC    GLOBAL DEFAULT  UND __cxa_atexit@GLIBC_2.2.5 (6)
   189: 0000000000000000     0 FUNC    GLOBAL DEFAULT  UND _ZN4Dali7Toolkit11ControlImpl19OnAccessibilityZoomEv
   190: 0000000000000000     0 FUNC    GLOBAL DEFAULT  UND __cxa_free_exception@CXXABI_1.3 (2)
   191: 0000000000000000     0 FUNC    GLOBAL DEFAULT  UND _ZN4Dali24LongPressGestureDetectorC1Ev
   192: 0000000000000000     0 FUNC    GLOBAL DEFAULT  UND _ZN4Dali7Toolkit11ControlImpl9OnSizeSetERKNS_7Vector3E
   193: 0000000000000000     0 FUNC    GLOBAL DEFAULT  UND _ZN4Dali11Application8MainLoopEv
   194: 0000000000000000     0 FUNC    GLOBAL DEFAULT  UND _ZN4Dali7Toolkit8ItemView10InsertItemENS_4PairIjNS_5ActorEEEf
   195: 0000000000000000     0 FUNC    GLOBAL DEFAULT  UND _ZNK4Dali6Window7GetSizeEv
   196: 0000000000000000     0 FUNC    GLOBAL DEFAULT  UND _ZNK4Dali10BaseHandlecvbEv
   197: 0000000000000000     0 FUNC    GLOBAL DEFAULT  UND _ZN4Dali8Property5ValueC1ERKNS_7Vector2E
   198: 0000000000000000     0 OBJECT  GLOBAL DEFAULT  UND _ZTTNSt7__cxx1118basic_stringstreamIcSt11char_traitsIcESaIcEEE@GLIBCXX_3.4.21 (8)
   199: 0000000000000000     0 FUNC    GLOBAL DEFAULT  UND _ZN4Dali7Toolkit8ItemViewD1Ev
   200: 0000000000000000     0 FUNC    GLOBAL DEFAULT  UND _ZN4Dali8Property5ValueC1Ef
   201: 0000000000000000     0 FUNC    GLOBAL DEFAULT  UND _ZN4Dali7Toolkit20KeyboardFocusManager3GetEv
   202: 0000000000000000     0 FUNC    GLOBAL DEFAULT  UND _ZN4Dali5Actor3AddES0_
   203: 0000000000000000     0 FUNC    GLOBAL DEFAULT  UND _ZN4Dali7Toolkit7Control12SetStyleNameERKNS_6StringE
   204: 0000000000000000     0 FUNC    GLOBAL DEFAULT  UND _ZN4Dali10StringViewC1EPKc
   205: 0000000000000000     0 FUNC    GLOBAL DEFAULT  UND _ZN4Dali18TapGestureDetectorC1Ev
   206: 0000000000000000     0 FUNC    GLOBAL DEFAULT  UND _ZNK4Dali6Window12GetRootLayerEv
   207: 0000000000000000     0 FUNC    GLOBAL DEFAULT  UND _ZN4Dali7Toolkit9TextLabelD1Ev
   208: 0000000000000000     0 FUNC    GLOBAL DEFAULT  UND _ZSt18_Rb_tree_incrementPSt18_Rb_tree_node_base@GLIBCXX_3.4 (5)
   209: 0000000000000000     0 FUNC    GLOBAL DEFAULT  UND _ZN4Dali7Toolkit9TableView3NewEjj
   210: 0000000000000000     0 FUNC    GLOBAL DEFAULT  UND _ZN4Dali5Actor15FindChildByNameENS_10StringViewE
   211: 0000000000000000     0 FUNC    GLOBAL DEFAULT  UND _ZN4Dali5Layer10LowerBelowES0_
   212: 0000000000000000     0 FUNC    GLOBAL DEFAULT  UND _ZN4Dali7Toolkit11ControlImpl13OnPropertySetEiRKNS_8Property5ValueE
   213: 0000000000000000     0 FUNC    GLOBAL DEFAULT  UND _ZSt16__ostream_insertIcSt11char_traitsIcEERSt13basic_ostreamIT_T0_ES6_PKS3_l@GLIBCXX_3.4.9 (10)
   214: 0000000000000000     0 FUNC    GLOBAL DEFAULT  UND rand@GLIBC_2.2.5 (6)
   215: 0000000000000000     0 FUNC    GLOBAL DEFAULT  UND _ZNK4Dali10VectorBase8CapacityEv
   216: 0000000000000000     0 FUNC    GLOBAL DEFAULT  UND _ZN4Dali7Toolkit6Button13ClickedSignalEv
   217: 0000000000000000     0 FUNC    GLOBAL DEFAULT  UND _ZN4Dali7Toolkit11ControlImpl17GetWidthForHeightEf
   218: 0000000000000000     0 NOTYPE  WEAK   DEFAULT  UND _ITM_registerTMCloneTable
   219: 0000000000000000     0 FUNC    GLOBAL DEFAULT  UND _ZN4Dali10BaseSignal9OnConnectEPNS_26ConnectionTrackerInterfaceEPNS_12CallbackBaseE
   220: 0000000000000000     0 FUNC    GLOBAL DEFAULT  UND _ZN4Dali7Toolkit17DefaultItemLayout3NewENS1_4TypeE
   221: 0000000000000000     0 FUNC    GLOBAL DEFAULT  UND _ZNK4Dali7Toolkit11ControlImpl15IsResourceReadyEv
   222: 0000000000000000     0 OBJECT  GLOBAL DEFAULT  UND _ZN4Dali7Vector24ZEROE
   223: 0000000000000000     0 FUNC    GLOBAL DEFAULT  UND _ZN4Dali7Toolkit11ControlImpl30OnKeyboardFocusChangeCommittedENS_5ActorE
   224: 0000000000000000     0 FUNC    GLOBAL DEFAULT  UND _ZN4Dali11ApplicationC1ERKS0_
   225: 0000000000000000     0 FUNC    GLOBAL DEFAULT  UND _ZNK4Dali7Vector2eqERKS0_
   226: 0000000000000000     0 FUNC    GLOBAL DEFAULT  UND _ZN4Dali10VectorBase7ReleaseEv
   227: 0000000000000000     0 FUNC    GLOBAL DEFAULT  UND _ZN4Dali7Toolkit8ItemView12ReplaceItemsERKNS_6VectorINS_4PairIjNS_5ActorEEELb0EEEf
   228: 0000000000000000     0 FUNC    GLOBAL DEFAULT  UND _ZN4Dali5Actor15SetResizePolicyENS_12ResizePolicy4TypeENS_9Dimension4TypeE
   229: 0000000000000000     0 FUNC    GLOBAL DEFAULT  UND _ZN4Dali9RefObject11UnreferenceEv
   230: 0000000000000000     0 FUNC    GLOBAL DEFAULT  UND _ZN4Dali9RefObject9OnDestroyEv
   231: 0000000000000000     0 FUNC    GLOBAL DEFAULT  UND _ZN4Dali6StringC1EPKc
   232: 0000000000000000     0 FUNC    GLOBAL DEFAULT  UND _ZN4Dali11Application4QuitEv
   233: 0000000000000000     0 FUNC    GLOBAL DEFAULT  UND _ZSt29_Rb_tree_insert_and_rebalancebPSt18_Rb_tree_node_baseS0_RS_@GLIBCXX_3.4 (5)
   234: 0000000000000000     0 FUNC    GLOBAL DEFAULT  UND _ZN4Dali9Animation14FinishedSignalEv
   235: 0000000000000000     0 FUNC    GLOBAL DEFAULT  UND _ZN4Dali7Toolkit11ControlImpl17OnSceneConnectionEi
   236: 0000000000000000     0 FUNC    GLOBAL DEFAULT  UND _ZN4Dali7Toolkit8ItemView11InsertItemsERKNS_6VectorINS_4PairIjNS_5ActorEEELb0EEEf
   237: 0000000000000000     0 FUNC    GLOBAL DEFAULT  UND _ZNK4Dali10BaseHandle12GetObjectPtrEv
   238: 0000000000000000     0 FUNC    GLOBAL DEFAULT  UND _ZN4Dali7Toolkit11ControlImpl7OnPinchERKNS_12PinchGestureE
   239: 0000000000000000     0 FUNC    GLOBAL DEFAULT  UND _ZN4Dali7Toolkit8ItemView12ScrollToItemEjf
   240: 0000000000000000     0 FUNC    GLOBAL DEFAULT  UND _ZN4Dali7Toolkit7ControlaSEOS1_
   241: 0000000000000000     0 FUNC    GLOBAL DEFAULT  UND _ZN4Dali7Toolkit11ControlImpl11OnLongPressERKNS_16LongPressGestureE
   242: 0000000000000000     0 FUNC    GLOBAL DEFAULT  UND _ZN4Dali7Toolkit9TextLabelC1Ev
   243: 0000000000000000     0 FUNC    GLOBAL DEFAULT  UND _ZN4Dali10VectorBase29ReserveWithCustomMoveFunctionEmmPFPvS1_PKvmE
   244: 0000000000000000     0 OBJECT  GLOBAL DEFAULT  UND _ZTIN4Dali12CallbackBaseE
   245: 0000000000000000     0 FUNC    GLOBAL DEFAULT  UND _ZN4Dali17DaliAssertMessageEPKcS1_
   246: 0000000000000000     0 FUNC    GLOBAL DEFAULT  UND _ZSt9terminatev@GLIBCXX_3.4 (5)
   247: 0000000000000000     0 FUNC    GLOBAL DEFAULT  UND _ZN4Dali7Toolkit7ControlaSERKS1_
   248: 0000000000000000     0 FUNC    GLOBAL DEFAULT  UND _ZN4Dali8Property5ValueC1ENS0_3MapE
   249: 0000000000000000     0 FUNC    GLOBAL DEFAULT  UND _ZN4Dali10TapGestureC1ERKS0_
   250: 0000000000000000     0 FUNC    GLOBAL DEFAULT  UND _ZN4Dali7Toolkit8ItemView13GetItemsRangeERNS0_9ItemRangeE
   251: 0000000000000000     0 FUNC    GLOBAL DEFAULT  UND _ZN4Dali7Toolkit7ControlC2ERNS0_11ControlImplE
   252: 0000000000000000     0 FUNC    GLOBAL DEFAULT  UND _ZN4Dali7Toolkit11ControlImpl20OnSceneDisconnectionEv
   253: 0000000000000000     0 FUNC    GLOBAL DEFAULT  UND _ZN4Dali7Toolkit7ControlD1Ev
   254: 0000000000000000     0 FUNC    GLOBAL DEFAULT  UND _ZN4Dali12CallbackBaseD2Ev
   255: 0000000000000000     0 FUNC    GLOBAL DEFAULT  UND _ZN4Dali7Toolkit11ControlImpl13OnStyleChangeENS0_12StyleManagerENS_11StyleChange4TypeE
   256: 0000000000000000     0 FUNC    GLOBAL DEFAULT  UND _ZN4Dali10BaseHandleC1EOS0_
   257: 0000000000000000     0 FUNC    GLOBAL DEFAULT  UND _ZN4Dali7Toolkit9TableViewaSERKS1_
   258: 0000000000000000     0 OBJECT  GLOBAL DEFAULT  UND _ZN4Dali7Vector34ZEROE
   259: 0000000000000000     0 FUNC    GLOBAL DEFAULT  UND _ZN4Dali8KeyEventD1Ev
   260: 0000000000000000     0 FUNC    GLOBAL DEFAULT  UND _ZN4Dali7Toolkit11ControlImpl10OnKeyEventERKNS_8KeyEventE
   261: 0000000000000000     0 FUNC    GLOBAL DEFAULT  UND _ZN4Dali6StringC1ERKNS_10StringViewE
   262: 0000000000000000     0 FUNC    GLOBAL DEFAULT  UND _ZN4Dali7Toolkit11ControlImpl26OnAccessibilityValueChangeEb
   263: 0000000000000000     0 FUNC    GLOBAL DEFAULT  UND __libc_start_main@GLIBC_2.34 (11)
   264: 0000000000000000     0 FUNC    GLOBAL DEFAULT  UND _ZN4Dali5ActorC1ERKS0_
   265: 0000000000000000     0 FUNC    GLOBAL DEFAULT  UND _ZN4Dali7Toolkit11ControlImpl15OnKeyboardEnterEv
   266: 0000000000000000     0 FUNC    GLOBAL DEFAULT  UND _ZN4Dali7Toolkit9TextLabel3NewERKNS_6StringE
   267: 0000000000000000     0 FUNC    GLOBAL DEFAULT  UND _ZN4Dali7Toolkit11ControlImpl23OnCalculateRelayoutSizeENS_9Dimension4TypeE
   268: 0000000000000000     0 FUNC    GLOBAL DEFAULT  UND _ZNSt7__cxx1118basic_stringstreamIcSt11char_traitsIcESaIcEEC1ERKNS_12basic_stringIcS2_S3_EESt13_Ios_Openmode@GLIBCXX_3.4.21 (8)
   269: 00000000000186b0     8 OBJECT  WEAK   DEFAULT   27 _ZN4Dali13Accessibility6Bridge15mDisabledSignalE
   270: 0000000000017968    24 OBJECT  WEAK   DEFAULT   22 _ZTIN4Dali6HandleE
   271: 0000000000017980    16 OBJECT  WEAK   DEFAULT   22 _ZTIN4Dali10BaseHandleE
   272: 000000000000d678   130 FUNC    WEAK   DEFAULT   14 _ZNSt7__cxx1112basic_stringIcSt11char_traitsIcESaIcEE12_M_constructIPKcEEvT_S8_St20forward_iterator_tag
   273: 000000000001373e    23 OBJECT  WEAK   DEFAULT   16 _ZTSN4Dali13DaliExceptionE
   274: 00000000000186d8     8 OBJECT  WEAK   DEFAULT   27 _ZGVN4Dali13Accessibility6Bridge27mScreenReaderDisabledSignalE
   275: 0000000000017950    24 OBJECT  WEAK   DEFAULT   22 _ZTIN4Dali5ActorE
   276: 0000000000013806     1 OBJECT  WEAK   DEFAULT   16 _ZSt19piecewise_construct
   277: 00000000000178f8    16 OBJECT  WEAK   DEFAULT   22 _ZTIN4Dali13DaliExceptionE
   278: 00000000000186a0     8 OBJECT  WEAK   DEFAULT   27 _ZN4Dali13Accessibility6Bridge14mEnabledSignalE
   279: 0000000000017920    24 OBJECT  WEAK   DEFAULT   22 _ZTIN4Dali7Toolkit7ControlE
   280: 0000000000017938    24 OBJECT  WEAK   DEFAULT   22 _ZTIN4Dali11CustomActorE
   281: 00000000000137aa    14 OBJECT  WEAK   DEFAULT   16 _ZTSN4Dali5ActorE
   282: 00000000000137c7    20 OBJECT  WEAK   DEFAULT   16 _ZTSN4Dali10BaseHandleE
   283: 0000000000000000     0 FUNC    WEAK   DEFAULT  UND __cxa_finalize@GLIBC_2.2.5 (6)
   284: 00000000000186a8     8 OBJECT  WEAK   DEFAULT   27 _ZGVN4Dali13Accessibility6Bridge14mEnabledSignalE
   285: 00000000000186b8     8 OBJECT  WEAK   DEFAULT   27 _ZGVN4Dali13Accessibility6Bridge15mDisabledSignalE
   286: 00000000000186d0     8 OBJECT  WEAK   DEFAULT   27 _ZN4Dali13Accessibility6Bridge27mScreenReaderDisabledSignalE
   287: 000000000001377d    24 OBJECT  WEAK   DEFAULT   16 _ZTSN4Dali7Toolkit7ControlE
   288: 000000000000fa1c   130 FUNC    WEAK   DEFAULT   14 _ZNSt7__cxx1112basic_stringIcSt11char_traitsIcESaIcEE12_M_constructIPcEEvT_S7_St20forward_iterator_tag
   289: 00000000000186c8     8 OBJECT  WEAK   DEFAULT   27 _ZGVN4Dali13Accessibility6Bridge26mScreenReaderEnabledSignalE
   290: 00000000000186c0     8 OBJECT  WEAK   DEFAULT   27 _ZN4Dali13Accessibility6Bridge26mScreenReaderEnabledSignalE
   291: 0000000000013795    21 OBJECT  WEAK   DEFAULT   16 _ZTSN4Dali11CustomActorE
   292: 00000000000137b8    15 OBJECT  WEAK   DEFAULT   16 _ZTSN4Dali6HandleE
