
Symbol table '.dynsym' contains 185 entries:
   Num:    Value          Size Type    Bind   Vis      Ndx Name
     0: 0000000000000000     0 NOTYPE  LOCAL  DEFAULT  UND 
     1: 0000000000000000     0 FUNC    GLOBAL DEFAULT  UND _ZN4Dali8PropertyD1Ev
     2: 0000000000000000     0 FUNC    GLOBAL DEFAULT  UND _ZN4Dali12VertexBuffer3NewERNS_8Property3MapE
     3: 0000000000000000     0 FUNC    GLOBAL DEFAULT  UND _ZN4Dali8Property5ValueaSEOS1_
     4: 0000000000000000     0 FUNC    GLOBAL DEFAULT  UND _ZN4Dali9Animation4PlayEv
     5: 0000000000000000     0 FUNC    GLOBAL DEFAULT  UND _ZN4Dali7Toolkit9ImageViewD1Ev
     6: 0000000000000000     0 FUNC    GLOBAL DEFAULT  UND _ZSt19__throw_logic_errorPKc@GLIBCXX_3.4 (2)
     7: 0000000000000000     0 FUNC    GLOBAL DEFAULT  UND __cxa_begin_catch@CXXABI_1.3 (3)
     8: 0000000000000000     0 FUNC    GLOBAL DEFAULT  UND _ZN4Dali8KeyEventC1ERKS0_
     9: 0000000000000000     0 FUNC    GLOBAL DEFAULT  UND memcpy@GLIBC_2.14 (4)
    10: 0000000000000000     0 FUNC    GLOBAL DEFAULT  UND _ZNK4Dali6Handle11GetPropertyEi
    11: 0000000000000000     0 FUNC    GLOBAL DEFAULT  UND _ZSt17__throw_bad_allocv@GLIBCXX_3.4 (2)
    12: 0000000000000000     0 FUNC    GLOBAL DEFAULT  UND _ZN4Dali8Property5ValueC2Ei
    13: 0000000000000000     0 FUNC    GLOBAL DEFAULT  UND _ZN4Dali8Geometry15AddVertexBufferERNS_12VertexBufferE
    14: 0000000000000000     0 FUNC    GLOBAL DEFAULT  UND _ZdlPvm@CXXABI_1.3.9 (5)
    15: 0000000000000000     0 NOTYPE  WEAK   DEFAULT  UND _ITM_deregisterTMCloneTable
    16: 0000000000000000     0 FUNC    GLOBAL DEFAULT  UND _ZNK4Dali7Gesture8GetStateEv
    17: 0000000000000000     0 FUNC    GLOBAL DEFAULT  UND _ZN4Dali8Renderer11SetTexturesERNS_10TextureSetE
    18: 0000000000000000     0 FUNC    GLOBAL DEFAULT  UND _ZN4Dali13AlphaFunctionD1Ev
    19: 0000000000000000     0 FUNC    GLOBAL DEFAULT  UND _ZN4Dali9PixelDataD1Ev
    20: 0000000000000000     0 FUNC    GLOBAL DEFAULT  UND _ZN4Dali6StringD1Ev
    21: 0000000000000000     0 FUNC    GLOBAL DEFAULT  UND _ZN4Dali8Property3MapixENS_10StringViewE
    22: 0000000000000000     0 FUNC    GLOBAL DEFAULT  UND _Znwm@GLIBCXX_3.4 (2)
    23: 0000000000000000     0 FUNC    GLOBAL DEFAULT  UND _ZN4Dali7Toolkit9ImageView3NewERKNS_6StringE
    24: 0000000000000000     0 FUNC    GLOBAL DEFAULT  UND _ZN4Dali18TapGestureDetectorD1Ev
    25: 0000000000000000     0 FUNC    GLOBAL DEFAULT  UND _ZN4Dali5Actor3NewEv
    26: 0000000000000000     0 FUNC    GLOBAL DEFAULT  UND _ZN4Dali6ShaderD1Ev
    27: 0000000000000000     0 FUNC    GLOBAL DEFAULT  UND _ZN4Dali9AnimationC1ERKS0_
    28: 0000000000000000     0 FUNC    GLOBAL DEFAULT  UND _ZN4Dali10StringViewC1EPKcj
    29: 0000000000000000     0 FUNC    GLOBAL DEFAULT  UND _ZNK4Dali5Devel11PixelBuffer9GetHeightEv
    30: 0000000000000000     0 FUNC    GLOBAL DEFAULT  UND _ZN4Dali8Property5ValueC1ERKNS_7Vector4E
    31: 0000000000000000     0 FUNC    GLOBAL DEFAULT  UND _ZN4Dali11Application10InitSignalEv
    32: 0000000000000000     0 FUNC    GLOBAL DEFAULT  UND _ZN4Dali5ActoraSEOS0_
    33: 0000000000000000     0 FUNC    GLOBAL DEFAULT  UND _ZNK4Dali6Handle16GetPropertyIndexENS_8Property3KeyE
    34: 0000000000000000     0 FUNC    GLOBAL DEFAULT  UND _ZN4Dali18PanGestureDetectorD1Ev
    35: 0000000000000000     0 FUNC    GLOBAL DEFAULT  UND _ZN4Dali5Actor11AddRendererERNS_8RendererE
    36: 0000000000000000     0 FUNC    GLOBAL DEFAULT  UND _ZN4Dali9AnimationaSEOS0_
    37: 0000000000000000     0 FUNC    GLOBAL DEFAULT  UND _ZN4Dali6Shader3NewENS_10StringViewES1_NS0_4Hint5ValueES1_
    38: 0000000000000000     0 FUNC    GLOBAL DEFAULT  UND _ZNK4Dali8Property5Value3GetERf
    39: 0000000000000000     0 FUNC    GLOBAL DEFAULT  UND _ZN4Dali6WindowD1Ev
    40: 0000000000000000     0 FUNC    GLOBAL DEFAULT  UND _ZN4Dali5IsKeyERKNS_8KeyEventENS_3KEYE
    41: 0000000000000000     0 FUNC    GLOBAL DEFAULT  UND _ZN4Dali5Devel11PixelBufferD1Ev
    42: 0000000000000000     0 FUNC    GLOBAL DEFAULT  UND _ZN4Dali5Devel11PixelBuffer7ConvertERS1_
    43: 0000000000000000     0 FUNC    GLOBAL DEFAULT  UND _ZN4Dali8Property3MapC1Ev
    44: 0000000000000000     0 FUNC    GLOBAL DEFAULT  UND _ZN4Dali9Animation9AnimateByENS_8PropertyENS1_5ValueENS_13AlphaFunctionE
    45: 0000000000000000     0 FUNC    GLOBAL DEFAULT  UND _ZN4Dali8Property5ValueC1ERKNS_7Vector3E
    46: 0000000000000000     0 FUNC    GLOBAL DEFAULT  UND __stack_chk_fail@GLIBC_2.4 (7)
    47: 0000000000000000     0 FUNC    GLOBAL DEFAULT  UND _ZN4Dali8PropertyC1ERNS_6HandleEi
    48: 0000000000000000     0 FUNC    GLOBAL DEFAULT  UND _ZN4Dali6Window14KeyEventSignalEv
    49: 0000000000000000     0 FUNC    GLOBAL DEFAULT  UND _ZNSolsEi@GLIBCXX_3.4 (2)
    50: 0000000000000000     0 FUNC    GLOBAL DEFAULT  UND _ZN4Dali11ApplicationD1Ev
    51: 0000000000000000     0 FUNC    GLOBAL DEFAULT  UND _ZN4Dali8Geometry3NewEv
    52: 0000000000000000     0 FUNC    GLOBAL DEFAULT  UND _ZN4Dali11Application3NewEPiPPPcNS_10StringViewE
    53: 0000000000000000     0 FUNC    GLOBAL DEFAULT  UND _ZN4Dali17ConnectionTracker15SignalConnectedEPNS_12SlotObserverEPNS_12CallbackBaseE
    54: 0000000000000000     0 FUNC    GLOBAL DEFAULT  UND _ZN4Dali12VertexBufferC1Ev
    55: 0000000000000000     0 FUNC    GLOBAL DEFAULT  UND _ZN4Dali17ConnectionTracker18SignalDisconnectedEPNS_12SlotObserverEPNS_12CallbackBaseE
    56: 0000000000000000     0 FUNC    GLOBAL DEFAULT  UND _ZdaPv@GLIBCXX_3.4 (2)
    57: 0000000000000000     0 FUNC    GLOBAL DEFAULT  UND _ZNK4Dali8KeyEvent8GetStateEv
    58: 0000000000000000     0 FUNC    GLOBAL DEFAULT  UND _ZN4Dali8Property5ValueD1Ev
    59: 0000000000000000     0 FUNC    GLOBAL DEFAULT  UND _ZN4Dali17ConnectionTrackerD2Ev
    60: 0000000000000000     0 FUNC    GLOBAL DEFAULT  UND _ZNKSt7__cxx1115basic_stringbufIcSt11char_traitsIcESaIcEE3strEv@GLIBCXX_3.4.21 (8)
    61: 0000000000000000     0 FUNC    GLOBAL DEFAULT  UND _ZN4Dali9AnimationD1Ev
    62: 0000000000000000     0 NOTYPE  WEAK   DEFAULT  UND __gmon_start__
    63: 0000000000000000     0 FUNC    GLOBAL DEFAULT  UND strlen@GLIBC_2.2.5 (6)
    64: 0000000000000000     0 FUNC    GLOBAL DEFAULT  UND _ZN4Dali6Handle11SetPropertyEiNS_8Property5ValueE
    65: 0000000000000000     0 FUNC    GLOBAL DEFAULT  UND _ZN4Dali10BaseHandle5ResetEv
    66: 0000000000000000     0 FUNC    GLOBAL DEFAULT  UND _ZN4Dali9Animation9AnimateToENS_8PropertyENS1_5ValueE
    67: 0000000000000000     0 FUNC    GLOBAL DEFAULT  UND _ZN4Dali12VertexBufferaSEOS0_
    68: 0000000000000000     0 FUNC    GLOBAL DEFAULT  UND _ZSt28__throw_bad_array_new_lengthv@GLIBCXX_3.4.29 (9)
    69: 0000000000000000     0 FUNC    GLOBAL DEFAULT  UND _Znam@GLIBCXX_3.4 (2)
    70: 0000000000000000     0 FUNC    GLOBAL DEFAULT  UND _ZN4Dali10TextureSetD1Ev
    71: 0000000000000000     0 FUNC    GLOBAL DEFAULT  UND _ZSt18_Rb_tree_decrementPSt18_Rb_tree_node_base@GLIBCXX_3.4 (2)
    72: 0000000000000000     0 FUNC    GLOBAL DEFAULT  UND _ZN4Dali10BaseSignalC1Ev
    73: 0000000000000000     0 FUNC    GLOBAL DEFAULT  UND _ZNSo9_M_insertImEERSoT_@GLIBCXX_3.4.9 (10)
    74: 0000000000000000     0 FUNC    GLOBAL DEFAULT  UND _ZN4Dali18PanGestureDetector14DetectedSignalEv
    75: 0000000000000000     0 FUNC    GLOBAL DEFAULT  UND setenv@GLIBC_2.2.5 (6)
    76: 0000000000000000     0 FUNC    GLOBAL DEFAULT  UND _ZNK4Dali5Devel11PixelBuffer14GetPixelFormatEv
    77: 0000000000000000     0 FUNC    GLOBAL DEFAULT  UND _ZN4Dali8Geometry14SetIndexBufferEPKtj
    78: 0000000000000000     0 FUNC    GLOBAL DEFAULT  UND _ZN4Dali8Property3MapD1Ev
    79: 0000000000000000     0 FUNC    GLOBAL DEFAULT  UND _ZN4Dali9PixelDataC1ERKS0_
    80: 0000000000000000     0 FUNC    GLOBAL DEFAULT  UND _ZN4Dali9Animation3NewEf
    81: 0000000000000000     0 FUNC    GLOBAL DEFAULT  UND _ZN4Dali10TextureSet3NewEv
    82: 0000000000000000     0 FUNC    GLOBAL DEFAULT  UND __gxx_personality_v0@CXXABI_1.3 (3)
    83: 0000000000000000     0 FUNC    GLOBAL DEFAULT  UND _ZN4Dali18TapGestureDetector3NewEv
    84: 0000000000000000     0 FUNC    GLOBAL DEFAULT  UND _ZSt20__throw_length_errorPKc@GLIBCXX_3.4 (2)
    85: 0000000000000000     0 FUNC    GLOBAL DEFAULT  UND _ZN4Dali18PanGestureDetectoraSEOS0_
    86: 0000000000000000     0 FUNC    GLOBAL DEFAULT  UND _Unwind_Resume@GCC_3.0 (11)
    87: 0000000000000000     0 FUNC    GLOBAL DEFAULT  UND _ZN4Dali9AnimationC1Ev
    88: 0000000000000000     0 FUNC    GLOBAL DEFAULT  UND _ZN4Dali9Animation18GetCurrentProgressEv
    89: 0000000000000000     0 FUNC    GLOBAL DEFAULT  UND _ZNSt7__cxx1112basic_stringIcSt11char_traitsIcESaIcEE9_M_createERmm@GLIBCXX_3.4.21 (8)
    90: 0000000000000000     0 FUNC    GLOBAL DEFAULT  UND _ZNSt7__cxx1112basic_stringIcSt11char_traitsIcESaIcEED2Ev@GLIBCXX_3.4.21 (8)
    91: 0000000000000000     0 FUNC    GLOBAL DEFAULT  UND _ZN4Dali17ConnectionTrackerC2Ev
    92: 0000000000000000     0 OBJECT  GLOBAL DEFAULT  UND _ZTTNSt7__cxx1119basic_ostringstreamIcSt11char_traitsIcESaIcEEE@GLIBCXX_3.4.21 (8)
    93: 0000000000000000     0 FUNC    GLOBAL DEFAULT  UND _ZN4Dali18TapGestureDetector14DetectedSignalEv
    94: 0000000000000000     0 FUNC    GLOBAL DEFAULT  UND _ZN4Dali8Renderer3NewERNS_8GeometryERNS_6ShaderE
    95: 0000000000000000     0 FUNC    GLOBAL DEFAULT  UND _ZN4Dali7Toolkit9ImageViewC1Ev
    96: 0000000000000000     0 FUNC    GLOBAL DEFAULT  UND _ZN4Dali8RendererD1Ev
    97: 0000000000000000     0 FUNC    GLOBAL DEFAULT  UND _ZNSt8ios_baseD2Ev@GLIBCXX_3.4 (2)
    98: 0000000000000000     0 FUNC    GLOBAL DEFAULT  UND _ZNSt6chrono3_V212system_clock3nowEv@GLIBCXX_3.4.19 (12)
    99: 0000000000000000     0 FUNC    GLOBAL DEFAULT  UND _ZN4Dali13AlphaFunctionC1ENS0_15BuiltinFunctionE
   100: 0000000000000000     0 FUNC    GLOBAL DEFAULT  UND _ZN4Dali10TapGestureD1Ev
   101: 0000000000000000     0 FUNC    GLOBAL DEFAULT  UND _ZN4Dali15GestureDetector6AttachENS_5ActorE
   102: 0000000000000000     0 FUNC    GLOBAL DEFAULT  UND _ZNSt7__cxx1119basic_ostringstreamIcSt11char_traitsIcESaIcEED2Ev@GLIBCXX_3.4.21 (8)
   103: 0000000000000000     0 FUNC    GLOBAL DEFAULT  UND _ZN4Dali8Property3KeyC1EPKc
   104: 0000000000000000     0 FUNC    GLOBAL DEFAULT  UND _ZN4Dali5ActorD1Ev
   105: 0000000000000000     0 FUNC    GLOBAL DEFAULT  UND _ZN4Dali8Property3KeyC1ERKNS_6StringE
   106: 0000000000000000     0 FUNC    GLOBAL DEFAULT  UND _ZN4Dali9Animation9AnimateToENS_8PropertyENS1_5ValueENS_13AlphaFunctionE
   107: 0000000000000000     0 FUNC    GLOBAL DEFAULT  UND _ZNSo9_M_insertIdEERSoT_@GLIBCXX_3.4.9 (10)
   108: 0000000000000000     0 FUNC    GLOBAL DEFAULT  UND _ZNK4Dali10TapGesture13GetLocalPointEv
   109: 0000000000000000     0 FUNC    GLOBAL DEFAULT  UND _ZN4Dali18TapGestureDetectoraSEOS0_
   110: 0000000000000000     0 FUNC    GLOBAL DEFAULT  UND _ZN4Dali10StringViewD1Ev
   111: 0000000000000000     0 FUNC    GLOBAL DEFAULT  UND __cxa_end_catch@CXXABI_1.3 (3)
   112: 0000000000000000     0 FUNC    GLOBAL DEFAULT  UND _ZN4Dali18PanGestureDetectorC1Ev
   113: 0000000000000000     0 FUNC    GLOBAL DEFAULT  UND _ZN4Dali6Window3AddENS_5ActorE
   114: 0000000000000000     0 OBJECT  GLOBAL DEFAULT  UND _ZTIN4Dali17ConnectionTrackerE
   115: 0000000000000000     0 FUNC    GLOBAL DEFAULT  UND _ZN4Dali6ShaderaSEOS0_
   116: 0000000000000000     0 FUNC    GLOBAL DEFAULT  UND __cxa_rethrow@CXXABI_1.3 (3)
   117: 0000000000000000     0 FUNC    GLOBAL DEFAULT  UND _ZN4Dali11Application9GetWindowEv
   118: 0000000000000000     0 FUNC    GLOBAL DEFAULT  UND _ZN4Dali11Integration12ToDaliStringEONSt7__cxx1112basic_stringIcSt11char_traitsIcESaIcEEE
   119: 0000000000000000     0 OBJECT  GLOBAL DEFAULT  UND _ZTVN10__cxxabiv120__si_class_type_infoE@CXXABI_1.3 (3)
   120: 0000000000000000     0 FUNC    GLOBAL DEFAULT  UND _ZN4Dali6WindowC1ERKS0_
   121: 0000000000000000     0 FUNC    GLOBAL DEFAULT  UND _ZN4Dali12CallbackBaseC2EPvMS0_FvvEPFvRS0_E
   122: 0000000000000000     0 FUNC    GLOBAL DEFAULT  UND _ZN4Dali6Window18SetBackgroundColorERKNS_7Vector4E
   123: 0000000000000000     0 FUNC    GLOBAL DEFAULT  UND _ZSt28_Rb_tree_rebalance_for_erasePSt18_Rb_tree_node_baseRS_@GLIBCXX_3.4 (2)
   124: 0000000000000000     0 FUNC    GLOBAL DEFAULT  UND __cxa_atexit@GLIBC_2.2.5 (6)
   125: 0000000000000000     0 FUNC    GLOBAL DEFAULT  UND _ZN4Dali7Toolkit9ImageViewaSEOS1_
   126: 0000000000000000     0 FUNC    GLOBAL DEFAULT  UND _ZN4Dali10PanGestureC1ERKS0_
   127: 0000000000000000     0 FUNC    GLOBAL DEFAULT  UND _ZN4Dali8GeometryD1Ev
   128: 0000000000000000     0 FUNC    GLOBAL DEFAULT  UND _ZN4Dali17LoadImageFromFileERKNSt7__cxx1112basic_stringIcSt11char_traitsIcESaIcEEENS_10Uint16PairENS_12SamplingMode4TypeEb
   129: 0000000000000000     0 FUNC    GLOBAL DEFAULT  UND _ZN4Dali11Application8MainLoopEv
   130: 0000000000000000     0 FUNC    GLOBAL DEFAULT  UND _ZNK4Dali5Devel11PixelBuffer8GetWidthEv
   131: 0000000000000000     0 FUNC    GLOBAL DEFAULT  UND _ZN4Dali7Texture3NewENS_11TextureType4TypeENS_5Pixel6FormatEjj
   132: 0000000000000000     0 FUNC    GLOBAL DEFAULT  UND _ZN4Dali10TimePeriodC1Eff
   133: 0000000000000000     0 FUNC    GLOBAL DEFAULT  UND _ZNK4Dali10BaseHandlecvbEv
   134: 0000000000000000     0 FUNC    GLOBAL DEFAULT  UND _ZN4Dali10TimePeriodD1Ev
   135: 0000000000000000     0 FUNC    GLOBAL DEFAULT  UND _ZN4Dali10TextureSet10SetTextureEjNS_7TextureE
   136: 0000000000000000     0 FUNC    GLOBAL DEFAULT  UND _ZSt18_Rb_tree_incrementPKSt18_Rb_tree_node_base@GLIBCXX_3.4 (2)
   137: 0000000000000000     0 FUNC    GLOBAL DEFAULT  UND _ZN4Dali8Property5ValueC1ERKNS_7Vector2E
   138: 0000000000000000     0 FUNC    GLOBAL DEFAULT  UND _ZN4Dali9Animation5ClearEv
   139: 0000000000000000     0 FUNC    GLOBAL DEFAULT  UND _ZN4Dali6ShaderC1Ev
   140: 0000000000000000     0 FUNC    GLOBAL DEFAULT  UND _ZN4Dali8Property5ValueC1Ef
   141: 0000000000000000     0 FUNC    GLOBAL DEFAULT  UND _ZN4Dali9Animation10SetLoopingEb
   142: 0000000000000000     0 FUNC    GLOBAL DEFAULT  UND _ZN4Dali10StringViewC1EPKc
   143: 0000000000000000     0 FUNC    GLOBAL DEFAULT  UND _ZN4Dali18TapGestureDetectorC1Ev
   144: 0000000000000000     0 FUNC    GLOBAL DEFAULT  UND _ZNSt7__cxx1119basic_ostringstreamIcSt11char_traitsIcESaIcEEC1Ev@GLIBCXX_3.4.26 (13)
   145: 0000000000000000     0 FUNC    GLOBAL DEFAULT  UND _ZN4Dali7Texture6UploadENS_9PixelDataE
   146: 0000000000000000     0 FUNC    GLOBAL DEFAULT  UND _ZSt18_Rb_tree_incrementPSt18_Rb_tree_node_base@GLIBCXX_3.4 (2)
   147: 0000000000000000     0 FUNC    GLOBAL DEFAULT  UND _ZN4Dali10PanGestureD1Ev
   148: 0000000000000000     0 FUNC    GLOBAL DEFAULT  UND _ZSt16__ostream_insertIcSt11char_traitsIcEERSt13basic_ostreamIT_T0_ES6_PKS3_l@GLIBCXX_3.4.9 (10)
   149: 0000000000000000     0 FUNC    GLOBAL DEFAULT  UND _ZN4Dali7TextureC1ERKS0_
   150: 0000000000000000     0 NOTYPE  WEAK   DEFAULT  UND _ITM_registerTMCloneTable
   151: 0000000000000000     0 FUNC    GLOBAL DEFAULT  UND _ZNSt7__cxx1115basic_stringbufIcSt11char_traitsIcESaIcEE3strERKNS_12basic_stringIcS2_S3_EE@GLIBCXX_3.4.21 (8)
   152: 0000000000000000     0 FUNC    GLOBAL DEFAULT  UND _ZN4Dali10BaseSignal9OnConnectEPNS_26ConnectionTrackerInterfaceEPNS_12CallbackBaseE
   153: 0000000000000000     0 FUNC    GLOBAL DEFAULT  UND _ZN4Dali18PanGestureDetector3NewEv
   154: 0000000000000000     0 OBJECT  GLOBAL DEFAULT  UND _ZN4Dali7Vector24ZEROE
   155: 0000000000000000     0 FUNC    GLOBAL DEFAULT  UND _ZN4Dali11ApplicationC1ERKS0_
   156: 0000000000000000     0 FUNC    GLOBAL DEFAULT  UND _ZN4Dali7TextureD1Ev
   157: 0000000000000000     0 FUNC    GLOBAL DEFAULT  UND _ZNK4Dali7Vector2eqERKS0_
   158: 0000000000000000     0 FUNC    GLOBAL DEFAULT  UND _ZN4Dali9Animation9AnimateToENS_8PropertyENS1_5ValueENS_10TimePeriodE
   159: 0000000000000000     0 FUNC    GLOBAL DEFAULT  UND _ZN4Dali9AnimationaSERKS0_
   160: 0000000000000000     0 FUNC    GLOBAL DEFAULT  UND _ZN4Dali6StringC1EPKc
   161: 0000000000000000     0 FUNC    GLOBAL DEFAULT  UND _ZN4Dali11Application4QuitEv
   162: 0000000000000000     0 FUNC    GLOBAL DEFAULT  UND _ZSt29_Rb_tree_insert_and_rebalancebPSt18_Rb_tree_node_baseS0_RS_@GLIBCXX_3.4 (2)
   163: 0000000000000000     0 FUNC    GLOBAL DEFAULT  UND _ZN4Dali9Animation14FinishedSignalEv
   164: 0000000000000000     0 FUNC    GLOBAL DEFAULT  UND _ZNK4Dali10BaseHandle12GetObjectPtrEv
   165: 0000000000000000     0 FUNC    GLOBAL DEFAULT  UND _ZN4Dali12VertexBuffer7SetDataEPKvj
   166: 0000000000000000     0 FUNC    GLOBAL DEFAULT  UND _ZN4Dali6Handle16RegisterPropertyENS_6StringENS_8Property5ValueE
   167: 0000000000000000     0 FUNC    GLOBAL DEFAULT  UND _ZN4Dali9Animation9AnimateToENS_8PropertyENS1_5ValueENS_13AlphaFunctionENS_10TimePeriodE
   168: 0000000000000000     0 OBJECT  GLOBAL DEFAULT  UND _ZTIN4Dali12CallbackBaseE
   169: 0000000000000000     0 FUNC    GLOBAL DEFAULT  UND _ZSt9terminatev@GLIBCXX_3.4 (2)
   170: 0000000000000000     0 FUNC    GLOBAL DEFAULT  UND _ZN4Dali12VertexBufferD1Ev
   171: 0000000000000000     0 FUNC    GLOBAL DEFAULT  UND _ZN4Dali10TapGestureC1ERKS0_
   172: 0000000000000000     0 FUNC    GLOBAL DEFAULT  UND _ZN4Dali5ActorC1Ev
   173: 0000000000000000     0 FUNC    GLOBAL DEFAULT  UND _ZN4Dali12CallbackBaseD2Ev
   174: 0000000000000000     0 FUNC    GLOBAL DEFAULT  UND _ZN4Dali13AlphaFunctionC1EPFffE
   175: 0000000000000000     0 FUNC    GLOBAL DEFAULT  UND _ZN4Dali8KeyEventD1Ev
   176: 0000000000000000     0 FUNC    GLOBAL DEFAULT  UND _ZN4Dali6StringC1ERKNS_10StringViewE
   177: 0000000000000000     0 FUNC    GLOBAL DEFAULT  UND _ZN4Dali8Geometry7SetTypeENS0_4TypeE
   178: 0000000000000000     0 FUNC    GLOBAL DEFAULT  UND __libc_start_main@GLIBC_2.34 (14)
   179: 0000000000000000     0 FUNC    GLOBAL DEFAULT  UND _ZN4Dali8PropertyC1ERNS_6HandleENS_6StringE
   180: 0000000000000000     0 FUNC    GLOBAL DEFAULT  UND _ZN4Dali5ActorC1ERKS0_
   181: 0000000000000000     0 FUNC    WEAK   DEFAULT  UND __cxa_finalize@GLIBC_2.2.5 (6)
   182: 000000000000700c    64 FUNC    WEAK   DEFAULT   14 _ZNSt7__cxx1112basic_stringIcSt11char_traitsIcESaIcEEC2IS3_EEPKcRKS3_
   183: 000000000000b43c   130 FUNC    WEAK   DEFAULT   14 _ZNSt7__cxx1112basic_stringIcSt11char_traitsIcESaIcEE12_M_constructIPKcEEvT_S8_St20forward_iterator_tag
   184: 000000000000d0d1     1 OBJECT  WEAK   DEFAULT   16 _ZSt19piecewise_construct
