
Symbol table '.dynsym' contains 216 entries:
   Num:    Value          Size Type    Bind   Vis      Ndx Name
     0: 0000000000000000     0 NOTYPE  LOCAL  DEFAULT  UND 
     1: 0000000000000000     0 FUNC    GLOBAL DEFAULT  UND _ZN4Dali8Property5ValueaSEOS1_
     2: 0000000000000000     0 FUNC    GLOBAL DEFAULT  UND _ZN4Dali7Toolkit11ControlImpl14GetNaturalSizeEv
     3: 0000000000000000     0 FUNC    GLOBAL DEFAULT  UND _ZThn32_N4Dali7Toolkit11ControlImpl15SignalConnectedEPNS_12SlotObserverEPNS_12CallbackBaseE
     4: 0000000000000000     0 FUNC    GLOBAL DEFAULT  UND __cxa_begin_catch@CXXABI_1.3 (2)
     5: 0000000000000000     0 FUNC    GLOBAL DEFAULT  UND _ZN4Dali8KeyEventC1ERKS0_
     6: 0000000000000000     0 FUNC    GLOBAL DEFAULT  UND _ZN4Dali7Toolkit11ControlImpl13OnChildRemoveERNS_5ActorE
     7: 0000000000000000     0 FUNC    GLOBAL DEFAULT  UND memcpy@GLIBC_2.14 (3)
     8: 0000000000000000     0 FUNC    GLOBAL DEFAULT  UND _ZN4Dali5Layer10RaiseToTopEv
     9: 0000000000000000     0 FUNC    GLOBAL DEFAULT  UND _ZN4Dali7Toolkit11ControlImpl33GetOffScreenRenderableSourceActorEv
    10: 0000000000000000     0 FUNC    GLOBAL DEFAULT  UND _ZN4Dali8Property5ValueC2Ei
    11: 0000000000000000     0 FUNC    GLOBAL DEFAULT  UND _ZN4Dali7Toolkit11ControlImpl15SignalConnectedEPNS_12SlotObserverEPNS_12CallbackBaseE
    12: 0000000000000000     0 FUNC    GLOBAL DEFAULT  UND _ZN4Dali8Property5ValueC1Ei
    13: 0000000000000000     0 FUNC    GLOBAL DEFAULT  UND _ZN4Dali7Toolkit10PushButtonC1Ev
    14: 0000000000000000     0 FUNC    GLOBAL DEFAULT  UND _ZdlPvm@CXXABI_1.3.9 (4)
    15: 0000000000000000     0 NOTYPE  WEAK   DEFAULT  UND _ITM_deregisterTMCloneTable
    16: 0000000000000000     0 FUNC    GLOBAL DEFAULT  UND _ZN4Dali7Toolkit7ControlD2Ev
    17: 0000000000000000     0 FUNC    GLOBAL DEFAULT  UND _ZN4Dali7Toolkit11ControlImpl5OnTapERKNS_10TapGestureE
    18: 0000000000000000     0 FUNC    GLOBAL DEFAULT  UND _ZN4Dali6StringD1Ev
    19: 0000000000000000     0 FUNC    GLOBAL DEFAULT  UND _ZN4Dali8Property3MapixENS_10StringViewE
    20: 0000000000000000     0 FUNC    GLOBAL DEFAULT  UND _Znwm@GLIBCXX_3.4 (5)
    21: 0000000000000000     0 FUNC    GLOBAL DEFAULT  UND _ZN4Dali5Actor3NewEv
    22: 0000000000000000     0 FUNC    GLOBAL DEFAULT  UND _ZNK4Dali5Actor14GetNaturalSizeEv
    23: 0000000000000000     0 FUNC    GLOBAL DEFAULT  UND _ZN4Dali10StringViewC1EPKcj
    24: 0000000000000000     0 FUNC    GLOBAL DEFAULT  UND _ZN4Dali7Toolkit11ControlImpl17GetHeightForWidthEf
    25: 0000000000000000     0 FUNC    GLOBAL DEFAULT  UND _ZN4Dali7Toolkit11ControlImpl18OnAccessibilityPanENS_10PanGestureE
    26: 0000000000000000     0 FUNC    GLOBAL DEFAULT  UND _ZN4Dali8Property5ValueC1ERKNS_7Vector4E
    27: 0000000000000000     0 FUNC    GLOBAL DEFAULT  UND _ZN4Dali11Application10InitSignalEv
    28: 0000000000000000     0 FUNC    GLOBAL DEFAULT  UND _ZN4Dali11CustomActorD1Ev
    29: 0000000000000000     0 FUNC    GLOBAL DEFAULT  UND _ZN4Dali7Toolkit6ButtonD1Ev
    30: 0000000000000000     0 FUNC    GLOBAL DEFAULT  UND _ZN4Dali15CustomActorImpl15RelayoutRequestEv
    31: 0000000000000000     0 FUNC    GLOBAL DEFAULT  UND _ZNK4Dali5Actor10GetChildAtEj
    32: 0000000000000000     0 FUNC    GLOBAL DEFAULT  UND _ZN4Dali7Toolkit11ControlImpl29GetNextKeyboardFocusableActorENS_5ActorENS0_7Control13KeyboardFocus9DirectionEb
    33: 0000000000000000     0 FUNC    GLOBAL DEFAULT  UND _ZN4Dali7Toolkit9TableView16SetRelativeWidthEjf
    34: 0000000000000000     0 FUNC    GLOBAL DEFAULT  UND _ZN4Dali7Toolkit9TableView8AddChildENS_5ActorENS1_12CellPositionE
    35: 0000000000000000     0 FUNC    GLOBAL DEFAULT  UND _ZN4Dali7Toolkit11ControlImpl27RelayoutDependentOnChildrenENS_9Dimension4TypeE
    36: 0000000000000000     0 FUNC    GLOBAL DEFAULT  UND _ZN4Dali6WindowD1Ev
    37: 0000000000000000     0 FUNC    GLOBAL DEFAULT  UND _ZN4Dali5IsKeyERKNS_8KeyEventENS_3KEYE
    38: 0000000000000000     0 FUNC    GLOBAL DEFAULT  UND _ZN4Dali7Toolkit11ControlImpl27OnAnimateAnimatablePropertyERNS_9AnimationEiNS2_5StateE
    39: 0000000000000000     0 FUNC    GLOBAL DEFAULT  UND _ZN4Dali8Property5ValueC1EPKc
    40: 0000000000000000     0 FUNC    GLOBAL DEFAULT  UND _ZN4Dali8Property3MapC1Ev
    41: 0000000000000000     0 FUNC    GLOBAL DEFAULT  UND _ZNK4Dali5Actor9GetParentEv
    42: 0000000000000000     0 FUNC    GLOBAL DEFAULT  UND _ZN4Dali7Toolkit11ControlImplD2Ev
    43: 0000000000000000     0 FUNC    GLOBAL DEFAULT  UND _ZN4Dali7Toolkit11ControlImpl22CreateAccessibleObjectEv
    44: 0000000000000000     0 FUNC    GLOBAL DEFAULT  UND _ZN4Dali8Property5ValueC1ERKNS_7Vector3E
    45: 0000000000000000     0 FUNC    GLOBAL DEFAULT  UND _ZN4Dali7Toolkit11ControlImpl18CalculateChildSizeERKNS_5ActorENS_9Dimension4TypeE
    46: 0000000000000000     0 FUNC    GLOBAL DEFAULT  UND _ZN4Dali7Toolkit11ControlImpl18OnLayoutNegotiatedEfNS_9Dimension4TypeE
    47: 0000000000000000     0 FUNC    GLOBAL DEFAULT  UND _ZNK4Dali5Actor13GetTargetSizeEv
    48: 0000000000000000     0 FUNC    GLOBAL DEFAULT  UND __stack_chk_fail@GLIBC_2.4 (7)
    49: 0000000000000000     0 FUNC    GLOBAL DEFAULT  UND _ZN4Dali7Toolkit11ControlImpl23GetOffScreenRenderTasksERNS_6VectorINS_10RenderTaskELb0EEEb
    50: 0000000000000000     0 FUNC    GLOBAL DEFAULT  UND _ZN4Dali7Toolkit11ControlImpl30OnConstraintAnimatablePropertyERNS_10ConstraintEib
    51: 0000000000000000     0 FUNC    GLOBAL DEFAULT  UND _ZN4Dali6Window14KeyEventSignalEv
    52: 0000000000000000     0 FUNC    GLOBAL DEFAULT  UND _ZNK4Dali5Actor13GetChildCountEv
    53: 0000000000000000     0 FUNC    GLOBAL DEFAULT  UND _ZN4Dali5Actor6RemoveES0_
    54: 0000000000000000     0 FUNC    GLOBAL DEFAULT  UND _ZN4Dali11ApplicationD1Ev
    55: 0000000000000000     0 FUNC    GLOBAL DEFAULT  UND _ZN4Dali11Application3NewEPiPPPcNS_10StringViewE
    56: 0000000000000000     0 FUNC    GLOBAL DEFAULT  UND _ZN4Dali17ConnectionTracker15SignalConnectedEPNS_12SlotObserverEPNS_12CallbackBaseE
    57: 0000000000000000     0 FUNC    GLOBAL DEFAULT  UND _ZN4Dali7Toolkit9TableView12InsertColumnEj
    58: 0000000000000000     0 FUNC    GLOBAL DEFAULT  UND __cxa_guard_acquire@CXXABI_1.3 (2)
    59: 0000000000000000     0 FUNC    GLOBAL DEFAULT  UND _ZN4Dali7Toolkit11ControlImpl24OnAccessibilityActivatedEv
    60: 0000000000000000     0 OBJECT  GLOBAL DEFAULT  UND _ZTVN10__cxxabiv117__class_type_infoE@CXXABI_1.3 (2)
    61: 0000000000000000     0 FUNC    GLOBAL DEFAULT  UND _ZN4Dali17ConnectionTracker18SignalDisconnectedEPNS_12SlotObserverEPNS_12CallbackBaseE
    62: 0000000000000000     0 FUNC    GLOBAL DEFAULT  UND _ZNK4Dali8KeyEvent8GetStateEv
    63: 0000000000000000     0 FUNC    GLOBAL DEFAULT  UND _ZN4Dali8Property5ValueD1Ev
    64: 0000000000000000     0 FUNC    GLOBAL DEFAULT  UND _ZN4Dali17ConnectionTrackerD2Ev
    65: 0000000000000000     0 FUNC    GLOBAL DEFAULT  UND _ZN4Dali7Toolkit11ControlImpl10OnRelayoutERKNS_7Vector2ERNS_17RelayoutContainerE
    66: 0000000000000000     0 FUNC    GLOBAL DEFAULT  UND __cxa_allocate_exception@CXXABI_1.3 (2)
    67: 0000000000000000     0 FUNC    GLOBAL DEFAULT  UND _ZN4Dali7Toolkit9TableViewC1Ev
    68: 0000000000000000     0 NOTYPE  WEAK   DEFAULT  UND __gmon_start__
    69: 0000000000000000     0 FUNC    GLOBAL DEFAULT  UND _ZN4Dali7Toolkit11ControlImpl19OnKeyInputFocusLostEv
    70: 0000000000000000     0 FUNC    GLOBAL DEFAULT  UND _ZN4Dali7Toolkit11ControlImpl18SignalDisconnectedEPNS_12SlotObserverEPNS_12CallbackBaseE
    71: 0000000000000000     0 OBJECT  GLOBAL DEFAULT  UND _ZTIN4Dali7Toolkit11ControlImplE
    72: 0000000000000000     0 FUNC    GLOBAL DEFAULT  UND _ZN4Dali6Handle11SetPropertyEiNS_8Property5ValueE
    73: 0000000000000000     0 FUNC    GLOBAL DEFAULT  UND _ZN4Dali10BaseHandle5ResetEv
    74: 0000000000000000     0 FUNC    GLOBAL DEFAULT  UND _ZN4Dali8Property5ValueC1ENS_6StringE
    75: 0000000000000000     0 FUNC    GLOBAL DEFAULT  UND _ZN4Dali7Toolkit11ControlImpl10OnChildAddERNS_5ActorE
    76: 0000000000000000     0 FUNC    GLOBAL DEFAULT  UND _ZN4Dali7Toolkit10PushButton3NewEv
    77: 0000000000000000     0 FUNC    GLOBAL DEFAULT  UND _ZN4Dali7Toolkit9TextLabelaSEOS1_
    78: 0000000000000000     0 FUNC    GLOBAL DEFAULT  UND _ZN4Dali7Toolkit11ControlImpl5OnPanERKNS_10PanGestureE
    79: 0000000000000000     0 FUNC    GLOBAL DEFAULT  UND _ZSt18_Rb_tree_decrementPSt18_Rb_tree_node_base@GLIBCXX_3.4 (5)
    80: 0000000000000000     0 FUNC    GLOBAL DEFAULT  UND _ZN4Dali10BaseSignalC1Ev
    81: 0000000000000000     0 FUNC    GLOBAL DEFAULT  UND _ZN4Dali7Toolkit7ControlC1Ev
    82: 0000000000000000     0 FUNC    GLOBAL DEFAULT  UND _ZN4Dali13DaliExceptionC1EPKcS2_
    83: 0000000000000000     0 FUNC    GLOBAL DEFAULT  UND setenv@GLIBC_2.2.5 (6)
    84: 0000000000000000     0 FUNC    GLOBAL DEFAULT  UND _ZN4Dali7Toolkit9TableViewD1Ev
    85: 0000000000000000     0 FUNC    GLOBAL DEFAULT  UND _ZN4Dali7Toolkit11ControlImpl21OnKeyInputFocusGainedEv
    86: 0000000000000000     0 FUNC    GLOBAL DEFAULT  UND __cxa_guard_release@CXXABI_1.3 (2)
    87: 0000000000000000     0 FUNC    GLOBAL DEFAULT  UND _ZN4Dali7Toolkit11ControlImpl15OnSizeAnimationERNS_9AnimationERKNS_7Vector3E
    88: 0000000000000000     0 FUNC    GLOBAL DEFAULT  UND _ZN4Dali7Toolkit10PushButtonD1Ev
    89: 0000000000000000     0 FUNC    GLOBAL DEFAULT  UND _ZN4Dali7Toolkit11ControlImpl17OnSetResizePolicyENS_12ResizePolicy4TypeENS_9Dimension4TypeE
    90: 0000000000000000     0 FUNC    GLOBAL DEFAULT  UND _ZN4Dali8Property3MapD1Ev
    91: 0000000000000000     0 FUNC    GLOBAL DEFAULT  UND _ZN4Dali5LayerC1ERKS0_
    92: 0000000000000000     0 FUNC    GLOBAL DEFAULT  UND _ZN4Dali7Toolkit11ControlImpl19OnApplyDefaultStyleEv
    93: 0000000000000000     0 FUNC    GLOBAL DEFAULT  UND _ZN4Dali5LayerD1Ev
    94: 0000000000000000     0 FUNC    GLOBAL DEFAULT  UND _ZN4Dali7Toolkit7Control3NewEv
    95: 0000000000000000     0 FUNC    GLOBAL DEFAULT  UND __gxx_personality_v0@CXXABI_1.3 (2)
    96: 0000000000000000     0 FUNC    GLOBAL DEFAULT  UND _ZN4Dali7Toolkit6ButtonC1ERKS1_
    97: 0000000000000000     0 FUNC    GLOBAL DEFAULT  UND _ZN4Dali5Layer3NewEv
    98: 0000000000000000     0 FUNC    GLOBAL DEFAULT  UND _ZThn32_N4Dali7Toolkit11ControlImpl18SignalDisconnectedEPNS_12SlotObserverEPNS_12CallbackBaseE
    99: 0000000000000000     0 FUNC    GLOBAL DEFAULT  UND _ZN4Dali7Toolkit10PushButtonaSEOS1_
   100: 0000000000000000     0 FUNC    GLOBAL DEFAULT  UND __cxa_throw@CXXABI_1.3 (2)
   101: 0000000000000000     0 FUNC    GLOBAL DEFAULT  UND _ZN4Dali7Toolkit11ControlImpl30IsOffScreenRenderTaskExclusiveEv
   102: 0000000000000000     0 FUNC    GLOBAL DEFAULT  UND _Unwind_Resume@GCC_3.0 (8)
   103: 0000000000000000     0 FUNC    GLOBAL DEFAULT  UND _ZN4Dali8Property3MapC1ERKS1_
   104: 0000000000000000     0 FUNC    GLOBAL DEFAULT  UND _ZNSt7__cxx1112basic_stringIcSt11char_traitsIcESaIcEE9_M_createERmm@GLIBCXX_3.4.21 (9)
   105: 0000000000000000     0 FUNC    GLOBAL DEFAULT  UND _ZN4Dali8Property5ValueC1Eb
   106: 0000000000000000     0 FUNC    GLOBAL DEFAULT  UND _ZN4Dali17ConnectionTrackerC2Ev
   107: 0000000000000000     0 FUNC    GLOBAL DEFAULT  UND _ZN4Dali7Toolkit9TextLabel3NewEv
   108: 0000000000000000     0 FUNC    GLOBAL DEFAULT  UND _ZNK4Dali15CustomActorImpl4SelfEv
   109: 0000000000000000     0 FUNC    GLOBAL DEFAULT  UND _ZN4Dali5ActorD1Ev
   110: 0000000000000000     0 FUNC    GLOBAL DEFAULT  UND _ZN4Dali9RefObject9ReferenceEv
   111: 0000000000000000     0 FUNC    GLOBAL DEFAULT  UND _ZN4Dali10StringViewD1Ev
   112: 0000000000000000     0 FUNC    GLOBAL DEFAULT  UND __cxa_end_catch@CXXABI_1.3 (2)
   113: 0000000000000000     0 FUNC    GLOBAL DEFAULT  UND _ZN4Dali6Window3AddENS_5ActorE
   114: 0000000000000000     0 FUNC    GLOBAL DEFAULT  UND _ZN4Dali6StringC1EOS0_
   115: 0000000000000000     0 OBJECT  GLOBAL DEFAULT  UND _ZTIN4Dali17ConnectionTrackerE
   116: 0000000000000000     0 FUNC    GLOBAL DEFAULT  UND _ZN4Dali8Property3MapixEi
   117: 0000000000000000     0 FUNC    GLOBAL DEFAULT  UND _ZN4Dali7Toolkit7Control18SetBackgroundColorERKNS_7Vector4E
   118: 0000000000000000     0 FUNC    GLOBAL DEFAULT  UND __cxa_rethrow@CXXABI_1.3 (2)
   119: 0000000000000000     0 FUNC    GLOBAL DEFAULT  UND _ZN4Dali12TypeRegistryD1Ev
   120: 0000000000000000     0 FUNC    GLOBAL DEFAULT  UND _ZN4Dali11Application9GetWindowEv
   121: 0000000000000000     0 FUNC    GLOBAL DEFAULT  UND _ZN4Dali16TypeRegistrationC1ERKSt9type_infoS3_PFNS_10BaseHandleEvE
   122: 0000000000000000     0 FUNC    GLOBAL DEFAULT  UND _ZN4Dali11CustomActor17GetImplementationEv
   123: 0000000000000000     0 FUNC    GLOBAL DEFAULT  UND _ZN4Dali7Toolkit11ControlImpl10InitializeEv
   124: 0000000000000000     0 FUNC    GLOBAL DEFAULT  UND _ZN4Dali7Vector2aSERKNS_7Vector3E
   125: 0000000000000000     0 FUNC    GLOBAL DEFAULT  UND _ZN4Dali7Toolkit11ControlImplC2ENS1_16ControlBehaviourE
   126: 0000000000000000     0 OBJECT  GLOBAL DEFAULT  UND _ZTVN10__cxxabiv120__si_class_type_infoE@CXXABI_1.3 (2)
   127: 0000000000000000     0 FUNC    GLOBAL DEFAULT  UND _ZN4Dali6WindowC1ERKS0_
   128: 0000000000000000     0 FUNC    GLOBAL DEFAULT  UND _ZN4Dali12CallbackBaseC2EPvMS0_FvvEPFvRS0_E
   129: 0000000000000000     0 FUNC    GLOBAL DEFAULT  UND _ZN4Dali7Toolkit7ControlC2Ev
   130: 0000000000000000     0 FUNC    GLOBAL DEFAULT  UND _ZN4Dali5Actor8UnparentEv
   131: 0000000000000000     0 FUNC    GLOBAL DEFAULT  UND __cxa_atexit@GLIBC_2.2.5 (6)
   132: 0000000000000000     0 FUNC    GLOBAL DEFAULT  UND _ZN4Dali7Toolkit11ControlImpl19OnAccessibilityZoomEv
   133: 0000000000000000     0 FUNC    GLOBAL DEFAULT  UND __cxa_free_exception@CXXABI_1.3 (2)
   134: 0000000000000000     0 FUNC    GLOBAL DEFAULT  UND _ZN4Dali7Toolkit11ControlImpl9OnSizeSetERKNS_7Vector3E
   135: 0000000000000000     0 FUNC    GLOBAL DEFAULT  UND _ZN4Dali11Application8MainLoopEv
   136: 0000000000000000     0 FUNC    GLOBAL DEFAULT  UND _ZNK4Dali6Window7GetSizeEv
   137: 0000000000000000     0 FUNC    GLOBAL DEFAULT  UND _ZNK4Dali10BaseHandlecvbEv
   138: 0000000000000000     0 FUNC    GLOBAL DEFAULT  UND _ZN4Dali8Property5ValueC1ERKNS_7Vector2E
   139: 0000000000000000     0 FUNC    GLOBAL DEFAULT  UND _ZN4Dali8Property5ValueC1Ef
   140: 0000000000000000     0 FUNC    GLOBAL DEFAULT  UND _ZN4Dali5Actor3AddES0_
   141: 0000000000000000     0 FUNC    GLOBAL DEFAULT  UND _ZN4Dali7Toolkit7Control12SetStyleNameERKNS_6StringE
   142: 0000000000000000     0 FUNC    GLOBAL DEFAULT  UND _ZN4Dali10StringViewC1EPKc
   143: 0000000000000000     0 FUNC    GLOBAL DEFAULT  UND _ZN4Dali7Toolkit9TextLabelD1Ev
   144: 0000000000000000     0 FUNC    GLOBAL DEFAULT  UND _ZSt18_Rb_tree_incrementPSt18_Rb_tree_node_base@GLIBCXX_3.4 (5)
   145: 0000000000000000     0 FUNC    GLOBAL DEFAULT  UND _ZN4Dali7Toolkit9TableView3NewEjj
   146: 0000000000000000     0 FUNC    GLOBAL DEFAULT  UND _ZN4Dali5Layer10LowerBelowES0_
   147: 0000000000000000     0 FUNC    GLOBAL DEFAULT  UND _ZN4Dali7Toolkit11ControlImpl13OnPropertySetEiRKNS_8Property5ValueE
   148: 0000000000000000     0 FUNC    GLOBAL DEFAULT  UND _ZN4Dali7Toolkit6Button13ClickedSignalEv
   149: 0000000000000000     0 FUNC    GLOBAL DEFAULT  UND _ZN4Dali7Toolkit11ControlImpl17GetWidthForHeightEf
   150: 0000000000000000     0 NOTYPE  WEAK   DEFAULT  UND _ITM_registerTMCloneTable
   151: 0000000000000000     0 FUNC    GLOBAL DEFAULT  UND _ZN4Dali10BaseSignal9OnConnectEPNS_26ConnectionTrackerInterfaceEPNS_12CallbackBaseE
   152: 0000000000000000     0 FUNC    GLOBAL DEFAULT  UND _ZNK4Dali7Toolkit11ControlImpl15IsResourceReadyEv
   153: 0000000000000000     0 FUNC    GLOBAL DEFAULT  UND _ZN4Dali8Property3Map6InsertENS_6StringENS0_5ValueE
   154: 0000000000000000     0 OBJECT  GLOBAL DEFAULT  UND _ZN4Dali7Vector24ZEROE
   155: 0000000000000000     0 FUNC    GLOBAL DEFAULT  UND _ZN4Dali7Toolkit11ControlImpl30OnKeyboardFocusChangeCommittedENS_5ActorE
   156: 0000000000000000     0 FUNC    GLOBAL DEFAULT  UND _ZN4Dali11ApplicationC1ERKS0_
   157: 0000000000000000     0 FUNC    GLOBAL DEFAULT  UND _ZNK4Dali7Vector2eqERKS0_
   158: 0000000000000000     0 FUNC    GLOBAL DEFAULT  UND _ZN4Dali5Actor15SetResizePolicyENS_12ResizePolicy4TypeENS_9Dimension4TypeE
   159: 0000000000000000     0 FUNC    GLOBAL DEFAULT  UND _ZN4Dali9RefObject11UnreferenceEv
   160: 0000000000000000     0 FUNC    GLOBAL DEFAULT  UND _ZN4Dali9RefObject9OnDestroyEv
   161: 0000000000000000     0 FUNC    GLOBAL DEFAULT  UND _ZN4Dali6StringC1EPKc
   162: 0000000000000000     0 FUNC    GLOBAL DEFAULT  UND _ZN4Dali11Application4QuitEv
   163: 0000000000000000     0 FUNC    GLOBAL DEFAULT  UND _ZSt29_Rb_tree_insert_and_rebalancebPSt18_Rb_tree_node_baseS0_RS_@GLIBCXX_3.4 (5)
   164: 0000000000000000     0 FUNC    GLOBAL DEFAULT  UND _ZN4Dali7Toolkit11ControlImpl17OnSceneConnectionEi
   165: 0000000000000000     0 FUNC    GLOBAL DEFAULT  UND _ZNK4Dali10BaseHandle12GetObjectPtrEv
   166: 0000000000000000     0 FUNC    GLOBAL DEFAULT  UND _ZN4Dali7Toolkit11ControlImpl7OnPinchERKNS_12PinchGestureE
   167: 0000000000000000     0 FUNC    GLOBAL DEFAULT  UND _ZN4Dali7Toolkit7ControlaSEOS1_
   168: 0000000000000000     0 FUNC    GLOBAL DEFAULT  UND _ZN4Dali7Toolkit11ControlImpl11OnLongPressERKNS_16LongPressGestureE
   169: 0000000000000000     0 FUNC    GLOBAL DEFAULT  UND _ZN4Dali7Toolkit9TextLabelC1Ev
   170: 0000000000000000     0 OBJECT  GLOBAL DEFAULT  UND _ZTIN4Dali12CallbackBaseE
   171: 0000000000000000     0 FUNC    GLOBAL DEFAULT  UND _ZN4Dali17DaliAssertMessageEPKcS1_
   172: 0000000000000000     0 FUNC    GLOBAL DEFAULT  UND _ZSt9terminatev@GLIBCXX_3.4 (5)
   173: 0000000000000000     0 FUNC    GLOBAL DEFAULT  UND _ZN4Dali7Toolkit7ControlaSERKS1_
   174: 0000000000000000     0 FUNC    GLOBAL DEFAULT  UND _ZN4Dali8Property5ValueC1ENS0_3MapE
   175: 0000000000000000     0 FUNC    GLOBAL DEFAULT  UND _ZN4Dali7Toolkit7ControlC2ERNS0_11ControlImplE
   176: 0000000000000000     0 FUNC    GLOBAL DEFAULT  UND _ZN4Dali7Toolkit11ControlImpl20OnSceneDisconnectionEv
   177: 0000000000000000     0 FUNC    GLOBAL DEFAULT  UND _ZN4Dali7Toolkit7ControlD1Ev
   178: 0000000000000000     0 FUNC    GLOBAL DEFAULT  UND _ZN4Dali12CallbackBaseD2Ev
   179: 0000000000000000     0 FUNC    GLOBAL DEFAULT  UND _ZN4Dali7Toolkit11ControlImpl13OnStyleChangeENS0_12StyleManagerENS_11StyleChange4TypeE
   180: 0000000000000000     0 FUNC    GLOBAL DEFAULT  UND _ZN4Dali10BaseHandleC1EOS0_
   181: 0000000000000000     0 FUNC    GLOBAL DEFAULT  UND _ZN4Dali7Toolkit9TableViewaSERKS1_
   182: 0000000000000000     0 OBJECT  GLOBAL DEFAULT  UND _ZN4Dali7Vector34ZEROE
   183: 0000000000000000     0 FUNC    GLOBAL DEFAULT  UND _ZN4Dali8KeyEventD1Ev
   184: 0000000000000000     0 FUNC    GLOBAL DEFAULT  UND _ZN4Dali7Toolkit11ControlImpl10OnKeyEventERKNS_8KeyEventE
   185: 0000000000000000     0 FUNC    GLOBAL DEFAULT  UND _ZN4Dali6StringC1ERKNS_10StringViewE
   186: 0000000000000000     0 FUNC    GLOBAL DEFAULT  UND _ZN4Dali7Toolkit11ControlImpl26OnAccessibilityValueChangeEb
   187: 0000000000000000     0 FUNC    GLOBAL DEFAULT  UND __libc_start_main@GLIBC_2.34 (10)
   188: 0000000000000000     0 FUNC    GLOBAL DEFAULT  UND _ZN4Dali5ActorC1ERKS0_
   189: 0000000000000000     0 FUNC    GLOBAL DEFAULT  UND _ZN4Dali7Toolkit11ControlImpl15OnKeyboardEnterEv
   190: 0000000000000000     0 FUNC    GLOBAL DEFAULT  UND _ZN4Dali7Toolkit9TextLabel3NewERKNS_6StringE
   191: 0000000000000000     0 FUNC    GLOBAL DEFAULT  UND _ZN4Dali7Toolkit11ControlImpl23OnCalculateRelayoutSizeENS_9Dimension4TypeE
   192: 00000000000142d8     8 OBJECT  WEAK   DEFAULT   27 _ZN4Dali13Accessibility6Bridge15mDisabledSignalE
   193: 0000000000012970    24 OBJECT  WEAK   DEFAULT   22 _ZTIN4Dali6HandleE
   194: 0000000000012988    16 OBJECT  WEAK   DEFAULT   22 _ZTIN4Dali10BaseHandleE
   195: 000000000000c1c4   130 FUNC    WEAK   DEFAULT   14 _ZNSt7__cxx1112basic_stringIcSt11char_traitsIcESaIcEE12_M_constructIPKcEEvT_S8_St20forward_iterator_tag
   196: 000000000000ff28    23 OBJECT  WEAK   DEFAULT   16 _ZTSN4Dali13DaliExceptionE
   197: 0000000000014300     8 OBJECT  WEAK   DEFAULT   27 _ZGVN4Dali13Accessibility6Bridge27mScreenReaderDisabledSignalE
   198: 0000000000012958    24 OBJECT  WEAK   DEFAULT   22 _ZTIN4Dali5ActorE
   199: 000000000000ffde     1 OBJECT  WEAK   DEFAULT   16 _ZSt19piecewise_construct
   200: 0000000000012900    16 OBJECT  WEAK   DEFAULT   22 _ZTIN4Dali13DaliExceptionE
   201: 00000000000142c8     8 OBJECT  WEAK   DEFAULT   27 _ZN4Dali13Accessibility6Bridge14mEnabledSignalE
   202: 0000000000012928    24 OBJECT  WEAK   DEFAULT   22 _ZTIN4Dali7Toolkit7ControlE
   203: 0000000000012940    24 OBJECT  WEAK   DEFAULT   22 _ZTIN4Dali11CustomActorE
   204: 000000000000ff81    14 OBJECT  WEAK   DEFAULT   16 _ZTSN4Dali5ActorE
   205: 000000000000ff9e    20 OBJECT  WEAK   DEFAULT   16 _ZTSN4Dali10BaseHandleE
   206: 0000000000000000     0 FUNC    WEAK   DEFAULT  UND __cxa_finalize@GLIBC_2.2.5 (6)
   207: 00000000000142d0     8 OBJECT  WEAK   DEFAULT   27 _ZGVN4Dali13Accessibility6Bridge14mEnabledSignalE
   208: 00000000000142e0     8 OBJECT  WEAK   DEFAULT   27 _ZGVN4Dali13Accessibility6Bridge15mDisabledSignalE
   209: 00000000000142f8     8 OBJECT  WEAK   DEFAULT   27 _ZN4Dali13Accessibility6Bridge27mScreenReaderDisabledSignalE
   210: 000000000000ff54    24 OBJECT  WEAK   DEFAULT   16 _ZTSN4Dali7Toolkit7ControlE
   211: 000000000000c246   130 FUNC    WEAK   DEFAULT   14 _ZNSt7__cxx1112basic_stringIcSt11char_traitsIcESaIcEE12_M_constructIPcEEvT_S7_St20forward_iterator_tag
   212: 00000000000142f0     8 OBJECT  WEAK   DEFAULT   27 _ZGVN4Dali13Accessibility6Bridge26mScreenReaderEnabledSignalE
   213: 00000000000142e8     8 OBJECT  WEAK   DEFAULT   27 _ZN4Dali13Accessibility6Bridge26mScreenReaderEnabledSignalE
   214: 000000000000ff6c    21 OBJECT  WEAK   DEFAULT   16 _ZTSN4Dali11CustomActorE
   215: 000000000000ff8f    15 OBJECT  WEAK   DEFAULT   16 _ZTSN4Dali6HandleE
