
Symbol table '.dynsym' contains 441 entries:
   Num:    Value          Size Type    Bind   Vis      Ndx Name
     0: 0000000000000000     0 NOTYPE  LOCAL  DEFAULT  UND 
     1: 0000000000000000     0 FUNC    GLOBAL DEFAULT  UND _ZNK4Dali7Toolkit12DevelControl17ControlAccessible7GetNameB5cxx11Ev
     2: 0000000000000000     0 FUNC    GLOBAL DEFAULT  UND _ZN4Dali7Toolkit6Visual4BaseC1Ev
     3: 0000000000000000     0 FUNC    GLOBAL DEFAULT  UND _ZN4Dali8Property5ArrayC1Ev
     4: 0000000000000000     0 FUNC    GLOBAL DEFAULT  UND _ZN4Dali8Property5ValueaSEOS1_
     5: 0000000000000000     0 FUNC    GLOBAL DEFAULT  UND _ZN4Dali7Toolkit11ControlImpl14GetNaturalSizeEv
     6: 0000000000000000     0 FUNC    GLOBAL DEFAULT  UND _ZThn32_N4Dali7Toolkit11ControlImpl15SignalConnectedEPNS_12SlotObserverEPNS_12CallbackBaseE
     7: 0000000000000000     0 FUNC    GLOBAL DEFAULT  UND _ZNK4Dali6String4CStrEv
     8: 0000000000000000     0 FUNC    GLOBAL DEFAULT  UND _ZN4Dali9Animation4PlayEv
     9: 0000000000000000     0 FUNC    GLOBAL DEFAULT  UND _ZN4Dali7Toolkit9ImageViewD1Ev
    10: 0000000000000000     0 FUNC    GLOBAL DEFAULT  UND _ZNK4Dali13Accessibility15ActorAccessible8GetLayerEv
    11: 0000000000000000     0 FUNC    GLOBAL DEFAULT  UND _ZN4Dali12CallbackBaseC2EPvMS0_FvvEPFvRS0_EPFvS1_E
    12: 0000000000000000     0 FUNC    GLOBAL DEFAULT  UND __cxa_begin_catch@CXXABI_1.3 (2)
    13: 0000000000000000     0 FUNC    GLOBAL DEFAULT  UND _ZN4Dali8KeyEventC1ERKS0_
    14: 0000000000000000     0 FUNC    GLOBAL DEFAULT  UND _ZN4Dali5Timer3NewEj
    15: 0000000000000000     0 FUNC    GLOBAL DEFAULT  UND _ZN4Dali7Toolkit11ControlImpl13OnChildRemoveERNS_5ActorE
    16: 0000000000000000     0 FUNC    GLOBAL DEFAULT  UND _ZN4Dali7Toolkit9TableView12SetFitHeightEj
    17: 0000000000000000     0 FUNC    GLOBAL DEFAULT  UND memcpy@GLIBC_2.14 (3)
    18: 0000000000000000     0 FUNC    GLOBAL DEFAULT  UND _ZNK4Dali8KeyEvent10GetKeyCodeEv
    19: 0000000000000000     0 FUNC    GLOBAL DEFAULT  UND _ZNK4Dali13Accessibility15ActorAccessible12GetMdiZOrderEv
    20: 0000000000000000     0 FUNC    GLOBAL DEFAULT  UND _ZNK4Dali6Handle11GetPropertyEi
    21: 0000000000000000     0 FUNC    GLOBAL DEFAULT  UND _ZThn240_NK4Dali7Toolkit12DevelControl17ControlAccessible14GetActionCountEv
    22: 0000000000000000     0 FUNC    GLOBAL DEFAULT  UND _ZSt17__throw_bad_allocv@GLIBCXX_3.4 (4)
    23: 0000000000000000     0 FUNC    GLOBAL DEFAULT  UND _ZN4Dali7Toolkit11ControlImpl19GetAccessibleObjectEv
    24: 0000000000000000     0 FUNC    GLOBAL DEFAULT  UND _ZNK4Dali8Property5Array5CountEv
    25: 0000000000000000     0 FUNC    GLOBAL DEFAULT  UND _ZN4Dali7Toolkit11ControlImpl33GetOffScreenRenderableSourceActorEv
    26: 0000000000000000     0 FUNC    GLOBAL DEFAULT  UND _ZN4Dali8Property5ValueC2Ei
    27: 0000000000000000     0 FUNC    GLOBAL DEFAULT  UND _ZN4Dali7Toolkit11ControlImpl15SignalConnectedEPNS_12SlotObserverEPNS_12CallbackBaseE
    28: 0000000000000000     0 FUNC    GLOBAL DEFAULT  UND _ZN4Dali8Property5ValueC1Ei
    29: 0000000000000000     0 FUNC    GLOBAL DEFAULT  UND _ZN4Dali7Toolkit10PushButtonC1Ev
    30: 0000000000000000     0 FUNC    GLOBAL DEFAULT  UND _ZdlPvm@CXXABI_1.3.9 (5)
    31: 0000000000000000     0 NOTYPE  WEAK   DEFAULT  UND _ITM_deregisterTMCloneTable
    32: 0000000000000000     0 FUNC    GLOBAL DEFAULT  UND _ZNK4Dali7Gesture8GetStateEv
    33: 0000000000000000     0 FUNC    GLOBAL DEFAULT  UND _ZN4Dali7Toolkit7ControlD2Ev
    34: 0000000000000000     0 FUNC    GLOBAL DEFAULT  UND _ZN4Dali7Toolkit11RadioButton3NewERKNS_6StringE
    35: 0000000000000000     0 FUNC    GLOBAL DEFAULT  UND _ZN4Dali8Property5ValueaSERKS1_
    36: 0000000000000000     0 FUNC    GLOBAL DEFAULT  UND _ZN4Dali7Toolkit11ControlImpl5OnTapERKNS_10TapGestureE
    37: 0000000000000000     0 FUNC    GLOBAL DEFAULT  UND _ZN4Dali7Vector3C1ERKNS_7Vector2E
    38: 0000000000000000     0 FUNC    GLOBAL DEFAULT  UND _ZNK4Dali7Toolkit12DevelControl17ControlAccessible14GetDescriptionB5cxx11Ev
    39: 0000000000000000     0 FUNC    GLOBAL DEFAULT  UND _ZN4Dali13Accessibility15ActorAccessible13DoGetChildrenERSt6vectorIPNS0_10AccessibleESaIS4_EE
    40: 0000000000000000     0 FUNC    GLOBAL DEFAULT  UND _ZN4Dali7Toolkit5Popup9SetFooterENS_5ActorE
    41: 0000000000000000     0 FUNC    GLOBAL DEFAULT  UND _ZN4Dali6StringD1Ev
    42: 0000000000000000     0 FUNC    GLOBAL DEFAULT  UND _Znwm@GLIBCXX_3.4 (4)
    43: 0000000000000000     0 FUNC    GLOBAL DEFAULT  UND _ZN4Dali7Toolkit9ImageView3NewERKNS_6StringE
    44: 0000000000000000     0 FUNC    GLOBAL DEFAULT  UND _ZThn240_NK4Dali7Toolkit12DevelControl17ControlAccessible22GetLocalizedActionNameB5cxx11Em
    45: 0000000000000000     0 FUNC    GLOBAL DEFAULT  UND _ZN4Dali7Toolkit7ControlC2EPNS_8Internal11CustomActorE
    46: 0000000000000000     0 FUNC    GLOBAL DEFAULT  UND _ZN4Dali5Actor3NewEv
    47: 0000000000000000     0 FUNC    GLOBAL DEFAULT  UND _ZNK4Dali7Toolkit12DevelControl17ControlAccessible19GetActionKeyBindingB5cxx11Em
    48: 0000000000000000     0 FUNC    GLOBAL DEFAULT  UND _ZN4Dali7Toolkit12StyleManager10ApplyThemeERKNS_6StringE
    49: 0000000000000000     0 FUNC    GLOBAL DEFAULT  UND _ZN4Dali9AnimationC1ERKS0_
    50: 0000000000000000     0 FUNC    GLOBAL DEFAULT  UND _ZNK4Dali13Accessibility10Accessible27IsAccessibleContainingPointENS0_5PointENS0_14CoordinateTypeE
    51: 0000000000000000     0 FUNC    GLOBAL DEFAULT  UND _ZN4Dali10StringViewC1EPKcj
    52: 0000000000000000     0 FUNC    GLOBAL DEFAULT  UND _ZN4Dali7Toolkit11ControlImpl17GetHeightForWidthEf
    53: 0000000000000000     0 FUNC    GLOBAL DEFAULT  UND _ZN4Dali7Toolkit11ControlImpl18OnAccessibilityPanENS_10PanGestureE
    54: 0000000000000000     0 FUNC    GLOBAL DEFAULT  UND _ZN4Dali8Property5ValueC1ERKNS_7Vector4E
    55: 0000000000000000     0 FUNC    GLOBAL DEFAULT  UND _ZN4Dali5TimerC1Ev
    56: 0000000000000000     0 FUNC    GLOBAL DEFAULT  UND _ZN4Dali7Toolkit9TableView16SetCellAlignmentENS1_12CellPositionENS_19HorizontalAlignment4TypeENS_17VerticalAlignment4TypeE
    57: 0000000000000000     0 FUNC    GLOBAL DEFAULT  UND _ZN4DaliplERKNS_6StringES2_
    58: 0000000000000000     0 FUNC    GLOBAL DEFAULT  UND _ZN4Dali11Application10InitSignalEv
    59: 0000000000000000     0 FUNC    GLOBAL DEFAULT  UND _ZN4Dali5ActoraSEOS0_
    60: 0000000000000000     0 FUNC    GLOBAL DEFAULT  UND _ZN4Dali11CustomActorD1Ev
    61: 0000000000000000     0 FUNC    GLOBAL DEFAULT  UND _ZN4Dali7Toolkit6ButtonD1Ev
    62: 0000000000000000     0 FUNC    GLOBAL DEFAULT  UND _ZN4Dali7Toolkit11RadioButtonaSEOS1_
    63: 0000000000000000     0 FUNC    GLOBAL DEFAULT  UND _ZN4Dali13Accessibility15ActorAccessible16GetIndexInParentEv
    64: 0000000000000000     0 OBJECT  GLOBAL DEFAULT  UND _ZTIN4Dali13Accessibility10AccessibleE
    65: 0000000000000000     0 OBJECT  GLOBAL DEFAULT  UND _ZTVN10__cxxabiv121__vmi_class_type_infoE@CXXABI_1.3 (2)
    66: 0000000000000000     0 FUNC    GLOBAL DEFAULT  UND _ZN4Dali5ActorC1EOS0_
    67: 0000000000000000     0 FUNC    GLOBAL DEFAULT  UND _ZN4Dali15CustomActorImpl15RelayoutRequestEv
    68: 0000000000000000     0 FUNC    GLOBAL DEFAULT  UND _ZNK4Dali7Toolkit12DevelControl17ControlAccessible20GetLocalizedRoleNameB5cxx11Ev
    69: 0000000000000000     0 FUNC    GLOBAL DEFAULT  UND _ZNK4Dali6Handle16GetPropertyIndexENS_8Property3KeyE
    70: 0000000000000000     0 FUNC    GLOBAL DEFAULT  UND _ZN4Dali7Toolkit11ControlImpl29GetNextKeyboardFocusableActorENS_5ActorENS0_7Control13KeyboardFocus9DirectionEb
    71: 0000000000000000     0 FUNC    GLOBAL DEFAULT  UND _ZN4Dali18PanGestureDetectorD1Ev
    72: 0000000000000000     0 FUNC    GLOBAL DEFAULT  UND _ZN4Dali7Toolkit9ImageView3NewEv
    73: 0000000000000000     0 FUNC    GLOBAL DEFAULT  UND _ZN4Dali7Toolkit12DevelControl17ControlAccessible13ScrollToChildENS_5ActorE
    74: 0000000000000000     0 FUNC    GLOBAL DEFAULT  UND _ZN4Dali7Toolkit9TableView8AddChildENS_5ActorENS1_12CellPositionE
    75: 0000000000000000     0 FUNC    GLOBAL DEFAULT  UND _ZN4Dali10BaseSignal12OnDisconnectEPNS_26ConnectionTrackerInterfaceEPNS_12CallbackBaseE
    76: 0000000000000000     0 FUNC    GLOBAL DEFAULT  UND _ZNK4Dali7Toolkit12DevelControl17ControlAccessible10GetNameRawB5cxx11Ev
    77: 0000000000000000     0 FUNC    GLOBAL DEFAULT  UND _ZN4Dali9AnimationaSEOS0_
    78: 0000000000000000     0 FUNC    GLOBAL DEFAULT  UND _ZNK4Dali8Property5Value3GetERf
    79: 0000000000000000     0 FUNC    GLOBAL DEFAULT  UND _ZN4Dali7Toolkit11ControlImpl27RelayoutDependentOnChildrenENS_9Dimension4TypeE
    80: 0000000000000000     0 FUNC    GLOBAL DEFAULT  UND _ZN4Dali14WeakHandleBaseD2Ev
    81: 0000000000000000     0 FUNC    GLOBAL DEFAULT  UND _ZN4Dali6WindowD1Ev
    82: 0000000000000000     0 FUNC    GLOBAL DEFAULT  UND _ZNK4Dali8Property3Map5EmptyEv
    83: 0000000000000000     0 FUNC    GLOBAL DEFAULT  UND _ZN4Dali5IsKeyERKNS_8KeyEventENS_3KEYE
    84: 0000000000000000     0 FUNC    GLOBAL DEFAULT  UND _ZN4Dali7Toolkit12DevelControl17ControlAccessible9DoGestureERKNS_13Accessibility11GestureInfoE
    85: 0000000000000000     0 FUNC    GLOBAL DEFAULT  UND _ZNK4Dali13Accessibility15ActorAccessible8GetAlphaEv
    86: 0000000000000000     0 FUNC    GLOBAL DEFAULT  UND _ZNK4Dali14WeakHandleBase13GetBaseHandleEv
    87: 0000000000000000     0 FUNC    GLOBAL DEFAULT  UND _ZN4Dali7Toolkit11ControlImpl27OnAnimateAnimatablePropertyERNS_9AnimationEiNS2_5StateE
    88: 0000000000000000     0 FUNC    GLOBAL DEFAULT  UND _ZN4Dali8Property5ValueC1EPKc
    89: 0000000000000000     0 FUNC    GLOBAL DEFAULT  UND _ZN4Dali7Toolkit14CheckBoxButton3NewEv
    90: 0000000000000000     0 FUNC    GLOBAL DEFAULT  UND _ZN4Dali7Toolkit12DevelControl17ControlAccessible14ClearHighlightEv
    91: 0000000000000000     0 FUNC    GLOBAL DEFAULT  UND _ZN4Dali8Property3MapC1Ev
    92: 0000000000000000     0 FUNC    GLOBAL DEFAULT  UND _ZN4Dali7Toolkit11ControlImplD2Ev
    93: 0000000000000000     0 FUNC    GLOBAL DEFAULT  UND _ZN4Dali7Toolkit11ControlImpl22CreateAccessibleObjectEv
    94: 0000000000000000     0 FUNC    GLOBAL DEFAULT  UND _ZN4Dali8Property5ValueC1ERKNS_7Vector3E
    95: 0000000000000000     0 FUNC    GLOBAL DEFAULT  UND _ZNK4Dali8Property3Map4FindENS_10StringViewE
    96: 0000000000000000     0 FUNC    GLOBAL DEFAULT  UND _ZN4Dali7Toolkit11ControlImpl18CalculateChildSizeERKNS_5ActorENS_9Dimension4TypeE
    97: 0000000000000000     0 FUNC    GLOBAL DEFAULT  UND _ZN4Dali7Toolkit11ControlImpl18OnLayoutNegotiatedEfNS_9Dimension4TypeE
    98: 0000000000000000     0 FUNC    GLOBAL DEFAULT  UND _ZNK4Dali5Actor13GetTargetSizeEv
    99: 0000000000000000     0 FUNC    GLOBAL DEFAULT  UND __stack_chk_fail@GLIBC_2.4 (7)
   100: 0000000000000000     0 FUNC    GLOBAL DEFAULT  UND _ZN4Dali7Toolkit11ControlImpl23GetOffScreenRenderTasksERNS_6VectorINS_10RenderTaskELb0EEEb
   101: 0000000000000000     0 FUNC    GLOBAL DEFAULT  UND _ZN4Dali7Toolkit11ControlImpl30OnConstraintAnimatablePropertyERNS_10ConstraintEib
   102: 0000000000000000     0 FUNC    GLOBAL DEFAULT  UND _ZN4Dali6Window14KeyEventSignalEv
   103: 0000000000000000     0 FUNC    GLOBAL DEFAULT  UND _ZNSt7__cxx1118basic_stringstreamIcSt11char_traitsIcESaIcEEC1Ev@GLIBCXX_3.4.26 (8)
   104: 0000000000000000     0 FUNC    GLOBAL DEFAULT  UND _ZN4Dali10TouchEventC1ERKS0_
   105: 0000000000000000     0 FUNC    GLOBAL DEFAULT  UND memset@GLIBC_2.2.5 (6)
   106: 0000000000000000     0 FUNC    GLOBAL DEFAULT  UND _ZNSolsEi@GLIBCXX_3.4 (4)
   107: 0000000000000000     0 FUNC    GLOBAL DEFAULT  UND _ZN4Dali7Toolkit11RadioButtonC1Ev
   108: 0000000000000000     0 FUNC    GLOBAL DEFAULT  UND _ZN4Dali11ApplicationD1Ev
   109: 0000000000000000     0 FUNC    GLOBAL DEFAULT  UND atoi@GLIBC_2.2.5 (6)
   110: 0000000000000000     0 FUNC    GLOBAL DEFAULT  UND _ZN4Dali11Application3NewEPiPPPcNS_10StringViewE
   111: 0000000000000000     0 FUNC    GLOBAL DEFAULT  UND _ZNSt7__cxx1112basic_stringIcSt11char_traitsIcESaIcEE6appendEPKcm@GLIBCXX_3.4.21 (9)
   112: 0000000000000000     0 FUNC    GLOBAL DEFAULT  UND _ZN4Dali17ConnectionTracker15SignalConnectedEPNS_12SlotObserverEPNS_12CallbackBaseE
   113: 0000000000000000     0 FUNC    GLOBAL DEFAULT  UND _ZNK4Dali6String4SizeEv
   114: 0000000000000000     0 FUNC    GLOBAL DEFAULT  UND __cxa_guard_acquire@CXXABI_1.3 (2)
   115: 0000000000000000     0 FUNC    GLOBAL DEFAULT  UND _ZNK4Dali8Property5Value3GetERNS0_5ArrayE
   116: 0000000000000000     0 FUNC    GLOBAL DEFAULT  UND _ZN4Dali7Toolkit11ControlImpl24OnAccessibilityActivatedEv
   117: 0000000000000000     0 OBJECT  GLOBAL DEFAULT  UND _ZTVN10__cxxabiv117__class_type_infoE@CXXABI_1.3 (2)
   118: 0000000000000000     0 FUNC    GLOBAL DEFAULT  UND _ZN4Dali17ConnectionTracker18SignalDisconnectedEPNS_12SlotObserverEPNS_12CallbackBaseE
   119: 0000000000000000     0 FUNC    GLOBAL DEFAULT  UND _ZNK4Dali8KeyEvent8GetStateEv
   120: 0000000000000000     0 FUNC    GLOBAL DEFAULT  UND _ZN4Dali8Property5ValueD1Ev
   121: 0000000000000000     0 FUNC    GLOBAL DEFAULT  UND _ZN4Dali17ConnectionTrackerD2Ev
   122: 0000000000000000     0 FUNC    GLOBAL DEFAULT  UND _ZN4Dali7Toolkit5Popup10SetContentENS_5ActorE
   123: 0000000000000000     0 FUNC    GLOBAL DEFAULT  UND _ZN4Dali7Toolkit14TransitionDataC1Ev
   124: 0000000000000000     0 FUNC    GLOBAL DEFAULT  UND _ZN4Dali7Toolkit11ControlImpl10OnRelayoutERKNS_7Vector2ERNS_17RelayoutContainerE
   125: 0000000000000000     0 FUNC    GLOBAL DEFAULT  UND _ZN4Dali13Accessibility15ActorAccessible15GetChildAtIndexEm
   126: 0000000000000000     0 FUNC    GLOBAL DEFAULT  UND _ZN4Dali6StringC1ERKS0_
   127: 0000000000000000     0 FUNC    GLOBAL DEFAULT  UND _ZNK4Dali7Toolkit14TransitionData5CountEv
   128: 0000000000000000     0 FUNC    GLOBAL DEFAULT  UND __cxa_allocate_exception@CXXABI_1.3 (2)
   129: 0000000000000000     0 FUNC    GLOBAL DEFAULT  UND _ZNKSt7__cxx1115basic_stringbufIcSt11char_traitsIcESaIcEE3strEv@GLIBCXX_3.4.21 (9)
   130: 0000000000000000     0 FUNC    GLOBAL DEFAULT  UND _ZN4Dali9AnimationD1Ev
   131: 0000000000000000     0 NOTYPE  WEAK   DEFAULT  UND __gmon_start__
   132: 0000000000000000     0 FUNC    GLOBAL DEFAULT  UND strlen@GLIBC_2.2.5 (6)
   133: 0000000000000000     0 FUNC    GLOBAL DEFAULT  UND _ZN4Dali7Toolkit11ControlImpl19OnKeyInputFocusLostEv
   134: 0000000000000000     0 FUNC    GLOBAL DEFAULT  UND _ZN4Dali7Toolkit12DevelControl17ControlAccessible9GetStatesEv
   135: 0000000000000000     0 FUNC    GLOBAL DEFAULT  UND _ZN4Dali7Toolkit5Popup20OutsideTouchedSignalEv
   136: 0000000000000000     0 FUNC    GLOBAL DEFAULT  UND _ZN4Dali7Toolkit11ControlImpl18SignalDisconnectedEPNS_12SlotObserverEPNS_12CallbackBaseE
   137: 0000000000000000     0 OBJECT  GLOBAL DEFAULT  UND _ZTIN4Dali7Toolkit11ControlImplE
   138: 0000000000000000     0 FUNC    GLOBAL DEFAULT  UND _ZN4Dali6Handle11SetPropertyEiNS_8Property5ValueE
   139: 0000000000000000     0 FUNC    GLOBAL DEFAULT  UND _ZN4Dali7Vector2C1ERKNS_7Vector3E
   140: 0000000000000000     0 FUNC    GLOBAL DEFAULT  UND _ZN4Dali7Toolkit12DevelControl17ControlAccessible27GetDescriptionPropertyIndexEv
   141: 0000000000000000     0 FUNC    GLOBAL DEFAULT  UND _ZNK4Dali13Accessibility10Accessible13IsHighlightedEv
   142: 0000000000000000     0 FUNC    GLOBAL DEFAULT  UND _ZN4Dali10BaseHandle5ResetEv
   143: 0000000000000000     0 FUNC    GLOBAL DEFAULT  UND _ZNK4Dali7Toolkit12DevelControl17ControlAccessible12IsScrollableEv
   144: 0000000000000000     0 FUNC    GLOBAL DEFAULT  UND _ZN4Dali7Toolkit7ControlC2ERKS1_
   145: 0000000000000000     0 FUNC    GLOBAL DEFAULT  UND _ZN4Dali10BaseSignal9EmitGuardD1Ev
   146: 0000000000000000     0 FUNC    GLOBAL DEFAULT  UND _ZN4Dali6StringC1Ev
   147: 0000000000000000     0 FUNC    GLOBAL DEFAULT  UND _ZN4Dali8Property5ValueC1ENS_6StringE
   148: 0000000000000000     0 FUNC    GLOBAL DEFAULT  UND _ZSt28__throw_bad_array_new_lengthv@GLIBCXX_3.4.29 (10)
   149: 0000000000000000     0 FUNC    GLOBAL DEFAULT  UND _ZN4Dali7Toolkit5Popup8SetTitleENS_5ActorE
   150: 0000000000000000     0 FUNC    GLOBAL DEFAULT  UND _ZN4Dali7Toolkit11ControlImpl10OnChildAddERNS_5ActorE
   151: 0000000000000000     0 FUNC    GLOBAL DEFAULT  UND _ZN4Dali7Toolkit10PushButton3NewEv
   152: 0000000000000000     0 FUNC    GLOBAL DEFAULT  UND _ZN4Dali7Toolkit9TextLabelaSEOS1_
   153: 0000000000000000     0 FUNC    GLOBAL DEFAULT  UND _ZSt11_Hash_bytesPKvmm@CXXABI_1.3.5 (11)
   154: 0000000000000000     0 FUNC    GLOBAL DEFAULT  UND _ZN4Dali7Toolkit11ControlImpl5OnPanERKNS_10PanGestureE
   155: 0000000000000000     0 FUNC    GLOBAL DEFAULT  UND _ZN4Dali10BaseSignalC1Ev
   156: 0000000000000000     0 FUNC    GLOBAL DEFAULT  UND _ZThn240_NK4Dali7Toolkit12DevelControl17ControlAccessible13GetActionNameB5cxx11Em
   157: 0000000000000000     0 FUNC    GLOBAL DEFAULT  UND _ZN4Dali8Property5ArrayD1Ev
   158: 0000000000000000     0 FUNC    GLOBAL DEFAULT  UND _ZNK4Dali10PanGesture11GetPositionEv
   159: 0000000000000000     0 FUNC    GLOBAL DEFAULT  UND _ZN4Dali7Toolkit5PopupaSEOS1_
   160: 0000000000000000     0 FUNC    GLOBAL DEFAULT  UND _ZN4Dali7Toolkit14TransitionData3NewERKNS_8Property5ArrayE
   161: 0000000000000000     0 FUNC    GLOBAL DEFAULT  UND _ZN4Dali7Toolkit11RadioButtonD1Ev
   162: 0000000000000000     0 FUNC    GLOBAL DEFAULT  UND _ZN4Dali7Toolkit6Visual4BaseaSERKS2_
   163: 0000000000000000     0 FUNC    GLOBAL DEFAULT  UND _ZN4Dali18PanGestureDetector14DetectedSignalEv
   164: 0000000000000000     0 FUNC    GLOBAL DEFAULT  UND _ZThn240_NK4Dali7Toolkit12DevelControl17ControlAccessible20GetActionDescriptionB5cxx11Em
   165: 0000000000000000     0 FUNC    GLOBAL DEFAULT  UND _ZN4Dali13DaliExceptionC1EPKcS2_
   166: 0000000000000000     0 FUNC    GLOBAL DEFAULT  UND _ZN4Dali5Actor13TouchedSignalEv
   167: 0000000000000000     0 FUNC    GLOBAL DEFAULT  UND setenv@GLIBC_2.2.5 (6)
   168: 0000000000000000     0 FUNC    GLOBAL DEFAULT  UND _ZN4Dali7Toolkit9TableViewD1Ev
   169: 0000000000000000     0 FUNC    GLOBAL DEFAULT  UND _ZThn104_N4Dali13Accessibility15ActorAccessible15ObjectDestroyedEv
   170: 0000000000000000     0 FUNC    GLOBAL DEFAULT  UND _ZN4Dali18BaseObjectObserverD2Ev
   171: 0000000000000000     0 FUNC    GLOBAL DEFAULT  UND _ZN4Dali7Toolkit12DevelControl14RegisterVisualERNS0_11ControlImplEiRNS0_6Visual4BaseE
   172: 0000000000000000     0 FUNC    GLOBAL DEFAULT  UND _ZN4Dali7Toolkit11ControlImpl21OnKeyInputFocusGainedEv
   173: 0000000000000000     0 FUNC    GLOBAL DEFAULT  UND __cxa_guard_release@CXXABI_1.3 (2)
   174: 0000000000000000     0 FUNC    GLOBAL DEFAULT  UND _ZN4Dali7Toolkit11ControlImpl15OnSizeAnimationERNS_9AnimationERKNS_7Vector3E
   175: 0000000000000000     0 FUNC    GLOBAL DEFAULT  UND _ZN4Dali7Toolkit10PushButtonD1Ev
   176: 0000000000000000     0 FUNC    GLOBAL DEFAULT  UND _ZN4Dali7Toolkit11ControlImpl17OnSetResizePolicyENS_12ResizePolicy4TypeENS_9Dimension4TypeE
   177: 0000000000000000     0 FUNC    GLOBAL DEFAULT  UND _ZN4Dali8Property3MapD1Ev
   178: 0000000000000000     0 FUNC    GLOBAL DEFAULT  UND _ZN4Dali7Toolkit11ControlImpl19OnApplyDefaultStyleEv
   179: 0000000000000000     0 FUNC    GLOBAL DEFAULT  UND _ZN4Dali8Property3MapaSERKS1_
   180: 0000000000000000     0 FUNC    GLOBAL DEFAULT  UND _ZN4Dali5LayerD1Ev
   181: 0000000000000000     0 FUNC    GLOBAL DEFAULT  UND _ZN4Dali10BaseSignal9EmitGuard13ErrorOccurredEv
   182: 0000000000000000     0 FUNC    GLOBAL DEFAULT  UND _ZN4Dali7Toolkit5Popup3NewEv
   183: 0000000000000000     0 FUNC    GLOBAL DEFAULT  UND _ZN4Dali7Toolkit12DevelControl17ControlAccessible8DoActionEm
   184: 0000000000000000     0 FUNC    GLOBAL DEFAULT  UND __gxx_personality_v0@CXXABI_1.3 (2)
   185: 0000000000000000     0 FUNC    GLOBAL DEFAULT  UND _ZNK4Dali8Property5Value3GetERb
   186: 0000000000000000     0 FUNC    GLOBAL DEFAULT  UND _ZN4Dali7Toolkit6ButtonC1ERKS1_
   187: 0000000000000000     0 FUNC    GLOBAL DEFAULT  UND _ZN4Dali13Accessibility15ActorAccessible15ObjectDestroyedEv
   188: 0000000000000000     0 FUNC    GLOBAL DEFAULT  UND _ZN4Dali5Layer3NewEv
   189: 0000000000000000     0 FUNC    GLOBAL DEFAULT  UND _ZN4Dali18PanGestureDetectoraSEOS0_
   190: 0000000000000000     0 FUNC    GLOBAL DEFAULT  UND _ZN4Dali7Toolkit12DevelControl17ControlAccessibleC2ENS_5ActorE
   191: 0000000000000000     0 FUNC    GLOBAL DEFAULT  UND _ZThn32_N4Dali7Toolkit11ControlImpl18SignalDisconnectedEPNS_12SlotObserverEPNS_12CallbackBaseE
   192: 0000000000000000     0 FUNC    GLOBAL DEFAULT  UND _ZN4Dali7Toolkit10PushButtonaSEOS1_
   193: 0000000000000000     0 FUNC    GLOBAL DEFAULT  UND __cxa_throw@CXXABI_1.3 (2)
   194: 0000000000000000     0 FUNC    GLOBAL DEFAULT  UND _ZN4Dali7Toolkit12StyleManager17ApplyDefaultThemeEv
   195: 0000000000000000     0 FUNC    GLOBAL DEFAULT  UND _ZN4Dali7Toolkit11ControlImpl30IsOffScreenRenderTaskExclusiveEv
   196: 0000000000000000     0 FUNC    GLOBAL DEFAULT  UND _ZN4Dali5Timer10TickSignalEv
   197: 0000000000000000     0 FUNC    GLOBAL DEFAULT  UND _ZN4Dali7Toolkit5Popup15SetDisplayStateENS1_12DisplayStateE
   198: 0000000000000000     0 FUNC    GLOBAL DEFAULT  UND _ZNK4Dali7Toolkit12DevelControl17ControlAccessible13GetActionNameB5cxx11Em
   199: 0000000000000000     0 FUNC    GLOBAL DEFAULT  UND _ZThn80_N4Dali13Accessibility15ActorAccessible19GetMatchesInMatchesESt5tupleIJSt5arrayIiLm2EEiSt13unordered_mapINSt7__cxx1112basic_stringIcSt11char_traitsIcESaIcEEESB_St4hashISB_ESt8equal_toISB_ESaISt4pairIKSB_SB_EEEiS3_IiLm4EEiSt6vectorISB_SaISB_EEibEESP_jii
   200: 0000000000000000     0 FUNC    GLOBAL DEFAULT  UND _ZN4Dali10BaseSignal18CleanupConnectionsEv
   201: 0000000000000000     0 FUNC    GLOBAL DEFAULT  UND _ZN4Dali7Toolkit12DevelControl16CreateTransitionERNS0_11ControlImplERKNS0_14TransitionDataE
   202: 0000000000000000     0 FUNC    GLOBAL DEFAULT  UND _Unwind_Resume@GCC_3.0 (12)
   203: 0000000000000000     0 FUNC    GLOBAL DEFAULT  UND _ZN4Dali7Toolkit14CheckBoxButtonD1Ev
   204: 0000000000000000     0 FUNC    GLOBAL DEFAULT  UND _ZNK4Dali15CustomActorImpl8GetOwnerEv
   205: 0000000000000000     0 FUNC    GLOBAL DEFAULT  UND _ZN4Dali7Toolkit13VisualFactoryD1Ev
   206: 0000000000000000     0 FUNC    GLOBAL DEFAULT  UND _ZNK4Dali8Property5Value3GetERi
   207: 0000000000000000     0 FUNC    GLOBAL DEFAULT  UND _ZNK4Dali10TouchEvent16GetLocalPositionEj
   208: 0000000000000000     0 FUNC    GLOBAL DEFAULT  UND _ZN4Dali7Toolkit12DevelControl17ControlAccessible13GrabHighlightEv
   209: 0000000000000000     0 FUNC    GLOBAL DEFAULT  UND _ZN4Dali9AnimationC1Ev
   210: 0000000000000000     0 FUNC    GLOBAL DEFAULT  UND _ZN4Dali5TimeraSEOS0_
   211: 0000000000000000     0 FUNC    GLOBAL DEFAULT  UND _ZN4Dali8Property3MapC1ERKS1_
   212: 0000000000000000     0 FUNC    GLOBAL DEFAULT  UND _ZThn240_N4Dali7Toolkit12DevelControl17ControlAccessible8DoActionEm
   213: 0000000000000000     0 FUNC    GLOBAL DEFAULT  UND _ZNSt7__cxx1112basic_stringIcSt11char_traitsIcESaIcEE9_M_createERmm@GLIBCXX_3.4.21 (9)
   214: 0000000000000000     0 FUNC    GLOBAL DEFAULT  UND _ZN4Dali7Toolkit12DevelControl17ControlAccessible20GetNamePropertyIndexEv
   215: 0000000000000000     0 FUNC    GLOBAL DEFAULT  UND _ZN4Dali7Toolkit14TransitionDataaSERKS1_
   216: 0000000000000000     0 FUNC    GLOBAL DEFAULT  UND _ZN4Dali8Property5ValueC1Eb
   217: 0000000000000000     0 FUNC    GLOBAL DEFAULT  UND _ZN4Dali17ConnectionTrackerC2Ev
   218: 0000000000000000     0 OBJECT  GLOBAL DEFAULT  UND _ZTTNSt7__cxx1119basic_ostringstreamIcSt11char_traitsIcESaIcEEE@GLIBCXX_3.4.21 (9)
   219: 0000000000000000     0 FUNC    GLOBAL DEFAULT  UND _ZN4Dali5Actor8DownCastENS_10BaseHandleE
   220: 0000000000000000     0 FUNC    GLOBAL DEFAULT  UND _ZN4Dali13IndirectValue11GetPropertyEv
   221: 0000000000000000     0 FUNC    GLOBAL DEFAULT  UND _ZThn80_N4Dali13Accessibility15ActorAccessible10GetMatchesESt5tupleIJSt5arrayIiLm2EEiSt13unordered_mapINSt7__cxx1112basic_stringIcSt11char_traitsIcESaIcEEESB_St4hashISB_ESt8equal_toISB_ESaISt4pairIKSB_SB_EEEiS3_IiLm4EEiSt6vectorISB_SaISB_EEibEEjm
   222: 0000000000000000     0 FUNC    GLOBAL DEFAULT  UND _ZN4Dali7Toolkit9ImageViewC1Ev
   223: 0000000000000000     0 FUNC    GLOBAL DEFAULT  UND _ZNSt8ios_baseD2Ev@GLIBCXX_3.4 (4)
   224: 0000000000000000     0 FUNC    GLOBAL DEFAULT  UND _ZN4Dali7Toolkit5Popup12HiddenSignalEv
   225: 0000000000000000     0 FUNC    GLOBAL DEFAULT  UND _ZNK4Dali7Toolkit12DevelControl17ControlAccessible8GetValueB5cxx11Ev
   226: 0000000000000000     0 FUNC    GLOBAL DEFAULT  UND _ZN4Dali11CustomActor8DownCastENS_10BaseHandleE
   227: 0000000000000000     0 FUNC    GLOBAL DEFAULT  UND _ZNK4Dali13Accessibility15ActorAccessible10GetAddressEv
   228: 0000000000000000     0 FUNC    GLOBAL DEFAULT  UND _ZNK4Dali13Accessibility15ActorAccessible13GetChildCountEv
   229: 0000000000000000     0 FUNC    GLOBAL DEFAULT  UND _ZNK4Dali7Toolkit12DevelControl17ControlAccessible13GetAttributesB5cxx11Ev
   230: 0000000000000000     0 FUNC    GLOBAL DEFAULT  UND _ZN4Dali7Toolkit9TableView14SetCellPaddingENS_7Vector2E
   231: 0000000000000000     0 FUNC    GLOBAL DEFAULT  UND _ZN4Dali15GestureDetector6AttachENS_5ActorE
   232: 0000000000000000     0 FUNC    GLOBAL DEFAULT  UND _ZNSt7__cxx1119basic_ostringstreamIcSt11char_traitsIcESaIcEED2Ev@GLIBCXX_3.4.21 (9)
   233: 0000000000000000     0 FUNC    GLOBAL DEFAULT  UND _ZNK4Dali8Property5Value8GetArrayEv
   234: 0000000000000000     0 FUNC    GLOBAL DEFAULT  UND _ZN4Dali6Handle16RegisterPropertyENS_6StringENS_8Property5ValueENS2_10AccessModeE
   235: 0000000000000000     0 FUNC    GLOBAL DEFAULT  UND _ZNK4Dali13Accessibility15ActorAccessible16GetInternalActorEv
   236: 0000000000000000     0 FUNC    GLOBAL DEFAULT  UND _ZN4Dali7Toolkit9TableView11SetFitWidthEj
   237: 0000000000000000     0 FUNC    GLOBAL DEFAULT  UND _ZN4Dali7Toolkit9TextLabel3NewEv
   238: 0000000000000000     0 FUNC    GLOBAL DEFAULT  UND _ZN4Dali8Property3Map6InsertEiNS0_5ValueE
   239: 0000000000000000     0 FUNC    GLOBAL DEFAULT  UND _ZN4Dali8Property3KeyC1EPKc
   240: 0000000000000000     0 FUNC    GLOBAL DEFAULT  UND _ZN4Dali7Toolkit12DevelControl17ControlAccessible9GrabFocusEv
   241: 0000000000000000     0 FUNC    GLOBAL DEFAULT  UND _ZNK4Dali15CustomActorImpl4SelfEv
   242: 0000000000000000     0 FUNC    GLOBAL DEFAULT  UND _ZN4Dali5ActorD1Ev
   243: 0000000000000000     0 FUNC    GLOBAL DEFAULT  UND _ZNSt7__cxx1118basic_stringstreamIcSt11char_traitsIcESaIcEED2Ev@GLIBCXX_3.4.21 (9)
   244: 0000000000000000     0 FUNC    GLOBAL DEFAULT  UND _ZThn240_N4Dali7Toolkit12DevelControl17ControlAccessible8DoActionERKNSt7__cxx1112basic_stringIcSt11char_traitsIcESaIcEEE
   245: 0000000000000000     0 FUNC    GLOBAL DEFAULT  UND _ZN4Dali9RefObject9ReferenceEv
   246: 0000000000000000     0 FUNC    GLOBAL DEFAULT  UND _ZN4Dali10TouchEventD1Ev
   247: 0000000000000000     0 FUNC    GLOBAL DEFAULT  UND _ZN4Dali10BaseSignal9EmitGuardC1ERb
   248: 0000000000000000     0 FUNC    GLOBAL DEFAULT  UND _ZNSo9_M_insertIdEERSoT_@GLIBCXX_3.4.9 (13)
   249: 0000000000000000     0 FUNC    GLOBAL DEFAULT  UND _ZN4Dali10StringViewD1Ev
   250: 0000000000000000     0 FUNC    GLOBAL DEFAULT  UND _ZN4Dali8Property5ValueC1EOS1_
   251: 0000000000000000     0 FUNC    GLOBAL DEFAULT  UND _ZN4Dali8Property5ValueC1ENS0_4TypeE
   252: 0000000000000000     0 FUNC    GLOBAL DEFAULT  UND _ZN4Dali18PanGestureDetectorC1Ev
   253: 0000000000000000     0 FUNC    GLOBAL DEFAULT  UND _ZNK4Dali8Property5Value6GetMapEv
   254: 0000000000000000     0 FUNC    GLOBAL DEFAULT  UND _ZN4Dali13Accessibility15ActorAccessible11GetChildrenEv
   255: 0000000000000000     0 FUNC    GLOBAL DEFAULT  UND _ZN4Dali6Window3AddENS_5ActorE
   256: 0000000000000000     0 FUNC    GLOBAL DEFAULT  UND _ZN4Dali6StringC1EOS0_
   257: 0000000000000000     0 OBJECT  GLOBAL DEFAULT  UND _ZTIN4Dali17ConnectionTrackerE
   258: 0000000000000000     0 FUNC    GLOBAL DEFAULT  UND _ZNK4Dali8Property5Value3GetERNS_7Vector2E
   259: 0000000000000000     0 FUNC    GLOBAL DEFAULT  UND _ZN4Dali8Property3MapixEi
   260: 0000000000000000     0 OBJECT  GLOBAL DEFAULT  UND _ZTIN4Dali15CustomActorImplE
   261: 0000000000000000     0 FUNC    GLOBAL DEFAULT  UND _ZN4Dali12TypeRegistryD1Ev
   262: 0000000000000000     0 FUNC    GLOBAL DEFAULT  UND _ZN4Dali11Application9GetWindowEv
   263: 0000000000000000     0 FUNC    GLOBAL DEFAULT  UND _ZN4Dali15FunctorDelegateD1Ev
   264: 0000000000000000     0 FUNC    GLOBAL DEFAULT  UND _ZN4Dali11Integration12ToDaliStringEONSt7__cxx1112basic_stringIcSt11char_traitsIcESaIcEEE
   265: 0000000000000000     0 FUNC    GLOBAL DEFAULT  UND _ZN4Dali16TypeRegistrationC1ERKSt9type_infoS3_PFNS_10BaseHandleEvE
   266: 0000000000000000     0 FUNC    GLOBAL DEFAULT  UND _ZN4Dali11CustomActor17GetImplementationEv
   267: 0000000000000000     0 FUNC    GLOBAL DEFAULT  UND _ZNSt7__cxx1112basic_stringIcSt11char_traitsIcESaIcEE7reserveEm@GLIBCXX_3.4.21 (9)
   268: 0000000000000000     0 FUNC    GLOBAL DEFAULT  UND _ZN4Dali7Toolkit11ControlImpl10InitializeEv
   269: 0000000000000000     0 FUNC    GLOBAL DEFAULT  UND _ZNK4Dali7Toolkit12DevelControl17ControlAccessible7GetRoleEv
   270: 0000000000000000     0 OBJECT  GLOBAL DEFAULT  UND _ZTVN4Dali7Toolkit12DevelControl17ControlAccessibleE
   271: 0000000000000000     0 FUNC    GLOBAL DEFAULT  UND _ZN4Dali7Toolkit6Visual4Base14GetNaturalSizeERNS_7Vector2E
   272: 0000000000000000     0 FUNC    GLOBAL DEFAULT  UND _ZN4Dali7Toolkit11ControlImplC2ENS1_16ControlBehaviourE
   273: 0000000000000000     0 FUNC    GLOBAL DEFAULT  UND strcmp@GLIBC_2.2.5 (6)
   274: 0000000000000000     0 FUNC    GLOBAL DEFAULT  UND _ZNK4Dali10PanGesture15GetDisplacementEv
   275: 0000000000000000     0 FUNC    GLOBAL DEFAULT  UND _ZNSt7__cxx1112basic_stringIcSt11char_traitsIcESaIcEEC2EPKcmRKS3_@GLIBCXX_3.4.21 (9)
   276: 0000000000000000     0 FUNC    GLOBAL DEFAULT  UND _ZN4Dali10BaseHandleC2ERKS0_
   277: 0000000000000000     0 OBJECT  GLOBAL DEFAULT  UND _ZTVN10__cxxabiv120__si_class_type_infoE@CXXABI_1.3 (2)
   278: 0000000000000000     0 FUNC    GLOBAL DEFAULT  UND _ZN4Dali8Property5Value8GetArrayEv
   279: 0000000000000000     0 FUNC    GLOBAL DEFAULT  UND _ZNK4Dali10TouchEvent8GetStateEj
   280: 0000000000000000     0 OBJECT  GLOBAL DEFAULT  UND _ZTVN4Dali13Accessibility15ActorAccessibleE
   281: 0000000000000000     0 FUNC    GLOBAL DEFAULT  UND _ZN4Dali6WindowC1ERKS0_
   282: 0000000000000000     0 FUNC    GLOBAL DEFAULT  UND _ZN4Dali7Toolkit9TableView7GetRowsEv
   283: 0000000000000000     0 FUNC    GLOBAL DEFAULT  UND _ZN4Dali8Property5ArrayixEj
   284: 0000000000000000     0 FUNC    GLOBAL DEFAULT  UND _ZN4Dali7Toolkit6Button18StateChangedSignalEv
   285: 0000000000000000     0 FUNC    GLOBAL DEFAULT  UND _ZN4Dali7Toolkit14CheckBoxButtonaSEOS1_
   286: 0000000000000000     0 FUNC    GLOBAL DEFAULT  UND _ZN4Dali12CallbackBaseC2EPvMS0_FvvEPFvRS0_E
   287: 0000000000000000     0 FUNC    GLOBAL DEFAULT  UND _ZN4Dali7Toolkit7ControlC2Ev
   288: 0000000000000000     0 FUNC    GLOBAL DEFAULT  UND _ZN4Dali5Actor8UnparentEv
   289: 0000000000000000     0 FUNC    GLOBAL DEFAULT  UND _ZN4Dali6Window18SetBackgroundColorERKNS_7Vector4E
   290: 0000000000000000     0 FUNC    GLOBAL DEFAULT  UND __cxa_atexit@GLIBC_2.2.5 (6)
   291: 0000000000000000     0 FUNC    GLOBAL DEFAULT  UND _ZN4Dali13Accessibility15ActorAccessible10GetMatchesESt5tupleIJSt5arrayIiLm2EEiSt13unordered_mapINSt7__cxx1112basic_stringIcSt11char_traitsIcESaIcEEESB_St4hashISB_ESt8equal_toISB_ESaISt4pairIKSB_SB_EEEiS3_IiLm4EEiSt6vectorISB_SaISB_EEibEEjm
   292: 0000000000000000     0 FUNC    GLOBAL DEFAULT  UND _ZNK4Dali13Accessibility10Accessible15DoGetInterfacesEv
   293: 0000000000000000     0 FUNC    GLOBAL DEFAULT  UND _ZN4Dali7Toolkit11ControlImpl19OnAccessibilityZoomEv
   294: 0000000000000000     0 FUNC    GLOBAL DEFAULT  UND _ZN4Dali6Shader23GetFragmentShaderPrefixEv
   295: 0000000000000000     0 FUNC    GLOBAL DEFAULT  UND _ZN4Dali7Toolkit9ImageViewaSEOS1_
   296: 0000000000000000     0 FUNC    GLOBAL DEFAULT  UND _ZNK4Dali8Property5Value3GetERNS0_3MapE
   297: 0000000000000000     0 FUNC    GLOBAL DEFAULT  UND __cxa_free_exception@CXXABI_1.3 (2)
   298: 0000000000000000     0 FUNC    GLOBAL DEFAULT  UND _ZNK4Dali13Accessibility10Accessible7IsProxyEv
   299: 0000000000000000     0 FUNC    GLOBAL DEFAULT  UND _ZN4Dali10PanGestureC1ERKS0_
   300: 0000000000000000     0 FUNC    GLOBAL DEFAULT  UND _ZNK4Dali7Toolkit12DevelControl17ControlAccessible17GetDescriptionRawB5cxx11Ev
   301: 0000000000000000     0 FUNC    GLOBAL DEFAULT  UND _ZN4Dali13Accessibility10Accessible19SetListenPostRenderEb
   302: 0000000000000000     0 FUNC    GLOBAL DEFAULT  UND _ZN4Dali7Toolkit11ControlImpl9OnSizeSetERKNS_7Vector3E
   303: 0000000000000000     0 FUNC    GLOBAL DEFAULT  UND _ZNK4Dali8Property5Value3GetERNS_7Vector4E
   304: 0000000000000000     0 FUNC    GLOBAL DEFAULT  UND _ZN4Dali11Application8MainLoopEv
   305: 0000000000000000     0 FUNC    GLOBAL DEFAULT  UND _ZN4Dali15FunctorDelegate7ExecuteEv
   306: 0000000000000000     0 FUNC    GLOBAL DEFAULT  UND _ZN4Dali10BaseHandleD1Ev
   307: 0000000000000000     0 FUNC    GLOBAL DEFAULT  UND _ZNK4Dali6Window7GetSizeEv
   308: 0000000000000000     0 FUNC    GLOBAL DEFAULT  UND _ZNK4Dali10BaseHandlecvbEv
   309: 0000000000000000     0 FUNC    GLOBAL DEFAULT  UND _ZN4Dali8Property5ValueC1ERKNS_7Vector2E
   310: 0000000000000000     0 FUNC    GLOBAL DEFAULT  UND _ZN4Dali6HandleixEi
   311: 0000000000000000     0 FUNC    GLOBAL DEFAULT  UND _ZN4Dali8Property5ArrayaSERKS1_
   312: 0000000000000000     0 FUNC    GLOBAL DEFAULT  UND _ZNK4Dali8Property5Value3GetERNS_6StringE
   313: 0000000000000000     0 FUNC    GLOBAL DEFAULT  UND _ZN4Dali7Toolkit5PopupD1Ev
   314: 0000000000000000     0 FUNC    GLOBAL DEFAULT  UND _ZN4Dali7Toolkit14CheckBoxButtonC1Ev
   315: 0000000000000000     0 OBJECT  GLOBAL DEFAULT  UND _ZTTNSt7__cxx1118basic_stringstreamIcSt11char_traitsIcESaIcEEE@GLIBCXX_3.4.21 (9)
   316: 0000000000000000     0 FUNC    GLOBAL DEFAULT  UND _ZNK4Dali13Accessibility15ActorAccessible10GetExtentsENS0_14CoordinateTypeE
   317: 0000000000000000     0 FUNC    GLOBAL DEFAULT  UND _ZN4Dali5Timer11SetIntervalEj
   318: 0000000000000000     0 FUNC    GLOBAL DEFAULT  UND _ZN4Dali5TimerD1Ev
   319: 0000000000000000     0 FUNC    GLOBAL DEFAULT  UND _ZN4Dali8Property5ValueC1Ev
   320: 0000000000000000     0 FUNC    GLOBAL DEFAULT  UND _ZN4Dali8Property5ValueC1Ef
   321: 0000000000000000     0 FUNC    GLOBAL DEFAULT  UND _ZN4Dali5Actor3AddES0_
   322: 0000000000000000     0 FUNC    GLOBAL DEFAULT  UND _ZN4Dali7Toolkit12StyleManager3GetEv
   323: 0000000000000000     0 FUNC    GLOBAL DEFAULT  UND _ZN4Dali7Toolkit7Control12SetStyleNameERKNS_6StringE
   324: 0000000000000000     0 FUNC    GLOBAL DEFAULT  UND _ZN4Dali10StringViewC1EPKc
   325: 0000000000000000     0 FUNC    GLOBAL DEFAULT  UND _ZNSt7__cxx1119basic_ostringstreamIcSt11char_traitsIcESaIcEEC1Ev@GLIBCXX_3.4.26 (8)
   326: 0000000000000000     0 FUNC    GLOBAL DEFAULT  UND _ZN4Dali6HandleixENS_6StringE
   327: 0000000000000000     0 FUNC    GLOBAL DEFAULT  UND __dynamic_cast@CXXABI_1.3 (2)
   328: 0000000000000000     0 FUNC    GLOBAL DEFAULT  UND _ZN4Dali7Toolkit12StyleManagerD1Ev
   329: 0000000000000000     0 FUNC    GLOBAL DEFAULT  UND __vprintf_chk@GLIBC_2.3.4 (14)
   330: 0000000000000000     0 FUNC    GLOBAL DEFAULT  UND _ZNK4Dali6StringeqERKS0_
   331: 0000000000000000     0 FUNC    GLOBAL DEFAULT  UND _ZN4Dali7Toolkit9TextLabelD1Ev
   332: 0000000000000000     0 FUNC    GLOBAL DEFAULT  UND _ZN4Dali7Toolkit6Visual4BaseD1Ev
   333: 0000000000000000     0 FUNC    GLOBAL DEFAULT  UND _ZNK4Dali7Toolkit12DevelControl17ControlAccessible20GetActionDescriptionB5cxx11Em
   334: 0000000000000000     0 FUNC    GLOBAL DEFAULT  UND _ZN4Dali7Toolkit9TableView3NewEjj
   335: 0000000000000000     0 FUNC    GLOBAL DEFAULT  UND _ZNK4Dali8KeyEvent10GetKeyNameEv
   336: 0000000000000000     0 FUNC    GLOBAL DEFAULT  UND _ZN4Dali7Toolkit11ControlImpl13OnPropertySetEiRKNS_8Property5ValueE
   337: 0000000000000000     0 FUNC    GLOBAL DEFAULT  UND _ZN4Dali10PanGestureD1Ev
   338: 0000000000000000     0 FUNC    GLOBAL DEFAULT  UND _ZSt16__ostream_insertIcSt11char_traitsIcEERSt13basic_ostreamIT_T0_ES6_PKS3_l@GLIBCXX_3.4.9 (13)
   339: 0000000000000000     0 FUNC    GLOBAL DEFAULT  UND _ZN4Dali7Toolkit5PopupC1Ev
   340: 0000000000000000     0 FUNC    GLOBAL DEFAULT  UND _ZNKSt8__detail20_Prime_rehash_policy14_M_need_rehashEmmm@GLIBCXX_3.4.18 (15)
   341: 0000000000000000     0 FUNC    GLOBAL DEFAULT  UND _ZN4Dali7Toolkit6Button13ClickedSignalEv
   342: 0000000000000000     0 FUNC    GLOBAL DEFAULT  UND _ZN4Dali7Toolkit11ControlImpl17GetWidthForHeightEf
   343: 0000000000000000     0 FUNC    GLOBAL DEFAULT  UND _ZN4Dali7Toolkit9ImageView8SetImageERKNS_6StringE
   344: 0000000000000000     0 NOTYPE  WEAK   DEFAULT  UND _ITM_registerTMCloneTable
   345: 0000000000000000     0 FUNC    GLOBAL DEFAULT  UND _ZN4Dali10BaseHandleC1ERKS0_
   346: 0000000000000000     0 FUNC    GLOBAL DEFAULT  UND _ZNK4Dali7Toolkit12DevelControl17ControlAccessible14GetActionCountEv
   347: 0000000000000000     0 FUNC    GLOBAL DEFAULT  UND _ZN4Dali10BaseSignal9OnConnectEPNS_26ConnectionTrackerInterfaceEPNS_12CallbackBaseE
   348: 0000000000000000     0 FUNC    GLOBAL DEFAULT  UND _ZN4Dali18PanGestureDetector3NewEv
   349: 0000000000000000     0 OBJECT  GLOBAL DEFAULT  UND _ZTVN4Dali13Accessibility10AccessibleE
   350: 0000000000000000     0 FUNC    GLOBAL DEFAULT  UND _ZNK4Dali7Toolkit11ControlImpl15IsResourceReadyEv
   351: 0000000000000000     0 FUNC    GLOBAL DEFAULT  UND _ZN4Dali7Toolkit11ControlImpl30OnKeyboardFocusChangeCommittedENS_5ActorE
   352: 0000000000000000     0 FUNC    GLOBAL DEFAULT  UND _ZNK4Dali8Property5Value7GetTypeEv
   353: 0000000000000000     0 FUNC    GLOBAL DEFAULT  UND _ZN4Dali11ApplicationC1ERKS0_
   354: 0000000000000000     0 FUNC    GLOBAL DEFAULT  UND _ZN4Dali7Toolkit12DevelControl17ControlAccessible14GetRelationSetEv
   355: 0000000000000000     0 FUNC    GLOBAL DEFAULT  UND _ZN4Dali13Accessibility15ActorAccessible19GetMatchesInMatchesESt5tupleIJSt5arrayIiLm2EEiSt13unordered_mapINSt7__cxx1112basic_stringIcSt11char_traitsIcESaIcEEESB_St4hashISB_ESt8equal_toISB_ESaISt4pairIKSB_SB_EEEiS3_IiLm4EEiSt6vectorISB_SaISB_EEibEESP_jii
   356: 0000000000000000     0 FUNC    GLOBAL DEFAULT  UND _ZN4Dali6StringaSERKS0_
   357: 0000000000000000     0 FUNC    GLOBAL DEFAULT  UND _ZN4Dali7Toolkit13VisualFactory3GetEv
   358: 0000000000000000     0 FUNC    GLOBAL DEFAULT  UND _ZN4Dali7Toolkit12DevelControl17ControlAccessible15CalculateStatesEv
   359: 0000000000000000     0 FUNC    GLOBAL DEFAULT  UND _ZN4Dali5Actor15SetResizePolicyENS_12ResizePolicy4TypeENS_9Dimension4TypeE
   360: 0000000000000000     0 OBJECT  GLOBAL DEFAULT  UND _ZTIN4Dali7Toolkit12DevelControl17ControlAccessibleE
   361: 0000000000000000     0 FUNC    GLOBAL DEFAULT  UND _ZN4Dali9RefObject11UnreferenceEv
   362: 0000000000000000     0 FUNC    GLOBAL DEFAULT  UND _ZN4Dali9RefObject9OnDestroyEv
   363: 0000000000000000     0 FUNC    GLOBAL DEFAULT  UND _ZN4Dali7Toolkit12DevelControl17ControlAccessible8DoActionERKNSt7__cxx1112basic_stringIcSt11char_traitsIcESaIcEEE
   364: 0000000000000000     0 FUNC    GLOBAL DEFAULT  UND _ZN4Dali6StringC1EPKc
   365: 0000000000000000     0 FUNC    GLOBAL DEFAULT  UND _ZN4Dali19SignalConnectorTypeC1ERNS_16TypeRegistrationENS_6StringEPFbPNS_10BaseObjectEPNS_26ConnectionTrackerInterfaceERKS3_PNS_15FunctorDelegateEE
   366: 0000000000000000     0 FUNC    GLOBAL DEFAULT  UND _ZNK4Dali7Toolkit12DevelControl17ControlAccessible22GetLocalizedActionNameB5cxx11Em
   367: 0000000000000000     0 FUNC    GLOBAL DEFAULT  UND _ZN4Dali11Application4QuitEv
   368: 0000000000000000     0 FUNC    GLOBAL DEFAULT  UND _ZN4Dali9Animation14FinishedSignalEv
   369: 0000000000000000     0 FUNC    GLOBAL DEFAULT  UND _ZN4Dali7Toolkit11ControlImpl17OnSceneConnectionEi
   370: 0000000000000000     0 FUNC    GLOBAL DEFAULT  UND _ZN4Dali7Toolkit14TransitionDataD1Ev
   371: 0000000000000000     0 FUNC    GLOBAL DEFAULT  UND _ZN4Dali13Accessibility15ActorAccessible4EmitENS0_25ObjectPropertyChangeEventE
   372: 0000000000000000     0 FUNC    GLOBAL DEFAULT  UND _ZN4Dali20PropertyRegistrationC1ERNS_16TypeRegistrationENS_6StringEiNS_8Property4TypeEPFvPNS_10BaseObjectEiRKNS4_5ValueEEPFS8_S7_iE
   373: 0000000000000000     0 FUNC    GLOBAL DEFAULT  UND _ZN4Dali7Toolkit11ControlImpl7OnPinchERKNS_12PinchGestureE
   374: 0000000000000000     0 FUNC    GLOBAL DEFAULT  UND _ZN4Dali7Toolkit6Visual4Base19SetTransformAndSizeERKNS_8Property3MapENS_7Vector2E
   375: 0000000000000000     0 FUNC    GLOBAL DEFAULT  UND _ZN4Dali6Handle16RegisterPropertyENS_6StringENS_8Property5ValueE
   376: 0000000000000000     0 FUNC    GLOBAL DEFAULT  UND _ZN4Dali7Toolkit7ControlaSEOS1_
   377: 0000000000000000     0 FUNC    GLOBAL DEFAULT  UND _ZN4Dali7Toolkit11ControlImpl11OnLongPressERKNS_16LongPressGestureE
   378: 0000000000000000     0 FUNC    GLOBAL DEFAULT  UND _ZN4Dali7Toolkit9TextLabelC1Ev
   379: 0000000000000000     0 OBJECT  GLOBAL DEFAULT  UND _ZTIN4Dali12CallbackBaseE
   380: 0000000000000000     0 FUNC    GLOBAL DEFAULT  UND _ZN4Dali10BaseHandleC1EPNS_10BaseObjectE
   381: 0000000000000000     0 FUNC    GLOBAL DEFAULT  UND _ZN4Dali17DaliAssertMessageEPKcS1_
   382: 0000000000000000     0 FUNC    GLOBAL DEFAULT  UND _ZNK4Dali7Toolkit12DevelControl17ControlAccessible17GetStringPropertyENSt7__cxx1112basic_stringIcSt11char_traitsIcESaIcEEE
   383: 0000000000000000     0 FUNC    GLOBAL DEFAULT  UND _ZN4Dali13Accessibility10Accessible20GetAccessibleAtPointENS0_5PointENS0_14CoordinateTypeE
   384: 0000000000000000     0 FUNC    GLOBAL DEFAULT  UND _ZSt9terminatev@GLIBCXX_3.4 (4)
   385: 0000000000000000     0 FUNC    GLOBAL DEFAULT  UND _ZNSt7__cxx1112basic_stringIcSt11char_traitsIcESaIcEE9_M_assignERKS4_@GLIBCXX_3.4.21 (9)
   386: 0000000000000000     0 FUNC    GLOBAL DEFAULT  UND _ZN4Dali9Animation4StopEv
   387: 0000000000000000     0 FUNC    GLOBAL DEFAULT  UND _ZN4Dali7Toolkit7ControlaSERKS1_
   388: 0000000000000000     0 FUNC    GLOBAL DEFAULT  UND _ZN4Dali8Property5ValueC1ENS0_3MapE
   389: 0000000000000000     0 FUNC    GLOBAL DEFAULT  UND _ZN4Dali7Toolkit12DevelControl17ControlAccessible19InitDefaultFeaturesEv
   390: 0000000000000000     0 FUNC    GLOBAL DEFAULT  UND _ZN4Dali5ActorC1Ev
   391: 0000000000000000     0 FUNC    GLOBAL DEFAULT  UND _ZN4Dali13Accessibility15ActorAccessible9GetParentEv
   392: 0000000000000000     0 FUNC    GLOBAL DEFAULT  UND _ZN4Dali7Toolkit7ControlC2ERNS0_11ControlImplE
   393: 0000000000000000     0 FUNC    GLOBAL DEFAULT  UND _ZN4Dali7Toolkit11ControlImpl20OnSceneDisconnectionEv
   394: 0000000000000000     0 FUNC    GLOBAL DEFAULT  UND _ZN4Dali12CallbackBaseD2Ev
   395: 0000000000000000     0 FUNC    GLOBAL DEFAULT  UND _ZN4Dali7Toolkit11ControlImpl13OnStyleChangeENS0_12StyleManagerENS_11StyleChange4TypeE
   396: 0000000000000000     0 FUNC    GLOBAL DEFAULT  UND _ZN4Dali7Toolkit6Visual4Base7SetNameERKNSt7__cxx1112basic_stringIcSt11char_traitsIcESaIcEEE
   397: 0000000000000000     0 FUNC    GLOBAL DEFAULT  UND _ZN4Dali10BaseHandleC1EOS0_
   398: 0000000000000000     0 FUNC    GLOBAL DEFAULT  UND _ZNK4Dali7Toolkit12DevelControl17ControlAccessible8IsHiddenEv
   399: 0000000000000000     0 FUNC    GLOBAL DEFAULT  UND _ZN4Dali7Toolkit13VisualFactory12CreateVisualERKNS_8Property3MapE
   400: 0000000000000000     0 OBJECT  GLOBAL DEFAULT  UND _ZN4Dali7Vector34ZEROE
   401: 0000000000000000     0 FUNC    GLOBAL DEFAULT  UND _ZNK4Dali20SignalConnectionPool11IndexToNodeEj
   402: 0000000000000000     0 FUNC    GLOBAL DEFAULT  UND _ZN4Dali8KeyEventD1Ev
   403: 0000000000000000     0 FUNC    GLOBAL DEFAULT  UND _ZN4Dali7Toolkit14TransitionData3NewERKNS_8Property3MapE
   404: 0000000000000000     0 FUNC    GLOBAL DEFAULT  UND _ZThn240_NK4Dali7Toolkit12DevelControl17ControlAccessible19GetActionKeyBindingB5cxx11Em
   405: 0000000000000000     0 FUNC    GLOBAL DEFAULT  UND _ZN4Dali7Toolkit11ControlImpl10OnKeyEventERKNS_8KeyEventE
   406: 0000000000000000     0 FUNC    GLOBAL DEFAULT  UND _ZN4Dali6StringC1ERKNS_10StringViewE
   407: 0000000000000000     0 FUNC    GLOBAL DEFAULT  UND _ZN4Dali7Toolkit11ControlImpl26OnAccessibilityValueChangeEb
   408: 0000000000000000     0 FUNC    GLOBAL DEFAULT  UND __libc_start_main@GLIBC_2.34 (16)
   409: 0000000000000000     0 FUNC    GLOBAL DEFAULT  UND _ZNK4Dali13Accessibility10Accessible11GetRoleNameB5cxx11Ev
   410: 0000000000000000     0 FUNC    GLOBAL DEFAULT  UND _ZN4Dali5ActorC1ERKS0_
   411: 0000000000000000     0 FUNC    GLOBAL DEFAULT  UND _ZN4Dali7Toolkit11ControlImpl15OnKeyboardEnterEv
   412: 0000000000000000     0 FUNC    GLOBAL DEFAULT  UND _ZN4Dali7Toolkit9TextLabel3NewERKNS_6StringE
   413: 0000000000000000     0 FUNC    GLOBAL DEFAULT  UND _ZN4Dali7Toolkit11ControlImpl23OnCalculateRelayoutSizeENS_9Dimension4TypeE
   414: 0000000000000000     0 FUNC    GLOBAL DEFAULT  UND _ZNK4Dali6StringeqEPKc
   415: 0000000000024968     8 OBJECT  WEAK   DEFAULT   27 _ZN4Dali13Accessibility6Bridge15mDisabledSignalE
   416: 0000000000023638    24 OBJECT  WEAK   DEFAULT   22 _ZTIN4Dali6HandleE
   417: 0000000000023650    16 OBJECT  WEAK   DEFAULT   22 _ZTIN4Dali10BaseHandleE
   418: 000000000000f272   130 FUNC    WEAK   DEFAULT   14 _ZNSt7__cxx1112basic_stringIcSt11char_traitsIcESaIcEE12_M_constructIPKcEEvT_S8_St20forward_iterator_tag
   419: 000000000001db43    23 OBJECT  WEAK   DEFAULT   16 _ZTSN4Dali13DaliExceptionE
   420: 000000000001bf90    42 FUNC    WEAK   DEFAULT   14 _ZNSt15__new_allocatorIPNSt8__detail15_Hash_node_baseEE8allocateEmPKv
   421: 0000000000024990     8 OBJECT  WEAK   DEFAULT   27 _ZGVN4Dali13Accessibility6Bridge27mScreenReaderDisabledSignalE
   422: 0000000000023620    24 OBJECT  WEAK   DEFAULT   22 _ZTIN4Dali5ActorE
   423: 0000000000023660    16 OBJECT  WEAK   DEFAULT   22 _ZTIN4Dali13DaliExceptionE
   424: 0000000000024958     8 OBJECT  WEAK   DEFAULT   27 _ZN4Dali13Accessibility6Bridge14mEnabledSignalE
   425: 00000000000235f0    24 OBJECT  WEAK   DEFAULT   22 _ZTIN4Dali7Toolkit7ControlE
   426: 0000000000023c68    24 OBJECT  WEAK   DEFAULT   22 _ZTIN4Dali13Accessibility5ValueE
   427: 0000000000023608    24 OBJECT  WEAK   DEFAULT   22 _ZTIN4Dali11CustomActorE
   428: 000000000001d15d    14 OBJECT  WEAK   DEFAULT   16 _ZTSN4Dali5ActorE
   429: 000000000001d17a    20 OBJECT  WEAK   DEFAULT   16 _ZTSN4Dali10BaseHandleE
   430: 0000000000000000     0 FUNC    WEAK   DEFAULT  UND __cxa_finalize@GLIBC_2.2.5 (6)
   431: 0000000000024960     8 OBJECT  WEAK   DEFAULT   27 _ZGVN4Dali13Accessibility6Bridge14mEnabledSignalE
   432: 000000000001dde4    29 OBJECT  WEAK   DEFAULT   16 _ZTSN4Dali13Accessibility5ValueE
   433: 0000000000024970     8 OBJECT  WEAK   DEFAULT   27 _ZGVN4Dali13Accessibility6Bridge15mDisabledSignalE
   434: 0000000000024988     8 OBJECT  WEAK   DEFAULT   27 _ZN4Dali13Accessibility6Bridge27mScreenReaderDisabledSignalE
   435: 000000000001d130    24 OBJECT  WEAK   DEFAULT   16 _ZTSN4Dali7Toolkit7ControlE
   436: 000000000001b8d6   130 FUNC    WEAK   DEFAULT   14 _ZNSt7__cxx1112basic_stringIcSt11char_traitsIcESaIcEE12_M_constructIPcEEvT_S7_St20forward_iterator_tag
   437: 0000000000024980     8 OBJECT  WEAK   DEFAULT   27 _ZGVN4Dali13Accessibility6Bridge26mScreenReaderEnabledSignalE
   438: 0000000000024978     8 OBJECT  WEAK   DEFAULT   27 _ZN4Dali13Accessibility6Bridge26mScreenReaderEnabledSignalE
   439: 000000000001d148    21 OBJECT  WEAK   DEFAULT   16 _ZTSN4Dali11CustomActorE
   440: 000000000001d16b    15 OBJECT  WEAK   DEFAULT   16 _ZTSN4Dali6HandleE
