
Symbol table '.dynsym' contains 317 entries:
   Num:    Value          Size Type    Bind   Vis      Ndx Name
     0: 0000000000000000     0 NOTYPE  LOCAL  DEFAULT  UND 
     1: 0000000000000000     0 FUNC    GLOBAL DEFAULT  UND _ZNSo3putEc@GLIBCXX_3.4 (2)
     2: 0000000000000000     0 FUNC    GLOBAL DEFAULT  UND isspace@GLIBC_2.2.5 (3)
     3: 0000000000000000     0 FUNC    GLOBAL DEFAULT  UND _ZNSt7__cxx1112basic_stringIcSt11char_traitsIcESaIcEE6appendEPKcm@GLIBCXX_3.4.21 (4)
     4: 0000000000000000     0 FUNC    GLOBAL DEFAULT  UND _ZSt29_Rb_tree_insert_and_rebalancebPSt18_Rb_tree_node_baseS0_RS_@GLIBCXX_3.4 (2)
     5: 0000000000000000     0 FUNC    GLOBAL DEFAULT  UND pthread_setspecific@GLIBC_2.34 (5)
     6: 0000000000000000     0 FUNC    GLOBAL DEFAULT  UND rand@GLIBC_2.2.5 (3)
     7: 0000000000000000     0 FUNC    GLOBAL DEFAULT  UND _ZSt9terminatev@GLIBCXX_3.4 (2)
     8: 0000000000000000     0 FUNC    GLOBAL DEFAULT  UND _ZNSt8ios_baseD2Ev@GLIBCXX_3.4 (2)
     9: 0000000000000000     0 OBJECT  GLOBAL DEFAULT  UND _ZTTNSt7__cxx1118basic_stringstreamIcSt11char_traitsIcESaIcEEE@GLIBCXX_3.4.21 (4)
    10: 0000000000000000     0 FUNC    GLOBAL DEFAULT  UND _ZSt17__throw_bad_allocv@GLIBCXX_3.4 (2)
    11: 0000000000000000     0 FUNC    GLOBAL DEFAULT  UND _ZN7testing8internal8GTestLogC1ENS0_16GTestLogSeverityEPKci
    12: 0000000000000000     0 FUNC    GLOBAL DEFAULT  UND __cxa_begin_catch@CXXABI_1.3 (6)
    13: 0000000000000000     0 FUNC    GLOBAL DEFAULT  UND _ZN7testing8UnitTest11GetInstanceEv
    14: 0000000000000000     0 FUNC    WEAK   DEFAULT  UND __cxa_finalize@GLIBC_2.2.5 (3)
    15: 0000000000000000     0 FUNC    GLOBAL DEFAULT  UND strlen@GLIBC_2.2.5 (3)
    16: 0000000000000000     0 FUNC    GLOBAL DEFAULT  UND _ZNSt7__cxx1112basic_stringIcSt11char_traitsIcESaIcEED2Ev@GLIBCXX_3.4.21 (4)
    17: 0000000000000000     0 FUNC    GLOBAL DEFAULT  UND strncmp@GLIBC_2.2.5 (3)
    18: 0000000000000000     0 FUNC    GLOBAL DEFAULT  UND _ZSt20__throw_length_errorPKc@GLIBCXX_3.4 (2)
    19: 0000000000000000     0 FUNC    GLOBAL DEFAULT  UND _ZNSt7__cxx1119basic_ostringstreamIcSt11char_traitsIcESaIcEED2Ev@GLIBCXX_3.4.21 (4)
    20: 0000000000000000     0 FUNC    GLOBAL DEFAULT  UND _ZNSt7__cxx1112basic_stringIcSt11char_traitsIcESaIcEE9_M_assignERKS4_@GLIBCXX_3.4.21 (4)
    21: 0000000000000000     0 FUNC    GLOBAL DEFAULT  UND memset@GLIBC_2.2.5 (3)
    22: 0000000000000000     0 FUNC    GLOBAL DEFAULT  UND abort@GLIBC_2.2.5 (3)
    23: 0000000000000000     0 FUNC    GLOBAL DEFAULT  UND _ZSt28_Rb_tree_rebalance_for_erasePSt18_Rb_tree_node_baseRS_@GLIBCXX_3.4 (2)
    24: 0000000000000000     0 FUNC    GLOBAL DEFAULT  UND __cxa_guard_abort@CXXABI_1.3 (6)
    25: 0000000000000000     0 FUNC    GLOBAL DEFAULT  UND __cxa_guard_release@CXXABI_1.3 (6)
    26: 0000000000000000     0 FUNC    GLOBAL DEFAULT  UND _ZN7testing8internal6IsTrueEb
    27: 0000000000000000     0 FUNC    GLOBAL DEFAULT  UND _ZNSo9_M_insertImEERSoT_@GLIBCXX_3.4.9 (7)
    28: 0000000000000000     0 FUNC    GLOBAL DEFAULT  UND _ZNSo5flushEv@GLIBCXX_3.4 (2)
    29: 0000000000000000     0 FUNC    GLOBAL DEFAULT  UND _ZSt18_Rb_tree_incrementPSt18_Rb_tree_node_base@GLIBCXX_3.4 (2)
    30: 0000000000000000     0 OBJECT  GLOBAL DEFAULT  UND _ZTVN10__cxxabiv117__class_type_infoE@CXXABI_1.3 (6)
    31: 0000000000000000     0 FUNC    GLOBAL DEFAULT  UND _ZNSt7__cxx1118basic_stringstreamIcSt11char_traitsIcESaIcEEC1Ev@GLIBCXX_3.4.26 (8)
    32: 0000000000000000     0 FUNC    GLOBAL DEFAULT  UND _ZSt19__throw_logic_errorPKc@GLIBCXX_3.4 (2)
    33: 0000000000000000     0 FUNC    GLOBAL DEFAULT  UND _ZNSt7__cxx1118basic_stringstreamIcSt11char_traitsIcESaIcEED2Ev@GLIBCXX_3.4.21 (4)
    34: 0000000000000000     0 FUNC    GLOBAL DEFAULT  UND isupper@GLIBC_2.2.5 (3)
    35: 0000000000000000     0 FUNC    GLOBAL DEFAULT  UND pthread_mutex_unlock@GLIBC_2.2.5 (3)
    36: 0000000000000000     0 FUNC    GLOBAL DEFAULT  UND _ZNSo9_M_insertIPKvEERSoT_@GLIBCXX_3.4.9 (7)
    37: 0000000000000000     0 FUNC    GLOBAL DEFAULT  UND _ZSt28__throw_bad_array_new_lengthv@GLIBCXX_3.4.29 (9)
    38: 0000000000000000     0 FUNC    GLOBAL DEFAULT  UND _ZNK7testing8internal12AssertHelperaSERKNS_7MessageE
    39: 0000000000000000     0 FUNC    GLOBAL DEFAULT  UND _ZN7testing7MessageC1Ev
    40: 0000000000000000     0 FUNC    GLOBAL DEFAULT  UND memcpy@GLIBC_2.14 (10)
    41: 0000000000000000     0 FUNC    GLOBAL DEFAULT  UND _ZNSt7__cxx1112basic_stringIcSt11char_traitsIcESaIcEE9push_backEc@GLIBCXX_3.4.21 (4)
    42: 0000000000000000     0 FUNC    GLOBAL DEFAULT  UND _ZN7testing14InitGoogleTestEPiPPw
    43: 0000000000000000     0 FUNC    GLOBAL DEFAULT  UND __cxa_atexit@GLIBC_2.2.5 (3)
    44: 0000000000000000     0 FUNC    GLOBAL DEFAULT  UND pthread_self@GLIBC_2.2.5 (3)
    45: 0000000000000000     0 FUNC    GLOBAL DEFAULT  UND _ZN7testing8internal12AssertHelperD1Ev
    46: 0000000000000000     0 FUNC    GLOBAL DEFAULT  UND _ZNKSt9basic_iosIcSt11char_traitsIcEE5widenEc@GLIBCXX_3.4 (2)
    47: 0000000000000000     0 FUNC    GLOBAL DEFAULT  UND _ZNK7testing7Message9GetStringB5cxx11Ev
    48: 0000000000000000     0 FUNC    GLOBAL DEFAULT  UND _Znwm@GLIBCXX_3.4 (2)
    49: 0000000000000000     0 FUNC    GLOBAL DEFAULT  UND _ZdlPvm@CXXABI_1.3.9 (11)
    50: 0000000000000000     0 FUNC    GLOBAL DEFAULT  UND _ZNK7testing8UnitTest17current_test_infoEv
    51: 0000000000000000     0 FUNC    GLOBAL DEFAULT  UND isalnum@GLIBC_2.2.5 (3)
    52: 0000000000000000     0 FUNC    GLOBAL DEFAULT  UND _ZSt18_Rb_tree_decrementPSt18_Rb_tree_node_base@GLIBCXX_3.4 (2)
    53: 0000000000000000     0 OBJECT  GLOBAL DEFAULT  UND _ZTTNSt7__cxx1119basic_ostringstreamIcSt11char_traitsIcESaIcEEE@GLIBCXX_3.4.21 (4)
    54: 0000000000000000     0 FUNC    GLOBAL DEFAULT  UND __stack_chk_fail@GLIBC_2.4 (12)
    55: 0000000000000000     0 FUNC    GLOBAL DEFAULT  UND _ZNSt7__cxx1112basic_stringIcSt11char_traitsIcESaIcEE7replaceEmmPKcm@GLIBCXX_3.4.21 (4)
    56: 0000000000000000     0 FUNC    GLOBAL DEFAULT  UND __dynamic_cast@CXXABI_1.3 (6)
    57: 0000000000000000     0 FUNC    GLOBAL DEFAULT  UND _ZSt16__ostream_insertIcSt11char_traitsIcEERSt13basic_ostreamIT_T0_ES6_PKS3_l@GLIBCXX_3.4.9 (7)
    58: 0000000000000000     0 FUNC    GLOBAL DEFAULT  UND _ZSt18_Rb_tree_incrementPKSt18_Rb_tree_node_base@GLIBCXX_3.4 (2)
    59: 0000000000000000     0 FUNC    GLOBAL DEFAULT  UND pthread_mutex_destroy@GLIBC_2.2.5 (3)
    60: 0000000000000000     0 FUNC    GLOBAL DEFAULT  UND pthread_key_delete@GLIBC_2.34 (5)
    61: 0000000000000000     0 OBJECT  GLOBAL DEFAULT  UND __libc_single_threaded@GLIBC_2.32 (13)
    62: 0000000000000000     0 OBJECT  GLOBAL DEFAULT  UND _ZSt4cout@GLIBCXX_3.4 (2)
    63: 0000000000000000     0 OBJECT  GLOBAL DEFAULT  UND _ZTVN10__cxxabiv120__si_class_type_infoE@CXXABI_1.3 (6)
    64: 0000000000000000     0 FUNC    GLOBAL DEFAULT  UND islower@GLIBC_2.2.5 (3)
    65: 0000000000000000     0 FUNC    GLOBAL DEFAULT  UND _ZNKSt8__detail20_Prime_rehash_policy14_M_need_rehashEmmm@GLIBCXX_3.4.18 (14)
    66: 0000000000000000     0 FUNC    GLOBAL DEFAULT  UND _ZNSt7__cxx1119basic_ostringstreamIcSt11char_traitsIcESaIcEEC1Ev@GLIBCXX_3.4.26 (8)
    67: 0000000000000000     0 FUNC    GLOBAL DEFAULT  UND _ZN7testing8internal8GTestLogD1Ev
    68: 0000000000000000     0 FUNC    GLOBAL DEFAULT  UND _ZN7testing8internal18FormatFileLocationB5cxx11EPKci
    69: 0000000000000000     0 FUNC    GLOBAL DEFAULT  UND tolower@GLIBC_2.2.5 (3)
    70: 0000000000000000     0 FUNC    GLOBAL DEFAULT  UND __cxa_rethrow@CXXABI_1.3 (6)
    71: 0000000000000000     0 FUNC    GLOBAL DEFAULT  UND pthread_mutex_lock@GLIBC_2.2.5 (3)
    72: 0000000000000000     0 FUNC    GLOBAL DEFAULT  UND pthread_mutex_init@GLIBC_2.2.5 (3)
    73: 0000000000000000     0 FUNC    GLOBAL DEFAULT  UND pthread_getspecific@GLIBC_2.34 (5)
    74: 0000000000000000     0 FUNC    GLOBAL DEFAULT  UND _ZN7testing8internal10ParseInt32ERKNS_7MessageEPKcPi
    75: 0000000000000000     0 FUNC    GLOBAL DEFAULT  UND _ZNSt7__cxx1112basic_stringIcSt11char_traitsIcESaIcEE10_M_replaceEmmPKcm@GLIBCXX_3.4.21 (4)
    76: 0000000000000000     0 FUNC    GLOBAL DEFAULT  UND _ZSt21ios_base_library_initv@GLIBCXX_3.4.32 (15)
    77: 0000000000000000     0 FUNC    GLOBAL DEFAULT  UND _ZNSt7__cxx1112basic_stringIcSt11char_traitsIcESaIcEE7reserveEm@GLIBCXX_3.4.21 (4)
    78: 0000000000000000     0 FUNC    GLOBAL DEFAULT  UND pthread_key_create@GLIBC_2.34 (5)
    79: 0000000000000000     0 FUNC    GLOBAL DEFAULT  UND _ZNKSt7__cxx1115basic_stringbufIcSt11char_traitsIcESaIcEE3strEv@GLIBCXX_3.4.21 (4)
    80: 0000000000000000     0 FUNC    GLOBAL DEFAULT  UND isalpha@GLIBC_2.2.5 (3)
    81: 0000000000000000     0 FUNC    GLOBAL DEFAULT  UND __cxa_end_catch@CXXABI_1.3 (6)
    82: 0000000000000000     0 FUNC    GLOBAL DEFAULT  UND _ZNSo9_M_insertIbEERSoT_@GLIBCXX_3.4.9 (7)
    83: 0000000000000000     0 FUNC    GLOBAL DEFAULT  UND __gxx_personality_v0@CXXABI_1.3 (6)
    84: 0000000000000000     0 FUNC    GLOBAL DEFAULT  UND _ZN7testing7MessagelsEPw
    85: 0000000000000000     0 FUNC    GLOBAL DEFAULT  UND _Exit@GLIBC_2.2.5 (3)
    86: 0000000000000000     0 FUNC    GLOBAL DEFAULT  UND _ZNSt9basic_iosIcSt11char_traitsIcEE5clearESt12_Ios_Iostate@GLIBCXX_3.4 (2)
    87: 0000000000000000     0 FUNC    GLOBAL DEFAULT  UND _ZNSolsEi@GLIBCXX_3.4 (2)
    88: 0000000000000000     0 FUNC    GLOBAL DEFAULT  UND pthread_equal@GLIBC_2.2.5 (3)
    89: 0000000000000000     0 NOTYPE  WEAK   DEFAULT  UND _ITM_deregisterTMCloneTable
    90: 0000000000000000     0 FUNC    GLOBAL DEFAULT  UND _Unwind_Resume@GCC_3.0 (16)
    91: 0000000000000000     0 FUNC    GLOBAL DEFAULT  UND _ZNSt7__cxx1112basic_stringIcSt11char_traitsIcESaIcEE9_M_createERmm@GLIBCXX_3.4.21 (4)
    92: 0000000000000000     0 FUNC    GLOBAL DEFAULT  UND _ZN7testing8internal31GetCurrentOsStackTraceExceptTopB5cxx11Ei
    93: 0000000000000000     0 FUNC    GLOBAL DEFAULT  UND _ZN7testing8internal12AssertHelperC1ENS_14TestPartResult4TypeEPKciS5_
    94: 0000000000000000     0 FUNC    GLOBAL DEFAULT  UND __cxa_guard_acquire@CXXABI_1.3 (6)
    95: 0000000000000000     0 NOTYPE  WEAK   DEFAULT  UND __gmon_start__
    96: 0000000000000000     0 FUNC    GLOBAL DEFAULT  UND _ZN7testing14InitGoogleTestEPiPPc
    97: 0000000000000000     0 FUNC    GLOBAL DEFAULT  UND __cxa_pure_virtual@CXXABI_1.3 (6)
    98: 0000000000000000     0 NOTYPE  WEAK   DEFAULT  UND _ITM_registerTMCloneTable
    99: 0000000000000000     0 FUNC    GLOBAL DEFAULT  UND _ZNSt7__cxx1112basic_stringIcSt11char_traitsIcESaIcEE6appendEPKc@GLIBCXX_3.4.21 (4)
   100: 0000000000000000     0 OBJECT  GLOBAL DEFAULT  UND _ZSt4cerr@GLIBCXX_3.4 (2)
   101: 000000000000ff24    70 FUNC    WEAK   DEFAULT   11 _ZNK7testing8internal15ExpectationBase15IsOverSaturatedEv
   102: 0000000000016bb0    24 OBJECT  WEAK   DEFAULT   19 _ZTISt16_Sp_counted_baseILN9__gnu_cxx12_Lock_policyE2EE
   103: 00000000000175e8    32 OBJECT  GLOBAL DEFAULT   24 _ZN7testing19FLAGS_gmock_verboseB5cxx11E
   104: 00000000000106d2   121 FUNC    WEAK   DEFAULT   11 _ZNSt14__shared_countILN9__gnu_cxx12_Lock_policyE2EEC2IPKN7testing20CardinalityInterfaceEEET_
   105: 0000000000011334     3 FUNC    WEAK   DEFAULT   11 _ZNSt15_Sp_counted_ptrIPN7testing11ExpectationELN9__gnu_cxx12_Lock_policyE2EE14_M_get_deleterERKSt9type_info
   106: 000000000000ec1a    93 FUNC    GLOBAL DEFAULT   11 _ZN7testing4Mock14VerifyAndClearEPv
   107: 000000000000dd04    66 FUNC    GLOBAL DEFAULT   11 _ZN7testing8internal25UntypedFunctionMockerBaseD2Ev
   108: 0000000000016cc8    32 OBJECT  WEAK   DEFAULT   19 _ZTVN7testing8internal11ThreadLocalIPNS_8SequenceEE11ValueHolderE
   109: 0000000000010edc   108 FUNC    WEAK   DEFAULT   11 _ZNSt8_Rb_treeIN7testing11ExpectationES1_St9_IdentityIS1_ENS1_4LessESaIS1_EE10_M_insert_IRKS1_NS6_11_Alloc_nodeEEESt17_Rb_tree_iteratorIS1_EPSt18_Rb_tree_node_baseSE_OT_RT0_
   110: 000000000000eb26    85 FUNC    GLOBAL DEFAULT   11 _ZN7testing4Mock26VerifyAndClearExpectationsEPv
   111: 000000000000f684   503 FUNC    WEAK   DEFAULT   11 _ZN7testing8internal22MaxBipartiteMatchState7ComputeEv
   112: 000000000000fbd2    61 FUNC    WEAK   DEFAULT   11 _ZN7testing19MatchResultListenerlsIA89_cEERS0_RKT_
   113: 000000000000f87c    64 FUNC    WEAK   DEFAULT   11 _ZN7testing8internal22MaxBipartiteMatchStateD2Ev
   114: 0000000000010af6    70 FUNC    WEAK   DEFAULT   11 _ZNKSt6vectorISt4pairImmESaIS1_EE12_M_check_lenEmPKc
   115: 0000000000011a6e   112 FUNC    WEAK   DEFAULT   11 _ZNSt8_Rb_treeIPN7testing8internal25UntypedFunctionMockerBaseES3_St9_IdentityIS3_ESt4lessIS3_ESaIS3_EE10_M_insert_IRKS3_NS9_11_Alloc_nodeEEESt17_Rb_tree_iteratorIS3_EPSt18_Rb_tree_node_baseSH_OT_RT0_
   116: 000000000000fc8c    61 FUNC    WEAK   DEFAULT   11 _ZN7testing19MatchResultListenerlsIA65_cEERS0_RKT_
   117: 0000000000013255    46 OBJECT  WEAK   DEFAULT   13 _ZTSN7testing8internal24FailureReporterInterfaceE
   118: 000000000000d6be   832 FUNC    GLOBAL DEFAULT   11 _ZNK7testing8internal15ExpectationBase25CheckActionCountIfNotDoneEv
   119: 000000000000ff6a   186 FUNC    WEAK   DEFAULT   11 _ZNK7testing8internal15ExpectationBase18DescribeLocationToEPSo
   120: 0000000000011be6    55 FUNC    WEAK   DEFAULT   11 _ZNSt8_Rb_treeIPN7testing8internal25UntypedFunctionMockerBaseES3_St9_IdentityIS3_ESt4lessIS3_ESaIS3_EE5clearEv
   121: 0000000000011896   122 FUNC    WEAK   DEFAULT   11 _ZNKSt10_HashtableImSt4pairIKmN7testing8internal12CallReactionEESaIS5_ENSt8__detail10_Select1stESt8equal_toImESt4hashImENS7_18_Mod_range_hashingENS7_20_Default_ranged_hashENS7_20_Prime_rehash_policyENS7_17_Hashtable_traitsILb0ELb0ELb1EEEE4findERS1_
   122: 000000000000e04a   254 FUNC    GLOBAL DEFAULT   11 _ZN7testing8internal25UntypedFunctionMockerBase11GetHandleOfEPNS0_15ExpectationBaseE
   123: 000000000000ed0e    17 FUNC    GLOBAL DEFAULT   11 _ZN7testing4Mock7IsNaggyEPv
   124: 0000000000016b50    16 OBJECT  WEAK   DEFAULT   19 _ZTIN7testing20CardinalityInterfaceE
   125: 000000000001109c   125 FUNC    WEAK   DEFAULT   11 _ZNSt10_HashtableImSt4pairIKmN7testing8internal12CallReactionEESaIS5_ENSt8__detail10_Select1stESt8equal_toImESt4hashImENS7_18_Mod_range_hashingENS7_20_Default_ranged_hashENS7_20_Prime_rehash_policyENS7_17_Hashtable_traitsILb0ELb0ELb1EEEE21_M_insert_unique_nodeEmmPNS7_10_Hash_nodeIS5_Lb0EEEm
   126: 0000000000016a90    64 OBJECT  GLOBAL DEFAULT   19 _ZTVN7testing8internal25UntypedFunctionMockerBaseE
   127: 000000000000c124   750 FUNC    GLOBAL DEFAULT   11 _ZNK7testing8internal35UnorderedElementsAreMatcherImplBase14DescribeToImplEPSo
   128: 0000000000016b60    56 OBJECT  WEAK   DEFAULT   19 _ZTVSt15_Sp_counted_ptrIPKN7testing20CardinalityInterfaceELN9__gnu_cxx12_Lock_policyE2EE
   129: 000000000000d1de   305 FUNC    GLOBAL DEFAULT   11 _ZN7testing8internal15ExpectationBase22RetireAllPreRequisitesEv
   130: 00000000000175c0     4 OBJECT  GLOBAL DEFAULT   23 _ZN7testing33FLAGS_gmock_default_mock_behaviorE
   131: 000000000001339d    48 OBJECT  WEAK   DEFAULT   13 _ZTSN7testing8internal26ThreadLocalValueHolderBaseE
   132: 000000000000eefa     9 FUNC    GLOBAL DEFAULT   11 _ZN7testing11ExpectationD2Ev
   133: 000000000000af66    10 FUNC    GLOBAL DEFAULT   11 _ZN7testing7AtLeastEi
   134: 000000000000efb8    87 FUNC    GLOBAL DEFAULT   11 _ZN7testing10InSequenceD2Ev
   135: 000000000000d310   288 FUNC    GLOBAL DEFAULT   11 _ZNK7testing8internal15ExpectationBase28AllPrerequisitesAreSatisfiedEv
   136: 0000000000011b60   134 FUNC    WEAK   DEFAULT   11 _ZNSt8_Rb_treeIPN7testing8internal25UntypedFunctionMockerBaseES3_St9_IdentityIS3_ESt4lessIS3_ESaIS3_EE12_M_erase_auxESt23_Rb_tree_const_iteratorIS3_ESB_
   137: 0000000000013226    47 OBJECT  WEAK   DEFAULT   13 _ZTSN7testing8internal25GoogleTestFailureReporterE
   138: 000000000000e6b2     4 FUNC    GLOBAL DEFAULT   11 _ZN7testing4Mock23AllowUninterestingCallsEm
   139: 000000000000f00f     5 FUNC    GLOBAL DEFAULT   11 _ZN7testing14InitGoogleMockEPiPPc
   140: 0000000000017678    16 OBJECT  GLOBAL DEFAULT   24 _ZN7testing8internal25g_gmock_implicit_sequenceE
   141: 000000000000eece     7 FUNC    GLOBAL DEFAULT   11 _ZN7testing11ExpectationC1Ev
   142: 000000000000ed30    17 FUNC    GLOBAL DEFAULT   11 _ZN7testing4Mock8IsStrictEPv
   143: 0000000000011734     1 FUNC    WEAK   DEFAULT   11 _ZN7testing8internal11ThreadLocalIPNS_8SequenceEE18ValueHolderFactoryD2Ev
   144: 000000000000ef52   101 FUNC    GLOBAL DEFAULT   11 _ZN7testing10InSequenceC1Ev
   145: 0000000000011d82   154 FUNC    WEAK   DEFAULT   11 _ZN7testing8internal18StreamableToStringIPcEENSt7__cxx1112basic_stringIcSt11char_traitsIcESaIcEEERKT_
   146: 00000000000104cd   514 FUNC    WEAK   DEFAULT   11 _ZN7testing8internal18InitGoogleMockImplIwEEvPiPPT_
   147: 0000000000011338   130 FUNC    WEAK   DEFAULT   11 _ZNSt7__cxx1112basic_stringIcSt11char_traitsIcESaIcEE12_M_constructIPKcEEvT_S8_St20forward_iterator_tag
   148: 000000000000fe68   188 FUNC    WEAK   DEFAULT   11 _ZNK7testing8internal9MutexBase10AssertHeldEv
   149: 0000000000010c56    23 FUNC    WEAK   DEFAULT   11 _ZNSt8_Rb_treeIN7testing11ExpectationES1_St9_IdentityIS1_ENS1_4LessESaIS1_EED2Ev
   150: 0000000000010f48    63 FUNC    WEAK   DEFAULT   11 _ZNSt8_Rb_treeIN7testing11ExpectationES1_St9_IdentityIS1_ENS1_4LessESaIS1_EE14_M_create_nodeIJRKS1_EEEPSt13_Rb_tree_nodeIS1_EDpOT_
   151: 00000000000101ca   166 FUNC    WEAK   DEFAULT   11 _ZN7testing8internal9MutexBase4LockEv
   152: 0000000000017640    56 OBJECT  GLOBAL DEFAULT   24 _ZN7testing8internal13g_gmock_mutexE
   153: 00000000000130ed    47 OBJECT  GLOBAL DEFAULT   13 _ZTSN7testing8internal25UntypedFunctionMockerBaseE
   154: 0000000000010776    10 FUNC    WEAK   DEFAULT   11 _ZN7testing8internal25GoogleTestFailureReporterD0Ev
   155: 000000000001111a   217 FUNC    WEAK   DEFAULT   11 _ZNSt10_HashtableImSt4pairIKmN7testing8internal12CallReactionEESaIS5_ENSt8__detail10_Select1stESt8equal_toImESt4hashImENS7_18_Mod_range_hashingENS7_20_Default_ranged_hashENS7_20_Prime_rehash_policyENS7_17_Hashtable_traitsILb0ELb0ELb1EEEE9_M_rehashEmSt17integral_constantIbLb1EE
   156: 000000000000ce2a   454 FUNC    GLOBAL DEFAULT   11 _ZN7testing8internal15LogWithLocationENS0_11LogSeverityEPKciRKNSt7__cxx1112basic_stringIcSt11char_traitsIcESaIcEEE
   157: 0000000000016ad0    16 OBJECT  GLOBAL DEFAULT   19 _ZTIN7testing8internal15ExpectationBaseE
   158: 0000000000011766     1 FUNC    WEAK   DEFAULT   11 _ZN7testing8internal26ThreadLocalValueHolderBaseD2Ev
   159: 000000000000fb94    61 FUNC    WEAK   DEFAULT   11 _ZN7testing19MatchResultListenerlsIA3_cEERS0_RKT_
   160: 000000000000ef04    78 FUNC    GLOBAL DEFAULT   11 _ZNK7testing8Sequence14AddExpectationERKNS_11ExpectationE
   161: 000000000000f014     5 FUNC    GLOBAL DEFAULT   11 _ZN7testing14InitGoogleMockEPiPPw
   162: 000000000001149e   156 FUNC    WEAK   DEFAULT   11 _ZNSt6vectorIPN7testing8internal15ExpectationBaseESaIS3_EE17_M_realloc_appendIJRKS3_EEEvDpOT_
   163: 0000000000011646    70 FUNC    WEAK   DEFAULT   11 _ZNKSt6vectorIPKN7testing8internal15ExpectationBaseESaIS4_EE12_M_check_lenEmPKc
   164: 000000000000fb56    61 FUNC    WEAK   DEFAULT   11 _ZN7testing19MatchResultListenerlsIA10_cEERS0_RKT_
   165: 000000000000beca   111 FUNC    GLOBAL DEFAULT   11 _ZN7testing8internal24FindMaxBipartiteMatchingERKNS0_11MatchMatrixE
   166: 0000000000010270    77 FUNC    WEAK   DEFAULT   11 _ZN7testing8SequenceC2Ev
   167: 000000000001143c    56 FUNC    WEAK   DEFAULT   11 _ZNSt12_Vector_baseIcSaIcEE17_M_create_storageEm
   168: 00000000000119c6    63 FUNC    WEAK   DEFAULT   11 _ZNSt8_Rb_treeIPN7testing8internal25UntypedFunctionMockerBaseES3_St9_IdentityIS3_ESt4lessIS3_ESaIS3_EE16_M_insert_uniqueIRKS3_EESt4pairISt17_Rb_tree_iteratorIS3_EbEOT_
   169: 0000000000010fa0    69 FUNC    WEAK   DEFAULT   11 _ZNSt8_Rb_treeIPN7testing8internal25UntypedFunctionMockerBaseES3_St9_IdentityIS3_ESt4lessIS3_ESaIS3_EE8_M_eraseEPSt13_Rb_tree_nodeIS3_E
   170: 0000000000010774     1 FUNC    WEAK   DEFAULT   11 _ZN7testing8internal24FailureReporterInterfaceD2Ev
   171: 000000000000db51   385 FUNC    GLOBAL DEFAULT   11 _ZN7testing8internal23ReportUninterestingCallENS0_12CallReactionERKNSt7__cxx1112basic_stringIcSt11char_traitsIcESaIcEEE
   172: 000000000000b29d     7 FUNC    GLOBAL DEFAULT   11 _ZN7testing7ExactlyEi
   173: 000000000001153a    70 FUNC    WEAK   DEFAULT   11 _ZNKSt6vectorIPN7testing8internal15ExpectationBaseESaIS3_EE12_M_check_lenEmPKc
   174: 00000000000111f4    71 FUNC    WEAK   DEFAULT   11 _ZNSt10_HashtableImSt4pairIKmN7testing8internal12CallReactionEESaIS5_ENSt8__detail10_Select1stESt8equal_toImESt4hashImENS7_18_Mod_range_hashingENS7_20_Default_ranged_hashENS7_20_Prime_rehash_policyENS7_17_Hashtable_traitsILb0ELb0ELb1EEEE22_M_insert_bucket_beginEmPNS7_10_Hash_nodeIS5_Lb0EEE
   175: 0000000000016c00    24 OBJECT  WEAK   DEFAULT   19 _ZTIN7testing8internal25GoogleTestFailureReporterE
   176: 000000000000d9fe   339 FUNC    GLOBAL DEFAULT   11 _ZN7testing8internal15ExpectationBase12UntypedTimesERKNS_11CardinalityE
   177: 0000000000011768    10 FUNC    WEAK   DEFAULT   11 _ZN7testing8internal11ThreadLocalIPNS_8SequenceEE11ValueHolderD0Ev
   178: 000000000000f019    43 FUNC    GLOBAL DEFAULT   11 _ZN7testing14InitGoogleMockEv
   179: 0000000000010024   187 FUNC    WEAK   DEFAULT   11 _ZN7testing8internal11ThreadLocalIPNS_8SequenceEED2Ev
   180: 00000000000108e0   140 FUNC    WEAK   DEFAULT   11 _ZN7testing8internal22MaxBipartiteMatchState10TryAugmentEmPSt6vectorIcSaIcEE
   181: 0000000000011580    42 FUNC    WEAK   DEFAULT   11 _ZNSt15__new_allocatorIPKN7testing8internal15ExpectationBaseEE8allocateEmPKv
   182: 000000000000df44   262 FUNC    GLOBAL DEFAULT   11 _ZNK7testing8internal25UntypedFunctionMockerBase4NameEv
   183: 0000000000010138   145 FUNC    WEAK   DEFAULT   11 _ZN7testing8internal9MutexBase6UnlockEv
   184: 000000000000abb0     2 FUNC    GLOBAL DEFAULT   11 _ZN7testing8internal15ExpectationBaseD0Ev
   185: 00000000000113ba   130 FUNC    WEAK   DEFAULT   11 _ZNSt7__cxx1112basic_stringIcSt11char_traitsIcESaIcEE12_M_constructIPcEEvT_S7_St20forward_iterator_tag
   186: 000000000001335f    62 OBJECT  WEAK   DEFAULT   13 _ZTSN7testing8internal11ThreadLocalIPNS_8SequenceEE11ValueHolderE
   187: 000000000000e71e     7 FUNC    GLOBAL DEFAULT   11 _ZN7testing4Mock22FailUninterestingCallsEm
   188: 000000000000b291    12 FUNC    GLOBAL DEFAULT   11 _ZN7testing9AnyNumberEv
   189: 000000000000fafa    92 FUNC    WEAK   DEFAULT   11 _ZN7testing19MatchResultListenerlsIPKcEERS0_RKT_
   190: 000000000000d566   344 FUNC    GLOBAL DEFAULT   11 _ZNK7testing8internal15ExpectationBase19DescribeCallCountToEPSo
   191: 0000000000016ae0    16 OBJECT  GLOBAL DEFAULT   19 _ZTIN7testing8internal25UntypedFunctionMockerBaseE
   192: 0000000000011474    42 FUNC    WEAK   DEFAULT   11 _ZNSt15__new_allocatorIPN7testing8internal15ExpectationBaseEE8allocateEmPKv
   193: 000000000000f96e    61 FUNC    WEAK   DEFAULT   11 _ZN7testing19MatchResultListenerlsIA11_cEERS0_RKT_
   194: 000000000000af70   792 FUNC    GLOBAL DEFAULT   11 _ZN7testing7BetweenEii
   195: 000000000000b7f6   114 FUNC    GLOBAL DEFAULT   11 _ZN7testing8internal18GetFailureReporterEv
   196: 0000000000010e74   104 FUNC    WEAK   DEFAULT   11 _ZNSt8_Rb_treeIN7testing11ExpectationES1_St9_IdentityIS1_ENS1_4LessESaIS1_EE24_M_get_insert_unique_posERKS1_
   197: 000000000000d138   141 FUNC    GLOBAL DEFAULT   11 _ZN7testing8internal15ExpectationBaseD2Ev
   198: 0000000000011736    10 FUNC    WEAK   DEFAULT   11 _ZN7testing8internal11ThreadLocalIPNS_8SequenceEE25DefaultValueHolderFactoryD0Ev
   199: 0000000000016c60    24 OBJECT  WEAK   DEFAULT   19 _ZTISt15_Sp_counted_ptrIPN7testing11ExpectationELN9__gnu_cxx12_Lock_policyE2EE
   200: 000000000000d1c6    24 FUNC    GLOBAL DEFAULT   11 _ZN7testing8internal15ExpectationBase18SpecifyCardinalityERKNS_11CardinalityE
   201: 000000000000ed20    16 FUNC    GLOBAL DEFAULT   11 _ZN7testing4Mock6IsNiceEPv
   202: 000000000000c412   906 FUNC    GLOBAL DEFAULT   11 _ZNK7testing8internal35UnorderedElementsAreMatcherImplBase22DescribeNegationToImplEPSo
   203: 000000000000f5d6    64 FUNC    WEAK   DEFAULT   11 _ZNSt7__cxx1112basic_stringIcSt11char_traitsIcESaIcEEC2IS3_EEPKcRKS3_
   204: 0000000000016bd8    40 OBJECT  WEAK   DEFAULT   19 _ZTVN7testing8internal25GoogleTestFailureReporterE
   205: 0000000000010c6e    78 FUNC    WEAK   DEFAULT   11 _ZNSt8_Rb_treeIN7testing11ExpectationES1_St9_IdentityIS1_ENS1_4LessESaIS1_EE8_M_eraseEPSt13_Rb_tree_nodeIS1_E
   206: 000000000000de3e   262 FUNC    GLOBAL DEFAULT   11 _ZNK7testing8internal25UntypedFunctionMockerBase10MockObjectEv
   207: 000000000000b6d9   285 FUNC    GLOBAL DEFAULT   11 _ZN7testing8internal28ConvertIdentifierNameToWordsB5cxx11EPKc
   208: 0000000000010b66   239 FUNC    WEAK   DEFAULT   11 _ZN7testing7MessageC2ERKS0_
   209: 000000000000fd46   159 FUNC    WEAK   DEFAULT   11 _ZN7testing8internal5MutexC2Ev
   210: 000000000000dd04    66 FUNC    GLOBAL DEFAULT   11 _ZN7testing8internal25UntypedFunctionMockerBaseD1Ev
   211: 000000000000fc10    61 FUNC    WEAK   DEFAULT   11 _ZN7testing19MatchResultListenerlsIA5_cEERS0_RKT_
   212: 00000000000131c3    52 OBJECT  WEAK   DEFAULT   13 _ZTSSt16_Sp_counted_baseILN9__gnu_cxx12_Lock_policyE2EE
   213: 00000000000108b6    42 FUNC    WEAK   DEFAULT   11 _ZNSt15__new_allocatorImE8allocateEmPKv
   214: 0000000000016ca0    24 OBJECT  WEAK   DEFAULT   19 _ZTIN7testing8internal11ThreadLocalIPNS_8SequenceEE25DefaultValueHolderFactoryE
   215: 000000000000b8b3   415 FUNC    GLOBAL DEFAULT   11 _ZN7testing8internal3LogENS0_11LogSeverityERKNSt7__cxx1112basic_stringIcSt11char_traitsIcESaIcEEEi
   216: 0000000000016c18    16 OBJECT  WEAK   DEFAULT   19 _ZTIN7testing8internal24FailureReporterInterfaceE
   217: 000000000000bf3a    72 FUNC    GLOBAL DEFAULT   11 _ZN7testing8internal11MatchMatrix9NextGraphEv
   218: 000000000000ba52     1 FUNC    GLOBAL DEFAULT   11 _ZN7testing8internal18GetWithoutMatchersEv
   219: 0000000000016c78    40 OBJECT  WEAK   DEFAULT   19 _ZTVN7testing8internal11ThreadLocalIPNS_8SequenceEE25DefaultValueHolderFactoryE
   220: 0000000000011c1e   207 FUNC    WEAK   DEFAULT   11 _ZNK7testing8internal11ThreadLocalIPNS_8SequenceEE16GetOrCreateValueEv
   221: 000000000001123c    42 FUNC    WEAK   DEFAULT   11 _ZNSt15__new_allocatorIPNSt8__detail15_Hash_node_baseEE8allocateEmPKv
   222: 000000000000e716     7 FUNC    GLOBAL DEFAULT   11 _ZN7testing4Mock22WarnUninterestingCallsEm
   223: 0000000000010b3c    42 FUNC    WEAK   DEFAULT   11 _ZNSt15__new_allocatorISt4pairImmEE8allocateEmPKv
   224: 0000000000010f88    23 FUNC    WEAK   DEFAULT   11 _ZNSt8_Rb_treeIPN7testing8internal25UntypedFunctionMockerBaseES3_St9_IdentityIS3_ESt4lessIS3_ESaIS3_EED2Ev
   225: 000000000000c79c   864 FUNC    GLOBAL DEFAULT   11 _ZNK7testing8internal35UnorderedElementsAreMatcherImplBase17VerifyMatchMatrixERKSt6vectorINSt7__cxx1112basic_stringIcSt11char_traitsIcESaIcEEESaIS8_EERKNS0_11MatchMatrixEPNS_19MatchResultListenerE
   226: 0000000000010cbc   121 FUNC    WEAK   DEFAULT   11 _ZNSt14__shared_countILN9__gnu_cxx12_Lock_policyE2EED2Ev
   227: 000000000000dcd2    49 FUNC    GLOBAL DEFAULT   11 _ZN7testing8internal25UntypedFunctionMockerBaseC2Ev
   228: 000000000001082e   135 FUNC    WEAK   DEFAULT   11 _ZNSt6vectorImSaImEEC2EmRKmRKS0_
   229: 000000000000ddfa    68 FUNC    GLOBAL DEFAULT   11 _ZN7testing8internal25UntypedFunctionMockerBase15SetOwnerAndNameEPKvPKc
   230: 000000000000fa5c    61 FUNC    WEAK   DEFAULT   11 _ZN7testing19MatchResultListenerlsIA2_cEERS0_RKT_
   231: 000000000001132a    10 FUNC    WEAK   DEFAULT   11 _ZNSt15_Sp_counted_ptrIPN7testing11ExpectationELN9__gnu_cxx12_Lock_policyE2EE10_M_destroyEv
   232: 00000000000112ec     1 FUNC    WEAK   DEFAULT   11 _ZNSt16_Sp_counted_baseILN9__gnu_cxx12_Lock_policyE2EED2Ev
   233: 0000000000011ade   130 FUNC    WEAK   DEFAULT   11 _ZNSt8_Rb_treeIPN7testing8internal25UntypedFunctionMockerBaseES3_St9_IdentityIS3_ESt4lessIS3_ESaIS3_EE11equal_rangeERKS3_
   234: 000000000000eefa     9 FUNC    GLOBAL DEFAULT   11 _ZN7testing11ExpectationD1Ev
   235: 0000000000016b98    24 OBJECT  WEAK   DEFAULT   19 _ZTISt15_Sp_counted_ptrIPKN7testing20CardinalityInterfaceELN9__gnu_cxx12_Lock_policyE2EE
   236: 000000000000efb8    87 FUNC    GLOBAL DEFAULT   11 _ZN7testing10InSequenceD1Ev
   237: 000000000000bb11   246 FUNC    GLOBAL DEFAULT   11 _ZN7testing8internal14Base64UnescapeERKNSt7__cxx1112basic_stringIcSt11char_traitsIcESaIcEEEPS6_
   238: 000000000001096c   219 FUNC    WEAK   DEFAULT   11 _ZNSt6vectorIcSaIcEE14_M_fill_assignEmRKc
   239: 000000000000fd08    61 FUNC    WEAK   DEFAULT   11 _ZN7testing19MatchResultListenerlsIA25_cEERS0_RKT_
   240: 00000000000131f7    47 OBJECT  WEAK   DEFAULT   13 _ZTSSt11_Mutex_baseILN9__gnu_cxx12_Lock_policyE2EE
   241: 000000000000fcca    61 FUNC    WEAK   DEFAULT   11 _ZN7testing19MatchResultListenerlsIA13_cEERS0_RKT_
   242: 0000000000016a60    48 OBJECT  GLOBAL DEFAULT   19 _ZTVN7testing8internal15ExpectationBaseE
   243: 0000000000016cb8    16 OBJECT  WEAK   DEFAULT   19 _ZTIN7testing8internal11ThreadLocalIPNS_8SequenceEE18ValueHolderFactoryE
   244: 000000000000b288     9 FUNC    GLOBAL DEFAULT   11 _ZN7testing6AtMostEi
   245: 0000000000011e1c   105 FUNC    WEAK   DEFAULT   11 _ZN7testing8internal18StreamableToStringIPwEENSt7__cxx1112basic_stringIcSt11char_traitsIcESaIcEEERKT_
   246: 000000000000eed6    36 FUNC    GLOBAL DEFAULT   11 _ZN7testing11ExpectationC2ERKSt10shared_ptrINS_8internal15ExpectationBaseEE
   247: 000000000000f616   110 FUNC    WEAK   DEFAULT   11 _ZN7testing8internal22MaxBipartiteMatchStateC2ERKNS0_11MatchMatrixE
   248: 0000000000013283    75 OBJECT  WEAK   DEFAULT   13 _ZTSSt15_Sp_counted_ptrIPN7testing11ExpectationELN9__gnu_cxx12_Lock_policyE2EE
   249: 000000000000dd46    72 FUNC    GLOBAL DEFAULT   11 _ZN7testing8internal25UntypedFunctionMockerBase13RegisterOwnerEPKv
   250: 0000000000011a06   104 FUNC    WEAK   DEFAULT   11 _ZNSt8_Rb_treeIPN7testing8internal25UntypedFunctionMockerBaseES3_St9_IdentityIS3_ESt4lessIS3_ESaIS3_EE24_M_get_insert_unique_posERKS3_
   251: 000000000000bfe0   324 FUNC    GLOBAL DEFAULT   11 _ZNK7testing8internal11MatchMatrix11DebugStringB5cxx11Ev
   252: 00000000000130c8    37 OBJECT  GLOBAL DEFAULT   13 _ZTSN7testing8internal15ExpectationBaseE
   253: 000000000000ed42   226 FUNC    GLOBAL DEFAULT   11 _ZN7testing4Mock31RegisterUseByOnCallOrExpectCallEPKvPKci
   254: 000000000000ee24   169 FUNC    GLOBAL DEFAULT   11 _ZN7testing4Mock16UnregisterLockedEPNS_8internal25UntypedFunctionMockerBaseE
   255: 000000000000bf82    93 FUNC    GLOBAL DEFAULT   11 _ZN7testing8internal11MatchMatrix9RandomizeEv
   256: 00000000000102cb   514 FUNC    WEAK   DEFAULT   11 _ZN7testing8internal18InitGoogleMockImplIcEEvPiPPT_
   257: 000000000001331a    69 OBJECT  WEAK   DEFAULT   13 _ZTSN7testing8internal11ThreadLocalIPNS_8SequenceEE18ValueHolderFactoryE
   258: 000000000000cafc   548 FUNC    GLOBAL DEFAULT   11 _ZNK7testing8internal35UnorderedElementsAreMatcherImplBase11FindPairingERKNS0_11MatchMatrixEPNS_19MatchResultListenerE
   259: 0000000000010780   164 FUNC    WEAK   DEFAULT   11 _ZN7testing8internal25GoogleTestFailureReporter13ReportFailureENS0_24FailureReporterInterface11FailureTypeEPKciRKNSt7__cxx1112basic_stringIcSt11char_traitsIcESaIcEEE
   260: 000000000000b2a4   629 FUNC    GLOBAL DEFAULT   11 _ZN7testing8internal19JoinAsKeyValueTupleERKSt6vectorIPKcSaIS3_EERKS1_INSt7__cxx1112basic_stringIcSt11char_traitsIcESaIcEEESaISD_EE
   261: 0000000000010e34    63 FUNC    WEAK   DEFAULT   11 _ZNSt8_Rb_treeIN7testing11ExpectationES1_St9_IdentityIS1_ENS1_4LessESaIS1_EE16_M_insert_uniqueIRKS1_EESt4pairISt17_Rb_tree_iteratorIS1_EbEOT_
   262: 00000000000132ce    76 OBJECT  WEAK   DEFAULT   13 _ZTSN7testing8internal11ThreadLocalIPNS_8SequenceEE25DefaultValueHolderFactoryE
   263: 000000000000f9ac   175 FUNC    WEAK   DEFAULT   11 _ZN7testing19MatchResultListenerlsINS_7MessageEEERS0_RKT_
   264: 000000000000ec78   150 FUNC    GLOBAL DEFAULT   11 _ZN7testing4Mock25ClearDefaultActionsLockedEPv
   265: 0000000000010766    10 FUNC    WEAK   DEFAULT   11 _ZNSt15_Sp_counted_ptrIPKN7testing20CardinalityInterfaceELN9__gnu_cxx12_Lock_policyE2EE10_M_destroyEv
   266: 0000000000011820   117 FUNC    WEAK   DEFAULT   11 _ZNSt10_HashtableImSt4pairIKmN7testing8internal12CallReactionEESaIS5_ENSt8__detail10_Select1stESt8equal_toImESt4hashImENS7_18_Mod_range_hashingENS7_20_Default_ranged_hashENS7_20_Prime_rehash_policyENS7_17_Hashtable_traitsILb0ELb0ELb1EEEE8_M_eraseEmPNS7_15_Hash_node_baseEPNS7_10_Hash_nodeIS5_Lb0EEE
   267: 000000000000eece     7 FUNC    GLOBAL DEFAULT   11 _ZN7testing11ExpectationC2Ev
   268: 000000000000bc07   707 FUNC    GLOBAL DEFAULT   11 _ZN7testing8internal24FormatMatcherDescriptionEbPKcRKSt6vectorIS2_SaIS2_EERKS3_INSt7__cxx1112basic_stringIcSt11char_traitsIcESaIcEEESaISD_EE
   269: 0000000000011727    12 FUNC    WEAK   DEFAULT   11 DeleteThreadLocalValue
   270: 000000000000ba53   190 FUNC    GLOBAL DEFAULT   11 _ZN7testing8internal16IllegalDoDefaultEPKci
   271: 0000000000010a48   173 FUNC    WEAK   DEFAULT   11 _ZNSt6vectorISt4pairImmESaIS1_EE17_M_realloc_appendIJS1_EEEvDpOT_
   272: 000000000000ef52   101 FUNC    GLOBAL DEFAULT   11 _ZN7testing10InSequenceC2Ev
   273: 000000000001168c   155 FUNC    WEAK   DEFAULT   11 _ZN7testing8internal11ThreadLocalIPNS_8SequenceEE9CreateKeyEv
   274: 0000000000010d88   171 FUNC    WEAK   DEFAULT   11 _ZNSt14__shared_countILN9__gnu_cxx12_Lock_policyE2EEaSERKS2_
   275: 0000000000016c28    56 OBJECT  WEAK   DEFAULT   19 _ZTVSt15_Sp_counted_ptrIPN7testing11ExpectationELN9__gnu_cxx12_Lock_policyE2EE
   276: 000000000000fc4e    61 FUNC    WEAK   DEFAULT   11 _ZN7testing19MatchResultListenerlsIA30_cEERS0_RKT_
   277: 0000000000011740    38 FUNC    WEAK   DEFAULT   11 _ZNK7testing8internal11ThreadLocalIPNS_8SequenceEE25DefaultValueHolderFactory13MakeNewHolderEv
   278: 000000000000eed6    36 FUNC    GLOBAL DEFAULT   11 _ZN7testing11ExpectationC1ERKSt10shared_ptrINS_8internal15ExpectationBaseEE
   279: 0000000000010fe6   182 FUNC    WEAK   DEFAULT   11 _ZNSt8__detail9_Map_baseImSt4pairIKmN7testing8internal12CallReactionEESaIS6_ENS_10_Select1stESt8equal_toImESt4hashImENS_18_Mod_range_hashingENS_20_Default_ranged_hashENS_20_Prime_rehash_policyENS_17_Hashtable_traitsILb0ELb0ELb1EEELb1EEixERS2_
   280: 0000000000010824     9 FUNC    WEAK   DEFAULT   11 _ZN7testing8internal5posix5AbortEv
   281: 0000000000010770     3 FUNC    WEAK   DEFAULT   11 _ZNSt15_Sp_counted_ptrIPKN7testing20CardinalityInterfaceELN9__gnu_cxx12_Lock_policyE2EE14_M_get_deleterERKSt9type_info
   282: 000000000000dd8e   108 FUNC    GLOBAL DEFAULT   11 _ZN7testing4Mock8RegisterEPKvPNS_8internal25UntypedFunctionMockerBaseE
   283: 000000000001316e    85 OBJECT  WEAK   DEFAULT   13 _ZTSSt15_Sp_counted_ptrIPKN7testing20CardinalityInterfaceELN9__gnu_cxx12_Lock_policyE2EE
   284: 000000000000f8bc   177 FUNC    WEAK   DEFAULT   11 _ZN7testing8internal35UnorderedElementsAreMatcherImplBase8ElementsEm
   285: 000000000000ad38   238 FUNC    GLOBAL DEFAULT   11 _ZN7testing11Cardinality25DescribeActualCallCountToEiPSo
   286: 0000000000016d00    16 OBJECT  WEAK   DEFAULT   19 _ZTIN7testing8internal26ThreadLocalValueHolderBaseE
   287: 00000000000175c4     1 OBJECT  GLOBAL DEFAULT   23 _ZN7testing30FLAGS_gmock_catch_leaked_mocksE
   288: 00000000000100e0    87 FUNC    WEAK   DEFAULT   11 _ZNSt6vectorISt10shared_ptrIN7testing8internal15ExpectationBaseEESaIS4_EED2Ev
   289: 0000000000016bc8    16 OBJECT  WEAK   DEFAULT   19 _ZTISt11_Mutex_baseILN9__gnu_cxx12_Lock_policyE2EE
   290: 00000000000115aa   156 FUNC    WEAK   DEFAULT   11 _ZNSt6vectorIPKN7testing8internal15ExpectationBaseESaIS4_EE17_M_realloc_appendIJRKS4_EEEvDpOT_
   291: 00000000000112ee    10 FUNC    WEAK   DEFAULT   11 _ZNSt15_Sp_counted_ptrIPN7testing11ExpectationELN9__gnu_cxx12_Lock_policyE2EED0Ev
   292: 00000000000130c0     8 OBJECT  GLOBAL DEFAULT   13 _ZN7testing8internal22MaxBipartiteMatchState7kUnusedE
   293: 000000000001314d    33 OBJECT  WEAK   DEFAULT   13 _ZTSN7testing20CardinalityInterfaceE
   294: 000000000000eb7c   158 FUNC    GLOBAL DEFAULT   11 _ZN7testing4Mock32VerifyAndClearExpectationsLockedEPv
   295: 00000000000112f8    49 FUNC    WEAK   DEFAULT   11 _ZNSt15_Sp_counted_ptrIPN7testing11ExpectationELN9__gnu_cxx12_Lock_policyE2EE10_M_disposeEv
   296: 0000000000016ce8    24 OBJECT  WEAK   DEFAULT   19 _ZTIN7testing8internal11ThreadLocalIPNS_8SequenceEE11ValueHolderE
   297: 000000000000e726    95 FUNC    GLOBAL DEFAULT   11 _ZN7testing4Mock22UnregisterCallReactionEm
   298: 000000000000cff0   328 FUNC    GLOBAL DEFAULT   11 _ZN7testing8internal15ExpectationBaseC2EPKciRKNSt7__cxx1112basic_stringIcSt11char_traitsIcESaIcEEE
   299: 000000000000b868    75 FUNC    GLOBAL DEFAULT   11 _ZN7testing8internal12LogIsVisibleENS0_11LogSeverityE
   300: 0000000000010d36     5 FUNC    WEAK   DEFAULT   11 _ZNSt16_Sp_counted_baseILN9__gnu_cxx12_Lock_policyE2EE24_M_release_last_use_coldEv
   301: 0000000000011266   133 FUNC    WEAK   DEFAULT   11 _ZNSt14__shared_countILN9__gnu_cxx12_Lock_policyE2EEC2IPN7testing11ExpectationEEET_
   302: 0000000000011910   182 FUNC    WEAK   DEFAULT   11 _ZNSt8__detail9_Map_baseImSt4pairIKmN7testing8internal12CallReactionEESaIS6_ENS_10_Select1stESt8equal_toImESt4hashImENS_18_Mod_range_hashingENS_20_Default_ranged_hashENS_20_Prime_rehash_policyENS_17_Hashtable_traitsILb0ELb0ELb1EEELb1EEixEOm
   303: 0000000000011ced   149 FUNC    WEAK   DEFAULT   11 _ZN7testing8internal27CheckedDowncastToActualTypeINS0_11ThreadLocalIPNS_8SequenceEE11ValueHolderENS0_26ThreadLocalValueHolderBaseEEEPT_PT0_
   304: 0000000000010d3c    75 FUNC    WEAK   DEFAULT   11 _ZNSt16_Sp_counted_baseILN9__gnu_cxx12_Lock_policyE2EE19_M_release_last_useEv
   305: 000000000000e80e   151 FUNC    GLOBAL DEFAULT   11 _ZN7testing4Mock31GetReactionOnUninterestingCallsEPKv
   306: 000000000001074c    10 FUNC    WEAK   DEFAULT   11 _ZNSt15_Sp_counted_ptrIPKN7testing20CardinalityInterfaceELN9__gnu_cxx12_Lock_policyE2EED0Ev
   307: 000000000000fde6   129 FUNC    WEAK   DEFAULT   11 _ZN7testing8internal5MutexD2Ev
   308: 000000000000d138   141 FUNC    GLOBAL DEFAULT   11 _ZN7testing8internal15ExpectationBaseD1Ev
   309: 000000000000fa9a    96 FUNC    WEAK   DEFAULT   11 _ZNSt6vectorIcSaIcEEC2EmRKcRKS0_
   310: 00000000000106d0     1 FUNC    WEAK   DEFAULT   11 _ZN7testing20CardinalityInterfaceD2Ev
   311: 000000000000e148   779 FUNC    GLOBAL DEFAULT   11 _ZN7testing8internal25UntypedFunctionMockerBase32VerifyAndClearExpectationsLockedEv
   312: 0000000000011772   173 FUNC    WEAK   DEFAULT   11 _ZNSt10_HashtableImSt4pairIKmN7testing8internal12CallReactionEESaIS5_ENSt8__detail10_Select1stESt8equal_toImESt4hashImENS7_18_Mod_range_hashingENS7_20_Default_ranged_hashENS7_20_Prime_rehash_policyENS7_17_Hashtable_traitsILb0ELb0ELb1EEEE8_M_eraseESt17integral_constantIbLb1EERS1_
   313: 000000000000d430   310 FUNC    GLOBAL DEFAULT   11 _ZNK7testing8internal15ExpectationBase28FindUnsatisfiedPrerequisitesEPNS_14ExpectationSetE
   314: 000000000000abb2     2 FUNC    GLOBAL DEFAULT   11 _ZN7testing8internal25UntypedFunctionMockerBaseD0Ev
   315: 0000000000010756    16 FUNC    WEAK   DEFAULT   11 _ZNSt15_Sp_counted_ptrIPKN7testing20CardinalityInterfaceELN9__gnu_cxx12_Lock_policyE2EE10_M_disposeEv
   316: 000000000000e8a6    89 FUNC    GLOBAL DEFAULT   11 _ZN7testing4Mock9AllowLeakEPKv
