
Symbol table '.dynsym' contains 187 entries:
   Num:    Value          Size Type    Bind   Vis      Ndx Name
     0: 0000000000000000     0 NOTYPE  LOCAL  DEFAULT  UND 
     1: 0000000000000000     0 FUNC    GLOBAL DEFAULT  UND _ZNSo3putEc@GLIBCXX_3.4 (2)
     2: 0000000000000000     0 FUNC    GLOBAL DEFAULT  UND __errno_location@GLIBC_2.2.5 (3)
     3: 0000000000000000     0 FUNC    GLOBAL DEFAULT  UND _ZN4absl12lts_2025081412log_internal12EncodeVarintEmmPNS0_4SpanIcEE
     4: 0000000000000000     0 FUNC    GLOBAL DEFAULT  UND _ZNSt7__cxx1112basic_stringIcSt11char_traitsIcESaIcEE6appendEPKcm@GLIBCXX_3.4.21 (4)
     5: 0000000000000000     0 FUNC    GLOBAL DEFAULT  UND _ZN4absl12lts_2025081412log_internal13IsInitializedEv
     6: 0000000000000000     0 FUNC    GLOBAL DEFAULT  UND _ZN4absl12lts_2025081412log_internal28ShouldSymbolizeLogStackTraceEv
     7: 0000000000000000     0 FUNC    GLOBAL DEFAULT  UND _ZNSt15basic_streambufIcSt11char_traitsIcEE9pbackfailEi@GLIBCXX_3.4 (2)
     8: 0000000000000000     0 FUNC    GLOBAL DEFAULT  UND _ZSt9terminatev@GLIBCXX_3.4 (2)
     9: 0000000000000000     0 FUNC    GLOBAL DEFAULT  UND _ZNSt15basic_streambufIcSt11char_traitsIcEE5imbueERKSt6locale@GLIBCXX_3.4 (2)
    10: 0000000000000000     0 FUNC    GLOBAL DEFAULT  UND _ZNSt15basic_streambufIcSt11char_traitsIcEE5uflowEv@GLIBCXX_3.4 (2)
    11: 0000000000000000     0 FUNC    GLOBAL DEFAULT  UND _ZN4absl12lts_2025081413base_internal12GetCachedTIDEv
    12: 0000000000000000     0 OBJECT  GLOBAL DEFAULT  UND _ZN4absl12lts_2025081416raw_log_internal21internal_log_functionB5cxx11E
    13: 0000000000000000     0 FUNC    GLOBAL DEFAULT  UND _ZNSt8ios_baseD2Ev@GLIBCXX_3.4 (2)
    14: 0000000000000000     0 FUNC    GLOBAL DEFAULT  UND _ZN4absl12lts_2025081412log_internal19EncodeBytesTruncateEmNS0_4SpanIKcEEPNS2_IcEE
    15: 0000000000000000     0 FUNC    GLOBAL DEFAULT  UND _ZSt17__throw_bad_allocv@GLIBCXX_3.4 (2)
    16: 0000000000000000     0 FUNC    GLOBAL DEFAULT  UND _ZNSo9_M_insertIxEERSoT_@GLIBCXX_3.4.9 (5)
    17: 0000000000000000     0 FUNC    GLOBAL DEFAULT  UND _ZNSoC1EPSt15basic_streambufIcSt11char_traitsIcEE@GLIBCXX_3.4 (2)
    18: 0000000000000000     0 FUNC    GLOBAL DEFAULT  UND __cxa_begin_catch@CXXABI_1.3 (6)
    19: 0000000000000000     0 FUNC    GLOBAL DEFAULT  UND _ZN4absl12lts_2025081412log_internal19EncodeMessageLengthENS0_4SpanIcEEPKS3_
    20: 0000000000000000     0 FUNC    WEAK   DEFAULT  UND __cxa_finalize@GLIBC_2.2.5 (3)
    21: 0000000000000000     0 FUNC    GLOBAL DEFAULT  UND strlen@GLIBC_2.2.5 (3)
    22: 0000000000000000     0 FUNC    GLOBAL DEFAULT  UND _ZN4absl12lts_2025081412log_internal24MaxFramesInLogStackTraceEv
    23: 0000000000000000     0 FUNC    GLOBAL DEFAULT  UND memset@GLIBC_2.2.5 (3)
    24: 0000000000000000     0 FUNC    GLOBAL DEFAULT  UND abort@GLIBC_2.2.5 (3)
    25: 0000000000000000     0 NOTYPE  WEAK   DEFAULT  UND __gcov_dump
    26: 0000000000000000     0 FUNC    GLOBAL DEFAULT  UND _ZN4absl12lts_2025081418debugging_internal14DumpStackTraceEiibPFvPKcPvES4_
    27: 0000000000000000     0 OBJECT  GLOBAL DEFAULT  UND _ZTVSt15basic_streambufIcSt11char_traitsIcEE@GLIBCXX_3.4 (2)
    28: 0000000000000000     0 FUNC    GLOBAL DEFAULT  UND __assert_fail@GLIBC_2.2.5 (3)
    29: 0000000000000000     0 FUNC    GLOBAL DEFAULT  UND _ZNSo9_M_insertIyEERSoT_@GLIBCXX_3.4.9 (5)
    30: 0000000000000000     0 FUNC    GLOBAL DEFAULT  UND _ZNSt15basic_streambufIcSt11char_traitsIcEE8overflowEi@GLIBCXX_3.4 (2)
    31: 0000000000000000     0 FUNC    GLOBAL DEFAULT  UND _ZNSo9_M_insertImEERSoT_@GLIBCXX_3.4.9 (5)
    32: 0000000000000000     0 FUNC    GLOBAL DEFAULT  UND _ZN4absl12lts_2025081412log_internal24ThreadIsLoggingToLogSinkEv
    33: 0000000000000000     0 FUNC    GLOBAL DEFAULT  UND _ZN4absl12lts_2025081412log_internal24SetSuppressSigabortTraceEb
    34: 0000000000000000     0 FUNC    GLOBAL DEFAULT  UND _ZNSo9_M_insertIPKvEERSoT_@GLIBCXX_3.4.9 (5)
    35: 0000000000000000     0 FUNC    GLOBAL DEFAULT  UND _ZSt28__throw_bad_array_new_lengthv@GLIBCXX_3.4.29 (7)
    36: 0000000000000000     0 FUNC    GLOBAL DEFAULT  UND _ZNSt15basic_streambufIcSt11char_traitsIcEE6setbufEPcl@GLIBCXX_3.4 (2)
    37: 0000000000000000     0 FUNC    GLOBAL DEFAULT  UND memcpy@GLIBC_2.14 (8)
    38: 0000000000000000     0 FUNC    GLOBAL DEFAULT  UND wcslen@GLIBC_2.2.5 (3)
    39: 0000000000000000     0 FUNC    GLOBAL DEFAULT  UND _ZNSolsEs@GLIBCXX_3.4 (2)
    40: 0000000000000000     0 FUNC    GLOBAL DEFAULT  UND _ZN4absl12lts_2025081416strings_internal10WideToUtf8EwPcRNS1_10ShiftStateE
    41: 0000000000000000     0 FUNC    GLOBAL DEFAULT  UND _ZNSt15basic_streambufIcSt11char_traitsIcEE6xsgetnEPcl@GLIBCXX_3.4 (2)
    42: 0000000000000000     0 FUNC    GLOBAL DEFAULT  UND _ZNSo9_M_insertIlEERSoT_@GLIBCXX_3.4.9 (5)
    43: 0000000000000000     0 FUNC    GLOBAL DEFAULT  UND _ZN4absl12lts_2025081412log_internal26EncodeStructuredProtoFieldENS1_20StructuredProtoFieldERNS0_4SpanIcEE
    44: 0000000000000000     0 FUNC    GLOBAL DEFAULT  UND _Znwm@GLIBCXX_3.4 (2)
    45: 0000000000000000     0 FUNC    GLOBAL DEFAULT  UND _ZdlPvm@CXXABI_1.3.9 (9)
    46: 0000000000000000     0 FUNC    GLOBAL DEFAULT  UND _ZNSt15basic_streambufIcSt11char_traitsIcEE9underflowEv@GLIBCXX_3.4 (2)
    47: 0000000000000000     0 FUNC    GLOBAL DEFAULT  UND _ZN4absl12lts_2025081413base_internal8StrErrorB5cxx11Ei
    48: 0000000000000000     0 FUNC    GLOBAL DEFAULT  UND _ZNSt15basic_streambufIcSt11char_traitsIcEE6xsputnEPKcl@GLIBCXX_3.4 (2)
    49: 0000000000000000     0 FUNC    GLOBAL DEFAULT  UND _ZN4absl12lts_2025081412log_internal13FlushLogSinksEv
    50: 0000000000000000     0 FUNC    GLOBAL DEFAULT  UND __stack_chk_fail@GLIBC_2.4 (10)
    51: 0000000000000000     0 FUNC    GLOBAL DEFAULT  UND _ZSt16__ostream_insertIcSt11char_traitsIcEERSt13basic_ostreamIT_T0_ES6_PKS3_l@GLIBCXX_3.4.9 (5)
    52: 0000000000000000     0 FUNC    GLOBAL DEFAULT  UND _ZN4absl12lts_202508143NowEv
    53: 0000000000000000     0 NOTYPE  WEAK   DEFAULT  UND __gcov_flush
    54: 0000000000000000     0 OBJECT  GLOBAL DEFAULT  UND _ZTVN10__cxxabiv120__si_class_type_infoE@CXXABI_1.3 (6)
    55: 0000000000000000     0 FUNC    GLOBAL DEFAULT  UND _ZN4absl12lts_2025081422ShouldPrependLogPrefixEv
    56: 0000000000000000     0 FUNC    GLOBAL DEFAULT  UND _ZN4absl12lts_2025081412log_internal15FormatLogPrefixENS0_11LogSeverityENS0_4TimeEiSt17basic_string_viewIcSt11char_traitsIcEEiNS1_12PrefixFormatERNS0_4SpanIcEE
    57: 0000000000000000     0 FUNC    GLOBAL DEFAULT  UND _ZNSt6localeD1Ev@GLIBCXX_3.4 (2)
    58: 0000000000000000     0 FUNC    GLOBAL DEFAULT  UND _ZN4absl12lts_2025081411ToUnixNanosENS0_4TimeE
    59: 0000000000000000     0 FUNC    GLOBAL DEFAULT  UND _ZN4absl12lts_2025081411MinLogLevelEv
    60: 0000000000000000     0 FUNC    GLOBAL DEFAULT  UND _ZNSt15basic_streambufIcSt11char_traitsIcEE7seekposESt4fposI11__mbstate_tESt13_Ios_Openmode@GLIBCXX_3.4 (2)
    61: 0000000000000000     0 FUNC    GLOBAL DEFAULT  UND _ZNSt15basic_streambufIcSt11char_traitsIcEE4syncEv@GLIBCXX_3.4 (2)
    62: 0000000000000000     0 FUNC    GLOBAL DEFAULT  UND _ZNSt15basic_streambufIcSt11char_traitsIcEE7seekoffElSt12_Ios_SeekdirSt13_Ios_Openmode@GLIBCXX_3.4 (2)
    63: 0000000000000000     0 FUNC    GLOBAL DEFAULT  UND _ZNSt7__cxx1112basic_stringIcSt11char_traitsIcESaIcEE10_M_replaceEmmPKcm@GLIBCXX_3.4.21 (4)
    64: 0000000000000000     0 FUNC    GLOBAL DEFAULT  UND _ZN4absl12lts_2025081412log_internal10LogToSinksERKNS0_8LogEntryENS0_4SpanIPNS0_7LogSinkEEEb
    65: 0000000000000000     0 FUNC    GLOBAL DEFAULT  UND _ZNSo9_M_insertIdEERSoT_@GLIBCXX_3.4.9 (5)
    66: 0000000000000000     0 FUNC    GLOBAL DEFAULT  UND _exit@GLIBC_2.2.5 (3)
    67: 0000000000000000     0 FUNC    GLOBAL DEFAULT  UND _ZNSo9_M_insertIbEERSoT_@GLIBCXX_3.4.9 (5)
    68: 0000000000000000     0 FUNC    GLOBAL DEFAULT  UND _ZN4absl12lts_2025081412log_internal20ShouldLogBacktraceAtESt17basic_string_viewIcSt11char_traitsIcEEi
    69: 0000000000000000     0 FUNC    GLOBAL DEFAULT  UND __gxx_personality_v0@CXXABI_1.3 (6)
    70: 0000000000000000     0 FUNC    GLOBAL DEFAULT  UND _ZNSt9basic_iosIcSt11char_traitsIcEE5clearESt12_Ios_Iostate@GLIBCXX_3.4 (2)
    71: 0000000000000000     0 FUNC    GLOBAL DEFAULT  UND _ZN4absl12lts_2025081412log_internal12ExitOnDFatalEv
    72: 0000000000000000     0 FUNC    GLOBAL DEFAULT  UND _ZN4absl12lts_2025081412log_internal10ProtoField10DecodeFromEPNS0_4SpanIKcEE
    73: 0000000000000000     0 FUNC    GLOBAL DEFAULT  UND _ZNSolsEi@GLIBCXX_3.4 (2)
    74: 0000000000000000     0 NOTYPE  WEAK   DEFAULT  UND _ITM_deregisterTMCloneTable
    75: 0000000000000000     0 FUNC    GLOBAL DEFAULT  UND _Unwind_Resume@GCC_3.0 (11)
    76: 0000000000000000     0 FUNC    GLOBAL DEFAULT  UND _ZNSt7__cxx1112basic_stringIcSt11char_traitsIcESaIcEE9_M_createERmm@GLIBCXX_3.4.21 (4)
    77: 0000000000000000     0 OBJECT  GLOBAL DEFAULT  UND _ZN4absl12lts_2025081412log_internal9kCharNullE
    78: 0000000000000000     0 OBJECT  GLOBAL DEFAULT  UND _ZTISt15basic_streambufIcSt11char_traitsIcEE@GLIBCXX_3.4 (2)
    79: 0000000000000000     0 FUNC    GLOBAL DEFAULT  UND _ZNSt9basic_iosIcSt11char_traitsIcEE5rdbufEPSt15basic_streambufIcS1_E@GLIBCXX_3.4 (2)
    80: 0000000000000000     0 NOTYPE  WEAK   DEFAULT  UND __gmon_start__
    81: 0000000000000000     0 NOTYPE  WEAK   DEFAULT  UND _ITM_registerTMCloneTable
    82: 0000000000000000     0 FUNC    GLOBAL DEFAULT  UND _ZNSt7__cxx1112basic_stringIcSt11char_traitsIcESaIcEE6appendEPKc@GLIBCXX_3.4.21 (4)
    83: 0000000000000000     0 FUNC    GLOBAL DEFAULT  UND _ZNSt15basic_streambufIcSt11char_traitsIcEE9showmanycEv@GLIBCXX_3.4 (2)
    84: 0000000000000000     0 FUNC    GLOBAL DEFAULT  UND _ZN4absl12lts_2025081412log_internal18EncodeMessageStartEmmPNS0_4SpanIcEE
    85: 0000000000000000     0 FUNC    GLOBAL DEFAULT  UND _ZNSt6localeC1Ev@GLIBCXX_3.4 (2)
    86: 0000000000007e38   104 FUNC    WEAK   DEFAULT   11 _ZN4absl12lts_2025081412log_internal10LogMessagelsIiEERS2_RKT_
    87: 0000000000009330   234 FUNC    WEAK   DEFAULT   11 _ZN4absl12lts_2025081423inlined_vector_internal7StorageIPNS0_7LogSinkELm16ESaIS4_EE15EmplaceBackSlowIJRKS4_EEERS4_DpOT_
    88: 0000000000007b90   156 FUNC    WEAK   DEFAULT   11 _ZN4absl12lts_2025081412log_internal10LogMessagelsIcEERS2_RKT_
    89: 000000000000671e   108 FUNC    GLOBAL DEFAULT   11 _ZN4absl12lts_2025081412log_internal15LogMessageFatalC2EPKciS4_
    90: 0000000000007b7e    17 FUNC    GLOBAL DEFAULT   11 _ZN4absl12lts_2025081412log_internal22LogMessageQuietlyFatalD2Ev
    91: 0000000000009206   102 FUNC    WEAK   DEFAULT   11 _ZNKSt14default_deleteIN4absl12lts_2025081412log_internal10LogMessage14LogMessageDataEEclEPS4_
    92: 0000000000006ffe    12 FUNC    GLOBAL DEFAULT   11 _ZN4absl12lts_2025081412log_internal10LogMessage8NoPrefixEv
    93: 0000000000008de0   145 FUNC    WEAK   DEFAULT   11 _ZN4absl12lts_2025081412log_internal10LogMessagelsIPKcEERS2_RKT_
    94: 0000000000007098   333 FUNC    GLOBAL DEFAULT   11 _ZN4absl12lts_2025081412log_internal10LogMessage10ToSinkAlsoEPNS0_7LogSinkE
    95: 000000000000679c    10 FUNC    GLOBAL DEFAULT   11 _ZN4absl12lts_2025081412log_internal20LogMessageDebugFatalC2EPKci
    96: 000000000000752e   420 FUNC    GLOBAL DEFAULT   11 _ZN4absl12lts_2025081412log_internal10LogMessage5FlushEv
    97: 000000000000703e    74 FUNC    GLOBAL DEFAULT   11 _ZN4absl12lts_2025081412log_internal10LogMessage16WithMetadataFromERKNS0_8LogEntryE
    98: 0000000000006934   401 FUNC    GLOBAL DEFAULT   11 _ZN4absl12lts_2025081412log_internal10LogMessage14LogMessageDataC2EPKciNS0_11LogSeverityENS0_4TimeE
    99: 00000000000073ba    31 FUNC    GLOBAL DEFAULT   11 _ZN4absl12lts_2025081412log_internal10LogMessagelsERKNSt7__cxx1112basic_stringIwSt11char_traitsIwESaIwEEE
   100: 0000000000006696    10 FUNC    GLOBAL DEFAULT   11 _ZN4absl12lts_2025081412log_internal10LogMessageC2EPKciNS2_10WarningTagE
   101: 0000000000007438    35 FUNC    GLOBAL DEFAULT   11 _ZN4absl12lts_2025081412log_internal10LogMessagelsEw
   102: 00000000000076d2   117 FUNC    GLOBAL DEFAULT   11 _ZN4absl12lts_2025081412log_internal10LogMessage9SendToLogEv
   103: 0000000000006714    10 FUNC    GLOBAL DEFAULT   11 _ZN4absl12lts_2025081412log_internal15LogMessageFatalC1EPKci
   104: 0000000000006804    98 FUNC    GLOBAL DEFAULT   11 _ZN4absl12lts_2025081412log_internal22LogMessageQuietlyFatalC2EPKciS4_
   105: 0000000000007dce   105 FUNC    WEAK   DEFAULT   11 _ZN4absl12lts_2025081412log_internal10LogMessagelsItEERS2_RKT_
   106: 00000000000067a6    17 FUNC    GLOBAL DEFAULT   11 _ZN4absl12lts_2025081412log_internal20LogMessageDebugFatalD1Ev
   107: 000000000000692a    10 FUNC    GLOBAL DEFAULT   11 _ZN4absl12lts_2025081412log_internal10LogMessage11OstreamView6streamEv
   108: 0000000000007cc8   156 FUNC    WEAK   DEFAULT   11 _ZN4absl12lts_2025081412log_internal10LogMessagelsIhEERS2_RKT_
   109: 0000000000007b6c    17 FUNC    GLOBAL DEFAULT   11 _ZN4absl12lts_2025081412log_internal27LogMessageQuietlyDebugFatalD1Ev
   110: 0000000000006f8c   114 FUNC    GLOBAL DEFAULT   11 _ZN4absl12lts_2025081412log_internal10LogMessage10AtLocationESt17basic_string_viewIcSt11char_traitsIcEEi
   111: 000000000000824c   105 FUNC    WEAK   DEFAULT   11 _ZN4absl12lts_2025081412log_internal10LogMessagelsIbEERS2_RKT_
   112: 0000000000007a3c    17 FUNC    GLOBAL DEFAULT   11 _ZNK4absl12lts_2025081412log_internal10LogMessage7IsFatalEv
   113: 000000000000678a    17 FUNC    GLOBAL DEFAULT   11 _ZN4absl12lts_2025081412log_internal15LogMessageFatalD2Ev
   114: 000000000000941a    42 FUNC    WEAK   DEFAULT   11 _ZNSt15__new_allocatorIPN4absl12lts_202508147LogSinkEE8allocateEmPKv
   115: 00000000000067de    37 FUNC    GLOBAL DEFAULT   11 _ZN4absl12lts_2025081412log_internal22LogMessageQuietlyFatalC1EPKci
   116: 00000000000066a0    10 FUNC    GLOBAL DEFAULT   11 _ZN4absl12lts_2025081412log_internal10LogMessageC1EPKciNS2_8ErrorTagE
   117: 00000000000092ee    65 FUNC    WEAK   DEFAULT   11 _ZN4absl12lts_2025081423inlined_vector_internal7StorageIPNS0_7LogSinkELm16ESaIS4_EE11EmplaceBackIJRKS4_EEERS4_DpOT_
   118: 00000000000073a2    24 FUNC    GLOBAL DEFAULT   11 _ZN4absl12lts_2025081412log_internal10LogMessagelsESt17basic_string_viewIcSt11char_traitsIcEE
   119: 0000000000006928     1 FUNC    WEAK   DEFAULT   11 AbslInternalOnFatalLogMessage_lts_20250814
   120: 000000000000745c    98 FUNC    GLOBAL DEFAULT   11 _ZN4absl12lts_2025081412log_internal10LogMessagelsEPFRSoS3_E
   121: 0000000000006696    10 FUNC    GLOBAL DEFAULT   11 _ZN4absl12lts_2025081412log_internal10LogMessageC1EPKciNS2_10WarningTagE
   122: 0000000000008792   484 FUNC    WEAK   DEFAULT   11 _ZN4absl12lts_2025081412log_internal10LogMessage19CopyToEncodedBufferILNS2_10StringTypeE1EEEvcm
   123: 000000000000cc40   128 OBJECT  GLOBAL DEFAULT   19 _ZTVN4absl12lts_2025081412log_internal10LogMessage11OstreamViewE
   124: 0000000000007a4e   166 FUNC    GLOBAL DEFAULT   11 _ZN4absl12lts_2025081412log_internal10LogMessage12PrepareToDieEv
   125: 000000000000668e     7 FUNC    GLOBAL DEFAULT   11 _ZN4absl12lts_2025081412log_internal10LogMessageC2EPKciNS2_7InfoTagE
   126: 0000000000008040   104 FUNC    WEAK   DEFAULT   11 _ZN4absl12lts_2025081412log_internal10LogMessagelsIyEERS2_RKT_
   127: 0000000000007d64   105 FUNC    WEAK   DEFAULT   11 _ZN4absl12lts_2025081412log_internal10LogMessagelsIsEERS2_RKT_
   128: 0000000000007374    14 FUNC    GLOBAL DEFAULT   11 _ZN4absl12lts_2025081412log_internal10LogMessage11FailQuietlyEv
   129: 00000000000067b8    37 FUNC    GLOBAL DEFAULT   11 _ZN4absl12lts_2025081412log_internal27LogMessageQuietlyDebugFatalC1EPKci
   130: 00000000000073f2    70 FUNC    GLOBAL DEFAULT   11 _ZN4absl12lts_2025081412log_internal10LogMessagelsIPKwEERS2_RKT_
   131: 0000000000009444   224 FUNC    WEAK   DEFAULT   11 _ZSt10__do_visitINSt8__detail9__variant21__deduce_visit_resultImEEZN4absl12lts_2025081412log_internal33BufferSizeForStructuredProtoFieldENS6_20StructuredProtoFieldEE17BufferSizeVisitorJRSt7variantIJS9_IJmljibEES9_IJmldEENS5_4SpanIKcEES9_IJjifEEEEEEDcOT0_DpOT1_
   132: 00000000000066de    54 FUNC    GLOBAL DEFAULT   11 _ZN4absl12lts_2025081412log_internal10LogMessage21FailWithoutStackTraceEv
   133: 0000000000007b02    37 FUNC    GLOBAL DEFAULT   11 _ZN4absl12lts_2025081412log_internal10LogMessage3DieEv
   134: 000000000000671e   108 FUNC    GLOBAL DEFAULT   11 _ZN4absl12lts_2025081412log_internal15LogMessageFatalC1EPKciS4_
   135: 00000000000067a6    17 FUNC    GLOBAL DEFAULT   11 _ZN4absl12lts_2025081412log_internal20LogMessageDebugFatalD2Ev
   136: 0000000000007b6c    17 FUNC    GLOBAL DEFAULT   11 _ZN4absl12lts_2025081412log_internal27LogMessageQuietlyDebugFatalD2Ev
   137: 0000000000008432   380 FUNC    WEAK   DEFAULT   11 _ZN4absl12lts_2025081412log_internal10LogMessage19CopyToEncodedBufferILNS2_10StringTypeE1EEEvSt17basic_string_viewIcSt11char_traitsIcEE
   138: 000000000000679c    10 FUNC    GLOBAL DEFAULT   11 _ZN4absl12lts_2025081412log_internal20LogMessageDebugFatalC1EPKci
   139: 00000000000065c0   205 FUNC    GLOBAL DEFAULT   11 _ZN4absl12lts_2025081412log_internal10LogMessageC2EPKciNS0_11LogSeverityE
   140: 000000000000700a    24 FUNC    GLOBAL DEFAULT   11 _ZN4absl12lts_2025081412log_internal10LogMessage13WithVerbosityEi
   141: 0000000000007a1a    33 FUNC    GLOBAL DEFAULT   11 _ZN4absl12lts_2025081412log_internal10LogMessage11OstreamViewD0Ev
   142: 00000000000073da    24 FUNC    GLOBAL DEFAULT   11 _ZN4absl12lts_2025081412log_internal10LogMessagelsESt17basic_string_viewIwSt11char_traitsIwEE
   143: 00000000000085ae   484 FUNC    WEAK   DEFAULT   11 _ZN4absl12lts_2025081412log_internal10LogMessage19CopyToEncodedBufferILNS2_10StringTypeE0EEEvcm
   144: 00000000000082b6   380 FUNC    WEAK   DEFAULT   11 _ZN4absl12lts_2025081412log_internal10LogMessage19CopyToEncodedBufferILNS2_10StringTypeE0EEEvSt17basic_string_viewIcSt11char_traitsIcEE
   145: 000000000000668e     7 FUNC    GLOBAL DEFAULT   11 _ZN4absl12lts_2025081412log_internal10LogMessageC1EPKciNS2_7InfoTagE
   146: 0000000000006804    98 FUNC    GLOBAL DEFAULT   11 _ZN4absl12lts_2025081412log_internal22LogMessageQuietlyFatalC1EPKciS4_
   147: 0000000000007748    12 FUNC    GLOBAL DEFAULT   11 _ZN4absl12lts_2025081412log_internal10LogMessage14SetFailQuietlyEv
   148: 0000000000007ea0   104 FUNC    WEAK   DEFAULT   11 _ZN4absl12lts_2025081412log_internal10LogMessagelsIjEERS2_RKT_
   149: 00000000000081e2   106 FUNC    WEAK   DEFAULT   11 _ZN4absl12lts_2025081412log_internal10LogMessagelsIdEERS2_RKT_
   150: 0000000000007088    15 FUNC    GLOBAL DEFAULT   11 _ZN4absl12lts_2025081412log_internal10LogMessage10WithPerrorEv
   151: 000000000000903c   457 FUNC    WEAK   DEFAULT   11 _ZN4absl12lts_2025081412log_internal10LogMessage43CopyToEncodedBufferWithStructuredProtoFieldILNS2_10StringTypeE1EEEvNS1_20StructuredProtoFieldESt17basic_string_viewIcSt11char_traitsIcEE
   152: 00000000000074be   111 FUNC    GLOBAL DEFAULT   11 _ZN4absl12lts_2025081412log_internal10LogMessagelsEPFRSt8ios_baseS4_E
   153: 00000000000065c0   205 FUNC    GLOBAL DEFAULT   11 _ZN4absl12lts_2025081412log_internal10LogMessageC1EPKciNS0_11LogSeverityE
   154: 0000000000007754   297 FUNC    GLOBAL DEFAULT   11 _ZN4absl12lts_2025081412log_internal10LogMessage11OstreamViewC1ERNS2_14LogMessageDataE
   155: 0000000000008ba4   557 FUNC    WEAK   DEFAULT   11 _ZN4absl12lts_2025081412log_internal10LogMessage19CopyToEncodedBufferILNS2_10StringTypeE1EEEvSt17basic_string_viewIwSt11char_traitsIwEE
   156: 00000000000066a0    10 FUNC    GLOBAL DEFAULT   11 _ZN4absl12lts_2025081412log_internal10LogMessageC2EPKciNS2_8ErrorTagE
   157: 0000000000007f70   104 FUNC    WEAK   DEFAULT   11 _ZN4absl12lts_2025081412log_internal10LogMessagelsImEERS2_RKT_
   158: 000000000000787e   412 FUNC    GLOBAL DEFAULT   11 _ZN4absl12lts_2025081412log_internal10LogMessage11OstreamViewD1Ev
   159: 0000000000007c2c   156 FUNC    WEAK   DEFAULT   11 _ZN4absl12lts_2025081412log_internal10LogMessagelsIaEERS2_RKT_
   160: 0000000000008e72   457 FUNC    WEAK   DEFAULT   11 _ZN4absl12lts_2025081412log_internal10LogMessage43CopyToEncodedBufferWithStructuredProtoFieldILNS2_10StringTypeE0EEEvNS1_20StructuredProtoFieldESt17basic_string_viewIcSt11char_traitsIcEE
   161: 0000000000006934   401 FUNC    GLOBAL DEFAULT   11 _ZN4absl12lts_2025081412log_internal10LogMessage14LogMessageDataC1EPKciNS0_11LogSeverityENS0_4TimeE
   162: 000000000000ccc0    24 OBJECT  GLOBAL DEFAULT   19 _ZTIN4absl12lts_2025081412log_internal10LogMessage11OstreamViewE
   163: 0000000000007382    31 FUNC    GLOBAL DEFAULT   11 _ZN4absl12lts_2025081412log_internal10LogMessagelsERKNSt7__cxx1112basic_stringIcSt11char_traitsIcESaIcEEE
   164: 0000000000008976   557 FUNC    WEAK   DEFAULT   11 _ZN4absl12lts_2025081412log_internal10LogMessage19CopyToEncodedBufferILNS2_10StringTypeE0EEEvSt17basic_string_viewIwSt11char_traitsIwEE
   165: 00000000000080a8   104 FUNC    WEAK   DEFAULT   11 _ZN4absl12lts_2025081412log_internal10LogMessagelsIPvEERS2_RKT_
   166: 000000000000a010    61 OBJECT  GLOBAL DEFAULT   13 _ZTSN4absl12lts_2025081412log_internal10LogMessage11OstreamViewE
   167: 00000000000066aa    51 FUNC    GLOBAL DEFAULT   11 _ZN4absl12lts_2025081412log_internal10LogMessageD1Ev
   168: 0000000000007022    15 FUNC    GLOBAL DEFAULT   11 _ZN4absl12lts_2025081412log_internal10LogMessage13WithTimestampENS0_4TimeE
   169: 0000000000007754   297 FUNC    GLOBAL DEFAULT   11 _ZN4absl12lts_2025081412log_internal10LogMessage11OstreamViewC2ERNS2_14LogMessageDataE
   170: 0000000000006714    10 FUNC    GLOBAL DEFAULT   11 _ZN4absl12lts_2025081412log_internal15LogMessageFatalC2EPKci
   171: 0000000000007b7e    17 FUNC    GLOBAL DEFAULT   11 _ZN4absl12lts_2025081412log_internal22LogMessageQuietlyFatalD1Ev
   172: 0000000000007fd8   104 FUNC    WEAK   DEFAULT   11 _ZN4absl12lts_2025081412log_internal10LogMessagelsIxEERS2_RKT_
   173: 0000000000007f08   104 FUNC    WEAK   DEFAULT   11 _ZN4absl12lts_2025081412log_internal10LogMessagelsIlEERS2_RKT_
   174: 0000000000006c7c   562 FUNC    GLOBAL DEFAULT   11 _ZN4absl12lts_2025081412log_internal10LogMessage14LogMessageData25FinalizeEncodingAndFormatEv
   175: 0000000000008178   106 FUNC    WEAK   DEFAULT   11 _ZN4absl12lts_2025081412log_internal10LogMessagelsIfEERS2_RKT_
   176: 0000000000006eae   222 FUNC    GLOBAL DEFAULT   11 _ZN4absl12lts_2025081412log_internal10LogMessage20LogBacktraceIfNeededEv
   177: 0000000000008110   104 FUNC    WEAK   DEFAULT   11 _ZN4absl12lts_2025081412log_internal10LogMessagelsIPKvEERS2_RKT_
   178: 00000000000067de    37 FUNC    GLOBAL DEFAULT   11 _ZN4absl12lts_2025081412log_internal22LogMessageQuietlyFatalC2EPKci
   179: 000000000000926c   130 FUNC    WEAK   DEFAULT   11 _ZNSt7__cxx1112basic_stringIcSt11char_traitsIcESaIcEE12_M_constructIPKcEEvT_S8_St20forward_iterator_tag
   180: 0000000000006ac6   437 FUNC    GLOBAL DEFAULT   11 _ZN4absl12lts_2025081412log_internal10LogMessage14LogMessageData27InitializeEncodingAndFormatEv
   181: 00000000000071e6   397 FUNC    GLOBAL DEFAULT   11 _ZN4absl12lts_2025081412log_internal10LogMessage10ToSinkOnlyEPNS0_7LogSinkE
   182: 000000000000787e   412 FUNC    GLOBAL DEFAULT   11 _ZN4absl12lts_2025081412log_internal10LogMessage11OstreamViewD2Ev
   183: 000000000000678a    17 FUNC    GLOBAL DEFAULT   11 _ZN4absl12lts_2025081412log_internal15LogMessageFatalD1Ev
   184: 0000000000007032    11 FUNC    GLOBAL DEFAULT   11 _ZN4absl12lts_2025081412log_internal10LogMessage12WithThreadIDEi
   185: 00000000000066aa    51 FUNC    GLOBAL DEFAULT   11 _ZN4absl12lts_2025081412log_internal10LogMessageD2Ev
   186: 00000000000067b8    37 FUNC    GLOBAL DEFAULT   11 _ZN4absl12lts_2025081412log_internal27LogMessageQuietlyDebugFatalC2EPKci
