
Symbol table '.dynsym' contains 209 entries:
   Num:    Value          Size Type    Bind   Vis      Ndx Name
     0: 0000000000000000     0 NOTYPE  LOCAL  DEFAULT  UND 
     1: 0000000000000000     0 FUNC    GLOBAL DEFAULT  UND _ZN4Dali8PropertyD1Ev
     2: 0000000000000000     0 FUNC    GLOBAL DEFAULT  UND _ZN4Dali12VertexBuffer3NewERNS_8Property3MapE
     3: 0000000000000000     0 FUNC    GLOBAL DEFAULT  UND _ZN4Dali9Animation4PlayEv
     4: 0000000000000000     0 FUNC    GLOBAL DEFAULT  UND _ZSt19__throw_logic_errorPKc@GLIBCXX_3.4 (2)
     5: 0000000000000000     0 FUNC    GLOBAL DEFAULT  UND _ZN4Dali7TextureC1Ev
     6: 0000000000000000     0 FUNC    GLOBAL DEFAULT  UND _ZN4Dali14RenderTaskListD1Ev
     7: 0000000000000000     0 FUNC    GLOBAL DEFAULT  UND __cxa_begin_catch@CXXABI_1.3 (3)
     8: 0000000000000000     0 FUNC    GLOBAL DEFAULT  UND _ZN4Dali8KeyEventC1ERKS0_
     9: 0000000000000000     0 FUNC    GLOBAL DEFAULT  UND _ZN4Dali5Timer3NewEj
    10: 0000000000000000     0 FUNC    GLOBAL DEFAULT  UND memcpy@GLIBC_2.14 (4)
    11: 0000000000000000     0 FUNC    GLOBAL DEFAULT  UND _ZNK4Dali6Handle11GetPropertyEi
    12: 0000000000000000     0 FUNC    GLOBAL DEFAULT  UND _ZN4Dali10TextureSetC1Ev
    13: 0000000000000000     0 FUNC    GLOBAL DEFAULT  UND _ZN4Dali8Property5ValueC2Ei
    14: 0000000000000000     0 FUNC    GLOBAL DEFAULT  UND _ZN4Dali8Geometry15AddVertexBufferERNS_12VertexBufferE
    15: 0000000000000000     0 FUNC    GLOBAL DEFAULT  UND _ZN4Dali11CameraActorD1Ev
    16: 0000000000000000     0 FUNC    GLOBAL DEFAULT  UND _ZdlPvm@CXXABI_1.3.9 (5)
    17: 0000000000000000     0 NOTYPE  WEAK   DEFAULT  UND _ITM_deregisterTMCloneTable
    18: 0000000000000000     0 FUNC    GLOBAL DEFAULT  UND _ZN4Dali8Renderer11SetTexturesERNS_10TextureSetE
    19: 0000000000000000     0 FUNC    GLOBAL DEFAULT  UND _ZN4Dali9PixelDataD1Ev
    20: 0000000000000000     0 FUNC    GLOBAL DEFAULT  UND _ZN4Dali6StringD1Ev
    21: 0000000000000000     0 FUNC    GLOBAL DEFAULT  UND _Znwm@GLIBCXX_3.4 (2)
    22: 0000000000000000     0 FUNC    GLOBAL DEFAULT  UND _ZN4Dali5LayerC1Ev
    23: 0000000000000000     0 FUNC    GLOBAL DEFAULT  UND _ZN4Dali5Actor3NewEv
    24: 0000000000000000     0 FUNC    GLOBAL DEFAULT  UND _ZN4Dali6ShaderD1Ev
    25: 0000000000000000     0 FUNC    GLOBAL DEFAULT  UND _ZN4Dali7Scene3D5Model3NewERKNS_6StringES4_
    26: 0000000000000000     0 OBJECT  GLOBAL DEFAULT  UND _ZN4Dali7Vector35XAXISE
    27: 0000000000000000     0 FUNC    GLOBAL DEFAULT  UND _ZN4Dali10StringViewC1EPKcj
    28: 0000000000000000     0 FUNC    GLOBAL DEFAULT  UND _ZN4Dali8RendereraSEOS0_
    29: 0000000000000000     0 FUNC    GLOBAL DEFAULT  UND _ZN4Dali8RendererC1Ev
    30: 0000000000000000     0 FUNC    GLOBAL DEFAULT  UND _ZN4Dali5TimerC1Ev
    31: 0000000000000000     0 FUNC    GLOBAL DEFAULT  UND _ZN4Dali10VectorBaseD2Ev
    32: 0000000000000000     0 FUNC    GLOBAL DEFAULT  UND _ZN4Dali11Application10InitSignalEv
    33: 0000000000000000     0 FUNC    GLOBAL DEFAULT  UND _ZN4Dali5ActoraSEOS0_
    34: 0000000000000000     0 FUNC    GLOBAL DEFAULT  UND _ZN4Dali9KeyFrames3NewEv
    35: 0000000000000000     0 FUNC    GLOBAL DEFAULT  UND _ZN4Dali7Scene3D5Model24SetImageBasedLightSourceERKNS_6StringES4_f
    36: 0000000000000000     0 FUNC    GLOBAL DEFAULT  UND _ZN4Dali9Animation12SetLoopCountEi
    37: 0000000000000000     0 FUNC    GLOBAL DEFAULT  UND _ZN4Dali5Actor11AddRendererERNS_8RendererE
    38: 0000000000000000     0 FUNC    GLOBAL DEFAULT  UND _ZN4Dali9AnimationaSEOS0_
    39: 0000000000000000     0 FUNC    GLOBAL DEFAULT  UND _ZN4Dali7Scene3D5ModelD1Ev
    40: 0000000000000000     0 FUNC    GLOBAL DEFAULT  UND _ZN4Dali6Shader3NewENS_10StringViewES1_NS0_4Hint5ValueES1_
    41: 0000000000000000     0 FUNC    GLOBAL DEFAULT  UND _ZN4Dali7Scene3D6Loader18LoadEnvironmentMapERKNSt7__cxx1112basic_stringIcSt11char_traitsIcESaIcEEERNS1_18EnvironmentMapDataE
    42: 0000000000000000     0 FUNC    GLOBAL DEFAULT  UND ftell@GLIBC_2.2.5 (6)
    43: 0000000000000000     0 FUNC    GLOBAL DEFAULT  UND _ZN4Dali6WindowD1Ev
    44: 0000000000000000     0 FUNC    GLOBAL DEFAULT  UND _ZN4Dali5IsKeyERKNS_8KeyEventENS_3KEYE
    45: 0000000000000000     0 FUNC    GLOBAL DEFAULT  UND _ZN4Dali8Property5ValueC1EPKc
    46: 0000000000000000     0 FUNC    GLOBAL DEFAULT  UND _ZN4Dali8Property3MapC1Ev
    47: 0000000000000000     0 FUNC    GLOBAL DEFAULT  UND _ZNK4Dali7Scene3D5Model17GetAnimationCountEv
    48: 0000000000000000     0 FUNC    GLOBAL DEFAULT  UND _ZN4Dali8Property5ValueC1ERKNS_7Vector3E
    49: 0000000000000000     0 FUNC    GLOBAL DEFAULT  UND __stack_chk_fail@GLIBC_2.4 (7)
    50: 0000000000000000     0 FUNC    GLOBAL DEFAULT  UND _ZN4Dali8PropertyC1ERNS_6HandleEi
    51: 0000000000000000     0 FUNC    GLOBAL DEFAULT  UND _ZN4Dali6Window14KeyEventSignalEv
    52: 0000000000000000     0 FUNC    GLOBAL DEFAULT  UND _ZN4Dali5Timer4StopEv
    53: 0000000000000000     0 FUNC    GLOBAL DEFAULT  UND _ZN4Dali10TouchEventC1ERKS0_
    54: 0000000000000000     0 FUNC    GLOBAL DEFAULT  UND memset@GLIBC_2.2.5 (6)
    55: 0000000000000000     0 FUNC    GLOBAL DEFAULT  UND _ZN4Dali5Actor6RemoveES0_
    56: 0000000000000000     0 FUNC    GLOBAL DEFAULT  UND _ZN4Dali11ApplicationD1Ev
    57: 0000000000000000     0 FUNC    GLOBAL DEFAULT  UND _ZN4Dali6WindowaSEOS0_
    58: 0000000000000000     0 FUNC    GLOBAL DEFAULT  UND _ZN4Dali8Geometry3NewEv
    59: 0000000000000000     0 FUNC    GLOBAL DEFAULT  UND _ZN4Dali11Application3NewEPiPPPcNS_10StringViewE
    60: 0000000000000000     0 FUNC    GLOBAL DEFAULT  UND _ZNSt7__cxx1112basic_stringIcSt11char_traitsIcESaIcEE6appendEPKcm@GLIBCXX_3.4.21 (8)
    61: 0000000000000000     0 FUNC    GLOBAL DEFAULT  UND _ZN4Dali17ConnectionTracker15SignalConnectedEPNS_12SlotObserverEPNS_12CallbackBaseE
    62: 0000000000000000     0 FUNC    GLOBAL DEFAULT  UND _ZN4Dali9Animation5PauseEv
    63: 0000000000000000     0 FUNC    GLOBAL DEFAULT  UND _ZN4Dali11CameraActorC1Ev
    64: 0000000000000000     0 FUNC    GLOBAL DEFAULT  UND _ZN4Dali17ConnectionTracker18SignalDisconnectedEPNS_12SlotObserverEPNS_12CallbackBaseE
    65: 0000000000000000     0 FUNC    GLOBAL DEFAULT  UND _ZNK4Dali8KeyEvent8GetStateEv
    66: 0000000000000000     0 FUNC    GLOBAL DEFAULT  UND _ZN4Dali8Property5ValueD1Ev
    67: 0000000000000000     0 FUNC    GLOBAL DEFAULT  UND _ZN4Dali17ConnectionTrackerD2Ev
    68: 0000000000000000     0 FUNC    GLOBAL DEFAULT  UND _ZNKSt7__cxx1115basic_stringbufIcSt11char_traitsIcESaIcEE3strEv@GLIBCXX_3.4.21 (8)
    69: 0000000000000000     0 FUNC    GLOBAL DEFAULT  UND _ZN4Dali10RenderTaskD1Ev
    70: 0000000000000000     0 FUNC    GLOBAL DEFAULT  UND _ZN4Dali9AnimationD1Ev
    71: 0000000000000000     0 NOTYPE  WEAK   DEFAULT  UND __gmon_start__
    72: 0000000000000000     0 FUNC    GLOBAL DEFAULT  UND strlen@GLIBC_2.2.5 (6)
    73: 0000000000000000     0 FUNC    GLOBAL DEFAULT  UND _ZN4Dali6Handle11SetPropertyEiNS_8Property5ValueE
    74: 0000000000000000     0 FUNC    GLOBAL DEFAULT  UND _ZN4Dali7Scene3D5ModelC1ERKS1_
    75: 0000000000000000     0 FUNC    GLOBAL DEFAULT  UND _ZN4Dali6StringC1Ev
    76: 0000000000000000     0 FUNC    GLOBAL DEFAULT  UND _ZN4Dali7Toolkit7Control19ResourceReadySignalEv
    77: 0000000000000000     0 FUNC    GLOBAL DEFAULT  UND _ZN4Dali8Property5ValueC1ENS_6StringE
    78: 0000000000000000     0 FUNC    GLOBAL DEFAULT  UND _ZN4Dali7Toolkit9TextLabelaSEOS1_
    79: 0000000000000000     0 FUNC    GLOBAL DEFAULT  UND _ZN4Dali10TextureSetD1Ev
    80: 0000000000000000     0 FUNC    GLOBAL DEFAULT  UND _ZNK4Dali10WheelEvent8GetDeltaEv
    81: 0000000000000000     0 FUNC    GLOBAL DEFAULT  UND _ZN4Dali10BaseSignalC1Ev
    82: 0000000000000000     0 FUNC    GLOBAL DEFAULT  UND _ZN4Dali7Scene3D5Model19LoadCompletedSignalEv
    83: 0000000000000000     0 FUNC    GLOBAL DEFAULT  UND _ZN4Dali9KeyFramesD1Ev
    84: 0000000000000000     0 FUNC    GLOBAL DEFAULT  UND fread@GLIBC_2.2.5 (6)
    85: 0000000000000000     0 FUNC    GLOBAL DEFAULT  UND setenv@GLIBC_2.2.5 (6)
    86: 0000000000000000     0 FUNC    GLOBAL DEFAULT  UND _ZNK4Dali7Scene3D5Model12GetAnimationERKNS_6StringE
    87: 0000000000000000     0 FUNC    GLOBAL DEFAULT  UND _ZN4Dali8Property3MapD1Ev
    88: 0000000000000000     0 FUNC    GLOBAL DEFAULT  UND _ZN4Dali5Actor16WheelEventSignalEv
    89: 0000000000000000     0 FUNC    GLOBAL DEFAULT  UND _ZN4Dali11CameraActor7SetTypeENS_6Camera4TypeE
    90: 0000000000000000     0 FUNC    GLOBAL DEFAULT  UND _ZN4Dali5LayerD1Ev
    91: 0000000000000000     0 FUNC    GLOBAL DEFAULT  UND _ZN4Dali9Animation3NewEf
    92: 0000000000000000     0 FUNC    GLOBAL DEFAULT  UND _ZN4Dali9KeyFramesC1ERKS0_
    93: 0000000000000000     0 FUNC    GLOBAL DEFAULT  UND _ZN4Dali10TextureSet3NewEv
    94: 0000000000000000     0 FUNC    GLOBAL DEFAULT  UND __gxx_personality_v0@CXXABI_1.3 (3)
    95: 0000000000000000     0 FUNC    GLOBAL DEFAULT  UND _ZSt20__throw_length_errorPKc@GLIBCXX_3.4 (2)
    96: 0000000000000000     0 FUNC    GLOBAL DEFAULT  UND _ZNK4Dali10Quaternion6RotateERKNS_7Vector3E
    97: 0000000000000000     0 FUNC    GLOBAL DEFAULT  UND _ZN4Dali5Timer10TickSignalEv
    98: 0000000000000000     0 FUNC    GLOBAL DEFAULT  UND _ZN4Dali6WindowC1Ev
    99: 0000000000000000     0 FUNC    GLOBAL DEFAULT  UND _Unwind_Resume@GCC_3.0 (9)
   100: 0000000000000000     0 FUNC    GLOBAL DEFAULT  UND _ZNSt7__cxx1112basic_stringIcSt11char_traitsIcESaIcEE6appendEPKc@GLIBCXX_3.4.21 (8)
   101: 0000000000000000     0 FUNC    GLOBAL DEFAULT  UND _ZN4Dali9AnimationC1Ev
   102: 0000000000000000     0 FUNC    GLOBAL DEFAULT  UND _ZN4Dali5TimeraSEOS0_
   103: 0000000000000000     0 FUNC    GLOBAL DEFAULT  UND _ZNSt7__cxx1112basic_stringIcSt11char_traitsIcESaIcEE9_M_createERmm@GLIBCXX_3.4.21 (8)
   104: 0000000000000000     0 FUNC    GLOBAL DEFAULT  UND _ZNSt7__cxx1112basic_stringIcSt11char_traitsIcESaIcEED2Ev@GLIBCXX_3.4.21 (8)
   105: 0000000000000000     0 FUNC    GLOBAL DEFAULT  UND _ZN4Dali8Property5ValueC1Eb
   106: 0000000000000000     0 FUNC    GLOBAL DEFAULT  UND _ZN4Dali17ConnectionTrackerC2Ev
   107: 0000000000000000     0 OBJECT  GLOBAL DEFAULT  UND _ZTTNSt7__cxx1119basic_ostringstreamIcSt11char_traitsIcESaIcEEE@GLIBCXX_3.4.21 (8)
   108: 0000000000000000     0 FUNC    GLOBAL DEFAULT  UND bcmp@GLIBC_2.2.5 (6)
   109: 0000000000000000     0 FUNC    GLOBAL DEFAULT  UND _ZNK4Dali10RenderTask14GetCameraActorEv
   110: 0000000000000000     0 FUNC    GLOBAL DEFAULT  UND _ZN4Dali8Renderer3NewERNS_8GeometryERNS_6ShaderE
   111: 0000000000000000     0 FUNC    GLOBAL DEFAULT  UND _ZN4Dali8RendererD1Ev
   112: 0000000000000000     0 FUNC    GLOBAL DEFAULT  UND _ZNSt8ios_baseD2Ev@GLIBCXX_3.4 (2)
   113: 0000000000000000     0 FUNC    GLOBAL DEFAULT  UND _ZNSt7__cxx1119basic_ostringstreamIcSt11char_traitsIcESaIcEED2Ev@GLIBCXX_3.4.21 (8)
   114: 0000000000000000     0 FUNC    GLOBAL DEFAULT  UND _ZN4Dali10WheelEventD1Ev
   115: 0000000000000000     0 FUNC    GLOBAL DEFAULT  UND _ZN4Dali7Toolkit9TextLabel3NewEv
   116: 0000000000000000     0 FUNC    GLOBAL DEFAULT  UND _ZN4Dali5ActorD1Ev
   117: 0000000000000000     0 FUNC    GLOBAL DEFAULT  UND _ZN4Dali10TouchEventD1Ev
   118: 0000000000000000     0 FUNC    GLOBAL DEFAULT  UND _ZN4Dali10StringViewD1Ev
   119: 0000000000000000     0 FUNC    GLOBAL DEFAULT  UND _ZN4Dali8Property5ValueC1EOS1_
   120: 0000000000000000     0 FUNC    GLOBAL DEFAULT  UND _ZN4Dali6Window3AddENS_5ActorE
   121: 0000000000000000     0 FUNC    GLOBAL DEFAULT  UND _ZN4Dali10FileStreamD1Ev
   122: 0000000000000000     0 FUNC    GLOBAL DEFAULT  UND _ZN4Dali6StringC1EOS0_
   123: 0000000000000000     0 OBJECT  GLOBAL DEFAULT  UND _ZTIN4Dali17ConnectionTrackerE
   124: 0000000000000000     0 FUNC    GLOBAL DEFAULT  UND _ZN4Dali10VectorBase8SetCountEm
   125: 0000000000000000     0 FUNC    GLOBAL DEFAULT  UND _ZN4Dali8Property5ValueC1ERKNS_10QuaternionE
   126: 0000000000000000     0 FUNC    GLOBAL DEFAULT  UND _ZN4Dali6ShaderaSEOS0_
   127: 0000000000000000     0 FUNC    GLOBAL DEFAULT  UND _ZN4Dali11Application9GetWindowEv
   128: 0000000000000000     0 FUNC    GLOBAL DEFAULT  UND _ZNSt7__cxx1112basic_stringIcSt11char_traitsIcESaIcEE7reserveEm@GLIBCXX_3.4.21 (8)
   129: 0000000000000000     0 FUNC    GLOBAL DEFAULT  UND _ZN4Dali10VectorBaseC2Ev
   130: 0000000000000000     0 OBJECT  GLOBAL DEFAULT  UND _ZTVN10__cxxabiv120__si_class_type_infoE@CXXABI_1.3 (3)
   131: 0000000000000000     0 FUNC    GLOBAL DEFAULT  UND _ZNK4Dali10TouchEvent8GetStateEj
   132: 0000000000000000     0 FUNC    GLOBAL DEFAULT  UND _ZN4Dali6WindowC1ERKS0_
   133: 0000000000000000     0 FUNC    GLOBAL DEFAULT  UND _ZN4Dali12CallbackBaseC2EPvMS0_FvvEPFvRS0_E
   134: 0000000000000000     0 FUNC    GLOBAL DEFAULT  UND _ZN4Dali10VectorBase7ReplaceEPv
   135: 0000000000000000     0 FUNC    GLOBAL DEFAULT  UND _ZN4Dali6Window18SetBackgroundColorERKNS_7Vector4E
   136: 0000000000000000     0 FUNC    GLOBAL DEFAULT  UND __cxa_atexit@GLIBC_2.2.5 (6)
   137: 0000000000000000     0 FUNC    GLOBAL DEFAULT  UND _ZN4Dali10QuaternionC1ENS_6RadianERKNS_7Vector3E
   138: 0000000000000000     0 FUNC    GLOBAL DEFAULT  UND _ZN4Dali8GeometryD1Ev
   139: 0000000000000000     0 FUNC    GLOBAL DEFAULT  UND _ZN4Dali11Application8MainLoopEv
   140: 0000000000000000     0 FUNC    GLOBAL DEFAULT  UND _ZN4Dali9KeyFrames3AddEfNS_8Property5ValueE
   141: 0000000000000000     0 FUNC    GLOBAL DEFAULT  UND _ZNK4Dali6Window7GetSizeEv
   142: 0000000000000000     0 FUNC    GLOBAL DEFAULT  UND _ZNK4Dali10BaseHandlecvbEv
   143: 0000000000000000     0 FUNC    GLOBAL DEFAULT  UND _ZN4Dali10TextureSet10SetTextureEjNS_7TextureE
   144: 0000000000000000     0 FUNC    GLOBAL DEFAULT  UND _ZN4Dali8Property5ValueC1ERKNS_7Vector2E
   145: 0000000000000000     0 FUNC    GLOBAL DEFAULT  UND _ZN4Dali6Window13TouchedSignalEv
   146: 0000000000000000     0 FUNC    GLOBAL DEFAULT  UND _ZN4Dali8GeometryC1Ev
   147: 0000000000000000     0 FUNC    GLOBAL DEFAULT  UND _ZN4Dali5TimerD1Ev
   148: 0000000000000000     0 FUNC    GLOBAL DEFAULT  UND _ZN4Dali6ShaderC1Ev
   149: 0000000000000000     0 FUNC    GLOBAL DEFAULT  UND _ZN4Dali8Property5ValueC1Ef
   150: 0000000000000000     0 FUNC    GLOBAL DEFAULT  UND _ZN4Dali9Animation10SetLoopingEb
   151: 0000000000000000     0 FUNC    GLOBAL DEFAULT  UND _ZN4Dali10StringViewC1EPKc
   152: 0000000000000000     0 FUNC    GLOBAL DEFAULT  UND _ZNSt7__cxx1119basic_ostringstreamIcSt11char_traitsIcESaIcEEC1Ev@GLIBCXX_3.4.26 (10)
   153: 0000000000000000     0 FUNC    GLOBAL DEFAULT  UND _ZN4Dali10TextureSetaSEOS0_
   154: 0000000000000000     0 FUNC    GLOBAL DEFAULT  UND _ZNK4Dali7Scene3D5Model12GetAnimationEj
   155: 0000000000000000     0 FUNC    GLOBAL DEFAULT  UND _ZNK4Dali6Window12GetRootLayerEv
   156: 0000000000000000     0 FUNC    GLOBAL DEFAULT  UND _ZN4Dali7Toolkit9TextLabelD1Ev
   157: 0000000000000000     0 FUNC    GLOBAL DEFAULT  UND _ZN4Dali7Scene3D5ModelC1Ev
   158: 0000000000000000     0 FUNC    GLOBAL DEFAULT  UND _ZNK4Dali8KeyEvent10GetKeyNameEv
   159: 0000000000000000     0 FUNC    GLOBAL DEFAULT  UND _ZSt16__ostream_insertIcSt11char_traitsIcEERSt13basic_ostreamIT_T0_ES6_PKS3_l@GLIBCXX_3.4.9 (11)
   160: 0000000000000000     0 FUNC    GLOBAL DEFAULT  UND _ZNK4Dali10TouchEvent17GetScreenPositionEj
   161: 0000000000000000     0 FUNC    GLOBAL DEFAULT  UND _ZN4Dali7TextureC1ERKS0_
   162: 0000000000000000     0 NOTYPE  WEAK   DEFAULT  UND _ITM_registerTMCloneTable
   163: 0000000000000000     0 FUNC    GLOBAL DEFAULT  UND _ZN4Dali10BaseSignal9OnConnectEPNS_26ConnectionTrackerInterfaceEPNS_12CallbackBaseE
   164: 0000000000000000     0 FUNC    GLOBAL DEFAULT  UND _ZNK4Dali14RenderTaskList7GetTaskEj
   165: 0000000000000000     0 FUNC    GLOBAL DEFAULT  UND _ZN4Dali10RenderTask11SetCullModeEb
   166: 0000000000000000     0 FUNC    GLOBAL DEFAULT  UND _ZN4Dali8Property3Map6InsertENS_6StringENS0_5ValueE
   167: 0000000000000000     0 FUNC    GLOBAL DEFAULT  UND _ZN4Dali10FileStreamC1ERKNSt7__cxx1112basic_stringIcSt11char_traitsIcESaIcEEEh
   168: 0000000000000000     0 FUNC    GLOBAL DEFAULT  UND _ZNK4Dali10QuaternionmlERKS0_
   169: 0000000000000000     0 FUNC    GLOBAL DEFAULT  UND _ZN4Dali11ApplicationC1ERKS0_
   170: 0000000000000000     0 FUNC    GLOBAL DEFAULT  UND _ZN4Dali7TextureD1Ev
   171: 0000000000000000     0 FUNC    GLOBAL DEFAULT  UND _ZN4Dali5Timer5StartEv
   172: 0000000000000000     0 FUNC    GLOBAL DEFAULT  UND _ZN4Dali10VectorBase7ReleaseEv
   173: 0000000000000000     0 FUNC    GLOBAL DEFAULT  UND _ZN4Dali6StringC1EPKc
   174: 0000000000000000     0 FUNC    GLOBAL DEFAULT  UND _ZN4Dali11Application4QuitEv
   175: 0000000000000000     0 FUNC    GLOBAL DEFAULT  UND _ZN4Dali6Window17GetRenderTaskListEv
   176: 0000000000000000     0 FUNC    GLOBAL DEFAULT  UND _ZN4Dali12VertexBuffer7SetDataEPKvj
   177: 0000000000000000     0 FUNC    GLOBAL DEFAULT  UND _ZN4Dali7Toolkit9TextLabelC1Ev
   178: 0000000000000000     0 OBJECT  GLOBAL DEFAULT  UND _ZTIN4Dali12CallbackBaseE
   179: 0000000000000000     0 FUNC    GLOBAL DEFAULT  UND _ZSt9terminatev@GLIBCXX_3.4 (2)
   180: 0000000000000000     0 FUNC    GLOBAL DEFAULT  UND _ZNK4Dali8Property5Value3GetERNS_7Vector3E
   181: 0000000000000000     0 FUNC    GLOBAL DEFAULT  UND _ZN4Dali9Animation4StopEv
   182: 0000000000000000     0 FUNC    GLOBAL DEFAULT  UND _ZN4Dali12VertexBufferD1Ev
   183: 0000000000000000     0 FUNC    GLOBAL DEFAULT  UND _ZN4Dali10QuaternionC1Ev
   184: 0000000000000000     0 FUNC    GLOBAL DEFAULT  UND _ZN4Dali5ActorC1Ev
   185: 0000000000000000     0 FUNC    GLOBAL DEFAULT  UND _ZN4Dali7Toolkit7ControlD1Ev
   186: 0000000000000000     0 FUNC    GLOBAL DEFAULT  UND _ZN4Dali12CallbackBaseD2Ev
   187: 0000000000000000     0 FUNC    GLOBAL DEFAULT  UND _ZN4Dali7Scene3D6Loader18EnvironmentMapData10GetTextureEv
   188: 0000000000000000     0 FUNC    GLOBAL DEFAULT  UND _ZN4Dali10WheelEventC1ERKS0_
   189: 0000000000000000     0 FUNC    GLOBAL DEFAULT  UND _ZN4Dali10FileStream7GetFileEv
   190: 0000000000000000     0 FUNC    GLOBAL DEFAULT  UND _ZN4Dali7Scene3D5ModelaSEOS1_
   191: 0000000000000000     0 FUNC    GLOBAL DEFAULT  UND _ZN4Dali11CameraActoraSEOS0_
   192: 0000000000000000     0 FUNC    GLOBAL DEFAULT  UND _ZN4Dali8KeyEventD1Ev
   193: 0000000000000000     0 FUNC    GLOBAL DEFAULT  UND fseek@GLIBC_2.2.5 (6)
   194: 0000000000000000     0 FUNC    GLOBAL DEFAULT  UND _ZN4Dali9PixelDataC1EOS0_
   195: 0000000000000000     0 FUNC    GLOBAL DEFAULT  UND _ZN4Dali9Animation14AnimateBetweenENS_8PropertyENS_9KeyFramesENS0_13InterpolationE
   196: 0000000000000000     0 FUNC    GLOBAL DEFAULT  UND _ZN4Dali6StringC1ERKNS_10StringViewE
   197: 0000000000000000     0 FUNC    GLOBAL DEFAULT  UND _ZN4Dali8Geometry7SetTypeENS0_4TypeE
   198: 0000000000000000     0 FUNC    GLOBAL DEFAULT  UND __libc_start_main@GLIBC_2.34 (12)
   199: 0000000000000000     0 FUNC    GLOBAL DEFAULT  UND _ZN4Dali8GeometryaSEOS0_
   200: 0000000000000000     0 OBJECT  GLOBAL DEFAULT  UND _ZN4Dali7Vector35YAXISE
   201: 0000000000000000     0 FUNC    GLOBAL DEFAULT  UND _ZN4Dali5ActorC1ERKS0_
   202: 0000000000000000     0 FUNC    GLOBAL DEFAULT  UND _ZNK4Dali6StringeqEPKc
   203: 0000000000000000     0 FUNC    GLOBAL DEFAULT  UND _ZN4Dali7Toolkit7ControlC1ERKS1_
   204: 00000000000084c2   130 FUNC    WEAK   DEFAULT   14 _ZNSt7__cxx1112basic_stringIcSt11char_traitsIcESaIcEE12_M_constructIPcEEvT_S7_St20forward_iterator_tag
   205: 0000000000000000     0 FUNC    WEAK   DEFAULT  UND __cxa_finalize@GLIBC_2.2.5 (6)
   206: 0000000000008896   304 FUNC    WEAK   DEFAULT   14 _ZNSt6vectorIcSaIcEE17_M_default_appendEm
   207: 00000000000061c4    64 FUNC    WEAK   DEFAULT   14 _ZNSt7__cxx1112basic_stringIcSt11char_traitsIcESaIcEEC2IS3_EEPKcRKS3_
   208: 0000000000008fea   130 FUNC    WEAK   DEFAULT   14 _ZNSt7__cxx1112basic_stringIcSt11char_traitsIcESaIcEE12_M_constructIPKcEEvT_S8_St20forward_iterator_tag
