
Symbol table '.dynsym' contains 159 entries:
   Num:    Value          Size Type    Bind   Vis      Ndx Name
     0: 0000000000000000     0 NOTYPE  LOCAL  DEFAULT  UND 
     1: 0000000000000000     0 FUNC    GLOBAL DEFAULT  UND _ZN4Dali8PropertyD1Ev
     2: 0000000000000000     0 FUNC    GLOBAL DEFAULT  UND _ZN4Dali12VertexBuffer3NewERNS_8Property3MapE
     3: 0000000000000000     0 FUNC    GLOBAL DEFAULT  UND _ZN4Dali9Animation4PlayEv
     4: 0000000000000000     0 FUNC    GLOBAL DEFAULT  UND _ZN4Dali7TextureC1Ev
     5: 0000000000000000     0 FUNC    GLOBAL DEFAULT  UND _ZN4Dali14RenderTaskListD1Ev
     6: 0000000000000000     0 FUNC    GLOBAL DEFAULT  UND __cxa_begin_catch@CXXABI_1.3 (2)
     7: 0000000000000000     0 FUNC    GLOBAL DEFAULT  UND _ZN4Dali8KeyEventC1ERKS0_
     8: 0000000000000000     0 FUNC    GLOBAL DEFAULT  UND _ZN4Dali5Timer3NewEj
     9: 0000000000000000     0 FUNC    GLOBAL DEFAULT  UND memcpy@GLIBC_2.14 (3)
    10: 0000000000000000     0 FUNC    GLOBAL DEFAULT  UND _ZN4Dali10TextureSetC1Ev
    11: 0000000000000000     0 FUNC    GLOBAL DEFAULT  UND _ZN4Dali6WindowaSERKS0_
    12: 0000000000000000     0 FUNC    GLOBAL DEFAULT  UND _ZN4Dali8Property5ValueC2Ei
    13: 0000000000000000     0 FUNC    GLOBAL DEFAULT  UND _ZNK4Dali10TouchEvent13GetPointCountEv
    14: 0000000000000000     0 FUNC    GLOBAL DEFAULT  UND _ZN4Dali8Geometry15AddVertexBufferERNS_12VertexBufferE
    15: 0000000000000000     0 FUNC    GLOBAL DEFAULT  UND _ZN4Dali11CameraActorD1Ev
    16: 0000000000000000     0 FUNC    GLOBAL DEFAULT  UND _ZdlPvm@CXXABI_1.3.9 (4)
    17: 0000000000000000     0 NOTYPE  WEAK   DEFAULT  UND _ITM_deregisterTMCloneTable
    18: 0000000000000000     0 FUNC    GLOBAL DEFAULT  UND _ZN4Dali8Renderer11SetTexturesERNS_10TextureSetE
    19: 0000000000000000     0 FUNC    GLOBAL DEFAULT  UND _ZN4Dali9PixelDataD1Ev
    20: 0000000000000000     0 FUNC    GLOBAL DEFAULT  UND _ZN4Dali6StringD1Ev
    21: 0000000000000000     0 FUNC    GLOBAL DEFAULT  UND _Znwm@GLIBCXX_3.4 (5)
    22: 0000000000000000     0 FUNC    GLOBAL DEFAULT  UND _ZN4Dali7Toolkit15SyncImageLoader4LoadERKNS_6StringE
    23: 0000000000000000     0 FUNC    GLOBAL DEFAULT  UND _ZN4Dali11CameraActor14SetFieldOfViewEf
    24: 0000000000000000     0 FUNC    GLOBAL DEFAULT  UND _ZN4Dali18TapGestureDetectorD1Ev
    25: 0000000000000000     0 FUNC    GLOBAL DEFAULT  UND _ZN4Dali5Actor3NewEv
    26: 0000000000000000     0 FUNC    GLOBAL DEFAULT  UND _ZN4Dali6ShaderD1Ev
    27: 0000000000000000     0 OBJECT  GLOBAL DEFAULT  UND _ZN4Dali7Vector35XAXISE
    28: 0000000000000000     0 FUNC    GLOBAL DEFAULT  UND _ZN4Dali10StringViewC1EPKcj
    29: 0000000000000000     0 FUNC    GLOBAL DEFAULT  UND _ZN4Dali8RendereraSEOS0_
    30: 0000000000000000     0 FUNC    GLOBAL DEFAULT  UND _ZN4Dali8RendererC1Ev
    31: 0000000000000000     0 FUNC    GLOBAL DEFAULT  UND _ZN4Dali5TimerC1Ev
    32: 0000000000000000     0 FUNC    GLOBAL DEFAULT  UND _ZN4Dali11Application10InitSignalEv
    33: 0000000000000000     0 FUNC    GLOBAL DEFAULT  UND _ZN4Dali5ActoraSEOS0_
    34: 0000000000000000     0 FUNC    GLOBAL DEFAULT  UND _ZN4Dali5ActorC1EOS0_
    35: 0000000000000000     0 FUNC    GLOBAL DEFAULT  UND _ZN4Dali5Actor11AddRendererERNS_8RendererE
    36: 0000000000000000     0 FUNC    GLOBAL DEFAULT  UND _ZN4Dali9AnimationaSEOS0_
    37: 0000000000000000     0 FUNC    GLOBAL DEFAULT  UND _ZN4Dali6Shader3NewENS_10StringViewES1_NS0_4Hint5ValueES1_
    38: 0000000000000000     0 FUNC    GLOBAL DEFAULT  UND _ZN4Dali6WindowD1Ev
    39: 0000000000000000     0 FUNC    GLOBAL DEFAULT  UND _ZN4Dali5IsKeyERKNS_8KeyEventENS_3KEYE
    40: 0000000000000000     0 FUNC    GLOBAL DEFAULT  UND _ZN4Dali8Property5ValueC1EPKc
    41: 0000000000000000     0 FUNC    GLOBAL DEFAULT  UND _ZN4Dali8Property3MapC1Ev
    42: 0000000000000000     0 FUNC    GLOBAL DEFAULT  UND _ZN4Dali8Property5ValueC1ERKNS_7Vector3E
    43: 0000000000000000     0 FUNC    GLOBAL DEFAULT  UND __stack_chk_fail@GLIBC_2.4 (7)
    44: 0000000000000000     0 FUNC    GLOBAL DEFAULT  UND _ZN4Dali8PropertyC1ERNS_6HandleEi
    45: 0000000000000000     0 FUNC    GLOBAL DEFAULT  UND _ZN4Dali6Window14KeyEventSignalEv
    46: 0000000000000000     0 FUNC    GLOBAL DEFAULT  UND _ZN4Dali5Timer4StopEv
    47: 0000000000000000     0 FUNC    GLOBAL DEFAULT  UND _ZN4Dali10TouchEventC1ERKS0_
    48: 0000000000000000     0 FUNC    GLOBAL DEFAULT  UND _ZN4Dali5Actor6RemoveES0_
    49: 0000000000000000     0 FUNC    GLOBAL DEFAULT  UND _ZN4Dali11ApplicationD1Ev
    50: 0000000000000000     0 FUNC    GLOBAL DEFAULT  UND _ZN4Dali8Geometry3NewEv
    51: 0000000000000000     0 FUNC    GLOBAL DEFAULT  UND _ZN4Dali11Application3NewEPiPPPcNS_10StringViewE
    52: 0000000000000000     0 FUNC    GLOBAL DEFAULT  UND _ZN4Dali17ConnectionTracker15SignalConnectedEPNS_12SlotObserverEPNS_12CallbackBaseE
    53: 0000000000000000     0 FUNC    GLOBAL DEFAULT  UND _ZN4Dali11CameraActor20SetNearClippingPlaneEf
    54: 0000000000000000     0 FUNC    GLOBAL DEFAULT  UND _ZN4Dali11CameraActorC1Ev
    55: 0000000000000000     0 FUNC    GLOBAL DEFAULT  UND _ZN4Dali17ConnectionTracker18SignalDisconnectedEPNS_12SlotObserverEPNS_12CallbackBaseE
    56: 0000000000000000     0 FUNC    GLOBAL DEFAULT  UND _ZNK4Dali8KeyEvent8GetStateEv
    57: 0000000000000000     0 FUNC    GLOBAL DEFAULT  UND _ZN4Dali8Property5ValueD1Ev
    58: 0000000000000000     0 FUNC    GLOBAL DEFAULT  UND _ZN4Dali17ConnectionTrackerD2Ev
    59: 0000000000000000     0 FUNC    GLOBAL DEFAULT  UND _ZN4Dali10RenderTaskD1Ev
    60: 0000000000000000     0 FUNC    GLOBAL DEFAULT  UND _ZN4Dali9AnimationD1Ev
    61: 0000000000000000     0 NOTYPE  WEAK   DEFAULT  UND __gmon_start__
    62: 0000000000000000     0 FUNC    GLOBAL DEFAULT  UND _ZN4Dali6Handle11SetPropertyEiNS_8Property5ValueE
    63: 0000000000000000     0 FUNC    GLOBAL DEFAULT  UND _ZN4Dali10BaseHandle5ResetEv
    64: 0000000000000000     0 FUNC    GLOBAL DEFAULT  UND _ZN4Dali10TextureSetD1Ev
    65: 0000000000000000     0 FUNC    GLOBAL DEFAULT  UND _ZNK4Dali9PixelData14GetPixelFormatEv
    66: 0000000000000000     0 FUNC    GLOBAL DEFAULT  UND _ZN4Dali10BaseSignalC1Ev
    67: 0000000000000000     0 FUNC    GLOBAL DEFAULT  UND _ZN4Dali5Actor13TouchedSignalEv
    68: 0000000000000000     0 FUNC    GLOBAL DEFAULT  UND setenv@GLIBC_2.2.5 (6)
    69: 0000000000000000     0 FUNC    GLOBAL DEFAULT  UND _ZN4Dali8Geometry14SetIndexBufferEPKtj
    70: 0000000000000000     0 FUNC    GLOBAL DEFAULT  UND _ZN4Dali8Property3MapD1Ev
    71: 0000000000000000     0 FUNC    GLOBAL DEFAULT  UND _ZN4Dali9PixelDataC1ERKS0_
    72: 0000000000000000     0 FUNC    GLOBAL DEFAULT  UND _ZN4Dali5LayerD1Ev
    73: 0000000000000000     0 FUNC    GLOBAL DEFAULT  UND _ZN4Dali9Animation3NewEf
    74: 0000000000000000     0 FUNC    GLOBAL DEFAULT  UND _ZN4Dali10TextureSet3NewEv
    75: 0000000000000000     0 FUNC    GLOBAL DEFAULT  UND __gxx_personality_v0@CXXABI_1.3 (2)
    76: 0000000000000000     0 FUNC    GLOBAL DEFAULT  UND _ZN4Dali5Timer10TickSignalEv
    77: 0000000000000000     0 FUNC    GLOBAL DEFAULT  UND _ZN4Dali6WindowC1Ev
    78: 0000000000000000     0 FUNC    GLOBAL DEFAULT  UND _Unwind_Resume@GCC_3.0 (8)
    79: 0000000000000000     0 FUNC    GLOBAL DEFAULT  UND _ZN4Dali9AnimationC1Ev
    80: 0000000000000000     0 FUNC    GLOBAL DEFAULT  UND _ZN4Dali5TimeraSEOS0_
    81: 0000000000000000     0 FUNC    GLOBAL DEFAULT  UND _ZN4Dali17ConnectionTrackerC2Ev
    82: 0000000000000000     0 FUNC    GLOBAL DEFAULT  UND _ZN4Dali18TapGestureDetector14DetectedSignalEv
    83: 0000000000000000     0 FUNC    GLOBAL DEFAULT  UND _ZNK4Dali10RenderTask14GetCameraActorEv
    84: 0000000000000000     0 FUNC    GLOBAL DEFAULT  UND _ZN4Dali8Renderer3NewERNS_8GeometryERNS_6ShaderE
    85: 0000000000000000     0 FUNC    GLOBAL DEFAULT  UND _ZN4Dali8RendererD1Ev
    86: 0000000000000000     0 FUNC    GLOBAL DEFAULT  UND _ZNK4Dali9PixelData9GetHeightEv
    87: 0000000000000000     0 FUNC    GLOBAL DEFAULT  UND _ZN4Dali10TapGestureD1Ev
    88: 0000000000000000     0 FUNC    GLOBAL DEFAULT  UND _ZN4Dali15GestureDetector6AttachENS_5ActorE
    89: 0000000000000000     0 FUNC    GLOBAL DEFAULT  UND _ZN4Dali5ActorD1Ev
    90: 0000000000000000     0 FUNC    GLOBAL DEFAULT  UND _ZN4Dali10TouchEventD1Ev
    91: 0000000000000000     0 FUNC    GLOBAL DEFAULT  UND _ZN4Dali18TapGestureDetectoraSEOS0_
    92: 0000000000000000     0 FUNC    GLOBAL DEFAULT  UND _ZN4Dali10StringViewD1Ev
    93: 0000000000000000     0 FUNC    GLOBAL DEFAULT  UND _ZN4Dali8Property5ValueC1EOS1_
    94: 0000000000000000     0 FUNC    GLOBAL DEFAULT  UND _ZN4Dali6Window3AddENS_5ActorE
    95: 0000000000000000     0 FUNC    GLOBAL DEFAULT  UND _ZN4Dali6StringC1EOS0_
    96: 0000000000000000     0 OBJECT  GLOBAL DEFAULT  UND _ZTIN4Dali17ConnectionTrackerE
    97: 0000000000000000     0 FUNC    GLOBAL DEFAULT  UND _ZN4Dali8Property5ValueC1ERKNS_10QuaternionE
    98: 0000000000000000     0 FUNC    GLOBAL DEFAULT  UND _ZN4Dali6ShaderaSEOS0_
    99: 0000000000000000     0 FUNC    GLOBAL DEFAULT  UND _ZN4Dali11Application9GetWindowEv
   100: 0000000000000000     0 OBJECT  GLOBAL DEFAULT  UND _ZTVN10__cxxabiv120__si_class_type_infoE@CXXABI_1.3 (2)
   101: 0000000000000000     0 FUNC    GLOBAL DEFAULT  UND _ZNK4Dali10TouchEvent8GetStateEj
   102: 0000000000000000     0 FUNC    GLOBAL DEFAULT  UND _ZN4Dali6WindowC1ERKS0_
   103: 0000000000000000     0 FUNC    GLOBAL DEFAULT  UND _ZN4Dali12CallbackBaseC2EPvMS0_FvvEPFvRS0_E
   104: 0000000000000000     0 FUNC    GLOBAL DEFAULT  UND _ZN4Dali6Window18SetBackgroundColorERKNS_7Vector4E
   105: 0000000000000000     0 FUNC    GLOBAL DEFAULT  UND _ZN4Dali18TapGestureDetector3NewEj
   106: 0000000000000000     0 FUNC    GLOBAL DEFAULT  UND _ZN4Dali10QuaternionC1ENS_6RadianERKNS_7Vector3E
   107: 0000000000000000     0 FUNC    GLOBAL DEFAULT  UND _ZN4Dali8GeometryD1Ev
   108: 0000000000000000     0 FUNC    GLOBAL DEFAULT  UND _ZN4Dali9Animation9AnimateByENS_8PropertyENS1_5ValueE
   109: 0000000000000000     0 FUNC    GLOBAL DEFAULT  UND _ZN4Dali11Application8MainLoopEv
   110: 0000000000000000     0 FUNC    GLOBAL DEFAULT  UND _ZN4Dali7Texture3NewENS_11TextureType4TypeENS_5Pixel6FormatEjj
   111: 0000000000000000     0 FUNC    GLOBAL DEFAULT  UND _ZNK4Dali6Window7GetSizeEv
   112: 0000000000000000     0 FUNC    GLOBAL DEFAULT  UND _ZN4Dali10TextureSet10SetTextureEjNS_7TextureE
   113: 0000000000000000     0 FUNC    GLOBAL DEFAULT  UND _ZNK4Dali9PixelData8GetWidthEv
   114: 0000000000000000     0 FUNC    GLOBAL DEFAULT  UND _ZN4Dali8GeometryC1Ev
   115: 0000000000000000     0 FUNC    GLOBAL DEFAULT  UND _ZN4Dali5TimerD1Ev
   116: 0000000000000000     0 FUNC    GLOBAL DEFAULT  UND _ZN4Dali6ShaderC1Ev
   117: 0000000000000000     0 FUNC    GLOBAL DEFAULT  UND _ZN4Dali8Property5ValueC1Ef
   118: 0000000000000000     0 FUNC    GLOBAL DEFAULT  UND _ZN4Dali9Animation10SetLoopingEb
   119: 0000000000000000     0 FUNC    GLOBAL DEFAULT  UND _ZN4Dali5Actor3AddES0_
   120: 0000000000000000     0 FUNC    GLOBAL DEFAULT  UND _ZN4Dali10StringViewC1EPKc
   121: 0000000000000000     0 FUNC    GLOBAL DEFAULT  UND _ZN4Dali18TapGestureDetectorC1Ev
   122: 0000000000000000     0 FUNC    GLOBAL DEFAULT  UND _ZN4Dali10TextureSetaSEOS0_
   123: 0000000000000000     0 FUNC    GLOBAL DEFAULT  UND _ZNK4Dali6Window12GetRootLayerEv
   124: 0000000000000000     0 FUNC    GLOBAL DEFAULT  UND _ZNK4Dali10TouchEvent17GetScreenPositionEj
   125: 0000000000000000     0 FUNC    GLOBAL DEFAULT  UND _ZN4Dali7TextureC1ERKS0_
   126: 0000000000000000     0 NOTYPE  WEAK   DEFAULT  UND _ITM_registerTMCloneTable
   127: 0000000000000000     0 FUNC    GLOBAL DEFAULT  UND _ZN4Dali10BaseSignal9OnConnectEPNS_26ConnectionTrackerInterfaceEPNS_12CallbackBaseE
   128: 0000000000000000     0 FUNC    GLOBAL DEFAULT  UND _ZNK4Dali14RenderTaskList7GetTaskEj
   129: 0000000000000000     0 FUNC    GLOBAL DEFAULT  UND _ZN4Dali10RenderTask11SetCullModeEb
   130: 0000000000000000     0 FUNC    GLOBAL DEFAULT  UND _ZN4Dali8Property3Map6InsertENS_6StringENS0_5ValueE
   131: 0000000000000000     0 OBJECT  GLOBAL DEFAULT  UND _ZN4Dali7Vector24ZEROE
   132: 0000000000000000     0 OBJECT  GLOBAL DEFAULT  UND _ZN4Dali7Vector35ZAXISE
   133: 0000000000000000     0 FUNC    GLOBAL DEFAULT  UND _ZNK4Dali10QuaternionmlERKS0_
   134: 0000000000000000     0 FUNC    GLOBAL DEFAULT  UND _ZN4Dali11ApplicationC1ERKS0_
   135: 0000000000000000     0 FUNC    GLOBAL DEFAULT  UND _ZN4Dali7TextureD1Ev
   136: 0000000000000000     0 FUNC    GLOBAL DEFAULT  UND _ZN4Dali5Timer5StartEv
   137: 0000000000000000     0 FUNC    GLOBAL DEFAULT  UND _ZN4Dali7Texture6UploadENS_9PixelDataEjjjjjj
   138: 0000000000000000     0 FUNC    GLOBAL DEFAULT  UND _ZN4Dali7TextureaSEOS0_
   139: 0000000000000000     0 FUNC    GLOBAL DEFAULT  UND _ZN4Dali6StringC1EPKc
   140: 0000000000000000     0 FUNC    GLOBAL DEFAULT  UND _ZN4Dali11Application4QuitEv
   141: 0000000000000000     0 FUNC    GLOBAL DEFAULT  UND _ZN4Dali6Window17GetRenderTaskListEv
   142: 0000000000000000     0 FUNC    GLOBAL DEFAULT  UND _ZN4Dali12VertexBuffer7SetDataEPKvj
   143: 0000000000000000     0 OBJECT  GLOBAL DEFAULT  UND _ZTIN4Dali12CallbackBaseE
   144: 0000000000000000     0 FUNC    GLOBAL DEFAULT  UND _ZSt9terminatev@GLIBCXX_3.4 (5)
   145: 0000000000000000     0 FUNC    GLOBAL DEFAULT  UND _ZN4Dali12VertexBufferD1Ev
   146: 0000000000000000     0 FUNC    GLOBAL DEFAULT  UND _ZN4Dali10TapGestureC1ERKS0_
   147: 0000000000000000     0 FUNC    GLOBAL DEFAULT  UND _ZN4Dali10QuaternionC1Ev
   148: 0000000000000000     0 FUNC    GLOBAL DEFAULT  UND _ZN4Dali5ActorC1Ev
   149: 0000000000000000     0 FUNC    GLOBAL DEFAULT  UND _ZN4Dali12CallbackBaseD2Ev
   150: 0000000000000000     0 FUNC    GLOBAL DEFAULT  UND _ZN4Dali11CameraActoraSEOS0_
   151: 0000000000000000     0 FUNC    GLOBAL DEFAULT  UND _ZN4Dali8KeyEventD1Ev
   152: 0000000000000000     0 FUNC    GLOBAL DEFAULT  UND _ZN4Dali8Geometry7SetTypeENS0_4TypeE
   153: 0000000000000000     0 FUNC    GLOBAL DEFAULT  UND __libc_start_main@GLIBC_2.34 (9)
   154: 0000000000000000     0 FUNC    GLOBAL DEFAULT  UND _ZN4Dali8GeometryaSEOS0_
   155: 0000000000000000     0 OBJECT  GLOBAL DEFAULT  UND _ZN4Dali7Vector35YAXISE
   156: 0000000000000000     0 FUNC    GLOBAL DEFAULT  UND _ZN4Dali5ActorC1ERKS0_
   157: 0000000000000000     0 FUNC    GLOBAL DEFAULT  UND _ZN4Dali11CameraActor19SetFarClippingPlaneEf
   158: 0000000000000000     0 FUNC    WEAK   DEFAULT  UND __cxa_finalize@GLIBC_2.2.5 (6)
