
Symbol table '.dynsym' contains 66 entries:
   Num:    Value          Size Type    Bind   Vis      Ndx Name
     0: 0000000000000000     0 NOTYPE  LOCAL  DEFAULT  UND 
     1: 0000000000000000     0 FUNC    GLOBAL DEFAULT  UND _ZN4Dali7Toolkit9TextFieldaSEOS1_
     2: 0000000000000000     0 FUNC    GLOBAL DEFAULT  UND _ZN4Dali8KeyEventC1ERKS0_
     3: 0000000000000000     0 FUNC    GLOBAL DEFAULT  UND _ZNK4Dali6Handle11GetPropertyEi
     4: 0000000000000000     0 FUNC    GLOBAL DEFAULT  UND _ZNK4Dali10BaseHandleeqERKS0_
     5: 0000000000000000     0 FUNC    GLOBAL DEFAULT  UND _ZN4Dali8Property5ValueC1Ei
     6: 0000000000000000     0 FUNC    GLOBAL DEFAULT  UND _ZN4Dali7Toolkit10PushButtonC1Ev
     7: 0000000000000000     0 FUNC    GLOBAL DEFAULT  UND _ZdlPvm@CXXABI_1.3.9 (2)
     8: 0000000000000000     0 NOTYPE  WEAK   DEFAULT  UND _ITM_deregisterTMCloneTable
     9: 0000000000000000     0 FUNC    GLOBAL DEFAULT  UND _Znwm@GLIBCXX_3.4 (3)
    10: 0000000000000000     0 FUNC    GLOBAL DEFAULT  UND _ZN4Dali8Property5ValueC1ERKNS_7Vector4E
    11: 0000000000000000     0 FUNC    GLOBAL DEFAULT  UND _ZN4Dali11Application10InitSignalEv
    12: 0000000000000000     0 FUNC    GLOBAL DEFAULT  UND _ZN4Dali7Toolkit9TextField3NewEv
    13: 0000000000000000     0 FUNC    GLOBAL DEFAULT  UND _ZN4Dali7Toolkit6ButtonD1Ev
    14: 0000000000000000     0 FUNC    GLOBAL DEFAULT  UND _ZN4Dali6WindowD1Ev
    15: 0000000000000000     0 FUNC    GLOBAL DEFAULT  UND _ZN4Dali5IsKeyERKNS_8KeyEventENS_3KEYE
    16: 0000000000000000     0 FUNC    GLOBAL DEFAULT  UND _ZN4Dali8Property5ValueC1EPKc
    17: 0000000000000000     0 FUNC    GLOBAL DEFAULT  UND _ZN4Dali8Property5ValueC1ERKNS_7Vector3E
    18: 0000000000000000     0 FUNC    GLOBAL DEFAULT  UND __stack_chk_fail@GLIBC_2.4 (5)
    19: 0000000000000000     0 FUNC    GLOBAL DEFAULT  UND _ZN4Dali6Window14KeyEventSignalEv
    20: 0000000000000000     0 FUNC    GLOBAL DEFAULT  UND _ZN4Dali11ApplicationD1Ev
    21: 0000000000000000     0 FUNC    GLOBAL DEFAULT  UND _ZN4Dali11Application3NewEPiPPPcNS_10StringViewE
    22: 0000000000000000     0 FUNC    GLOBAL DEFAULT  UND _ZN4Dali17ConnectionTracker15SignalConnectedEPNS_12SlotObserverEPNS_12CallbackBaseE
    23: 0000000000000000     0 FUNC    GLOBAL DEFAULT  UND _ZN4Dali17ConnectionTracker18SignalDisconnectedEPNS_12SlotObserverEPNS_12CallbackBaseE
    24: 0000000000000000     0 FUNC    GLOBAL DEFAULT  UND _ZNK4Dali8KeyEvent8GetStateEv
    25: 0000000000000000     0 FUNC    GLOBAL DEFAULT  UND _ZN4Dali8Property5ValueD1Ev
    26: 0000000000000000     0 FUNC    GLOBAL DEFAULT  UND _ZN4Dali17ConnectionTrackerD2Ev
    27: 0000000000000000     0 NOTYPE  WEAK   DEFAULT  UND __gmon_start__
    28: 0000000000000000     0 FUNC    GLOBAL DEFAULT  UND _ZN4Dali6Handle11SetPropertyEiNS_8Property5ValueE
    29: 0000000000000000     0 FUNC    GLOBAL DEFAULT  UND _ZN4Dali7Toolkit10PushButton3NewEv
    30: 0000000000000000     0 FUNC    GLOBAL DEFAULT  UND _ZN4Dali10BaseSignalC1Ev
    31: 0000000000000000     0 FUNC    GLOBAL DEFAULT  UND setenv@GLIBC_2.2.5 (4)
    32: 0000000000000000     0 FUNC    GLOBAL DEFAULT  UND _ZN4Dali7Toolkit10PushButtonD1Ev
    33: 0000000000000000     0 FUNC    GLOBAL DEFAULT  UND __gxx_personality_v0@CXXABI_1.3 (6)
    34: 0000000000000000     0 FUNC    GLOBAL DEFAULT  UND _ZN4Dali7Toolkit6ButtonC1ERKS1_
    35: 0000000000000000     0 FUNC    GLOBAL DEFAULT  UND _ZN4Dali7Toolkit10PushButtonaSEOS1_
    36: 0000000000000000     0 FUNC    GLOBAL DEFAULT  UND _Unwind_Resume@GCC_3.0 (7)
    37: 0000000000000000     0 FUNC    GLOBAL DEFAULT  UND _ZNK4Dali8Property5Value3GetERi
    38: 0000000000000000     0 FUNC    GLOBAL DEFAULT  UND _ZN4Dali8Property5ValueC1Eb
    39: 0000000000000000     0 FUNC    GLOBAL DEFAULT  UND _ZN4Dali17ConnectionTrackerC2Ev
    40: 0000000000000000     0 FUNC    GLOBAL DEFAULT  UND _ZN4Dali5ActorD1Ev
    41: 0000000000000000     0 FUNC    GLOBAL DEFAULT  UND _ZN4Dali10StringViewD1Ev
    42: 0000000000000000     0 FUNC    GLOBAL DEFAULT  UND _ZN4Dali6Window3AddENS_5ActorE
    43: 0000000000000000     0 OBJECT  GLOBAL DEFAULT  UND _ZTIN4Dali17ConnectionTrackerE
    44: 0000000000000000     0 FUNC    GLOBAL DEFAULT  UND _ZN4Dali7Toolkit7Control18SetBackgroundColorERKNS_7Vector4E
    45: 0000000000000000     0 FUNC    GLOBAL DEFAULT  UND _ZN4Dali11Application9GetWindowEv
    46: 0000000000000000     0 OBJECT  GLOBAL DEFAULT  UND _ZTVN10__cxxabiv120__si_class_type_infoE@CXXABI_1.3 (6)
    47: 0000000000000000     0 FUNC    GLOBAL DEFAULT  UND _ZN4Dali6WindowC1ERKS0_
    48: 0000000000000000     0 FUNC    GLOBAL DEFAULT  UND _ZN4Dali12CallbackBaseC2EPvMS0_FvvEPFvRS0_E
    49: 0000000000000000     0 FUNC    GLOBAL DEFAULT  UND _ZN4Dali6Window18SetBackgroundColorERKNS_7Vector4E
    50: 0000000000000000     0 FUNC    GLOBAL DEFAULT  UND _ZN4Dali11Application8MainLoopEv
    51: 0000000000000000     0 FUNC    GLOBAL DEFAULT  UND _ZN4Dali8Property5ValueC1ERKNS_7Vector2E
    52: 0000000000000000     0 FUNC    GLOBAL DEFAULT  UND _ZN4Dali10StringViewC1EPKc
    53: 0000000000000000     0 FUNC    GLOBAL DEFAULT  UND _ZN4Dali7Toolkit9TextFieldC1Ev
    54: 0000000000000000     0 FUNC    GLOBAL DEFAULT  UND _ZN4Dali7Toolkit6Button13ClickedSignalEv
    55: 0000000000000000     0 NOTYPE  WEAK   DEFAULT  UND _ITM_registerTMCloneTable
    56: 0000000000000000     0 FUNC    GLOBAL DEFAULT  UND _ZN4Dali10BaseSignal9OnConnectEPNS_26ConnectionTrackerInterfaceEPNS_12CallbackBaseE
    57: 0000000000000000     0 FUNC    GLOBAL DEFAULT  UND _ZN4Dali11ApplicationC1ERKS0_
    58: 0000000000000000     0 FUNC    GLOBAL DEFAULT  UND _ZN4Dali11Application4QuitEv
    59: 0000000000000000     0 FUNC    GLOBAL DEFAULT  UND _ZN4Dali7Toolkit9TextFieldD1Ev
    60: 0000000000000000     0 OBJECT  GLOBAL DEFAULT  UND _ZTIN4Dali12CallbackBaseE
    61: 0000000000000000     0 FUNC    GLOBAL DEFAULT  UND _ZN4Dali12CallbackBaseD2Ev
    62: 0000000000000000     0 FUNC    GLOBAL DEFAULT  UND _ZN4Dali8KeyEventD1Ev
    63: 0000000000000000     0 FUNC    GLOBAL DEFAULT  UND __libc_start_main@GLIBC_2.34 (8)
    64: 0000000000000000     0 FUNC    GLOBAL DEFAULT  UND _ZN4Dali5ActorC1ERKS0_
    65: 0000000000000000     0 FUNC    WEAK   DEFAULT  UND __cxa_finalize@GLIBC_2.2.5 (4)
