
Symbol table '.dynsym' contains 82 entries:
   Num:    Value          Size Type    Bind   Vis      Ndx Name
     0: 0000000000000000     0 NOTYPE  LOCAL  DEFAULT  UND 
     1: 0000000000000000     0 FUNC    GLOBAL DEFAULT  UND _ZN4Dali8PropertyD1Ev
     2: 0000000000000000     0 FUNC    GLOBAL DEFAULT  UND _ZN4Dali9Animation4PlayEv
     3: 0000000000000000     0 FUNC    GLOBAL DEFAULT  UND _ZN4Dali7Toolkit9ImageViewD1Ev
     4: 0000000000000000     0 FUNC    GLOBAL DEFAULT  UND _ZN4Dali8KeyEventC1ERKS0_
     5: 0000000000000000     0 FUNC    GLOBAL DEFAULT  UND _ZN4Dali8Property5ValueC2Ei
     6: 0000000000000000     0 FUNC    GLOBAL DEFAULT  UND _ZdlPvm@CXXABI_1.3.9 (2)
     7: 0000000000000000     0 NOTYPE  WEAK   DEFAULT  UND _ITM_deregisterTMCloneTable
     8: 0000000000000000     0 FUNC    GLOBAL DEFAULT  UND _ZN4Dali13AlphaFunctionD1Ev
     9: 0000000000000000     0 FUNC    GLOBAL DEFAULT  UND _ZN4Dali9PixelDataD1Ev
    10: 0000000000000000     0 FUNC    GLOBAL DEFAULT  UND _ZN4Dali6StringD1Ev
    11: 0000000000000000     0 FUNC    GLOBAL DEFAULT  UND _Znwm@GLIBCXX_3.4 (3)
    12: 0000000000000000     0 FUNC    GLOBAL DEFAULT  UND _ZN4Dali8Property5ValueC1ERKNS_7Vector4E
    13: 0000000000000000     0 FUNC    GLOBAL DEFAULT  UND _ZN4Dali11Application10InitSignalEv
    14: 0000000000000000     0 FUNC    GLOBAL DEFAULT  UND _ZN4Dali7Toolkit9ImageView3NewEv
    15: 0000000000000000     0 FUNC    GLOBAL DEFAULT  UND _ZN4Dali6WindowD1Ev
    16: 0000000000000000     0 FUNC    GLOBAL DEFAULT  UND _ZN4Dali5IsKeyERKNS_8KeyEventENS_3KEYE
    17: 0000000000000000     0 FUNC    GLOBAL DEFAULT  UND _ZN4Dali8Property5ValueC1EPKc
    18: 0000000000000000     0 FUNC    GLOBAL DEFAULT  UND _ZN4Dali8Property3MapC1Ev
    19: 0000000000000000     0 FUNC    GLOBAL DEFAULT  UND _ZN4Dali8Property5ValueC1ERKNS_7Vector3E
    20: 0000000000000000     0 FUNC    GLOBAL DEFAULT  UND __stack_chk_fail@GLIBC_2.4 (5)
    21: 0000000000000000     0 FUNC    GLOBAL DEFAULT  UND _ZN4Dali8PropertyC1ERNS_6HandleEi
    22: 0000000000000000     0 FUNC    GLOBAL DEFAULT  UND _ZN4Dali6Window14KeyEventSignalEv
    23: 0000000000000000     0 FUNC    GLOBAL DEFAULT  UND _ZN4Dali11ApplicationD1Ev
    24: 0000000000000000     0 FUNC    GLOBAL DEFAULT  UND _ZN4Dali11Application3NewEPiPPPcNS_10StringViewE
    25: 0000000000000000     0 FUNC    GLOBAL DEFAULT  UND _ZN4Dali17ConnectionTracker15SignalConnectedEPNS_12SlotObserverEPNS_12CallbackBaseE
    26: 0000000000000000     0 FUNC    GLOBAL DEFAULT  UND _ZN4Dali17ConnectionTracker18SignalDisconnectedEPNS_12SlotObserverEPNS_12CallbackBaseE
    27: 0000000000000000     0 FUNC    GLOBAL DEFAULT  UND _ZNK4Dali8KeyEvent8GetStateEv
    28: 0000000000000000     0 FUNC    GLOBAL DEFAULT  UND _ZN4Dali8Property5ValueD1Ev
    29: 0000000000000000     0 FUNC    GLOBAL DEFAULT  UND _ZN4Dali17ConnectionTrackerD2Ev
    30: 0000000000000000     0 FUNC    GLOBAL DEFAULT  UND _ZN4Dali6StringC1ERKS0_
    31: 0000000000000000     0 FUNC    GLOBAL DEFAULT  UND _ZN4Dali9AnimationD1Ev
    32: 0000000000000000     0 NOTYPE  WEAK   DEFAULT  UND __gmon_start__
    33: 0000000000000000     0 FUNC    GLOBAL DEFAULT  UND _ZN4Dali6Handle11SetPropertyEiNS_8Property5ValueE
    34: 0000000000000000     0 FUNC    GLOBAL DEFAULT  UND _ZN4Dali8Property5ValueC1ENS_6StringE
    35: 0000000000000000     0 FUNC    GLOBAL DEFAULT  UND _Znam@GLIBCXX_3.4 (3)
    36: 0000000000000000     0 FUNC    GLOBAL DEFAULT  UND _ZN4Dali10BaseSignalC1Ev
    37: 0000000000000000     0 FUNC    GLOBAL DEFAULT  UND setenv@GLIBC_2.2.5 (4)
    38: 0000000000000000     0 FUNC    GLOBAL DEFAULT  UND _ZN4Dali8Property3MapD1Ev
    39: 0000000000000000     0 FUNC    GLOBAL DEFAULT  UND _ZN4Dali9PixelDataC1ERKS0_
    40: 0000000000000000     0 FUNC    GLOBAL DEFAULT  UND _ZN4Dali9Animation3NewEf
    41: 0000000000000000     0 FUNC    GLOBAL DEFAULT  UND _ZN4Dali7Toolkit14TextureManager10AddTextureERNS_7TextureEb
    42: 0000000000000000     0 FUNC    GLOBAL DEFAULT  UND __gxx_personality_v0@CXXABI_1.3 (6)
    43: 0000000000000000     0 FUNC    GLOBAL DEFAULT  UND _Unwind_Resume@GCC_3.0 (7)
    44: 0000000000000000     0 FUNC    GLOBAL DEFAULT  UND _ZN4Dali8Property3MapC1ERKS1_
    45: 0000000000000000     0 FUNC    GLOBAL DEFAULT  UND _ZN4Dali8Property5ValueC1Eb
    46: 0000000000000000     0 FUNC    GLOBAL DEFAULT  UND _ZN4Dali17ConnectionTrackerC2Ev
    47: 0000000000000000     0 FUNC    GLOBAL DEFAULT  UND _ZN4Dali13AlphaFunctionC1ENS0_15BuiltinFunctionE
    48: 0000000000000000     0 FUNC    GLOBAL DEFAULT  UND _ZN4Dali8Property3Map6InsertEiNS0_5ValueE
    49: 0000000000000000     0 FUNC    GLOBAL DEFAULT  UND _ZN4Dali5ActorD1Ev
    50: 0000000000000000     0 FUNC    GLOBAL DEFAULT  UND _ZN4Dali10StringViewD1Ev
    51: 0000000000000000     0 FUNC    GLOBAL DEFAULT  UND _ZN4Dali6Window3AddENS_5ActorE
    52: 0000000000000000     0 OBJECT  GLOBAL DEFAULT  UND _ZTIN4Dali17ConnectionTrackerE
    53: 0000000000000000     0 FUNC    GLOBAL DEFAULT  UND _ZN4Dali11Application9GetWindowEv
    54: 0000000000000000     0 FUNC    GLOBAL DEFAULT  UND _ZN4Dali9PixelData3NewEPhjjjNS_5Pixel6FormatENS0_15ReleaseFunctionE
    55: 0000000000000000     0 OBJECT  GLOBAL DEFAULT  UND _ZTVN10__cxxabiv120__si_class_type_infoE@CXXABI_1.3 (6)
    56: 0000000000000000     0 FUNC    GLOBAL DEFAULT  UND _ZN4Dali6WindowC1ERKS0_
    57: 0000000000000000     0 FUNC    GLOBAL DEFAULT  UND _ZN4Dali12CallbackBaseC2EPvMS0_FvvEPFvRS0_E
    58: 0000000000000000     0 FUNC    GLOBAL DEFAULT  UND _ZN4Dali11Application8MainLoopEv
    59: 0000000000000000     0 FUNC    GLOBAL DEFAULT  UND _ZN4Dali7Texture3NewENS_11TextureType4TypeENS_5Pixel6FormatEjj
    60: 0000000000000000     0 FUNC    GLOBAL DEFAULT  UND _ZNK4Dali6Window7GetSizeEv
    61: 0000000000000000     0 FUNC    GLOBAL DEFAULT  UND _ZN4Dali10TimePeriodC1Eff
    62: 0000000000000000     0 FUNC    GLOBAL DEFAULT  UND _ZN4Dali10TimePeriodD1Ev
    63: 0000000000000000     0 FUNC    GLOBAL DEFAULT  UND _ZN4Dali8Property5ValueC1ERKNS_7Vector2E
    64: 0000000000000000     0 FUNC    GLOBAL DEFAULT  UND _ZN4Dali8Property5ValueC1Ef
    65: 0000000000000000     0 FUNC    GLOBAL DEFAULT  UND _ZN4Dali9Animation10SetLoopingEb
    66: 0000000000000000     0 FUNC    GLOBAL DEFAULT  UND _ZN4Dali5Actor3AddES0_
    67: 0000000000000000     0 FUNC    GLOBAL DEFAULT  UND _ZN4Dali10StringViewC1EPKc
    68: 0000000000000000     0 FUNC    GLOBAL DEFAULT  UND _ZN4Dali7Texture6UploadENS_9PixelDataE
    69: 0000000000000000     0 NOTYPE  WEAK   DEFAULT  UND _ITM_registerTMCloneTable
    70: 0000000000000000     0 FUNC    GLOBAL DEFAULT  UND _ZN4Dali10BaseSignal9OnConnectEPNS_26ConnectionTrackerInterfaceEPNS_12CallbackBaseE
    71: 0000000000000000     0 FUNC    GLOBAL DEFAULT  UND _ZN4Dali11ApplicationC1ERKS0_
    72: 0000000000000000     0 FUNC    GLOBAL DEFAULT  UND _ZN4Dali7TextureD1Ev
    73: 0000000000000000     0 FUNC    GLOBAL DEFAULT  UND _ZN4Dali11Application4QuitEv
    74: 0000000000000000     0 FUNC    GLOBAL DEFAULT  UND _ZN4Dali9Animation9AnimateToENS_8PropertyENS1_5ValueENS_13AlphaFunctionENS_10TimePeriodE
    75: 0000000000000000     0 OBJECT  GLOBAL DEFAULT  UND _ZTIN4Dali12CallbackBaseE
    76: 0000000000000000     0 FUNC    GLOBAL DEFAULT  UND _ZN4Dali8Property5ValueC1ENS0_3MapE
    77: 0000000000000000     0 FUNC    GLOBAL DEFAULT  UND _ZN4Dali12CallbackBaseD2Ev
    78: 0000000000000000     0 FUNC    GLOBAL DEFAULT  UND _ZN4Dali8KeyEventD1Ev
    79: 0000000000000000     0 FUNC    GLOBAL DEFAULT  UND __libc_start_main@GLIBC_2.34 (8)
    80: 0000000000000000     0 FUNC    GLOBAL DEFAULT  UND _ZN4Dali5ActorC1ERKS0_
    81: 0000000000000000     0 FUNC    WEAK   DEFAULT  UND __cxa_finalize@GLIBC_2.2.5 (4)
