
Dynamic section at offset 0x74858 contains 41 entries:
  Tag        Type                         Name/Value
 0x0000000000000001 (NEEDED)             Shared library: [libbundle.so.0]
 0x0000000000000001 (NEEDED)             Shared library: [libdlog.so.0]
 0x0000000000000001 (NEEDED)             Shared library: [libglib-2.0.so.0]
 0x0000000000000001 (NEEDED)             Shared library: [libcap.so.2]
 0x0000000000000001 (NEEDED)             Shared library: [libtzplatform-config-2.0.so.2]
 0x0000000000000001 (NEEDED)             Shared library: [libsecurity-manager-client.so.3]
 0x0000000000000001 (NEEDED)             Shared library: [libtanchor-runtime.so.2]
 0x0000000000000001 (NEEDED)             Shared library: [libgtest.so.1.15.2]
 0x0000000000000001 (NEEDED)             Shared library: [libsmack.so.1]
 0x0000000000000001 (NEEDED)             Shared library: [liblaunchpad-core.so.0]
 0x0000000000000001 (NEEDED)             Shared library: [liblaunchpad-common.so.0]
 0x0000000000000001 (NEEDED)             Shared library: [libparcel.so.0]
 0x0000000000000001 (NEEDED)             Shared library: [libstdc++.so.6]
 0x0000000000000001 (NEEDED)             Shared library: [libm.so.6]
 0x0000000000000001 (NEEDED)             Shared library: [libgcc_s.so.1]
 0x0000000000000001 (NEEDED)             Shared library: [libc.so.6]
 0x000000000000000c (INIT)               0x28000
 0x000000000000000d (FINI)               0x5c20c
 0x0000000000000019 (INIT_ARRAY)         0x74808
 0x000000000000001b (INIT_ARRAYSZ)       32 (bytes)
 0x000000000000001a (FINI_ARRAY)         0x74828
 0x000000000000001c (FINI_ARRAYSZ)       8 (bytes)
 0x000000006ffffef5 (GNU_HASH)           0x340
 0x0000000000000005 (STRTAB)             0xad80
 0x0000000000000006 (SYMTAB)             0x2878
 0x000000000000000a (STRSZ)              95383 (bytes)
 0x000000000000000b (SYMENT)             24 (bytes)
 0x0000000000000015 (DEBUG)              0x0
 0x0000000000000003 (PLTGOT)             0x75bc0
 0x0000000000000002 (PLTRELSZ)           7224 (bytes)
 0x0000000000000014 (PLTREL)             RELA
 0x0000000000000017 (JMPREL)             0x25d70
 0x0000000000000007 (RELA)               0x22f50
 0x0000000000000008 (RELASZ)             11808 (bytes)
 0x0000000000000009 (RELAENT)            24 (bytes)
 0x000000006ffffffb (FLAGS_1)            Flags: PIE
 0x000000006ffffffe (VERNEED)            0x22d30
 0x000000006fffffff (VERNEEDNUM)         6
 0x000000006ffffff0 (VERSYM)             0x22218
 0x000000006ffffff9 (RELACOUNT)          359
 0x0000000000000000 (NULL)               0x0
