
Dynamic section at offset 0x25ed60 contains 31 entries:
  Tag        Type                         Name/Value
 0x0000000000000001 (NEEDED)             Shared library: [libm.so.6]
 0x0000000000000001 (NEEDED)             Shared library: [libc.so.6]
 0x0000000000000001 (NEEDED)             Shared library: [ld-linux-x86-64.so.2]
 0x0000000000000001 (NEEDED)             Shared library: [libgcc_s.so.1]
 0x000000000000000e (SONAME)             Library soname: [libstdc++.so.6]
 0x000000000000000c (INIT)               0xa5000
 0x000000000000000d (FINI)               0x1ce710
 0x0000000000000019 (INIT_ARRAY)         0x2562f0
 0x000000000000001b (INIT_ARRAYSZ)       136 (bytes)
 0x000000000000001a (FINI_ARRAY)         0x256378
 0x000000000000001c (FINI_ARRAYSZ)       8 (bytes)
 0x0000000000000004 (HASH)               0x338
 0x000000006ffffef5 (GNU_HASH)           0x8548
 0x0000000000000005 (STRTAB)             0x360f0
 0x0000000000000006 (SYMTAB)             0x11460
 0x000000000000000a (STRSZ)              308098 (bytes)
 0x000000000000000b (SYMENT)             24 (bytes)
 0x0000000000000003 (PLTGOT)             0x260fe8
 0x0000000000000002 (PLTRELSZ)           25032 (bytes)
 0x0000000000000014 (PLTREL)             RELA
 0x0000000000000017 (JMPREL)             0x9e150
 0x0000000000000007 (RELA)               0x84e60
 0x0000000000000008 (RELASZ)             103152 (bytes)
 0x0000000000000009 (RELAENT)            24 (bytes)
 0x000000006ffffffc (VERDEF)             0x84580
 0x000000006ffffffd (VERDEFNUM)          53
 0x000000006ffffffe (VERNEED)            0x84cd0
 0x000000006fffffff (VERNEEDNUM)         4
 0x000000006ffffff0 (VERSYM)             0x81472
 0x000000006ffffff9 (RELACOUNT)          1010
 0x0000000000000000 (NULL)               0x0
