
Dynamic section at offset 0x925b0 contains 30 entries:
  Tag        Type                         Name/Value
 0x0000000000000001 (NEEDED)             Shared library: [libstdc++.so.6]
 0x0000000000000001 (NEEDED)             Shared library: [libgcc_s.so.1]
 0x0000000000000001 (NEEDED)             Shared library: [libc.so.6]
 0x0000000000000001 (NEEDED)             Shared library: [ld-linux-x86-64.so.2]
 0x000000000000000e (SONAME)             Library soname: [libbehaviortree_cpp_v3.so]
 0x000000000000000c (INIT)               0x42000
 0x000000000000000d (FINI)               0x77914
 0x0000000000000019 (INIT_ARRAY)         0x914a0
 0x000000000000001b (INIT_ARRAYSZ)       8 (bytes)
 0x000000000000001a (FINI_ARRAY)         0x914a8
 0x000000000000001c (FINI_ARRAYSZ)       8 (bytes)
 0x000000006ffffef5 (GNU_HASH)           0x238
 0x0000000000000005 (STRTAB)             0xba30
 0x0000000000000006 (SYMTAB)             0x2b50
 0x000000000000000a (STRSZ)              167168 (bytes)
 0x000000000000000b (SYMENT)             24 (bytes)
 0x0000000000000003 (PLTGOT)             0x93fe8
 0x0000000000000002 (PLTRELSZ)           19416 (bytes)
 0x0000000000000014 (PLTREL)             RELA
 0x0000000000000017 (JMPREL)             0x3cc88
 0x0000000000000007 (RELA)               0x35560
 0x0000000000000008 (RELASZ)             30504 (bytes)
 0x0000000000000009 (RELAENT)            24 (bytes)
 0x000000006ffffffc (VERDEF)             0x35318
 0x000000006ffffffd (VERDEFNUM)          2
 0x000000006ffffffe (VERNEED)            0x35350
 0x000000006fffffff (VERNEEDNUM)         4
 0x000000006ffffff0 (VERSYM)             0x34730
 0x000000006ffffff9 (RELACOUNT)          247
 0x0000000000000000 (NULL)               0x0
