PWD=/home/toolchain/development/libc++_replacement
COMMAND= progress/R40/tools/resource_gate.sh tmp/R40 R40_DIAGNOSTIC_ARM_PROBE_LINK_RETRY2_ATTEMPT_1
RESOURCE_GATE_LABEL=R40_DIAGNOSTIC_ARM_PROBE_LINK_RETRY2_ATTEMPT_1
COMMAND=nproc
20
COMMAND=free -h
               total        used        free      shared  buff/cache   available
Mem:            30Gi        10Gi       699Mi       634Mi        20Gi        20Gi
Swap:          4.0Gi       4.0Gi        68Ki
COMMAND=uptime
 20:15:44 up 3 days,  3:53,  1 user,  load average: 2.39, 5.01, 6.32
COMMAND=df -h tmp/R40
Filesystem      Size  Used Avail Use% Mounted on
/dev/sda1       1.8T  1.3T  469G  74% /home
CPU_COUNT=20
MEM_AVAILABLE_KIB=20988208
MEM_MINIMUM_KIB=8388608
LOAD_ONE=2.39
LOAD_LIMIT=16.000
RESOURCE_GATE_RESULT=PASS
EXIT_CODE=0
