RUNTIME_IDENTITIES_BEGIN
9ea8619e84d76651274bdb489081cfceb47ca51adaaaf1fb5fd3dba4bb84b53d  /home/toolchain/development/libc++_replacement/tmp/GBS-ROOT/LIBCXX-2218-x86_64-20260806-c2/local/BUILD-ROOTS/scratch.x86_64.0/home/abuild/rpmbuild/BUILD/llvm-22.1.8/build/lib/libc++.so.1.0
61166547a2fe162d190228367ea0f901f0b107580ad2cf4224f94ad3f84c8688  /home/toolchain/development/libc++_replacement/tmp/GBS-ROOT/LIBCXX-2218-x86_64-20260806-c2/local/BUILD-ROOTS/scratch.x86_64.0/home/abuild/rpmbuild/BUILD/llvm-22.1.8/build/lib/libc++abi.so.1.0
f54d347c269651921cbcee2dfb55a8ee226c4aa82a23ae8ffb87716b4d4f56d5  /home/toolchain/development/libc++_replacement/tmp/R42/build-patched-x86_64/lib/libc++abi.so.1.0
89caaa917eb406d9f18f29e83627187764a74e0d1a33c7465dd13d7e443ab461  /home/toolchain/development/libc++_replacement/tmp/R44b/build/x86_64/libc++.so.1.0
24289dd51cc7e80871a171b1fc492f7089df139f71e7dc60690c7095d6730315  /home/toolchain/development/libc++_replacement/tmp/R44b/tests/x86_64/libcxx/stdlib_cancel_probe
b8c85abeb01ad7cce38d0db98fab7d8eb598138c90e1c4ad125a4aa2f2be705f  /home/toolchain/development/libc++_replacement/tmp/R44b/tests/x86_64/libstdcxx/stdlib_cancel_probe
LOADER_LIST_SUITE=unpatched
	linux-vdso.so.1 (0x00007e68aad07000)
	libc++.so.1 => /home/toolchain/development/libc++_replacement/tmp/R44b/runtime/x86_64/unpatched/libc++.so.1 (0x00007e68aabe7000)
	libc++abi.so.1 => /home/toolchain/development/libc++_replacement/tmp/R44b/runtime/x86_64/unpatched/libc++abi.so.1 (0x00007e68aaba0000)
	libm.so.6 => /home/toolchain/development/libc++_replacement/tmp/GBS-ROOT/R32-candidates-libcxx-x86_64-20260813-02/local/BUILD-ROOTS/scratch.x86_64.0/usr/lib64/libm.so.6 (0x00007e68aaabd000)
	libgcc_s.so.1 => /home/toolchain/development/libc++_replacement/tmp/GBS-ROOT/R32-candidates-libcxx-x86_64-20260813-02/local/BUILD-ROOTS/scratch.x86_64.0/usr/lib64/libgcc_s.so.1 (0x00007e68aaa91000)
	libpthread.so.0 => /home/toolchain/development/libc++_replacement/tmp/GBS-ROOT/R32-candidates-libcxx-x86_64-20260813-02/local/BUILD-ROOTS/scratch.x86_64.0/usr/lib64/libpthread.so.0 (0x00007e68aaa8a000)
	libc.so.6 => /home/toolchain/development/libc++_replacement/tmp/GBS-ROOT/R32-candidates-libcxx-x86_64-20260813-02/local/BUILD-ROOTS/scratch.x86_64.0/usr/lib64/libc.so.6 (0x00007e68aa8ae000)
	libatomic.so.1 => /home/toolchain/development/libc++_replacement/tmp/GBS-ROOT/R32-candidates-libcxx-x86_64-20260813-02/local/BUILD-ROOTS/scratch.x86_64.0/usr/lib64/libatomic.so.1 (0x00007e68aa8a5000)
	/lib64/ld-linux-x86-64.so.2 => /home/toolchain/development/libc++_replacement/tmp/GBS-ROOT/R32-candidates-libcxx-x86_64-20260813-02/local/BUILD-ROOTS/scratch.x86_64.0/lib64/ld-linux-x86-64.so.2 (0x00007e68aad09000)
LOADER_LIST_EXIT_CODE=0
LOADER_LIST_SUITE=layer1
/home/toolchain/development/libc++_replacement/tmp/R44b/tests/x86_64/libcxx/stdlib_cancel_probe: /home/toolchain/development/libc++_replacement/tmp/R44b/runtime/x86_64/layer1/libc++abi.so.1: no version information available (required by /home/toolchain/development/libc++_replacement/tmp/R44b/tests/x86_64/libcxx/stdlib_cancel_probe)
/home/toolchain/development/libc++_replacement/tmp/R44b/tests/x86_64/libcxx/stdlib_cancel_probe: /home/toolchain/development/libc++_replacement/tmp/R44b/runtime/x86_64/layer1/libc++abi.so.1: no version information available (required by /home/toolchain/development/libc++_replacement/tmp/R44b/runtime/x86_64/layer1/libc++.so.1)
	linux-vdso.so.1 (0x00007ad1509cd000)
	libc++.so.1 => /home/toolchain/development/libc++_replacement/tmp/R44b/runtime/x86_64/layer1/libc++.so.1 (0x00007ad1508ad000)
	libc++abi.so.1 => /home/toolchain/development/libc++_replacement/tmp/R44b/runtime/x86_64/layer1/libc++abi.so.1 (0x00007ad15086f000)
	libm.so.6 => /home/toolchain/development/libc++_replacement/tmp/GBS-ROOT/R32-candidates-libcxx-x86_64-20260813-02/local/BUILD-ROOTS/scratch.x86_64.0/usr/lib64/libm.so.6 (0x00007ad15078c000)
	libgcc_s.so.1 => /home/toolchain/development/libc++_replacement/tmp/GBS-ROOT/R32-candidates-libcxx-x86_64-20260813-02/local/BUILD-ROOTS/scratch.x86_64.0/usr/lib64/libgcc_s.so.1 (0x00007ad150760000)
	libpthread.so.0 => /home/toolchain/development/libc++_replacement/tmp/GBS-ROOT/R32-candidates-libcxx-x86_64-20260813-02/local/BUILD-ROOTS/scratch.x86_64.0/usr/lib64/libpthread.so.0 (0x00007ad150759000)
	libc.so.6 => /home/toolchain/development/libc++_replacement/tmp/GBS-ROOT/R32-candidates-libcxx-x86_64-20260813-02/local/BUILD-ROOTS/scratch.x86_64.0/usr/lib64/libc.so.6 (0x00007ad15057d000)
	libatomic.so.1 => /home/toolchain/development/libc++_replacement/tmp/GBS-ROOT/R32-candidates-libcxx-x86_64-20260813-02/local/BUILD-ROOTS/scratch.x86_64.0/usr/lib64/libatomic.so.1 (0x00007ad150574000)
	/lib64/ld-linux-x86-64.so.2 => /home/toolchain/development/libc++_replacement/tmp/GBS-ROOT/R32-candidates-libcxx-x86_64-20260813-02/local/BUILD-ROOTS/scratch.x86_64.0/lib64/ld-linux-x86-64.so.2 (0x00007ad1509cf000)
LOADER_LIST_EXIT_CODE=0
LOADER_LIST_SUITE=aggregation
/home/toolchain/development/libc++_replacement/tmp/R44b/tests/x86_64/libcxx/stdlib_cancel_probe: /home/toolchain/development/libc++_replacement/tmp/R44b/runtime/x86_64/aggregation/libc++abi.so.1: no version information available (required by /home/toolchain/development/libc++_replacement/tmp/R44b/tests/x86_64/libcxx/stdlib_cancel_probe)
	linux-vdso.so.1 (0x00007bf87025b000)
	libc++.so.1 => /home/toolchain/development/libc++_replacement/tmp/R44b/runtime/x86_64/aggregation/libc++.so.1 (0x00007bf87013a000)
	libc++abi.so.1 => /home/toolchain/development/libc++_replacement/tmp/R44b/runtime/x86_64/aggregation/libc++abi.so.1 (0x00007bf8700fc000)
	libm.so.6 => /home/toolchain/development/libc++_replacement/tmp/GBS-ROOT/R32-candidates-libcxx-x86_64-20260813-02/local/BUILD-ROOTS/scratch.x86_64.0/usr/lib64/libm.so.6 (0x00007bf870019000)
	libgcc_s.so.1 => /home/toolchain/development/libc++_replacement/tmp/GBS-ROOT/R32-candidates-libcxx-x86_64-20260813-02/local/BUILD-ROOTS/scratch.x86_64.0/usr/lib64/libgcc_s.so.1 (0x00007bf86ffed000)
	libpthread.so.0 => /home/toolchain/development/libc++_replacement/tmp/GBS-ROOT/R32-candidates-libcxx-x86_64-20260813-02/local/BUILD-ROOTS/scratch.x86_64.0/usr/lib64/libpthread.so.0 (0x00007bf86ffe6000)
	libc.so.6 => /home/toolchain/development/libc++_replacement/tmp/GBS-ROOT/R32-candidates-libcxx-x86_64-20260813-02/local/BUILD-ROOTS/scratch.x86_64.0/usr/lib64/libc.so.6 (0x00007bf86fe0a000)
	libatomic.so.1 => /home/toolchain/development/libc++_replacement/tmp/GBS-ROOT/R32-candidates-libcxx-x86_64-20260813-02/local/BUILD-ROOTS/scratch.x86_64.0/usr/lib64/libatomic.so.1 (0x00007bf86fe01000)
	/lib64/ld-linux-x86-64.so.2 => /home/toolchain/development/libc++_replacement/tmp/GBS-ROOT/R32-candidates-libcxx-x86_64-20260813-02/local/BUILD-ROOTS/scratch.x86_64.0/lib64/ld-linux-x86-64.so.2 (0x00007bf87025d000)
LOADER_LIST_EXIT_CODE=0
LOADER_LIST_SUITE=libstdcxx_control
	linux-vdso.so.1 (0x00007bf299e5e000)
	libstdc++.so.6 => /home/toolchain/development/libc++_replacement/tmp/GBS-ROOT/R32-candidates-libcxx-x86_64-20260813-02/local/BUILD-ROOTS/scratch.x86_64.0/usr/lib64/libstdc++.so.6 (0x00007bf299a00000)
	libm.so.6 => /home/toolchain/development/libc++_replacement/tmp/GBS-ROOT/R32-candidates-libcxx-x86_64-20260813-02/local/BUILD-ROOTS/scratch.x86_64.0/usr/lib64/libm.so.6 (0x00007bf299d64000)
	libgcc_s.so.1 => /home/toolchain/development/libc++_replacement/tmp/GBS-ROOT/R32-candidates-libcxx-x86_64-20260813-02/local/BUILD-ROOTS/scratch.x86_64.0/usr/lib64/libgcc_s.so.1 (0x00007bf299d38000)
	libpthread.so.0 => /home/toolchain/development/libc++_replacement/tmp/GBS-ROOT/R32-candidates-libcxx-x86_64-20260813-02/local/BUILD-ROOTS/scratch.x86_64.0/usr/lib64/libpthread.so.0 (0x00007bf299d33000)
	libc.so.6 => /home/toolchain/development/libc++_replacement/tmp/GBS-ROOT/R32-candidates-libcxx-x86_64-20260813-02/local/BUILD-ROOTS/scratch.x86_64.0/usr/lib64/libc.so.6 (0x00007bf299824000)
	/lib64/ld-linux-x86-64.so.2 => /home/toolchain/development/libc++_replacement/tmp/GBS-ROOT/R32-candidates-libcxx-x86_64-20260813-02/local/BUILD-ROOTS/scratch.x86_64.0/lib64/ld-linux-x86-64.so.2 (0x00007bf299e60000)
LOADER_LIST_EXIT_CODE=0
RUNTIME_IDENTITIES_END
LD_DEBUG_IDENTITY_BEGIN
     52450:	find library=libc.so.6 [0]; searching
     52450:	 search cache=/etc/ld.so.cache
     52450:	  trying file=/lib/x86_64-linux-gnu/libc.so.6
     52450:	
     52450:	
     52450:	calling init: /lib64/ld-linux-x86-64.so.2
     52450:	
     52450:	
     52450:	calling init: /lib/x86_64-linux-gnu/libc.so.6
     52450:	
     52450:	
     52450:	initialize program: /usr/bin/timeout
     52450:	
     52450:	
     52450:	transferring control: /usr/bin/timeout
     52450:	
     52451:	find library=libc++.so.1 [0]; searching
     52451:	 search path=/home/toolchain/development/libc++_replacement/tmp/R44b/runtime/x86_64/aggregation/glibc-hwcaps/x86-64-v3:/home/toolchain/development/libc++_replacement/tmp/R44b/runtime/x86_64/aggregation/glibc-hwcaps/x86-64-v2:/home/toolchain/development/libc++_replacement/tmp/R44b/runtime/x86_64/aggregation:/home/toolchain/development/libc++_replacement/tmp/GBS-ROOT/R32-candidates-libcxx-x86_64-20260813-02/local/BUILD-ROOTS/scratch.x86_64.0/usr/lib64/glibc-hwcaps/x86-64-v3:/home/toolchain/development/libc++_replacement/tmp/GBS-ROOT/R32-candidates-libcxx-x86_64-20260813-02/local/BUILD-ROOTS/scratch.x86_64.0/usr/lib64/glibc-hwcaps/x86-64-v2:/home/toolchain/development/libc++_replacement/tmp/GBS-ROOT/R32-candidates-libcxx-x86_64-20260813-02/local/BUILD-ROOTS/scratch.x86_64.0/usr/lib64:/home/toolchain/development/libc++_replacement/tmp/GBS-ROOT/R32-candidates-libcxx-x86_64-20260813-02/local/BUILD-ROOTS/scratch.x86_64.0/lib64/glibc-hwcaps/x86-64-v3:/home/toolchain/development/libc++_replacement/tmp/GBS-ROOT/R32-candidates-libcxx-x86_64-20260813-02/local/BUILD-ROOTS/scratch.x86_64.0/lib64/glibc-hwcaps/x86-64-v2:/home/toolchain/development/libc++_replacement/tmp/GBS-ROOT/R32-candidates-libcxx-x86_64-20260813-02/local/BUILD-ROOTS/scratch.x86_64.0/lib64		(--library-path)
     52451:	  trying file=/home/toolchain/development/libc++_replacement/tmp/R44b/runtime/x86_64/aggregation/glibc-hwcaps/x86-64-v3/libc++.so.1
     52451:	  trying file=/home/toolchain/development/libc++_replacement/tmp/R44b/runtime/x86_64/aggregation/glibc-hwcaps/x86-64-v2/libc++.so.1
     52451:	  trying file=/home/toolchain/development/libc++_replacement/tmp/R44b/runtime/x86_64/aggregation/libc++.so.1
     52451:	
     52451:	find library=libc++abi.so.1 [0]; searching
     52451:	 search path=/home/toolchain/development/libc++_replacement/tmp/R44b/runtime/x86_64/aggregation:/home/toolchain/development/libc++_replacement/tmp/GBS-ROOT/R32-candidates-libcxx-x86_64-20260813-02/local/BUILD-ROOTS/scratch.x86_64.0/usr/lib64/glibc-hwcaps/x86-64-v3:/home/toolchain/development/libc++_replacement/tmp/GBS-ROOT/R32-candidates-libcxx-x86_64-20260813-02/local/BUILD-ROOTS/scratch.x86_64.0/usr/lib64/glibc-hwcaps/x86-64-v2:/home/toolchain/development/libc++_replacement/tmp/GBS-ROOT/R32-candidates-libcxx-x86_64-20260813-02/local/BUILD-ROOTS/scratch.x86_64.0/usr/lib64:/home/toolchain/development/libc++_replacement/tmp/GBS-ROOT/R32-candidates-libcxx-x86_64-20260813-02/local/BUILD-ROOTS/scratch.x86_64.0/lib64/glibc-hwcaps/x86-64-v3:/home/toolchain/development/libc++_replacement/tmp/GBS-ROOT/R32-candidates-libcxx-x86_64-20260813-02/local/BUILD-ROOTS/scratch.x86_64.0/lib64/glibc-hwcaps/x86-64-v2:/home/toolchain/development/libc++_replacement/tmp/GBS-ROOT/R32-candidates-libcxx-x86_64-20260813-02/local/BUILD-ROOTS/scratch.x86_64.0/lib64		(--library-path)
     52451:	  trying file=/home/toolchain/development/libc++_replacement/tmp/R44b/runtime/x86_64/aggregation/libc++abi.so.1
     52451:	
     52451:	find library=libm.so.6 [0]; searching
     52451:	 search path=/home/toolchain/development/libc++_replacement/tmp/R44b/runtime/x86_64/aggregation:/home/toolchain/development/libc++_replacement/tmp/GBS-ROOT/R32-candidates-libcxx-x86_64-20260813-02/local/BUILD-ROOTS/scratch.x86_64.0/usr/lib64/glibc-hwcaps/x86-64-v3:/home/toolchain/development/libc++_replacement/tmp/GBS-ROOT/R32-candidates-libcxx-x86_64-20260813-02/local/BUILD-ROOTS/scratch.x86_64.0/usr/lib64/glibc-hwcaps/x86-64-v2:/home/toolchain/development/libc++_replacement/tmp/GBS-ROOT/R32-candidates-libcxx-x86_64-20260813-02/local/BUILD-ROOTS/scratch.x86_64.0/usr/lib64:/home/toolchain/development/libc++_replacement/tmp/GBS-ROOT/R32-candidates-libcxx-x86_64-20260813-02/local/BUILD-ROOTS/scratch.x86_64.0/lib64/glibc-hwcaps/x86-64-v3:/home/toolchain/development/libc++_replacement/tmp/GBS-ROOT/R32-candidates-libcxx-x86_64-20260813-02/local/BUILD-ROOTS/scratch.x86_64.0/lib64/glibc-hwcaps/x86-64-v2:/home/toolchain/development/libc++_replacement/tmp/GBS-ROOT/R32-candidates-libcxx-x86_64-20260813-02/local/BUILD-ROOTS/scratch.x86_64.0/lib64		(--library-path)
     52451:	  trying file=/home/toolchain/development/libc++_replacement/tmp/R44b/runtime/x86_64/aggregation/libm.so.6
     52451:	  trying file=/home/toolchain/development/libc++_replacement/tmp/GBS-ROOT/R32-candidates-libcxx-x86_64-20260813-02/local/BUILD-ROOTS/scratch.x86_64.0/usr/lib64/glibc-hwcaps/x86-64-v3/libm.so.6
     52451:	  trying file=/home/toolchain/development/libc++_replacement/tmp/GBS-ROOT/R32-candidates-libcxx-x86_64-20260813-02/local/BUILD-ROOTS/scratch.x86_64.0/usr/lib64/glibc-hwcaps/x86-64-v2/libm.so.6
     52451:	  trying file=/home/toolchain/development/libc++_replacement/tmp/GBS-ROOT/R32-candidates-libcxx-x86_64-20260813-02/local/BUILD-ROOTS/scratch.x86_64.0/usr/lib64/libm.so.6
     52451:	
     52451:	find library=libgcc_s.so.1 [0]; searching
     52451:	 search path=/home/toolchain/development/libc++_replacement/tmp/R44b/runtime/x86_64/aggregation:/home/toolchain/development/libc++_replacement/tmp/GBS-ROOT/R32-candidates-libcxx-x86_64-20260813-02/local/BUILD-ROOTS/scratch.x86_64.0/usr/lib64:/home/toolchain/development/libc++_replacement/tmp/GBS-ROOT/R32-candidates-libcxx-x86_64-20260813-02/local/BUILD-ROOTS/scratch.x86_64.0/lib64/glibc-hwcaps/x86-64-v3:/home/toolchain/development/libc++_replacement/tmp/GBS-ROOT/R32-candidates-libcxx-x86_64-20260813-02/local/BUILD-ROOTS/scratch.x86_64.0/lib64/glibc-hwcaps/x86-64-v2:/home/toolchain/development/libc++_replacement/tmp/GBS-ROOT/R32-candidates-libcxx-x86_64-20260813-02/local/BUILD-ROOTS/scratch.x86_64.0/lib64		(--library-path)
     52451:	  trying file=/home/toolchain/development/libc++_replacement/tmp/R44b/runtime/x86_64/aggregation/libgcc_s.so.1
     52451:	  trying file=/home/toolchain/development/libc++_replacement/tmp/GBS-ROOT/R32-candidates-libcxx-x86_64-20260813-02/local/BUILD-ROOTS/scratch.x86_64.0/usr/lib64/libgcc_s.so.1
     52451:	
     52451:	find library=libpthread.so.0 [0]; searching
     52451:	 search path=/home/toolchain/development/libc++_replacement/tmp/R44b/runtime/x86_64/aggregation:/home/toolchain/development/libc++_replacement/tmp/GBS-ROOT/R32-candidates-libcxx-x86_64-20260813-02/local/BUILD-ROOTS/scratch.x86_64.0/usr/lib64:/home/toolchain/development/libc++_replacement/tmp/GBS-ROOT/R32-candidates-libcxx-x86_64-20260813-02/local/BUILD-ROOTS/scratch.x86_64.0/lib64/glibc-hwcaps/x86-64-v3:/home/toolchain/development/libc++_replacement/tmp/GBS-ROOT/R32-candidates-libcxx-x86_64-20260813-02/local/BUILD-ROOTS/scratch.x86_64.0/lib64/glibc-hwcaps/x86-64-v2:/home/toolchain/development/libc++_replacement/tmp/GBS-ROOT/R32-candidates-libcxx-x86_64-20260813-02/local/BUILD-ROOTS/scratch.x86_64.0/lib64		(--library-path)
     52451:	  trying file=/home/toolchain/development/libc++_replacement/tmp/R44b/runtime/x86_64/aggregation/libpthread.so.0
     52451:	  trying file=/home/toolchain/development/libc++_replacement/tmp/GBS-ROOT/R32-candidates-libcxx-x86_64-20260813-02/local/BUILD-ROOTS/scratch.x86_64.0/usr/lib64/libpthread.so.0
     52451:	
     52451:	find library=libc.so.6 [0]; searching
     52451:	 search path=/home/toolchain/development/libc++_replacement/tmp/R44b/runtime/x86_64/aggregation:/home/toolchain/development/libc++_replacement/tmp/GBS-ROOT/R32-candidates-libcxx-x86_64-20260813-02/local/BUILD-ROOTS/scratch.x86_64.0/usr/lib64:/home/toolchain/development/libc++_replacement/tmp/GBS-ROOT/R32-candidates-libcxx-x86_64-20260813-02/local/BUILD-ROOTS/scratch.x86_64.0/lib64/glibc-hwcaps/x86-64-v3:/home/toolchain/development/libc++_replacement/tmp/GBS-ROOT/R32-candidates-libcxx-x86_64-20260813-02/local/BUILD-ROOTS/scratch.x86_64.0/lib64/glibc-hwcaps/x86-64-v2:/home/toolchain/development/libc++_replacement/tmp/GBS-ROOT/R32-candidates-libcxx-x86_64-20260813-02/local/BUILD-ROOTS/scratch.x86_64.0/lib64		(--library-path)
     52451:	  trying file=/home/toolchain/development/libc++_replacement/tmp/R44b/runtime/x86_64/aggregation/libc.so.6
     52451:	  trying file=/home/toolchain/development/libc++_replacement/tmp/GBS-ROOT/R32-candidates-libcxx-x86_64-20260813-02/local/BUILD-ROOTS/scratch.x86_64.0/usr/lib64/libc.so.6
     52451:	
     52451:	find library=libatomic.so.1 [0]; searching
     52451:	 search path=/home/toolchain/development/libc++_replacement/tmp/R44b/runtime/x86_64/aggregation:/home/toolchain/development/libc++_replacement/tmp/GBS-ROOT/R32-candidates-libcxx-x86_64-20260813-02/local/BUILD-ROOTS/scratch.x86_64.0/usr/lib64:/home/toolchain/development/libc++_replacement/tmp/GBS-ROOT/R32-candidates-libcxx-x86_64-20260813-02/local/BUILD-ROOTS/scratch.x86_64.0/lib64/glibc-hwcaps/x86-64-v3:/home/toolchain/development/libc++_replacement/tmp/GBS-ROOT/R32-candidates-libcxx-x86_64-20260813-02/local/BUILD-ROOTS/scratch.x86_64.0/lib64/glibc-hwcaps/x86-64-v2:/home/toolchain/development/libc++_replacement/tmp/GBS-ROOT/R32-candidates-libcxx-x86_64-20260813-02/local/BUILD-ROOTS/scratch.x86_64.0/lib64		(--library-path)
     52451:	  trying file=/home/toolchain/development/libc++_replacement/tmp/R44b/runtime/x86_64/aggregation/libatomic.so.1
     52451:	  trying file=/home/toolchain/development/libc++_replacement/tmp/GBS-ROOT/R32-candidates-libcxx-x86_64-20260813-02/local/BUILD-ROOTS/scratch.x86_64.0/usr/lib64/libatomic.so.1
     52451:	
     52451:	/home/toolchain/development/libc++_replacement/tmp/R44b/runtime/x86_64/aggregation/libc++abi.so.1: error: version lookup error: no version information available (required by /home/toolchain/development/libc++_replacement/tmp/R44b/tests/x86_64/libcxx/stdlib_cancel_probe) (continued)
/home/toolchain/development/libc++_replacement/tmp/R44b/tests/x86_64/libcxx/stdlib_cancel_probe: /home/toolchain/development/libc++_replacement/tmp/R44b/runtime/x86_64/aggregation/libc++abi.so.1: no version information available (required by /home/toolchain/development/libc++_replacement/tmp/R44b/tests/x86_64/libcxx/stdlib_cancel_probe)
     52451:	
     52451:	calling init: /home/toolchain/development/libc++_replacement/tmp/GBS-ROOT/R32-candidates-libcxx-x86_64-20260813-02/local/BUILD-ROOTS/scratch.x86_64.0/lib64/ld-linux-x86-64.so.2
     52451:	
     52451:	
     52451:	calling init: /home/toolchain/development/libc++_replacement/tmp/GBS-ROOT/R32-candidates-libcxx-x86_64-20260813-02/local/BUILD-ROOTS/scratch.x86_64.0/usr/lib64/libc.so.6
     52451:	
     52451:	
     52451:	calling init: /home/toolchain/development/libc++_replacement/tmp/GBS-ROOT/R32-candidates-libcxx-x86_64-20260813-02/local/BUILD-ROOTS/scratch.x86_64.0/usr/lib64/libpthread.so.0
     52451:	
     52451:	
     52451:	calling init: /home/toolchain/development/libc++_replacement/tmp/GBS-ROOT/R32-candidates-libcxx-x86_64-20260813-02/local/BUILD-ROOTS/scratch.x86_64.0/usr/lib64/libatomic.so.1
     52451:	
     52451:	
     52451:	calling init: /home/toolchain/development/libc++_replacement/tmp/GBS-ROOT/R32-candidates-libcxx-x86_64-20260813-02/local/BUILD-ROOTS/scratch.x86_64.0/usr/lib64/libgcc_s.so.1
     52451:	
     52451:	
     52451:	calling init: /home/toolchain/development/libc++_replacement/tmp/GBS-ROOT/R32-candidates-libcxx-x86_64-20260813-02/local/BUILD-ROOTS/scratch.x86_64.0/usr/lib64/libm.so.6
     52451:	
     52451:	
     52451:	calling init: /home/toolchain/development/libc++_replacement/tmp/R44b/runtime/x86_64/aggregation/libc++abi.so.1
     52451:	
     52451:	
     52451:	calling init: /home/toolchain/development/libc++_replacement/tmp/R44b/runtime/x86_64/aggregation/libc++.so.1
     52451:	
     52451:	
     52451:	initialize program: /home/toolchain/development/libc++_replacement/tmp/R44b/tests/x86_64/libcxx/stdlib_cancel_probe
     52451:	
     52451:	
     52451:	transferring control: /home/toolchain/development/libc++_replacement/tmp/R44b/tests/x86_64/libcxx/stdlib_cancel_probe
     52451:	
MODE=control CREATE_RC=0
MODE=control CANCEL_ATTEMPT=1 RC=0
MODE=control CANCEL_ATTEMPT=2 RC=0
MODE=control CANCEL_ATTEMPT=3 RC=0
MODE=control JOIN_RC=0 JOIN_IS_CANCELED=1 JOIN_VALUE=0xffffffffffffffff
     52451:	
     52451:	calling fini:  [0]
     52451:	
     52451:	
     52451:	calling fini: /home/toolchain/development/libc++_replacement/tmp/R44b/runtime/x86_64/aggregation/libc++.so.1 [0]
     52451:	
     52451:	
     52451:	calling fini: /home/toolchain/development/libc++_replacement/tmp/R44b/runtime/x86_64/aggregation/libc++abi.so.1 [0]
     52451:	
     52451:	
     52451:	calling fini: /home/toolchain/development/libc++_replacement/tmp/GBS-ROOT/R32-candidates-libcxx-x86_64-20260813-02/local/BUILD-ROOTS/scratch.x86_64.0/usr/lib64/libm.so.6 [0]
     52451:	
     52451:	
     52451:	calling fini: /home/toolchain/development/libc++_replacement/tmp/GBS-ROOT/R32-candidates-libcxx-x86_64-20260813-02/local/BUILD-ROOTS/scratch.x86_64.0/usr/lib64/libgcc_s.so.1 [0]
     52451:	
     52451:	
     52451:	calling fini: /home/toolchain/development/libc++_replacement/tmp/GBS-ROOT/R32-candidates-libcxx-x86_64-20260813-02/local/BUILD-ROOTS/scratch.x86_64.0/usr/lib64/libatomic.so.1 [0]
     52451:	
     52451:	
     52451:	calling fini: /home/toolchain/development/libc++_replacement/tmp/GBS-ROOT/R32-candidates-libcxx-x86_64-20260813-02/local/BUILD-ROOTS/scratch.x86_64.0/usr/lib64/libpthread.so.0 [0]
     52451:	
     52451:	
     52451:	calling fini: /home/toolchain/development/libc++_replacement/tmp/GBS-ROOT/R32-candidates-libcxx-x86_64-20260813-02/local/BUILD-ROOTS/scratch.x86_64.0/usr/lib64/libc.so.6 [0]
     52451:	
     52451:	
     52451:	calling fini: /home/toolchain/development/libc++_replacement/tmp/GBS-ROOT/R32-candidates-libcxx-x86_64-20260813-02/local/BUILD-ROOTS/scratch.x86_64.0/lib64/ld-linux-x86-64.so.2 [0]
     52451:	
LD_DEBUG_EXIT_CODE=0
LD_DEBUG_IDENTITY_END

CELL_BEGIN arch=x86_64 suite=unpatched mode=cout
EXECUTION_MODE=HOST_NATIVE_X86_64_NO_QEMU
RUN_COMMAND=/usr/bin/timeout --preserve-status 20s /home/toolchain/development/libc++_replacement/tmp/GBS-ROOT/R32-candidates-libcxx-x86_64-20260813-02/local/BUILD-ROOTS/scratch.x86_64.0/lib64/ld-linux-x86-64.so.2 --library-path /home/toolchain/development/libc++_replacement/tmp/R44b/runtime/x86_64/unpatched:/home/toolchain/development/libc++_replacement/tmp/GBS-ROOT/R32-candidates-libcxx-x86_64-20260813-02/local/BUILD-ROOTS/scratch.x86_64.0/usr/lib64:/home/toolchain/development/libc++_replacement/tmp/GBS-ROOT/R32-candidates-libcxx-x86_64-20260813-02/local/BUILD-ROOTS/scratch.x86_64.0/lib64 /home/toolchain/development/libc++_replacement/tmp/R44b/tests/x86_64/libcxx/stdlib_cancel_probe cout 
MODE=cout CREATE_RC=0 PIPE_READ_FD=3
MODE=cout CANCEL_ATTEMPT=1 RC=0
FATAL: exception not rethrown
/usr/bin/timeout: the monitored command dumped core
progress/R44b/tools/run_x86_matrix.sh: line 22: 52453 Aborted                 /usr/bin/timeout --preserve-status 20s "$loader" --library-path "$library_path" "$binary" "$mode"
CELL_EXIT_CODE=134
CELL_SIGNAL=6
CELL_END arch=x86_64 suite=unpatched mode=cout

CELL_BEGIN arch=x86_64 suite=layer1 mode=cout
EXECUTION_MODE=HOST_NATIVE_X86_64_NO_QEMU
RUN_COMMAND=/usr/bin/timeout --preserve-status 20s /home/toolchain/development/libc++_replacement/tmp/GBS-ROOT/R32-candidates-libcxx-x86_64-20260813-02/local/BUILD-ROOTS/scratch.x86_64.0/lib64/ld-linux-x86-64.so.2 --library-path /home/toolchain/development/libc++_replacement/tmp/R44b/runtime/x86_64/layer1:/home/toolchain/development/libc++_replacement/tmp/GBS-ROOT/R32-candidates-libcxx-x86_64-20260813-02/local/BUILD-ROOTS/scratch.x86_64.0/usr/lib64:/home/toolchain/development/libc++_replacement/tmp/GBS-ROOT/R32-candidates-libcxx-x86_64-20260813-02/local/BUILD-ROOTS/scratch.x86_64.0/lib64 /home/toolchain/development/libc++_replacement/tmp/R44b/tests/x86_64/libcxx/stdlib_cancel_probe cout 
/home/toolchain/development/libc++_replacement/tmp/R44b/tests/x86_64/libcxx/stdlib_cancel_probe: /home/toolchain/development/libc++_replacement/tmp/R44b/runtime/x86_64/layer1/libc++abi.so.1: no version information available (required by /home/toolchain/development/libc++_replacement/tmp/R44b/tests/x86_64/libcxx/stdlib_cancel_probe)
/home/toolchain/development/libc++_replacement/tmp/R44b/tests/x86_64/libcxx/stdlib_cancel_probe: /home/toolchain/development/libc++_replacement/tmp/R44b/runtime/x86_64/layer1/libc++abi.so.1: no version information available (required by /home/toolchain/development/libc++_replacement/tmp/R44b/runtime/x86_64/layer1/libc++.so.1)
MODE=cout CREATE_RC=0 PIPE_READ_FD=3
MODE=cout CANCEL_ATTEMPT=1 RC=0
FATAL: exception not rethrown
/usr/bin/timeout: the monitored command dumped core
progress/R44b/tools/run_x86_matrix.sh: line 22: 52464 Aborted                 /usr/bin/timeout --preserve-status 20s "$loader" --library-path "$library_path" "$binary" "$mode"
CELL_EXIT_CODE=134
CELL_SIGNAL=6
CELL_END arch=x86_64 suite=layer1 mode=cout

CELL_BEGIN arch=x86_64 suite=aggregation mode=cout
EXECUTION_MODE=HOST_NATIVE_X86_64_NO_QEMU
RUN_COMMAND=/usr/bin/timeout --preserve-status 20s /home/toolchain/development/libc++_replacement/tmp/GBS-ROOT/R32-candidates-libcxx-x86_64-20260813-02/local/BUILD-ROOTS/scratch.x86_64.0/lib64/ld-linux-x86-64.so.2 --library-path /home/toolchain/development/libc++_replacement/tmp/R44b/runtime/x86_64/aggregation:/home/toolchain/development/libc++_replacement/tmp/GBS-ROOT/R32-candidates-libcxx-x86_64-20260813-02/local/BUILD-ROOTS/scratch.x86_64.0/usr/lib64:/home/toolchain/development/libc++_replacement/tmp/GBS-ROOT/R32-candidates-libcxx-x86_64-20260813-02/local/BUILD-ROOTS/scratch.x86_64.0/lib64 /home/toolchain/development/libc++_replacement/tmp/R44b/tests/x86_64/libcxx/stdlib_cancel_probe cout 
/home/toolchain/development/libc++_replacement/tmp/R44b/tests/x86_64/libcxx/stdlib_cancel_probe: /home/toolchain/development/libc++_replacement/tmp/R44b/runtime/x86_64/aggregation/libc++abi.so.1: no version information available (required by /home/toolchain/development/libc++_replacement/tmp/R44b/tests/x86_64/libcxx/stdlib_cancel_probe)
MODE=cout CREATE_RC=0 PIPE_READ_FD=3
MODE=cout CANCEL_ATTEMPT=1 RC=0
MODE=cout CANCEL_ATTEMPT=2 RC=0
MODE=cout CANCEL_ATTEMPT=3 RC=0
MODE=cout JOIN_RC=0 JOIN_IS_CANCELED=1 JOIN_VALUE=0xffffffffffffffff
CELL_EXIT_CODE=0
CELL_SIGNAL=0
CELL_END arch=x86_64 suite=aggregation mode=cout

CELL_BEGIN arch=x86_64 suite=libstdcxx_control mode=cout
EXECUTION_MODE=HOST_NATIVE_X86_64_NO_QEMU
RUN_COMMAND=/usr/bin/timeout --preserve-status 20s /home/toolchain/development/libc++_replacement/tmp/GBS-ROOT/R32-candidates-libcxx-x86_64-20260813-02/local/BUILD-ROOTS/scratch.x86_64.0/lib64/ld-linux-x86-64.so.2 --library-path /home/toolchain/development/libc++_replacement/tmp/GBS-ROOT/R32-candidates-libcxx-x86_64-20260813-02/local/BUILD-ROOTS/scratch.x86_64.0/usr/lib64:/home/toolchain/development/libc++_replacement/tmp/GBS-ROOT/R32-candidates-libcxx-x86_64-20260813-02/local/BUILD-ROOTS/scratch.x86_64.0/lib64 /home/toolchain/development/libc++_replacement/tmp/R44b/tests/x86_64/libstdcxx/stdlib_cancel_probe cout 
MODE=cout CREATE_RC=0 PIPE_READ_FD=3
MODE=cout CANCEL_ATTEMPT=1 RC=0
MODE=cout CANCEL_ATTEMPT=2 RC=0
MODE=cout CANCEL_ATTEMPT=3 RC=0
MODE=cout JOIN_RC=0 JOIN_IS_CANCELED=1 JOIN_VALUE=0xffffffffffffffff
CELL_EXIT_CODE=143
CELL_SIGNAL=15
CELL_END arch=x86_64 suite=libstdcxx_control mode=cout
SCRIPT_EXIT_CODE=0
