COMMAND=sha256sum tmp/GBS-ROOT/LIBCXX-2218-x86_64-20260806-c2/local/repos/tizen_unified_standard/x86_64/RPMS/libc++-22.1.8-1.x86_64.rpm
2f37335ae5bfd7e83fd631a3b138d4ca564dc2c568325ebfa60197c72b73e95b  tmp/GBS-ROOT/LIBCXX-2218-x86_64-20260806-c2/local/repos/tizen_unified_standard/x86_64/RPMS/libc++-22.1.8-1.x86_64.rpm
EXIT_CODE=0
COMMAND=cd tmp/R47/rpm-extract && rpm2cpio <RPM> | cpio -idmv
./usr/lib64/libc++.so.1
./usr/lib64/libc++.so.1.0
./usr/share/licenses/libc++
./usr/share/licenses/libc++/LICENSE.TXT
2101 blocks
EXIT_CODE=0
COMMAND=find tmp/R47/rpm-extract -name 'libc++*'
-rwxr-xr-x 1 toolchain toolchain 1058216 Aug  6 10:35 tmp/R47/rpm-extract/usr/lib64/libc++.so.1.0
lrwxrwxrwx 1 toolchain toolchain 13 Aug  6 10:35 tmp/R47/rpm-extract/usr/lib64/libc++.so.1 -> libc++.so.1.0
total 28
drwxr-xr-x 2 toolchain toolchain  4096 Aug 17 15:51 .
drwxrwxr-x 3 toolchain toolchain  4096 Aug 17 15:51 ..
-rw-r--r-- 1 toolchain toolchain 16703 Jun 16 06:33 LICENSE.TXT
COMMAND=sha256sum 提取出的 libc++.so.1.0
f1d0770e3206caa7cadc1ea0e9ac93861d5b1775f69a91bea367d9fb9a3fba34  tmp/R47/rpm-extract/usr/lib64/libc++.so.1.0
EXIT_CODE=0
