=== 负向断言:future/string/istream 自由函数在 3 库导出集中的精确检索 ===
gbs  '__deferred_assoc_state'  count=0
gbs  '__async_assoc_state'  count=0
gbs  'packaged_task'  count=0
gbs  '::async('  count=0
gbs  'shrink_to_fit'  count=0
gbs  '__input_arithmetic'  count=0
gbs  '__input_c_string'  count=0
gbs  'std::__1::ws('  count=0
gbs  'std::__1::getline('  count=0
gbs  'std::__1::operator>>(std::__1::basic_istream'  count=0
r44b  '__deferred_assoc_state'  count=0
r44b  '__async_assoc_state'  count=0
r44b  'packaged_task'  count=0
r44b  '::async('  count=0
r44b  'shrink_to_fit'  count=0
r44b  '__input_arithmetic'  count=0
r44b  '__input_c_string'  count=0
r44b  'std::__1::ws('  count=0
r44b  'std::__1::getline('  count=0
r44b  'std::__1::operator>>(std::__1::basic_istream'  count=0
rpm  '__deferred_assoc_state'  count=0
rpm  '__async_assoc_state'  count=0
rpm  'packaged_task'  count=0
rpm  '::async('  count=0
rpm  'shrink_to_fit'  count=0
rpm  '__input_arithmetic'  count=0
rpm  '__input_c_string'  count=0
rpm  'std::__1::ws('  count=0
rpm  'std::__1::getline('  count=0
rpm  'std::__1::operator>>(std::__1::basic_istream'  count=0
