########## cxx17_O0 ##########
[cxx17_O0] 644 op>>(streambuf*) : U  |U std::__1::basic_istream<char, std::__1::char_traits<char> >::operator>>(std::__1::basic_streambuf<char, std::__1::char
[cxx17_O0] 679 get() : U  |U std::__1::basic_istream<char, std::__1::char_traits<char> >::get()
[cxx17_O0] 717 get(c*,n,d) : U  |U std::__1::basic_istream<char, std::__1::char_traits<char> >::get(char*, long, char)
[cxx17_O0] 765 get(sb&,d) : U  |U std::__1::basic_istream<char, std::__1::char_traits<char> >::get(std::__1::basic_streambuf<char, std::__1::char_traits
[cxx17_O0] 808 getline(c*,n,d) : U  |U std::__1::basic_istream<char, std::__1::char_traits<char> >::getline(char*, long, char)
[cxx17_O0] 862 ignore : U  |U std::__1::basic_istream<char, std::__1::char_traits<char> >::ignore(long, int)
[cxx17_O0] 889 peek : U  |U std::__1::basic_istream<char, std::__1::char_traits<char> >::peek()
[cxx17_O0] 915 read : U  |U std::__1::basic_istream<char, std::__1::char_traits<char> >::read(char*, long)
[cxx17_O0] 954 readsome : U  |U std::__1::basic_istream<char, std::__1::char_traits<char> >::readsome(char*, long)
[cxx17_O0] 982 putback : U  |U std::__1::basic_istream<char, std::__1::char_traits<char> >::putback(char)
[cxx17_O0] 1010 unget : U  |U std::__1::basic_istream<char, std::__1::char_traits<char> >::unget()
[cxx17_O0] 1042 sync : U  |U std::__1::basic_istream<char, std::__1::char_traits<char> >::sync()
[cxx17_O0] 1066 tellg : U  |U std::__1::basic_istream<char, std::__1::char_traits<char> >::tellg()
[cxx17_O0] 1091 seekg(pos) : U  |U std::__1::basic_istream<char, std::__1::char_traits<char> >::seekg(std::__1::fpos<__mbstate_t>)
[cxx17_O0] 1116 seekg(off,dir) : U  |U std::__1::basic_istream<char, std::__1::char_traits<char> >::seekg(long long, std::__1::ios_base::seekdir)
########## cxx17_O2 ##########
[cxx17_O2] 644 op>>(streambuf*) : U  |U std::__1::basic_istream<char, std::__1::char_traits<char> >::operator>>(std::__1::basic_streambuf<char, std::__1::char
[cxx17_O2] 679 get() : U  |U std::__1::basic_istream<char, std::__1::char_traits<char> >::get()
[cxx17_O2] 717 get(c*,n,d) : U  |U std::__1::basic_istream<char, std::__1::char_traits<char> >::get(char*, long, char)
[cxx17_O2] 765 get(sb&,d) : U  |U std::__1::basic_istream<char, std::__1::char_traits<char> >::get(std::__1::basic_streambuf<char, std::__1::char_traits
[cxx17_O2] 808 getline(c*,n,d) : U  |U std::__1::basic_istream<char, std::__1::char_traits<char> >::getline(char*, long, char)
[cxx17_O2] 862 ignore : U  |U std::__1::basic_istream<char, std::__1::char_traits<char> >::ignore(long, int)
[cxx17_O2] 889 peek : U  |U std::__1::basic_istream<char, std::__1::char_traits<char> >::peek()
[cxx17_O2] 915 read : U  |U std::__1::basic_istream<char, std::__1::char_traits<char> >::read(char*, long)
[cxx17_O2] 954 readsome : U  |U std::__1::basic_istream<char, std::__1::char_traits<char> >::readsome(char*, long)
[cxx17_O2] 982 putback : U  |U std::__1::basic_istream<char, std::__1::char_traits<char> >::putback(char)
[cxx17_O2] 1010 unget : U  |U std::__1::basic_istream<char, std::__1::char_traits<char> >::unget()
[cxx17_O2] 1042 sync : U  |U std::__1::basic_istream<char, std::__1::char_traits<char> >::sync()
[cxx17_O2] 1066 tellg : U  |U std::__1::basic_istream<char, std::__1::char_traits<char> >::tellg()
[cxx17_O2] 1091 seekg(pos) : U  |U std::__1::basic_istream<char, std::__1::char_traits<char> >::seekg(std::__1::fpos<__mbstate_t>)
[cxx17_O2] 1116 seekg(off,dir) : U  |U std::__1::basic_istream<char, std::__1::char_traits<char> >::seekg(long long, std::__1::ios_base::seekdir)
