########## cxx17_O0 ##########
--- 1255 自由 operator>>(is, string&) 精确 ---
0000000000000000 W std::__1::basic_istream<char, std::__1::char_traits<char> >& std::__1::operator>>[abi:nqe220108]<char, std::__1::char_traits<char>, std::__1::allocator<char> >(std::__1::basic_istream<char, std::__1::char_traits<char> >&, std::__1::basic_string<char, std::__1::char_traits<char>, std::__1::allocator<char> >&)
--- 792/823 __execute 精确 ---
                 U std::__1::__assoc_sub_state::__execute()
0000000000000000 W std::__1::__async_assoc_state<int, std::__1::__async_func<int (*)()> >::__execute()
0000000000000000 W std::__1::__async_assoc_state<void, std::__1::__async_func<void (*)()> >::__execute()
0000000000000000 W std::__1::__deferred_assoc_state<int, std::__1::__async_func<int (*)()> >::__execute()
0000000000000000 W std::__1::__deferred_assoc_state<void, std::__1::__async_func<void (*)()> >::__execute()
--- 1865 async ---
########## cxx17_O2 ##########
--- 1255 自由 operator>>(is, string&) 精确 ---
0000000000000000 W std::__1::basic_istream<char, std::__1::char_traits<char> >& std::__1::operator>>[abi:nqe220108]<char, std::__1::char_traits<char>, std::__1::allocator<char> >(std::__1::basic_istream<char, std::__1::char_traits<char> >&, std::__1::basic_string<char, std::__1::char_traits<char>, std::__1::allocator<char> >&)
--- 792/823 __execute 精确 ---
                 U std::__1::__assoc_sub_state::__execute()
0000000000000000 W std::__1::__async_assoc_state<int, std::__1::__async_func<int (*)()> >::__execute()
0000000000000000 W std::__1::__async_assoc_state<void, std::__1::__async_func<void (*)()> >::__execute()
0000000000000000 W std::__1::__deferred_assoc_state<int, std::__1::__async_func<int (*)()> >::__execute()
0000000000000000 W std::__1::__deferred_assoc_state<void, std::__1::__async_func<void (*)()> >::__execute()
--- 1865 async ---
########## cxx20_O0(1389) ##########
0000000000000000 W std::__1::basic_istream<char, std::__1::char_traits<char> >& std::__1::operator>>[abi:nqe220108]<char, std::__1::char_traits<char>, 8ul>(std::__1::basic_istream<char, std::__1::char_traits<char> >&, char (&) [8ul])
rc=0
0000000000000000 W std::__1::basic_istream<char, std::__1::char_traits<char> >& std::__1::operator>>[abi:nqe220108]<char, std::__1::char_traits<char>, 8ul>(std::__1::basic_istream<char, std::__1::char_traits<char> >&, char (&) [8ul])
########## cxx20_O2(1389) ##########
rc=0
