   8 docs/progress/ADAPTOR_0912/W2/bridge.h
  26 docs/progress/ADAPTOR_0912/W2/backend.cpp
  22 docs/progress/ADAPTOR_0912/W2/frontend.cpp
  49 docs/progress/ADAPTOR_0912/W2/state_probe.cpp
 105 total
/home/toolchain/development/libc++_replacement/tmp/corpus/extracted/dali2-csharp-binder-2.5.26-1.src.rpm/unpacked/dali2-csharp-binder-2.5.26.tar.xz/dali2-csharp-binder-2.5.26/dali-csharp-binder/dali-core/property-value-wrap.cpp:61
/home/toolchain/development/libc++_replacement/tmp/corpus/extracted/dali2-csharp-binder-2.5.26-1.src.rpm/unpacked/dali2-csharp-binder-2.5.26.tar.xz/dali2-csharp-binder-2.5.26/dali-csharp-binder/dali-toolkit/control-wrap.cpp:38
   145	    }
   146	    CALL_CATCH_EXCEPTION(0);
   147	  }
   148	
   149	  jresult = (void*)result;
   150	  return jresult;
   151	}
   152	
   153	SWIGEXPORT void* SWIGSTDCALL CSharp_Dali_View_New()
   154	{
   155	  void*                  jresult;
   156	  Dali::Toolkit::Control result;
   157	
   158	  {
   159	    try
   160	    {
   161	      result = Dali::Toolkit::Control::New(Dali::Toolkit::Control::ControlBehaviour::DISABLE_STYLE_CHANGE_SIGNALS);
   162	    }
   163	    CALL_CATCH_EXCEPTION(0);
   164	  }
   165	
   166	  jresult = new Dali::Toolkit::Control((const Dali::Toolkit::Control&)result);
   167	  return jresult;
   168	}
   169	
   170	SWIGEXPORT void* SWIGSTDCALL CSharp_Dali_View_NewWithBehaviour(int csBehaviour)
   171	{
   172	  void*                  jresult;
   173	  Dali::Toolkit::Control result;
   174	
   175	  {
   176	    try
   177	    {
   178	      result = Dali::Toolkit::Control::New(static_cast<Dali::Toolkit::Control::ControlBehaviour>(csBehaviour | Dali::Toolkit::Control::ControlBehaviour::DISABLE_STYLE_CHANGE_SIGNALS));
   179	    }
   180	    CALL_CATCH_EXCEPTION(0);
   181	  }
   182	
   183	  jresult = new Dali::Toolkit::Control((const Dali::Toolkit::Control&)result);
   184	  return jresult;
   185	}
   186	
   187	SWIGEXPORT void SWIGSTDCALL CSharp_Dali_delete_View(void* jarg1)
   188	{
   189	  Dali::Toolkit::Control* arg1 = (Dali::Toolkit::Control*)0;
   190	
   191	  arg1 = (Dali::Toolkit::Control*)jarg1;
   192	  {
   193	    try
   194	    {
   195	      delete arg1;
   196	    }
   197	    CALL_CATCH_EXCEPTION();
   198	  }
   199	}
   200	
   201	SWIGEXPORT void* SWIGSTDCALL CSharp_Dali_View_DownCast(void* jarg1)
   202	{
   203	  void*                  jresult;
   204	  Dali::BaseHandle       arg1;
   205	  Dali::BaseHandle*      argp1;
   206	  Dali::Toolkit::Control result;
   207	
   208	  argp1 = (Dali::BaseHandle*)jarg1;
   209	  if(!argp1)
   210	  {
12 docs/progress/ADAPTOR_0912/W2/STATE_SCOPE.tsv
