PWD=/home/toolchain/development/libc++_replacement
COMMAND= bash -c readelf\ --wide\ --dynamic\ tmp/R14b/L1/build/B/libthrow_B.so\;\ readelf\ --wide\ --dynamic\ tmp/R14b/L1/build/B/l1_B

Dynamic section at offset 0x2dc0 contains 28 entries:
  Tag        Type                         Name/Value
 0x0000000000000001 (NEEDED)             Shared library: [libc++abi.so.1]
 0x0000000000000001 (NEEDED)             Shared library: [libunwind.so.1]
 0x0000000000000001 (NEEDED)             Shared library: [libc.so.6]
 0x0000000000000001 (NEEDED)             Shared library: [libm.so.6]
 0x000000000000000e (SONAME)             Library soname: [libthrow_B.so]
 0x000000000000000c (INIT)               0x1000
 0x000000000000000d (FINI)               0x1430
 0x0000000000000019 (INIT_ARRAY)         0x3db0
 0x000000000000001b (INIT_ARRAYSZ)       8 (bytes)
 0x000000000000001a (FINI_ARRAY)         0x3db8
 0x000000000000001c (FINI_ARRAYSZ)       8 (bytes)
 0x000000006ffffef5 (GNU_HASH)           0x2f0
 0x0000000000000005 (STRTAB)             0x4c8
 0x0000000000000006 (SYMTAB)             0x318
 0x000000000000000a (STRSZ)              366 (bytes)
 0x000000000000000b (SYMENT)             24 (bytes)
 0x0000000000000003 (PLTGOT)             0x3fe8
 0x0000000000000002 (PLTRELSZ)           216 (bytes)
 0x0000000000000014 (PLTREL)             RELA
 0x0000000000000017 (JMPREL)             0x768
 0x0000000000000007 (RELA)               0x690
 0x0000000000000008 (RELASZ)             216 (bytes)
 0x0000000000000009 (RELAENT)            24 (bytes)
 0x000000006ffffffe (VERNEED)            0x660
 0x000000006fffffff (VERNEEDNUM)         1
 0x000000006ffffff0 (VERSYM)             0x636
 0x000000006ffffff9 (RELACOUNT)          3
 0x0000000000000000 (NULL)               0x0

Dynamic section at offset 0x2d58 contains 31 entries:
  Tag        Type                         Name/Value
 0x0000000000000001 (NEEDED)             Shared library: [libthrow_B.so]
 0x0000000000000001 (NEEDED)             Shared library: [libc++abi.so.1]
 0x0000000000000001 (NEEDED)             Shared library: [libunwind.so.1]
 0x0000000000000001 (NEEDED)             Shared library: [libc.so.6]
 0x0000000000000001 (NEEDED)             Shared library: [libm.so.6]
 0x000000000000000c (INIT)               0x1000
 0x000000000000000d (FINI)               0x12fc
 0x0000000000000019 (INIT_ARRAY)         0x3d48
 0x000000000000001b (INIT_ARRAYSZ)       8 (bytes)
 0x000000000000001a (FINI_ARRAY)         0x3d50
 0x000000000000001c (FINI_ARRAYSZ)       8 (bytes)
 0x000000006ffffef5 (GNU_HASH)           0x3b0
 0x0000000000000005 (STRTAB)             0x540
 0x0000000000000006 (SYMTAB)             0x3d8
 0x000000000000000a (STRSZ)              317 (bytes)
 0x000000000000000b (SYMENT)             24 (bytes)
 0x0000000000000015 (DEBUG)              0x0
 0x0000000000000003 (PLTGOT)             0x3f88
 0x0000000000000002 (PLTRELSZ)           168 (bytes)
 0x0000000000000014 (PLTREL)             RELA
 0x0000000000000017 (JMPREL)             0x7c0
 0x0000000000000007 (RELA)               0x6d0
 0x0000000000000008 (RELASZ)             240 (bytes)
 0x0000000000000009 (RELAENT)            24 (bytes)
 0x000000000000001e (FLAGS)              BIND_NOW
 0x000000006ffffffb (FLAGS_1)            Flags: NOW PIE
 0x000000006ffffffe (VERNEED)            0x6a0
 0x000000006fffffff (VERNEEDNUM)         1
 0x000000006ffffff0 (VERSYM)             0x67e
 0x000000006ffffff9 (RELACOUNT)          3
 0x0000000000000000 (NULL)               0x0

EXIT_CODE=0
