 M docs/progress/IMPL_0908/W1/REPORT.md
 M docs/progress/IMPL_0908/W2/REPORT.md
 M docs/progress/IMPL_0908/W4/SUPPORT_SCOPE_EN.md
 M docs/progress/IMPL_0908/W4/SUPPORT_SCOPE_ZH.md
 M docs/progress/IMPL_0909/W3/SUPPORT_SCOPE_EN.md
 M docs/progress/IMPL_0909/W3/SUPPORT_SCOPE_ZH.md
 M docs/progress/IMPL_0909/W4/DELIVERY_EN.md
 M docs/progress/IMPL_0909/W4/DELIVERY_ZH.md
 M docs/progress/IMPL_0909/W4/EVIDENCE_INDEX.tsv
 M docs/progress/IMPL_0909/W4/REPORT.md
 M docs/progress/IMPL_STATUS_0908.md
 M docs/progress/IMPL_STATUS_0909.md
 M docs/progress/P1_0909/REPORT.md
 M docs/progress/R115/W3/raw/033_angle_files.stderr
 M docs/progress/R115/W3/raw/033_angle_files.stdout
?? HQ_files/abi_layout_comparison.tsv
?? codes
?? config
?? docs/progress/IMPL_0908/W3/raw/executor_smoke/
?? docs/progress/IMPL_0908/W3/raw/lit_armv7l_new_focused/
?? docs/progress/IMPL_0908/W3/raw/lit_armv7l_new_full/
?? docs/progress/IMPL_0908/W3/raw/lit_armv7l_new_resume1/
?? docs/progress/IMPL_0908/W3/raw/lit_armv7l_new_resume2/
?? docs/progress/IMPL_0908/W3/raw/lit_armv7l_old_overflow/
?? docs/progress/IMPL_0908/W3/raw/lit_x86_64_new_focused/
?? docs/progress/IMPL_0908/W3/raw/lit_x86_64_new_full/
?? docs/progress/IMPL_0908/W3/raw/lit_x86_64_old_overflow/
?? docs/progress/IMPL_0908/code/__pycache__/
?? docs/progress/IMPL_0908/delivery/028_w4_stage.command.txt
?? docs/progress/IMPL_0908/delivery/028_w4_stage.exitcode
?? docs/progress/IMPL_0908/delivery/028_w4_stage.stderr
?? docs/progress/IMPL_0908/delivery/028_w4_stage.stdout
?? docs/progress/IMPL_0908/delivery/028_w4_stage.time.json
?? docs/progress/IMPL_0908/delivery/029_w4_format.command.txt
?? docs/progress/IMPL_0908/delivery/029_w4_format.exitcode
?? docs/progress/IMPL_0908/delivery/029_w4_format.stderr
?? docs/progress/IMPL_0908/delivery/029_w4_format.stdout
?? docs/progress/IMPL_0908/delivery/029_w4_format.time.json
?? docs/progress/IMPL_0908/delivery/030_w4_scope.command.txt
?? docs/progress/IMPL_0908/delivery/030_w4_scope.exitcode
?? docs/progress/IMPL_0908/delivery/030_w4_scope.stderr
?? docs/progress/IMPL_0908/delivery/030_w4_scope.stdout
?? docs/progress/IMPL_0908/delivery/030_w4_scope.time.json
?? docs/progress/IMPL_0908/delivery/031_w4_commit.command.txt
?? docs/progress/IMPL_0908/delivery/031_w4_commit.exitcode
?? docs/progress/IMPL_0908/delivery/031_w4_commit.stderr
?? docs/progress/IMPL_0908/delivery/031_w4_commit.stdout
?? docs/progress/IMPL_0908/delivery/031_w4_commit.time.json
?? docs/progress/IMPL_0908/delivery/032_w4_push.command.txt
?? docs/progress/IMPL_0908/delivery/032_w4_push.exitcode
?? docs/progress/IMPL_0908/delivery/032_w4_push.stderr
?? docs/progress/IMPL_0908/delivery/032_w4_push.stdout
?? docs/progress/IMPL_0908/delivery/032_w4_push.time.json
?? docs/progress/IMPL_0908/delivery/033_final_github_remote.command.txt
?? docs/progress/IMPL_0908/delivery/033_final_github_remote.exitcode
?? docs/progress/IMPL_0908/delivery/033_final_github_remote.stderr
?? docs/progress/IMPL_0908/delivery/033_final_github_remote.stdout
?? docs/progress/IMPL_0908/delivery/033_final_github_remote.time.json
?? docs/progress/IMPL_0908/delivery/034_final_sandbox_remote.command.txt
?? docs/progress/IMPL_0908/delivery/034_final_sandbox_remote.exitcode
?? docs/progress/IMPL_0908/delivery/034_final_sandbox_remote.stderr
?? docs/progress/IMPL_0908/delivery/034_final_sandbox_remote.stdout
?? docs/progress/IMPL_0908/delivery/034_final_sandbox_remote.time.json
?? docs/progress/IMPL_0909/W2/delivery_resume/
?? docs/progress/IMPL_0909/W2/raw/config_executor/
?? docs/progress/IMPL_0909/W2/raw/lit_resume/
?? docs/progress/IMPL_0909/W2/raw/lit_resume2/
?? docs/progress/IMPL_0909/W2/raw/lit_resume3/
?? docs/progress/IMPL_0909/W3/delivery_resume/
?? docs/progress/IMPL_0909/W4/delivery_resume/
?? docs/progress/P1_0909/raw/delivery/006_refresh_stage.exitcode
?? docs/progress/P1_0909/raw/delivery/006_refresh_stage.time.json
?? docs/progress/P1_0909/raw/delivery/007_scope_guard.command.txt
?? docs/progress/P1_0909/raw/delivery/007_scope_guard.exitcode
?? docs/progress/P1_0909/raw/delivery/007_scope_guard.stderr
?? docs/progress/P1_0909/raw/delivery/007_scope_guard.stdout
?? docs/progress/P1_0909/raw/delivery/007_scope_guard.time.json
?? docs/progress/P1_0909/raw/delivery/008_commit.command.txt
?? docs/progress/P1_0909/raw/delivery/008_commit.exitcode
?? docs/progress/P1_0909/raw/delivery/008_commit.stderr
?? docs/progress/P1_0909/raw/delivery/008_commit.stdout
?? docs/progress/P1_0909/raw/delivery/008_commit.time.json
?? docs/progress/P1_0909/raw/delivery/009_committed_format.command.txt
?? docs/progress/P1_0909/raw/delivery/009_committed_format.exitcode
?? docs/progress/P1_0909/raw/delivery/009_committed_format.stderr
?? docs/progress/P1_0909/raw/delivery/009_committed_format.stdout
?? docs/progress/P1_0909/raw/delivery/009_committed_format.time.json
?? docs/progress/P1_0909/raw/delivery/010_push.command.txt
?? docs/progress/P1_0909/raw/delivery/010_push.exitcode
?? docs/progress/P1_0909/raw/delivery/010_push.stderr
?? docs/progress/P1_0909/raw/delivery/010_push.stdout
?? docs/progress/P1_0909/raw/delivery/010_push.time.json
?? docs/progress/P1_0909/raw/delivery/011_remote_verification.command.txt
?? docs/progress/P1_0909/raw/delivery/011_remote_verification.exitcode
?? docs/progress/P1_0909/raw/delivery/011_remote_verification.stderr
?? docs/progress/P1_0909/raw/delivery/011_remote_verification.stdout
?? docs/progress/P1_0909/raw/delivery/011_remote_verification.time.json
?? docs/progress/P4_0909/delivery/
?? docs/progress/P5_0909/delivery/
?? docs/progress/P6B_0909/
?? docs/progress/P6_0909/delivery/
?? docs/progress/P6_0909/resume/delivery/
?? docs/progress/R110/raw/177_commit_handoff.command.txt
?? docs/progress/R110/raw/177_commit_handoff.exitcode
?? docs/progress/R110/raw/177_commit_handoff.stderr
?? docs/progress/R110/raw/177_commit_handoff.stdout
?? docs/progress/R110/raw/178_git_push_handoff.command.txt
?? docs/progress/R110/raw/178_git_push_handoff.exitcode
?? docs/progress/R110/raw/178_git_push_handoff.stderr
?? docs/progress/R110/raw/178_git_push_handoff.stdout
?? docs/progress/R110/raw/179_final_workspace_state.command.txt
?? docs/progress/R110/raw/179_final_workspace_state.exitcode
?? docs/progress/R110/raw/179_final_workspace_state.stderr
?? docs/progress/R110/raw/179_final_workspace_state.stdout
?? docs/progress/R110/raw/180_git_push_diagnostic.command.txt
?? docs/progress/R110/raw/180_git_push_diagnostic.exitcode
?? docs/progress/R110/raw/180_git_push_diagnostic.stderr
?? docs/progress/R110/raw/180_git_push_diagnostic.stdout
?? docs/progress/R110/raw/181_git_remote_v.command.txt
?? docs/progress/R110/raw/181_git_remote_v.exitcode
?? docs/progress/R110/raw/181_git_remote_v.stderr
?? docs/progress/R110/raw/181_git_remote_v.stdout
?? docs/progress/R110/raw/182_credential_helper.command.txt
?? docs/progress/R110/raw/182_credential_helper.exitcode
?? docs/progress/R110/raw/182_credential_helper.stderr
?? docs/progress/R110/raw/182_credential_helper.stdout
?? docs/progress/R110/raw/183_git_credentials_file.command.txt
?? docs/progress/R110/raw/183_git_credentials_file.exitcode
?? docs/progress/R110/raw/183_git_credentials_file.stderr
?? docs/progress/R110/raw/183_git_credentials_file.stdout
?? docs/progress/R110/raw/184_token_presence.command.txt
?? docs/progress/R110/raw/184_token_presence.exitcode
?? docs/progress/R110/raw/184_token_presence.stderr
?? docs/progress/R110/raw/184_token_presence.stdout
?? docs/progress/R110/raw/185_configure_local_credential_helper.command.txt
?? docs/progress/R110/raw/185_configure_local_credential_helper.exitcode
?? docs/progress/R110/raw/185_configure_local_credential_helper.stderr
?? docs/progress/R110/raw/185_configure_local_credential_helper.stdout
?? docs/progress/R110/raw/186_git_push_after_helper.command.txt
?? docs/progress/R110/raw/186_git_push_after_helper.exitcode
?? docs/progress/R110/raw/186_git_push_after_helper.stderr
?? docs/progress/R110/raw/186_git_push_after_helper.stdout
?? docs/progress/R110/raw/187_fetch_origin_tail.command.txt
?? docs/progress/R110/raw/187_fetch_origin_tail.exitcode
?? docs/progress/R110/raw/187_fetch_origin_tail.stderr
?? docs/progress/R110/raw/187_fetch_origin_tail.stdout
?? docs/progress/R110/raw/187_verify_local_credential_helper.command.txt
?? docs/progress/R110/raw/187_verify_local_credential_helper.exitcode
?? docs/progress/R110/raw/187_verify_local_credential_helper.stderr
?? docs/progress/R110/raw/187_verify_local_credential_helper.stdout
?? docs/progress/R110/raw/188_postfetch_unpushed_commits.command.txt
?? docs/progress/R110/raw/188_postfetch_unpushed_commits.exitcode
?? docs/progress/R110/raw/188_postfetch_unpushed_commits.stderr
?? docs/progress/R110/raw/188_postfetch_unpushed_commits.stdout
?? docs/progress/R110/raw/189_postfetch_unpushed_count.command.txt
?? docs/progress/R110/raw/189_postfetch_unpushed_count.exitcode
?? docs/progress/R110/raw/189_postfetch_unpushed_count.stderr
?? docs/progress/R110/raw/189_postfetch_unpushed_count.stdout
?? docs/progress/R110/raw/190_credential_hosts.command.txt
?? docs/progress/R110/raw/190_credential_hosts.exitcode
?? docs/progress/R110/raw/190_credential_hosts.stderr
?? docs/progress/R110/raw/190_credential_hosts.stdout
?? docs/progress/R110/raw/191_github_credential_fill_filtered.command.txt
?? docs/progress/R110/raw/191_github_credential_fill_filtered.exitcode
?? docs/progress/R110/raw/191_github_credential_fill_filtered.stderr
?? docs/progress/R110/raw/191_github_credential_fill_filtered.stdout
?? docs/progress/R110/raw/192_prior_push_record_paths.command.txt
?? docs/progress/R110/raw/192_prior_push_record_paths.exitcode
?? docs/progress/R110/raw/192_prior_push_record_paths.stderr
?? docs/progress/R110/raw/192_prior_push_record_paths.stdout
?? docs/progress/R110/raw/193_inspect_prior_delivery_records.command.txt
?? docs/progress/R110/raw/193_inspect_prior_delivery_records.exitcode
?? docs/progress/R110/raw/193_inspect_prior_delivery_records.stderr
?? docs/progress/R110/raw/193_inspect_prior_delivery_records.stdout
?? docs/progress/R110/raw/194_locate_actual_prior_push_records.command.txt
?? docs/progress/R110/raw/194_locate_actual_prior_push_records.exitcode
?? docs/progress/R110/raw/194_locate_actual_prior_push_records.stderr
?? docs/progress/R110/raw/194_locate_actual_prior_push_records.stdout
?? docs/progress/R110/raw/195_inspect_r109_delivery_evidence.command.txt
?? docs/progress/R110/raw/195_inspect_r109_delivery_evidence.exitcode
?? docs/progress/R110/raw/195_inspect_r109_delivery_evidence.stderr
?? docs/progress/R110/raw/195_inspect_r109_delivery_evidence.stdout
?? docs/progress/R110/raw/196_inspect_known_prior_push_methods.command.txt
?? docs/progress/R110/raw/196_inspect_known_prior_push_methods.exitcode
?? docs/progress/R110/raw/196_inspect_known_prior_push_methods.stderr
?? docs/progress/R110/raw/196_inspect_known_prior_push_methods.stdout
?? docs/progress/R110/raw/197_current_git_transport_config.command.txt
?? docs/progress/R110/raw/197_current_git_transport_config.exitcode
?? docs/progress/R110/raw/197_current_git_transport_config.stderr
?? docs/progress/R110/raw/197_current_git_transport_config.stdout
?? docs/progress/R110/raw/198_github_ssh_auth.command.txt
?? docs/progress/R110/raw/198_github_ssh_auth.exitcode
?? docs/progress/R110/raw/198_github_ssh_auth.stderr
?? docs/progress/R110/raw/198_github_ssh_auth.stdout
?? docs/progress/R110/raw/199_set_origin_ssh.command.txt
?? docs/progress/R110/raw/199_set_origin_ssh.exitcode
?? docs/progress/R110/raw/199_set_origin_ssh.stderr
?? docs/progress/R110/raw/199_set_origin_ssh.stdout
?? docs/progress/R110/raw/200_remote_after_ssh.command.txt
?? docs/progress/R110/raw/200_remote_after_ssh.exitcode
?? docs/progress/R110/raw/200_remote_after_ssh.stderr
?? docs/progress/R110/raw/200_remote_after_ssh.stdout
?? docs/progress/R110/raw/201_push_runtime_validation_ssh.command.txt
?? docs/progress/R110/raw/201_push_runtime_validation_ssh.exitcode
?? docs/progress/R110/raw/201_push_runtime_validation_ssh.stderr
?? docs/progress/R110/raw/201_push_runtime_validation_ssh.stdout
?? docs/progress/R110/raw/202_verify_remote_and_other_line.command.txt
?? docs/progress/R110/raw/202_verify_remote_and_other_line.exitcode
?? docs/progress/R110/raw/202_verify_remote_and_other_line.stderr
?? docs/progress/R110/raw/202_verify_remote_and_other_line.stdout
?? docs/progress/R110/raw/203_inspect_other_line_refs.command.txt
?? docs/progress/R110/raw/203_inspect_other_line_refs.exitcode
?? docs/progress/R110/raw/203_inspect_other_line_refs.stderr
?? docs/progress/R110/raw/203_inspect_other_line_refs.stdout
?? docs/progress/R115/W3/raw/033_angle_files.exitcode
?? docs/progress/R115/W3/raw/033_angle_files.time.json
?? docs/progress/R115/W3/raw/072_delivery_stage.exitcode
?? docs/progress/R115/W3/raw/072_delivery_stage.time.json
?? docs/progress/R115/W3/raw/073_delivery_commit.command.txt
?? docs/progress/R115/W3/raw/073_delivery_commit.exitcode
?? docs/progress/R115/W3/raw/073_delivery_commit.stderr
?? docs/progress/R115/W3/raw/073_delivery_commit.stdout
?? docs/progress/R115/W3/raw/073_delivery_commit.time.json
?? docs/progress/R115/W3/raw/074_delivery_push.command.txt
?? docs/progress/R115/W3/raw/074_delivery_push.exitcode
?? docs/progress/R115/W3/raw/074_delivery_push.stderr
?? docs/progress/R115/W3/raw/074_delivery_push.stdout
?? docs/progress/R115/W3/raw/074_delivery_push.time.json
?? docs/progress/R115/W3/raw/075_final_remote_verify.command.txt
?? docs/progress/R115/W3/raw/075_final_remote_verify.exitcode
?? docs/progress/R115/W3/raw/075_final_remote_verify.stderr
?? docs/progress/R115/W3/raw/075_final_remote_verify.stdout
?? docs/progress/R115/W3/raw/075_final_remote_verify.time.json
?? docs/progress/R116/raw/delivery/001_stage.command.txt
?? docs/progress/R116/raw/delivery/001_stage.exitcode
?? docs/progress/R116/raw/delivery/001_stage.stderr
?? docs/progress/R116/raw/delivery/001_stage.stdout
?? docs/progress/R116/raw/delivery/001_stage.time.json
?? docs/progress/R116/raw/delivery/002_format.command.txt
?? docs/progress/R116/raw/delivery/002_format.exitcode
?? docs/progress/R116/raw/delivery/002_format.stderr
?? docs/progress/R116/raw/delivery/002_format.stdout
?? docs/progress/R116/raw/delivery/002_format.time.json
?? docs/progress/R116/raw/delivery/003_scope.command.txt
?? docs/progress/R116/raw/delivery/003_scope.exitcode
?? docs/progress/R116/raw/delivery/003_scope.stderr
?? docs/progress/R116/raw/delivery/003_scope.stdout
?? docs/progress/R116/raw/delivery/003_scope.time.json
?? docs/progress/R116/raw/delivery/004_commit.command.txt
?? docs/progress/R116/raw/delivery/004_commit.exitcode
?? docs/progress/R116/raw/delivery/004_commit.stderr
?? docs/progress/R116/raw/delivery/004_commit.stdout
?? docs/progress/R116/raw/delivery/004_commit.time.json
?? docs/progress/R116/raw/delivery/005_final.command.txt
?? docs/progress/R116/raw/delivery/005_final.exitcode
?? docs/progress/R116/raw/delivery/005_final.stderr
?? docs/progress/R116/raw/delivery/005_final.stdout
?? docs/progress/R116/raw/delivery/005_final.time.json
?? docs/progress/R116/raw/delivery/006_workspace.command.txt
?? docs/progress/R116/raw/delivery/006_workspace.exitcode
?? docs/progress/R116/raw/delivery/006_workspace.stderr
?? docs/progress/R116/raw/delivery/006_workspace.stdout
?? docs/progress/R116/raw/delivery/006_workspace.time.json
?? docs/progress/R116/raw/delivery/009_supplement_stage.command.txt
?? docs/progress/R116/raw/delivery/009_supplement_stage.exitcode
?? docs/progress/R116/raw/delivery/009_supplement_stage.stderr
?? docs/progress/R116/raw/delivery/009_supplement_stage.stdout
?? docs/progress/R116/raw/delivery/009_supplement_stage.time.json
?? docs/progress/R116/raw/delivery/010_prior_push_receipts.command.txt
?? docs/progress/R116/raw/delivery/010_prior_push_receipts.exitcode
?? docs/progress/R116/raw/delivery/010_prior_push_receipts.stderr
?? docs/progress/R116/raw/delivery/010_prior_push_receipts.stdout
?? docs/progress/R116/raw/delivery/010_prior_push_receipts.time.json
?? docs/progress/R116/raw/delivery/011_supplement_commit.command.txt
?? docs/progress/R116/raw/delivery/011_supplement_commit.exitcode
?? docs/progress/R116/raw/delivery/011_supplement_commit.stderr
?? docs/progress/R116/raw/delivery/011_supplement_commit.stdout
?? docs/progress/R116/raw/delivery/011_supplement_commit.time.json
?? docs/progress/R116/raw/delivery/012_supplement_push.command.txt
?? docs/progress/R116/raw/delivery/012_supplement_push.exitcode
?? docs/progress/R116/raw/delivery/012_supplement_push.stderr
?? docs/progress/R116/raw/delivery/012_supplement_push.stdout
?? docs/progress/R116/raw/delivery/012_supplement_push.time.json
?? docs/progress/R116/raw/delivery/013_supplement_remote.command.txt
?? docs/progress/R116/raw/delivery/013_supplement_remote.exitcode
?? docs/progress/R116/raw/delivery/013_supplement_remote.stderr
?? docs/progress/R116/raw/delivery/013_supplement_remote.stdout
?? docs/progress/R116/raw/delivery/013_supplement_remote.time.json
?? docs/progress/R66/code/__pycache__/
?? "files (1).zip"
HQ_files/abi_comparison_preliminary.md
HQ_files/abi_comparison_preliminary_EN.md
HQ_files/api_compatibility_report.md
HQ_files/api_compatibility_report_EN.md
HQ_files/chromium_research_en.md
HQ_files/chromium_research_zh.md
drwxrwxr-x 2 toolchain toolchain 4096 Sep 11 09:50 HQ_files
lrwxrwxrwx 1 toolchain toolchain   52 Sep  4 17:06 codes -> /home/toolchain/development/libc++_replacement/codes
lrwxrwxrwx 1 toolchain toolchain   53 Sep  4 17:06 config -> /home/toolchain/development/libc++_replacement/config
94f75a90010d49a676335c1caca88ff04cb1b0a1294bdbb655f38d865eb7a18c  docs/progress/R115/W3/raw/033_angle_files.stderr
dde4c0b37000f6e3d01bd5096bba7ee331a31b216bd43dcbee24f7f2a9a9cf7c  docs/progress/R115/W3/raw/033_angle_files.stdout
* sandbox/lhmax2025/libcxx-ehabi-backport  c68f376fbeb1 [origin/sandbox/lhmax2025/libcxx-ehabi-backport] libcxx: match timed-wait aliases to the target intmax_t ABI
  sandbox/lhmax2025/libcxx-noexcept-relief c68f376fbeb1 libcxx: match timed-wait aliases to the target intmax_t ABI
  tizen_base                               5ed6c77278df [origin/tizen_base] packaging: add libc++ runtimes spec
c68f376fbeb1bc0cbb93f2569bb1eedb22e90d13
