memory_basis=[('MemTotal', 33072918528)]
RLIMIT_AS_bytes=9921875558; parallelism=1; nice=19; ionice=3
/home/toolchain/development/libcxx_runtime_validation/docs/progress/R119_DIVERGENT/raw/link_control_gate_attempt2: exit=0
/home/toolchain/development/libcxx_runtime_validation/docs/progress/R119_DIVERGENT/raw/offset_compile_gnu_provider_attempt2: exit=0
/home/toolchain/development/libcxx_runtime_validation/docs/progress/R119_DIVERGENT/raw/offset_symbols_gnu_provider_attempt2: exit=0
/home/toolchain/development/libcxx_runtime_validation/docs/progress/R119_DIVERGENT/raw/offset_compile_gnu_consumer_attempt2: exit=0
/home/toolchain/development/libcxx_runtime_validation/docs/progress/R119_DIVERGENT/raw/offset_symbols_gnu_consumer_attempt2: exit=0
/home/toolchain/development/libcxx_runtime_validation/docs/progress/R119_DIVERGENT/raw/offset_compile_cxx_provider_attempt2: exit=0
/home/toolchain/development/libcxx_runtime_validation/docs/progress/R119_DIVERGENT/raw/offset_symbols_cxx_provider_attempt2: exit=0
/home/toolchain/development/libcxx_runtime_validation/docs/progress/R119_DIVERGENT/raw/offset_compile_cxx_consumer_attempt2: exit=0
/home/toolchain/development/libcxx_runtime_validation/docs/progress/R119_DIVERGENT/raw/offset_symbols_cxx_consumer_attempt2: exit=0
/home/toolchain/development/libcxx_runtime_validation/docs/progress/R119_DIVERGENT/raw/offset_link_gnu_gnu_attempt2: exit=0
/home/toolchain/development/libcxx_runtime_validation/docs/progress/R119_DIVERGENT/raw/offset_run_gnu_gnu_1_attempt2: exit=0
/home/toolchain/development/libcxx_runtime_validation/docs/progress/R119_DIVERGENT/raw/offset_run_gnu_gnu_2_attempt2: exit=0
/home/toolchain/development/libcxx_runtime_validation/docs/progress/R119_DIVERGENT/raw/offset_run_gnu_gnu_3_attempt2: exit=0
/home/toolchain/development/libcxx_runtime_validation/docs/progress/R119_DIVERGENT/raw/offset_run_gnu_gnu_4_attempt2: exit=0
/home/toolchain/development/libcxx_runtime_validation/docs/progress/R119_DIVERGENT/raw/offset_run_gnu_gnu_5_attempt2: exit=0
/home/toolchain/development/libcxx_runtime_validation/docs/progress/R119_DIVERGENT/raw/offset_link_cxx_cxx_attempt2: exit=0
/home/toolchain/development/libcxx_runtime_validation/docs/progress/R119_DIVERGENT/raw/offset_run_cxx_cxx_1_attempt2: exit=0
/home/toolchain/development/libcxx_runtime_validation/docs/progress/R119_DIVERGENT/raw/offset_run_cxx_cxx_2_attempt2: exit=0
/home/toolchain/development/libcxx_runtime_validation/docs/progress/R119_DIVERGENT/raw/offset_run_cxx_cxx_3_attempt2: exit=0
/home/toolchain/development/libcxx_runtime_validation/docs/progress/R119_DIVERGENT/raw/offset_run_cxx_cxx_4_attempt2: exit=0
/home/toolchain/development/libcxx_runtime_validation/docs/progress/R119_DIVERGENT/raw/offset_run_cxx_cxx_5_attempt2: exit=0
/home/toolchain/development/libcxx_runtime_validation/docs/progress/R119_DIVERGENT/raw/offset_link_gnu_cxx_attempt2: exit=1
/home/toolchain/development/libcxx_runtime_validation/docs/progress/R119_DIVERGENT/raw/offset_link_gnu_cxx_2: exit=1
/home/toolchain/development/libcxx_runtime_validation/docs/progress/R119_DIVERGENT/raw/offset_link_gnu_cxx_3: exit=1
/home/toolchain/development/libcxx_runtime_validation/docs/progress/R119_DIVERGENT/raw/offset_link_gnu_cxx_4: exit=1
/home/toolchain/development/libcxx_runtime_validation/docs/progress/R119_DIVERGENT/raw/offset_link_gnu_cxx_5: exit=1
/home/toolchain/development/libcxx_runtime_validation/docs/progress/R119_DIVERGENT/raw/offset_link_cxx_gnu_attempt2: exit=1
/home/toolchain/development/libcxx_runtime_validation/docs/progress/R119_DIVERGENT/raw/offset_link_cxx_gnu_2: exit=1
/home/toolchain/development/libcxx_runtime_validation/docs/progress/R119_DIVERGENT/raw/offset_link_cxx_gnu_3: exit=1
/home/toolchain/development/libcxx_runtime_validation/docs/progress/R119_DIVERGENT/raw/offset_link_cxx_gnu_4: exit=1
/home/toolchain/development/libcxx_runtime_validation/docs/progress/R119_DIVERGENT/raw/offset_link_cxx_gnu_5: exit=1
[
  {
    "consumer": "gnu",
    "provider": "gnu",
    "link_exit": 0,
    "link_record": "docs/progress/R119_DIVERGENT/raw/offset_link_gnu_gnu_attempt2",
    "runs": [
      "docs/progress/R119_DIVERGENT/raw/offset_run_gnu_gnu_1_attempt2",
      "docs/progress/R119_DIVERGENT/raw/offset_run_gnu_gnu_2_attempt2",
      "docs/progress/R119_DIVERGENT/raw/offset_run_gnu_gnu_3_attempt2",
      "docs/progress/R119_DIVERGENT/raw/offset_run_gnu_gnu_4_attempt2",
      "docs/progress/R119_DIVERGENT/raw/offset_run_gnu_gnu_5_attempt2"
    ],
    "observed": "VALUE_20_IN_5_OF_5"
  },
  {
    "consumer": "cxx",
    "provider": "cxx",
    "link_exit": 0,
    "link_record": "docs/progress/R119_DIVERGENT/raw/offset_link_cxx_cxx_attempt2",
    "runs": [
      "docs/progress/R119_DIVERGENT/raw/offset_run_cxx_cxx_1_attempt2",
      "docs/progress/R119_DIVERGENT/raw/offset_run_cxx_cxx_2_attempt2",
      "docs/progress/R119_DIVERGENT/raw/offset_run_cxx_cxx_3_attempt2",
      "docs/progress/R119_DIVERGENT/raw/offset_run_cxx_cxx_4_attempt2",
      "docs/progress/R119_DIVERGENT/raw/offset_run_cxx_cxx_5_attempt2"
    ],
    "observed": "VALUE_20_IN_5_OF_5"
  },
  {
    "consumer": "gnu",
    "provider": "cxx",
    "link_exit": 1,
    "link_record": "docs/progress/R119_DIVERGENT/raw/offset_link_gnu_cxx_attempt2",
    "runs": [],
    "observed": "LINK_REJECTED_TYPE_ENCODING",
    "link_attempts": [
      "docs/progress/R119_DIVERGENT/raw/offset_link_gnu_cxx_attempt2",
      "docs/progress/R119_DIVERGENT/raw/offset_link_gnu_cxx_2",
      "docs/progress/R119_DIVERGENT/raw/offset_link_gnu_cxx_3",
      "docs/progress/R119_DIVERGENT/raw/offset_link_gnu_cxx_4",
      "docs/progress/R119_DIVERGENT/raw/offset_link_gnu_cxx_5"
    ]
  },
  {
    "consumer": "cxx",
    "provider": "gnu",
    "link_exit": 1,
    "link_record": "docs/progress/R119_DIVERGENT/raw/offset_link_cxx_gnu_attempt2",
    "runs": [],
    "observed": "LINK_REJECTED_TYPE_ENCODING",
    "link_attempts": [
      "docs/progress/R119_DIVERGENT/raw/offset_link_cxx_gnu_attempt2",
      "docs/progress/R119_DIVERGENT/raw/offset_link_cxx_gnu_2",
      "docs/progress/R119_DIVERGENT/raw/offset_link_cxx_gnu_3",
      "docs/progress/R119_DIVERGENT/raw/offset_link_cxx_gnu_4",
      "docs/progress/R119_DIVERGENT/raw/offset_link_cxx_gnu_5"
    ]
  }
]
