memory_basis=[('MemTotal', 33072918528)]
RLIMIT_AS_bytes=9921875558; parallelism=1; nice=19; ionice=3
T0003 libc++-devel /usr/include/c++/v1/__cxx03/ios 295   typedef std::streampos streampos;
T0003 libc++-devel /usr/include/c++/v1/ios 302   typedef std::streampos streampos;
T0003 libstdc++-devel /usr/lib64/gcc/x86_64-tizen-linux-gnu/14.2.0/include/c++/bits/char_traits.h 88       typedef std::streampos  pos_type;
T0003 libstdc++-devel /usr/lib64/gcc/x86_64-tizen-linux-gnu/14.2.0/include/c++/bits/ios_base.h 532     typedef std::streampos streampos
T0003 libstdc++-devel /usr/lib64/gcc/x86_64-tizen-linux-gnu/14.2.0/include/c++/bits/ios_base.h 533       _GLIBCXX_DEPRECATED_SUGGEST("std::streampos");
T0003 libstdc++-devel /usr/lib64/gcc/x86_64-tizen-linux-gnu/14.2.0/include/c++/ext/stdio_sync_filebuf.h 194       virtual std::streampos
T0003 libstdc++-devel /usr/lib64/gcc/x86_64-tizen-linux-gnu/14.2.0/include/c++/ext/stdio_sync_filebuf.h 198 	std::streampos __ret(std::streamoff(-1));
T0003 libstdc++-devel /usr/lib64/gcc/x86_64-tizen-linux-gnu/14.2.0/include/c++/ext/stdio_sync_filebuf.h 208 	  __ret = std::streampos(ftello64(_M_file));
T0003 libstdc++-devel /usr/lib64/gcc/x86_64-tizen-linux-gnu/14.2.0/include/c++/ext/stdio_sync_filebuf.h 211 	  __ret = std::streampos(std::ftell(_M_file));
T0003 libstdc++-devel /usr/lib64/gcc/x86_64-tizen-linux-gnu/14.2.0/include/c++/ext/stdio_sync_filebuf.h 216       virtual std::streampos
T0003 libstdc++-devel /usr/lib64/gcc/x86_64-tizen-linux-gnu/14.2.0/include/c++/ext/stdio_sync_filebuf.h 217       seekpos(std::streampos __pos,
T0003 openfst-devel /usr/include/fst/vector-fst.h 639   std::streampos start_offset = 0;
T0003 dali2-adaptor-integration-devel /usr/include/dali/devel-api/adaptor-framework/file-loader.h 75 DALI_ADAPTOR_API int ReadFile(const std::string& filename, std::streampos& fileSize, Dali::Vector<char>& memblock, FileLoader::FileType fileType = BINARY);
T0003 dali2-adaptor-integration-devel /usr/include/dali/devel-api/adaptor-framework/file-loader.h 87 DALI_ADAPTOR_API int ReadFile(const std::string& filename, std::streampos& fileSize, Dali::Vector<uint8_t>& memblock, FileLoader::FileType fileType = BINARY);
T0003 dali2-adaptor-integration-devel /usr/include/dali/devel-api/adaptor-framework/file-loader.h 95 DALI_ADAPTOR_API std::streampos GetFileSize(const std::string& filename);
T0003 dali2-adaptor-integration-devel /usr/include/dali/devel-api/text-abstraction/font-file-manager.h 122   bool FindFontFile(const FontPath& fontPath, Dali::Any& fontFilePtr, std::streampos& fileSize) const;
T0003 dali2-adaptor-integration-devel /usr/include/dali/devel-api/text-abstraction/font-file-manager.h 131   void CacheFontFile(const FontPath& fontPath, Dali::Vector<uint8_t>&& fontFileBuffer, const std::streampos& fileSize) const;
T0003 tvm-runtime-devel /usr/include/dmlc/optional.h 180   std::streampos origin = is.tellg();
T0009 libstdc++-devel /usr/lib64/gcc/x86_64-tizen-linux-gnu/14.2.0/include/c++/bits/basic_ios.h 137        *  See std::ios_base::iostate for the possible bit values.  Most
T0009 libstdc++-devel /usr/lib64/gcc/x86_64-tizen-linux-gnu/14.2.0/include/c++/bits/basic_ios.h 148        *  See std::ios_base::iostate for the possible bit values.  Most
T0009 libstdc++-devel /usr/lib64/gcc/x86_64-tizen-linux-gnu/14.2.0/include/c++/bits/basic_ios.h 158        *  See std::ios_base::iostate for the possible bit values.
T0009 podofo-devel /usr/include/podofo/base/PdfInputDevice.h 148     PODOFO_NOTHROW inline virtual void Clear( std::ios_base::iostate state = std::ios_base::goodbit) const;
T0009 podofo-devel /usr/include/podofo/base/PdfInputDevice.h 205 void PdfInputDevice::Clear(std::ios_base::iostate state) const
T0071 tensorflow2-aot-devel /usr/include/tensorflow2/aot/include/google/protobuf/stubs/strutil.h 178   std::string::iterator end = s->end();
T0071 tensorflow2-aot-devel /usr/include/tensorflow2/aot/include/google/protobuf/stubs/strutil.h 179   for (std::string::iterator i = s->begin(); i != end; ++i) {
T0071 tensorflow2-aot-devel /usr/include/tensorflow2/aot/include/google/protobuf/stubs/strutil.h 186   std::string::iterator end = s->end();
T0071 tensorflow2-aot-devel /usr/include/tensorflow2/aot/include/google/protobuf/stubs/strutil.h 187   for (std::string::iterator i = s->begin(); i != end; ++i) {
T0071 glibmm-devel /usr/include/glibmm-2.4/glibmm/ustring.h 188  * @tparam T std::string::iterator or std::string::const_iterator
T0071 glibmm-devel /usr/include/glibmm-2.4/glibmm/ustring.h 201   inline ustring_Iterator(const ustring_Iterator<std::string::iterator>& other);
T0071 glibmm-devel /usr/include/glibmm-2.4/glibmm/ustring.h 268  * and std::string::iterator.
T0071 glibmm-devel /usr/include/glibmm-2.4/glibmm/ustring.h 328   using iterator = ustring_Iterator<std::string::iterator>;
T0071 glibmm-devel /usr/include/glibmm-2.4/glibmm/ustring.h 1165 inline ustring_Iterator<T>::ustring_Iterator(const ustring_Iterator<std::string::iterator>& other)
T0071 gtest-devel /usr/include/gtest/internal/gtest-port.h 2016   std::string::iterator it = str.end();
T0072 libstdc++-devel /usr/lib64/gcc/x86_64-tizen-linux-gnu/14.2.0/include/c++/ext/pb_ds/detail/trie_policy/sample_trie_access_traits.hpp 54     typedef std::string::const_iterator 		const_iterator;
T0072 glibmm-devel /usr/include/glibmm-2.4/glibmm/ustring.h 188  * @tparam T std::string::iterator or std::string::const_iterator
T0072 glibmm-devel /usr/include/glibmm-2.4/glibmm/ustring.h 229 gunichar get_unichar_from_std_iterator(std::string::const_iterator pos) G_GNUC_PURE;
T0072 glibmm-devel /usr/include/glibmm-2.4/glibmm/ustring.h 329   using const_iterator = ustring_Iterator<std::string::const_iterator>;
T0072 webapi-plugins-devel /usr/include/webapi-plugins/src/common/picojson.h 704     for (std::string::const_iterator pi(pattern.begin()); pi != pattern.end(); ++pi) {
T0372 lldb-devel /usr/include/lldb/Host/MainLoopBase.h 65     return AddCallback(callback, std::chrono::steady_clock::time_point());
T0372 lldb-devel /usr/include/lldb/Target/ThreadPlanSingleThreadTimeout.h 105   std::chrono::steady_clock::time_point m_timeout_start;
T0372 lldb-devel /usr/include/lldb/Utility/SelectHelper.h 68   std::optional<std::chrono::steady_clock::time_point> m_end_time;
T0372 lldb-devel /usr/include/lldb/Utility/Timer.h 64   using TimePoint = std::chrono::steady_clock::time_point;
T0372 tensorflow2-aot-devel /usr/include/tensorflow2/aot/include/external/nccl_archive/_virtual_includes/include_hdrs/debug.h 40 extern std::chrono::steady_clock::time_point ncclEpoch;
T0372 nnfw-plugin-devel /usr/include/onert/util/ITimer.h 53   std::chrono::steady_clock::time_point _start_time; // in microseconds
T0416 libstdc++-devel /usr/lib64/gcc/x86_64-tizen-linux-gnu/14.2.0/include/c++/bits/std_thread.h 91     /** A std::thread::id is a unique identifier for a thread.
T0416 libstdc++-devel /usr/lib64/gcc/x86_64-tizen-linux-gnu/14.2.0/include/c++/bits/std_thread.h 331   /// @relates std::thread::id
T0416 tensorflow2-aot-devel /usr/include/tensorflow2/aot/include/Eigen/src/ThreadPool/NonBlockingThreadPool.h 455     return std::hash<std::thread::id>()(std::this_thread::get_id());
T0416 tensorflow2-aot-devel /usr/include/tensorflow2/aot/include/Eigen/src/ThreadPool/ThreadLocal.h 142     std::thread::id this_thread = std::this_thread::get_id();
T0416 tensorflow2-aot-devel /usr/include/tensorflow2/aot/include/Eigen/src/ThreadPool/ThreadLocal.h 145     std::size_t h = std::hash<std::thread::id>()(this_thread);
T0416 tensorflow2-aot-devel /usr/include/tensorflow2/aot/include/Eigen/src/ThreadPool/ThreadLocal.h 215   void ForEach(std::function<void(std::thread::id, T&)> f) {
T0416 tensorflow2-aot-devel /usr/include/tensorflow2/aot/include/Eigen/src/ThreadPool/ThreadLocal.h 256     std::thread::id thread_id;
T0416 tensorflow2-aot-devel /usr/include/tensorflow2/aot/include/Eigen/src/ThreadPool/ThreadLocal.h 261   T& SpilledLocal(std::thread::id this_thread) {
T0416 tensorflow2-aot-devel /usr/include/tensorflow2/aot/include/Eigen/src/ThreadPool/ThreadLocal.h 294   std::unordered_map<std::thread::id, T> per_thread_map_;
T0416 tensorflow2-aot-devel /usr/include/tensorflow2/aot/include/external/onednn/src/common/kernel_cache.hpp 60     const std::thread::id &thread_id() const { return thread_id_; }
T0416 tensorflow2-aot-devel /usr/include/tensorflow2/aot/include/external/onednn/src/common/kernel_cache.hpp 70     std::thread::id thread_id_;
T0416 tensorflow2-aot-devel /usr/include/tensorflow2/aot/include/external/onednn/src/common/primitive_hashing.hpp 44     const std::thread::id &thread_id() const { return thread_id_; }
T0416 tensorflow2-aot-devel /usr/include/tensorflow2/aot/include/external/onednn/src/common/primitive_hashing.hpp 71     std::thread::id thread_id_;
T0416 tensorflow2-aot-devel /usr/include/tensorflow2/aot/include/external/onednn/src/common/thread_local_storage.hpp 69     std::unordered_map<std::thread::id, T> storage_;
T0416 tensorflow2-aot-devel /usr/include/tensorflow2/aot/include/external/tf_runtime/include/tfrt/support/thread_environment.h 52     return std::hash<std::thread::id>()(std::this_thread::get_id());
T0416 tensorflow2-aot-devel /usr/include/tensorflow2/aot/include/external/tf_runtime/include/tfrt/support/thread_local.h 104     std::thread::id this_thread = std::this_thread::get_id();
T0416 tensorflow2-aot-devel /usr/include/tensorflow2/aot/include/external/tf_runtime/include/tfrt/support/thread_local.h 107     size_t h = std::hash<std::thread::id>()(this_thread);
T0416 tensorflow2-aot-devel /usr/include/tensorflow2/aot/include/external/tf_runtime/include/tfrt/support/thread_local.h 177   void ForEach(llvm::function_ref<void(std::thread::id, T&)> f) {
T0416 tensorflow2-aot-devel /usr/include/tensorflow2/aot/include/external/tf_runtime/include/tfrt/support/thread_local.h 198     std::thread::id thread_id;
T0416 tensorflow2-aot-devel /usr/include/tensorflow2/aot/include/external/tf_runtime/include/tfrt/support/thread_local.h 203   T& SpilledLocal(std::thread::id this_thread) {
T0416 tensorflow2-aot-devel /usr/include/tensorflow2/aot/include/external/tf_runtime/include/tfrt/support/thread_local.h 234   std::unordered_map<std::thread::id, T> spilled_ TFRT_GUARDED_BY(mu_);
T0416 tensorflow2-aot-devel /usr/include/tensorflow2/aot/include/tensorflow/core/common_runtime/eager/context.h 700   std::unordered_map<std::thread::id, ContextDevicePlacementPolicy>
T0416 tensorflow2-aot-devel /usr/include/tensorflow2/aot/include/tensorflow/core/common_runtime/eager/context.h 779   std::unordered_map<std::thread::id, EagerExecutor*> thread_local_executor_
T0416 tensorflow2-aot-devel /usr/include/tensorflow2/aot/include/tensorflow/core/common_runtime/eager/context.h 781   std::unordered_map<std::thread::id, absl::flat_hash_set<EagerExecutor*>>
T0416 tensorflow2-aot-devel /usr/include/tensorflow2/aot/include/unsupported/Eigen/CXX11/src/Tensor/TensorContractionThreadPool.h 529     std::thread::id created_by_thread_id_;
T0416 eigen-devel /usr/include/eigen3/unsupported/Eigen/CXX11/src/Tensor/TensorContractionThreadPool.h 529     std::thread::id created_by_thread_id_;
T0416 eigen-devel /usr/include/eigen3/unsupported/Eigen/CXX11/src/Tensor/TensorDeviceSycl.h 787   mutable std::unordered_map<std::thread::id, cl::sycl::event> latest_events_;
T0416 eigen-devel /usr/include/eigen3/unsupported/Eigen/CXX11/src/ThreadPool/NonBlockingThreadPool.h 453     return std::hash<std::thread::id>()(std::this_thread::get_id());
T0416 eigen-devel /usr/include/eigen3/unsupported/Eigen/CXX11/src/ThreadPool/ThreadLocal.h 144     std::thread::id this_thread = std::this_thread::get_id();
T0416 eigen-devel /usr/include/eigen3/unsupported/Eigen/CXX11/src/ThreadPool/ThreadLocal.h 147     std::size_t h = std::hash<std::thread::id>()(this_thread);
T0416 eigen-devel /usr/include/eigen3/unsupported/Eigen/CXX11/src/ThreadPool/ThreadLocal.h 217   void ForEach(std::function<void(std::thread::id, T&)> f) {
T0416 eigen-devel /usr/include/eigen3/unsupported/Eigen/CXX11/src/ThreadPool/ThreadLocal.h 258     std::thread::id thread_id;
T0416 eigen-devel /usr/include/eigen3/unsupported/Eigen/CXX11/src/ThreadPool/ThreadLocal.h 263   T& SpilledLocal(std::thread::id this_thread) {
T0416 eigen-devel /usr/include/eigen3/unsupported/Eigen/CXX11/src/ThreadPool/ThreadLocal.h 296   std::unordered_map<std::thread::id, T> per_thread_map_;
T0416 iotivity-devel /usr/include/service/resource-encapsulation/RCSResourceObject.h 87             typedef AtomicWrapper< std::thread::id > AtomicThreadId;
T0416 iotivity-devel /usr/include/service/resource-encapsulation/RCSResourceObject.h 581             std::thread::id getLockOwner() const noexcept;
T0416 iotivity-devel /usr/include/service/resource-encapsulation/RCSResourceObject.h 583             void setLockOwner(std::thread::id&&) const noexcept;
T0416 openusd-devel /usr/include/pxr/base/arch/threads.h 51 ARCH_API std::thread::id ArchGetMainThreadId();
T0416 tvm-runtime-devel /usr/include/dmlc/concurrentqueue.h 108   static_assert(sizeof(std::thread::id) == 4 || sizeof(std::thread::id) == 8, "std::thread::id is expected to be either 4 or 8 bytes");
T0416 tvm-runtime-devel /usr/include/dmlc/concurrentqueue.h 110   typedef std::thread::id thread_id_t;
T0416 tvm-runtime-devel /usr/include/dmlc/concurrentqueue.h 113   // Note we don't define a invalid_thread_id2 since std::thread::id doesn't have one; it's
T0416 tvm-runtime-devel /usr/include/dmlc/concurrentqueue.h 133       return std::hash<std::thread::id>()(x);
T0416 tvm-runtime-devel /usr/include/dmlc/thread_group.h 245     std::thread::id get_id() const {
T0416 tvm-runtime-devel /usr/include/dmlc/thread_group.h 258       if (thread_.load() && thread_.load()->get_id() != std::thread::id()) {
T0416 tvm-runtime-devel /usr/include/dmlc/thread_group.h 259         std::thread::id someId;
T0416 tvm-runtime-devel /usr/include/dmlc/thread_group.h 331     std::thread::id id = std::this_thread::get_id();
T0416 tvm-runtime-devel /usr/include/dmlc/thread_group.h 348       std::thread::id id = thrd->get_id();
T0576 libstdc++-devel /usr/lib64/gcc/x86_64-tizen-linux-gnu/14.2.0/include/c++/bits/exception_ptr.h 91      * `std::exception_ptr` should be used to refer to it.
T0576 libstdc++-devel /usr/lib64/gcc/x86_64-tizen-linux-gnu/14.2.0/include/c++/x86_64-tizen-linux-gnu/bits/c++config.h 981 /* Define to 1 if GCC 4.6 supported std::exception_ptr for the target */
T0576 libstdc++-devel /usr/lib64/gcc/aarch64-tizen-linux-gnu/14.2.0/include/c++/aarch64-tizen-linux-gnu/bits/c++config.h 981 /* Define to 1 if GCC 4.6 supported std::exception_ptr for the target */
T0576 tensorflow2-aot-devel /usr/include/tensorflow2/aot/include/external/pybind11/_virtual_includes/pybind11/pybind11/detail/internals.h 42 using ExceptionTranslator = void (*)(std::exception_ptr);
T0576 tensorflow2-aot-devel /usr/include/tensorflow2/aot/include/external/pybind11/_virtual_includes/pybind11/pybind11/detail/internals.h 318 inline void translate_exception(std::exception_ptr);
T0576 tensorflow2-aot-devel /usr/include/tensorflow2/aot/include/external/pybind11/_virtual_includes/pybind11/pybind11/detail/internals.h 322 bool handle_nested_exception(const T &exc, const std::exception_ptr &p) {
T0576 tensorflow2-aot-devel /usr/include/tensorflow2/aot/include/external/pybind11/_virtual_includes/pybind11/pybind11/detail/internals.h 323     std::exception_ptr nested = exc.nested_ptr();
T0576 tensorflow2-aot-devel /usr/include/tensorflow2/aot/include/external/pybind11/_virtual_includes/pybind11/pybind11/detail/internals.h 333 bool handle_nested_exception(const T &exc, const std::exception_ptr &p) {
T0576 tensorflow2-aot-devel /usr/include/tensorflow2/aot/include/external/pybind11/_virtual_includes/pybind11/pybind11/detail/internals.h 349 inline void translate_exception(std::exception_ptr p) {
T0576 tensorflow2-aot-devel /usr/include/tensorflow2/aot/include/external/pybind11/_virtual_includes/pybind11/pybind11/detail/internals.h 409 inline void translate_local_exception(std::exception_ptr p) {
T0576 tensorflow2-aot-devel /usr/include/tensorflow2/aot/include/external/pybind11/_virtual_includes/pybind11/pybind11/pybind11.h 2569     register_func([](std::exception_ptr p) {
T0576 behaviortree_cpp_v3-devel /usr/include/behaviortree_cpp_v3/action_node.h 137     std::exception_ptr exptr_;
T0576 behaviortree_cpp_v3-devel /usr/include/behaviortree_cpp_v3/utils/expected.hpp 474 template< typename E = std::exception_ptr >
T0576 behaviortree_cpp_v3-devel /usr/include/behaviortree_cpp_v3/utils/expected.hpp 578 /// class unexpected_type, std::exception_ptr specialization (P0323R2)
T0576 behaviortree_cpp_v3-devel /usr/include/behaviortree_cpp_v3/utils/expected.hpp 583 class unexpected_type< std::exception_ptr >
T0576 behaviortree_cpp_v3-devel /usr/include/behaviortree_cpp_v3/utils/expected.hpp 586     using error_type = std::exception_ptr;
T0576 behaviortree_cpp_v3-devel /usr/include/behaviortree_cpp_v3/utils/expected.hpp 592     explicit unexpected_type( std::exception_ptr const & error )
T0576 behaviortree_cpp_v3-devel /usr/include/behaviortree_cpp_v3/utils/expected.hpp 596     explicit unexpected_type(std::exception_ptr && error )
T0576 behaviortree_cpp_v3-devel /usr/include/behaviortree_cpp_v3/utils/expected.hpp 605     std::exception_ptr const & value() const
T0576 behaviortree_cpp_v3-devel /usr/include/behaviortree_cpp_v3/utils/expected.hpp 610     std::exception_ptr & value()
T0576 behaviortree_cpp_v3-devel /usr/include/behaviortree_cpp_v3/utils/expected.hpp 616     std::exception_ptr m_error;
T0576 behaviortree_cpp_v3-devel /usr/include/behaviortree_cpp_v3/utils/expected.hpp 669 // unexpected: relational operators for std::exception_ptr:
T0576 behaviortree_cpp_v3-devel /usr/include/behaviortree_cpp_v3/utils/expected.hpp 671 inline constexpr bool operator<( unexpected_type<std::exception_ptr> const & /*x*/, unexpected_type<std::exception_ptr> const & /*y*/ )
T0576 behaviortree_cpp_v3-devel /usr/include/behaviortree_cpp_v3/utils/expected.hpp 676 inline constexpr bool operator>( unexpected_type<std::exception_ptr> const & /*x*/, unexpected_type<std::exception_ptr> const & /*y*/ )
T0576 behaviortree_cpp_v3-devel /usr/include/behaviortree_cpp_v3/utils/expected.hpp 681 inline constexpr bool operator<=( unexpected_type<std::exception_ptr> const & x, unexpected_type<std::exception_ptr> const & y )
T0576 behaviortree_cpp_v3-devel /usr/include/behaviortree_cpp_v3/utils/expected.hpp 686 inline constexpr bool operator>=( unexpected_type<std::exception_ptr> const & x, unexpected_type<std::exception_ptr> const & y )
T0576 behaviortree_cpp_v3-devel /usr/include/behaviortree_cpp_v3/utils/expected.hpp 719 make_unexpected_from_current_exception() -> unexpected_type< std::exception_ptr >
T0576 behaviortree_cpp_v3-devel /usr/include/behaviortree_cpp_v3/utils/expected.hpp 721     return unexpected_type< std::exception_ptr >( std::current_exception() );
T0576 behaviortree_cpp_v3-devel /usr/include/behaviortree_cpp_v3/utils/expected.hpp 799 struct error_traits< std::exception_ptr >
T0576 behaviortree_cpp_v3-devel /usr/include/behaviortree_cpp_v3/utils/expected.hpp 801     static void rethrow( std::exception_ptr const & e )
T0576 behaviortree_cpp_v3-devel /usr/include/behaviortree_cpp_v3/utils/expected.hpp 827 template< typename T, typename E = std::exception_ptr >
T0576 behaviortree_cpp_v3-devel /usr/include/behaviortree_cpp_v3/utils/expected.hpp 1842 auto make_expected_from_exception( std::exception_ptr v ) -> expected<T>
T0576 behaviortree_cpp_v3-devel /usr/include/behaviortree_cpp_v3/utils/expected.hpp 1844     return expected<T>( unexpected_type<std::exception_ptr>( std::forward<std::exception_ptr>( v ) ) );
T0576 gtest-devel /usr/include/gmock/gmock-actions.h 1751   std::exception_ptr exception;
T0576 gtest-devel /usr/include/gmock/gmock-actions.h 2076 // except for std::exception_ptr, which is likely a mistake if
T0576 gtest-devel /usr/include/gmock/gmock-actions.h 2080     !std::is_base_of<std::exception_ptr, typename std::decay<T>::type>::value,
T0576 gtest-devel /usr/include/gmock/gmock-actions.h 2087 inline internal::RethrowAction Rethrow(std::exception_ptr exception) {
T0576 libtbb-devel /usr/include/tbb/tbb_config.h 365 // On linux ICC fails to find existing std::exception_ptr in libstdc++ without this define
T0576 libtbb-devel /usr/include/tbb/tbb_config.h 500         #error Current runtime does not support std::exception_ptr. Set TBB_USE_CAPTURED_EXCEPTION and make sure that your code is ready to catch tbb::captured_exception.
T0576 libtbb-devel /usr/include/tbb/tbb_exception.h 326     std::exception_ptr  my_ptr;
T0576 libtbb-devel /usr/include/tbb/tbb_exception.h 342     tbb_exception_ptr( const std::exception_ptr& src ) : my_ptr(src) {}
T0576 libxml++-devel /usr/include/libxml++-5.0/libxml++/exceptions/wrapped_exception.h 33  * Does not exist in systems that don't support std::exception_ptr.
T0576 libxml++-devel /usr/include/libxml++-5.0/libxml++/exceptions/wrapped_exception.h 41   explicit wrapped_exception(std::exception_ptr exception_ptr);
T0576 libxml++-devel /usr/include/libxml++-5.0/libxml++/exceptions/wrapped_exception.h 48   std::exception_ptr exception_ptr_;
T0576 libxml++-devel /usr/include/libxml++-5.0/libxml++/parsers/saxparser.h 29  * In a system that does not support std::exception_ptr: If an overridden on_*()
T0576 libxml++-devel /usr/lib64/libxml++-5.0/include/libxml++config.h 7 /* Defined if the C++ library supports std::exception_ptr. */
T0576 opencv-devel /usr/include/opencv4/opencv2/core/detail/async_promise.hpp 47     void setException(std::exception_ptr exception);
T0576 opencv-devel /usr/include/opencv4/opencv2/core/detail/exception_ptr.hpp 24 #  include <exception>  // std::exception_ptr
T0576 tvm-runtime-devel /usr/include/dmlc/common.h 56   std::exception_ptr omp_exception_;
T0576 tvm-runtime-devel /usr/include/dmlc/threadediter.h 278   std::exception_ptr iter_exception_{nullptr};
T0576 tvm-runtime-devel /usr/include/dmlc/threadediter.h 489   std::exception_ptr tmp_exception{nullptr};
