memory_basis=[('MemTotal', 33072918528)]
RLIMIT_AS_bytes=9921875558; parallelism=1; nice=19; ionice=3
__mbstate_t
max_align_t
char32_t
decltype(nullptr)
char16_t
unsigned long const
__gnu_cxx::__normal_iterator<char32_t*, std::__cxx11::basic_string<char32_t, std::char_traits<char32_t>, std::allocator<char32_t> > >
__gnu_cxx::__normal_iterator<char16_t*, std::__cxx11::basic_string<char16_t, std::char_traits<char16_t>, std::allocator<char16_t> > >
__gnu_cxx::__normal_iterator<char32_t const*, std::__cxx11::basic_string<char32_t, std::char_traits<char32_t>, std::allocator<char32_t> > >
__gnu_cxx::__normal_iterator<char16_t const*, std::__cxx11::basic_string<char16_t, std::char_traits<char16_t>, std::allocator<char16_t> > >
__gnu_cxx::__normal_iterator<std::__cxx11::sub_match<std::__cxx11<char const*, std::__cxx11::sub_match::basic_string<char, std::char_traits<char>, std::allocator<char> > > > const*, std::vector<std::__cxx11::sub_match<std::__cxx11<char const*, std::__cxx11::sub_match::basic_string<char, std::char_traits<char>, std::allocator<char> > > > const, std::allocator<std::__cxx11::sub_match<std::__cxx11<char const*, std::__cxx11::sub_match::basic_string<char, std::char_traits<char>, std::allocator<char> > > > const> > >
__gnu_cxx::__normal_iterator<std::__cxx11::sub_match<char const*> const*, std::vector<std::__cxx11::sub_match<char const*> const, std::allocator<std::__cxx11::sub_match<char const*> const> > >
__gnu_cxx::__normal_iterator<char const*, std::__cxx11::basic_string<char, std::char_traits<char>, std::allocator<char> > >
__gnu_cxx::__normal_iterator<int const*, std::vector<int, std::allocator<int> > >
__gnu_cxx::__normal_iterator<wchar_t const*, std::__cxx11::basic_string<wchar_t, std::char_traits<wchar_t>, std::allocator<wchar_t> > >
__gnu_cxx::__normal_iterator<char*, std::__cxx11::basic_string<char, std::char_traits<char>, std::allocator<char> > >
__gnu_cxx::__normal_iterator<int*, std::vector<int, std::allocator<int> > >
__gnu_cxx::__normal_iterator<wchar_t*, std::__cxx11::basic_string<wchar_t, std::char_traits<wchar_t>, std::allocator<wchar_t> > >
std::filesystem::__cxx11::path::iterator
std::__exception_ptr::exception_ptr
std::regex_constants::syntax_option_type
std::__1::type_index
std::__1::__thread_id
std::__1::__wrap_iter<char32_t*>
std::__1::__wrap_iter<char16_t*>
std::__1::__wrap_iter<char32_t const*>
std::__1::__wrap_iter<char16_t const*>
std::__1::__wrap_iter<std::__1::__wrap_iter::sub_match<std::__1::__wrap_iter::sub_match<char const*> > const*>
std::__1::__wrap_iter<std::__1::__wrap_iter::sub_match<char const*> const*>
std::__1::__wrap_iter<char const*>
std::__1::__wrap_iter<int const*>
std::__1::__wrap_iter<wchar_t const*>
std::__1::__wrap_iter<char*>
std::__1::__wrap_iter<int*>
std::__1::__wrap_iter<wchar_t*>
std::__1::basic_string<char, std::__1::basic_string::char_traits<char>, std::__1::basic_string::allocator<char> >
std::__1::basic_string<wchar_t, std::__1::basic_string::char_traits<wchar_t>, std::__1::basic_string::allocator<wchar_t> >
std::__1::placeholders::__ph<10>
std::__1::placeholders::__ph<1>
std::__1::placeholders::__ph<2>
std::__1::placeholders::__ph<3>
std::__1::placeholders::__ph<4>
std::__1::placeholders::__ph<5>
std::__1::placeholders::__ph<6>
std::__1::placeholders::__ph<7>
std::__1::placeholders::__ph<8>
std::__1::placeholders::__ph<9>
std::__1::__bit_iterator<std::__1::__bit_iterator::vector<bool, std::__1::__bit_iterator::allocator<bool> >, false, 0ul>
std::__1::__bit_iterator<std::__1::__bit_iterator::vector<bool, std::__1::__bit_iterator::allocator<bool> >, true, 0ul>
std::__1::__map_iterator<std::__1::__map_iterator::__tree_iterator<std::__1::__map_iterator::__value_type<int, int>, std::__1::__map_iterator::__tree_node<std::__1::__map_iterator::__tree_node, void*>*, long> >
std::__1::__bit_reference<std::__1::__bit_reference::vector<bool, std::__1::__bit_reference::allocator<bool> >, true>
std::__1::__list_iterator<int, void*>
std::__1::regex_constants::syntax_option_type
std::__1::__deque_iterator<int, int const*, int const*&, int const*& const*, long, 1024l>
std::__1::__deque_iterator<int, int*, int&, int&*, long, 1024l>
std::__1::reverse_iterator<std::__1::reverse_iterator::__wrap_iter<char32_t*> >
std::__1::reverse_iterator<std::__1::reverse_iterator::__wrap_iter<char16_t*> >
std::__1::reverse_iterator<std::__1::reverse_iterator::__wrap_iter<char32_t const*> >
std::__1::reverse_iterator<std::__1::reverse_iterator::__wrap_iter<char16_t const*> >
std::__1::reverse_iterator<std::__1::reverse_iterator::__wrap_iter<char const*> >
