memory_basis=[('MemTotal', 33072918528)]
RLIMIT_AS_bytes=9921875558; parallelism=1; nice=19; ionice=3
CONTROL_INT	TYPE=const char *actual() [T = int]	TOKEN=9TypeTokenIiE	SIZE=4	ALIGN=4
CONTROL_LONG	TYPE=const char *actual() [T = long]	TOKEN=9TypeTokenIlE	SIZE=8	ALIGN=8
CONTROL_LONG_LONG	TYPE=const char *actual() [T = long long]	TOKEN=9TypeTokenIxE	SIZE=8	ALIGN=8
CONTROL_CONST_REF	TYPE=const char *actual() [T = const long &]	TOKEN=9TypeTokenIRKlE	SIZE=8	ALIGN=8
T0241	TYPE=const char *actual() [T = const int *]	TOKEN=9TypeTokenIPKiE	SIZE=8	ALIGN=8
T0242	TYPE=const char *actual() [T = int &]	TOKEN=9TypeTokenIRiE	SIZE=4	ALIGN=4
T0243	TYPE=const char *actual() [T = const int &]	TOKEN=9TypeTokenIRKiE	SIZE=4	ALIGN=4
T0244	TYPE=const char *actual() [T = int]	TOKEN=9TypeTokenIiE	SIZE=4	ALIGN=4
T0245	TYPE=const char *actual() [T = std::__tree_const_iterator<int, std::__tree_node<int, void *> *, long>]	TOKEN=9TypeTokenINSt3__121__tree_const_iteratorIiPNS0_11__tree_nodeIiPvEElEEE	SIZE=8	ALIGN=8
T0246	TYPE=const char *actual() [T = std::__tree_const_iterator<int, std::__tree_node<int, void *> *, long>]	TOKEN=9TypeTokenINSt3__121__tree_const_iteratorIiPNS0_11__tree_nodeIiPvEElEEE	SIZE=8	ALIGN=8
T0247	TYPE=const char *actual() [T = std::reverse_iterator<std::__tree_const_iterator<int, std::__tree_node<int, void *> *, long>>]	TOKEN=9TypeTokenINSt3__116reverse_iteratorINS0_21__tree_const_iteratorIiPNS0_11__tree_nodeIiPvEElEEEEE	SIZE=16	ALIGN=8
T0248	TYPE=const char *actual() [T = std::reverse_iterator<std::__tree_const_iterator<int, std::__tree_node<int, void *> *, long>>]	TOKEN=9TypeTokenINSt3__116reverse_iteratorINS0_21__tree_const_iteratorIiPNS0_11__tree_nodeIiPvEElEEEEE	SIZE=16	ALIGN=8
T0249	TYPE=const char *actual() [T = std::__basic_node_handle<std::__tree_node<int, void *>, std::allocator<int>, std::__set_node_handle_specifics>]	TOKEN=9TypeTokenINSt3__119__basic_node_handleINS0_11__tree_nodeIiPvEENS0_9allocatorIiEENS0_27__set_node_handle_specificsEEEE	SIZE=16	ALIGN=8
T0250	TYPE=const char *actual() [T = unsigned long]	TOKEN=9TypeTokenImE	SIZE=8	ALIGN=8
T0251	TYPE=const char *actual() [T = long]	TOKEN=9TypeTokenIlE	SIZE=8	ALIGN=8
T0252	TYPE=const char *actual() [T = std::pair<const int, int> *]	TOKEN=9TypeTokenIPNSt3__14pairIKiiEEE	SIZE=8	ALIGN=8
T0253	TYPE=const char *actual() [T = const std::pair<const int, int> *]	TOKEN=9TypeTokenIPKNSt3__14pairIKiiEEE	SIZE=8	ALIGN=8
T0254	TYPE=const char *actual() [T = std::pair<const int, int> &]	TOKEN=9TypeTokenIRNSt3__14pairIKiiEEE	SIZE=8	ALIGN=4
T0255	TYPE=const char *actual() [T = const std::pair<const int, int> &]	TOKEN=9TypeTokenIRKNSt3__14pairIKiiEEE	SIZE=8	ALIGN=4
T0256	TYPE=const char *actual() [T = std::pair<const int, int>]	TOKEN=9TypeTokenINSt3__14pairIKiiEEE	SIZE=8	ALIGN=4
T0257	TYPE=const char *actual() [T = std::__hash_map_iterator<std::__hash_iterator<std::__hash_node<std::__hash_value_type<int, int>, void *> *>>]	TOKEN=9TypeTokenINSt3__119__hash_map_iteratorINS0_15__hash_iteratorIPNS0_11__hash_nodeINS0_17__hash_value_typeIiiEEPvEEEEEEE	SIZE=8	ALIGN=8
T0258	TYPE=const char *actual() [T = std::__hash_map_const_iterator<std::__hash_const_iterator<std::__hash_node<std::__hash_value_type<int, int>, void *> *>>]	TOKEN=9TypeTokenINSt3__125__hash_map_const_iteratorINS0_21__hash_const_iteratorIPNS0_11__hash_nodeINS0_17__hash_value_typeIiiEEPvEEEEEEE	SIZE=8	ALIGN=8
T0259	TYPE=const char *actual() [T = std::__hash_map_iterator<std::__hash_local_iterator<std::__hash_node<std::__hash_value_type<int, int>, void *> *>>]	TOKEN=9TypeTokenINSt3__119__hash_map_iteratorINS0_21__hash_local_iteratorIPNS0_11__hash_nodeINS0_17__hash_value_typeIiiEEPvEEEEEEE	SIZE=24	ALIGN=8
T0260	TYPE=const char *actual() [T = std::__hash_map_const_iterator<std::__hash_const_local_iterator<std::__hash_node<std::__hash_value_type<int, int>, void *> *>>]	TOKEN=9TypeTokenINSt3__125__hash_map_const_iteratorINS0_27__hash_const_local_iteratorIPNS0_11__hash_nodeINS0_17__hash_value_typeIiiEEPvEEEEEEE	SIZE=24	ALIGN=8
T0261	TYPE=const char *actual() [T = std::__basic_node_handle<std::__hash_node<std::__hash_value_type<int, int>, void *>, std::allocator<std::pair<const int, int>>, std::__map_node_handle_specifics>]	TOKEN=9TypeTokenINSt3__119__basic_node_handleINS0_11__hash_nodeINS0_17__hash_value_typeIiiEEPvEENS0_9allocatorINS0_4pairIKiiEEEENS0_27__map_node_handle_specificsEEEE	SIZE=16	ALIGN=8
T0262	TYPE=const char *actual() [T = unsigned long]	TOKEN=9TypeTokenImE	SIZE=8	ALIGN=8
T0263	TYPE=const char *actual() [T = long]	TOKEN=9TypeTokenIlE	SIZE=8	ALIGN=8
T0264	TYPE=const char *actual() [T = std::pair<const int, int> *]	TOKEN=9TypeTokenIPNSt3__14pairIKiiEEE	SIZE=8	ALIGN=8
T0265	TYPE=const char *actual() [T = const std::pair<const int, int> *]	TOKEN=9TypeTokenIPKNSt3__14pairIKiiEEE	SIZE=8	ALIGN=8
T0266	TYPE=const char *actual() [T = std::pair<const int, int> &]	TOKEN=9TypeTokenIRNSt3__14pairIKiiEEE	SIZE=8	ALIGN=4
T0267	TYPE=const char *actual() [T = const std::pair<const int, int> &]	TOKEN=9TypeTokenIRKNSt3__14pairIKiiEEE	SIZE=8	ALIGN=4
T0268	TYPE=const char *actual() [T = std::pair<const int, int>]	TOKEN=9TypeTokenINSt3__14pairIKiiEEE	SIZE=8	ALIGN=4
T0269	TYPE=const char *actual() [T = std::__hash_map_iterator<std::__hash_iterator<std::__hash_node<std::__hash_value_type<int, int>, void *> *>>]	TOKEN=9TypeTokenINSt3__119__hash_map_iteratorINS0_15__hash_iteratorIPNS0_11__hash_nodeINS0_17__hash_value_typeIiiEEPvEEEEEEE	SIZE=8	ALIGN=8
T0270	TYPE=const char *actual() [T = std::__hash_map_const_iterator<std::__hash_const_iterator<std::__hash_node<std::__hash_value_type<int, int>, void *> *>>]	TOKEN=9TypeTokenINSt3__125__hash_map_const_iteratorINS0_21__hash_const_iteratorIPNS0_11__hash_nodeINS0_17__hash_value_typeIiiEEPvEEEEEEE	SIZE=8	ALIGN=8
T0271	TYPE=const char *actual() [T = std::__hash_map_iterator<std::__hash_local_iterator<std::__hash_node<std::__hash_value_type<int, int>, void *> *>>]	TOKEN=9TypeTokenINSt3__119__hash_map_iteratorINS0_21__hash_local_iteratorIPNS0_11__hash_nodeINS0_17__hash_value_typeIiiEEPvEEEEEEE	SIZE=24	ALIGN=8
T0272	TYPE=const char *actual() [T = std::__hash_map_const_iterator<std::__hash_const_local_iterator<std::__hash_node<std::__hash_value_type<int, int>, void *> *>>]	TOKEN=9TypeTokenINSt3__125__hash_map_const_iteratorINS0_27__hash_const_local_iteratorIPNS0_11__hash_nodeINS0_17__hash_value_typeIiiEEPvEEEEEEE	SIZE=24	ALIGN=8
T0273	TYPE=const char *actual() [T = std::__basic_node_handle<std::__hash_node<std::__hash_value_type<int, int>, void *>, std::allocator<std::pair<const int, int>>, std::__map_node_handle_specifics>]	TOKEN=9TypeTokenINSt3__119__basic_node_handleINS0_11__hash_nodeINS0_17__hash_value_typeIiiEEPvEENS0_9allocatorINS0_4pairIKiiEEEENS0_27__map_node_handle_specificsEEEE	SIZE=16	ALIGN=8
T0274	TYPE=const char *actual() [T = unsigned long]	TOKEN=9TypeTokenImE	SIZE=8	ALIGN=8
T0275	TYPE=const char *actual() [T = long]	TOKEN=9TypeTokenIlE	SIZE=8	ALIGN=8
T0276	TYPE=const char *actual() [T = int *]	TOKEN=9TypeTokenIPiE	SIZE=8	ALIGN=8
T0277	TYPE=const char *actual() [T = const int *]	TOKEN=9TypeTokenIPKiE	SIZE=8	ALIGN=8
T0278	TYPE=const char *actual() [T = int &]	TOKEN=9TypeTokenIRiE	SIZE=4	ALIGN=4
T0279	TYPE=const char *actual() [T = const int &]	TOKEN=9TypeTokenIRKiE	SIZE=4	ALIGN=4
T0280	TYPE=const char *actual() [T = int]	TOKEN=9TypeTokenIiE	SIZE=4	ALIGN=4
T0281	TYPE=const char *actual() [T = std::__hash_const_iterator<std::__hash_node<int, void *> *>]	TOKEN=9TypeTokenINSt3__121__hash_const_iteratorIPNS0_11__hash_nodeIiPvEEEEE	SIZE=8	ALIGN=8
T0282	TYPE=const char *actual() [T = std::__hash_const_iterator<std::__hash_node<int, void *> *>]	TOKEN=9TypeTokenINSt3__121__hash_const_iteratorIPNS0_11__hash_nodeIiPvEEEEE	SIZE=8	ALIGN=8
T0283	TYPE=const char *actual() [T = std::__hash_const_local_iterator<std::__hash_node<int, void *> *>]	TOKEN=9TypeTokenINSt3__127__hash_const_local_iteratorIPNS0_11__hash_nodeIiPvEEEEE	SIZE=24	ALIGN=8
T0284	TYPE=const char *actual() [T = std::__hash_const_local_iterator<std::__hash_node<int, void *> *>]	TOKEN=9TypeTokenINSt3__127__hash_const_local_iteratorIPNS0_11__hash_nodeIiPvEEEEE	SIZE=24	ALIGN=8
T0285	TYPE=const char *actual() [T = std::__basic_node_handle<std::__hash_node<int, void *>, std::allocator<int>, std::__set_node_handle_specifics>]	TOKEN=9TypeTokenINSt3__119__basic_node_handleINS0_11__hash_nodeIiPvEENS0_9allocatorIiEENS0_27__set_node_handle_specificsEEEE	SIZE=16	ALIGN=8
T0286	TYPE=const char *actual() [T = unsigned long]	TOKEN=9TypeTokenImE	SIZE=8	ALIGN=8
T0287	TYPE=const char *actual() [T = long]	TOKEN=9TypeTokenIlE	SIZE=8	ALIGN=8
T0288	TYPE=const char *actual() [T = int *]	TOKEN=9TypeTokenIPiE	SIZE=8	ALIGN=8
