memory_basis=[('MemTotal', 33072918528)]
RLIMIT_AS_bytes=9921875558; parallelism=1; nice=19; ionice=3
CONTROL_INT	TYPE=const char *actual() [T = int]	TOKEN=9TypeTokenIiE	SIZE=4	ALIGN=4
CONTROL_LONG	TYPE=const char *actual() [T = long]	TOKEN=9TypeTokenIlE	SIZE=8	ALIGN=8
CONTROL_LONG_LONG	TYPE=const char *actual() [T = long long]	TOKEN=9TypeTokenIxE	SIZE=8	ALIGN=8
CONTROL_CONST_REF	TYPE=const char *actual() [T = const long &]	TOKEN=9TypeTokenIRKlE	SIZE=8	ALIGN=8
T0145	TYPE=const char *actual() [T = std::reverse_iterator<std::__wrap_iter<int *>>]	TOKEN=9TypeTokenINSt3__116reverse_iteratorINS0_11__wrap_iterIPiEEEEE	SIZE=16	ALIGN=8
T0146	TYPE=const char *actual() [T = std::reverse_iterator<std::__wrap_iter<const int *>>]	TOKEN=9TypeTokenINSt3__116reverse_iteratorINS0_11__wrap_iterIPKiEEEEE	SIZE=16	ALIGN=8
T0147	TYPE=const char *actual() [T = unsigned long]	TOKEN=9TypeTokenImE	SIZE=8	ALIGN=8
T0148	TYPE=const char *actual() [T = long]	TOKEN=9TypeTokenIlE	SIZE=8	ALIGN=8
T0149	TYPE=const char *actual() [T = std::__bit_iterator<std::vector<bool>, false>]	TOKEN=9TypeTokenINSt3__114__bit_iteratorINS0_6vectorIbNS0_9allocatorIbEEEELb0ELm0EEEE	SIZE=16	ALIGN=8
T0150	TYPE=const char *actual() [T = std::__bit_iterator<std::vector<bool>, true>]	TOKEN=9TypeTokenINSt3__114__bit_iteratorINS0_6vectorIbNS0_9allocatorIbEEEELb1ELm0EEEE	SIZE=16	ALIGN=8
T0151	TYPE=const char *actual() [T = std::__bit_reference<std::vector<bool>>]	TOKEN=9TypeTokenINSt3__115__bit_referenceINS0_6vectorIbNS0_9allocatorIbEEEELb1EEEE	SIZE=16	ALIGN=8
T0152	TYPE=const char *actual() [T = std::__bit_const_reference<std::vector<bool>>]	TOKEN=9TypeTokenINSt3__121__bit_const_referenceINS0_6vectorIbNS0_9allocatorIbEEEEEEE	SIZE=16	ALIGN=8
T0153	TYPE=const char *actual() [T = bool]	TOKEN=9TypeTokenIbE	SIZE=1	ALIGN=1
T0154	TYPE=const char *actual() [T = std::__bit_iterator<std::vector<bool>, false>]	TOKEN=9TypeTokenINSt3__114__bit_iteratorINS0_6vectorIbNS0_9allocatorIbEEEELb0ELm0EEEE	SIZE=16	ALIGN=8
T0155	TYPE=const char *actual() [T = std::__bit_iterator<std::vector<bool>, true>]	TOKEN=9TypeTokenINSt3__114__bit_iteratorINS0_6vectorIbNS0_9allocatorIbEEEELb1ELm0EEEE	SIZE=16	ALIGN=8
T0156	TYPE=const char *actual() [T = std::reverse_iterator<std::__bit_iterator<std::vector<bool>, false>>]	TOKEN=9TypeTokenINSt3__116reverse_iteratorINS0_14__bit_iteratorINS0_6vectorIbNS0_9allocatorIbEEEELb0ELm0EEEEEE	SIZE=32	ALIGN=8
T0157	TYPE=const char *actual() [T = std::reverse_iterator<std::__bit_iterator<std::vector<bool>, true>>]	TOKEN=9TypeTokenINSt3__116reverse_iteratorINS0_14__bit_iteratorINS0_6vectorIbNS0_9allocatorIbEEEELb1ELm0EEEEEE	SIZE=32	ALIGN=8
T0158	TYPE=const char *actual() [T = unsigned long]	TOKEN=9TypeTokenImE	SIZE=8	ALIGN=8
T0159	TYPE=const char *actual() [T = long]	TOKEN=9TypeTokenIlE	SIZE=8	ALIGN=8
T0160	TYPE=const char *actual() [T = int *]	TOKEN=9TypeTokenIPiE	SIZE=8	ALIGN=8
T0161	TYPE=const char *actual() [T = const int *]	TOKEN=9TypeTokenIPKiE	SIZE=8	ALIGN=8
T0162	TYPE=const char *actual() [T = int &]	TOKEN=9TypeTokenIRiE	SIZE=4	ALIGN=4
T0163	TYPE=const char *actual() [T = const int &]	TOKEN=9TypeTokenIRKiE	SIZE=4	ALIGN=4
T0164	TYPE=const char *actual() [T = int]	TOKEN=9TypeTokenIiE	SIZE=4	ALIGN=4
T0165	TYPE=const char *actual() [T = std::__deque_iterator<int, int *, int &, int **, long>]	TOKEN=9TypeTokenINSt3__116__deque_iteratorIiPiRiPS2_lLl1024EEEE	SIZE=16	ALIGN=8
T0166	TYPE=const char *actual() [T = std::__deque_iterator<int, const int *, const int &, const int *const *, long>]	TOKEN=9TypeTokenINSt3__116__deque_iteratorIiPKiRS2_PKS3_lLl1024EEEE	SIZE=16	ALIGN=8
T0167	TYPE=const char *actual() [T = std::reverse_iterator<std::__deque_iterator<int, int *, int &, int **, long>>]	TOKEN=9TypeTokenINSt3__116reverse_iteratorINS0_16__deque_iteratorIiPiRiPS3_lLl1024EEEEEE	SIZE=32	ALIGN=8
T0168	TYPE=const char *actual() [T = std::reverse_iterator<std::__deque_iterator<int, const int *, const int &, const int *const *, long>>]	TOKEN=9TypeTokenINSt3__116reverse_iteratorINS0_16__deque_iteratorIiPKiRS3_PKS4_lLl1024EEEEEE	SIZE=32	ALIGN=8
T0169	TYPE=const char *actual() [T = unsigned long]	TOKEN=9TypeTokenImE	SIZE=8	ALIGN=8
T0170	TYPE=const char *actual() [T = long]	TOKEN=9TypeTokenIlE	SIZE=8	ALIGN=8
T0171	TYPE=const char *actual() [T = int *]	TOKEN=9TypeTokenIPiE	SIZE=8	ALIGN=8
T0172	TYPE=const char *actual() [T = const int *]	TOKEN=9TypeTokenIPKiE	SIZE=8	ALIGN=8
T0173	TYPE=const char *actual() [T = int &]	TOKEN=9TypeTokenIRiE	SIZE=4	ALIGN=4
T0174	TYPE=const char *actual() [T = const int &]	TOKEN=9TypeTokenIRKiE	SIZE=4	ALIGN=4
T0175	TYPE=const char *actual() [T = int]	TOKEN=9TypeTokenIiE	SIZE=4	ALIGN=4
T0176	TYPE=const char *actual() [T = std::__list_iterator<int, void *>]	TOKEN=9TypeTokenINSt3__115__list_iteratorIiPvEEE	SIZE=8	ALIGN=8
T0177	TYPE=const char *actual() [T = std::__list_const_iterator<int, void *>]	TOKEN=9TypeTokenINSt3__121__list_const_iteratorIiPvEEE	SIZE=8	ALIGN=8
T0178	TYPE=const char *actual() [T = std::reverse_iterator<std::__list_iterator<int, void *>>]	TOKEN=9TypeTokenINSt3__116reverse_iteratorINS0_15__list_iteratorIiPvEEEEE	SIZE=16	ALIGN=8
T0179	TYPE=const char *actual() [T = std::reverse_iterator<std::__list_const_iterator<int, void *>>]	TOKEN=9TypeTokenINSt3__116reverse_iteratorINS0_21__list_const_iteratorIiPvEEEEE	SIZE=16	ALIGN=8
T0180	TYPE=const char *actual() [T = unsigned long]	TOKEN=9TypeTokenImE	SIZE=8	ALIGN=8
T0181	TYPE=const char *actual() [T = long]	TOKEN=9TypeTokenIlE	SIZE=8	ALIGN=8
T0182	TYPE=const char *actual() [T = int *]	TOKEN=9TypeTokenIPiE	SIZE=8	ALIGN=8
T0183	TYPE=const char *actual() [T = const int *]	TOKEN=9TypeTokenIPKiE	SIZE=8	ALIGN=8
T0184	TYPE=const char *actual() [T = int &]	TOKEN=9TypeTokenIRiE	SIZE=4	ALIGN=4
T0185	TYPE=const char *actual() [T = const int &]	TOKEN=9TypeTokenIRKiE	SIZE=4	ALIGN=4
T0186	TYPE=const char *actual() [T = int]	TOKEN=9TypeTokenIiE	SIZE=4	ALIGN=4
T0187	TYPE=const char *actual() [T = std::__forward_list_iterator<std::__forward_list_node<int, void *> *>]	TOKEN=9TypeTokenINSt3__123__forward_list_iteratorIPNS0_19__forward_list_nodeIiPvEEEEE	SIZE=8	ALIGN=8
T0188	TYPE=const char *actual() [T = std::__forward_list_const_iterator<std::__forward_list_node<int, void *> *>]	TOKEN=9TypeTokenINSt3__129__forward_list_const_iteratorIPNS0_19__forward_list_nodeIiPvEEEEE	SIZE=8	ALIGN=8
T0189	UNAVAILABLE=member reverse_iterator
T0190	UNAVAILABLE=member const_reverse_iterator
T0191	TYPE=const char *actual() [T = unsigned long]	TOKEN=9TypeTokenImE	SIZE=8	ALIGN=8
T0192	TYPE=const char *actual() [T = long]	TOKEN=9TypeTokenIlE	SIZE=8	ALIGN=8
