memory_basis=[('MemTotal', 33072918528)]
RLIMIT_AS_bytes=9921875558; parallelism=1; nice=19; ionice=3
CONTROL_INT	TYPE=const char *actual() [T = int]	TOKEN=9TypeTokenIiE	SIZE=4	ALIGN=4
CONTROL_LONG	TYPE=const char *actual() [T = long]	TOKEN=9TypeTokenIlE	SIZE=8	ALIGN=8
CONTROL_LONG_LONG	TYPE=const char *actual() [T = long long]	TOKEN=9TypeTokenIxE	SIZE=8	ALIGN=8
CONTROL_CONST_REF	TYPE=const char *actual() [T = const long &]	TOKEN=9TypeTokenIRKlE	SIZE=8	ALIGN=8
T0289	TYPE=const char *actual() [T = const int *]	TOKEN=9TypeTokenIPKiE	SIZE=8	ALIGN=8
T0290	TYPE=const char *actual() [T = int &]	TOKEN=9TypeTokenIRiE	SIZE=4	ALIGN=4
T0291	TYPE=const char *actual() [T = const int &]	TOKEN=9TypeTokenIRKiE	SIZE=4	ALIGN=4
T0292	TYPE=const char *actual() [T = int]	TOKEN=9TypeTokenIiE	SIZE=4	ALIGN=4
T0293	TYPE=const char *actual() [T = std::__hash_const_iterator<std::__hash_node<int, void *> *>]	TOKEN=9TypeTokenINSt3__121__hash_const_iteratorIPNS0_11__hash_nodeIiPvEEEEE	SIZE=8	ALIGN=8
T0294	TYPE=const char *actual() [T = std::__hash_const_iterator<std::__hash_node<int, void *> *>]	TOKEN=9TypeTokenINSt3__121__hash_const_iteratorIPNS0_11__hash_nodeIiPvEEEEE	SIZE=8	ALIGN=8
T0295	TYPE=const char *actual() [T = std::__hash_const_local_iterator<std::__hash_node<int, void *> *>]	TOKEN=9TypeTokenINSt3__127__hash_const_local_iteratorIPNS0_11__hash_nodeIiPvEEEEE	SIZE=24	ALIGN=8
T0296	TYPE=const char *actual() [T = std::__hash_const_local_iterator<std::__hash_node<int, void *> *>]	TOKEN=9TypeTokenINSt3__127__hash_const_local_iteratorIPNS0_11__hash_nodeIiPvEEEEE	SIZE=24	ALIGN=8
T0297	TYPE=const char *actual() [T = std::__basic_node_handle<std::__hash_node<int, void *>, std::allocator<int>, std::__set_node_handle_specifics>]	TOKEN=9TypeTokenINSt3__119__basic_node_handleINS0_11__hash_nodeIiPvEENS0_9allocatorIiEENS0_27__set_node_handle_specificsEEEE	SIZE=16	ALIGN=8
T0298	TYPE=const char *actual() [T = unsigned long]	TOKEN=9TypeTokenImE	SIZE=8	ALIGN=8
T0299	TYPE=const char *actual() [T = int &]	TOKEN=9TypeTokenIRiE	SIZE=4	ALIGN=4
T0300	TYPE=const char *actual() [T = const int &]	TOKEN=9TypeTokenIRKiE	SIZE=4	ALIGN=4
T0301	TYPE=const char *actual() [T = int]	TOKEN=9TypeTokenIiE	SIZE=4	ALIGN=4
T0302	TYPE=const char *actual() [T = unsigned long]	TOKEN=9TypeTokenImE	SIZE=8	ALIGN=8
T0303	TYPE=const char *actual() [T = int &]	TOKEN=9TypeTokenIRiE	SIZE=4	ALIGN=4
T0304	TYPE=const char *actual() [T = const int &]	TOKEN=9TypeTokenIRKiE	SIZE=4	ALIGN=4
T0305	TYPE=const char *actual() [T = int]	TOKEN=9TypeTokenIiE	SIZE=4	ALIGN=4
T0306	TYPE=const char *actual() [T = unsigned long]	TOKEN=9TypeTokenImE	SIZE=8	ALIGN=8
T0307	TYPE=const char *actual() [T = int &]	TOKEN=9TypeTokenIRiE	SIZE=4	ALIGN=4
T0308	TYPE=const char *actual() [T = const int &]	TOKEN=9TypeTokenIRKiE	SIZE=4	ALIGN=4
T0309	TYPE=const char *actual() [T = int]	TOKEN=9TypeTokenIiE	SIZE=4	ALIGN=4
T0310	TYPE=const char *actual() [T = int]	TOKEN=9TypeTokenIiE	SIZE=4	ALIGN=4
T0311	TYPE=const char *actual() [T = long]	TOKEN=9TypeTokenIlE	SIZE=8	ALIGN=8
T0312	TYPE=const char *actual() [T = int *]	TOKEN=9TypeTokenIPiE	SIZE=8	ALIGN=8
T0313	TYPE=const char *actual() [T = int &]	TOKEN=9TypeTokenIRiE	SIZE=4	ALIGN=4
T0314	TYPE=const char *actual() [T = std::random_access_iterator_tag]	TOKEN=9TypeTokenINSt3__126random_access_iterator_tagEE	SIZE=1	ALIGN=1
T0315	TYPE=const char *actual() [T = int]	TOKEN=9TypeTokenIiE	SIZE=4	ALIGN=4
T0316	TYPE=const char *actual() [T = long]	TOKEN=9TypeTokenIlE	SIZE=8	ALIGN=8
T0317	TYPE=const char *actual() [T = int *]	TOKEN=9TypeTokenIPiE	SIZE=8	ALIGN=8
T0318	TYPE=const char *actual() [T = int &]	TOKEN=9TypeTokenIRiE	SIZE=4	ALIGN=4
T0319	TYPE=const char *actual() [T = std::random_access_iterator_tag]	TOKEN=9TypeTokenINSt3__126random_access_iterator_tagEE	SIZE=1	ALIGN=1
T0320	TYPE=const char *actual() [T = int]	TOKEN=9TypeTokenIiE	SIZE=4	ALIGN=4
T0321	TYPE=const char *actual() [T = long]	TOKEN=9TypeTokenIlE	SIZE=8	ALIGN=8
T0322	TYPE=const char *actual() [T = int *]	TOKEN=9TypeTokenIPiE	SIZE=8	ALIGN=8
T0323	TYPE=const char *actual() [T = int &]	TOKEN=9TypeTokenIRiE	SIZE=4	ALIGN=4
T0324	TYPE=const char *actual() [T = std::random_access_iterator_tag]	TOKEN=9TypeTokenINSt3__126random_access_iterator_tagEE	SIZE=1	ALIGN=1
T0325	TYPE=const char *actual() [T = int]	TOKEN=9TypeTokenIiE	SIZE=4	ALIGN=4
T0326	TYPE=const char *actual() [T = long]	TOKEN=9TypeTokenIlE	SIZE=8	ALIGN=8
T0327	TYPE=const char *actual() [T = int *]	TOKEN=9TypeTokenIPiE	SIZE=8	ALIGN=8
T0328	TYPE=const char *actual() [T = int &&]	TOKEN=9TypeTokenIOiE	SIZE=4	ALIGN=4
T0329	TYPE=const char *actual() [T = std::random_access_iterator_tag]	TOKEN=9TypeTokenINSt3__126random_access_iterator_tagEE	SIZE=1	ALIGN=1
T0330	TYPE=const char *actual() [T = void]	TOKEN=9TypeTokenIvE	SIZE=NA	ALIGN=NA
T0331	TYPE=const char *actual() [T = void]	TOKEN=9TypeTokenIvE	SIZE=NA	ALIGN=NA
T0332	TYPE=const char *actual() [T = void]	TOKEN=9TypeTokenIvE	SIZE=NA	ALIGN=NA
T0333	TYPE=const char *actual() [T = void]	TOKEN=9TypeTokenIvE	SIZE=NA	ALIGN=NA
T0334	TYPE=const char *actual() [T = std::output_iterator_tag]	TOKEN=9TypeTokenINSt3__119output_iterator_tagEE	SIZE=1	ALIGN=1
T0335	TYPE=const char *actual() [T = void]	TOKEN=9TypeTokenIvE	SIZE=NA	ALIGN=NA
T0336	TYPE=const char *actual() [T = void]	TOKEN=9TypeTokenIvE	SIZE=NA	ALIGN=NA
