memory_basis=[('MemTotal', 33072918528)]
RLIMIT_AS_bytes=9921875558; parallelism=1; nice=19; ionice=3
CONTROL_INT	TYPE=const char *actual() [T = int]	TOKEN=9TypeTokenIiE	DIRECT=i	SIZE=4	ALIGN=4
CONTROL_LONG	TYPE=const char *actual() [T = long]	TOKEN=9TypeTokenIlE	DIRECT=l	SIZE=8	ALIGN=8
CONTROL_LONG_LONG	TYPE=const char *actual() [T = long long]	TOKEN=9TypeTokenIxE	DIRECT=x	SIZE=8	ALIGN=8
CONTROL_CONST_REF	TYPE=const char *actual() [T = const long &]	TOKEN=9TypeTokenIRKlE	DIRECT=l	SIZE=8	ALIGN=8
T0097	TYPE=const char *actual() [T = std::reverse_iterator<__gnu_cxx::__normal_iterator<char16_t *, std::basic_string<char16_t>>>]	TOKEN=9TypeTokenISt16reverse_iteratorIN9__gnu_cxx17__normal_iteratorIPDsNSt7__cxx1112basic_stringIDsSt11char_traitsIDsESaIDsEEEEEEE	DIRECT=St16reverse_iteratorIN9__gnu_cxx17__normal_iteratorIPDsNSt7__cxx1112basic_stringIDsSt11char_traitsIDsESaIDsEEEEEE	SIZE=8	ALIGN=8
T0098	TYPE=const char *actual() [T = std::reverse_iterator<__gnu_cxx::__normal_iterator<const char16_t *, std::basic_string<char16_t>>>]	TOKEN=9TypeTokenISt16reverse_iteratorIN9__gnu_cxx17__normal_iteratorIPKDsNSt7__cxx1112basic_stringIDsSt11char_traitsIDsESaIDsEEEEEEE	DIRECT=St16reverse_iteratorIN9__gnu_cxx17__normal_iteratorIPKDsNSt7__cxx1112basic_stringIDsSt11char_traitsIDsESaIDsEEEEEE	SIZE=8	ALIGN=8
T0099	TYPE=const char *actual() [T = const unsigned long]	TOKEN=9TypeTokenIKmE	DIRECT=m	SIZE=8	ALIGN=8
T0100	TYPE=const char *actual() [T = unsigned long]	TOKEN=9TypeTokenImE	DIRECT=m	SIZE=8	ALIGN=8
T0101	TYPE=const char *actual() [T = long]	TOKEN=9TypeTokenIlE	DIRECT=l	SIZE=8	ALIGN=8
T0102	TYPE=const char *actual() [T = char32_t *]	TOKEN=9TypeTokenIPDiE	DIRECT=PDi	SIZE=8	ALIGN=8
T0103	TYPE=const char *actual() [T = const char32_t *]	TOKEN=9TypeTokenIPKDiE	DIRECT=PKDi	SIZE=8	ALIGN=8
T0104	TYPE=const char *actual() [T = char32_t &]	TOKEN=9TypeTokenIRDiE	DIRECT=Di	SIZE=4	ALIGN=4
T0105	TYPE=const char *actual() [T = const char32_t &]	TOKEN=9TypeTokenIRKDiE	DIRECT=Di	SIZE=4	ALIGN=4
T0106	TYPE=const char *actual() [T = char32_t]	TOKEN=9TypeTokenIDiE	DIRECT=Di	SIZE=4	ALIGN=4
T0107	TYPE=const char *actual() [T = __gnu_cxx::__normal_iterator<char32_t *, std::basic_string<char32_t>>]	TOKEN=9TypeTokenIN9__gnu_cxx17__normal_iteratorIPDiNSt7__cxx1112basic_stringIDiSt11char_traitsIDiESaIDiEEEEEE	DIRECT=N9__gnu_cxx17__normal_iteratorIPDiNSt7__cxx1112basic_stringIDiSt11char_traitsIDiESaIDiEEEEE	SIZE=8	ALIGN=8
T0108	TYPE=const char *actual() [T = __gnu_cxx::__normal_iterator<const char32_t *, std::basic_string<char32_t>>]	TOKEN=9TypeTokenIN9__gnu_cxx17__normal_iteratorIPKDiNSt7__cxx1112basic_stringIDiSt11char_traitsIDiESaIDiEEEEEE	DIRECT=N9__gnu_cxx17__normal_iteratorIPKDiNSt7__cxx1112basic_stringIDiSt11char_traitsIDiESaIDiEEEEE	SIZE=8	ALIGN=8
T0109	TYPE=const char *actual() [T = std::reverse_iterator<__gnu_cxx::__normal_iterator<char32_t *, std::basic_string<char32_t>>>]	TOKEN=9TypeTokenISt16reverse_iteratorIN9__gnu_cxx17__normal_iteratorIPDiNSt7__cxx1112basic_stringIDiSt11char_traitsIDiESaIDiEEEEEEE	DIRECT=St16reverse_iteratorIN9__gnu_cxx17__normal_iteratorIPDiNSt7__cxx1112basic_stringIDiSt11char_traitsIDiESaIDiEEEEEE	SIZE=8	ALIGN=8
T0110	TYPE=const char *actual() [T = std::reverse_iterator<__gnu_cxx::__normal_iterator<const char32_t *, std::basic_string<char32_t>>>]	TOKEN=9TypeTokenISt16reverse_iteratorIN9__gnu_cxx17__normal_iteratorIPKDiNSt7__cxx1112basic_stringIDiSt11char_traitsIDiESaIDiEEEEEEE	DIRECT=St16reverse_iteratorIN9__gnu_cxx17__normal_iteratorIPKDiNSt7__cxx1112basic_stringIDiSt11char_traitsIDiESaIDiEEEEEE	SIZE=8	ALIGN=8
T0111	TYPE=const char *actual() [T = const unsigned long]	TOKEN=9TypeTokenIKmE	DIRECT=m	SIZE=8	ALIGN=8
T0112	TYPE=const char *actual() [T = unsigned long]	TOKEN=9TypeTokenImE	DIRECT=m	SIZE=8	ALIGN=8
T0113	TYPE=const char *actual() [T = long]	TOKEN=9TypeTokenIlE	DIRECT=l	SIZE=8	ALIGN=8
T0114	TYPE=const char *actual() [T = char *]	TOKEN=9TypeTokenIPcE	DIRECT=Pc	SIZE=8	ALIGN=8
T0115	TYPE=const char *actual() [T = const char *]	TOKEN=9TypeTokenIPKcE	DIRECT=PKc	SIZE=8	ALIGN=8
T0116	TYPE=const char *actual() [T = char &]	TOKEN=9TypeTokenIRcE	DIRECT=c	SIZE=1	ALIGN=1
T0117	TYPE=const char *actual() [T = const char &]	TOKEN=9TypeTokenIRKcE	DIRECT=c	SIZE=1	ALIGN=1
T0118	TYPE=const char *actual() [T = char]	TOKEN=9TypeTokenIcE	DIRECT=c	SIZE=1	ALIGN=1
T0119	TYPE=const char *actual() [T = const char *]	TOKEN=9TypeTokenIPKcE	DIRECT=PKc	SIZE=8	ALIGN=8
T0120	TYPE=const char *actual() [T = const char *]	TOKEN=9TypeTokenIPKcE	DIRECT=PKc	SIZE=8	ALIGN=8
T0121	TYPE=const char *actual() [T = std::reverse_iterator<const char *>]	TOKEN=9TypeTokenISt16reverse_iteratorIPKcEE	DIRECT=St16reverse_iteratorIPKcE	SIZE=8	ALIGN=8
T0122	TYPE=const char *actual() [T = std::reverse_iterator<const char *>]	TOKEN=9TypeTokenISt16reverse_iteratorIPKcEE	DIRECT=St16reverse_iteratorIPKcE	SIZE=8	ALIGN=8
T0123	TYPE=const char *actual() [T = const unsigned long]	TOKEN=9TypeTokenIKmE	DIRECT=m	SIZE=8	ALIGN=8
T0124	TYPE=const char *actual() [T = unsigned long]	TOKEN=9TypeTokenImE	DIRECT=m	SIZE=8	ALIGN=8
T0125	TYPE=const char *actual() [T = long]	TOKEN=9TypeTokenIlE	DIRECT=l	SIZE=8	ALIGN=8
T0126	TYPE=const char *actual() [T = wchar_t *]	TOKEN=9TypeTokenIPwE	DIRECT=Pw	SIZE=8	ALIGN=8
T0127	TYPE=const char *actual() [T = const wchar_t *]	TOKEN=9TypeTokenIPKwE	DIRECT=PKw	SIZE=8	ALIGN=8
T0128	TYPE=const char *actual() [T = wchar_t &]	TOKEN=9TypeTokenIRwE	DIRECT=w	SIZE=4	ALIGN=4
T0129	TYPE=const char *actual() [T = const wchar_t &]	TOKEN=9TypeTokenIRKwE	DIRECT=w	SIZE=4	ALIGN=4
T0130	TYPE=const char *actual() [T = wchar_t]	TOKEN=9TypeTokenIwE	DIRECT=w	SIZE=4	ALIGN=4
T0131	TYPE=const char *actual() [T = const wchar_t *]	TOKEN=9TypeTokenIPKwE	DIRECT=PKw	SIZE=8	ALIGN=8
T0132	TYPE=const char *actual() [T = const wchar_t *]	TOKEN=9TypeTokenIPKwE	DIRECT=PKw	SIZE=8	ALIGN=8
T0133	TYPE=const char *actual() [T = std::reverse_iterator<const wchar_t *>]	TOKEN=9TypeTokenISt16reverse_iteratorIPKwEE	DIRECT=St16reverse_iteratorIPKwE	SIZE=8	ALIGN=8
T0134	TYPE=const char *actual() [T = std::reverse_iterator<const wchar_t *>]	TOKEN=9TypeTokenISt16reverse_iteratorIPKwEE	DIRECT=St16reverse_iteratorIPKwE	SIZE=8	ALIGN=8
T0135	TYPE=const char *actual() [T = const unsigned long]	TOKEN=9TypeTokenIKmE	DIRECT=m	SIZE=8	ALIGN=8
T0136	TYPE=const char *actual() [T = unsigned long]	TOKEN=9TypeTokenImE	DIRECT=m	SIZE=8	ALIGN=8
T0137	TYPE=const char *actual() [T = long]	TOKEN=9TypeTokenIlE	DIRECT=l	SIZE=8	ALIGN=8
T0138	TYPE=const char *actual() [T = int *]	TOKEN=9TypeTokenIPiE	DIRECT=Pi	SIZE=8	ALIGN=8
T0139	TYPE=const char *actual() [T = const int *]	TOKEN=9TypeTokenIPKiE	DIRECT=PKi	SIZE=8	ALIGN=8
T0140	TYPE=const char *actual() [T = int &]	TOKEN=9TypeTokenIRiE	DIRECT=i	SIZE=4	ALIGN=4
T0141	TYPE=const char *actual() [T = const int &]	TOKEN=9TypeTokenIRKiE	DIRECT=i	SIZE=4	ALIGN=4
T0142	TYPE=const char *actual() [T = int]	TOKEN=9TypeTokenIiE	DIRECT=i	SIZE=4	ALIGN=4
T0143	TYPE=const char *actual() [T = __gnu_cxx::__normal_iterator<int *, std::vector<int>>]	TOKEN=9TypeTokenIN9__gnu_cxx17__normal_iteratorIPiSt6vectorIiSaIiEEEEE	DIRECT=N9__gnu_cxx17__normal_iteratorIPiSt6vectorIiSaIiEEEE	SIZE=8	ALIGN=8
T0144	TYPE=const char *actual() [T = __gnu_cxx::__normal_iterator<const int *, std::vector<int>>]	TOKEN=9TypeTokenIN9__gnu_cxx17__normal_iteratorIPKiSt6vectorIiSaIiEEEEE	DIRECT=N9__gnu_cxx17__normal_iteratorIPKiSt6vectorIiSaIiEEEE	SIZE=8	ALIGN=8
