memory_basis=[('MemTotal', 33072918528)]
RLIMIT_AS_bytes=9921875558; parallelism=1; nice=19; ionice=3
CONTROL_INT	TYPE=const char *actual() [T = int]	TOKEN=9TypeTokenIiE	SIZE=4	ALIGN=4
CONTROL_LONG	TYPE=const char *actual() [T = long]	TOKEN=9TypeTokenIlE	SIZE=8	ALIGN=8
CONTROL_LONG_LONG	TYPE=const char *actual() [T = long long]	TOKEN=9TypeTokenIxE	SIZE=8	ALIGN=8
CONTROL_CONST_REF	TYPE=const char *actual() [T = const long &]	TOKEN=9TypeTokenIRKlE	SIZE=8	ALIGN=8
T0385	TYPE=const char *actual() [T = std::chrono::duration<long, std::ratio<60>>]	TOKEN=9TypeTokenINSt6chrono8durationIlSt5ratioILl60ELl1EEEEE	SIZE=8	ALIGN=8
T0386	TYPE=const char *actual() [T = long]	TOKEN=9TypeTokenIlE	SIZE=8	ALIGN=8
T0387	TYPE=const char *actual() [T = std::chrono::duration<long, std::ratio<3600>>]	TOKEN=9TypeTokenINSt6chrono8durationIlSt5ratioILl3600ELl1EEEEE	SIZE=8	ALIGN=8
T0388	TYPE=const char *actual() [T = long]	TOKEN=9TypeTokenIlE	SIZE=8	ALIGN=8
T0389	TYPE=const char *actual() [T = std::linear_congruential_engine<unsigned long, 16807, 0, 2147483647>]	TOKEN=9TypeTokenISt26linear_congruential_engineImLm16807ELm0ELm2147483647EEE	SIZE=8	ALIGN=8
T0390	TYPE=const char *actual() [T = unsigned long]	TOKEN=9TypeTokenImE	SIZE=8	ALIGN=8
T0391	TYPE=const char *actual() [T = std::linear_congruential_engine<unsigned long, 48271, 0, 2147483647>]	TOKEN=9TypeTokenISt26linear_congruential_engineImLm48271ELm0ELm2147483647EEE	SIZE=8	ALIGN=8
T0392	TYPE=const char *actual() [T = unsigned long]	TOKEN=9TypeTokenImE	SIZE=8	ALIGN=8
T0393	TYPE=const char *actual() [T = std::mersenne_twister_engine<unsigned long, 32, 624, 397, 31, 2567483615, 11, 4294967295, 7, 2636928640, 15, 4022730752, 18, 1812433253>]	TOKEN=9TypeTokenISt23mersenne_twister_engineImLm32ELm624ELm397ELm31ELm2567483615ELm11ELm4294967295ELm7ELm2636928640ELm15ELm4022730752ELm18ELm1812433253EEE	SIZE=5000	ALIGN=8
T0394	TYPE=const char *actual() [T = unsigned long]	TOKEN=9TypeTokenImE	SIZE=8	ALIGN=8
T0395	TYPE=const char *actual() [T = unsigned long]	TOKEN=9TypeTokenImE	SIZE=8	ALIGN=8
T0396	TYPE=const char *actual() [T = std::subtract_with_carry_engine<unsigned long, 24, 10, 24>]	TOKEN=9TypeTokenISt26subtract_with_carry_engineImLm24ELm10ELm24EEE	SIZE=208	ALIGN=8
T0397	TYPE=const char *actual() [T = unsigned long]	TOKEN=9TypeTokenImE	SIZE=8	ALIGN=8
T0398	TYPE=const char *actual() [T = std::subtract_with_carry_engine<unsigned long, 48, 5, 12>]	TOKEN=9TypeTokenISt26subtract_with_carry_engineImLm48ELm5ELm12EEE	SIZE=112	ALIGN=8
T0399	TYPE=const char *actual() [T = unsigned long]	TOKEN=9TypeTokenImE	SIZE=8	ALIGN=8
T0400	TYPE=const char *actual() [T = std::discard_block_engine<std::subtract_with_carry_engine<unsigned long, 24, 10, 24>, 223, 23>]	TOKEN=9TypeTokenISt20discard_block_engineISt26subtract_with_carry_engineImLm24ELm10ELm24EELm223ELm23EEE	SIZE=216	ALIGN=8
T0401	TYPE=const char *actual() [T = unsigned long]	TOKEN=9TypeTokenImE	SIZE=8	ALIGN=8
T0402	TYPE=const char *actual() [T = std::discard_block_engine<std::subtract_with_carry_engine<unsigned long, 48, 5, 12>, 389, 11>]	TOKEN=9TypeTokenISt20discard_block_engineISt26subtract_with_carry_engineImLm48ELm5ELm12EELm389ELm11EEE	SIZE=120	ALIGN=8
T0403	TYPE=const char *actual() [T = unsigned long]	TOKEN=9TypeTokenImE	SIZE=8	ALIGN=8
T0404	TYPE=const char *actual() [T = std::shuffle_order_engine<std::linear_congruential_engine<unsigned long, 16807, 0, 2147483647>, 256>]	TOKEN=9TypeTokenISt20shuffle_order_engineISt26linear_congruential_engineImLm16807ELm0ELm2147483647EELm256EEE	SIZE=2064	ALIGN=8
T0405	TYPE=const char *actual() [T = unsigned long]	TOKEN=9TypeTokenImE	SIZE=8	ALIGN=8
T0406	TYPE=const char *actual() [T = std::linear_congruential_engine<unsigned long, 16807, 0, 2147483647>]	TOKEN=9TypeTokenISt26linear_congruential_engineImLm16807ELm0ELm2147483647EEE	SIZE=8	ALIGN=8
T0407	TYPE=const char *actual() [T = unsigned long]	TOKEN=9TypeTokenImE	SIZE=8	ALIGN=8
T0408	TYPE=const char *actual() [T = unsigned int]	TOKEN=9TypeTokenIjE	SIZE=4	ALIGN=4
T0409	TYPE=const char *actual() [T = unsigned long]	TOKEN=9TypeTokenImE	SIZE=8	ALIGN=8
T0410	TYPE=const char *actual() [T = pthread_mutex_t *]	TOKEN=9TypeTokenIP15pthread_mutex_tE	SIZE=8	ALIGN=8
T0411	TYPE=const char *actual() [T = pthread_mutex_t *]	TOKEN=9TypeTokenIP15pthread_mutex_tE	SIZE=8	ALIGN=8
T0412	TYPE=const char *actual() [T = pthread_mutex_t *]	TOKEN=9TypeTokenIP15pthread_mutex_tE	SIZE=8	ALIGN=8
T0413	TYPE=const char *actual() [T = pthread_mutex_t *]	TOKEN=9TypeTokenIP15pthread_mutex_tE	SIZE=8	ALIGN=8
T0414	TYPE=const char *actual() [T = void *]	TOKEN=9TypeTokenIPvE	SIZE=8	ALIGN=8
T0415	TYPE=const char *actual() [T = pthread_cond_t *]	TOKEN=9TypeTokenIP14pthread_cond_tE	SIZE=8	ALIGN=8
T0416	TYPE=const char *actual() [T = std::thread::id]	TOKEN=9TypeTokenINSt6thread2idEE	SIZE=8	ALIGN=8
T0417	TYPE=const char *actual() [T = char]	TOKEN=9TypeTokenIcE	SIZE=1	ALIGN=1
T0418	TYPE=const char *actual() [T = std::basic_string<char>]	TOKEN=9TypeTokenINSt7__cxx1112basic_stringIcSt11char_traitsIcESaIcEEEE	SIZE=32	ALIGN=8
T0419	TYPE=const char *actual() [T = std::filesystem::path::iterator]	TOKEN=9TypeTokenINSt10filesystem7__cxx114path8iteratorEE	SIZE=24	ALIGN=8
T0420	TYPE=const char *actual() [T = std::filesystem::path::iterator]	TOKEN=9TypeTokenINSt10filesystem7__cxx114path8iteratorEE	SIZE=24	ALIGN=8
T0421	TYPE=const char *actual() [T = std::chrono::time_point<std::filesystem::__file_clock>]	TOKEN=9TypeTokenINSt6chrono10time_pointINSt10filesystem12__file_clockENS0_8durationIlSt5ratioILl1ELl1000000000EEEEEEE	SIZE=8	ALIGN=8
T0422	TYPE=const char *actual() [T = std::_Placeholder<1>]	TOKEN=9TypeTokenISt12_PlaceholderILi1EEE	SIZE=1	ALIGN=1
T0423	TYPE=const char *actual() [T = std::_Placeholder<2>]	TOKEN=9TypeTokenISt12_PlaceholderILi2EEE	SIZE=1	ALIGN=1
T0424	TYPE=const char *actual() [T = std::_Placeholder<3>]	TOKEN=9TypeTokenISt12_PlaceholderILi3EEE	SIZE=1	ALIGN=1
T0425	TYPE=const char *actual() [T = std::_Placeholder<4>]	TOKEN=9TypeTokenISt12_PlaceholderILi4EEE	SIZE=1	ALIGN=1
T0426	TYPE=const char *actual() [T = std::_Placeholder<5>]	TOKEN=9TypeTokenISt12_PlaceholderILi5EEE	SIZE=1	ALIGN=1
T0427	TYPE=const char *actual() [T = std::_Placeholder<6>]	TOKEN=9TypeTokenISt12_PlaceholderILi6EEE	SIZE=1	ALIGN=1
T0428	TYPE=const char *actual() [T = std::_Placeholder<7>]	TOKEN=9TypeTokenISt12_PlaceholderILi7EEE	SIZE=1	ALIGN=1
T0429	TYPE=const char *actual() [T = std::_Placeholder<8>]	TOKEN=9TypeTokenISt12_PlaceholderILi8EEE	SIZE=1	ALIGN=1
T0430	TYPE=const char *actual() [T = std::_Placeholder<9>]	TOKEN=9TypeTokenISt12_PlaceholderILi9EEE	SIZE=1	ALIGN=1
T0431	TYPE=const char *actual() [T = std::_Placeholder<10>]	TOKEN=9TypeTokenISt12_PlaceholderILi10EEE	SIZE=1	ALIGN=1
T0432	TYPE=const char *actual() [T = int *]	TOKEN=9TypeTokenIPiE	SIZE=8	ALIGN=8
