memory_basis=[('MemTotal', 33072918528)]
RLIMIT_AS_bytes=9921875558; parallelism=1; nice=19; ionice=3
CONTROL_INT	TYPE=const char *actual() [T = int]	TOKEN=9TypeTokenIiE	DIRECT=i	SIZE=4	ALIGN=4
CONTROL_LONG	TYPE=const char *actual() [T = long]	TOKEN=9TypeTokenIlE	DIRECT=l	SIZE=8	ALIGN=8
CONTROL_LONG_LONG	TYPE=const char *actual() [T = long long]	TOKEN=9TypeTokenIxE	DIRECT=x	SIZE=8	ALIGN=8
CONTROL_CONST_REF	TYPE=const char *actual() [T = const long &]	TOKEN=9TypeTokenIRKlE	DIRECT=l	SIZE=8	ALIGN=8
T0193	TYPE=const char *actual() [T = int *]	TOKEN=9TypeTokenIPiE	DIRECT=Pi	SIZE=8	ALIGN=8
T0194	TYPE=const char *actual() [T = const int *]	TOKEN=9TypeTokenIPKiE	DIRECT=PKi	SIZE=8	ALIGN=8
T0195	TYPE=const char *actual() [T = int &]	TOKEN=9TypeTokenIRiE	DIRECT=i	SIZE=4	ALIGN=4
T0196	TYPE=const char *actual() [T = const int &]	TOKEN=9TypeTokenIRKiE	DIRECT=i	SIZE=4	ALIGN=4
T0197	TYPE=const char *actual() [T = int]	TOKEN=9TypeTokenIiE	DIRECT=i	SIZE=4	ALIGN=4
T0198	TYPE=const char *actual() [T = int *]	TOKEN=9TypeTokenIPiE	DIRECT=Pi	SIZE=8	ALIGN=8
T0199	TYPE=const char *actual() [T = const int *]	TOKEN=9TypeTokenIPKiE	DIRECT=PKi	SIZE=8	ALIGN=8
T0200	TYPE=const char *actual() [T = std::reverse_iterator<int *>]	TOKEN=9TypeTokenISt16reverse_iteratorIPiEE	DIRECT=St16reverse_iteratorIPiE	SIZE=8	ALIGN=8
T0201	TYPE=const char *actual() [T = std::reverse_iterator<const int *>]	TOKEN=9TypeTokenISt16reverse_iteratorIPKiEE	DIRECT=St16reverse_iteratorIPKiE	SIZE=8	ALIGN=8
T0202	TYPE=const char *actual() [T = unsigned long]	TOKEN=9TypeTokenImE	DIRECT=m	SIZE=8	ALIGN=8
T0203	TYPE=const char *actual() [T = long]	TOKEN=9TypeTokenIlE	DIRECT=l	SIZE=8	ALIGN=8
T0204	TYPE=const char *actual() [T = std::pair<const int, int> *]	TOKEN=9TypeTokenIPSt4pairIKiiEE	DIRECT=PSt4pairIKiiE	SIZE=8	ALIGN=8
T0205	TYPE=const char *actual() [T = const std::pair<const int, int> *]	TOKEN=9TypeTokenIPKSt4pairIKiiEE	DIRECT=PKSt4pairIKiiE	SIZE=8	ALIGN=8
T0206	TYPE=const char *actual() [T = std::pair<const int, int> &]	TOKEN=9TypeTokenIRSt4pairIKiiEE	DIRECT=St4pairIKiiE	SIZE=8	ALIGN=4
T0207	TYPE=const char *actual() [T = const std::pair<const int, int> &]	TOKEN=9TypeTokenIRKSt4pairIKiiEE	DIRECT=St4pairIKiiE	SIZE=8	ALIGN=4
T0208	TYPE=const char *actual() [T = std::pair<const int, int>]	TOKEN=9TypeTokenISt4pairIKiiEE	DIRECT=St4pairIKiiE	SIZE=8	ALIGN=4
T0209	TYPE=const char *actual() [T = std::_Rb_tree_iterator<std::pair<const int, int>>]	TOKEN=9TypeTokenISt17_Rb_tree_iteratorISt4pairIKiiEEE	DIRECT=St17_Rb_tree_iteratorISt4pairIKiiEE	SIZE=8	ALIGN=8
T0210	TYPE=const char *actual() [T = std::_Rb_tree_const_iterator<std::pair<const int, int>>]	TOKEN=9TypeTokenISt23_Rb_tree_const_iteratorISt4pairIKiiEEE	DIRECT=St23_Rb_tree_const_iteratorISt4pairIKiiEE	SIZE=8	ALIGN=8
T0211	TYPE=const char *actual() [T = std::reverse_iterator<std::_Rb_tree_iterator<std::pair<const int, int>>>]	TOKEN=9TypeTokenISt16reverse_iteratorISt17_Rb_tree_iteratorISt4pairIKiiEEEE	DIRECT=St16reverse_iteratorISt17_Rb_tree_iteratorISt4pairIKiiEEE	SIZE=8	ALIGN=8
T0212	TYPE=const char *actual() [T = std::reverse_iterator<std::_Rb_tree_const_iterator<std::pair<const int, int>>>]	TOKEN=9TypeTokenISt16reverse_iteratorISt23_Rb_tree_const_iteratorISt4pairIKiiEEEE	DIRECT=St16reverse_iteratorISt23_Rb_tree_const_iteratorISt4pairIKiiEEE	SIZE=8	ALIGN=8
T0213	TYPE=const char *actual() [T = std::_Node_handle<int, std::pair<const int, int>, std::allocator<std::_Rb_tree_node<std::pair<const int, int>>>>]	TOKEN=9TypeTokenISt12_Node_handleIiSt4pairIKiiESaISt13_Rb_tree_nodeIS3_EEEE	DIRECT=St12_Node_handleIiSt4pairIKiiESaISt13_Rb_tree_nodeIS2_EEE	SIZE=24	ALIGN=8
T0214	TYPE=const char *actual() [T = unsigned long]	TOKEN=9TypeTokenImE	DIRECT=m	SIZE=8	ALIGN=8
T0215	TYPE=const char *actual() [T = long]	TOKEN=9TypeTokenIlE	DIRECT=l	SIZE=8	ALIGN=8
T0216	TYPE=const char *actual() [T = std::pair<const int, int> *]	TOKEN=9TypeTokenIPSt4pairIKiiEE	DIRECT=PSt4pairIKiiE	SIZE=8	ALIGN=8
T0217	TYPE=const char *actual() [T = const std::pair<const int, int> *]	TOKEN=9TypeTokenIPKSt4pairIKiiEE	DIRECT=PKSt4pairIKiiE	SIZE=8	ALIGN=8
T0218	TYPE=const char *actual() [T = std::pair<const int, int> &]	TOKEN=9TypeTokenIRSt4pairIKiiEE	DIRECT=St4pairIKiiE	SIZE=8	ALIGN=4
T0219	TYPE=const char *actual() [T = const std::pair<const int, int> &]	TOKEN=9TypeTokenIRKSt4pairIKiiEE	DIRECT=St4pairIKiiE	SIZE=8	ALIGN=4
T0220	TYPE=const char *actual() [T = std::pair<const int, int>]	TOKEN=9TypeTokenISt4pairIKiiEE	DIRECT=St4pairIKiiE	SIZE=8	ALIGN=4
T0221	TYPE=const char *actual() [T = std::_Rb_tree_iterator<std::pair<const int, int>>]	TOKEN=9TypeTokenISt17_Rb_tree_iteratorISt4pairIKiiEEE	DIRECT=St17_Rb_tree_iteratorISt4pairIKiiEE	SIZE=8	ALIGN=8
T0222	TYPE=const char *actual() [T = std::_Rb_tree_const_iterator<std::pair<const int, int>>]	TOKEN=9TypeTokenISt23_Rb_tree_const_iteratorISt4pairIKiiEEE	DIRECT=St23_Rb_tree_const_iteratorISt4pairIKiiEE	SIZE=8	ALIGN=8
T0223	TYPE=const char *actual() [T = std::reverse_iterator<std::_Rb_tree_iterator<std::pair<const int, int>>>]	TOKEN=9TypeTokenISt16reverse_iteratorISt17_Rb_tree_iteratorISt4pairIKiiEEEE	DIRECT=St16reverse_iteratorISt17_Rb_tree_iteratorISt4pairIKiiEEE	SIZE=8	ALIGN=8
T0224	TYPE=const char *actual() [T = std::reverse_iterator<std::_Rb_tree_const_iterator<std::pair<const int, int>>>]	TOKEN=9TypeTokenISt16reverse_iteratorISt23_Rb_tree_const_iteratorISt4pairIKiiEEEE	DIRECT=St16reverse_iteratorISt23_Rb_tree_const_iteratorISt4pairIKiiEEE	SIZE=8	ALIGN=8
T0225	TYPE=const char *actual() [T = std::_Node_handle<int, std::pair<const int, int>, std::allocator<std::_Rb_tree_node<std::pair<const int, int>>>>]	TOKEN=9TypeTokenISt12_Node_handleIiSt4pairIKiiESaISt13_Rb_tree_nodeIS3_EEEE	DIRECT=St12_Node_handleIiSt4pairIKiiESaISt13_Rb_tree_nodeIS2_EEE	SIZE=24	ALIGN=8
T0226	TYPE=const char *actual() [T = unsigned long]	TOKEN=9TypeTokenImE	DIRECT=m	SIZE=8	ALIGN=8
T0227	TYPE=const char *actual() [T = long]	TOKEN=9TypeTokenIlE	DIRECT=l	SIZE=8	ALIGN=8
T0228	TYPE=const char *actual() [T = int *]	TOKEN=9TypeTokenIPiE	DIRECT=Pi	SIZE=8	ALIGN=8
T0229	TYPE=const char *actual() [T = const int *]	TOKEN=9TypeTokenIPKiE	DIRECT=PKi	SIZE=8	ALIGN=8
T0230	TYPE=const char *actual() [T = int &]	TOKEN=9TypeTokenIRiE	DIRECT=i	SIZE=4	ALIGN=4
T0231	TYPE=const char *actual() [T = const int &]	TOKEN=9TypeTokenIRKiE	DIRECT=i	SIZE=4	ALIGN=4
T0232	TYPE=const char *actual() [T = int]	TOKEN=9TypeTokenIiE	DIRECT=i	SIZE=4	ALIGN=4
T0233	TYPE=const char *actual() [T = std::_Rb_tree_const_iterator<int>]	TOKEN=9TypeTokenISt23_Rb_tree_const_iteratorIiEE	DIRECT=St23_Rb_tree_const_iteratorIiE	SIZE=8	ALIGN=8
T0234	TYPE=const char *actual() [T = std::_Rb_tree_const_iterator<int>]	TOKEN=9TypeTokenISt23_Rb_tree_const_iteratorIiEE	DIRECT=St23_Rb_tree_const_iteratorIiE	SIZE=8	ALIGN=8
T0235	TYPE=const char *actual() [T = std::reverse_iterator<std::_Rb_tree_const_iterator<int>>]	TOKEN=9TypeTokenISt16reverse_iteratorISt23_Rb_tree_const_iteratorIiEEE	DIRECT=St16reverse_iteratorISt23_Rb_tree_const_iteratorIiEE	SIZE=8	ALIGN=8
T0236	TYPE=const char *actual() [T = std::reverse_iterator<std::_Rb_tree_const_iterator<int>>]	TOKEN=9TypeTokenISt16reverse_iteratorISt23_Rb_tree_const_iteratorIiEEE	DIRECT=St16reverse_iteratorISt23_Rb_tree_const_iteratorIiEE	SIZE=8	ALIGN=8
T0237	TYPE=const char *actual() [T = std::_Node_handle<int, int, std::allocator<std::_Rb_tree_node<int>>>]	TOKEN=9TypeTokenISt12_Node_handleIiiSaISt13_Rb_tree_nodeIiEEEE	DIRECT=St12_Node_handleIiiSaISt13_Rb_tree_nodeIiEEE	SIZE=8	ALIGN=8
T0238	TYPE=const char *actual() [T = unsigned long]	TOKEN=9TypeTokenImE	DIRECT=m	SIZE=8	ALIGN=8
T0239	TYPE=const char *actual() [T = long]	TOKEN=9TypeTokenIlE	DIRECT=l	SIZE=8	ALIGN=8
T0240	TYPE=const char *actual() [T = int *]	TOKEN=9TypeTokenIPiE	DIRECT=Pi	SIZE=8	ALIGN=8
