memory_basis=[('MemTotal', 33072918528)]
RLIMIT_AS_bytes=9921875558; parallelism=1; nice=19; ionice=3
CONTROL_INT	TYPE=const char *actual() [T = int]	TOKEN=9TypeTokenIiE	DIRECT=i	SIZE=4	ALIGN=4
CONTROL_LONG	TYPE=const char *actual() [T = long]	TOKEN=9TypeTokenIlE	DIRECT=l	SIZE=8	ALIGN=8
CONTROL_LONG_LONG	TYPE=const char *actual() [T = long long]	TOKEN=9TypeTokenIxE	DIRECT=x	SIZE=8	ALIGN=8
CONTROL_CONST_REF	TYPE=const char *actual() [T = const long &]	TOKEN=9TypeTokenIRKlE	DIRECT=l	SIZE=8	ALIGN=8
T0049	TYPE=const char *actual() [T = unsigned long]	TOKEN=9TypeTokenImE	DIRECT=m	SIZE=8	ALIGN=8
T0050	TYPE=const char *actual() [T = unsigned short]	TOKEN=9TypeTokenItE	DIRECT=t	SIZE=2	ALIGN=2
T0051	TYPE=const char *actual() [T = unsigned int]	TOKEN=9TypeTokenIjE	DIRECT=j	SIZE=4	ALIGN=4
T0052	TYPE=const char *actual() [T = unsigned long]	TOKEN=9TypeTokenImE	DIRECT=m	SIZE=8	ALIGN=8
T0053	TYPE=const char *actual() [T = unsigned char]	TOKEN=9TypeTokenIhE	DIRECT=h	SIZE=1	ALIGN=1
T0054	TYPE=const char *actual() [T = unsigned long]	TOKEN=9TypeTokenImE	DIRECT=m	SIZE=8	ALIGN=8
T0055	TYPE=const char *actual() [T = unsigned long]	TOKEN=9TypeTokenImE	DIRECT=m	SIZE=8	ALIGN=8
T0056	TYPE=const char *actual() [T = unsigned long]	TOKEN=9TypeTokenImE	DIRECT=m	SIZE=8	ALIGN=8
T0057	TYPE=const char *actual() [T = unsigned char]	TOKEN=9TypeTokenIhE	DIRECT=h	SIZE=1	ALIGN=1
T0058	TYPE=const char *actual() [T = unsigned short]	TOKEN=9TypeTokenItE	DIRECT=t	SIZE=2	ALIGN=2
T0059	TYPE=const char *actual() [T = unsigned int]	TOKEN=9TypeTokenIjE	DIRECT=j	SIZE=4	ALIGN=4
T0060	TYPE=const char *actual() [T = unsigned long]	TOKEN=9TypeTokenImE	DIRECT=m	SIZE=8	ALIGN=8
T0061	TYPE=const char *actual() [T = unsigned char]	TOKEN=9TypeTokenIhE	DIRECT=h	SIZE=1	ALIGN=1
T0062	TYPE=const char *actual() [T = unsigned long]	TOKEN=9TypeTokenImE	DIRECT=m	SIZE=8	ALIGN=8
T0063	TYPE=const char *actual() [T = unsigned long]	TOKEN=9TypeTokenImE	DIRECT=m	SIZE=8	ALIGN=8
T0064	TYPE=const char *actual() [T = unsigned long]	TOKEN=9TypeTokenImE	DIRECT=m	SIZE=8	ALIGN=8
T0065	TYPE=const char *actual() [T = long]	TOKEN=9TypeTokenIlE	DIRECT=l	SIZE=8	ALIGN=8
T0066	TYPE=const char *actual() [T = char *]	TOKEN=9TypeTokenIPcE	DIRECT=Pc	SIZE=8	ALIGN=8
T0067	TYPE=const char *actual() [T = const char *]	TOKEN=9TypeTokenIPKcE	DIRECT=PKc	SIZE=8	ALIGN=8
T0068	TYPE=const char *actual() [T = char &]	TOKEN=9TypeTokenIRcE	DIRECT=c	SIZE=1	ALIGN=1
T0069	TYPE=const char *actual() [T = const char &]	TOKEN=9TypeTokenIRKcE	DIRECT=c	SIZE=1	ALIGN=1
T0070	TYPE=const char *actual() [T = char]	TOKEN=9TypeTokenIcE	DIRECT=c	SIZE=1	ALIGN=1
T0071	TYPE=const char *actual() [T = __gnu_cxx::__normal_iterator<char *, std::basic_string<char>>]	TOKEN=9TypeTokenIN9__gnu_cxx17__normal_iteratorIPcNSt7__cxx1112basic_stringIcSt11char_traitsIcESaIcEEEEEE	DIRECT=N9__gnu_cxx17__normal_iteratorIPcNSt7__cxx1112basic_stringIcSt11char_traitsIcESaIcEEEEE	SIZE=8	ALIGN=8
T0072	TYPE=const char *actual() [T = __gnu_cxx::__normal_iterator<const char *, std::basic_string<char>>]	TOKEN=9TypeTokenIN9__gnu_cxx17__normal_iteratorIPKcNSt7__cxx1112basic_stringIcSt11char_traitsIcESaIcEEEEEE	DIRECT=N9__gnu_cxx17__normal_iteratorIPKcNSt7__cxx1112basic_stringIcSt11char_traitsIcESaIcEEEEE	SIZE=8	ALIGN=8
T0073	TYPE=const char *actual() [T = std::reverse_iterator<__gnu_cxx::__normal_iterator<char *, std::basic_string<char>>>]	TOKEN=9TypeTokenISt16reverse_iteratorIN9__gnu_cxx17__normal_iteratorIPcNSt7__cxx1112basic_stringIcSt11char_traitsIcESaIcEEEEEEE	DIRECT=St16reverse_iteratorIN9__gnu_cxx17__normal_iteratorIPcNSt7__cxx1112basic_stringIcSt11char_traitsIcESaIcEEEEEE	SIZE=8	ALIGN=8
T0074	TYPE=const char *actual() [T = std::reverse_iterator<__gnu_cxx::__normal_iterator<const char *, std::basic_string<char>>>]	TOKEN=9TypeTokenISt16reverse_iteratorIN9__gnu_cxx17__normal_iteratorIPKcNSt7__cxx1112basic_stringIcSt11char_traitsIcESaIcEEEEEEE	DIRECT=St16reverse_iteratorIN9__gnu_cxx17__normal_iteratorIPKcNSt7__cxx1112basic_stringIcSt11char_traitsIcESaIcEEEEEE	SIZE=8	ALIGN=8
T0075	TYPE=const char *actual() [T = const unsigned long]	TOKEN=9TypeTokenIKmE	DIRECT=m	SIZE=8	ALIGN=8
T0076	TYPE=const char *actual() [T = unsigned long]	TOKEN=9TypeTokenImE	DIRECT=m	SIZE=8	ALIGN=8
T0077	TYPE=const char *actual() [T = long]	TOKEN=9TypeTokenIlE	DIRECT=l	SIZE=8	ALIGN=8
T0078	TYPE=const char *actual() [T = wchar_t *]	TOKEN=9TypeTokenIPwE	DIRECT=Pw	SIZE=8	ALIGN=8
T0079	TYPE=const char *actual() [T = const wchar_t *]	TOKEN=9TypeTokenIPKwE	DIRECT=PKw	SIZE=8	ALIGN=8
T0080	TYPE=const char *actual() [T = wchar_t &]	TOKEN=9TypeTokenIRwE	DIRECT=w	SIZE=4	ALIGN=4
T0081	TYPE=const char *actual() [T = const wchar_t &]	TOKEN=9TypeTokenIRKwE	DIRECT=w	SIZE=4	ALIGN=4
T0082	TYPE=const char *actual() [T = wchar_t]	TOKEN=9TypeTokenIwE	DIRECT=w	SIZE=4	ALIGN=4
T0083	TYPE=const char *actual() [T = __gnu_cxx::__normal_iterator<wchar_t *, std::basic_string<wchar_t>>]	TOKEN=9TypeTokenIN9__gnu_cxx17__normal_iteratorIPwNSt7__cxx1112basic_stringIwSt11char_traitsIwESaIwEEEEEE	DIRECT=N9__gnu_cxx17__normal_iteratorIPwNSt7__cxx1112basic_stringIwSt11char_traitsIwESaIwEEEEE	SIZE=8	ALIGN=8
T0084	TYPE=const char *actual() [T = __gnu_cxx::__normal_iterator<const wchar_t *, std::basic_string<wchar_t>>]	TOKEN=9TypeTokenIN9__gnu_cxx17__normal_iteratorIPKwNSt7__cxx1112basic_stringIwSt11char_traitsIwESaIwEEEEEE	DIRECT=N9__gnu_cxx17__normal_iteratorIPKwNSt7__cxx1112basic_stringIwSt11char_traitsIwESaIwEEEEE	SIZE=8	ALIGN=8
T0085	TYPE=const char *actual() [T = std::reverse_iterator<__gnu_cxx::__normal_iterator<wchar_t *, std::basic_string<wchar_t>>>]	TOKEN=9TypeTokenISt16reverse_iteratorIN9__gnu_cxx17__normal_iteratorIPwNSt7__cxx1112basic_stringIwSt11char_traitsIwESaIwEEEEEEE	DIRECT=St16reverse_iteratorIN9__gnu_cxx17__normal_iteratorIPwNSt7__cxx1112basic_stringIwSt11char_traitsIwESaIwEEEEEE	SIZE=8	ALIGN=8
T0086	TYPE=const char *actual() [T = std::reverse_iterator<__gnu_cxx::__normal_iterator<const wchar_t *, std::basic_string<wchar_t>>>]	TOKEN=9TypeTokenISt16reverse_iteratorIN9__gnu_cxx17__normal_iteratorIPKwNSt7__cxx1112basic_stringIwSt11char_traitsIwESaIwEEEEEEE	DIRECT=St16reverse_iteratorIN9__gnu_cxx17__normal_iteratorIPKwNSt7__cxx1112basic_stringIwSt11char_traitsIwESaIwEEEEEE	SIZE=8	ALIGN=8
T0087	TYPE=const char *actual() [T = const unsigned long]	TOKEN=9TypeTokenIKmE	DIRECT=m	SIZE=8	ALIGN=8
T0088	TYPE=const char *actual() [T = unsigned long]	TOKEN=9TypeTokenImE	DIRECT=m	SIZE=8	ALIGN=8
T0089	TYPE=const char *actual() [T = long]	TOKEN=9TypeTokenIlE	DIRECT=l	SIZE=8	ALIGN=8
T0090	TYPE=const char *actual() [T = char16_t *]	TOKEN=9TypeTokenIPDsE	DIRECT=PDs	SIZE=8	ALIGN=8
T0091	TYPE=const char *actual() [T = const char16_t *]	TOKEN=9TypeTokenIPKDsE	DIRECT=PKDs	SIZE=8	ALIGN=8
T0092	TYPE=const char *actual() [T = char16_t &]	TOKEN=9TypeTokenIRDsE	DIRECT=Ds	SIZE=2	ALIGN=2
T0093	TYPE=const char *actual() [T = const char16_t &]	TOKEN=9TypeTokenIRKDsE	DIRECT=Ds	SIZE=2	ALIGN=2
T0094	TYPE=const char *actual() [T = char16_t]	TOKEN=9TypeTokenIDsE	DIRECT=Ds	SIZE=2	ALIGN=2
T0095	TYPE=const char *actual() [T = __gnu_cxx::__normal_iterator<char16_t *, std::basic_string<char16_t>>]	TOKEN=9TypeTokenIN9__gnu_cxx17__normal_iteratorIPDsNSt7__cxx1112basic_stringIDsSt11char_traitsIDsESaIDsEEEEEE	DIRECT=N9__gnu_cxx17__normal_iteratorIPDsNSt7__cxx1112basic_stringIDsSt11char_traitsIDsESaIDsEEEEE	SIZE=8	ALIGN=8
T0096	TYPE=const char *actual() [T = __gnu_cxx::__normal_iterator<const char16_t *, std::basic_string<char16_t>>]	TOKEN=9TypeTokenIN9__gnu_cxx17__normal_iteratorIPKDsNSt7__cxx1112basic_stringIDsSt11char_traitsIDsESaIDsEEEEEE	DIRECT=N9__gnu_cxx17__normal_iteratorIPKDsNSt7__cxx1112basic_stringIDsSt11char_traitsIDsESaIDsEEEEE	SIZE=8	ALIGN=8
