memory_basis=[('MemTotal', 33072918528)]
RLIMIT_AS_bytes=9921875558; parallelism=1; nice=19; ionice=3
CONTROL_INT	TYPE=const char *actual() [T = int]	TOKEN=9TypeTokenIiE	DIRECT=i	SIZE=4	ALIGN=4
CONTROL_LONG	TYPE=const char *actual() [T = long]	TOKEN=9TypeTokenIlE	DIRECT=l	SIZE=8	ALIGN=8
CONTROL_LONG_LONG	TYPE=const char *actual() [T = long long]	TOKEN=9TypeTokenIxE	DIRECT=x	SIZE=8	ALIGN=8
CONTROL_CONST_REF	TYPE=const char *actual() [T = const long &]	TOKEN=9TypeTokenIRKlE	DIRECT=l	SIZE=8	ALIGN=8
T0529	UNAVAILABLE=member difference_type
T0530	TYPE=const char *actual() [T = char]	TOKEN=9TypeTokenIcE	DIRECT=c	SIZE=1	ALIGN=1
T0531	TYPE=const char *actual() [T = std::basic_string<char>]	TOKEN=9TypeTokenINSt7__cxx1112basic_stringIcSt11char_traitsIcESaIcEEEE	DIRECT=NSt7__cxx1112basic_stringIcSt11char_traitsIcESaIcEEE	SIZE=32	ALIGN=8
T0532	UNAVAILABLE=member iterator
T0533	UNAVAILABLE=member const_iterator
T0534	UNAVAILABLE=member char_type
T0535	TYPE=const char *actual() [T = std::regex_constants::syntax_option_type]	TOKEN=9TypeTokenINSt15regex_constants18syntax_option_typeEE	DIRECT=NSt15regex_constants18syntax_option_typeE	SIZE=4	ALIGN=4
T0536	UNAVAILABLE=member size_type
T0537	UNAVAILABLE=member difference_type
T0538	TYPE=const char *actual() [T = wchar_t]	TOKEN=9TypeTokenIwE	DIRECT=w	SIZE=4	ALIGN=4
T0539	TYPE=const char *actual() [T = std::basic_string<wchar_t>]	TOKEN=9TypeTokenINSt7__cxx1112basic_stringIwSt11char_traitsIwESaIwEEEE	DIRECT=NSt7__cxx1112basic_stringIwSt11char_traitsIwESaIwEEE	SIZE=32	ALIGN=8
T0540	UNAVAILABLE=member iterator
T0541	UNAVAILABLE=member const_iterator
T0542	UNAVAILABLE=member char_type
T0543	TYPE=const char *actual() [T = std::regex_constants::syntax_option_type]	TOKEN=9TypeTokenINSt15regex_constants18syntax_option_typeEE	DIRECT=NSt15regex_constants18syntax_option_typeE	SIZE=4	ALIGN=4
T0544	TYPE=const char *actual() [T = unsigned long]	TOKEN=9TypeTokenImE	DIRECT=m	SIZE=8	ALIGN=8
T0545	TYPE=const char *actual() [T = long]	TOKEN=9TypeTokenIlE	DIRECT=l	SIZE=8	ALIGN=8
T0546	TYPE=const char *actual() [T = std::sub_match<const char *>]	TOKEN=9TypeTokenINSt7__cxx119sub_matchIPKcEEE	DIRECT=NSt7__cxx119sub_matchIPKcEE	SIZE=24	ALIGN=8
T0547	TYPE=const char *actual() [T = std::basic_string<char>]	TOKEN=9TypeTokenINSt7__cxx1112basic_stringIcSt11char_traitsIcESaIcEEEE	DIRECT=NSt7__cxx1112basic_stringIcSt11char_traitsIcESaIcEEE	SIZE=32	ALIGN=8
T0548	TYPE=const char *actual() [T = __gnu_cxx::__normal_iterator<const std::sub_match<const char *> *, std::vector<std::sub_match<const char *>>>]	TOKEN=9TypeTokenIN9__gnu_cxx17__normal_iteratorIPKNSt7__cxx119sub_matchIPKcEESt6vectorIS6_SaIS6_EEEEE	DIRECT=N9__gnu_cxx17__normal_iteratorIPKNSt7__cxx119sub_matchIPKcEESt6vectorIS5_SaIS5_EEEE	SIZE=8	ALIGN=8
T0549	TYPE=const char *actual() [T = __gnu_cxx::__normal_iterator<const std::sub_match<const char *> *, std::vector<std::sub_match<const char *>>>]	TOKEN=9TypeTokenIN9__gnu_cxx17__normal_iteratorIPKNSt7__cxx119sub_matchIPKcEESt6vectorIS6_SaIS6_EEEEE	DIRECT=N9__gnu_cxx17__normal_iteratorIPKNSt7__cxx119sub_matchIPKcEESt6vectorIS5_SaIS5_EEEE	SIZE=8	ALIGN=8
T0550	TYPE=const char *actual() [T = char]	TOKEN=9TypeTokenIcE	DIRECT=c	SIZE=1	ALIGN=1
T0551	UNAVAILABLE=member flag_type
T0552	TYPE=const char *actual() [T = unsigned long]	TOKEN=9TypeTokenImE	DIRECT=m	SIZE=8	ALIGN=8
T0553	TYPE=const char *actual() [T = long]	TOKEN=9TypeTokenIlE	DIRECT=l	SIZE=8	ALIGN=8
T0554	TYPE=const char *actual() [T = std::sub_match<__gnu_cxx::__normal_iterator<const char *, std::basic_string<char>>>]	TOKEN=9TypeTokenINSt7__cxx119sub_matchIN9__gnu_cxx17__normal_iteratorIPKcNS0_12basic_stringIcSt11char_traitsIcESaIcEEEEEEEE	DIRECT=NSt7__cxx119sub_matchIN9__gnu_cxx17__normal_iteratorIPKcNS_12basic_stringIcSt11char_traitsIcESaIcEEEEEEE	SIZE=24	ALIGN=8
T0555	TYPE=const char *actual() [T = std::basic_string<char>]	TOKEN=9TypeTokenINSt7__cxx1112basic_stringIcSt11char_traitsIcESaIcEEEE	DIRECT=NSt7__cxx1112basic_stringIcSt11char_traitsIcESaIcEEE	SIZE=32	ALIGN=8
T0556	TYPE=const char *actual() [T = __gnu_cxx::__normal_iterator<const std::sub_match<__gnu_cxx::__normal_iterator<const char *, std::basic_string<char>>> *, std::vector<std::sub_match<__gnu_cxx::__normal_iterator<const char *, std::basic_string<char>>>>>]	TOKEN=9TypeTokenIN9__gnu_cxx17__normal_iteratorIPKNSt7__cxx119sub_matchINS1_IPKcNS2_12basic_stringIcSt11char_traitsIcESaIcEEEEEEESt6vectorISC_SaISC_EEEEE	DIRECT=N9__gnu_cxx17__normal_iteratorIPKNSt7__cxx119sub_matchINS0_IPKcNS1_12basic_stringIcSt11char_traitsIcESaIcEEEEEEESt6vectorISB_SaISB_EEEE	SIZE=8	ALIGN=8
T0557	TYPE=const char *actual() [T = __gnu_cxx::__normal_iterator<const std::sub_match<__gnu_cxx::__normal_iterator<const char *, std::basic_string<char>>> *, std::vector<std::sub_match<__gnu_cxx::__normal_iterator<const char *, std::basic_string<char>>>>>]	TOKEN=9TypeTokenIN9__gnu_cxx17__normal_iteratorIPKNSt7__cxx119sub_matchINS1_IPKcNS2_12basic_stringIcSt11char_traitsIcESaIcEEEEEEESt6vectorISC_SaISC_EEEEE	DIRECT=N9__gnu_cxx17__normal_iteratorIPKNSt7__cxx119sub_matchINS0_IPKcNS1_12basic_stringIcSt11char_traitsIcESaIcEEEEEEESt6vectorISB_SaISB_EEEE	SIZE=8	ALIGN=8
T0558	TYPE=const char *actual() [T = char]	TOKEN=9TypeTokenIcE	DIRECT=c	SIZE=1	ALIGN=1
T0559	UNAVAILABLE=member flag_type
T0560	UNAVAILABLE=member size_type
T0561	TYPE=const char *actual() [T = long]	TOKEN=9TypeTokenIlE	DIRECT=l	SIZE=8	ALIGN=8
T0562	TYPE=const char *actual() [T = char]	TOKEN=9TypeTokenIcE	DIRECT=c	SIZE=1	ALIGN=1
T0563	TYPE=const char *actual() [T = std::basic_string<char>]	TOKEN=9TypeTokenINSt7__cxx1112basic_stringIcSt11char_traitsIcESaIcEEEE	DIRECT=NSt7__cxx1112basic_stringIcSt11char_traitsIcESaIcEEE	SIZE=32	ALIGN=8
T0564	TYPE=const char *actual() [T = const char *]	TOKEN=9TypeTokenIPKcE	DIRECT=PKc	SIZE=8	ALIGN=8
T0565	UNAVAILABLE=member const_iterator
T0566	UNAVAILABLE=member char_type
T0567	UNAVAILABLE=member flag_type
T0568	UNAVAILABLE=member size_type
T0569	TYPE=const char *actual() [T = long]	TOKEN=9TypeTokenIlE	DIRECT=l	SIZE=8	ALIGN=8
T0570	TYPE=const char *actual() [T = char]	TOKEN=9TypeTokenIcE	DIRECT=c	SIZE=1	ALIGN=1
T0571	TYPE=const char *actual() [T = std::basic_string<char>]	TOKEN=9TypeTokenINSt7__cxx1112basic_stringIcSt11char_traitsIcESaIcEEEE	DIRECT=NSt7__cxx1112basic_stringIcSt11char_traitsIcESaIcEEE	SIZE=32	ALIGN=8
T0572	TYPE=const char *actual() [T = __gnu_cxx::__normal_iterator<const char *, std::basic_string<char>>]	TOKEN=9TypeTokenIN9__gnu_cxx17__normal_iteratorIPKcNSt7__cxx1112basic_stringIcSt11char_traitsIcESaIcEEEEEE	DIRECT=N9__gnu_cxx17__normal_iteratorIPKcNSt7__cxx1112basic_stringIcSt11char_traitsIcESaIcEEEEE	SIZE=8	ALIGN=8
T0573	UNAVAILABLE=member const_iterator
T0574	UNAVAILABLE=member char_type
T0575	UNAVAILABLE=member flag_type
T0576	TYPE=const char *actual() [T = std::__exception_ptr::exception_ptr]	TOKEN=9TypeTokenINSt15__exception_ptr13exception_ptrEE	DIRECT=NSt15__exception_ptr13exception_ptrE	SIZE=8	ALIGN=8
