memory_basis=[('MemTotal', 33072918528)]
RLIMIT_AS_bytes=9921875558; parallelism=1; nice=19; ionice=3

Symbol table '.dynsym' contains 8 entries:
   Num:    Value          Size Type    Bind   Vis      Ndx Name
     0: 0000000000000000     0 NOTYPE  LOCAL  DEFAULT  UND 
     1: 0000000000000000     0 FUNC    GLOBAL DEFAULT  UND __libc_start_main@GLIBC_2.34 (2)
     2: 0000000000000000     0 NOTYPE  WEAK   DEFAULT  UND __gmon_start__
     3: 0000000000000000     0 NOTYPE  WEAK   DEFAULT  UND _ITM_deregisterTMCloneTable
     4: 0000000000000000     0 NOTYPE  WEAK   DEFAULT  UND _ITM_registerTMCloneTable
     5: 0000000000000000     0 FUNC    WEAK   DEFAULT  UND __cxa_finalize@GLIBC_2.2.5 (3)
     6: 0000000000000000     0 FUNC    GLOBAL DEFAULT  UND printf@GLIBC_2.2.5 (3)
     7: 0000000000000000     0 OBJECT  GLOBAL DEFAULT  UND _ZTVN10__cxxabiv117__class_type_infoE@CXXABI_1.3 (4)

Symbol table '.symtab' contains 94 entries:
   Num:    Value          Size Type    Bind   Vis      Ndx Name
     0: 0000000000000000     0 NOTYPE  LOCAL  DEFAULT  UND 
     1: 0000000000000000     0 FILE    LOCAL  DEFAULT  ABS abi-note.c
     2: 00000000000002b0    32 OBJECT  LOCAL  DEFAULT    3 __abi_tag
     3: 0000000000000000     0 FILE    LOCAL  DEFAULT  ABS init.c
     4: 0000000000000000     0 FILE    LOCAL  DEFAULT  ABS crtstuff.c
     5: 0000000000003020     0 OBJECT  LOCAL  DEFAULT   25 __TMC_LIST__
     6: 0000000000000850     0 FUNC    LOCAL  DEFAULT   13 deregister_tm_clones
     7: 0000000000000880     0 FUNC    LOCAL  DEFAULT   13 register_tm_clones
     8: 00000000000008c0     0 FUNC    LOCAL  DEFAULT   13 __do_global_dtors_aux
     9: 0000000000003020     1 OBJECT  LOCAL  DEFAULT   26 completed.0
    10: 0000000000002ce0     0 OBJECT  LOCAL  DEFAULT   18 __do_global_dtors_aux_fini_array_entry
    11: 0000000000000900     0 FUNC    LOCAL  DEFAULT   13 frame_dummy
    12: 0000000000002ce8     0 OBJECT  LOCAL  DEFAULT   19 __frame_dummy_init_array_entry
    13: 0000000000000000     0 FILE    LOCAL  DEFAULT  ABS gnu_8c3d009ca3ee2767.cpp
    14: 0000000000000000     0 FILE    LOCAL  DEFAULT  ABS crtstuff.c
    15: 0000000000001820     0 OBJECT  LOCAL  DEFAULT   16 __FRAME_END__
    16: 00000000000007d8     0 FUNC    LOCAL  HIDDEN    11 _init
    17: 0000000000001030     0 FUNC    LOCAL  HIDDEN    14 _fini
    18: 0000000000003018     0 OBJECT  LOCAL  HIDDEN    24 __dso_handle
    19: 0000000000003020     0 OBJECT  LOCAL  HIDDEN    25 __TMC_END__
    20: 0000000000002d90   560 OBJECT  LOCAL  HIDDEN    21 _DYNAMIC
    21: 0000000000002fe8    40 OBJECT  LOCAL  HIDDEN    23 _GLOBAL_OFFSET_TABLE_
    22: 0000000000003021     0 NOTYPE  GLOBAL DEFAULT   18 _end
    23: 0000000000003020     0 NOTYPE  GLOBAL DEFAULT   18 __bss_start
    24: 0000000000003020     0 NOTYPE  GLOBAL DEFAULT   18 _edata
    25: 0000000000000820    34 FUNC    GLOBAL DEFAULT   13 _start
    26: 0000000000000910   122 FUNC    GLOBAL DEFAULT   13 main
    27: 0000000000003010     0 NOTYPE  WEAK   DEFAULT   24 data_start
    28: 000000000000103c     4 OBJECT  GLOBAL DEFAULT   15 _IO_stdin_used
    29: 0000000000000000     0 FUNC    GLOBAL DEFAULT  UND __libc_start_main
    30: 0000000000003010     0 NOTYPE  GLOBAL DEFAULT   24 __data_start
    31: 0000000000000000     0 NOTYPE  WEAK   DEFAULT  UND __gmon_start__
    32: 0000000000000000     0 NOTYPE  WEAK   DEFAULT  UND _ITM_deregisterTMCloneTable
    33: 0000000000000000     0 NOTYPE  WEAK   DEFAULT  UND _ITM_registerTMCloneTable
    34: 0000000000000000     0 FUNC    WEAK   DEFAULT  UND __cxa_finalize
    35: 0000000000000990    99 FUNC    WEAK   DEFAULT   13 _Z4emitIiEvPKc
    36: 0000000000000a00    99 FUNC    WEAK   DEFAULT   13 _Z4emitIlEvPKc
    37: 0000000000000a70    99 FUNC    WEAK   DEFAULT   13 _Z4emitIxEvPKc
    38: 0000000000000ae0    99 FUNC    WEAK   DEFAULT   13 _Z4emitIRKlEvPKc
    39: 0000000000000b50    99 FUNC    WEAK   DEFAULT   13 _Z4emitISt10type_indexEvPKc
    40: 0000000000000bc0    99 FUNC    WEAK   DEFAULT   13 _Z4emitIfEvPKc
    41: 0000000000000c30    99 FUNC    WEAK   DEFAULT   13 _Z4emitIdEvPKc
    42: 0000000000000ca0    18 FUNC    WEAK   DEFAULT   13 _ZN11Probe_T0580ISt16initializer_listIiEvE3runEv
    43: 0000000000000cc0    18 FUNC    WEAK   DEFAULT   13 _ZN11Probe_T0581ISt16initializer_listIiEvE3runEv
    44: 0000000000000ce0    18 FUNC    WEAK   DEFAULT   13 _ZN11Probe_T0582ISt16initializer_listIiEvE3runEv
    45: 0000000000000d00    18 FUNC    WEAK   DEFAULT   13 _ZN11Probe_T0583ISt16initializer_listIiEvE3runEv
    46: 0000000000000d20    18 FUNC    WEAK   DEFAULT   13 _ZN11Probe_T0584ISt16initializer_listIiEvE3runEv
    47: 0000000000000d40    18 FUNC    WEAK   DEFAULT   13 _ZN11Probe_T0585ISt16initializer_listIiEvE3runEv
    48: 0000000000000d60     6 FUNC    WEAK   DEFAULT   13 _Z12abi_identityIiEv9TypeTokenIT_E
    49: 0000000000000d70    13 FUNC    WEAK   DEFAULT   13 _Z6actualIiEPKcv
    50: 0000000000002cf0    16 OBJECT  WEAK   DEFAULT   20 _ZTI9TypeTokenIiE
    51: 0000000000000d80    64 FUNC    WEAK   DEFAULT   13 _ZNKSt9type_info4nameEv
    52: 0000000000000000     0 FUNC    GLOBAL DEFAULT  UND printf
    53: 0000000000000dc0     6 FUNC    WEAK   DEFAULT   13 _Z12abi_identityIlEv9TypeTokenIT_E
    54: 0000000000000dd0    13 FUNC    WEAK   DEFAULT   13 _Z6actualIlEPKcv
    55: 0000000000002d00    16 OBJECT  WEAK   DEFAULT   20 _ZTI9TypeTokenIlE
    56: 0000000000000de0     6 FUNC    WEAK   DEFAULT   13 _Z12abi_identityIxEv9TypeTokenIT_E
    57: 0000000000000df0    13 FUNC    WEAK   DEFAULT   13 _Z6actualIxEPKcv
    58: 0000000000002d10    16 OBJECT  WEAK   DEFAULT   20 _ZTI9TypeTokenIxE
    59: 0000000000000e00     6 FUNC    WEAK   DEFAULT   13 _Z12abi_identityIRKlEv9TypeTokenIT_E
    60: 0000000000000e10    13 FUNC    WEAK   DEFAULT   13 _Z6actualIRKlEPKcv
    61: 0000000000002d20    16 OBJECT  WEAK   DEFAULT   20 _ZTI9TypeTokenIRKlE
    62: 0000000000000e20     6 FUNC    WEAK   DEFAULT   13 _Z12abi_identityISt10type_indexEv9TypeTokenIT_E
    63: 0000000000000e30    13 FUNC    WEAK   DEFAULT   13 _Z6actualISt10type_indexEPKcv
    64: 0000000000002d30    16 OBJECT  WEAK   DEFAULT   20 _ZTI9TypeTokenISt10type_indexE
    65: 0000000000000e40     6 FUNC    WEAK   DEFAULT   13 _Z12abi_identityIfEv9TypeTokenIT_E
    66: 0000000000000e50    13 FUNC    WEAK   DEFAULT   13 _Z6actualIfEPKcv
    67: 0000000000002d40    16 OBJECT  WEAK   DEFAULT   20 _ZTI9TypeTokenIfE
    68: 0000000000000e60     6 FUNC    WEAK   DEFAULT   13 _Z12abi_identityIdEv9TypeTokenIT_E
    69: 0000000000000e70    13 FUNC    WEAK   DEFAULT   13 _Z6actualIdEPKcv
    70: 0000000000002d50    16 OBJECT  WEAK   DEFAULT   20 _ZTI9TypeTokenIdE
    71: 0000000000000e80    99 FUNC    WEAK   DEFAULT   13 _Z4emitIRKiEvPKc
    72: 0000000000000f10    99 FUNC    WEAK   DEFAULT   13 _Z4emitImEvPKc
    73: 0000000000000fa0    99 FUNC    WEAK   DEFAULT   13 _Z4emitIPKiEvPKc
    74: 0000000000000ef0     6 FUNC    WEAK   DEFAULT   13 _Z12abi_identityIRKiEv9TypeTokenIT_E
    75: 0000000000000f00    13 FUNC    WEAK   DEFAULT   13 _Z6actualIRKiEPKcv
    76: 0000000000002d60    16 OBJECT  WEAK   DEFAULT   20 _ZTI9TypeTokenIRKiE
    77: 0000000000000f80     6 FUNC    WEAK   DEFAULT   13 _Z12abi_identityImEv9TypeTokenIT_E
    78: 0000000000000f90    13 FUNC    WEAK   DEFAULT   13 _Z6actualImEPKcv
    79: 0000000000002d70    16 OBJECT  WEAK   DEFAULT   20 _ZTI9TypeTokenImE
    80: 0000000000001010     6 FUNC    WEAK   DEFAULT   13 _Z12abi_identityIPKiEv9TypeTokenIT_E
    81: 0000000000001020    13 FUNC    WEAK   DEFAULT   13 _Z6actualIPKiEPKcv
    82: 0000000000002d80    16 OBJECT  WEAK   DEFAULT   20 _ZTI9TypeTokenIPKiE
    83: 0000000000000000     0 OBJECT  GLOBAL DEFAULT  UND _ZTVN10__cxxabiv117__class_type_infoE
    84: 000000000000124d    14 OBJECT  WEAK   DEFAULT   15 _ZTS9TypeTokenIiE
    85: 000000000000125b    14 OBJECT  WEAK   DEFAULT   15 _ZTS9TypeTokenIlE
    86: 0000000000001269    14 OBJECT  WEAK   DEFAULT   15 _ZTS9TypeTokenIxE
    87: 0000000000001277    16 OBJECT  WEAK   DEFAULT   15 _ZTS9TypeTokenIRKlE
    88: 0000000000001287    27 OBJECT  WEAK   DEFAULT   15 _ZTS9TypeTokenISt10type_indexE
    89: 00000000000012a2    14 OBJECT  WEAK   DEFAULT   15 _ZTS9TypeTokenIfE
    90: 00000000000012b0    14 OBJECT  WEAK   DEFAULT   15 _ZTS9TypeTokenIdE
    91: 00000000000012be    16 OBJECT  WEAK   DEFAULT   15 _ZTS9TypeTokenIRKiE
    92: 00000000000012ce    14 OBJECT  WEAK   DEFAULT   15 _ZTS9TypeTokenImE
    93: 00000000000012dc    16 OBJECT  WEAK   DEFAULT   15 _ZTS9TypeTokenIPKiE
