memory_basis=[('MemTotal', 33072918528)]
RLIMIT_AS_bytes=9921875558; parallelism=1; nice=19; ionice=3

Symbol table '.dynsym' contains 8 entries:
   Num:    Value          Size Type    Bind   Vis      Ndx Name
     0: 0000000000000000     0 NOTYPE  LOCAL  DEFAULT  UND 
     1: 0000000000000000     0 FUNC    GLOBAL DEFAULT  UND __libc_start_main@GLIBC_2.34 (2)
     2: 0000000000000000     0 NOTYPE  WEAK   DEFAULT  UND __gmon_start__
     3: 0000000000000000     0 NOTYPE  WEAK   DEFAULT  UND _ITM_deregisterTMCloneTable
     4: 0000000000000000     0 NOTYPE  WEAK   DEFAULT  UND _ITM_registerTMCloneTable
     5: 0000000000000000     0 FUNC    WEAK   DEFAULT  UND __cxa_finalize@GLIBC_2.2.5 (3)
     6: 0000000000000000     0 FUNC    GLOBAL DEFAULT  UND printf@GLIBC_2.2.5 (3)
     7: 0000000000000000     0 OBJECT  GLOBAL DEFAULT  UND _ZTVN10__cxxabiv117__class_type_infoE@CXXABI_1.3 (4)

Symbol table '.symtab' contains 231 entries:
   Num:    Value          Size Type    Bind   Vis      Ndx Name
     0: 0000000000000000     0 NOTYPE  LOCAL  DEFAULT  UND 
     1: 0000000000000000     0 FILE    LOCAL  DEFAULT  ABS abi-note.c
     2: 00000000000002b0    32 OBJECT  LOCAL  DEFAULT    3 __abi_tag
     3: 0000000000000000     0 FILE    LOCAL  DEFAULT  ABS init.c
     4: 0000000000000000     0 FILE    LOCAL  DEFAULT  ABS crtstuff.c
     5: 0000000000006020     0 OBJECT  LOCAL  DEFAULT   25 __TMC_LIST__
     6: 0000000000000be0     0 FUNC    LOCAL  DEFAULT   13 deregister_tm_clones
     7: 0000000000000c10     0 FUNC    LOCAL  DEFAULT   13 register_tm_clones
     8: 0000000000000c50     0 FUNC    LOCAL  DEFAULT   13 __do_global_dtors_aux
     9: 0000000000006020     1 OBJECT  LOCAL  DEFAULT   26 completed.0
    10: 0000000000005bb0     0 OBJECT  LOCAL  DEFAULT   18 __do_global_dtors_aux_fini_array_entry
    11: 0000000000000c90     0 FUNC    LOCAL  DEFAULT   13 frame_dummy
    12: 0000000000005bb8     0 OBJECT  LOCAL  DEFAULT   19 __frame_dummy_init_array_entry
    13: 0000000000000000     0 FILE    LOCAL  DEFAULT  ABS gnu_dc3d73e51f9949da.cpp
    14: 0000000000000000     0 FILE    LOCAL  DEFAULT  ABS crtstuff.c
    15: 0000000000004280     0 OBJECT  LOCAL  DEFAULT   16 __FRAME_END__
    16: 0000000000000b68     0 FUNC    LOCAL  HIDDEN    11 _init
    17: 0000000000002460     0 FUNC    LOCAL  HIDDEN    14 _fini
    18: 0000000000006018     0 OBJECT  LOCAL  HIDDEN    24 __dso_handle
    19: 0000000000006020     0 OBJECT  LOCAL  HIDDEN    25 __TMC_END__
    20: 0000000000005d90   560 OBJECT  LOCAL  HIDDEN    21 _DYNAMIC
    21: 0000000000005fe8    40 OBJECT  LOCAL  HIDDEN    23 _GLOBAL_OFFSET_TABLE_
    22: 0000000000006021     0 NOTYPE  GLOBAL DEFAULT   18 _end
    23: 0000000000006020     0 NOTYPE  GLOBAL DEFAULT   18 __bss_start
    24: 0000000000006020     0 NOTYPE  GLOBAL DEFAULT   18 _edata
    25: 0000000000000000     0 FUNC    GLOBAL DEFAULT  UND __libc_start_main
    26: 0000000000000bb0    34 FUNC    GLOBAL DEFAULT   13 _start
    27: 0000000000000ca0   296 FUNC    GLOBAL DEFAULT   13 main
    28: 0000000000006010     0 NOTYPE  WEAK   DEFAULT   24 data_start
    29: 000000000000246c     4 OBJECT  GLOBAL DEFAULT   15 _IO_stdin_used
    30: 0000000000006010     0 NOTYPE  GLOBAL DEFAULT   24 __data_start
    31: 0000000000000000     0 NOTYPE  WEAK   DEFAULT  UND __gmon_start__
    32: 0000000000000000     0 NOTYPE  WEAK   DEFAULT  UND _ITM_deregisterTMCloneTable
    33: 0000000000000000     0 NOTYPE  WEAK   DEFAULT  UND _ITM_registerTMCloneTable
    34: 0000000000000000     0 FUNC    WEAK   DEFAULT  UND __cxa_finalize
    35: 0000000000000dd0    99 FUNC    WEAK   DEFAULT   13 _Z4emitIiEvPKc
    36: 0000000000000e40    99 FUNC    WEAK   DEFAULT   13 _Z4emitIlEvPKc
    37: 0000000000000eb0    99 FUNC    WEAK   DEFAULT   13 _Z4emitIxEvPKc
    38: 0000000000000f20    99 FUNC    WEAK   DEFAULT   13 _Z4emitIRKlEvPKc
    39: 0000000000000f90    18 FUNC    WEAK   DEFAULT   13 _ZN11Probe_T0145ISt6vectorIiSaIiEEvE3runEv
    40: 0000000000000fb0    18 FUNC    WEAK   DEFAULT   13 _ZN11Probe_T0146ISt6vectorIiSaIiEEvE3runEv
    41: 0000000000000fd0    18 FUNC    WEAK   DEFAULT   13 _ZN11Probe_T0147ISt6vectorIbSaIbEEvE3runEv
    42: 0000000000000ff0    18 FUNC    WEAK   DEFAULT   13 _ZN11Probe_T0148ISt6vectorIbSaIbEEvE3runEv
    43: 0000000000001010    18 FUNC    WEAK   DEFAULT   13 _ZN11Probe_T0149ISt6vectorIbSaIbEEvE3runEv
    44: 0000000000001030    18 FUNC    WEAK   DEFAULT   13 _ZN11Probe_T0150ISt6vectorIbSaIbEEvE3runEv
    45: 0000000000001050    18 FUNC    WEAK   DEFAULT   13 _ZN11Probe_T0151ISt6vectorIbSaIbEEvE3runEv
    46: 0000000000001070    18 FUNC    WEAK   DEFAULT   13 _ZN11Probe_T0152ISt6vectorIbSaIbEEvE3runEv
    47: 0000000000001090    18 FUNC    WEAK   DEFAULT   13 _ZN11Probe_T0153ISt6vectorIbSaIbEEvE3runEv
    48: 00000000000010b0    18 FUNC    WEAK   DEFAULT   13 _ZN11Probe_T0154ISt6vectorIbSaIbEEvE3runEv
    49: 00000000000010d0    18 FUNC    WEAK   DEFAULT   13 _ZN11Probe_T0155ISt6vectorIbSaIbEEvE3runEv
    50: 00000000000010f0    18 FUNC    WEAK   DEFAULT   13 _ZN11Probe_T0156ISt6vectorIbSaIbEEvE3runEv
    51: 0000000000001110    18 FUNC    WEAK   DEFAULT   13 _ZN11Probe_T0157ISt6vectorIbSaIbEEvE3runEv
    52: 0000000000001130    18 FUNC    WEAK   DEFAULT   13 _ZN11Probe_T0158ISt5dequeIiSaIiEEvE3runEv
    53: 0000000000001150    18 FUNC    WEAK   DEFAULT   13 _ZN11Probe_T0159ISt5dequeIiSaIiEEvE3runEv
    54: 0000000000001170    18 FUNC    WEAK   DEFAULT   13 _ZN11Probe_T0160ISt5dequeIiSaIiEEvE3runEv
    55: 0000000000001190    18 FUNC    WEAK   DEFAULT   13 _ZN11Probe_T0161ISt5dequeIiSaIiEEvE3runEv
    56: 00000000000011b0    18 FUNC    WEAK   DEFAULT   13 _ZN11Probe_T0162ISt5dequeIiSaIiEEvE3runEv
    57: 00000000000011d0    18 FUNC    WEAK   DEFAULT   13 _ZN11Probe_T0163ISt5dequeIiSaIiEEvE3runEv
    58: 00000000000011f0    18 FUNC    WEAK   DEFAULT   13 _ZN11Probe_T0164ISt5dequeIiSaIiEEvE3runEv
    59: 0000000000001210    18 FUNC    WEAK   DEFAULT   13 _ZN11Probe_T0165ISt5dequeIiSaIiEEvE3runEv
    60: 0000000000001230    18 FUNC    WEAK   DEFAULT   13 _ZN11Probe_T0166ISt5dequeIiSaIiEEvE3runEv
    61: 0000000000001250    18 FUNC    WEAK   DEFAULT   13 _ZN11Probe_T0167ISt5dequeIiSaIiEEvE3runEv
    62: 0000000000001270    18 FUNC    WEAK   DEFAULT   13 _ZN11Probe_T0168ISt5dequeIiSaIiEEvE3runEv
    63: 0000000000001290    18 FUNC    WEAK   DEFAULT   13 _ZN11Probe_T0169INSt7__cxx114listIiSaIiEEEvE3runEv
    64: 00000000000012b0    18 FUNC    WEAK   DEFAULT   13 _ZN11Probe_T0170INSt7__cxx114listIiSaIiEEEvE3runEv
    65: 00000000000012d0    18 FUNC    WEAK   DEFAULT   13 _ZN11Probe_T0171INSt7__cxx114listIiSaIiEEEvE3runEv
    66: 00000000000012f0    18 FUNC    WEAK   DEFAULT   13 _ZN11Probe_T0172INSt7__cxx114listIiSaIiEEEvE3runEv
    67: 0000000000001310    18 FUNC    WEAK   DEFAULT   13 _ZN11Probe_T0173INSt7__cxx114listIiSaIiEEEvE3runEv
    68: 0000000000001330    18 FUNC    WEAK   DEFAULT   13 _ZN11Probe_T0174INSt7__cxx114listIiSaIiEEEvE3runEv
    69: 0000000000001350    18 FUNC    WEAK   DEFAULT   13 _ZN11Probe_T0175INSt7__cxx114listIiSaIiEEEvE3runEv
    70: 0000000000001370    18 FUNC    WEAK   DEFAULT   13 _ZN11Probe_T0176INSt7__cxx114listIiSaIiEEEvE3runEv
    71: 0000000000001390    18 FUNC    WEAK   DEFAULT   13 _ZN11Probe_T0177INSt7__cxx114listIiSaIiEEEvE3runEv
    72: 00000000000013b0    18 FUNC    WEAK   DEFAULT   13 _ZN11Probe_T0178INSt7__cxx114listIiSaIiEEEvE3runEv
    73: 00000000000013d0    18 FUNC    WEAK   DEFAULT   13 _ZN11Probe_T0179INSt7__cxx114listIiSaIiEEEvE3runEv
    74: 00000000000013f0    18 FUNC    WEAK   DEFAULT   13 _ZN11Probe_T0180ISt12forward_listIiSaIiEEvE3runEv
    75: 0000000000001410    18 FUNC    WEAK   DEFAULT   13 _ZN11Probe_T0181ISt12forward_listIiSaIiEEvE3runEv
    76: 0000000000001430    18 FUNC    WEAK   DEFAULT   13 _ZN11Probe_T0182ISt12forward_listIiSaIiEEvE3runEv
    77: 0000000000001450    18 FUNC    WEAK   DEFAULT   13 _ZN11Probe_T0183ISt12forward_listIiSaIiEEvE3runEv
    78: 0000000000001470    18 FUNC    WEAK   DEFAULT   13 _ZN11Probe_T0184ISt12forward_listIiSaIiEEvE3runEv
    79: 0000000000001490    18 FUNC    WEAK   DEFAULT   13 _ZN11Probe_T0185ISt12forward_listIiSaIiEEvE3runEv
    80: 00000000000014b0    18 FUNC    WEAK   DEFAULT   13 _ZN11Probe_T0186ISt12forward_listIiSaIiEEvE3runEv
    81: 00000000000014d0    18 FUNC    WEAK   DEFAULT   13 _ZN11Probe_T0187ISt12forward_listIiSaIiEEvE3runEv
    82: 00000000000014f0    18 FUNC    WEAK   DEFAULT   13 _ZN11Probe_T0188ISt12forward_listIiSaIiEEvE3runEv
    83: 0000000000001510    20 FUNC    WEAK   DEFAULT   13 _ZN11Probe_T0189ISt12forward_listIiSaIiEEvE3runEv
    84: 0000000000001530    20 FUNC    WEAK   DEFAULT   13 _ZN11Probe_T0190ISt12forward_listIiSaIiEEvE3runEv
    85: 0000000000001550    18 FUNC    WEAK   DEFAULT   13 _ZN11Probe_T0191ISt5arrayIiLm3EEvE3runEv
    86: 0000000000001570    18 FUNC    WEAK   DEFAULT   13 _ZN11Probe_T0192ISt5arrayIiLm3EEvE3runEv
    87: 0000000000001590     6 FUNC    WEAK   DEFAULT   13 _Z12abi_identityIiEv9TypeTokenIT_E
    88: 00000000000015a0    13 FUNC    WEAK   DEFAULT   13 _Z6actualIiEPKcv
    89: 0000000000005bc0    16 OBJECT  WEAK   DEFAULT   20 _ZTI9TypeTokenIiE
    90: 00000000000015b0    64 FUNC    WEAK   DEFAULT   13 _ZNKSt9type_info4nameEv
    91: 0000000000000000     0 FUNC    GLOBAL DEFAULT  UND printf
    92: 00000000000015f0     6 FUNC    WEAK   DEFAULT   13 _Z12abi_identityIlEv9TypeTokenIT_E
    93: 0000000000001600    13 FUNC    WEAK   DEFAULT   13 _Z6actualIlEPKcv
    94: 0000000000005bd0    16 OBJECT  WEAK   DEFAULT   20 _ZTI9TypeTokenIlE
    95: 0000000000001610     6 FUNC    WEAK   DEFAULT   13 _Z12abi_identityIxEv9TypeTokenIT_E
    96: 0000000000001620    13 FUNC    WEAK   DEFAULT   13 _Z6actualIxEPKcv
    97: 0000000000005be0    16 OBJECT  WEAK   DEFAULT   20 _ZTI9TypeTokenIxE
    98: 0000000000001630     6 FUNC    WEAK   DEFAULT   13 _Z12abi_identityIRKlEv9TypeTokenIT_E
    99: 0000000000001640    13 FUNC    WEAK   DEFAULT   13 _Z6actualIRKlEPKcv
   100: 0000000000005bf0    16 OBJECT  WEAK   DEFAULT   20 _ZTI9TypeTokenIRKlE
   101: 0000000000001650    99 FUNC    WEAK   DEFAULT   13 _Z4emitISt16reverse_iteratorIN9__gnu_cxx17__normal_iteratorIPiSt6vectorIiSaIiEEEEEEvPKc
   102: 00000000000016e0    99 FUNC    WEAK   DEFAULT   13 _Z4emitISt16reverse_iteratorIN9__gnu_cxx17__normal_iteratorIPKiSt6vectorIiSaIiEEEEEEvPKc
   103: 0000000000001770    99 FUNC    WEAK   DEFAULT   13 _Z4emitImEvPKc
   104: 0000000000001800    99 FUNC    WEAK   DEFAULT   13 _Z4emitIPSt14_Bit_referenceEvPKc
   105: 0000000000001890    99 FUNC    WEAK   DEFAULT   13 _Z4emitIPKbEvPKc
   106: 0000000000001920   101 FUNC    WEAK   DEFAULT   13 _Z4emitISt14_Bit_referenceEvPKc
   107: 00000000000019b0    99 FUNC    WEAK   DEFAULT   13 _Z4emitIbEvPKc
   108: 0000000000001a40   101 FUNC    WEAK   DEFAULT   13 _Z4emitISt13_Bit_iteratorEvPKc
   109: 0000000000001ad0   101 FUNC    WEAK   DEFAULT   13 _Z4emitISt19_Bit_const_iteratorEvPKc
   110: 0000000000001b60   101 FUNC    WEAK   DEFAULT   13 _Z4emitISt16reverse_iteratorISt13_Bit_iteratorEEvPKc
   111: 0000000000001bf0   101 FUNC    WEAK   DEFAULT   13 _Z4emitISt16reverse_iteratorISt19_Bit_const_iteratorEEvPKc
   112: 0000000000001c80    99 FUNC    WEAK   DEFAULT   13 _Z4emitIPiEvPKc
   113: 0000000000001d10    99 FUNC    WEAK   DEFAULT   13 _Z4emitIPKiEvPKc
   114: 0000000000001da0    99 FUNC    WEAK   DEFAULT   13 _Z4emitIRiEvPKc
   115: 0000000000001e30    99 FUNC    WEAK   DEFAULT   13 _Z4emitIRKiEvPKc
   116: 0000000000001ec0   101 FUNC    WEAK   DEFAULT   13 _Z4emitISt15_Deque_iteratorIiRiPiEEvPKc
   117: 0000000000001f50   101 FUNC    WEAK   DEFAULT   13 _Z4emitISt15_Deque_iteratorIiRKiPS1_EEvPKc
   118: 0000000000001fe0   101 FUNC    WEAK   DEFAULT   13 _Z4emitISt16reverse_iteratorISt15_Deque_iteratorIiRiPiEEEvPKc
   119: 0000000000002070   101 FUNC    WEAK   DEFAULT   13 _Z4emitISt16reverse_iteratorISt15_Deque_iteratorIiRKiPS2_EEEvPKc
   120: 0000000000002100    99 FUNC    WEAK   DEFAULT   13 _Z4emitISt14_List_iteratorIiEEvPKc
   121: 0000000000002190    99 FUNC    WEAK   DEFAULT   13 _Z4emitISt20_List_const_iteratorIiEEvPKc
   122: 0000000000002220    99 FUNC    WEAK   DEFAULT   13 _Z4emitISt16reverse_iteratorISt14_List_iteratorIiEEEvPKc
   123: 00000000000022b0    99 FUNC    WEAK   DEFAULT   13 _Z4emitISt16reverse_iteratorISt20_List_const_iteratorIiEEEvPKc
   124: 0000000000002340    99 FUNC    WEAK   DEFAULT   13 _Z4emitISt18_Fwd_list_iteratorIiEEvPKc
   125: 00000000000023d0    99 FUNC    WEAK   DEFAULT   13 _Z4emitISt24_Fwd_list_const_iteratorIiEEvPKc
   126: 00000000000016c0     6 FUNC    WEAK   DEFAULT   13 _Z12abi_identityISt16reverse_iteratorIN9__gnu_cxx17__normal_iteratorIPiSt6vectorIiSaIiEEEEEEv9TypeTokenIT_E
   127: 00000000000016d0    13 FUNC    WEAK   DEFAULT   13 _Z6actualISt16reverse_iteratorIN9__gnu_cxx17__normal_iteratorIPiSt6vectorIiSaIiEEEEEEPKcv
   128: 0000000000005c00    16 OBJECT  WEAK   DEFAULT   20 _ZTI9TypeTokenISt16reverse_iteratorIN9__gnu_cxx17__normal_iteratorIPiSt6vectorIiSaIiEEEEEE
   129: 0000000000001750     6 FUNC    WEAK   DEFAULT   13 _Z12abi_identityISt16reverse_iteratorIN9__gnu_cxx17__normal_iteratorIPKiSt6vectorIiSaIiEEEEEEv9TypeTokenIT_E
   130: 0000000000001760    13 FUNC    WEAK   DEFAULT   13 _Z6actualISt16reverse_iteratorIN9__gnu_cxx17__normal_iteratorIPKiSt6vectorIiSaIiEEEEEEPKcv
   131: 0000000000005c10    16 OBJECT  WEAK   DEFAULT   20 _ZTI9TypeTokenISt16reverse_iteratorIN9__gnu_cxx17__normal_iteratorIPKiSt6vectorIiSaIiEEEEEE
   132: 00000000000017e0     6 FUNC    WEAK   DEFAULT   13 _Z12abi_identityImEv9TypeTokenIT_E
   133: 00000000000017f0    13 FUNC    WEAK   DEFAULT   13 _Z6actualImEPKcv
   134: 0000000000005c20    16 OBJECT  WEAK   DEFAULT   20 _ZTI9TypeTokenImE
   135: 0000000000001870     6 FUNC    WEAK   DEFAULT   13 _Z12abi_identityIPSt14_Bit_referenceEv9TypeTokenIT_E
   136: 0000000000001880    13 FUNC    WEAK   DEFAULT   13 _Z6actualIPSt14_Bit_referenceEPKcv
   137: 0000000000005c30    16 OBJECT  WEAK   DEFAULT   20 _ZTI9TypeTokenIPSt14_Bit_referenceE
   138: 0000000000001900     6 FUNC    WEAK   DEFAULT   13 _Z12abi_identityIPKbEv9TypeTokenIT_E
   139: 0000000000001910    13 FUNC    WEAK   DEFAULT   13 _Z6actualIPKbEPKcv
   140: 0000000000005c40    16 OBJECT  WEAK   DEFAULT   20 _ZTI9TypeTokenIPKbE
   141: 0000000000001990     6 FUNC    WEAK   DEFAULT   13 _Z12abi_identityISt14_Bit_referenceEv9TypeTokenIT_E
   142: 00000000000019a0    13 FUNC    WEAK   DEFAULT   13 _Z6actualISt14_Bit_referenceEPKcv
   143: 0000000000005c50    16 OBJECT  WEAK   DEFAULT   20 _ZTI9TypeTokenISt14_Bit_referenceE
   144: 0000000000001a20     6 FUNC    WEAK   DEFAULT   13 _Z12abi_identityIbEv9TypeTokenIT_E
   145: 0000000000001a30    13 FUNC    WEAK   DEFAULT   13 _Z6actualIbEPKcv
   146: 0000000000005c60    16 OBJECT  WEAK   DEFAULT   20 _ZTI9TypeTokenIbE
   147: 0000000000001ab0     6 FUNC    WEAK   DEFAULT   13 _Z12abi_identityISt13_Bit_iteratorEv9TypeTokenIT_E
   148: 0000000000001ac0    13 FUNC    WEAK   DEFAULT   13 _Z6actualISt13_Bit_iteratorEPKcv
   149: 0000000000005c70    16 OBJECT  WEAK   DEFAULT   20 _ZTI9TypeTokenISt13_Bit_iteratorE
   150: 0000000000001b40     6 FUNC    WEAK   DEFAULT   13 _Z12abi_identityISt19_Bit_const_iteratorEv9TypeTokenIT_E
   151: 0000000000001b50    13 FUNC    WEAK   DEFAULT   13 _Z6actualISt19_Bit_const_iteratorEPKcv
   152: 0000000000005c80    16 OBJECT  WEAK   DEFAULT   20 _ZTI9TypeTokenISt19_Bit_const_iteratorE
   153: 0000000000001bd0     6 FUNC    WEAK   DEFAULT   13 _Z12abi_identityISt16reverse_iteratorISt13_Bit_iteratorEEv9TypeTokenIT_E
   154: 0000000000001be0    13 FUNC    WEAK   DEFAULT   13 _Z6actualISt16reverse_iteratorISt13_Bit_iteratorEEPKcv
   155: 0000000000005c90    16 OBJECT  WEAK   DEFAULT   20 _ZTI9TypeTokenISt16reverse_iteratorISt13_Bit_iteratorEE
   156: 0000000000001c60     6 FUNC    WEAK   DEFAULT   13 _Z12abi_identityISt16reverse_iteratorISt19_Bit_const_iteratorEEv9TypeTokenIT_E
   157: 0000000000001c70    13 FUNC    WEAK   DEFAULT   13 _Z6actualISt16reverse_iteratorISt19_Bit_const_iteratorEEPKcv
   158: 0000000000005ca0    16 OBJECT  WEAK   DEFAULT   20 _ZTI9TypeTokenISt16reverse_iteratorISt19_Bit_const_iteratorEE
   159: 0000000000001cf0     6 FUNC    WEAK   DEFAULT   13 _Z12abi_identityIPiEv9TypeTokenIT_E
   160: 0000000000001d00    13 FUNC    WEAK   DEFAULT   13 _Z6actualIPiEPKcv
   161: 0000000000005cb0    16 OBJECT  WEAK   DEFAULT   20 _ZTI9TypeTokenIPiE
   162: 0000000000001d80     6 FUNC    WEAK   DEFAULT   13 _Z12abi_identityIPKiEv9TypeTokenIT_E
   163: 0000000000001d90    13 FUNC    WEAK   DEFAULT   13 _Z6actualIPKiEPKcv
   164: 0000000000005cc0    16 OBJECT  WEAK   DEFAULT   20 _ZTI9TypeTokenIPKiE
   165: 0000000000001e10     6 FUNC    WEAK   DEFAULT   13 _Z12abi_identityIRiEv9TypeTokenIT_E
   166: 0000000000001e20    13 FUNC    WEAK   DEFAULT   13 _Z6actualIRiEPKcv
   167: 0000000000005cd0    16 OBJECT  WEAK   DEFAULT   20 _ZTI9TypeTokenIRiE
   168: 0000000000001ea0     6 FUNC    WEAK   DEFAULT   13 _Z12abi_identityIRKiEv9TypeTokenIT_E
   169: 0000000000001eb0    13 FUNC    WEAK   DEFAULT   13 _Z6actualIRKiEPKcv
   170: 0000000000005ce0    16 OBJECT  WEAK   DEFAULT   20 _ZTI9TypeTokenIRKiE
   171: 0000000000001f30     6 FUNC    WEAK   DEFAULT   13 _Z12abi_identityISt15_Deque_iteratorIiRiPiEEv9TypeTokenIT_E
   172: 0000000000001f40    13 FUNC    WEAK   DEFAULT   13 _Z6actualISt15_Deque_iteratorIiRiPiEEPKcv
   173: 0000000000005cf0    16 OBJECT  WEAK   DEFAULT   20 _ZTI9TypeTokenISt15_Deque_iteratorIiRiPiEE
   174: 0000000000001fc0     6 FUNC    WEAK   DEFAULT   13 _Z12abi_identityISt15_Deque_iteratorIiRKiPS1_EEv9TypeTokenIT_E
   175: 0000000000001fd0    13 FUNC    WEAK   DEFAULT   13 _Z6actualISt15_Deque_iteratorIiRKiPS1_EEPKcv
   176: 0000000000005d00    16 OBJECT  WEAK   DEFAULT   20 _ZTI9TypeTokenISt15_Deque_iteratorIiRKiPS1_EE
   177: 0000000000002050     6 FUNC    WEAK   DEFAULT   13 _Z12abi_identityISt16reverse_iteratorISt15_Deque_iteratorIiRiPiEEEv9TypeTokenIT_E
   178: 0000000000002060    13 FUNC    WEAK   DEFAULT   13 _Z6actualISt16reverse_iteratorISt15_Deque_iteratorIiRiPiEEEPKcv
   179: 0000000000005d10    16 OBJECT  WEAK   DEFAULT   20 _ZTI9TypeTokenISt16reverse_iteratorISt15_Deque_iteratorIiRiPiEEE
   180: 00000000000020e0     6 FUNC    WEAK   DEFAULT   13 _Z12abi_identityISt16reverse_iteratorISt15_Deque_iteratorIiRKiPS2_EEEv9TypeTokenIT_E
   181: 00000000000020f0    13 FUNC    WEAK   DEFAULT   13 _Z6actualISt16reverse_iteratorISt15_Deque_iteratorIiRKiPS2_EEEPKcv
   182: 0000000000005d20    16 OBJECT  WEAK   DEFAULT   20 _ZTI9TypeTokenISt16reverse_iteratorISt15_Deque_iteratorIiRKiPS2_EEE
   183: 0000000000002170     6 FUNC    WEAK   DEFAULT   13 _Z12abi_identityISt14_List_iteratorIiEEv9TypeTokenIT_E
   184: 0000000000002180    13 FUNC    WEAK   DEFAULT   13 _Z6actualISt14_List_iteratorIiEEPKcv
   185: 0000000000005d30    16 OBJECT  WEAK   DEFAULT   20 _ZTI9TypeTokenISt14_List_iteratorIiEE
   186: 0000000000002200     6 FUNC    WEAK   DEFAULT   13 _Z12abi_identityISt20_List_const_iteratorIiEEv9TypeTokenIT_E
   187: 0000000000002210    13 FUNC    WEAK   DEFAULT   13 _Z6actualISt20_List_const_iteratorIiEEPKcv
   188: 0000000000005d40    16 OBJECT  WEAK   DEFAULT   20 _ZTI9TypeTokenISt20_List_const_iteratorIiEE
   189: 0000000000002290     6 FUNC    WEAK   DEFAULT   13 _Z12abi_identityISt16reverse_iteratorISt14_List_iteratorIiEEEv9TypeTokenIT_E
   190: 00000000000022a0    13 FUNC    WEAK   DEFAULT   13 _Z6actualISt16reverse_iteratorISt14_List_iteratorIiEEEPKcv
   191: 0000000000005d50    16 OBJECT  WEAK   DEFAULT   20 _ZTI9TypeTokenISt16reverse_iteratorISt14_List_iteratorIiEEE
   192: 0000000000002320     6 FUNC    WEAK   DEFAULT   13 _Z12abi_identityISt16reverse_iteratorISt20_List_const_iteratorIiEEEv9TypeTokenIT_E
   193: 0000000000002330    13 FUNC    WEAK   DEFAULT   13 _Z6actualISt16reverse_iteratorISt20_List_const_iteratorIiEEEPKcv
   194: 0000000000005d60    16 OBJECT  WEAK   DEFAULT   20 _ZTI9TypeTokenISt16reverse_iteratorISt20_List_const_iteratorIiEEE
   195: 00000000000023b0     6 FUNC    WEAK   DEFAULT   13 _Z12abi_identityISt18_Fwd_list_iteratorIiEEv9TypeTokenIT_E
   196: 00000000000023c0    13 FUNC    WEAK   DEFAULT   13 _Z6actualISt18_Fwd_list_iteratorIiEEPKcv
   197: 0000000000005d70    16 OBJECT  WEAK   DEFAULT   20 _ZTI9TypeTokenISt18_Fwd_list_iteratorIiEE
   198: 0000000000002440     6 FUNC    WEAK   DEFAULT   13 _Z12abi_identityISt24_Fwd_list_const_iteratorIiEEv9TypeTokenIT_E
   199: 0000000000002450    13 FUNC    WEAK   DEFAULT   13 _Z6actualISt24_Fwd_list_const_iteratorIiEEPKcv
   200: 0000000000005d80    16 OBJECT  WEAK   DEFAULT   20 _ZTI9TypeTokenISt24_Fwd_list_const_iteratorIiEE
   201: 0000000000000000     0 OBJECT  GLOBAL DEFAULT  UND _ZTVN10__cxxabiv117__class_type_infoE
   202: 0000000000002ccd    14 OBJECT  WEAK   DEFAULT   15 _ZTS9TypeTokenIiE
   203: 0000000000002cdb    14 OBJECT  WEAK   DEFAULT   15 _ZTS9TypeTokenIlE
   204: 0000000000002ce9    14 OBJECT  WEAK   DEFAULT   15 _ZTS9TypeTokenIxE
   205: 0000000000002cf7    16 OBJECT  WEAK   DEFAULT   15 _ZTS9TypeTokenIRKlE
   206: 0000000000002d07    87 OBJECT  WEAK   DEFAULT   15 _ZTS9TypeTokenISt16reverse_iteratorIN9__gnu_cxx17__normal_iteratorIPiSt6vectorIiSaIiEEEEEE
   207: 0000000000002d5e    88 OBJECT  WEAK   DEFAULT   15 _ZTS9TypeTokenISt16reverse_iteratorIN9__gnu_cxx17__normal_iteratorIPKiSt6vectorIiSaIiEEEEEE
   208: 0000000000002db6    14 OBJECT  WEAK   DEFAULT   15 _ZTS9TypeTokenImE
   209: 0000000000002dc4    32 OBJECT  WEAK   DEFAULT   15 _ZTS9TypeTokenIPSt14_Bit_referenceE
   210: 0000000000002de4    16 OBJECT  WEAK   DEFAULT   15 _ZTS9TypeTokenIPKbE
   211: 0000000000002df4    31 OBJECT  WEAK   DEFAULT   15 _ZTS9TypeTokenISt14_Bit_referenceE
   212: 0000000000002e13    14 OBJECT  WEAK   DEFAULT   15 _ZTS9TypeTokenIbE
   213: 0000000000002e21    30 OBJECT  WEAK   DEFAULT   15 _ZTS9TypeTokenISt13_Bit_iteratorE
   214: 0000000000002e3f    36 OBJECT  WEAK   DEFAULT   15 _ZTS9TypeTokenISt19_Bit_const_iteratorE
   215: 0000000000002e63    52 OBJECT  WEAK   DEFAULT   15 _ZTS9TypeTokenISt16reverse_iteratorISt13_Bit_iteratorEE
   216: 0000000000002e97    58 OBJECT  WEAK   DEFAULT   15 _ZTS9TypeTokenISt16reverse_iteratorISt19_Bit_const_iteratorEE
   217: 0000000000002ed1    15 OBJECT  WEAK   DEFAULT   15 _ZTS9TypeTokenIPiE
   218: 0000000000002ee0    16 OBJECT  WEAK   DEFAULT   15 _ZTS9TypeTokenIPKiE
   219: 0000000000002ef0    15 OBJECT  WEAK   DEFAULT   15 _ZTS9TypeTokenIRiE
   220: 0000000000002eff    16 OBJECT  WEAK   DEFAULT   15 _ZTS9TypeTokenIRKiE
   221: 0000000000002f0f    39 OBJECT  WEAK   DEFAULT   15 _ZTS9TypeTokenISt15_Deque_iteratorIiRiPiEE
   222: 0000000000002f36    42 OBJECT  WEAK   DEFAULT   15 _ZTS9TypeTokenISt15_Deque_iteratorIiRKiPS1_EE
   223: 0000000000002f60    61 OBJECT  WEAK   DEFAULT   15 _ZTS9TypeTokenISt16reverse_iteratorISt15_Deque_iteratorIiRiPiEEE
   224: 0000000000002f9d    64 OBJECT  WEAK   DEFAULT   15 _ZTS9TypeTokenISt16reverse_iteratorISt15_Deque_iteratorIiRKiPS2_EEE
   225: 0000000000002fdd    34 OBJECT  WEAK   DEFAULT   15 _ZTS9TypeTokenISt14_List_iteratorIiEE
   226: 0000000000002fff    40 OBJECT  WEAK   DEFAULT   15 _ZTS9TypeTokenISt20_List_const_iteratorIiEE
   227: 0000000000003027    56 OBJECT  WEAK   DEFAULT   15 _ZTS9TypeTokenISt16reverse_iteratorISt14_List_iteratorIiEEE
   228: 000000000000305f    62 OBJECT  WEAK   DEFAULT   15 _ZTS9TypeTokenISt16reverse_iteratorISt20_List_const_iteratorIiEEE
   229: 000000000000309d    38 OBJECT  WEAK   DEFAULT   15 _ZTS9TypeTokenISt18_Fwd_list_iteratorIiEE
   230: 00000000000030c3    44 OBJECT  WEAK   DEFAULT   15 _ZTS9TypeTokenISt24_Fwd_list_const_iteratorIiEE
