memory_basis=[('MemTotal', 33072918528)]
RLIMIT_AS_bytes=9921875558; parallelism=1; nice=19; ionice=3

Symbol table '.dynsym' contains 24 entries:
   Num:    Value          Size Type    Bind   Vis      Ndx Name
     0: 0000000000000000     0 NOTYPE  LOCAL  DEFAULT  UND 
     1: 0000000000000000     0 FUNC    GLOBAL DEFAULT  UND printf@GLIBC_2.2.5 (2)
     2: 0000000000000000     0 FUNC    GLOBAL DEFAULT  UND __libc_start_main@GLIBC_2.34 (3)
     3: 0000000000000000     0 NOTYPE  WEAK   DEFAULT  UND __gmon_start__
     4: 0000000000000000     0 NOTYPE  WEAK   DEFAULT  UND _ITM_deregisterTMCloneTable
     5: 0000000000000000     0 NOTYPE  WEAK   DEFAULT  UND _ITM_registerTMCloneTable
     6: 0000000000000000     0 FUNC    WEAK   DEFAULT  UND __cxa_finalize@GLIBC_2.2.5 (2)
     7: 0000000000000000     0 OBJECT  GLOBAL DEFAULT  UND _ZTIi@CXXABI_1.3 (4)
     8: 0000000000000000     0 OBJECT  GLOBAL DEFAULT  UND _ZTIl@CXXABI_1.3 (4)
     9: 0000000000000000     0 OBJECT  GLOBAL DEFAULT  UND _ZTIx@CXXABI_1.3 (4)
    10: 0000000000000000     0 OBJECT  GLOBAL DEFAULT  UND _ZTIm@CXXABI_1.3 (4)
    11: 0000000000000000     0 OBJECT  GLOBAL DEFAULT  UND _ZTIPDi@CXXABI_1.3.3 (5)
    12: 0000000000000000     0 OBJECT  GLOBAL DEFAULT  UND _ZTIPKDi@CXXABI_1.3.3 (5)
    13: 0000000000000000     0 OBJECT  GLOBAL DEFAULT  UND _ZTIDi@CXXABI_1.3.3 (5)
    14: 0000000000000000     0 OBJECT  GLOBAL DEFAULT  UND _ZTIPc@CXXABI_1.3 (4)
    15: 0000000000000000     0 OBJECT  GLOBAL DEFAULT  UND _ZTIPKc@CXXABI_1.3 (4)
    16: 0000000000000000     0 OBJECT  GLOBAL DEFAULT  UND _ZTIc@CXXABI_1.3 (4)
    17: 0000000000000000     0 OBJECT  GLOBAL DEFAULT  UND _ZTIPw@CXXABI_1.3 (4)
    18: 0000000000000000     0 OBJECT  GLOBAL DEFAULT  UND _ZTIPKw@CXXABI_1.3 (4)
    19: 0000000000000000     0 OBJECT  GLOBAL DEFAULT  UND _ZTIw@CXXABI_1.3 (4)
    20: 0000000000000000     0 OBJECT  GLOBAL DEFAULT  UND _ZTIPi@CXXABI_1.3 (4)
    21: 0000000000000000     0 OBJECT  GLOBAL DEFAULT  UND _ZTIPKi@CXXABI_1.3 (4)
    22: 0000000000000000     0 OBJECT  GLOBAL DEFAULT  UND _ZTVN10__cxxabiv117__class_type_infoE@CXXABI_1.3 (4)
    23: 0000000000000000     0 OBJECT  GLOBAL DEFAULT  UND _ZTVN10__cxxabiv120__si_class_type_infoE@CXXABI_1.3 (4)

Symbol table '.symtab' contains 305 entries:
   Num:    Value          Size Type    Bind   Vis      Ndx Name
     0: 0000000000000000     0 NOTYPE  LOCAL  DEFAULT  UND 
     1: 0000000000000000     0 FILE    LOCAL  DEFAULT  ABS abi-note.c
     2: 00000000000002b0    32 OBJECT  LOCAL  DEFAULT    3 __abi_tag
     3: 0000000000000000     0 FILE    LOCAL  DEFAULT  ABS init.c
     4: 0000000000000000     0 FILE    LOCAL  DEFAULT  ABS crtstuff.c
     5: 0000000000008020     0 OBJECT  LOCAL  DEFAULT   25 __TMC_LIST__
     6: 0000000000001450     0 FUNC    LOCAL  DEFAULT   13 deregister_tm_clones
     7: 0000000000001480     0 FUNC    LOCAL  DEFAULT   13 register_tm_clones
     8: 00000000000014c0     0 FUNC    LOCAL  DEFAULT   13 __do_global_dtors_aux
     9: 0000000000008020     1 OBJECT  LOCAL  DEFAULT   26 completed.0
    10: 00000000000079a8     0 OBJECT  LOCAL  DEFAULT   18 __do_global_dtors_aux_fini_array_entry
    11: 0000000000001500     0 FUNC    LOCAL  DEFAULT   13 frame_dummy
    12: 00000000000079b0     0 OBJECT  LOCAL  DEFAULT   19 __frame_dummy_init_array_entry
    13: 0000000000000000     0 FILE    LOCAL  DEFAULT  ABS v2_gnu_955476031e00c529.cpp
    14: 0000000000000000     0 FILE    LOCAL  DEFAULT  ABS crtstuff.c
    15: 0000000000005800     0 OBJECT  LOCAL  DEFAULT   16 __FRAME_END__
    16: 00000000000013d0     0 FUNC    LOCAL  HIDDEN    11 _init
    17: 0000000000003200     0 FUNC    LOCAL  HIDDEN    14 _fini
    18: 0000000000008018     0 OBJECT  LOCAL  HIDDEN    24 __dso_handle
    19: 0000000000008020     0 OBJECT  LOCAL  HIDDEN    25 __TMC_END__
    20: 0000000000007d18   560 OBJECT  LOCAL  HIDDEN    21 _DYNAMIC
    21: 0000000000007fe8    40 OBJECT  LOCAL  HIDDEN    23 _GLOBAL_OFFSET_TABLE_
    22: 0000000000008020     0 NOTYPE  GLOBAL DEFAULT   18 __bss_start
    23: 0000000000008021     0 NOTYPE  GLOBAL DEFAULT   18 _end
    24: 0000000000008020     0 NOTYPE  GLOBAL DEFAULT   18 _edata
    25: 0000000000000000     0 FUNC    GLOBAL DEFAULT  UND printf
    26: 0000000000001420    34 FUNC    GLOBAL DEFAULT   13 _start
    27: 0000000000001510   324 FUNC    GLOBAL DEFAULT   13 main
    28: 0000000000008010     0 NOTYPE  WEAK   DEFAULT   24 data_start
    29: 000000000000320c     4 OBJECT  GLOBAL DEFAULT   15 _IO_stdin_used
    30: 0000000000000000     0 FUNC    GLOBAL DEFAULT  UND __libc_start_main
    31: 0000000000008010     0 NOTYPE  GLOBAL DEFAULT   24 __data_start
    32: 0000000000000000     0 NOTYPE  WEAK   DEFAULT  UND __gmon_start__
    33: 0000000000000000     0 NOTYPE  WEAK   DEFAULT  UND _ITM_deregisterTMCloneTable
    34: 0000000000000000     0 NOTYPE  WEAK   DEFAULT  UND _ITM_registerTMCloneTable
    35: 0000000000000000     0 FUNC    WEAK   DEFAULT  UND __cxa_finalize
    36: 0000000000001660   119 FUNC    WEAK   DEFAULT   13 _Z4emitIiEvPKc
    37: 00000000000016e0   119 FUNC    WEAK   DEFAULT   13 _Z4emitIlEvPKc
    38: 0000000000001760   119 FUNC    WEAK   DEFAULT   13 _Z4emitIxEvPKc
    39: 00000000000017e0   119 FUNC    WEAK   DEFAULT   13 _Z4emitIRKlEvPKc
    40: 0000000000001860    18 FUNC    WEAK   DEFAULT   13 _ZN11Probe_T0097INSt7__cxx1112basic_stringIDsSt11char_traitsIDsESaIDsEEEvE3runEv
    41: 0000000000001880    18 FUNC    WEAK   DEFAULT   13 _ZN11Probe_T0098INSt7__cxx1112basic_stringIDsSt11char_traitsIDsESaIDsEEEvE3runEv
    42: 00000000000018a0   119 FUNC    WEAK   DEFAULT   13 _Z4emitIKmEvPKc
    43: 0000000000001920    18 FUNC    WEAK   DEFAULT   13 _ZN11Probe_T0100INSt7__cxx1112basic_stringIDiSt11char_traitsIDiESaIDiEEEvE3runEv
    44: 0000000000001940    18 FUNC    WEAK   DEFAULT   13 _ZN11Probe_T0101INSt7__cxx1112basic_stringIDiSt11char_traitsIDiESaIDiEEEvE3runEv
    45: 0000000000001960    18 FUNC    WEAK   DEFAULT   13 _ZN11Probe_T0102INSt7__cxx1112basic_stringIDiSt11char_traitsIDiESaIDiEEEvE3runEv
    46: 0000000000001980    18 FUNC    WEAK   DEFAULT   13 _ZN11Probe_T0103INSt7__cxx1112basic_stringIDiSt11char_traitsIDiESaIDiEEEvE3runEv
    47: 00000000000019a0    18 FUNC    WEAK   DEFAULT   13 _ZN11Probe_T0104INSt7__cxx1112basic_stringIDiSt11char_traitsIDiESaIDiEEEvE3runEv
    48: 00000000000019c0    18 FUNC    WEAK   DEFAULT   13 _ZN11Probe_T0105INSt7__cxx1112basic_stringIDiSt11char_traitsIDiESaIDiEEEvE3runEv
    49: 00000000000019e0    18 FUNC    WEAK   DEFAULT   13 _ZN11Probe_T0106INSt7__cxx1112basic_stringIDiSt11char_traitsIDiESaIDiEEEvE3runEv
    50: 0000000000001a00    18 FUNC    WEAK   DEFAULT   13 _ZN11Probe_T0107INSt7__cxx1112basic_stringIDiSt11char_traitsIDiESaIDiEEEvE3runEv
    51: 0000000000001a20    18 FUNC    WEAK   DEFAULT   13 _ZN11Probe_T0108INSt7__cxx1112basic_stringIDiSt11char_traitsIDiESaIDiEEEvE3runEv
    52: 0000000000001a40    18 FUNC    WEAK   DEFAULT   13 _ZN11Probe_T0109INSt7__cxx1112basic_stringIDiSt11char_traitsIDiESaIDiEEEvE3runEv
    53: 0000000000001a60    18 FUNC    WEAK   DEFAULT   13 _ZN11Probe_T0110INSt7__cxx1112basic_stringIDiSt11char_traitsIDiESaIDiEEEvE3runEv
    54: 0000000000001a80    18 FUNC    WEAK   DEFAULT   13 _ZN11Probe_T0112ISt17basic_string_viewIcSt11char_traitsIcEEvE3runEv
    55: 0000000000001aa0    18 FUNC    WEAK   DEFAULT   13 _ZN11Probe_T0113ISt17basic_string_viewIcSt11char_traitsIcEEvE3runEv
    56: 0000000000001ac0    18 FUNC    WEAK   DEFAULT   13 _ZN11Probe_T0114ISt17basic_string_viewIcSt11char_traitsIcEEvE3runEv
    57: 0000000000001ae0    18 FUNC    WEAK   DEFAULT   13 _ZN11Probe_T0115ISt17basic_string_viewIcSt11char_traitsIcEEvE3runEv
    58: 0000000000001b00    18 FUNC    WEAK   DEFAULT   13 _ZN11Probe_T0116ISt17basic_string_viewIcSt11char_traitsIcEEvE3runEv
    59: 0000000000001b20    18 FUNC    WEAK   DEFAULT   13 _ZN11Probe_T0117ISt17basic_string_viewIcSt11char_traitsIcEEvE3runEv
    60: 0000000000001b40    18 FUNC    WEAK   DEFAULT   13 _ZN11Probe_T0118ISt17basic_string_viewIcSt11char_traitsIcEEvE3runEv
    61: 0000000000001b60    18 FUNC    WEAK   DEFAULT   13 _ZN11Probe_T0119ISt17basic_string_viewIcSt11char_traitsIcEEvE3runEv
    62: 0000000000001b80    18 FUNC    WEAK   DEFAULT   13 _ZN11Probe_T0120ISt17basic_string_viewIcSt11char_traitsIcEEvE3runEv
    63: 0000000000001ba0    18 FUNC    WEAK   DEFAULT   13 _ZN11Probe_T0121ISt17basic_string_viewIcSt11char_traitsIcEEvE3runEv
    64: 0000000000001bc0    18 FUNC    WEAK   DEFAULT   13 _ZN11Probe_T0122ISt17basic_string_viewIcSt11char_traitsIcEEvE3runEv
    65: 0000000000001be0    18 FUNC    WEAK   DEFAULT   13 _ZN11Probe_T0124ISt17basic_string_viewIwSt11char_traitsIwEEvE3runEv
    66: 0000000000001c00    18 FUNC    WEAK   DEFAULT   13 _ZN11Probe_T0125ISt17basic_string_viewIwSt11char_traitsIwEEvE3runEv
    67: 0000000000001c20    18 FUNC    WEAK   DEFAULT   13 _ZN11Probe_T0126ISt17basic_string_viewIwSt11char_traitsIwEEvE3runEv
    68: 0000000000001c40    18 FUNC    WEAK   DEFAULT   13 _ZN11Probe_T0127ISt17basic_string_viewIwSt11char_traitsIwEEvE3runEv
    69: 0000000000001c60    18 FUNC    WEAK   DEFAULT   13 _ZN11Probe_T0128ISt17basic_string_viewIwSt11char_traitsIwEEvE3runEv
    70: 0000000000001c80    18 FUNC    WEAK   DEFAULT   13 _ZN11Probe_T0129ISt17basic_string_viewIwSt11char_traitsIwEEvE3runEv
    71: 0000000000001ca0    18 FUNC    WEAK   DEFAULT   13 _ZN11Probe_T0130ISt17basic_string_viewIwSt11char_traitsIwEEvE3runEv
    72: 0000000000001cc0    18 FUNC    WEAK   DEFAULT   13 _ZN11Probe_T0131ISt17basic_string_viewIwSt11char_traitsIwEEvE3runEv
    73: 0000000000001ce0    18 FUNC    WEAK   DEFAULT   13 _ZN11Probe_T0132ISt17basic_string_viewIwSt11char_traitsIwEEvE3runEv
    74: 0000000000001d00    18 FUNC    WEAK   DEFAULT   13 _ZN11Probe_T0133ISt17basic_string_viewIwSt11char_traitsIwEEvE3runEv
    75: 0000000000001d20    18 FUNC    WEAK   DEFAULT   13 _ZN11Probe_T0134ISt17basic_string_viewIwSt11char_traitsIwEEvE3runEv
    76: 0000000000001d40    18 FUNC    WEAK   DEFAULT   13 _ZN11Probe_T0136ISt6vectorIiSaIiEEvE3runEv
    77: 0000000000001d60    18 FUNC    WEAK   DEFAULT   13 _ZN11Probe_T0137ISt6vectorIiSaIiEEvE3runEv
    78: 0000000000001d80    18 FUNC    WEAK   DEFAULT   13 _ZN11Probe_T0138ISt6vectorIiSaIiEEvE3runEv
    79: 0000000000001da0    18 FUNC    WEAK   DEFAULT   13 _ZN11Probe_T0139ISt6vectorIiSaIiEEvE3runEv
    80: 0000000000001dc0    18 FUNC    WEAK   DEFAULT   13 _ZN11Probe_T0140ISt6vectorIiSaIiEEvE3runEv
    81: 0000000000001de0    18 FUNC    WEAK   DEFAULT   13 _ZN11Probe_T0141ISt6vectorIiSaIiEEvE3runEv
    82: 0000000000001e00    18 FUNC    WEAK   DEFAULT   13 _ZN11Probe_T0142ISt6vectorIiSaIiEEvE3runEv
    83: 0000000000001e20    18 FUNC    WEAK   DEFAULT   13 _ZN11Probe_T0143ISt6vectorIiSaIiEEvE3runEv
    84: 0000000000001e40    18 FUNC    WEAK   DEFAULT   13 _ZN11Probe_T0144ISt6vectorIiSaIiEEvE3runEv
    85: 0000000000001e60     6 FUNC    WEAK   DEFAULT   13 _Z12abi_identityIiEv9TypeTokenIT_E
    86: 0000000000001e70    13 FUNC    WEAK   DEFAULT   13 _Z6actualIiEPKcv
    87: 00000000000079b8    16 OBJECT  WEAK   DEFAULT   20 _ZTI9TypeTokenIiE
    88: 0000000000001e80    64 FUNC    WEAK   DEFAULT   13 _ZNKSt9type_info4nameEv
    89: 0000000000000000     0 OBJECT  GLOBAL DEFAULT  UND _ZTIi
    90: 0000000000001ec0     6 FUNC    WEAK   DEFAULT   13 _Z12abi_identityIlEv9TypeTokenIT_E
    91: 0000000000001ed0    13 FUNC    WEAK   DEFAULT   13 _Z6actualIlEPKcv
    92: 00000000000079c8    16 OBJECT  WEAK   DEFAULT   20 _ZTI9TypeTokenIlE
    93: 0000000000000000     0 OBJECT  GLOBAL DEFAULT  UND _ZTIl
    94: 0000000000001ee0     6 FUNC    WEAK   DEFAULT   13 _Z12abi_identityIxEv9TypeTokenIT_E
    95: 0000000000001ef0    13 FUNC    WEAK   DEFAULT   13 _Z6actualIxEPKcv
    96: 00000000000079d8    16 OBJECT  WEAK   DEFAULT   20 _ZTI9TypeTokenIxE
    97: 0000000000000000     0 OBJECT  GLOBAL DEFAULT  UND _ZTIx
    98: 0000000000001f00     6 FUNC    WEAK   DEFAULT   13 _Z12abi_identityIRKlEv9TypeTokenIT_E
    99: 0000000000001f10    13 FUNC    WEAK   DEFAULT   13 _Z6actualIRKlEPKcv
   100: 00000000000079e8    16 OBJECT  WEAK   DEFAULT   20 _ZTI9TypeTokenIRKlE
   101: 0000000000001f20   119 FUNC    WEAK   DEFAULT   13 _Z4emitISt16reverse_iteratorIN9__gnu_cxx17__normal_iteratorIPDsNSt7__cxx1112basic_stringIDsSt11char_traitsIDsESaIDsEEEEEEEvPKc
   102: 0000000000001fc0   119 FUNC    WEAK   DEFAULT   13 _Z4emitISt16reverse_iteratorIN9__gnu_cxx17__normal_iteratorIPKDsNSt7__cxx1112basic_stringIDsSt11char_traitsIDsESaIDsEEEEEEEvPKc
   103: 0000000000002060     6 FUNC    WEAK   DEFAULT   13 _Z12abi_identityIKmEv9TypeTokenIT_E
   104: 0000000000002070    13 FUNC    WEAK   DEFAULT   13 _Z6actualIKmEPKcv
   105: 0000000000007a68    16 OBJECT  WEAK   DEFAULT   20 _ZTI9TypeTokenIKmE
   106: 0000000000000000     0 OBJECT  GLOBAL DEFAULT  UND _ZTIm
   107: 0000000000002080   119 FUNC    WEAK   DEFAULT   13 _Z4emitImEvPKc
   108: 0000000000002120   119 FUNC    WEAK   DEFAULT   13 _Z4emitIPDiEvPKc
   109: 00000000000021c0   119 FUNC    WEAK   DEFAULT   13 _Z4emitIPKDiEvPKc
   110: 0000000000002260   119 FUNC    WEAK   DEFAULT   13 _Z4emitIRDiEvPKc
   111: 0000000000002300   119 FUNC    WEAK   DEFAULT   13 _Z4emitIRKDiEvPKc
   112: 00000000000023a0   119 FUNC    WEAK   DEFAULT   13 _Z4emitIDiEvPKc
   113: 0000000000002440   119 FUNC    WEAK   DEFAULT   13 _Z4emitIN9__gnu_cxx17__normal_iteratorIPDiNSt7__cxx1112basic_stringIDiSt11char_traitsIDiESaIDiEEEEEEvPKc
   114: 00000000000024e0   119 FUNC    WEAK   DEFAULT   13 _Z4emitIN9__gnu_cxx17__normal_iteratorIPKDiNSt7__cxx1112basic_stringIDiSt11char_traitsIDiESaIDiEEEEEEvPKc
   115: 0000000000002580   119 FUNC    WEAK   DEFAULT   13 _Z4emitISt16reverse_iteratorIN9__gnu_cxx17__normal_iteratorIPDiNSt7__cxx1112basic_stringIDiSt11char_traitsIDiESaIDiEEEEEEEvPKc
   116: 0000000000002620   119 FUNC    WEAK   DEFAULT   13 _Z4emitISt16reverse_iteratorIN9__gnu_cxx17__normal_iteratorIPKDiNSt7__cxx1112basic_stringIDiSt11char_traitsIDiESaIDiEEEEEEEvPKc
   117: 00000000000026c0   119 FUNC    WEAK   DEFAULT   13 _Z4emitIPcEvPKc
   118: 0000000000002760   119 FUNC    WEAK   DEFAULT   13 _Z4emitIPKcEvS1_
   119: 0000000000002800   119 FUNC    WEAK   DEFAULT   13 _Z4emitIRcEvPKc
   120: 00000000000028a0   119 FUNC    WEAK   DEFAULT   13 _Z4emitIRKcEvPS0_
   121: 0000000000002940   119 FUNC    WEAK   DEFAULT   13 _Z4emitIcEvPKc
   122: 00000000000029e0   119 FUNC    WEAK   DEFAULT   13 _Z4emitISt16reverse_iteratorIPKcEEvS2_
   123: 0000000000002a80   119 FUNC    WEAK   DEFAULT   13 _Z4emitIPwEvPKc
   124: 0000000000002b20   119 FUNC    WEAK   DEFAULT   13 _Z4emitIPKwEvPKc
   125: 0000000000002bc0   119 FUNC    WEAK   DEFAULT   13 _Z4emitIRwEvPKc
   126: 0000000000002c60   119 FUNC    WEAK   DEFAULT   13 _Z4emitIRKwEvPKc
   127: 0000000000002d00   119 FUNC    WEAK   DEFAULT   13 _Z4emitIwEvPKc
   128: 0000000000002da0   119 FUNC    WEAK   DEFAULT   13 _Z4emitISt16reverse_iteratorIPKwEEvPKc
   129: 0000000000002e40   119 FUNC    WEAK   DEFAULT   13 _Z4emitIPiEvPKc
   130: 0000000000002ee0   119 FUNC    WEAK   DEFAULT   13 _Z4emitIPKiEvPKc
   131: 0000000000002f80   119 FUNC    WEAK   DEFAULT   13 _Z4emitIRiEvPKc
   132: 0000000000003020   119 FUNC    WEAK   DEFAULT   13 _Z4emitIRKiEvPKc
   133: 00000000000030c0   119 FUNC    WEAK   DEFAULT   13 _Z4emitIN9__gnu_cxx17__normal_iteratorIPiSt6vectorIiSaIiEEEEEvPKc
   134: 0000000000003160   119 FUNC    WEAK   DEFAULT   13 _Z4emitIN9__gnu_cxx17__normal_iteratorIPKiSt6vectorIiSaIiEEEEEvPKc
   135: 0000000000001fa0     6 FUNC    WEAK   DEFAULT   13 _Z12abi_identityISt16reverse_iteratorIN9__gnu_cxx17__normal_iteratorIPDsNSt7__cxx1112basic_stringIDsSt11char_traitsIDsESaIDsEEEEEEEv9TypeTokenIT_E
   136: 0000000000001fb0    13 FUNC    WEAK   DEFAULT   13 _Z6actualISt16reverse_iteratorIN9__gnu_cxx17__normal_iteratorIPDsNSt7__cxx1112basic_stringIDsSt11char_traitsIDsESaIDsEEEEEEEPKcv
   137: 00000000000079f8    16 OBJECT  WEAK   DEFAULT   20 _ZTI9TypeTokenISt16reverse_iteratorIN9__gnu_cxx17__normal_iteratorIPDsNSt7__cxx1112basic_stringIDsSt11char_traitsIDsESaIDsEEEEEEE
   138: 0000000000007a08    24 OBJECT  WEAK   DEFAULT   20 _ZTISt16reverse_iteratorIN9__gnu_cxx17__normal_iteratorIPDsNSt7__cxx1112basic_stringIDsSt11char_traitsIDsESaIDsEEEEEE
   139: 0000000000002040     6 FUNC    WEAK   DEFAULT   13 _Z12abi_identityISt16reverse_iteratorIN9__gnu_cxx17__normal_iteratorIPKDsNSt7__cxx1112basic_stringIDsSt11char_traitsIDsESaIDsEEEEEEEv9TypeTokenIT_E
   140: 0000000000002050    13 FUNC    WEAK   DEFAULT   13 _Z6actualISt16reverse_iteratorIN9__gnu_cxx17__normal_iteratorIPKDsNSt7__cxx1112basic_stringIDsSt11char_traitsIDsESaIDsEEEEEEEPKcv
   141: 0000000000007a30    16 OBJECT  WEAK   DEFAULT   20 _ZTI9TypeTokenISt16reverse_iteratorIN9__gnu_cxx17__normal_iteratorIPKDsNSt7__cxx1112basic_stringIDsSt11char_traitsIDsESaIDsEEEEEEE
   142: 0000000000007a40    24 OBJECT  WEAK   DEFAULT   20 _ZTISt16reverse_iteratorIN9__gnu_cxx17__normal_iteratorIPKDsNSt7__cxx1112basic_stringIDsSt11char_traitsIDsESaIDsEEEEEE
   143: 0000000000002100     6 FUNC    WEAK   DEFAULT   13 _Z12abi_identityImEv9TypeTokenIT_E
   144: 0000000000002110    13 FUNC    WEAK   DEFAULT   13 _Z6actualImEPKcv
   145: 0000000000007a78    16 OBJECT  WEAK   DEFAULT   20 _ZTI9TypeTokenImE
   146: 00000000000021a0     6 FUNC    WEAK   DEFAULT   13 _Z12abi_identityIPDiEv9TypeTokenIT_E
   147: 00000000000021b0    13 FUNC    WEAK   DEFAULT   13 _Z6actualIPDiEPKcv
   148: 0000000000007a88    16 OBJECT  WEAK   DEFAULT   20 _ZTI9TypeTokenIPDiE
   149: 0000000000000000     0 OBJECT  GLOBAL DEFAULT  UND _ZTIPDi
   150: 0000000000002240     6 FUNC    WEAK   DEFAULT   13 _Z12abi_identityIPKDiEv9TypeTokenIT_E
   151: 0000000000002250    13 FUNC    WEAK   DEFAULT   13 _Z6actualIPKDiEPKcv
   152: 0000000000007a98    16 OBJECT  WEAK   DEFAULT   20 _ZTI9TypeTokenIPKDiE
   153: 0000000000000000     0 OBJECT  GLOBAL DEFAULT  UND _ZTIPKDi
   154: 00000000000022e0     6 FUNC    WEAK   DEFAULT   13 _Z12abi_identityIRDiEv9TypeTokenIT_E
   155: 00000000000022f0    13 FUNC    WEAK   DEFAULT   13 _Z6actualIRDiEPKcv
   156: 0000000000007aa8    16 OBJECT  WEAK   DEFAULT   20 _ZTI9TypeTokenIRDiE
   157: 0000000000000000     0 OBJECT  GLOBAL DEFAULT  UND _ZTIDi
   158: 0000000000002380     6 FUNC    WEAK   DEFAULT   13 _Z12abi_identityIRKDiEv9TypeTokenIT_E
   159: 0000000000002390    13 FUNC    WEAK   DEFAULT   13 _Z6actualIRKDiEPKcv
   160: 0000000000007ab8    16 OBJECT  WEAK   DEFAULT   20 _ZTI9TypeTokenIRKDiE
   161: 0000000000002420     6 FUNC    WEAK   DEFAULT   13 _Z12abi_identityIDiEv9TypeTokenIT_E
   162: 0000000000002430    13 FUNC    WEAK   DEFAULT   13 _Z6actualIDiEPKcv
   163: 0000000000007ac8    16 OBJECT  WEAK   DEFAULT   20 _ZTI9TypeTokenIDiE
   164: 00000000000024c0     6 FUNC    WEAK   DEFAULT   13 _Z12abi_identityIN9__gnu_cxx17__normal_iteratorIPDiNSt7__cxx1112basic_stringIDiSt11char_traitsIDiESaIDiEEEEEEv9TypeTokenIT_E
   165: 00000000000024d0    13 FUNC    WEAK   DEFAULT   13 _Z6actualIN9__gnu_cxx17__normal_iteratorIPDiNSt7__cxx1112basic_stringIDiSt11char_traitsIDiESaIDiEEEEEEPKcv
   166: 0000000000007ad8    16 OBJECT  WEAK   DEFAULT   20 _ZTI9TypeTokenIN9__gnu_cxx17__normal_iteratorIPDiNSt7__cxx1112basic_stringIDiSt11char_traitsIDiESaIDiEEEEEE
   167: 0000000000007ae8    16 OBJECT  WEAK   DEFAULT   20 _ZTIN9__gnu_cxx17__normal_iteratorIPDiNSt7__cxx1112basic_stringIDiSt11char_traitsIDiESaIDiEEEEE
   168: 0000000000002560     6 FUNC    WEAK   DEFAULT   13 _Z12abi_identityIN9__gnu_cxx17__normal_iteratorIPKDiNSt7__cxx1112basic_stringIDiSt11char_traitsIDiESaIDiEEEEEEv9TypeTokenIT_E
   169: 0000000000002570    13 FUNC    WEAK   DEFAULT   13 _Z6actualIN9__gnu_cxx17__normal_iteratorIPKDiNSt7__cxx1112basic_stringIDiSt11char_traitsIDiESaIDiEEEEEEPKcv
   170: 0000000000007af8    16 OBJECT  WEAK   DEFAULT   20 _ZTI9TypeTokenIN9__gnu_cxx17__normal_iteratorIPKDiNSt7__cxx1112basic_stringIDiSt11char_traitsIDiESaIDiEEEEEE
   171: 0000000000007b08    16 OBJECT  WEAK   DEFAULT   20 _ZTIN9__gnu_cxx17__normal_iteratorIPKDiNSt7__cxx1112basic_stringIDiSt11char_traitsIDiESaIDiEEEEE
   172: 0000000000002600     6 FUNC    WEAK   DEFAULT   13 _Z12abi_identityISt16reverse_iteratorIN9__gnu_cxx17__normal_iteratorIPDiNSt7__cxx1112basic_stringIDiSt11char_traitsIDiESaIDiEEEEEEEv9TypeTokenIT_E
   173: 0000000000002610    13 FUNC    WEAK   DEFAULT   13 _Z6actualISt16reverse_iteratorIN9__gnu_cxx17__normal_iteratorIPDiNSt7__cxx1112basic_stringIDiSt11char_traitsIDiESaIDiEEEEEEEPKcv
   174: 0000000000007b18    16 OBJECT  WEAK   DEFAULT   20 _ZTI9TypeTokenISt16reverse_iteratorIN9__gnu_cxx17__normal_iteratorIPDiNSt7__cxx1112basic_stringIDiSt11char_traitsIDiESaIDiEEEEEEE
   175: 0000000000007b28    24 OBJECT  WEAK   DEFAULT   20 _ZTISt16reverse_iteratorIN9__gnu_cxx17__normal_iteratorIPDiNSt7__cxx1112basic_stringIDiSt11char_traitsIDiESaIDiEEEEEE
   176: 00000000000026a0     6 FUNC    WEAK   DEFAULT   13 _Z12abi_identityISt16reverse_iteratorIN9__gnu_cxx17__normal_iteratorIPKDiNSt7__cxx1112basic_stringIDiSt11char_traitsIDiESaIDiEEEEEEEv9TypeTokenIT_E
   177: 00000000000026b0    13 FUNC    WEAK   DEFAULT   13 _Z6actualISt16reverse_iteratorIN9__gnu_cxx17__normal_iteratorIPKDiNSt7__cxx1112basic_stringIDiSt11char_traitsIDiESaIDiEEEEEEEPKcv
   178: 0000000000007b50    16 OBJECT  WEAK   DEFAULT   20 _ZTI9TypeTokenISt16reverse_iteratorIN9__gnu_cxx17__normal_iteratorIPKDiNSt7__cxx1112basic_stringIDiSt11char_traitsIDiESaIDiEEEEEEE
   179: 0000000000007b60    24 OBJECT  WEAK   DEFAULT   20 _ZTISt16reverse_iteratorIN9__gnu_cxx17__normal_iteratorIPKDiNSt7__cxx1112basic_stringIDiSt11char_traitsIDiESaIDiEEEEEE
   180: 0000000000002740     6 FUNC    WEAK   DEFAULT   13 _Z12abi_identityIPcEv9TypeTokenIT_E
   181: 0000000000002750    13 FUNC    WEAK   DEFAULT   13 _Z6actualIPcEPKcv
   182: 0000000000007b88    16 OBJECT  WEAK   DEFAULT   20 _ZTI9TypeTokenIPcE
   183: 0000000000000000     0 OBJECT  GLOBAL DEFAULT  UND _ZTIPc
   184: 00000000000027e0     6 FUNC    WEAK   DEFAULT   13 _Z12abi_identityIPKcEv9TypeTokenIT_E
   185: 00000000000027f0    13 FUNC    WEAK   DEFAULT   13 _Z6actualIPKcES1_v
   186: 0000000000007b98    16 OBJECT  WEAK   DEFAULT   20 _ZTI9TypeTokenIPKcE
   187: 0000000000000000     0 OBJECT  GLOBAL DEFAULT  UND _ZTIPKc
   188: 0000000000002880     6 FUNC    WEAK   DEFAULT   13 _Z12abi_identityIRcEv9TypeTokenIT_E
   189: 0000000000002890    13 FUNC    WEAK   DEFAULT   13 _Z6actualIRcEPKcv
   190: 0000000000007ba8    16 OBJECT  WEAK   DEFAULT   20 _ZTI9TypeTokenIRcE
   191: 0000000000000000     0 OBJECT  GLOBAL DEFAULT  UND _ZTIc
   192: 0000000000002920     6 FUNC    WEAK   DEFAULT   13 _Z12abi_identityIRKcEv9TypeTokenIT_E
   193: 0000000000002930    13 FUNC    WEAK   DEFAULT   13 _Z6actualIRKcEPS0_v
   194: 0000000000007bb8    16 OBJECT  WEAK   DEFAULT   20 _ZTI9TypeTokenIRKcE
   195: 00000000000029c0     6 FUNC    WEAK   DEFAULT   13 _Z12abi_identityIcEv9TypeTokenIT_E
   196: 00000000000029d0    13 FUNC    WEAK   DEFAULT   13 _Z6actualIcEPKcv
   197: 0000000000007bc8    16 OBJECT  WEAK   DEFAULT   20 _ZTI9TypeTokenIcE
   198: 0000000000002a60     6 FUNC    WEAK   DEFAULT   13 _Z12abi_identityISt16reverse_iteratorIPKcEEv9TypeTokenIT_E
   199: 0000000000002a70    13 FUNC    WEAK   DEFAULT   13 _Z6actualISt16reverse_iteratorIPKcEES2_v
   200: 0000000000007bd8    16 OBJECT  WEAK   DEFAULT   20 _ZTI9TypeTokenISt16reverse_iteratorIPKcEE
   201: 0000000000007be8    24 OBJECT  WEAK   DEFAULT   20 _ZTISt16reverse_iteratorIPKcE
   202: 0000000000002b00     6 FUNC    WEAK   DEFAULT   13 _Z12abi_identityIPwEv9TypeTokenIT_E
   203: 0000000000002b10    13 FUNC    WEAK   DEFAULT   13 _Z6actualIPwEPKcv
   204: 0000000000007c10    16 OBJECT  WEAK   DEFAULT   20 _ZTI9TypeTokenIPwE
   205: 0000000000000000     0 OBJECT  GLOBAL DEFAULT  UND _ZTIPw
   206: 0000000000002ba0     6 FUNC    WEAK   DEFAULT   13 _Z12abi_identityIPKwEv9TypeTokenIT_E
   207: 0000000000002bb0    13 FUNC    WEAK   DEFAULT   13 _Z6actualIPKwEPKcv
   208: 0000000000007c20    16 OBJECT  WEAK   DEFAULT   20 _ZTI9TypeTokenIPKwE
   209: 0000000000000000     0 OBJECT  GLOBAL DEFAULT  UND _ZTIPKw
   210: 0000000000002c40     6 FUNC    WEAK   DEFAULT   13 _Z12abi_identityIRwEv9TypeTokenIT_E
   211: 0000000000002c50    13 FUNC    WEAK   DEFAULT   13 _Z6actualIRwEPKcv
   212: 0000000000007c30    16 OBJECT  WEAK   DEFAULT   20 _ZTI9TypeTokenIRwE
   213: 0000000000000000     0 OBJECT  GLOBAL DEFAULT  UND _ZTIw
   214: 0000000000002ce0     6 FUNC    WEAK   DEFAULT   13 _Z12abi_identityIRKwEv9TypeTokenIT_E
   215: 0000000000002cf0    13 FUNC    WEAK   DEFAULT   13 _Z6actualIRKwEPKcv
   216: 0000000000007c40    16 OBJECT  WEAK   DEFAULT   20 _ZTI9TypeTokenIRKwE
   217: 0000000000002d80     6 FUNC    WEAK   DEFAULT   13 _Z12abi_identityIwEv9TypeTokenIT_E
   218: 0000000000002d90    13 FUNC    WEAK   DEFAULT   13 _Z6actualIwEPKcv
   219: 0000000000007c50    16 OBJECT  WEAK   DEFAULT   20 _ZTI9TypeTokenIwE
   220: 0000000000002e20     6 FUNC    WEAK   DEFAULT   13 _Z12abi_identityISt16reverse_iteratorIPKwEEv9TypeTokenIT_E
   221: 0000000000002e30    13 FUNC    WEAK   DEFAULT   13 _Z6actualISt16reverse_iteratorIPKwEEPKcv
   222: 0000000000007c60    16 OBJECT  WEAK   DEFAULT   20 _ZTI9TypeTokenISt16reverse_iteratorIPKwEE
   223: 0000000000007c70    24 OBJECT  WEAK   DEFAULT   20 _ZTISt16reverse_iteratorIPKwE
   224: 0000000000002ec0     6 FUNC    WEAK   DEFAULT   13 _Z12abi_identityIPiEv9TypeTokenIT_E
   225: 0000000000002ed0    13 FUNC    WEAK   DEFAULT   13 _Z6actualIPiEPKcv
   226: 0000000000007c98    16 OBJECT  WEAK   DEFAULT   20 _ZTI9TypeTokenIPiE
   227: 0000000000000000     0 OBJECT  GLOBAL DEFAULT  UND _ZTIPi
   228: 0000000000002f60     6 FUNC    WEAK   DEFAULT   13 _Z12abi_identityIPKiEv9TypeTokenIT_E
   229: 0000000000002f70    13 FUNC    WEAK   DEFAULT   13 _Z6actualIPKiEPKcv
   230: 0000000000007ca8    16 OBJECT  WEAK   DEFAULT   20 _ZTI9TypeTokenIPKiE
   231: 0000000000000000     0 OBJECT  GLOBAL DEFAULT  UND _ZTIPKi
   232: 0000000000003000     6 FUNC    WEAK   DEFAULT   13 _Z12abi_identityIRiEv9TypeTokenIT_E
   233: 0000000000003010    13 FUNC    WEAK   DEFAULT   13 _Z6actualIRiEPKcv
   234: 0000000000007cb8    16 OBJECT  WEAK   DEFAULT   20 _ZTI9TypeTokenIRiE
   235: 00000000000030a0     6 FUNC    WEAK   DEFAULT   13 _Z12abi_identityIRKiEv9TypeTokenIT_E
   236: 00000000000030b0    13 FUNC    WEAK   DEFAULT   13 _Z6actualIRKiEPKcv
   237: 0000000000007cc8    16 OBJECT  WEAK   DEFAULT   20 _ZTI9TypeTokenIRKiE
   238: 0000000000003140     6 FUNC    WEAK   DEFAULT   13 _Z12abi_identityIN9__gnu_cxx17__normal_iteratorIPiSt6vectorIiSaIiEEEEEv9TypeTokenIT_E
   239: 0000000000003150    13 FUNC    WEAK   DEFAULT   13 _Z6actualIN9__gnu_cxx17__normal_iteratorIPiSt6vectorIiSaIiEEEEEPKcv
   240: 0000000000007cd8    16 OBJECT  WEAK   DEFAULT   20 _ZTI9TypeTokenIN9__gnu_cxx17__normal_iteratorIPiSt6vectorIiSaIiEEEEE
   241: 0000000000007ce8    16 OBJECT  WEAK   DEFAULT   20 _ZTIN9__gnu_cxx17__normal_iteratorIPiSt6vectorIiSaIiEEEE
   242: 00000000000031e0     6 FUNC    WEAK   DEFAULT   13 _Z12abi_identityIN9__gnu_cxx17__normal_iteratorIPKiSt6vectorIiSaIiEEEEEv9TypeTokenIT_E
   243: 00000000000031f0    13 FUNC    WEAK   DEFAULT   13 _Z6actualIN9__gnu_cxx17__normal_iteratorIPKiSt6vectorIiSaIiEEEEEPKcv
   244: 0000000000007cf8    16 OBJECT  WEAK   DEFAULT   20 _ZTI9TypeTokenIN9__gnu_cxx17__normal_iteratorIPKiSt6vectorIiSaIiEEEEE
   245: 0000000000007d08    16 OBJECT  WEAK   DEFAULT   20 _ZTIN9__gnu_cxx17__normal_iteratorIPKiSt6vectorIiSaIiEEEE
   246: 0000000000000000     0 OBJECT  GLOBAL DEFAULT  UND _ZTVN10__cxxabiv117__class_type_infoE
   247: 0000000000003b30    14 OBJECT  WEAK   DEFAULT   15 _ZTS9TypeTokenIiE
   248: 0000000000003b3e    14 OBJECT  WEAK   DEFAULT   15 _ZTS9TypeTokenIlE
   249: 0000000000003b4c    14 OBJECT  WEAK   DEFAULT   15 _ZTS9TypeTokenIxE
   250: 0000000000003b5a    16 OBJECT  WEAK   DEFAULT   15 _ZTS9TypeTokenIRKlE
   251: 0000000000003b6a   126 OBJECT  WEAK   DEFAULT   15 _ZTS9TypeTokenISt16reverse_iteratorIN9__gnu_cxx17__normal_iteratorIPDsNSt7__cxx1112basic_stringIDsSt11char_traitsIDsESaIDsEEEEEEE
   252: 0000000000000000     0 OBJECT  GLOBAL DEFAULT  UND _ZTVN10__cxxabiv120__si_class_type_infoE
   253: 0000000000003be8   114 OBJECT  WEAK   DEFAULT   15 _ZTSSt16reverse_iteratorIN9__gnu_cxx17__normal_iteratorIPDsNSt7__cxx1112basic_stringIDsSt11char_traitsIDsESaIDsEEEEEE
   254: 0000000000007a20    16 OBJECT  WEAK   DEFAULT   20 _ZTISt8iteratorISt26random_access_iterator_tagDslPDsRDsE
   255: 0000000000003c5a    53 OBJECT  WEAK   DEFAULT   15 _ZTSSt8iteratorISt26random_access_iterator_tagDslPDsRDsE
   256: 0000000000003c8f   127 OBJECT  WEAK   DEFAULT   15 _ZTS9TypeTokenISt16reverse_iteratorIN9__gnu_cxx17__normal_iteratorIPKDsNSt7__cxx1112basic_stringIDsSt11char_traitsIDsESaIDsEEEEEEE
   257: 0000000000003d0e   115 OBJECT  WEAK   DEFAULT   15 _ZTSSt16reverse_iteratorIN9__gnu_cxx17__normal_iteratorIPKDsNSt7__cxx1112basic_stringIDsSt11char_traitsIDsESaIDsEEEEEE
   258: 0000000000007a58    16 OBJECT  WEAK   DEFAULT   20 _ZTISt8iteratorISt26random_access_iterator_tagDslPKDsRS1_E
   259: 0000000000003d81    55 OBJECT  WEAK   DEFAULT   15 _ZTSSt8iteratorISt26random_access_iterator_tagDslPKDsRS1_E
   260: 0000000000003db8    15 OBJECT  WEAK   DEFAULT   15 _ZTS9TypeTokenIKmE
   261: 0000000000003dc7    14 OBJECT  WEAK   DEFAULT   15 _ZTS9TypeTokenImE
   262: 0000000000003dd5    16 OBJECT  WEAK   DEFAULT   15 _ZTS9TypeTokenIPDiE
   263: 0000000000003de5    17 OBJECT  WEAK   DEFAULT   15 _ZTS9TypeTokenIPKDiE
   264: 0000000000003df6    16 OBJECT  WEAK   DEFAULT   15 _ZTS9TypeTokenIRDiE
   265: 0000000000003e06    17 OBJECT  WEAK   DEFAULT   15 _ZTS9TypeTokenIRKDiE
   266: 0000000000003e17    15 OBJECT  WEAK   DEFAULT   15 _ZTS9TypeTokenIDiE
   267: 0000000000003e26   104 OBJECT  WEAK   DEFAULT   15 _ZTS9TypeTokenIN9__gnu_cxx17__normal_iteratorIPDiNSt7__cxx1112basic_stringIDiSt11char_traitsIDiESaIDiEEEEEE
   268: 0000000000003e8e    92 OBJECT  WEAK   DEFAULT   15 _ZTSN9__gnu_cxx17__normal_iteratorIPDiNSt7__cxx1112basic_stringIDiSt11char_traitsIDiESaIDiEEEEE
   269: 0000000000003eea   105 OBJECT  WEAK   DEFAULT   15 _ZTS9TypeTokenIN9__gnu_cxx17__normal_iteratorIPKDiNSt7__cxx1112basic_stringIDiSt11char_traitsIDiESaIDiEEEEEE
   270: 0000000000003f53    93 OBJECT  WEAK   DEFAULT   15 _ZTSN9__gnu_cxx17__normal_iteratorIPKDiNSt7__cxx1112basic_stringIDiSt11char_traitsIDiESaIDiEEEEE
   271: 0000000000003fb0   126 OBJECT  WEAK   DEFAULT   15 _ZTS9TypeTokenISt16reverse_iteratorIN9__gnu_cxx17__normal_iteratorIPDiNSt7__cxx1112basic_stringIDiSt11char_traitsIDiESaIDiEEEEEEE
   272: 000000000000402e   114 OBJECT  WEAK   DEFAULT   15 _ZTSSt16reverse_iteratorIN9__gnu_cxx17__normal_iteratorIPDiNSt7__cxx1112basic_stringIDiSt11char_traitsIDiESaIDiEEEEEE
   273: 0000000000007b40    16 OBJECT  WEAK   DEFAULT   20 _ZTISt8iteratorISt26random_access_iterator_tagDilPDiRDiE
   274: 00000000000040a0    53 OBJECT  WEAK   DEFAULT   15 _ZTSSt8iteratorISt26random_access_iterator_tagDilPDiRDiE
   275: 00000000000040d5   127 OBJECT  WEAK   DEFAULT   15 _ZTS9TypeTokenISt16reverse_iteratorIN9__gnu_cxx17__normal_iteratorIPKDiNSt7__cxx1112basic_stringIDiSt11char_traitsIDiESaIDiEEEEEEE
   276: 0000000000004154   115 OBJECT  WEAK   DEFAULT   15 _ZTSSt16reverse_iteratorIN9__gnu_cxx17__normal_iteratorIPKDiNSt7__cxx1112basic_stringIDiSt11char_traitsIDiESaIDiEEEEEE
   277: 0000000000007b78    16 OBJECT  WEAK   DEFAULT   20 _ZTISt8iteratorISt26random_access_iterator_tagDilPKDiRS1_E
   278: 00000000000041c7    55 OBJECT  WEAK   DEFAULT   15 _ZTSSt8iteratorISt26random_access_iterator_tagDilPKDiRS1_E
   279: 00000000000041fe    15 OBJECT  WEAK   DEFAULT   15 _ZTS9TypeTokenIPcE
   280: 000000000000420d    16 OBJECT  WEAK   DEFAULT   15 _ZTS9TypeTokenIPKcE
   281: 000000000000421d    15 OBJECT  WEAK   DEFAULT   15 _ZTS9TypeTokenIRcE
   282: 000000000000422c    16 OBJECT  WEAK   DEFAULT   15 _ZTS9TypeTokenIRKcE
   283: 000000000000423c    14 OBJECT  WEAK   DEFAULT   15 _ZTS9TypeTokenIcE
   284: 000000000000424a    38 OBJECT  WEAK   DEFAULT   15 _ZTS9TypeTokenISt16reverse_iteratorIPKcEE
   285: 0000000000004270    26 OBJECT  WEAK   DEFAULT   15 _ZTSSt16reverse_iteratorIPKcE
   286: 0000000000007c00    16 OBJECT  WEAK   DEFAULT   20 _ZTISt8iteratorISt26random_access_iterator_tagclPKcRS1_E
   287: 000000000000428a    53 OBJECT  WEAK   DEFAULT   15 _ZTSSt8iteratorISt26random_access_iterator_tagclPKcRS1_E
   288: 00000000000042bf    15 OBJECT  WEAK   DEFAULT   15 _ZTS9TypeTokenIPwE
   289: 00000000000042ce    16 OBJECT  WEAK   DEFAULT   15 _ZTS9TypeTokenIPKwE
   290: 00000000000042de    15 OBJECT  WEAK   DEFAULT   15 _ZTS9TypeTokenIRwE
   291: 00000000000042ed    16 OBJECT  WEAK   DEFAULT   15 _ZTS9TypeTokenIRKwE
   292: 00000000000042fd    14 OBJECT  WEAK   DEFAULT   15 _ZTS9TypeTokenIwE
   293: 000000000000430b    38 OBJECT  WEAK   DEFAULT   15 _ZTS9TypeTokenISt16reverse_iteratorIPKwEE
   294: 0000000000004331    26 OBJECT  WEAK   DEFAULT   15 _ZTSSt16reverse_iteratorIPKwE
   295: 0000000000007c88    16 OBJECT  WEAK   DEFAULT   20 _ZTISt8iteratorISt26random_access_iterator_tagwlPKwRS1_E
   296: 000000000000434b    53 OBJECT  WEAK   DEFAULT   15 _ZTSSt8iteratorISt26random_access_iterator_tagwlPKwRS1_E
   297: 0000000000004380    15 OBJECT  WEAK   DEFAULT   15 _ZTS9TypeTokenIPiE
   298: 000000000000438f    16 OBJECT  WEAK   DEFAULT   15 _ZTS9TypeTokenIPKiE
   299: 000000000000439f    15 OBJECT  WEAK   DEFAULT   15 _ZTS9TypeTokenIRiE
   300: 00000000000043ae    16 OBJECT  WEAK   DEFAULT   15 _ZTS9TypeTokenIRKiE
   301: 00000000000043be    65 OBJECT  WEAK   DEFAULT   15 _ZTS9TypeTokenIN9__gnu_cxx17__normal_iteratorIPiSt6vectorIiSaIiEEEEE
   302: 00000000000043ff    53 OBJECT  WEAK   DEFAULT   15 _ZTSN9__gnu_cxx17__normal_iteratorIPiSt6vectorIiSaIiEEEE
   303: 0000000000004434    66 OBJECT  WEAK   DEFAULT   15 _ZTS9TypeTokenIN9__gnu_cxx17__normal_iteratorIPKiSt6vectorIiSaIiEEEEE
   304: 0000000000004476    54 OBJECT  WEAK   DEFAULT   15 _ZTSN9__gnu_cxx17__normal_iteratorIPKiSt6vectorIiSaIiEEEE
