memory_basis=[('MemTotal', 33072918528)]
RLIMIT_AS_bytes=9921875558; parallelism=1; nice=19; ionice=3

Symbol table '.dynsym' contains 8 entries:
   Num:    Value          Size Type    Bind   Vis      Ndx Name
     0: 0000000000000000     0 NOTYPE  LOCAL  DEFAULT  UND 
     1: 0000000000000000     0 FUNC    GLOBAL DEFAULT  UND __libc_start_main@GLIBC_2.34 (2)
     2: 0000000000000000     0 NOTYPE  WEAK   DEFAULT  UND __gmon_start__
     3: 0000000000000000     0 NOTYPE  WEAK   DEFAULT  UND _ITM_deregisterTMCloneTable
     4: 0000000000000000     0 NOTYPE  WEAK   DEFAULT  UND _ITM_registerTMCloneTable
     5: 0000000000000000     0 FUNC    WEAK   DEFAULT  UND __cxa_finalize@GLIBC_2.2.5 (3)
     6: 0000000000000000     0 FUNC    GLOBAL DEFAULT  UND printf@GLIBC_2.2.5 (3)
     7: 0000000000000000     0 OBJECT  GLOBAL DEFAULT  UND _ZTVN10__cxxabiv117__class_type_infoE@CXXABI_1.3 (4)

Symbol table '.symtab' contains 172 entries:
   Num:    Value          Size Type    Bind   Vis      Ndx Name
     0: 0000000000000000     0 NOTYPE  LOCAL  DEFAULT  UND 
     1: 0000000000000000     0 FILE    LOCAL  DEFAULT  ABS abi-note.c
     2: 00000000000002b0    32 OBJECT  LOCAL  DEFAULT    3 __abi_tag
     3: 0000000000000000     0 FILE    LOCAL  DEFAULT  ABS init.c
     4: 0000000000000000     0 FILE    LOCAL  DEFAULT  ABS crtstuff.c
     5: 0000000000005020     0 OBJECT  LOCAL  DEFAULT   25 __TMC_LIST__
     6: 00000000000009d0     0 FUNC    LOCAL  DEFAULT   13 deregister_tm_clones
     7: 0000000000000a00     0 FUNC    LOCAL  DEFAULT   13 register_tm_clones
     8: 0000000000000a40     0 FUNC    LOCAL  DEFAULT   13 __do_global_dtors_aux
     9: 0000000000005020     1 OBJECT  LOCAL  DEFAULT   26 completed.0
    10: 0000000000004c60     0 OBJECT  LOCAL  DEFAULT   18 __do_global_dtors_aux_fini_array_entry
    11: 0000000000000a80     0 FUNC    LOCAL  DEFAULT   13 frame_dummy
    12: 0000000000004c68     0 OBJECT  LOCAL  DEFAULT   19 __frame_dummy_init_array_entry
    13: 0000000000000000     0 FILE    LOCAL  DEFAULT  ABS gnu_8edd9bd5d6921862.cpp
    14: 0000000000000000     0 FILE    LOCAL  DEFAULT  ABS crtstuff.c
    15: 0000000000003100     0 OBJECT  LOCAL  DEFAULT   16 __FRAME_END__
    16: 0000000000000958     0 FUNC    LOCAL  HIDDEN    11 _init
    17: 0000000000001bb0     0 FUNC    LOCAL  HIDDEN    14 _fini
    18: 0000000000005018     0 OBJECT  LOCAL  HIDDEN    24 __dso_handle
    19: 0000000000005020     0 OBJECT  LOCAL  HIDDEN    25 __TMC_END__
    20: 0000000000004d90   560 OBJECT  LOCAL  HIDDEN    21 _DYNAMIC
    21: 0000000000004fe8    40 OBJECT  LOCAL  HIDDEN    23 _GLOBAL_OFFSET_TABLE_
    22: 0000000000005021     0 NOTYPE  GLOBAL DEFAULT   18 _end
    23: 0000000000005020     0 NOTYPE  GLOBAL DEFAULT   18 __bss_start
    24: 0000000000005020     0 NOTYPE  GLOBAL DEFAULT   18 _edata
    25: 00000000000009a0    34 FUNC    GLOBAL DEFAULT   13 _start
    26: 0000000000000a90   324 FUNC    GLOBAL DEFAULT   13 main
    27: 0000000000005010     0 NOTYPE  WEAK   DEFAULT   24 data_start
    28: 0000000000001bbc     4 OBJECT  GLOBAL DEFAULT   15 _IO_stdin_used
    29: 0000000000000000     0 FUNC    GLOBAL DEFAULT  UND __libc_start_main
    30: 0000000000005010     0 NOTYPE  GLOBAL DEFAULT   24 __data_start
    31: 0000000000000000     0 NOTYPE  WEAK   DEFAULT  UND __gmon_start__
    32: 0000000000000000     0 NOTYPE  WEAK   DEFAULT  UND _ITM_deregisterTMCloneTable
    33: 0000000000000000     0 NOTYPE  WEAK   DEFAULT  UND _ITM_registerTMCloneTable
    34: 0000000000000000     0 FUNC    WEAK   DEFAULT  UND __cxa_finalize
    35: 0000000000000be0    99 FUNC    WEAK   DEFAULT   13 _Z4emitIiEvPKc
    36: 0000000000000c50    99 FUNC    WEAK   DEFAULT   13 _Z4emitIlEvPKc
    37: 0000000000000cc0    99 FUNC    WEAK   DEFAULT   13 _Z4emitIxEvPKc
    38: 0000000000000d30    99 FUNC    WEAK   DEFAULT   13 _Z4emitIRKlEvPKc
    39: 0000000000000da0    18 FUNC    WEAK   DEFAULT   13 _ZN11Probe_T0337ISt21front_insert_iteratorINSt7__cxx114listIiSaIiEEEEvE3runEv
    40: 0000000000000dc0    18 FUNC    WEAK   DEFAULT   13 _ZN11Probe_T0338ISt21front_insert_iteratorINSt7__cxx114listIiSaIiEEEEvE3runEv
    41: 0000000000000de0    18 FUNC    WEAK   DEFAULT   13 _ZN11Probe_T0339ISt21front_insert_iteratorINSt7__cxx114listIiSaIiEEEEvE3runEv
    42: 0000000000000e00    18 FUNC    WEAK   DEFAULT   13 _ZN11Probe_T0340ISt15insert_iteratorISt6vectorIiSaIiEEEvE3runEv
    43: 0000000000000e20    18 FUNC    WEAK   DEFAULT   13 _ZN11Probe_T0341ISt15insert_iteratorISt6vectorIiSaIiEEEvE3runEv
    44: 0000000000000e40    18 FUNC    WEAK   DEFAULT   13 _ZN11Probe_T0342ISt15insert_iteratorISt6vectorIiSaIiEEEvE3runEv
    45: 0000000000000e60    18 FUNC    WEAK   DEFAULT   13 _ZN11Probe_T0343ISt15insert_iteratorISt6vectorIiSaIiEEEvE3runEv
    46: 0000000000000e80    18 FUNC    WEAK   DEFAULT   13 _ZN11Probe_T0344ISt15insert_iteratorISt6vectorIiSaIiEEEvE3runEv
    47: 0000000000000ea0    18 FUNC    WEAK   DEFAULT   13 _ZN11Probe_T0345ISt16istream_iteratorIicSt11char_traitsIcElEvE3runEv
    48: 0000000000000ec0    18 FUNC    WEAK   DEFAULT   13 _ZN11Probe_T0346ISt16istream_iteratorIicSt11char_traitsIcElEvE3runEv
    49: 0000000000000ee0    18 FUNC    WEAK   DEFAULT   13 _ZN11Probe_T0347ISt16istream_iteratorIicSt11char_traitsIcElEvE3runEv
    50: 0000000000000f00    18 FUNC    WEAK   DEFAULT   13 _ZN11Probe_T0348ISt16istream_iteratorIicSt11char_traitsIcElEvE3runEv
    51: 0000000000000f20    18 FUNC    WEAK   DEFAULT   13 _ZN11Probe_T0349ISt16istream_iteratorIicSt11char_traitsIcElEvE3runEv
    52: 0000000000000f40    18 FUNC    WEAK   DEFAULT   13 _ZN11Probe_T0350ISt16ostream_iteratorIicSt11char_traitsIcEEvE3runEv
    53: 0000000000000f60    18 FUNC    WEAK   DEFAULT   13 _ZN11Probe_T0351ISt16ostream_iteratorIicSt11char_traitsIcEEvE3runEv
    54: 0000000000000f80    18 FUNC    WEAK   DEFAULT   13 _ZN11Probe_T0352ISt16ostream_iteratorIicSt11char_traitsIcEEvE3runEv
    55: 0000000000000fa0    18 FUNC    WEAK   DEFAULT   13 _ZN11Probe_T0353ISt16ostream_iteratorIicSt11char_traitsIcEEvE3runEv
    56: 0000000000000fc0    18 FUNC    WEAK   DEFAULT   13 _ZN11Probe_T0354ISt16ostream_iteratorIicSt11char_traitsIcEEvE3runEv
    57: 0000000000000fe0    18 FUNC    WEAK   DEFAULT   13 _ZN11Probe_T0355ISt19istreambuf_iteratorIcSt11char_traitsIcEEvE3runEv
    58: 0000000000001000    18 FUNC    WEAK   DEFAULT   13 _ZN11Probe_T0356ISt19istreambuf_iteratorIcSt11char_traitsIcEEvE3runEv
    59: 0000000000001020    18 FUNC    WEAK   DEFAULT   13 _ZN11Probe_T0357ISt19istreambuf_iteratorIcSt11char_traitsIcEEvE3runEv
    60: 0000000000001040    18 FUNC    WEAK   DEFAULT   13 _ZN11Probe_T0358ISt19istreambuf_iteratorIcSt11char_traitsIcEEvE3runEv
    61: 0000000000001060    18 FUNC    WEAK   DEFAULT   13 _ZN11Probe_T0359ISt19istreambuf_iteratorIcSt11char_traitsIcEEvE3runEv
    62: 0000000000001080    18 FUNC    WEAK   DEFAULT   13 _ZN11Probe_T0360ISt19ostreambuf_iteratorIcSt11char_traitsIcEEvE3runEv
    63: 00000000000010a0    18 FUNC    WEAK   DEFAULT   13 _ZN11Probe_T0361ISt19ostreambuf_iteratorIcSt11char_traitsIcEEvE3runEv
    64: 00000000000010c0    18 FUNC    WEAK   DEFAULT   13 _ZN11Probe_T0362ISt19ostreambuf_iteratorIcSt11char_traitsIcEEvE3runEv
    65: 00000000000010e0    18 FUNC    WEAK   DEFAULT   13 _ZN11Probe_T0363ISt19ostreambuf_iteratorIcSt11char_traitsIcEEvE3runEv
    66: 0000000000001100    18 FUNC    WEAK   DEFAULT   13 _ZN11Probe_T0364ISt19ostreambuf_iteratorIcSt11char_traitsIcEEvE3runEv
    67: 0000000000001120    18 FUNC    WEAK   DEFAULT   13 _ZN11Probe_T0365INSt6chrono3_V212system_clockEvE3runEv
    68: 0000000000001140    18 FUNC    WEAK   DEFAULT   13 _ZN11Probe_T0366INSt6chrono3_V212system_clockEvE3runEv
    69: 0000000000001160    18 FUNC    WEAK   DEFAULT   13 _ZN11Probe_T0367INSt6chrono3_V212system_clockEvE3runEv
    70: 0000000000001180    18 FUNC    WEAK   DEFAULT   13 _ZN11Probe_T0368INSt6chrono3_V212system_clockEvE3runEv
    71: 00000000000011a0    18 FUNC    WEAK   DEFAULT   13 _ZN11Probe_T0369INSt6chrono3_V212steady_clockEvE3runEv
    72: 00000000000011c0    18 FUNC    WEAK   DEFAULT   13 _ZN11Probe_T0370INSt6chrono3_V212steady_clockEvE3runEv
    73: 00000000000011e0    18 FUNC    WEAK   DEFAULT   13 _ZN11Probe_T0371INSt6chrono3_V212steady_clockEvE3runEv
    74: 0000000000001200    18 FUNC    WEAK   DEFAULT   13 _ZN11Probe_T0372INSt6chrono3_V212steady_clockEvE3runEv
    75: 0000000000001220    18 FUNC    WEAK   DEFAULT   13 _ZN11Probe_T0373INSt6chrono3_V212system_clockEvE3runEv
    76: 0000000000001240    18 FUNC    WEAK   DEFAULT   13 _ZN11Probe_T0374INSt6chrono3_V212system_clockEvE3runEv
    77: 0000000000001260    18 FUNC    WEAK   DEFAULT   13 _ZN11Probe_T0375INSt6chrono3_V212system_clockEvE3runEv
    78: 0000000000001280    18 FUNC    WEAK   DEFAULT   13 _ZN11Probe_T0376INSt6chrono3_V212system_clockEvE3runEv
    79: 00000000000012a0    99 FUNC    WEAK   DEFAULT   13 _Z4emitINSt6chrono8durationIlSt5ratioILl1ELl1000000000EEEEEvPKc
    80: 0000000000001310    18 FUNC    WEAK   DEFAULT   13 _ZN11Probe_T0378INSt6chrono8durationIlSt5ratioILl1ELl1000000000EEEEvE3runEv
    81: 0000000000001330    99 FUNC    WEAK   DEFAULT   13 _Z4emitINSt6chrono8durationIlSt5ratioILl1ELl1000000EEEEEvPKc
    82: 00000000000013a0    18 FUNC    WEAK   DEFAULT   13 _ZN11Probe_T0380INSt6chrono8durationIlSt5ratioILl1ELl1000000EEEEvE3runEv
    83: 00000000000013c0    99 FUNC    WEAK   DEFAULT   13 _Z4emitINSt6chrono8durationIlSt5ratioILl1ELl1000EEEEEvPKc
    84: 0000000000001430    18 FUNC    WEAK   DEFAULT   13 _ZN11Probe_T0382INSt6chrono8durationIlSt5ratioILl1ELl1000EEEEvE3runEv
    85: 0000000000001450    99 FUNC    WEAK   DEFAULT   13 _Z4emitINSt6chrono8durationIlSt5ratioILl1ELl1EEEEEvPKc
    86: 00000000000014c0    18 FUNC    WEAK   DEFAULT   13 _ZN11Probe_T0384INSt6chrono8durationIlSt5ratioILl1ELl1EEEEvE3runEv
    87: 00000000000014e0     6 FUNC    WEAK   DEFAULT   13 _Z12abi_identityIiEv9TypeTokenIT_E
    88: 00000000000014f0    13 FUNC    WEAK   DEFAULT   13 _Z6actualIiEPKcv
    89: 0000000000004c70    16 OBJECT  WEAK   DEFAULT   20 _ZTI9TypeTokenIiE
    90: 0000000000001500    64 FUNC    WEAK   DEFAULT   13 _ZNKSt9type_info4nameEv
    91: 0000000000000000     0 FUNC    GLOBAL DEFAULT  UND printf
    92: 0000000000001540     6 FUNC    WEAK   DEFAULT   13 _Z12abi_identityIlEv9TypeTokenIT_E
    93: 0000000000001550    13 FUNC    WEAK   DEFAULT   13 _Z6actualIlEPKcv
    94: 0000000000004c80    16 OBJECT  WEAK   DEFAULT   20 _ZTI9TypeTokenIlE
    95: 0000000000001560     6 FUNC    WEAK   DEFAULT   13 _Z12abi_identityIxEv9TypeTokenIT_E
    96: 0000000000001570    13 FUNC    WEAK   DEFAULT   13 _Z6actualIxEPKcv
    97: 0000000000004c90    16 OBJECT  WEAK   DEFAULT   20 _ZTI9TypeTokenIxE
    98: 0000000000001580     6 FUNC    WEAK   DEFAULT   13 _Z12abi_identityIRKlEv9TypeTokenIT_E
    99: 0000000000001590    13 FUNC    WEAK   DEFAULT   13 _Z6actualIRKlEPKcv
   100: 0000000000004ca0    16 OBJECT  WEAK   DEFAULT   20 _ZTI9TypeTokenIRKlE
   101: 00000000000015a0    91 FUNC    WEAK   DEFAULT   13 _Z4emitIvEvPKc
   102: 0000000000001620    99 FUNC    WEAK   DEFAULT   13 _Z4emitISt19output_iterator_tagEvPKc
   103: 00000000000016b0    99 FUNC    WEAK   DEFAULT   13 _Z4emitIPKiEvPKc
   104: 0000000000001740    99 FUNC    WEAK   DEFAULT   13 _Z4emitIRKiEvPKc
   105: 00000000000017d0    99 FUNC    WEAK   DEFAULT   13 _Z4emitISt18input_iterator_tagEvPKc
   106: 0000000000001860    99 FUNC    WEAK   DEFAULT   13 _Z4emitIcEvPKc
   107: 00000000000018f0    99 FUNC    WEAK   DEFAULT   13 _Z4emitIPcEvPKc
   108: 0000000000001980    99 FUNC    WEAK   DEFAULT   13 _Z4emitISt5ratioILl1ELl1000000000EEEvPKc
   109: 0000000000001a10    99 FUNC    WEAK   DEFAULT   13 _Z4emitINSt6chrono10time_pointINS0_3_V212system_clockENS0_8durationIlSt5ratioILl1ELl1000000000EEEEEEEvPKc
   110: 0000000000001aa0    99 FUNC    WEAK   DEFAULT   13 _Z4emitINSt6chrono10time_pointINS0_3_V212steady_clockENS0_8durationIlSt5ratioILl1ELl1000000000EEEEEEEvPKc
   111: 0000000000001b30     6 FUNC    WEAK   DEFAULT   13 _Z12abi_identityINSt6chrono8durationIlSt5ratioILl1ELl1000000000EEEEEv9TypeTokenIT_E
   112: 0000000000001b40    13 FUNC    WEAK   DEFAULT   13 _Z6actualINSt6chrono8durationIlSt5ratioILl1ELl1000000000EEEEEPKcv
   113: 0000000000004d50    16 OBJECT  WEAK   DEFAULT   20 _ZTI9TypeTokenINSt6chrono8durationIlSt5ratioILl1ELl1000000000EEEEE
   114: 0000000000001b50     6 FUNC    WEAK   DEFAULT   13 _Z12abi_identityINSt6chrono8durationIlSt5ratioILl1ELl1000000EEEEEv9TypeTokenIT_E
   115: 0000000000001b60    13 FUNC    WEAK   DEFAULT   13 _Z6actualINSt6chrono8durationIlSt5ratioILl1ELl1000000EEEEEPKcv
   116: 0000000000004d60    16 OBJECT  WEAK   DEFAULT   20 _ZTI9TypeTokenINSt6chrono8durationIlSt5ratioILl1ELl1000000EEEEE
   117: 0000000000001b70     6 FUNC    WEAK   DEFAULT   13 _Z12abi_identityINSt6chrono8durationIlSt5ratioILl1ELl1000EEEEEv9TypeTokenIT_E
   118: 0000000000001b80    13 FUNC    WEAK   DEFAULT   13 _Z6actualINSt6chrono8durationIlSt5ratioILl1ELl1000EEEEEPKcv
   119: 0000000000004d70    16 OBJECT  WEAK   DEFAULT   20 _ZTI9TypeTokenINSt6chrono8durationIlSt5ratioILl1ELl1000EEEEE
   120: 0000000000001b90     6 FUNC    WEAK   DEFAULT   13 _Z12abi_identityINSt6chrono8durationIlSt5ratioILl1ELl1EEEEEv9TypeTokenIT_E
   121: 0000000000001ba0    13 FUNC    WEAK   DEFAULT   13 _Z6actualINSt6chrono8durationIlSt5ratioILl1ELl1EEEEEPKcv
   122: 0000000000004d80    16 OBJECT  WEAK   DEFAULT   20 _ZTI9TypeTokenINSt6chrono8durationIlSt5ratioILl1ELl1EEEEE
   123: 0000000000001600     6 FUNC    WEAK   DEFAULT   13 _Z12abi_identityIvEv9TypeTokenIT_E
   124: 0000000000001610    13 FUNC    WEAK   DEFAULT   13 _Z6actualIvEPKcv
   125: 0000000000004cb0    16 OBJECT  WEAK   DEFAULT   20 _ZTI9TypeTokenIvE
   126: 0000000000001690     6 FUNC    WEAK   DEFAULT   13 _Z12abi_identityISt19output_iterator_tagEv9TypeTokenIT_E
   127: 00000000000016a0    13 FUNC    WEAK   DEFAULT   13 _Z6actualISt19output_iterator_tagEPKcv
   128: 0000000000004cc0    16 OBJECT  WEAK   DEFAULT   20 _ZTI9TypeTokenISt19output_iterator_tagE
   129: 0000000000001720     6 FUNC    WEAK   DEFAULT   13 _Z12abi_identityIPKiEv9TypeTokenIT_E
   130: 0000000000001730    13 FUNC    WEAK   DEFAULT   13 _Z6actualIPKiEPKcv
   131: 0000000000004cd0    16 OBJECT  WEAK   DEFAULT   20 _ZTI9TypeTokenIPKiE
   132: 00000000000017b0     6 FUNC    WEAK   DEFAULT   13 _Z12abi_identityIRKiEv9TypeTokenIT_E
   133: 00000000000017c0    13 FUNC    WEAK   DEFAULT   13 _Z6actualIRKiEPKcv
   134: 0000000000004ce0    16 OBJECT  WEAK   DEFAULT   20 _ZTI9TypeTokenIRKiE
   135: 0000000000001840     6 FUNC    WEAK   DEFAULT   13 _Z12abi_identityISt18input_iterator_tagEv9TypeTokenIT_E
   136: 0000000000001850    13 FUNC    WEAK   DEFAULT   13 _Z6actualISt18input_iterator_tagEPKcv
   137: 0000000000004cf0    16 OBJECT  WEAK   DEFAULT   20 _ZTI9TypeTokenISt18input_iterator_tagE
   138: 00000000000018d0     6 FUNC    WEAK   DEFAULT   13 _Z12abi_identityIcEv9TypeTokenIT_E
   139: 00000000000018e0    13 FUNC    WEAK   DEFAULT   13 _Z6actualIcEPKcv
   140: 0000000000004d00    16 OBJECT  WEAK   DEFAULT   20 _ZTI9TypeTokenIcE
   141: 0000000000001960     6 FUNC    WEAK   DEFAULT   13 _Z12abi_identityIPcEv9TypeTokenIT_E
   142: 0000000000001970    13 FUNC    WEAK   DEFAULT   13 _Z6actualIPcEPKcv
   143: 0000000000004d10    16 OBJECT  WEAK   DEFAULT   20 _ZTI9TypeTokenIPcE
   144: 00000000000019f0     6 FUNC    WEAK   DEFAULT   13 _Z12abi_identityISt5ratioILl1ELl1000000000EEEv9TypeTokenIT_E
   145: 0000000000001a00    13 FUNC    WEAK   DEFAULT   13 _Z6actualISt5ratioILl1ELl1000000000EEEPKcv
   146: 0000000000004d20    16 OBJECT  WEAK   DEFAULT   20 _ZTI9TypeTokenISt5ratioILl1ELl1000000000EEE
   147: 0000000000001a80     6 FUNC    WEAK   DEFAULT   13 _Z12abi_identityINSt6chrono10time_pointINS0_3_V212system_clockENS0_8durationIlSt5ratioILl1ELl1000000000EEEEEEEv9TypeTokenIT_E
   148: 0000000000001a90    13 FUNC    WEAK   DEFAULT   13 _Z6actualINSt6chrono10time_pointINS0_3_V212system_clockENS0_8durationIlSt5ratioILl1ELl1000000000EEEEEEEPKcv
   149: 0000000000004d30    16 OBJECT  WEAK   DEFAULT   20 _ZTI9TypeTokenINSt6chrono10time_pointINS0_3_V212system_clockENS0_8durationIlSt5ratioILl1ELl1000000000EEEEEEE
   150: 0000000000001b10     6 FUNC    WEAK   DEFAULT   13 _Z12abi_identityINSt6chrono10time_pointINS0_3_V212steady_clockENS0_8durationIlSt5ratioILl1ELl1000000000EEEEEEEv9TypeTokenIT_E
   151: 0000000000001b20    13 FUNC    WEAK   DEFAULT   13 _Z6actualINSt6chrono10time_pointINS0_3_V212steady_clockENS0_8durationIlSt5ratioILl1ELl1000000000EEEEEEEPKcv
   152: 0000000000004d40    16 OBJECT  WEAK   DEFAULT   20 _ZTI9TypeTokenINSt6chrono10time_pointINS0_3_V212steady_clockENS0_8durationIlSt5ratioILl1ELl1000000000EEEEEEE
   153: 0000000000000000     0 OBJECT  GLOBAL DEFAULT  UND _ZTVN10__cxxabiv117__class_type_infoE
   154: 0000000000002160    14 OBJECT  WEAK   DEFAULT   15 _ZTS9TypeTokenIiE
   155: 000000000000216e    14 OBJECT  WEAK   DEFAULT   15 _ZTS9TypeTokenIlE
   156: 000000000000217c    14 OBJECT  WEAK   DEFAULT   15 _ZTS9TypeTokenIxE
   157: 000000000000218a    16 OBJECT  WEAK   DEFAULT   15 _ZTS9TypeTokenIRKlE
   158: 000000000000219a    14 OBJECT  WEAK   DEFAULT   15 _ZTS9TypeTokenIvE
   159: 00000000000021a8    36 OBJECT  WEAK   DEFAULT   15 _ZTS9TypeTokenISt19output_iterator_tagE
   160: 00000000000021cc    16 OBJECT  WEAK   DEFAULT   15 _ZTS9TypeTokenIPKiE
   161: 00000000000021dc    16 OBJECT  WEAK   DEFAULT   15 _ZTS9TypeTokenIRKiE
   162: 00000000000021ec    35 OBJECT  WEAK   DEFAULT   15 _ZTS9TypeTokenISt18input_iterator_tagE
   163: 000000000000220f    14 OBJECT  WEAK   DEFAULT   15 _ZTS9TypeTokenIcE
   164: 000000000000221d    15 OBJECT  WEAK   DEFAULT   15 _ZTS9TypeTokenIPcE
   165: 000000000000222c    40 OBJECT  WEAK   DEFAULT   15 _ZTS9TypeTokenISt5ratioILl1ELl1000000000EEE
   166: 0000000000002254   105 OBJECT  WEAK   DEFAULT   15 _ZTS9TypeTokenINSt6chrono10time_pointINS0_3_V212system_clockENS0_8durationIlSt5ratioILl1ELl1000000000EEEEEEE
   167: 00000000000022bd   105 OBJECT  WEAK   DEFAULT   15 _ZTS9TypeTokenINSt6chrono10time_pointINS0_3_V212steady_clockENS0_8durationIlSt5ratioILl1ELl1000000000EEEEEEE
   168: 0000000000002326    63 OBJECT  WEAK   DEFAULT   15 _ZTS9TypeTokenINSt6chrono8durationIlSt5ratioILl1ELl1000000000EEEEE
   169: 0000000000002365    60 OBJECT  WEAK   DEFAULT   15 _ZTS9TypeTokenINSt6chrono8durationIlSt5ratioILl1ELl1000000EEEEE
   170: 00000000000023a1    57 OBJECT  WEAK   DEFAULT   15 _ZTS9TypeTokenINSt6chrono8durationIlSt5ratioILl1ELl1000EEEEE
   171: 00000000000023da    54 OBJECT  WEAK   DEFAULT   15 _ZTS9TypeTokenINSt6chrono8durationIlSt5ratioILl1ELl1EEEEE
