VARIANT=baseline
HOST_LIBCXX_SHA256=d293b1a3bed8a4114b5a7c30d3732a4299a52221fd7cc7d5aada9a369899a737
HOST_LIBCXXABI_SHA256=58b8bcc8ffe95b78bb1a3d5951efe9507ddf44400fe3e6ad8debeed09a93b374
UID        PID  PPID  C STIME TTY          TIME CMD
root         1     0  0 Aug20 ?        00:01:48 /sbin/init
root         2     0  0 Aug20 ?        00:00:01 [kthreadd]
root         3     2  0 Aug20 ?        00:00:00 [pool_workqueue_release]
root         4     2  0 Aug20 ?        00:00:00 [kworker/R-kvfree_rcu_reclaim]
root         5     2  0 Aug20 ?        00:00:00 [kworker/R-rcu_gp]
root         6     2  0 Aug20 ?        00:00:00 [kworker/R-sync_wq]
root         7     2  0 Aug20 ?        00:00:00 [kworker/R-slub_flushwq]
root         8     2  0 Aug20 ?        00:00:00 [kworker/R-netns]
root        13     2  0 Aug20 ?        00:00:00 [kworker/R-mm_percpu_wq]
root        14     2  0 Aug20 ?        00:00:00 [rcu_tasks_rude_kthread]
root        15     2  0 Aug20 ?        00:00:00 [rcu_tasks_trace_kthread]
root        16     2  0 Aug20 ?        00:00:23 [ksoftirqd/0]
root        17     2  0 Aug20 ?        00:03:46 [rcu_sched]
root        18     2  0 Aug20 ?        00:00:00 [rcu_exp_par_gp_kthread_worker/0
root        19     2  0 Aug20 ?        00:00:00 [rcu_exp_gp_kthread_worker]
root        20     2  0 Aug20 ?        00:00:00 [migration/0]
root        21     2  0 Aug20 ?        00:00:00 [cpuhp/0]
root        22     2  0 Aug20 ?        00:00:00 [cpuhp/1]
root        23     2  0 Aug20 ?        00:00:00 [migration/1]
root        24     2  0 Aug20 ?        00:00:22 [ksoftirqd/1]
root        27     2  0 Aug20 ?        00:00:00 [cpuhp/2]
root        28     2  0 Aug20 ?        00:00:00 [migration/2]
root        29     2  0 Aug20 ?        00:00:20 [ksoftirqd/2]
root        32     2  0 Aug20 ?        00:00:00 [cpuhp/3]
root        33     2  0 Aug20 ?        00:00:00 [migration/3]
root        34     2  0 Aug20 ?        00:00:21 [ksoftirqd/3]
root        41     2  0 Aug20 ?        00:00:00 [kdevtmpfs]
root        42     2  0 Aug20 ?        00:00:00 [kworker/R-inet_frag_wq]
root        43     2  0 Aug20 ?        00:00:00 [kauditd]
root        44     2  0 Aug20 ?        00:00:00 [khungtaskd]
root        45     2  0 Aug20 ?        00:00:00 [oom_reaper]
root        47     2  0 Aug20 ?        00:00:00 [kworker/R-writeback]
root        48     2  0 Aug20 ?        00:02:41 [kcompactd0]
root        49     2  0 Aug20 ?        00:00:00 [kworker/R-cryptd]
root        50     2  0 Aug20 ?        00:00:00 [kworker/R-kblockd]
root        51     2  0 Aug20 ?        00:00:00 [kworker/R-blkcg_punt_bio]
root        55     2  0 Aug20 ?        00:00:00 [watchdogd]
root        58     2  0 Aug20 ?        00:00:00 [kworker/R-rpciod]
root        59     2  0 Aug20 ?        00:00:00 [kworker/R-xprtiod]
root        61     2  0 Aug20 ?        00:00:00 [kworker/R-cfg80211]
root        62     2  0 Aug20 ?        00:00:09 [kswapd0]
root        63     2  0 Aug20 ?        00:00:00 [kworker/R-nfsiod]
root        64     2  0 Aug20 ?        00:00:00 [kworker/u21:0-hci0]
root        65     2  0 Aug20 ?        00:00:00 [kworker/u22:0]
root        66     2  0 Aug20 ?        00:00:00 [kworker/u23:0]
root        67     2  0 Aug20 ?        00:00:00 [kworker/u24:0]
root        68     2  0 Aug20 ?        00:00:00 [kworker/u25:0]
root        69     2  0 Aug20 ?        00:00:00 [kworker/R-kthrotld]
root        76     2  0 Aug20 ?        00:00:00 [hwrng]
root        77     2  0 Aug20 ?        00:00:00 [kworker/R-iscsi_conn_cleanup]
root        80     2  0 Aug20 ?        00:00:00 [kworker/R-uas]
root        82     2  0 Aug20 ?        00:00:00 [kworker/R-dm_bufio_cache]
root        83     2  0 Aug20 ?        00:40:23 [sugov:0]
root        84     2  0 Aug20 ?        00:00:00 [vchiq-slot/0]
root        85     2  0 Aug20 ?        00:00:00 [vchiq-recy/0]
root        86     2  0 Aug20 ?        00:00:00 [vchiq-sync/0]
root        87     2  0 Aug20 ?        00:00:00 [vchiq-keep/0]
root        91     2  0 Aug20 ?        00:00:00 [SMIO]
root        92     2  0 Aug20 ?        00:00:00 [kworker/R-mmal-vchiq]
root        93     2  0 Aug20 ?        00:00:00 [kworker/R-mmal-vchiq]
root        94     2  0 Aug20 ?        00:00:00 [kworker/R-mmal-vchiq]
root        95     2  0 Aug20 ?        00:00:00 [kworker/R-mmal-vchiq]
root        96     2  0 Aug20 ?        00:00:00 [kworker/R-mmal-vchiq]
root        97     2  0 Aug20 ?        00:00:00 [kworker/R-mmal-vchiq]
root        98     2  0 Aug20 ?        00:00:00 [kworker/R-mmal-vchiq]
root        99     2  0 Aug20 ?        00:00:00 [kworker/R-mld]
root       100     2  0 Aug20 ?        00:00:00 [kworker/R-ipv6_addrconf]
root       102     2  0 Aug20 ?        00:00:00 [krfcommd]
root       105     2  0 Aug20 ?        00:00:00 [irq/54-vc4 hdmi hpd connected]
root       106     2  0 Aug20 ?        00:00:00 [irq/55-vc4 hdmi hpd disconnecte
root       107     2  0 Aug20 ?        00:00:00 [cec-vc4-hdmi-0]
root       108     2  0 Aug20 ?        00:00:00 [irq/56-vc4 hdmi cec rx]
root       109     2  0 Aug20 ?        00:00:00 [irq/57-vc4 hdmi cec tx]
root       110     2  0 Aug20 ?        00:00:00 [irq/58-vc4 hdmi hpd connected]
root       111     2  0 Aug20 ?        00:00:00 [irq/59-vc4 hdmi hpd disconnecte
root       112     2  0 Aug20 ?        00:00:00 [cec-vc4-hdmi-1]
root       113     2  0 Aug20 ?        00:00:00 [irq/60-vc4 hdmi cec rx]
root       114     2  0 Aug20 ?        00:00:00 [irq/61-vc4 hdmi cec tx]
root       115     2  0 Aug20 ?        00:00:00 [card0-crtc0]
root       116     2  0 Aug20 ?        00:00:00 [card0-crtc1]
root       117     2  0 Aug20 ?        00:00:00 [card0-crtc2]
root       118     2  0 Aug20 ?        00:00:00 [card0-crtc3]
root       119     2  0 Aug20 ?        00:00:00 [card0-crtc4]
root       120     2  0 Aug20 ?        00:00:00 [card0-crtc5]
root       121     2  0 Aug20 ?        00:00:00 [kworker/R-sdhci]
root       122     2  0 Aug20 ?        00:00:09 [irq/68-mmc0]
root       123     2  0 Aug20 ?        00:00:00 [kworker/R-v3d_bin]
root       124     2  0 Aug20 ?        00:00:00 [kworker/R-v3d_render]
root       126     2  0 Aug20 ?        00:00:00 [kworker/R-v3d_tfu]
root       127     2  0 Aug20 ?        00:00:00 [kworker/R-v3d_csd]
root       128     2  0 Aug20 ?        00:00:00 [kworker/R-v3d_cache_clean]
root       129     2  0 Aug20 ?        00:00:00 [kworker/R-v3d_cpu]
root       170     2  0 Aug20 ?        00:00:00 [kworker/R-mmc_complete]
root       190     2  0 Aug20 ?        00:00:00 [jbd2/mmcblk0p6-8]
root       191     2  0 Aug20 ?        00:00:00 [kworker/R-ext4-rsv-conversion]
root       225     2  0 Aug20 ?        00:00:00 [jbd2/mmcblk0p2-8]
root       226     2  0 Aug20 ?        00:00:00 [kworker/R-ext4-rsv-conversion]
root       230     2  0 Aug20 ?        00:00:29 [jbd2/mmcblk0p3-8]
root       231     2  0 Aug20 ?        00:00:00 [kworker/R-ext4-rsv-conversion]
root       233     2  0 Aug20 ?        00:00:00 [jbd2/mmcblk0p10-8]
root       234     2  0 Aug20 ?        00:00:00 [kworker/R-ext4-rsv-conversion]
root       273     2  0 Aug20 ?        00:00:00 [jbd2/mmcblk0p9-8]
root       274     2  0 Aug20 ?        00:00:00 [kworker/R-ext4-rsv-conversion]
root       277     1  0 Aug20 ?        00:00:05 /usr/lib/systemd/systemd-journal
root       282     2  0 Aug20 ?        00:00:12 [f2fs_ckpt-179:5]
root       283     2  0 Aug20 ?        00:00:00 [f2fs_flush-179:5]
root       284     2  0 Aug20 ?        00:00:02 [f2fs_discard-179:5]
root       302     2  0 Aug20 ?        00:01:01 [f2fs_gc-179:5]
root       319     1  0 Aug20 ?        00:00:02 /usr/lib/systemd/systemd-udevd
root       386     2  0 Aug20 ?        00:00:00 [kworker/u21:1-hci0]
root       388     1  0 Aug20 ?        00:00:00 /usr/bin/hal/hal-backend-service
root       402     1  0 Aug20 ?        00:00:00 /usr/sbin/actd
buxton     404     1  0 Aug20 ?        00:11:34 /usr/sbin/buxton2d -f
key-man+   407     1  0 Aug20 ?        00:00:13 /usr/bin/key-manager
app_fw     408     1  0 Aug20 ?        00:01:06 /usr/bin/esd
app_fw     410     1  0 Aug20 ?        00:00:00 /usr/bin/pkginfo-server
root       411     1  0 Aug20 ?        00:00:13 /usr/bin/resourced
log        412     1  0 Aug20 ?        00:20:44 /usr/bin/dlog_logger
sensor     438     1  0 Aug20 ?        00:00:00 /usr/bin/sensord
app_fw     439     1  0 Aug20 ?        00:02:49 /usr/bin/amd
cynara     441     1  0 Aug20 ?        00:00:30 /usr/bin/cynara
dbus       442     1  0 Aug20 ?        00:08:39 /usr/bin/dbus-daemon --system --
root       445     1  0 Aug20 ?        00:00:50 /usr/bin/deviced
securit+   451     1  0 Aug20 ?        00:00:00 /usr/bin/license-manager-agent
multime+   452     1  0 Aug20 ?        00:00:04 /usr/bin/media-server
service+   465     1  0 Aug20 ?        00:01:49 /usr/bin/pushd
root       472     1  0 Aug20 ?        00:00:00 login -- root
stabili+   475     1  0 Aug20 ?        00:05:51 /usr/sbin/stability-monitor
network+   476     1  0 Aug20 ?        00:03:26 /usr/bin/net-config
root       494     1  0 Aug20 ?        01:48:43 /usr/bin/enlightenment
pulse      513     1  0 Aug20 ?        00:00:30 /usr/bin/pulseaudio
root       514     1  0 Aug20 ?        00:00:01 /usr/lib/systemd/systemd-logind
network+   518     1  0 Aug20 ?        00:00:08 /usr/bin/connmand -n --nobacktra
multime+   520     1  0 Aug20 ?        00:00:00 /usr/bin/rscmgr-service
root       559     2  0 Aug20 ?        00:05:14 [psimon]
service+   569     1  0 Aug20 ?        00:00:00 /usr/bin/contextd
root       571     2  0 Aug20 ?        00:00:00 [kworker/R-ext4-rsv-conversion]
root       595     1  0 Aug20 ?        00:00:38 /usr/bin/storaged
root       602     1  0 Aug20 ?        00:00:00 /usr/bin/update-manager
root       606     2  0 Aug20 ?        00:00:00 [kworker/R-ext4-rsv-conversion]
multime+   629     1  0 Aug20 ?        00:00:00 /usr/bin/focus_server -S
root       635     1  0 Aug20 ?        00:00:00 /usr/bin/tlm
root       644   635  0 Aug20 ?        00:00:00 /usr/bin/tlm-sessiond
owner      665     1  0 Aug20 ?        00:00:00 /usr/lib/systemd/systemd --user
owner      671   665  0 Aug20 ?        00:00:00 (sd-pam)
owner      686   644  0 Aug20 tty7     00:00:00 /bin/bash
owner      732   665  0 Aug20 ?        00:00:00 /usr/bin/isf
graphic+   741     1  0 Aug20 ?        00:12:35 bash /usr/bin/enlightenment_mon.
owner      747   665  0 Aug20 ?        00:00:00 /usr/bin/launchpad-process-pool
multime+   767     1  0 Aug20 ?        00:00:21 /usr/bin/muse-server -D
owner      791   747  0 Aug20 ?        00:05:13 /usr/apps/ise-default/bin/ise-de
location   809     1  0 Aug20 ?        00:00:02 /usr/bin/lbs-server
root       810     1  0 Aug20 ?        00:24:16 /usr/bin/pass
securit+   835     1  0 Aug20 ?        00:00:00 /usr/bin/security-manager
owner      842   665  0 Aug20 ?        00:00:00 /usr/bin/dbus-daemon --session -
owner      845   665  0 Aug20 ?        00:00:00 /usr/bin/starter
securit+   851   835  0 Aug20 ?        00:00:00 /usr/bin/security-manager
owner      863   747  0 Aug20 ?        00:00:01 /usr/bin/dotnet-hydra-loader 1 0
ui_fw      910     1  0 Aug20 ?        00:00:00 /usr/bin/ise-engine-loader
owner      919   747  0 Aug20 ?        00:04:25 /usr/apps/org.tizen.multi-assist
owner      921   747  2 Aug20 ?        04:01:36 /usr/apps/org.tizen.homescreen/b
owner      938   665  0 Aug20 ?        00:00:00 /usr/libexec/at-spi-bus-launcher
network+   960     1  0 Aug20 ?        00:04:02 /usr/bin/mtp-responder
sdk        961     1  0 Aug20 ?        00:13:13 /usr/sbin/sdbd
owner     1005   863  0 Aug20 ?        00:00:05 /usr/bin/dotnet-hydra-loader can
owner     1006   863  0 Aug20 ?        00:04:27 /usr/apps/org.tizen.systemui/bin
owner     1029   863  0 Aug20 ?        00:00:00 /usr/bin/process-pool <hydra-loa
app_fw    1030     1  0 Aug20 ?        00:00:00 /usr/bin/theme-provider
root      1642   472  0 Aug20 ttyS0    00:00:00 -bash
root      1933     2  0 20:30 ?        00:00:00 [kworker/2:2-events]
root      2322     2  0 20:31 ?        00:00:00 [kworker/0:2-events]
root      2421     2  0 04:07 ?        00:00:02 [kworker/u17:1-ext4-rsv-conversi
root      2775     2  0 20:31 ?        00:00:00 [kworker/1:2H-kblockd]
root      2786     2  0 20:31 ?        00:00:00 [kworker/3:0H-kblockd]
root      2805     2  0 20:41 ?        00:00:00 [kworker/1:1H-kblockd]
root      3479     2  0 20:32 ?        00:00:00 [kworker/u16:3-v3d_bin]
root      3917     2  0 20:42 ?        00:00:00 [kworker/1:1-mm_percpu_wq]
graphic+  4862   741  0 20:43 ?        00:00:00 sleep 3
root      4865     1  0 20:43 pts/0    00:00:00 /bin/sh -c ps -ef; printf '\n__R
root      4866  4865 99 20:43 pts/0    00:00:00 ps -ef
root      5354     2  0 19:51 ?        00:00:01 [kworker/u18:3-events_unbound]
root      7047     2  0 20:33 ?        00:00:00 [kworker/3:2-mm_percpu_wq]
root      8504     2  0 06:24 ?        00:00:00 [kworker/1:0H-kblockd]
sdk       8604     1  0 20:19 ?        00:00:00 /usr/sbin/sdbd-service 27  1
root      9552     2  0 15:57 ?        00:00:01 [kworker/u19:2-ext4-rsv-conversi
root     10223     2  0 17:55 ?        00:00:01 [kworker/u20:2-loop0]
nobody   10607     1  0 Aug25 ?        00:00:00 /usr/sbin/pacrunner
root     13909     2  0 19:56 ?        00:00:00 [kworker/u19:1-ext4-rsv-conversi
root     13910     2  0 19:56 ?        00:00:00 [kworker/2:1H-kblockd]
root     16308     2  0 19:45 ?        00:00:00 [kworker/u17:3-events_unbound]
root     19469     2  0 20:37 ?        00:00:00 [kworker/1:2-rcu_gp]
root     19497     2  0 20:23 ?        00:00:00 [kworker/2:1-mm_percpu_wq]
root     19578     2  0 20:23 ?        00:00:00 [kworker/u18:2-events_unbound]
root     22365     2  0 20:25 ?        00:00:00 [kworker/u20:1-events_unbound]
root     23046     2  0 01:30 ?        00:00:01 [kworker/u18:1-ext4-rsv-conversi
root     23049     2  0 20:25 ?        00:00:00 [kworker/1:0-events_freezable_pw
root     23651     2  0 20:38 ?        00:00:00 [kworker/0:0-rcu_gp]
root     23989     2  0 20:01 ?        00:00:00 [kworker/u20:3-ext4-rsv-conversi
root     24947     2  0 20:26 ?        00:00:00 [kworker/3:1-events_freezable_pw
root     25100     2  0 20:15 ?        00:00:00 [kworker/u19:3-kvfree_rcu_reclai
root     25121     2  0 20:38 ?        00:00:00 [kworker/u17:0-flush-179:0]
root     25122     2  0 20:38 ?        00:00:00 [kworker/2:0H-kblockd]
root     25148     2  0 20:02 ?        00:00:01 [kworker/0:1H-kblockd]
root     25808     2  0 20:27 ?        00:00:00 [kworker/u16:2-v3d_bin]
root     25835     2  0 20:39 ?        00:00:00 [kworker/3:0]
root     26349     2  0 20:27 ?        00:00:00 [kworker/0:0H-kblockd]
root     26784     2  0 20:39 ?        00:00:00 [kworker/3:2H-kblockd]
root     26837     2  0 20:39 ?        00:00:00 [kworker/u16:1-v3d_tfu]
root     26899     2  0 18:55 ?        00:00:01 [kworker/u16:0-v3d_render]
root     30351     2  0 05:47 ?        00:00:00 [kworker/3:1H-kblockd]
root     32547     2  0 20:41 ?        00:00:00 [kworker/2:0-events]

__R77_DF__
Filesystem           1K-blocks      Used Available Use% Mounted on
/dev/mmcblk0p5       116404224  26183664  90220560  23% /opt/usr

__R77_ROOT__
ABSENT
WARNING: Your data are to be sent over an unencrypted connection and could be read by others.
pushed                  libc++.so.1.0	  0%	      0KB	    0KB/spushed                  libc++.so.1.0	100%	   5524KB	    0KB/s
1 file(s) pushed. 0 file(s) skipped.
/home/toolchain/development/libc++_replacement/tmp/R68/build-baseline-armv7l/libcxx/test-suite-install/lib/libc++.so.1.0   7333KB/s (5656584 bytes in 0.753s)
WARNING: Your data are to be sent over an unencrypted connection and could be read by others.
pushed               libc++abi.so.1.0	  0%	      0KB	    0KB/spushed               libc++abi.so.1.0	100%	   1070KB	    0KB/s
1 file(s) pushed. 0 file(s) skipped.
/home/toolchain/development/libc++_replacement/tmp/R68/build-baseline-armv7l/libcxx/test-suite-install/lib/libc++abi.so.1.0   3573KB/s (1095920 bytes in 0.299s)
d293b1a3bed8a4114b5a7c30d3732a4299a52221fd7cc7d5aada9a369899a737  libc++.so.1.0
58b8bcc8ffe95b78bb1a3d5951efe9507ddf44400fe3e6ad8debeed09a93b374  libc++abi.so.1.0
REMOTE_LIBCXX_SHA256=d293b1a3bed8a4114b5a7c30d3732a4299a52221fd7cc7d5aada9a369899a737
REMOTE_LIBCXXABI_SHA256=58b8bcc8ffe95b78bb1a3d5951efe9507ddf44400fe3e6ad8debeed09a93b374
RESULT=PASS
