progress/R77/code/__pycache__/aggregate_lit_results.cpython-310.pyc	4799
progress/R77/code/__pycache__/prepare_test_batches.cpython-310.pyc	4348
progress/R77/code/__pycache__/run_arm_batches.cpython-310.pyc	5840
progress/R77/code/__pycache__/sdb_executor.cpython-310.pyc	7237
progress/R77/code/__pycache__/summarize_lit_result.cpython-310.pyc	1604
progress/R77/code/aggregate_lit_results.py	4842
progress/R77/code/analyze_completed_prefix.py	2497
progress/R77/code/armv7l_lit_host_clangxx.sh	672
progress/R77/code/cleanup_board.sh	1161
progress/R77/code/compare_partial_lit.py	2271
progress/R77/code/config/baseline_armv7l/CMakeCache.txt	48520
progress/R77/code/config/patched_armv7l/CMakeCache.txt	48449
progress/R77/code/prepare_arm_full_run.sh	2976
progress/R77/code/prepare_test_batches.py	4323
progress/R77/code/run_arm_batches.py	7367
progress/R77/code/sdb_executor.before.py	6090
progress/R77/code/sdb_executor.diff	5875
progress/R77/code/sdb_executor.py	8800
progress/R77/code/summarize_lit_result.py	1190
progress/R77/code/timeout_probe.sh	52
