LABEL=arm_configure-attempt-1
COMMAND=nproc
20
NPROC_EXIT_CODE=0
COMMAND=free -h
               total        used        free      shared  buff/cache   available
Mem:            30Gi        10Gi       551Mi       709Mi        20Gi        19Gi
Swap:          4.0Gi       4.0Gi        56Ki
FREE_H_EXIT_CODE=0
COMMAND=uptime
 12:13:19 up 3 days, 19:51,  1 user,  load average: 1.39, 1.43, 1.06
UPTIME_EXIT_CODE=0
COMMAND=df -h /home/toolchain/development/libc++_replacement/tmp
Filesystem      Size  Used Avail Use% Mounted on
/dev/sda1       1.8T  1.3T  468G  74% /home
DF_EXIT_CODE=0
COMMAND=top -bn1 | head -20
top - 12:13:19 up 3 days, 19:51,  1 user,  load average: 1.39, 1.43, 1.06
Tasks: 479 total,   1 running, 473 sleeping,   3 stopped,   2 zombie
%Cpu(s):  0.9 us,  0.9 sy,  0.0 ni, 98.1 id,  0.0 wa,  0.0 hi,  0.0 si,  0.0 st 
MiB Mem :  31540.8 total,    548.8 free,  11120.0 used,  21046.7 buff/cache     
MiB Swap:   4096.0 total,      0.1 free,   4095.9 used.  20420.9 avail Mem 

    PID USER      PR  NI    VIRT    RES    SHR S  %CPU  %MEM     TIME+ COMMAND
   7184 toolcha+  20   0 1448.4g 670452 109368 S  27.3   2.1  78:51.88 code
   4812 toolcha+  20   0 1449.0g 372932 135920 S   9.1   1.2 181:12.94 chrome
   5305 toolcha+  20   0   48.5g 198968 188588 S   9.1   0.6  70:02.78 code
1773063 toolcha+  20   0    9368   5448   3260 R   9.1   0.0   0:00.01 top
      1 root      20   0   24044  13356   8572 S   0.0   0.0   2:13.20 systemd
      2 root      20   0       0      0      0 S   0.0   0.0   0:00.05 kthreadd
      3 root      20   0       0      0      0 S   0.0   0.0   0:00.00 pool_wo+
      4 root       0 -20       0      0      0 I   0.0   0.0   0:00.00 kworker+
      5 root       0 -20       0      0      0 I   0.0   0.0   0:00.00 kworker+
      6 root       0 -20       0      0      0 I   0.0   0.0   0:00.00 kworker+
      7 root       0 -20       0      0      0 I   0.0   0.0   0:00.00 kworker+
      8 root       0 -20       0      0      0 I   0.0   0.0   0:00.00 kworker+
     10 root       0 -20       0      0      0 I   0.0   0.0   0:00.00 kworker+
TOP_EXIT_CODE=0
NPROC_VALUE=20
MEM_AVAILABLE_KIB=20909284
LOAD_ONE=1.39
LOAD_LIMIT=16.00
GATE_RESULT=PASS
