Running as unit: build-w2c-confirm-config.scope; invocation ID: 637deb85983f455fa63c02eadd29e238
info: chroot /home/toolchain/development/libc++_replacement/tmp/GBS-ROOT/BUILD-W2B-llvm-armv7l/local/BUILD-ROOTS/scratch.armv7l.0
+ umask 022
+ cd /home/abuild/rpmbuild/BUILD
+ CFLAGS='-Os -fstack-protector -Wno-unused-command-line-argument -Wno-error=unused-but-set-variable -Wno-error=unused-command-line-argument  -g2 -gdwarf-4 -pipe -Wall -Wp,-D_FORTIFY_SOURCE=2 -fexceptions -Wformat -Wformat-security -fmessage-length=0 -frecord-gcc-switches -march=armv7-a -mtune=cortex-a8 -mlittle-endian -mfpu=neon -mfloat-abi=softfp -mthumb -Wp,-D__SOFTFP__ -D_FILE_OFFSET_BITS=64 -g'
+ export CFLAGS
+ CXXFLAGS='-Os -fstack-protector -Wno-unused-command-line-argument -Wno-error=unused-but-set-variable -Wno-error=unused-command-line-argument  -g2 -gdwarf-4 -pipe -Wall -Wp,-D_FORTIFY_SOURCE=2 -fexceptions -Wformat -Wformat-security -fmessage-length=0 -frecord-gcc-switches -march=armv7-a -mtune=cortex-a8 -mlittle-endian -mfpu=neon -mfloat-abi=softfp -mthumb -Wp,-D__SOFTFP__ -D_FILE_OFFSET_BITS=64 -g'
+ export CXXFLAGS
+ LDFLAGS=-Wl,-z,relro,--as-needed,-O1,--hash-style=gnu
+ export LDFLAGS
+ cd llvm-22.1.8
+ ref=/usr/lib/rpm
+ mints=0
+ case $(uname -m) in
++ uname -m
+ for s in guess sub
++ find -maxdepth 8 -name config.guess
+ for c in '$(find -maxdepth 8 -name "config.$s")'
+ grep -q config-patches@ ./llvm/cmake/config.guess
++ sed -n '/^timestamp=/{s///;s/[-'\''"]//g;p;q;}' ./llvm/cmake/config.guess
++ tr -d $'\r'
+ timestamp=20240607
+ test -n 20240607
+ test 20240607 -ge 0
+ for s in guess sub
++ find -maxdepth 8 -name config.sub
+ export AR=llvm-ar RANLIB=llvm-ranlib
+ AR=llvm-ar
+ RANLIB=llvm-ranlib
+ export CC=armv7l-tizen-linux-gnueabi-clang CXX=armv7l-tizen-linux-gnueabi-clang++
+ CC=armv7l-tizen-linux-gnueabi-clang
+ CXX=armv7l-tizen-linux-gnueabi-clang++
+ cp /home/abuild/rpmbuild/SOURCES/llvm.manifest .
+ export QEMU_RESERVED_VA=0x100000000
+ QEMU_RESERVED_VA=0x100000000
+ MLGO_AOT_DIR=/home/abuild/rpmbuild/BUILD/llvm-22.1.8/mlgo_verify_assets
+ MLGO_BUILD_DIR=/home/abuild/rpmbuild/BUILD/llvm-22.1.8/build
+ MLGO_RUNTIME_OBJECTS='/home/abuild/rpmbuild/BUILD/llvm-22.1.8/mlgo_verify_assets/xla_runtime_objects/xla_compiled_cpu_function.cc.o;/home/abuild/rpmbuild/BUILD/llvm-22.1.8/mlgo_verify_assets/xla_runtime_objects/cpu_function_runtime.cc.o;/home/abuild/rpmbuild/BUILD/llvm-22.1.8/mlgo_verify_assets/xla_runtime_objects/custom_call_status.cc.o;/home/abuild/rpmbuild/BUILD/llvm-22.1.8/mlgo_verify_assets/xla_runtime_objects/executable_run_options.cc.o;/home/abuild/rpmbuild/BUILD/llvm-22.1.8/mlgo_verify_assets/xla_runtime_objects/runtime_single_threaded_matmul_f32.cc.o'
+ MLGO_REQUIRED_RUNTIME_OBJECTS='xla_compiled_cpu_function.cc.o cpu_function_runtime.cc.o custom_call_status.cc.o executable_run_options.cc.o runtime_single_threaded_matmul_f32.cc.o'
+ mkdir -p build
+ cd build
++ echo lib
++ sed s/lib//g
+ cmake -G Ninja -DTIZEN=1 -DCMAKE_C_COMPILER=/bin/armv7l-tizen-linux-gnueabi-clang -DCMAKE_CXX_COMPILER=/bin/armv7l-tizen-linux-gnueabi-clang++ -DLLVM_HOST_TRIPLE=armv7l-tizen-linux-gnueabi -DLLVM_DEFAULT_TARGET_TRIPLE=armv7l-tizen-linux-gnueabi -DLLVM_TARGET_TRIPLE_ENV=armv7l-tizen-linux-gnueabi '-DCMAKE_ASM_FLAGS=-Os -fstack-protector -Wno-unused-command-line-argument -Wno-error=unused-but-set-variable -Wno-error=unused-command-line-argument  -g2 -gdwarf-4 -pipe -Wall -Wp,-D_FORTIFY_SOURCE=2 -fexceptions -Wformat -Wformat-security -fmessage-length=0 -frecord-gcc-switches -march=armv7-a -mtune=cortex-a8 -mlittle-endian -mfpu=neon -mfloat-abi=softfp -mthumb -Wp,-D__SOFTFP__ -D_FILE_OFFSET_BITS=64 -g' '-DCMAKE_C_FLAGS=-Os -fstack-protector -Wno-unused-command-line-argument -Wno-error=unused-but-set-variable -Wno-error=unused-command-line-argument  -g2 -gdwarf-4 -pipe -Wall -Wp,-D_FORTIFY_SOURCE=2 -fexceptions -Wformat -Wformat-security -fmessage-length=0 -frecord-gcc-switches -march=armv7-a -mtune=cortex-a8 -mlittle-endian -mfpu=neon -mfloat-abi=softfp -mthumb -Wp,-D__SOFTFP__ -D_FILE_OFFSET_BITS=64 -g' '-DCMAKE_CXX_FLAGS=-Os -fstack-protector -Wno-unused-command-line-argument -Wno-error=unused-but-set-variable -Wno-error=unused-command-line-argument  -g2 -gdwarf-4 -pipe -Wall -Wp,-D_FORTIFY_SOURCE=2 -fexceptions -Wformat -Wformat-security -fmessage-length=0 -frecord-gcc-switches -march=armv7-a -mtune=cortex-a8 -mlittle-endian -mfpu=neon -mfloat-abi=softfp -mthumb -Wp,-D__SOFTFP__ -D_FILE_OFFSET_BITS=64 -g' -DLLVM_ENABLE_LIBCXX=ON '-DCMAKE_SHARED_LINKER_FLAGS=-fuse-ld=lld -ffunction-sections -fdata-sections -Wl,--gc-sections -Wl,--no-as-needed -lc++abi -Wl,--as-needed' '-DCMAKE_EXE_LINKER_FLAGS=-fuse-ld=lld -ffunction-sections -fdata-sections -Wl,--gc-sections -Wl,--no-as-needed -lc++abi -Wl,--as-needed' -DLLVM_USE_LINKER=lld -DLLVM_ENABLE_ASSERTIONS=No -DLLVM_ENABLE_RTTI=ON -DCMAKE_BUILD_TYPE=MinSizeRel '-DLLVM_TARGETS_TO_BUILD=ARM;BPF' -DLLVM_TARGET_ARCH=ARM -DCLANG_ENABLE_ARCMT=OFF -DLLVM_BUILD_LLVM_DYLIB=ON -DCLANG_BUILD_CLANG_DYLIB=ON -DLLVM_LINK_LLVM_DYLIB=ON -DCLANG_LINK_CLANG_DYLIB=ON '-DLLVM_ENABLE_PROJECTS=clang;lldb;clang-tools-extra;lld;compiler-rt;openmp' -DLLVM_ENABLE_PER_TARGET_RUNTIME_DIR=OFF -DLLVM_BUILD_EXAMPLES=OFF -DLLVM_INCLUDE_EXAMPLES=OFF -DLLVM_BUILD_TESTS=OFF -DLLVM_INCLUDE_TESTS=OFF -DLLVM_ENABLE_DOXYGEN=OFF -DLLVM_BUILD_DOCS=OFF -DLLVM_INCLUDE_DOCS=OFF -DLLVM_OPTIMIZED_TABLEGEN=ON -DCMAKE_INSTALL_PREFIX=/usr -DLLVM_LIBDIR_SUFFIX= -DCLANG_RESOURCE_DIR=../lib/clang/22 -DLLVM_BINUTILS_INCDIR=/usr/include -DLLVM_PARALLEL_COMPILE_JOBS=6 -DLLVM_PARALLEL_LINK_JOBS=2 -DTENSORFLOW_AOT_PATH=/home/abuild/rpmbuild/BUILD/llvm-22.1.8/mlgo_verify_assets/mlgo_sysroot -DLLVM_MLGO_EXPORT_TF_XLA_RUNTIME=OFF '-DLLVM_MLGO_EMBED_TF_XLA_RUNTIME_OBJECTS=/home/abuild/rpmbuild/BUILD/llvm-22.1.8/mlgo_verify_assets/xla_runtime_objects/xla_compiled_cpu_function.cc.o;/home/abuild/rpmbuild/BUILD/llvm-22.1.8/mlgo_verify_assets/xla_runtime_objects/cpu_function_runtime.cc.o;/home/abuild/rpmbuild/BUILD/llvm-22.1.8/mlgo_verify_assets/xla_runtime_objects/custom_call_status.cc.o;/home/abuild/rpmbuild/BUILD/llvm-22.1.8/mlgo_verify_assets/xla_runtime_objects/executable_run_options.cc.o;/home/abuild/rpmbuild/BUILD/llvm-22.1.8/mlgo_verify_assets/xla_runtime_objects/runtime_single_threaded_matmul_f32.cc.o' -DLLVM_OVERRIDE_MODEL_HEADER_INLINERSIZEMODEL=/home/abuild/rpmbuild/BUILD/llvm-22.1.8/mlgo_verify_assets/InlinerSizeModel.h -DLLVM_OVERRIDE_MODEL_OBJECT_INLINERSIZEMODEL=/home/abuild/rpmbuild/BUILD/llvm-22.1.8/mlgo_verify_assets/InlinerSizeModel.o -DLLVM_OVERRIDE_MODEL_HEADER_REGALLOCEVICTMODEL=/home/abuild/rpmbuild/BUILD/llvm-22.1.8/mlgo_verify_assets/RegAllocEvictModel.h -DLLVM_OVERRIDE_MODEL_OBJECT_REGALLOCEVICTMODEL=/home/abuild/rpmbuild/BUILD/llvm-22.1.8/mlgo_verify_assets/RegAllocEvictModel.o ../llvm
CMake Warning at CMakeLists.txt:185 (message):
  Using LLVM_ENABLE_PROJECTS=compiler-rt is deprecated now, and will become a
  fatal error in a future release.  Please use
  -DLLVM_ENABLE_RUNTIMES=compiler-rt or see the instructions at
  https://compiler-rt.llvm.org/ for building the runtimes.


CMake Warning at CMakeLists.txt:199 (message):
  Using LLVM_ENABLE_PROJECTS=openmp is deprecated now, and will become a
  fatal error in a future release.  Please use -DLLVM_ENABLE_RUNTIMES=openmp
  or see the instructions at https://openmp.llvm.org/ for building the
  runtimes.


-- bolt project is disabled
-- clang project is enabled
-- clang-tools-extra project is enabled
-- compiler-rt project is enabled
-- cross-project-tests project is disabled
-- libclc project is disabled
-- lld project is enabled
-- lldb project is enabled
-- mlir project is disabled
-- openmp project is enabled
-- polly project is disabled
-- flang project is disabled
-- libc project is disabled
-- Found Python3: /bin/python3.14 (found suitable version "3.14.2", minimum required is "3.0") found components: Interpreter
-- Found LibXml2: /usr/lib/libxml2.so (found version "2.15.1")
-- Could NOT find LibEdit (missing: LibEdit_INCLUDE_DIRS LibEdit_LIBRARIES) 
-- LLVM host triple: armv7l-tizen-linux-gnueabi
-- Native target architecture is ARM
-- Threads enabled.
-- Doxygen disabled.
-- Ninja version: 1.13.1
-- Could NOT find OCaml (missing: OCAMLFIND OCAML_VERSION OCAML_STDLIB_PATH) 
-- Could NOT find OCaml (missing: OCAMLFIND OCAML_VERSION OCAML_STDLIB_PATH) 
-- OCaml bindings disabled.
-- LLVM default target triple: armv7l-tizen-linux-gnueabi
-- Building with -fPIC
-- Could NOT find Git (missing: GIT_EXECUTABLE) 
-- Using provided header /home/abuild/rpmbuild/BUILD/llvm-22.1.8/build/lib/CodeGen/RegAllocEvictModel.h and object /home/abuild/rpmbuild/BUILD/llvm-22.1.8/build/lib/CodeGen/RegAllocEvictModel.o
      files for model RegAllocEvictModel
-- Using provided header /home/abuild/rpmbuild/BUILD/llvm-22.1.8/build/lib/Analysis/InlinerSizeModel.h and object /home/abuild/rpmbuild/BUILD/llvm-22.1.8/build/lib/Analysis/InlinerSizeModel.o
      files for model InlinerSizeModel
-- Embedding TensorFlow XLA runtime objects with MLGO model InlinerSizeModel
-- Targeting ARM
-- Targeting BPF
-- Compiler-RT supported architectures: arm
CMake Warning (dev) at /home/abuild/rpmbuild/BUILD/llvm-22.1.8/compiler-rt/include/CMakeLists.txt:86 (install):
  Policy CMP0177 is not set: install() DESTINATION paths are normalized.  Run
  "cmake --help-policy CMP0177" for policy details.  Use the cmake_policy
  command to set the policy and suppress this warning.
This warning is for project developers.  Use -Wno-dev to suppress it.

CMake Warning (dev) at /home/abuild/rpmbuild/BUILD/llvm-22.1.8/compiler-rt/include/CMakeLists.txt:91 (install):
  Policy CMP0177 is not set: install() DESTINATION paths are normalized.  Run
  "cmake --help-policy CMP0177" for policy details.  Use the cmake_policy
  command to set the policy and suppress this warning.
This warning is for project developers.  Use -Wno-dev to suppress it.

CMake Warning (dev) at /home/abuild/rpmbuild/BUILD/llvm-22.1.8/compiler-rt/include/CMakeLists.txt:97 (install):
  Policy CMP0177 is not set: install() DESTINATION paths are normalized.  Run
  "cmake --help-policy CMP0177" for policy details.  Use the cmake_policy
  command to set the policy and suppress this warning.
This warning is for project developers.  Use -Wno-dev to suppress it.

CMake Warning (dev) at /home/abuild/rpmbuild/BUILD/llvm-22.1.8/compiler-rt/include/CMakeLists.txt:109 (install):
  Policy CMP0177 is not set: install() DESTINATION paths are normalized.  Run
  "cmake --help-policy CMP0177" for policy details.  Use the cmake_policy
  command to set the policy and suppress this warning.
This warning is for project developers.  Use -Wno-dev to suppress it.

CMake Warning (dev) at /home/abuild/rpmbuild/BUILD/llvm-22.1.8/compiler-rt/include/CMakeLists.txt:114 (install):
  Policy CMP0177 is not set: install() DESTINATION paths are normalized.  Run
  "cmake --help-policy CMP0177" for policy details.  Use the cmake_policy
  command to set the policy and suppress this warning.
This warning is for project developers.  Use -Wno-dev to suppress it.

CMake Warning (dev) at /home/abuild/rpmbuild/BUILD/llvm-22.1.8/compiler-rt/include/CMakeLists.txt:119 (install):
  Policy CMP0177 is not set: install() DESTINATION paths are normalized.  Run
  "cmake --help-policy CMP0177" for policy details.  Use the cmake_policy
  command to set the policy and suppress this warning.
This warning is for project developers.  Use -Wno-dev to suppress it.

-- Builtin supported architectures: arm
-- Performing additional configure checks with target flags:  -Werror=unguarded-availability-new -nodefaultlibs -Werror=array-bounds -Werror=uninitialized -Werror=shadow -Werror=empty-body -Werror=sizeof-pointer-memaccess -Werror=sizeof-array-argument -Werror=suspicious-memaccess -Werror=builtin-memcpy-chk-size -Werror=array-bounds-pointer-arithmetic -Werror=return-stack-address -Werror=sizeof-array-decay -Werror=format-insufficient-args -Wformat -nostdinc++ -Wno-c2y-extensions
-- For arm builtins preferring arm/fp_mode.c to fp_mode.c
-- For arm builtins preferring arm/bswapdi2.S to bswapdi2.c
-- For arm builtins preferring arm/bswapsi2.S to bswapsi2.c
-- For arm builtins preferring arm/clzdi2.S to clzdi2.c
-- For arm builtins preferring arm/clzsi2.S to clzsi2.c
-- For arm builtins preferring arm/comparesf2.S to comparesf2.c
-- For arm builtins preferring arm/divmodsi4.S to divmodsi4.c
-- For arm builtins preferring arm/divsi3.S to divsi3.c
-- For arm builtins preferring arm/modsi3.S to modsi3.c
-- For arm builtins preferring arm/udivmodsi4.S to udivmodsi4.c
-- For arm builtins preferring arm/udivsi3.S to udivsi3.c
-- For arm builtins preferring arm/umodsi3.S to umodsi3.c
-- For arm builtins preferring arm/mulsf3.S to mulsf3.c
-- For arm builtins preferring arm/divsf3.S to divsf3.c
CMake Warning (dev) at /home/abuild/rpmbuild/BUILD/llvm-22.1.8/compiler-rt/cmake/Modules/AddCompilerRT.cmake:371 (install):
  Policy CMP0177 is not set: install() DESTINATION paths are normalized.  Run
  "cmake --help-policy CMP0177" for policy details.  Use the cmake_policy
  command to set the policy and suppress this warning.
Call Stack (most recent call first):
  /home/abuild/rpmbuild/BUILD/llvm-22.1.8/compiler-rt/lib/builtins/CMakeLists.txt:1022 (add_compiler_rt_runtime)
This warning is for project developers.  Use -Wno-dev to suppress it.

CMake Warning (dev) at /home/abuild/rpmbuild/BUILD/llvm-22.1.8/compiler-rt/cmake/Modules/AddCompilerRT.cmake:371 (install):
  Policy CMP0177 is not set: install() DESTINATION paths are normalized.  Run
  "cmake --help-policy CMP0177" for policy details.  Use the cmake_policy
  command to set the policy and suppress this warning.
Call Stack (most recent call first):
  /home/abuild/rpmbuild/BUILD/llvm-22.1.8/compiler-rt/lib/builtins/CMakeLists.txt:1022 (add_compiler_rt_runtime)
This warning is for project developers.  Use -Wno-dev to suppress it.

CMake Warning (dev) at /home/abuild/rpmbuild/BUILD/llvm-22.1.8/compiler-rt/cmake/Modules/AddCompilerRT.cmake:371 (install):
  Policy CMP0177 is not set: install() DESTINATION paths are normalized.  Run
  "cmake --help-policy CMP0177" for policy details.  Use the cmake_policy
  command to set the policy and suppress this warning.
Call Stack (most recent call first):
  /home/abuild/rpmbuild/BUILD/llvm-22.1.8/compiler-rt/lib/builtins/CMakeLists.txt:1022 (add_compiler_rt_runtime)
This warning is for project developers.  Use -Wno-dev to suppress it.

CMake Warning (dev) at /home/abuild/rpmbuild/BUILD/llvm-22.1.8/compiler-rt/cmake/Modules/AddCompilerRT.cmake:355 (install):
  Policy CMP0177 is not set: install() DESTINATION paths are normalized.  Run
  "cmake --help-policy CMP0177" for policy details.  Use the cmake_policy
  command to set the policy and suppress this warning.
Call Stack (most recent call first):
  /home/abuild/rpmbuild/BUILD/llvm-22.1.8/compiler-rt/lib/builtins/CMakeLists.txt:1109 (add_compiler_rt_runtime)
This warning is for project developers.  Use -Wno-dev to suppress it.

CMake Warning (dev) at /home/abuild/rpmbuild/BUILD/llvm-22.1.8/compiler-rt/cmake/Modules/AddCompilerRT.cmake:355 (install):
  Policy CMP0177 is not set: install() DESTINATION paths are normalized.  Run
  "cmake --help-policy CMP0177" for policy details.  Use the cmake_policy
  command to set the policy and suppress this warning.
Call Stack (most recent call first):
  /home/abuild/rpmbuild/BUILD/llvm-22.1.8/compiler-rt/lib/builtins/CMakeLists.txt:1115 (add_compiler_rt_runtime)
This warning is for project developers.  Use -Wno-dev to suppress it.

CMake Warning (dev) at /home/abuild/rpmbuild/BUILD/llvm-22.1.8/compiler-rt/cmake/Modules/AddCompilerRT.cmake:371 (install):
  Policy CMP0177 is not set: install() DESTINATION paths are normalized.  Run
  "cmake --help-policy CMP0177" for policy details.  Use the cmake_policy
  command to set the policy and suppress this warning.
Call Stack (most recent call first):
  /home/abuild/rpmbuild/BUILD/llvm-22.1.8/compiler-rt/lib/stats/CMakeLists.txt:23 (add_compiler_rt_runtime)
This warning is for project developers.  Use -Wno-dev to suppress it.

CMake Warning (dev) at /home/abuild/rpmbuild/BUILD/llvm-22.1.8/compiler-rt/cmake/Modules/AddCompilerRT.cmake:371 (install):
  Policy CMP0177 is not set: install() DESTINATION paths are normalized.  Run
  "cmake --help-policy CMP0177" for policy details.  Use the cmake_policy
  command to set the policy and suppress this warning.
Call Stack (most recent call first):
  /home/abuild/rpmbuild/BUILD/llvm-22.1.8/compiler-rt/lib/stats/CMakeLists.txt:23 (add_compiler_rt_runtime)
This warning is for project developers.  Use -Wno-dev to suppress it.

CMake Warning (dev) at /home/abuild/rpmbuild/BUILD/llvm-22.1.8/compiler-rt/cmake/Modules/AddCompilerRT.cmake:371 (install):
  Policy CMP0177 is not set: install() DESTINATION paths are normalized.  Run
  "cmake --help-policy CMP0177" for policy details.  Use the cmake_policy
  command to set the policy and suppress this warning.
Call Stack (most recent call first):
  /home/abuild/rpmbuild/BUILD/llvm-22.1.8/compiler-rt/lib/stats/CMakeLists.txt:23 (add_compiler_rt_runtime)
This warning is for project developers.  Use -Wno-dev to suppress it.

CMake Warning (dev) at /home/abuild/rpmbuild/BUILD/llvm-22.1.8/compiler-rt/cmake/Modules/AddCompilerRT.cmake:371 (install):
  Policy CMP0177 is not set: install() DESTINATION paths are normalized.  Run
  "cmake --help-policy CMP0177" for policy details.  Use the cmake_policy
  command to set the policy and suppress this warning.
Call Stack (most recent call first):
  /home/abuild/rpmbuild/BUILD/llvm-22.1.8/compiler-rt/lib/stats/CMakeLists.txt:37 (add_compiler_rt_runtime)
This warning is for project developers.  Use -Wno-dev to suppress it.

CMake Warning (dev) at /home/abuild/rpmbuild/BUILD/llvm-22.1.8/compiler-rt/cmake/Modules/AddCompilerRT.cmake:371 (install):
  Policy CMP0177 is not set: install() DESTINATION paths are normalized.  Run
  "cmake --help-policy CMP0177" for policy details.  Use the cmake_policy
  command to set the policy and suppress this warning.
Call Stack (most recent call first):
  /home/abuild/rpmbuild/BUILD/llvm-22.1.8/compiler-rt/lib/stats/CMakeLists.txt:37 (add_compiler_rt_runtime)
This warning is for project developers.  Use -Wno-dev to suppress it.

CMake Warning (dev) at /home/abuild/rpmbuild/BUILD/llvm-22.1.8/compiler-rt/cmake/Modules/AddCompilerRT.cmake:371 (install):
  Policy CMP0177 is not set: install() DESTINATION paths are normalized.  Run
  "cmake --help-policy CMP0177" for policy details.  Use the cmake_policy
  command to set the policy and suppress this warning.
Call Stack (most recent call first):
  /home/abuild/rpmbuild/BUILD/llvm-22.1.8/compiler-rt/lib/stats/CMakeLists.txt:37 (add_compiler_rt_runtime)
This warning is for project developers.  Use -Wno-dev to suppress it.

CMake Warning (dev) at /home/abuild/rpmbuild/BUILD/llvm-22.1.8/compiler-rt/cmake/Modules/AddCompilerRT.cmake:371 (install):
  Policy CMP0177 is not set: install() DESTINATION paths are normalized.  Run
  "cmake --help-policy CMP0177" for policy details.  Use the cmake_policy
  command to set the policy and suppress this warning.
Call Stack (most recent call first):
  /home/abuild/rpmbuild/BUILD/llvm-22.1.8/compiler-rt/lib/lsan/CMakeLists.txt:73 (add_compiler_rt_runtime)
This warning is for project developers.  Use -Wno-dev to suppress it.

CMake Warning (dev) at /home/abuild/rpmbuild/BUILD/llvm-22.1.8/compiler-rt/cmake/Modules/AddCompilerRT.cmake:371 (install):
  Policy CMP0177 is not set: install() DESTINATION paths are normalized.  Run
  "cmake --help-policy CMP0177" for policy details.  Use the cmake_policy
  command to set the policy and suppress this warning.
Call Stack (most recent call first):
  /home/abuild/rpmbuild/BUILD/llvm-22.1.8/compiler-rt/lib/lsan/CMakeLists.txt:73 (add_compiler_rt_runtime)
This warning is for project developers.  Use -Wno-dev to suppress it.

CMake Warning (dev) at /home/abuild/rpmbuild/BUILD/llvm-22.1.8/compiler-rt/cmake/Modules/AddCompilerRT.cmake:371 (install):
  Policy CMP0177 is not set: install() DESTINATION paths are normalized.  Run
  "cmake --help-policy CMP0177" for policy details.  Use the cmake_policy
  command to set the policy and suppress this warning.
Call Stack (most recent call first):
  /home/abuild/rpmbuild/BUILD/llvm-22.1.8/compiler-rt/lib/lsan/CMakeLists.txt:73 (add_compiler_rt_runtime)
This warning is for project developers.  Use -Wno-dev to suppress it.

CMake Warning (dev) at /home/abuild/rpmbuild/BUILD/llvm-22.1.8/compiler-rt/cmake/Modules/AddCompilerRT.cmake:371 (install):
  Policy CMP0177 is not set: install() DESTINATION paths are normalized.  Run
  "cmake --help-policy CMP0177" for policy details.  Use the cmake_policy
  command to set the policy and suppress this warning.
Call Stack (most recent call first):
  /home/abuild/rpmbuild/BUILD/llvm-22.1.8/compiler-rt/lib/ubsan/CMakeLists.txt:177 (add_compiler_rt_runtime)
This warning is for project developers.  Use -Wno-dev to suppress it.

CMake Warning (dev) at /home/abuild/rpmbuild/BUILD/llvm-22.1.8/compiler-rt/cmake/Modules/AddCompilerRT.cmake:371 (install):
  Policy CMP0177 is not set: install() DESTINATION paths are normalized.  Run
  "cmake --help-policy CMP0177" for policy details.  Use the cmake_policy
  command to set the policy and suppress this warning.
Call Stack (most recent call first):
  /home/abuild/rpmbuild/BUILD/llvm-22.1.8/compiler-rt/lib/ubsan/CMakeLists.txt:177 (add_compiler_rt_runtime)
This warning is for project developers.  Use -Wno-dev to suppress it.

CMake Warning (dev) at /home/abuild/rpmbuild/BUILD/llvm-22.1.8/compiler-rt/cmake/Modules/AddCompilerRT.cmake:371 (install):
  Policy CMP0177 is not set: install() DESTINATION paths are normalized.  Run
  "cmake --help-policy CMP0177" for policy details.  Use the cmake_policy
  command to set the policy and suppress this warning.
Call Stack (most recent call first):
  /home/abuild/rpmbuild/BUILD/llvm-22.1.8/compiler-rt/lib/ubsan/CMakeLists.txt:177 (add_compiler_rt_runtime)
This warning is for project developers.  Use -Wno-dev to suppress it.

CMake Warning (dev) at /home/abuild/rpmbuild/BUILD/llvm-22.1.8/compiler-rt/cmake/Modules/AddCompilerRT.cmake:371 (install):
  Policy CMP0177 is not set: install() DESTINATION paths are normalized.  Run
  "cmake --help-policy CMP0177" for policy details.  Use the cmake_policy
  command to set the policy and suppress this warning.
Call Stack (most recent call first):
  /home/abuild/rpmbuild/BUILD/llvm-22.1.8/compiler-rt/lib/ubsan/CMakeLists.txt:194 (add_compiler_rt_runtime)
This warning is for project developers.  Use -Wno-dev to suppress it.

CMake Warning (dev) at /home/abuild/rpmbuild/BUILD/llvm-22.1.8/compiler-rt/cmake/Modules/AddCompilerRT.cmake:371 (install):
  Policy CMP0177 is not set: install() DESTINATION paths are normalized.  Run
  "cmake --help-policy CMP0177" for policy details.  Use the cmake_policy
  command to set the policy and suppress this warning.
Call Stack (most recent call first):
  /home/abuild/rpmbuild/BUILD/llvm-22.1.8/compiler-rt/lib/ubsan/CMakeLists.txt:194 (add_compiler_rt_runtime)
This warning is for project developers.  Use -Wno-dev to suppress it.

CMake Warning (dev) at /home/abuild/rpmbuild/BUILD/llvm-22.1.8/compiler-rt/cmake/Modules/AddCompilerRT.cmake:371 (install):
  Policy CMP0177 is not set: install() DESTINATION paths are normalized.  Run
  "cmake --help-policy CMP0177" for policy details.  Use the cmake_policy
  command to set the policy and suppress this warning.
Call Stack (most recent call first):
  /home/abuild/rpmbuild/BUILD/llvm-22.1.8/compiler-rt/lib/ubsan/CMakeLists.txt:194 (add_compiler_rt_runtime)
This warning is for project developers.  Use -Wno-dev to suppress it.

CMake Warning (dev) at /home/abuild/rpmbuild/BUILD/llvm-22.1.8/compiler-rt/cmake/Modules/AddCompilerRT.cmake:371 (install):
  Policy CMP0177 is not set: install() DESTINATION paths are normalized.  Run
  "cmake --help-policy CMP0177" for policy details.  Use the cmake_policy
  command to set the policy and suppress this warning.
Call Stack (most recent call first):
  /home/abuild/rpmbuild/BUILD/llvm-22.1.8/compiler-rt/lib/ubsan/CMakeLists.txt:225 (add_compiler_rt_runtime)
This warning is for project developers.  Use -Wno-dev to suppress it.

CMake Warning (dev) at /home/abuild/rpmbuild/BUILD/llvm-22.1.8/compiler-rt/cmake/Modules/AddCompilerRT.cmake:371 (install):
  Policy CMP0177 is not set: install() DESTINATION paths are normalized.  Run
  "cmake --help-policy CMP0177" for policy details.  Use the cmake_policy
  command to set the policy and suppress this warning.
Call Stack (most recent call first):
  /home/abuild/rpmbuild/BUILD/llvm-22.1.8/compiler-rt/lib/ubsan/CMakeLists.txt:225 (add_compiler_rt_runtime)
This warning is for project developers.  Use -Wno-dev to suppress it.

CMake Warning (dev) at /home/abuild/rpmbuild/BUILD/llvm-22.1.8/compiler-rt/cmake/Modules/AddCompilerRT.cmake:371 (install):
  Policy CMP0177 is not set: install() DESTINATION paths are normalized.  Run
  "cmake --help-policy CMP0177" for policy details.  Use the cmake_policy
  command to set the policy and suppress this warning.
Call Stack (most recent call first):
  /home/abuild/rpmbuild/BUILD/llvm-22.1.8/compiler-rt/lib/ubsan/CMakeLists.txt:225 (add_compiler_rt_runtime)
This warning is for project developers.  Use -Wno-dev to suppress it.

CMake Warning (dev) at /home/abuild/rpmbuild/BUILD/llvm-22.1.8/compiler-rt/cmake/Modules/SanitizerUtils.cmake:46 (install):
  Policy CMP0177 is not set: install() DESTINATION paths are normalized.  Run
  "cmake --help-policy CMP0177" for policy details.  Use the cmake_policy
  command to set the policy and suppress this warning.
Call Stack (most recent call first):
  /home/abuild/rpmbuild/BUILD/llvm-22.1.8/compiler-rt/lib/ubsan/CMakeLists.txt:246 (add_sanitizer_rt_symbols)
This warning is for project developers.  Use -Wno-dev to suppress it.

CMake Warning (dev) at /home/abuild/rpmbuild/BUILD/llvm-22.1.8/compiler-rt/cmake/Modules/SanitizerUtils.cmake:46 (install):
  Policy CMP0177 is not set: install() DESTINATION paths are normalized.  Run
  "cmake --help-policy CMP0177" for policy details.  Use the cmake_policy
  command to set the policy and suppress this warning.
Call Stack (most recent call first):
  /home/abuild/rpmbuild/BUILD/llvm-22.1.8/compiler-rt/lib/ubsan/CMakeLists.txt:250 (add_sanitizer_rt_symbols)
This warning is for project developers.  Use -Wno-dev to suppress it.

CMake Warning (dev) at /home/abuild/rpmbuild/BUILD/llvm-22.1.8/compiler-rt/cmake/Modules/AddCompilerRT.cmake:371 (install):
  Policy CMP0177 is not set: install() DESTINATION paths are normalized.  Run
  "cmake --help-policy CMP0177" for policy details.  Use the cmake_policy
  command to set the policy and suppress this warning.
Call Stack (most recent call first):
  /home/abuild/rpmbuild/BUILD/llvm-22.1.8/compiler-rt/lib/asan/CMakeLists.txt:257 (add_compiler_rt_runtime)
This warning is for project developers.  Use -Wno-dev to suppress it.

CMake Warning (dev) at /home/abuild/rpmbuild/BUILD/llvm-22.1.8/compiler-rt/cmake/Modules/AddCompilerRT.cmake:371 (install):
  Policy CMP0177 is not set: install() DESTINATION paths are normalized.  Run
  "cmake --help-policy CMP0177" for policy details.  Use the cmake_policy
  command to set the policy and suppress this warning.
Call Stack (most recent call first):
  /home/abuild/rpmbuild/BUILD/llvm-22.1.8/compiler-rt/lib/asan/CMakeLists.txt:257 (add_compiler_rt_runtime)
This warning is for project developers.  Use -Wno-dev to suppress it.

CMake Warning (dev) at /home/abuild/rpmbuild/BUILD/llvm-22.1.8/compiler-rt/cmake/Modules/AddCompilerRT.cmake:371 (install):
  Policy CMP0177 is not set: install() DESTINATION paths are normalized.  Run
  "cmake --help-policy CMP0177" for policy details.  Use the cmake_policy
  command to set the policy and suppress this warning.
Call Stack (most recent call first):
  /home/abuild/rpmbuild/BUILD/llvm-22.1.8/compiler-rt/lib/asan/CMakeLists.txt:257 (add_compiler_rt_runtime)
This warning is for project developers.  Use -Wno-dev to suppress it.

CMake Warning (dev) at /home/abuild/rpmbuild/BUILD/llvm-22.1.8/compiler-rt/cmake/Modules/AddCompilerRT.cmake:371 (install):
  Policy CMP0177 is not set: install() DESTINATION paths are normalized.  Run
  "cmake --help-policy CMP0177" for policy details.  Use the cmake_policy
  command to set the policy and suppress this warning.
Call Stack (most recent call first):
  /home/abuild/rpmbuild/BUILD/llvm-22.1.8/compiler-rt/lib/asan/CMakeLists.txt:267 (add_compiler_rt_runtime)
This warning is for project developers.  Use -Wno-dev to suppress it.

CMake Warning (dev) at /home/abuild/rpmbuild/BUILD/llvm-22.1.8/compiler-rt/cmake/Modules/AddCompilerRT.cmake:371 (install):
  Policy CMP0177 is not set: install() DESTINATION paths are normalized.  Run
  "cmake --help-policy CMP0177" for policy details.  Use the cmake_policy
  command to set the policy and suppress this warning.
Call Stack (most recent call first):
  /home/abuild/rpmbuild/BUILD/llvm-22.1.8/compiler-rt/lib/asan/CMakeLists.txt:267 (add_compiler_rt_runtime)
This warning is for project developers.  Use -Wno-dev to suppress it.

CMake Warning (dev) at /home/abuild/rpmbuild/BUILD/llvm-22.1.8/compiler-rt/cmake/Modules/AddCompilerRT.cmake:371 (install):
  Policy CMP0177 is not set: install() DESTINATION paths are normalized.  Run
  "cmake --help-policy CMP0177" for policy details.  Use the cmake_policy
  command to set the policy and suppress this warning.
Call Stack (most recent call first):
  /home/abuild/rpmbuild/BUILD/llvm-22.1.8/compiler-rt/lib/asan/CMakeLists.txt:267 (add_compiler_rt_runtime)
This warning is for project developers.  Use -Wno-dev to suppress it.

CMake Warning (dev) at /home/abuild/rpmbuild/BUILD/llvm-22.1.8/compiler-rt/cmake/Modules/AddCompilerRT.cmake:371 (install):
  Policy CMP0177 is not set: install() DESTINATION paths are normalized.  Run
  "cmake --help-policy CMP0177" for policy details.  Use the cmake_policy
  command to set the policy and suppress this warning.
Call Stack (most recent call first):
  /home/abuild/rpmbuild/BUILD/llvm-22.1.8/compiler-rt/lib/asan/CMakeLists.txt:275 (add_compiler_rt_runtime)
This warning is for project developers.  Use -Wno-dev to suppress it.

CMake Warning (dev) at /home/abuild/rpmbuild/BUILD/llvm-22.1.8/compiler-rt/cmake/Modules/AddCompilerRT.cmake:371 (install):
  Policy CMP0177 is not set: install() DESTINATION paths are normalized.  Run
  "cmake --help-policy CMP0177" for policy details.  Use the cmake_policy
  command to set the policy and suppress this warning.
Call Stack (most recent call first):
  /home/abuild/rpmbuild/BUILD/llvm-22.1.8/compiler-rt/lib/asan/CMakeLists.txt:275 (add_compiler_rt_runtime)
This warning is for project developers.  Use -Wno-dev to suppress it.

CMake Warning (dev) at /home/abuild/rpmbuild/BUILD/llvm-22.1.8/compiler-rt/cmake/Modules/AddCompilerRT.cmake:371 (install):
  Policy CMP0177 is not set: install() DESTINATION paths are normalized.  Run
  "cmake --help-policy CMP0177" for policy details.  Use the cmake_policy
  command to set the policy and suppress this warning.
Call Stack (most recent call first):
  /home/abuild/rpmbuild/BUILD/llvm-22.1.8/compiler-rt/lib/asan/CMakeLists.txt:275 (add_compiler_rt_runtime)
This warning is for project developers.  Use -Wno-dev to suppress it.

CMake Warning (dev) at /home/abuild/rpmbuild/BUILD/llvm-22.1.8/compiler-rt/cmake/Modules/AddCompilerRT.cmake:371 (install):
  Policy CMP0177 is not set: install() DESTINATION paths are normalized.  Run
  "cmake --help-policy CMP0177" for policy details.  Use the cmake_policy
  command to set the policy and suppress this warning.
Call Stack (most recent call first):
  /home/abuild/rpmbuild/BUILD/llvm-22.1.8/compiler-rt/lib/asan/CMakeLists.txt:283 (add_compiler_rt_runtime)
This warning is for project developers.  Use -Wno-dev to suppress it.

CMake Warning (dev) at /home/abuild/rpmbuild/BUILD/llvm-22.1.8/compiler-rt/cmake/Modules/AddCompilerRT.cmake:371 (install):
  Policy CMP0177 is not set: install() DESTINATION paths are normalized.  Run
  "cmake --help-policy CMP0177" for policy details.  Use the cmake_policy
  command to set the policy and suppress this warning.
Call Stack (most recent call first):
  /home/abuild/rpmbuild/BUILD/llvm-22.1.8/compiler-rt/lib/asan/CMakeLists.txt:283 (add_compiler_rt_runtime)
This warning is for project developers.  Use -Wno-dev to suppress it.

CMake Warning (dev) at /home/abuild/rpmbuild/BUILD/llvm-22.1.8/compiler-rt/cmake/Modules/AddCompilerRT.cmake:371 (install):
  Policy CMP0177 is not set: install() DESTINATION paths are normalized.  Run
  "cmake --help-policy CMP0177" for policy details.  Use the cmake_policy
  command to set the policy and suppress this warning.
Call Stack (most recent call first):
  /home/abuild/rpmbuild/BUILD/llvm-22.1.8/compiler-rt/lib/asan/CMakeLists.txt:283 (add_compiler_rt_runtime)
This warning is for project developers.  Use -Wno-dev to suppress it.

CMake Warning (dev) at /home/abuild/rpmbuild/BUILD/llvm-22.1.8/compiler-rt/cmake/Modules/AddCompilerRT.cmake:371 (install):
  Policy CMP0177 is not set: install() DESTINATION paths are normalized.  Run
  "cmake --help-policy CMP0177" for policy details.  Use the cmake_policy
  command to set the policy and suppress this warning.
Call Stack (most recent call first):
  /home/abuild/rpmbuild/BUILD/llvm-22.1.8/compiler-rt/lib/asan/CMakeLists.txt:320 (add_compiler_rt_runtime)
This warning is for project developers.  Use -Wno-dev to suppress it.

CMake Warning (dev) at /home/abuild/rpmbuild/BUILD/llvm-22.1.8/compiler-rt/cmake/Modules/AddCompilerRT.cmake:371 (install):
  Policy CMP0177 is not set: install() DESTINATION paths are normalized.  Run
  "cmake --help-policy CMP0177" for policy details.  Use the cmake_policy
  command to set the policy and suppress this warning.
Call Stack (most recent call first):
  /home/abuild/rpmbuild/BUILD/llvm-22.1.8/compiler-rt/lib/asan/CMakeLists.txt:320 (add_compiler_rt_runtime)
This warning is for project developers.  Use -Wno-dev to suppress it.

CMake Warning (dev) at /home/abuild/rpmbuild/BUILD/llvm-22.1.8/compiler-rt/cmake/Modules/AddCompilerRT.cmake:371 (install):
  Policy CMP0177 is not set: install() DESTINATION paths are normalized.  Run
  "cmake --help-policy CMP0177" for policy details.  Use the cmake_policy
  command to set the policy and suppress this warning.
Call Stack (most recent call first):
  /home/abuild/rpmbuild/BUILD/llvm-22.1.8/compiler-rt/lib/asan/CMakeLists.txt:320 (add_compiler_rt_runtime)
This warning is for project developers.  Use -Wno-dev to suppress it.

CMake Warning (dev) at /home/abuild/rpmbuild/BUILD/llvm-22.1.8/compiler-rt/cmake/Modules/SanitizerUtils.cmake:46 (install):
  Policy CMP0177 is not set: install() DESTINATION paths are normalized.  Run
  "cmake --help-policy CMP0177" for policy details.  Use the cmake_policy
  command to set the policy and suppress this warning.
Call Stack (most recent call first):
  /home/abuild/rpmbuild/BUILD/llvm-22.1.8/compiler-rt/lib/asan/CMakeLists.txt:341 (add_sanitizer_rt_symbols)
This warning is for project developers.  Use -Wno-dev to suppress it.

CMake Warning (dev) at /home/abuild/rpmbuild/BUILD/llvm-22.1.8/compiler-rt/cmake/Modules/SanitizerUtils.cmake:46 (install):
  Policy CMP0177 is not set: install() DESTINATION paths are normalized.  Run
  "cmake --help-policy CMP0177" for policy details.  Use the cmake_policy
  command to set the policy and suppress this warning.
Call Stack (most recent call first):
  /home/abuild/rpmbuild/BUILD/llvm-22.1.8/compiler-rt/lib/asan/CMakeLists.txt:344 (add_sanitizer_rt_symbols)
This warning is for project developers.  Use -Wno-dev to suppress it.

CMake Warning (dev) at /home/abuild/rpmbuild/BUILD/llvm-22.1.8/compiler-rt/cmake/Modules/AddCompilerRT.cmake:567 (install):
  Policy CMP0177 is not set: install() DESTINATION paths are normalized.  Run
  "cmake --help-policy CMP0177" for policy details.  Use the cmake_policy
  command to set the policy and suppress this warning.
Call Stack (most recent call first):
  /home/abuild/rpmbuild/BUILD/llvm-22.1.8/compiler-rt/lib/asan/CMakeLists.txt:398 (add_compiler_rt_resource_file)
This warning is for project developers.  Use -Wno-dev to suppress it.

CMake Warning (dev) at /home/abuild/rpmbuild/BUILD/llvm-22.1.8/compiler-rt/cmake/Modules/AddCompilerRT.cmake:371 (install):
  Policy CMP0177 is not set: install() DESTINATION paths are normalized.  Run
  "cmake --help-policy CMP0177" for policy details.  Use the cmake_policy
  command to set the policy and suppress this warning.
Call Stack (most recent call first):
  /home/abuild/rpmbuild/BUILD/llvm-22.1.8/compiler-rt/lib/cfi/CMakeLists.txt:22 (add_compiler_rt_runtime)
This warning is for project developers.  Use -Wno-dev to suppress it.

CMake Warning (dev) at /home/abuild/rpmbuild/BUILD/llvm-22.1.8/compiler-rt/cmake/Modules/AddCompilerRT.cmake:371 (install):
  Policy CMP0177 is not set: install() DESTINATION paths are normalized.  Run
  "cmake --help-policy CMP0177" for policy details.  Use the cmake_policy
  command to set the policy and suppress this warning.
Call Stack (most recent call first):
  /home/abuild/rpmbuild/BUILD/llvm-22.1.8/compiler-rt/lib/cfi/CMakeLists.txt:22 (add_compiler_rt_runtime)
This warning is for project developers.  Use -Wno-dev to suppress it.

CMake Warning (dev) at /home/abuild/rpmbuild/BUILD/llvm-22.1.8/compiler-rt/cmake/Modules/AddCompilerRT.cmake:371 (install):
  Policy CMP0177 is not set: install() DESTINATION paths are normalized.  Run
  "cmake --help-policy CMP0177" for policy details.  Use the cmake_policy
  command to set the policy and suppress this warning.
Call Stack (most recent call first):
  /home/abuild/rpmbuild/BUILD/llvm-22.1.8/compiler-rt/lib/cfi/CMakeLists.txt:22 (add_compiler_rt_runtime)
This warning is for project developers.  Use -Wno-dev to suppress it.

CMake Warning (dev) at /home/abuild/rpmbuild/BUILD/llvm-22.1.8/compiler-rt/cmake/Modules/AddCompilerRT.cmake:371 (install):
  Policy CMP0177 is not set: install() DESTINATION paths are normalized.  Run
  "cmake --help-policy CMP0177" for policy details.  Use the cmake_policy
  command to set the policy and suppress this warning.
Call Stack (most recent call first):
  /home/abuild/rpmbuild/BUILD/llvm-22.1.8/compiler-rt/lib/cfi/CMakeLists.txt:31 (add_compiler_rt_runtime)
This warning is for project developers.  Use -Wno-dev to suppress it.

CMake Warning (dev) at /home/abuild/rpmbuild/BUILD/llvm-22.1.8/compiler-rt/cmake/Modules/AddCompilerRT.cmake:371 (install):
  Policy CMP0177 is not set: install() DESTINATION paths are normalized.  Run
  "cmake --help-policy CMP0177" for policy details.  Use the cmake_policy
  command to set the policy and suppress this warning.
Call Stack (most recent call first):
  /home/abuild/rpmbuild/BUILD/llvm-22.1.8/compiler-rt/lib/cfi/CMakeLists.txt:31 (add_compiler_rt_runtime)
This warning is for project developers.  Use -Wno-dev to suppress it.

CMake Warning (dev) at /home/abuild/rpmbuild/BUILD/llvm-22.1.8/compiler-rt/cmake/Modules/AddCompilerRT.cmake:371 (install):
  Policy CMP0177 is not set: install() DESTINATION paths are normalized.  Run
  "cmake --help-policy CMP0177" for policy details.  Use the cmake_policy
  command to set the policy and suppress this warning.
Call Stack (most recent call first):
  /home/abuild/rpmbuild/BUILD/llvm-22.1.8/compiler-rt/lib/cfi/CMakeLists.txt:31 (add_compiler_rt_runtime)
This warning is for project developers.  Use -Wno-dev to suppress it.

CMake Warning (dev) at /home/abuild/rpmbuild/BUILD/llvm-22.1.8/compiler-rt/cmake/Modules/AddCompilerRT.cmake:567 (install):
  Policy CMP0177 is not set: install() DESTINATION paths are normalized.  Run
  "cmake --help-policy CMP0177" for policy details.  Use the cmake_policy
  command to set the policy and suppress this warning.
Call Stack (most recent call first):
  /home/abuild/rpmbuild/BUILD/llvm-22.1.8/compiler-rt/lib/cfi/CMakeLists.txt:46 (add_compiler_rt_resource_file)
This warning is for project developers.  Use -Wno-dev to suppress it.

CMake Warning (dev) at /home/abuild/rpmbuild/BUILD/llvm-22.1.8/compiler-rt/cmake/Modules/AddCompilerRT.cmake:371 (install):
  Policy CMP0177 is not set: install() DESTINATION paths are normalized.  Run
  "cmake --help-policy CMP0177" for policy details.  Use the cmake_policy
  command to set the policy and suppress this warning.
Call Stack (most recent call first):
  /home/abuild/rpmbuild/BUILD/llvm-22.1.8/compiler-rt/lib/scudo/standalone/CMakeLists.txt:218 (add_compiler_rt_runtime)
This warning is for project developers.  Use -Wno-dev to suppress it.

CMake Warning (dev) at /home/abuild/rpmbuild/BUILD/llvm-22.1.8/compiler-rt/cmake/Modules/AddCompilerRT.cmake:371 (install):
  Policy CMP0177 is not set: install() DESTINATION paths are normalized.  Run
  "cmake --help-policy CMP0177" for policy details.  Use the cmake_policy
  command to set the policy and suppress this warning.
Call Stack (most recent call first):
  /home/abuild/rpmbuild/BUILD/llvm-22.1.8/compiler-rt/lib/scudo/standalone/CMakeLists.txt:218 (add_compiler_rt_runtime)
This warning is for project developers.  Use -Wno-dev to suppress it.

CMake Warning (dev) at /home/abuild/rpmbuild/BUILD/llvm-22.1.8/compiler-rt/cmake/Modules/AddCompilerRT.cmake:371 (install):
  Policy CMP0177 is not set: install() DESTINATION paths are normalized.  Run
  "cmake --help-policy CMP0177" for policy details.  Use the cmake_policy
  command to set the policy and suppress this warning.
Call Stack (most recent call first):
  /home/abuild/rpmbuild/BUILD/llvm-22.1.8/compiler-rt/lib/scudo/standalone/CMakeLists.txt:218 (add_compiler_rt_runtime)
This warning is for project developers.  Use -Wno-dev to suppress it.

CMake Warning (dev) at /home/abuild/rpmbuild/BUILD/llvm-22.1.8/compiler-rt/cmake/Modules/AddCompilerRT.cmake:371 (install):
  Policy CMP0177 is not set: install() DESTINATION paths are normalized.  Run
  "cmake --help-policy CMP0177" for policy details.  Use the cmake_policy
  command to set the policy and suppress this warning.
Call Stack (most recent call first):
  /home/abuild/rpmbuild/BUILD/llvm-22.1.8/compiler-rt/lib/scudo/standalone/CMakeLists.txt:227 (add_compiler_rt_runtime)
This warning is for project developers.  Use -Wno-dev to suppress it.

CMake Warning (dev) at /home/abuild/rpmbuild/BUILD/llvm-22.1.8/compiler-rt/cmake/Modules/AddCompilerRT.cmake:371 (install):
  Policy CMP0177 is not set: install() DESTINATION paths are normalized.  Run
  "cmake --help-policy CMP0177" for policy details.  Use the cmake_policy
  command to set the policy and suppress this warning.
Call Stack (most recent call first):
  /home/abuild/rpmbuild/BUILD/llvm-22.1.8/compiler-rt/lib/scudo/standalone/CMakeLists.txt:227 (add_compiler_rt_runtime)
This warning is for project developers.  Use -Wno-dev to suppress it.

CMake Warning (dev) at /home/abuild/rpmbuild/BUILD/llvm-22.1.8/compiler-rt/cmake/Modules/AddCompilerRT.cmake:371 (install):
  Policy CMP0177 is not set: install() DESTINATION paths are normalized.  Run
  "cmake --help-policy CMP0177" for policy details.  Use the cmake_policy
  command to set the policy and suppress this warning.
Call Stack (most recent call first):
  /home/abuild/rpmbuild/BUILD/llvm-22.1.8/compiler-rt/lib/scudo/standalone/CMakeLists.txt:227 (add_compiler_rt_runtime)
This warning is for project developers.  Use -Wno-dev to suppress it.

CMake Warning (dev) at /home/abuild/rpmbuild/BUILD/llvm-22.1.8/compiler-rt/cmake/Modules/AddCompilerRT.cmake:371 (install):
  Policy CMP0177 is not set: install() DESTINATION paths are normalized.  Run
  "cmake --help-policy CMP0177" for policy details.  Use the cmake_policy
  command to set the policy and suppress this warning.
Call Stack (most recent call first):
  /home/abuild/rpmbuild/BUILD/llvm-22.1.8/compiler-rt/lib/scudo/standalone/CMakeLists.txt:237 (add_compiler_rt_runtime)
This warning is for project developers.  Use -Wno-dev to suppress it.

CMake Warning (dev) at /home/abuild/rpmbuild/BUILD/llvm-22.1.8/compiler-rt/cmake/Modules/AddCompilerRT.cmake:371 (install):
  Policy CMP0177 is not set: install() DESTINATION paths are normalized.  Run
  "cmake --help-policy CMP0177" for policy details.  Use the cmake_policy
  command to set the policy and suppress this warning.
Call Stack (most recent call first):
  /home/abuild/rpmbuild/BUILD/llvm-22.1.8/compiler-rt/lib/scudo/standalone/CMakeLists.txt:237 (add_compiler_rt_runtime)
This warning is for project developers.  Use -Wno-dev to suppress it.

CMake Warning (dev) at /home/abuild/rpmbuild/BUILD/llvm-22.1.8/compiler-rt/cmake/Modules/AddCompilerRT.cmake:371 (install):
  Policy CMP0177 is not set: install() DESTINATION paths are normalized.  Run
  "cmake --help-policy CMP0177" for policy details.  Use the cmake_policy
  command to set the policy and suppress this warning.
Call Stack (most recent call first):
  /home/abuild/rpmbuild/BUILD/llvm-22.1.8/compiler-rt/lib/scudo/standalone/CMakeLists.txt:237 (add_compiler_rt_runtime)
This warning is for project developers.  Use -Wno-dev to suppress it.

CMake Warning (dev) at /home/abuild/rpmbuild/BUILD/llvm-22.1.8/compiler-rt/cmake/Modules/AddCompilerRT.cmake:371 (install):
  Policy CMP0177 is not set: install() DESTINATION paths are normalized.  Run
  "cmake --help-policy CMP0177" for policy details.  Use the cmake_policy
  command to set the policy and suppress this warning.
Call Stack (most recent call first):
  /home/abuild/rpmbuild/BUILD/llvm-22.1.8/compiler-rt/lib/ubsan_minimal/CMakeLists.txt:28 (add_compiler_rt_runtime)
This warning is for project developers.  Use -Wno-dev to suppress it.

CMake Warning (dev) at /home/abuild/rpmbuild/BUILD/llvm-22.1.8/compiler-rt/cmake/Modules/AddCompilerRT.cmake:371 (install):
  Policy CMP0177 is not set: install() DESTINATION paths are normalized.  Run
  "cmake --help-policy CMP0177" for policy details.  Use the cmake_policy
  command to set the policy and suppress this warning.
Call Stack (most recent call first):
  /home/abuild/rpmbuild/BUILD/llvm-22.1.8/compiler-rt/lib/ubsan_minimal/CMakeLists.txt:28 (add_compiler_rt_runtime)
This warning is for project developers.  Use -Wno-dev to suppress it.

CMake Warning (dev) at /home/abuild/rpmbuild/BUILD/llvm-22.1.8/compiler-rt/cmake/Modules/AddCompilerRT.cmake:371 (install):
  Policy CMP0177 is not set: install() DESTINATION paths are normalized.  Run
  "cmake --help-policy CMP0177" for policy details.  Use the cmake_policy
  command to set the policy and suppress this warning.
Call Stack (most recent call first):
  /home/abuild/rpmbuild/BUILD/llvm-22.1.8/compiler-rt/lib/ubsan_minimal/CMakeLists.txt:28 (add_compiler_rt_runtime)
This warning is for project developers.  Use -Wno-dev to suppress it.

CMake Warning (dev) at /home/abuild/rpmbuild/BUILD/llvm-22.1.8/compiler-rt/cmake/Modules/AddCompilerRT.cmake:371 (install):
  Policy CMP0177 is not set: install() DESTINATION paths are normalized.  Run
  "cmake --help-policy CMP0177" for policy details.  Use the cmake_policy
  command to set the policy and suppress this warning.
Call Stack (most recent call first):
  /home/abuild/rpmbuild/BUILD/llvm-22.1.8/compiler-rt/lib/ubsan_minimal/CMakeLists.txt:36 (add_compiler_rt_runtime)
This warning is for project developers.  Use -Wno-dev to suppress it.

CMake Warning (dev) at /home/abuild/rpmbuild/BUILD/llvm-22.1.8/compiler-rt/cmake/Modules/AddCompilerRT.cmake:371 (install):
  Policy CMP0177 is not set: install() DESTINATION paths are normalized.  Run
  "cmake --help-policy CMP0177" for policy details.  Use the cmake_policy
  command to set the policy and suppress this warning.
Call Stack (most recent call first):
  /home/abuild/rpmbuild/BUILD/llvm-22.1.8/compiler-rt/lib/ubsan_minimal/CMakeLists.txt:36 (add_compiler_rt_runtime)
This warning is for project developers.  Use -Wno-dev to suppress it.

CMake Warning (dev) at /home/abuild/rpmbuild/BUILD/llvm-22.1.8/compiler-rt/cmake/Modules/AddCompilerRT.cmake:371 (install):
  Policy CMP0177 is not set: install() DESTINATION paths are normalized.  Run
  "cmake --help-policy CMP0177" for policy details.  Use the cmake_policy
  command to set the policy and suppress this warning.
Call Stack (most recent call first):
  /home/abuild/rpmbuild/BUILD/llvm-22.1.8/compiler-rt/lib/ubsan_minimal/CMakeLists.txt:36 (add_compiler_rt_runtime)
This warning is for project developers.  Use -Wno-dev to suppress it.

CMake Warning (dev) at /home/abuild/rpmbuild/BUILD/llvm-22.1.8/compiler-rt/cmake/Modules/SanitizerUtils.cmake:46 (install):
  Policy CMP0177 is not set: install() DESTINATION paths are normalized.  Run
  "cmake --help-policy CMP0177" for policy details.  Use the cmake_policy
  command to set the policy and suppress this warning.
Call Stack (most recent call first):
  /home/abuild/rpmbuild/BUILD/llvm-22.1.8/compiler-rt/lib/ubsan_minimal/CMakeLists.txt:49 (add_sanitizer_rt_symbols)
This warning is for project developers.  Use -Wno-dev to suppress it.

CMake Warning (dev) at /home/abuild/rpmbuild/BUILD/llvm-22.1.8/compiler-rt/cmake/Modules/AddCompilerRT.cmake:371 (install):
  Policy CMP0177 is not set: install() DESTINATION paths are normalized.  Run
  "cmake --help-policy CMP0177" for policy details.  Use the cmake_policy
  command to set the policy and suppress this warning.
Call Stack (most recent call first):
  /home/abuild/rpmbuild/BUILD/llvm-22.1.8/compiler-rt/lib/gwp_asan/CMakeLists.txt:69 (add_compiler_rt_runtime)
This warning is for project developers.  Use -Wno-dev to suppress it.

CMake Warning (dev) at /home/abuild/rpmbuild/BUILD/llvm-22.1.8/compiler-rt/cmake/Modules/AddCompilerRT.cmake:371 (install):
  Policy CMP0177 is not set: install() DESTINATION paths are normalized.  Run
  "cmake --help-policy CMP0177" for policy details.  Use the cmake_policy
  command to set the policy and suppress this warning.
Call Stack (most recent call first):
  /home/abuild/rpmbuild/BUILD/llvm-22.1.8/compiler-rt/lib/gwp_asan/CMakeLists.txt:69 (add_compiler_rt_runtime)
This warning is for project developers.  Use -Wno-dev to suppress it.

CMake Warning (dev) at /home/abuild/rpmbuild/BUILD/llvm-22.1.8/compiler-rt/cmake/Modules/AddCompilerRT.cmake:371 (install):
  Policy CMP0177 is not set: install() DESTINATION paths are normalized.  Run
  "cmake --help-policy CMP0177" for policy details.  Use the cmake_policy
  command to set the policy and suppress this warning.
Call Stack (most recent call first):
  /home/abuild/rpmbuild/BUILD/llvm-22.1.8/compiler-rt/lib/gwp_asan/CMakeLists.txt:69 (add_compiler_rt_runtime)
This warning is for project developers.  Use -Wno-dev to suppress it.

CMake Warning (dev) at /home/abuild/rpmbuild/BUILD/llvm-22.1.8/compiler-rt/cmake/Modules/AddCompilerRT.cmake:371 (install):
  Policy CMP0177 is not set: install() DESTINATION paths are normalized.  Run
  "cmake --help-policy CMP0177" for policy details.  Use the cmake_policy
  command to set the policy and suppress this warning.
Call Stack (most recent call first):
  /home/abuild/rpmbuild/BUILD/llvm-22.1.8/compiler-rt/lib/profile/CMakeLists.txt:186 (add_compiler_rt_runtime)
This warning is for project developers.  Use -Wno-dev to suppress it.

CMake Warning (dev) at /home/abuild/rpmbuild/BUILD/llvm-22.1.8/compiler-rt/cmake/Modules/AddCompilerRT.cmake:371 (install):
  Policy CMP0177 is not set: install() DESTINATION paths are normalized.  Run
  "cmake --help-policy CMP0177" for policy details.  Use the cmake_policy
  command to set the policy and suppress this warning.
Call Stack (most recent call first):
  /home/abuild/rpmbuild/BUILD/llvm-22.1.8/compiler-rt/lib/profile/CMakeLists.txt:186 (add_compiler_rt_runtime)
This warning is for project developers.  Use -Wno-dev to suppress it.

CMake Warning (dev) at /home/abuild/rpmbuild/BUILD/llvm-22.1.8/compiler-rt/cmake/Modules/AddCompilerRT.cmake:371 (install):
  Policy CMP0177 is not set: install() DESTINATION paths are normalized.  Run
  "cmake --help-policy CMP0177" for policy details.  Use the cmake_policy
  command to set the policy and suppress this warning.
Call Stack (most recent call first):
  /home/abuild/rpmbuild/BUILD/llvm-22.1.8/compiler-rt/lib/profile/CMakeLists.txt:186 (add_compiler_rt_runtime)
This warning is for project developers.  Use -Wno-dev to suppress it.

CMake Warning (dev) at /home/abuild/rpmbuild/BUILD/llvm-22.1.8/compiler-rt/cmake/Modules/AddCompilerRT.cmake:371 (install):
  Policy CMP0177 is not set: install() DESTINATION paths are normalized.  Run
  "cmake --help-policy CMP0177" for policy details.  Use the cmake_policy
  command to set the policy and suppress this warning.
Call Stack (most recent call first):
  /home/abuild/rpmbuild/BUILD/llvm-22.1.8/compiler-rt/lib/xray/CMakeLists.txt:390 (add_compiler_rt_runtime)
This warning is for project developers.  Use -Wno-dev to suppress it.

CMake Warning (dev) at /home/abuild/rpmbuild/BUILD/llvm-22.1.8/compiler-rt/cmake/Modules/AddCompilerRT.cmake:371 (install):
  Policy CMP0177 is not set: install() DESTINATION paths are normalized.  Run
  "cmake --help-policy CMP0177" for policy details.  Use the cmake_policy
  command to set the policy and suppress this warning.
Call Stack (most recent call first):
  /home/abuild/rpmbuild/BUILD/llvm-22.1.8/compiler-rt/lib/xray/CMakeLists.txt:390 (add_compiler_rt_runtime)
This warning is for project developers.  Use -Wno-dev to suppress it.

CMake Warning (dev) at /home/abuild/rpmbuild/BUILD/llvm-22.1.8/compiler-rt/cmake/Modules/AddCompilerRT.cmake:371 (install):
  Policy CMP0177 is not set: install() DESTINATION paths are normalized.  Run
  "cmake --help-policy CMP0177" for policy details.  Use the cmake_policy
  command to set the policy and suppress this warning.
Call Stack (most recent call first):
  /home/abuild/rpmbuild/BUILD/llvm-22.1.8/compiler-rt/lib/xray/CMakeLists.txt:390 (add_compiler_rt_runtime)
This warning is for project developers.  Use -Wno-dev to suppress it.

CMake Warning (dev) at /home/abuild/rpmbuild/BUILD/llvm-22.1.8/compiler-rt/cmake/Modules/AddCompilerRT.cmake:371 (install):
  Policy CMP0177 is not set: install() DESTINATION paths are normalized.  Run
  "cmake --help-policy CMP0177" for policy details.  Use the cmake_policy
  command to set the policy and suppress this warning.
Call Stack (most recent call first):
  /home/abuild/rpmbuild/BUILD/llvm-22.1.8/compiler-rt/lib/xray/CMakeLists.txt:400 (add_compiler_rt_runtime)
This warning is for project developers.  Use -Wno-dev to suppress it.

CMake Warning (dev) at /home/abuild/rpmbuild/BUILD/llvm-22.1.8/compiler-rt/cmake/Modules/AddCompilerRT.cmake:371 (install):
  Policy CMP0177 is not set: install() DESTINATION paths are normalized.  Run
  "cmake --help-policy CMP0177" for policy details.  Use the cmake_policy
  command to set the policy and suppress this warning.
Call Stack (most recent call first):
  /home/abuild/rpmbuild/BUILD/llvm-22.1.8/compiler-rt/lib/xray/CMakeLists.txt:400 (add_compiler_rt_runtime)
This warning is for project developers.  Use -Wno-dev to suppress it.

CMake Warning (dev) at /home/abuild/rpmbuild/BUILD/llvm-22.1.8/compiler-rt/cmake/Modules/AddCompilerRT.cmake:371 (install):
  Policy CMP0177 is not set: install() DESTINATION paths are normalized.  Run
  "cmake --help-policy CMP0177" for policy details.  Use the cmake_policy
  command to set the policy and suppress this warning.
Call Stack (most recent call first):
  /home/abuild/rpmbuild/BUILD/llvm-22.1.8/compiler-rt/lib/xray/CMakeLists.txt:400 (add_compiler_rt_runtime)
This warning is for project developers.  Use -Wno-dev to suppress it.

CMake Warning (dev) at /home/abuild/rpmbuild/BUILD/llvm-22.1.8/compiler-rt/cmake/Modules/AddCompilerRT.cmake:371 (install):
  Policy CMP0177 is not set: install() DESTINATION paths are normalized.  Run
  "cmake --help-policy CMP0177" for policy details.  Use the cmake_policy
  command to set the policy and suppress this warning.
Call Stack (most recent call first):
  /home/abuild/rpmbuild/BUILD/llvm-22.1.8/compiler-rt/lib/xray/CMakeLists.txt:410 (add_compiler_rt_runtime)
This warning is for project developers.  Use -Wno-dev to suppress it.

CMake Warning (dev) at /home/abuild/rpmbuild/BUILD/llvm-22.1.8/compiler-rt/cmake/Modules/AddCompilerRT.cmake:371 (install):
  Policy CMP0177 is not set: install() DESTINATION paths are normalized.  Run
  "cmake --help-policy CMP0177" for policy details.  Use the cmake_policy
  command to set the policy and suppress this warning.
Call Stack (most recent call first):
  /home/abuild/rpmbuild/BUILD/llvm-22.1.8/compiler-rt/lib/xray/CMakeLists.txt:410 (add_compiler_rt_runtime)
This warning is for project developers.  Use -Wno-dev to suppress it.

CMake Warning (dev) at /home/abuild/rpmbuild/BUILD/llvm-22.1.8/compiler-rt/cmake/Modules/AddCompilerRT.cmake:371 (install):
  Policy CMP0177 is not set: install() DESTINATION paths are normalized.  Run
  "cmake --help-policy CMP0177" for policy details.  Use the cmake_policy
  command to set the policy and suppress this warning.
Call Stack (most recent call first):
  /home/abuild/rpmbuild/BUILD/llvm-22.1.8/compiler-rt/lib/xray/CMakeLists.txt:410 (add_compiler_rt_runtime)
This warning is for project developers.  Use -Wno-dev to suppress it.

CMake Warning (dev) at /home/abuild/rpmbuild/BUILD/llvm-22.1.8/compiler-rt/cmake/Modules/AddCompilerRT.cmake:371 (install):
  Policy CMP0177 is not set: install() DESTINATION paths are normalized.  Run
  "cmake --help-policy CMP0177" for policy details.  Use the cmake_policy
  command to set the policy and suppress this warning.
Call Stack (most recent call first):
  /home/abuild/rpmbuild/BUILD/llvm-22.1.8/compiler-rt/lib/xray/CMakeLists.txt:420 (add_compiler_rt_runtime)
This warning is for project developers.  Use -Wno-dev to suppress it.

CMake Warning (dev) at /home/abuild/rpmbuild/BUILD/llvm-22.1.8/compiler-rt/cmake/Modules/AddCompilerRT.cmake:371 (install):
  Policy CMP0177 is not set: install() DESTINATION paths are normalized.  Run
  "cmake --help-policy CMP0177" for policy details.  Use the cmake_policy
  command to set the policy and suppress this warning.
Call Stack (most recent call first):
  /home/abuild/rpmbuild/BUILD/llvm-22.1.8/compiler-rt/lib/xray/CMakeLists.txt:420 (add_compiler_rt_runtime)
This warning is for project developers.  Use -Wno-dev to suppress it.

CMake Warning (dev) at /home/abuild/rpmbuild/BUILD/llvm-22.1.8/compiler-rt/cmake/Modules/AddCompilerRT.cmake:371 (install):
  Policy CMP0177 is not set: install() DESTINATION paths are normalized.  Run
  "cmake --help-policy CMP0177" for policy details.  Use the cmake_policy
  command to set the policy and suppress this warning.
Call Stack (most recent call first):
  /home/abuild/rpmbuild/BUILD/llvm-22.1.8/compiler-rt/lib/xray/CMakeLists.txt:420 (add_compiler_rt_runtime)
This warning is for project developers.  Use -Wno-dev to suppress it.

CMake Warning (dev) at /home/abuild/rpmbuild/BUILD/llvm-22.1.8/compiler-rt/cmake/Modules/AddCompilerRT.cmake:371 (install):
  Policy CMP0177 is not set: install() DESTINATION paths are normalized.  Run
  "cmake --help-policy CMP0177" for policy details.  Use the cmake_policy
  command to set the policy and suppress this warning.
Call Stack (most recent call first):
  /home/abuild/rpmbuild/BUILD/llvm-22.1.8/compiler-rt/lib/fuzzer/CMakeLists.txt:114 (add_compiler_rt_runtime)
This warning is for project developers.  Use -Wno-dev to suppress it.

CMake Warning (dev) at /home/abuild/rpmbuild/BUILD/llvm-22.1.8/compiler-rt/cmake/Modules/AddCompilerRT.cmake:371 (install):
  Policy CMP0177 is not set: install() DESTINATION paths are normalized.  Run
  "cmake --help-policy CMP0177" for policy details.  Use the cmake_policy
  command to set the policy and suppress this warning.
Call Stack (most recent call first):
  /home/abuild/rpmbuild/BUILD/llvm-22.1.8/compiler-rt/lib/fuzzer/CMakeLists.txt:114 (add_compiler_rt_runtime)
This warning is for project developers.  Use -Wno-dev to suppress it.

CMake Warning (dev) at /home/abuild/rpmbuild/BUILD/llvm-22.1.8/compiler-rt/cmake/Modules/AddCompilerRT.cmake:371 (install):
  Policy CMP0177 is not set: install() DESTINATION paths are normalized.  Run
  "cmake --help-policy CMP0177" for policy details.  Use the cmake_policy
  command to set the policy and suppress this warning.
Call Stack (most recent call first):
  /home/abuild/rpmbuild/BUILD/llvm-22.1.8/compiler-rt/lib/fuzzer/CMakeLists.txt:114 (add_compiler_rt_runtime)
This warning is for project developers.  Use -Wno-dev to suppress it.

CMake Warning (dev) at /home/abuild/rpmbuild/BUILD/llvm-22.1.8/compiler-rt/cmake/Modules/AddCompilerRT.cmake:371 (install):
  Policy CMP0177 is not set: install() DESTINATION paths are normalized.  Run
  "cmake --help-policy CMP0177" for policy details.  Use the cmake_policy
  command to set the policy and suppress this warning.
Call Stack (most recent call first):
  /home/abuild/rpmbuild/BUILD/llvm-22.1.8/compiler-rt/lib/fuzzer/CMakeLists.txt:122 (add_compiler_rt_runtime)
This warning is for project developers.  Use -Wno-dev to suppress it.

CMake Warning (dev) at /home/abuild/rpmbuild/BUILD/llvm-22.1.8/compiler-rt/cmake/Modules/AddCompilerRT.cmake:371 (install):
  Policy CMP0177 is not set: install() DESTINATION paths are normalized.  Run
  "cmake --help-policy CMP0177" for policy details.  Use the cmake_policy
  command to set the policy and suppress this warning.
Call Stack (most recent call first):
  /home/abuild/rpmbuild/BUILD/llvm-22.1.8/compiler-rt/lib/fuzzer/CMakeLists.txt:122 (add_compiler_rt_runtime)
This warning is for project developers.  Use -Wno-dev to suppress it.

CMake Warning (dev) at /home/abuild/rpmbuild/BUILD/llvm-22.1.8/compiler-rt/cmake/Modules/AddCompilerRT.cmake:371 (install):
  Policy CMP0177 is not set: install() DESTINATION paths are normalized.  Run
  "cmake --help-policy CMP0177" for policy details.  Use the cmake_policy
  command to set the policy and suppress this warning.
Call Stack (most recent call first):
  /home/abuild/rpmbuild/BUILD/llvm-22.1.8/compiler-rt/lib/fuzzer/CMakeLists.txt:122 (add_compiler_rt_runtime)
This warning is for project developers.  Use -Wno-dev to suppress it.

CMake Warning (dev) at /home/abuild/rpmbuild/BUILD/llvm-22.1.8/compiler-rt/cmake/Modules/AddCompilerRT.cmake:371 (install):
  Policy CMP0177 is not set: install() DESTINATION paths are normalized.  Run
  "cmake --help-policy CMP0177" for policy details.  Use the cmake_policy
  command to set the policy and suppress this warning.
Call Stack (most recent call first):
  /home/abuild/rpmbuild/BUILD/llvm-22.1.8/compiler-rt/lib/fuzzer/CMakeLists.txt:130 (add_compiler_rt_runtime)
This warning is for project developers.  Use -Wno-dev to suppress it.

CMake Warning (dev) at /home/abuild/rpmbuild/BUILD/llvm-22.1.8/compiler-rt/cmake/Modules/AddCompilerRT.cmake:371 (install):
  Policy CMP0177 is not set: install() DESTINATION paths are normalized.  Run
  "cmake --help-policy CMP0177" for policy details.  Use the cmake_policy
  command to set the policy and suppress this warning.
Call Stack (most recent call first):
  /home/abuild/rpmbuild/BUILD/llvm-22.1.8/compiler-rt/lib/fuzzer/CMakeLists.txt:130 (add_compiler_rt_runtime)
This warning is for project developers.  Use -Wno-dev to suppress it.

CMake Warning (dev) at /home/abuild/rpmbuild/BUILD/llvm-22.1.8/compiler-rt/cmake/Modules/AddCompilerRT.cmake:371 (install):
  Policy CMP0177 is not set: install() DESTINATION paths are normalized.  Run
  "cmake --help-policy CMP0177" for policy details.  Use the cmake_policy
  command to set the policy and suppress this warning.
Call Stack (most recent call first):
  /home/abuild/rpmbuild/BUILD/llvm-22.1.8/compiler-rt/lib/fuzzer/CMakeLists.txt:130 (add_compiler_rt_runtime)
This warning is for project developers.  Use -Wno-dev to suppress it.

CMake Warning (dev) at /home/abuild/rpmbuild/BUILD/llvm-22.1.8/compiler-rt/cmake/Modules/AddCompilerRT.cmake:371 (install):
  Policy CMP0177 is not set: install() DESTINATION paths are normalized.  Run
  "cmake --help-policy CMP0177" for policy details.  Use the cmake_policy
  command to set the policy and suppress this warning.
Call Stack (most recent call first):
  /home/abuild/rpmbuild/BUILD/llvm-22.1.8/compiler-rt/lib/orc/CMakeLists.txt:142 (add_compiler_rt_runtime)
This warning is for project developers.  Use -Wno-dev to suppress it.

CMake Warning (dev) at /home/abuild/rpmbuild/BUILD/llvm-22.1.8/compiler-rt/cmake/Modules/AddCompilerRT.cmake:371 (install):
  Policy CMP0177 is not set: install() DESTINATION paths are normalized.  Run
  "cmake --help-policy CMP0177" for policy details.  Use the cmake_policy
  command to set the policy and suppress this warning.
Call Stack (most recent call first):
  /home/abuild/rpmbuild/BUILD/llvm-22.1.8/compiler-rt/lib/orc/CMakeLists.txt:142 (add_compiler_rt_runtime)
This warning is for project developers.  Use -Wno-dev to suppress it.

CMake Warning (dev) at /home/abuild/rpmbuild/BUILD/llvm-22.1.8/compiler-rt/cmake/Modules/AddCompilerRT.cmake:371 (install):
  Policy CMP0177 is not set: install() DESTINATION paths are normalized.  Run
  "cmake --help-policy CMP0177" for policy details.  Use the cmake_policy
  command to set the policy and suppress this warning.
Call Stack (most recent call first):
  /home/abuild/rpmbuild/BUILD/llvm-22.1.8/compiler-rt/lib/orc/CMakeLists.txt:142 (add_compiler_rt_runtime)
This warning is for project developers.  Use -Wno-dev to suppress it.

-- Found Python3: /bin/python3.14 (found version "3.14.2") found components: Interpreter
CMake Warning (dev) at /home/abuild/rpmbuild/BUILD/llvm-22.1.8/openmp/runtime/src/CMakeLists.txt:450 (install):
  Policy CMP0177 is not set: install() DESTINATION paths are normalized.  Run
  "cmake --help-policy CMP0177" for policy details.  Use the cmake_policy
  command to set the policy and suppress this warning.
This warning is for project developers.  Use -Wno-dev to suppress it.

-- Found Python3: /bin/python3.14 (found version "3.14.2") found components: Interpreter Development Development.Module Development.Embed
-- LLD version: 22.1.8
-- Could NOT find Git (missing: GIT_EXECUTABLE) 
-- Could NOT find Git (missing: GIT_EXECUTABLE) 
-- Clang version: 22.1.8
CMake Deprecation Warning at /home/abuild/rpmbuild/BUILD/llvm-22.1.8/clang/CMakeLists.txt:456 (message):
  'CLANG_ENABLE_ARCMT' is deprecated as ARCMigrate has been removed from
  Clang.  Please use 'CLANG_ENABLE_OBJC_REWRITER' instead to enable or
  disable the Objective-C rewriter.


CMake Warning (dev) at /home/abuild/rpmbuild/BUILD/llvm-22.1.8/clang/lib/Headers/CMakeLists.txt:595 (install):
  Policy CMP0177 is not set: install() DESTINATION paths are normalized.  Run
  "cmake --help-policy CMP0177" for policy details.  Use the cmake_policy
  command to set the policy and suppress this warning.
This warning is for project developers.  Use -Wno-dev to suppress it.

CMake Warning (dev) at /home/abuild/rpmbuild/BUILD/llvm-22.1.8/clang/lib/Headers/CMakeLists.txt:600 (install):
  Policy CMP0177 is not set: install() DESTINATION paths are normalized.  Run
  "cmake --help-policy CMP0177" for policy details.  Use the cmake_policy
  command to set the policy and suppress this warning.
This warning is for project developers.  Use -Wno-dev to suppress it.

CMake Warning (dev) at /home/abuild/rpmbuild/BUILD/llvm-22.1.8/clang/lib/Headers/CMakeLists.txt:605 (install):
  Policy CMP0177 is not set: install() DESTINATION paths are normalized.  Run
  "cmake --help-policy CMP0177" for policy details.  Use the cmake_policy
  command to set the policy and suppress this warning.
This warning is for project developers.  Use -Wno-dev to suppress it.

CMake Warning (dev) at /home/abuild/rpmbuild/BUILD/llvm-22.1.8/clang/lib/Headers/CMakeLists.txt:610 (install):
  Policy CMP0177 is not set: install() DESTINATION paths are normalized.  Run
  "cmake --help-policy CMP0177" for policy details.  Use the cmake_policy
  command to set the policy and suppress this warning.
This warning is for project developers.  Use -Wno-dev to suppress it.

CMake Warning (dev) at /home/abuild/rpmbuild/BUILD/llvm-22.1.8/clang/lib/Headers/CMakeLists.txt:615 (install):
  Policy CMP0177 is not set: install() DESTINATION paths are normalized.  Run
  "cmake --help-policy CMP0177" for policy details.  Use the cmake_policy
  command to set the policy and suppress this warning.
This warning is for project developers.  Use -Wno-dev to suppress it.

CMake Warning (dev) at /home/abuild/rpmbuild/BUILD/llvm-22.1.8/clang/lib/Headers/CMakeLists.txt:620 (install):
  Policy CMP0177 is not set: install() DESTINATION paths are normalized.  Run
  "cmake --help-policy CMP0177" for policy details.  Use the cmake_policy
  command to set the policy and suppress this warning.
This warning is for project developers.  Use -Wno-dev to suppress it.

CMake Warning (dev) at /home/abuild/rpmbuild/BUILD/llvm-22.1.8/clang/lib/Headers/CMakeLists.txt:625 (install):
  Policy CMP0177 is not set: install() DESTINATION paths are normalized.  Run
  "cmake --help-policy CMP0177" for policy details.  Use the cmake_policy
  command to set the policy and suppress this warning.
This warning is for project developers.  Use -Wno-dev to suppress it.

CMake Warning (dev) at /home/abuild/rpmbuild/BUILD/llvm-22.1.8/clang/lib/Headers/CMakeLists.txt:630 (install):
  Policy CMP0177 is not set: install() DESTINATION paths are normalized.  Run
  "cmake --help-policy CMP0177" for policy details.  Use the cmake_policy
  command to set the policy and suppress this warning.
This warning is for project developers.  Use -Wno-dev to suppress it.

CMake Warning (dev) at /home/abuild/rpmbuild/BUILD/llvm-22.1.8/clang/lib/Headers/CMakeLists.txt:635 (install):
  Policy CMP0177 is not set: install() DESTINATION paths are normalized.  Run
  "cmake --help-policy CMP0177" for policy details.  Use the cmake_policy
  command to set the policy and suppress this warning.
This warning is for project developers.  Use -Wno-dev to suppress it.

CMake Warning (dev) at /home/abuild/rpmbuild/BUILD/llvm-22.1.8/clang/lib/Headers/CMakeLists.txt:642 (install):
  Policy CMP0177 is not set: install() DESTINATION paths are normalized.  Run
  "cmake --help-policy CMP0177" for policy details.  Use the cmake_policy
  command to set the policy and suppress this warning.
This warning is for project developers.  Use -Wno-dev to suppress it.

CMake Warning (dev) at /home/abuild/rpmbuild/BUILD/llvm-22.1.8/clang/lib/Headers/CMakeLists.txt:648 (install):
  Policy CMP0177 is not set: install() DESTINATION paths are normalized.  Run
  "cmake --help-policy CMP0177" for policy details.  Use the cmake_policy
  command to set the policy and suppress this warning.
This warning is for project developers.  Use -Wno-dev to suppress it.

CMake Warning (dev) at /home/abuild/rpmbuild/BUILD/llvm-22.1.8/clang/lib/Headers/CMakeLists.txt:654 (install):
  Policy CMP0177 is not set: install() DESTINATION paths are normalized.  Run
  "cmake --help-policy CMP0177" for policy details.  Use the cmake_policy
  command to set the policy and suppress this warning.
This warning is for project developers.  Use -Wno-dev to suppress it.

CMake Warning (dev) at /home/abuild/rpmbuild/BUILD/llvm-22.1.8/clang/lib/Headers/CMakeLists.txt:660 (install):
  Policy CMP0177 is not set: install() DESTINATION paths are normalized.  Run
  "cmake --help-policy CMP0177" for policy details.  Use the cmake_policy
  command to set the policy and suppress this warning.
This warning is for project developers.  Use -Wno-dev to suppress it.

CMake Warning (dev) at /home/abuild/rpmbuild/BUILD/llvm-22.1.8/clang/lib/Headers/CMakeLists.txt:666 (install):
  Policy CMP0177 is not set: install() DESTINATION paths are normalized.  Run
  "cmake --help-policy CMP0177" for policy details.  Use the cmake_policy
  command to set the policy and suppress this warning.
This warning is for project developers.  Use -Wno-dev to suppress it.

CMake Warning (dev) at /home/abuild/rpmbuild/BUILD/llvm-22.1.8/clang/lib/Headers/CMakeLists.txt:672 (install):
  Policy CMP0177 is not set: install() DESTINATION paths are normalized.  Run
  "cmake --help-policy CMP0177" for policy details.  Use the cmake_policy
  command to set the policy and suppress this warning.
This warning is for project developers.  Use -Wno-dev to suppress it.

CMake Warning (dev) at /home/abuild/rpmbuild/BUILD/llvm-22.1.8/clang/lib/Headers/CMakeLists.txt:678 (install):
  Policy CMP0177 is not set: install() DESTINATION paths are normalized.  Run
  "cmake --help-policy CMP0177" for policy details.  Use the cmake_policy
  command to set the policy and suppress this warning.
This warning is for project developers.  Use -Wno-dev to suppress it.

CMake Warning (dev) at /home/abuild/rpmbuild/BUILD/llvm-22.1.8/clang/lib/Headers/CMakeLists.txt:684 (install):
  Policy CMP0177 is not set: install() DESTINATION paths are normalized.  Run
  "cmake --help-policy CMP0177" for policy details.  Use the cmake_policy
  command to set the policy and suppress this warning.
This warning is for project developers.  Use -Wno-dev to suppress it.

CMake Warning (dev) at /home/abuild/rpmbuild/BUILD/llvm-22.1.8/clang/lib/Headers/CMakeLists.txt:690 (install):
  Policy CMP0177 is not set: install() DESTINATION paths are normalized.  Run
  "cmake --help-policy CMP0177" for policy details.  Use the cmake_policy
  command to set the policy and suppress this warning.
This warning is for project developers.  Use -Wno-dev to suppress it.

CMake Warning (dev) at /home/abuild/rpmbuild/BUILD/llvm-22.1.8/clang/lib/Headers/CMakeLists.txt:696 (install):
  Policy CMP0177 is not set: install() DESTINATION paths are normalized.  Run
  "cmake --help-policy CMP0177" for policy details.  Use the cmake_policy
  command to set the policy and suppress this warning.
This warning is for project developers.  Use -Wno-dev to suppress it.

CMake Warning (dev) at /home/abuild/rpmbuild/BUILD/llvm-22.1.8/clang/lib/Headers/CMakeLists.txt:702 (install):
  Policy CMP0177 is not set: install() DESTINATION paths are normalized.  Run
  "cmake --help-policy CMP0177" for policy details.  Use the cmake_policy
  command to set the policy and suppress this warning.
This warning is for project developers.  Use -Wno-dev to suppress it.

CMake Warning (dev) at /home/abuild/rpmbuild/BUILD/llvm-22.1.8/clang/lib/Headers/CMakeLists.txt:708 (install):
  Policy CMP0177 is not set: install() DESTINATION paths are normalized.  Run
  "cmake --help-policy CMP0177" for policy details.  Use the cmake_policy
  command to set the policy and suppress this warning.
This warning is for project developers.  Use -Wno-dev to suppress it.

CMake Warning (dev) at /home/abuild/rpmbuild/BUILD/llvm-22.1.8/clang/lib/Headers/CMakeLists.txt:714 (install):
  Policy CMP0177 is not set: install() DESTINATION paths are normalized.  Run
  "cmake --help-policy CMP0177" for policy details.  Use the cmake_policy
  command to set the policy and suppress this warning.
This warning is for project developers.  Use -Wno-dev to suppress it.

CMake Warning (dev) at /home/abuild/rpmbuild/BUILD/llvm-22.1.8/clang/lib/Headers/CMakeLists.txt:720 (install):
  Policy CMP0177 is not set: install() DESTINATION paths are normalized.  Run
  "cmake --help-policy CMP0177" for policy details.  Use the cmake_policy
  command to set the policy and suppress this warning.
This warning is for project developers.  Use -Wno-dev to suppress it.

CMake Warning (dev) at /home/abuild/rpmbuild/BUILD/llvm-22.1.8/clang/lib/Headers/CMakeLists.txt:726 (install):
  Policy CMP0177 is not set: install() DESTINATION paths are normalized.  Run
  "cmake --help-policy CMP0177" for policy details.  Use the cmake_policy
  command to set the policy and suppress this warning.
This warning is for project developers.  Use -Wno-dev to suppress it.

CMake Warning (dev) at /home/abuild/rpmbuild/BUILD/llvm-22.1.8/clang/lib/Headers/CMakeLists.txt:732 (install):
  Policy CMP0177 is not set: install() DESTINATION paths are normalized.  Run
  "cmake --help-policy CMP0177" for policy details.  Use the cmake_policy
  command to set the policy and suppress this warning.
This warning is for project developers.  Use -Wno-dev to suppress it.

CMake Warning (dev) at /home/abuild/rpmbuild/BUILD/llvm-22.1.8/clang/lib/Headers/CMakeLists.txt:738 (install):
  Policy CMP0177 is not set: install() DESTINATION paths are normalized.  Run
  "cmake --help-policy CMP0177" for policy details.  Use the cmake_policy
  command to set the policy and suppress this warning.
This warning is for project developers.  Use -Wno-dev to suppress it.

CMake Warning (dev) at /home/abuild/rpmbuild/BUILD/llvm-22.1.8/clang/lib/Headers/CMakeLists.txt:744 (install):
  Policy CMP0177 is not set: install() DESTINATION paths are normalized.  Run
  "cmake --help-policy CMP0177" for policy details.  Use the cmake_policy
  command to set the policy and suppress this warning.
This warning is for project developers.  Use -Wno-dev to suppress it.

CMake Warning (dev) at /home/abuild/rpmbuild/BUILD/llvm-22.1.8/clang/lib/Headers/CMakeLists.txt:750 (install):
  Policy CMP0177 is not set: install() DESTINATION paths are normalized.  Run
  "cmake --help-policy CMP0177" for policy details.  Use the cmake_policy
  command to set the policy and suppress this warning.
This warning is for project developers.  Use -Wno-dev to suppress it.

CMake Warning (dev) at /home/abuild/rpmbuild/BUILD/llvm-22.1.8/clang/lib/Headers/CMakeLists.txt:756 (install):
  Policy CMP0177 is not set: install() DESTINATION paths are normalized.  Run
  "cmake --help-policy CMP0177" for policy details.  Use the cmake_policy
  command to set the policy and suppress this warning.
This warning is for project developers.  Use -Wno-dev to suppress it.

CMake Warning (dev) at /home/abuild/rpmbuild/BUILD/llvm-22.1.8/clang/lib/Headers/CMakeLists.txt:762 (install):
  Policy CMP0177 is not set: install() DESTINATION paths are normalized.  Run
  "cmake --help-policy CMP0177" for policy details.  Use the cmake_policy
  command to set the policy and suppress this warning.
This warning is for project developers.  Use -Wno-dev to suppress it.

CMake Warning (dev) at /home/abuild/rpmbuild/BUILD/llvm-22.1.8/clang/lib/Headers/CMakeLists.txt:768 (install):
  Policy CMP0177 is not set: install() DESTINATION paths are normalized.  Run
  "cmake --help-policy CMP0177" for policy details.  Use the cmake_policy
  command to set the policy and suppress this warning.
This warning is for project developers.  Use -Wno-dev to suppress it.

CMake Warning (dev) at /home/abuild/rpmbuild/BUILD/llvm-22.1.8/clang/lib/Headers/CMakeLists.txt:774 (install):
  Policy CMP0177 is not set: install() DESTINATION paths are normalized.  Run
  "cmake --help-policy CMP0177" for policy details.  Use the cmake_policy
  command to set the policy and suppress this warning.
This warning is for project developers.  Use -Wno-dev to suppress it.

CMake Warning (dev) at /home/abuild/rpmbuild/BUILD/llvm-22.1.8/clang/lib/Headers/CMakeLists.txt:784 (install):
  Policy CMP0177 is not set: install() DESTINATION paths are normalized.  Run
  "cmake --help-policy CMP0177" for policy details.  Use the cmake_policy
  command to set the policy and suppress this warning.
This warning is for project developers.  Use -Wno-dev to suppress it.

CMake Warning (dev) at /home/abuild/rpmbuild/BUILD/llvm-22.1.8/clang/lib/Headers/CMakeLists.txt:790 (install):
  Policy CMP0177 is not set: install() DESTINATION paths are normalized.  Run
  "cmake --help-policy CMP0177" for policy details.  Use the cmake_policy
  command to set the policy and suppress this warning.
This warning is for project developers.  Use -Wno-dev to suppress it.

CMake Warning (dev) at /home/abuild/rpmbuild/BUILD/llvm-22.1.8/clang/lib/Headers/CMakeLists.txt:796 (install):
  Policy CMP0177 is not set: install() DESTINATION paths are normalized.  Run
  "cmake --help-policy CMP0177" for policy details.  Use the cmake_policy
  command to set the policy and suppress this warning.
This warning is for project developers.  Use -Wno-dev to suppress it.

CMake Warning (dev) at /home/abuild/rpmbuild/BUILD/llvm-22.1.8/clang/lib/Headers/CMakeLists.txt:802 (install):
  Policy CMP0177 is not set: install() DESTINATION paths are normalized.  Run
  "cmake --help-policy CMP0177" for policy details.  Use the cmake_policy
  command to set the policy and suppress this warning.
This warning is for project developers.  Use -Wno-dev to suppress it.

CMake Warning (dev) at /home/abuild/rpmbuild/BUILD/llvm-22.1.8/clang/lib/Headers/CMakeLists.txt:808 (install):
  Policy CMP0177 is not set: install() DESTINATION paths are normalized.  Run
  "cmake --help-policy CMP0177" for policy details.  Use the cmake_policy
  command to set the policy and suppress this warning.
This warning is for project developers.  Use -Wno-dev to suppress it.

CMake Warning (dev) at /home/abuild/rpmbuild/BUILD/llvm-22.1.8/clang/lib/Headers/CMakeLists.txt:814 (install):
  Policy CMP0177 is not set: install() DESTINATION paths are normalized.  Run
  "cmake --help-policy CMP0177" for policy details.  Use the cmake_policy
  command to set the policy and suppress this warning.
This warning is for project developers.  Use -Wno-dev to suppress it.

CMake Warning (dev) at /home/abuild/rpmbuild/BUILD/llvm-22.1.8/clang/lib/Headers/CMakeLists.txt:820 (install):
  Policy CMP0177 is not set: install() DESTINATION paths are normalized.  Run
  "cmake --help-policy CMP0177" for policy details.  Use the cmake_policy
  command to set the policy and suppress this warning.
This warning is for project developers.  Use -Wno-dev to suppress it.

CMake Warning (dev) at /home/abuild/rpmbuild/BUILD/llvm-22.1.8/clang/lib/Headers/CMakeLists.txt:826 (install):
  Policy CMP0177 is not set: install() DESTINATION paths are normalized.  Run
  "cmake --help-policy CMP0177" for policy details.  Use the cmake_policy
  command to set the policy and suppress this warning.
This warning is for project developers.  Use -Wno-dev to suppress it.

-- Could NOT find Git (missing: GIT_EXECUTABLE) 
-- Could NOT find Git (missing: GIT_EXECUTABLE) 
-- Could NOT find SWIG (missing: SWIG_EXECUTABLE SWIG_DIR) (Required is at least version "4")
-- Enable SWIG to generate LLDB bindings: FALSE
-- Could NOT find LibEdit (missing: LibEdit_INCLUDE_DIRS LibEdit_LIBRARIES) 
-- Enable editline support in LLDB: FALSE
-- Looking for acs_map
-- Looking for acs_map - found
-- Enable curses support in LLDB: TRUE
-- Enable LZMA compression support in LLDB: TRUE
-- SWIG 4 or later is required for Lua support in LLDB but could not be found
-- Could NOT find LuaAndSwig (missing: LUA_EXECUTABLE LUA_LIBRARIES LUA_INCLUDE_DIR LUA_VERSION_MINOR LUA_VERSION_MAJOR LLDB_ENABLE_SWIG) 
-- Enable Lua scripting support in LLDB: FALSE
-- SWIG 4 or later is required for Python support in LLDB but could not be found
-- Could NOT find PythonAndSwig (missing: Python3_LIBRARIES Python3_INCLUDE_DIRS LLDB_ENABLE_SWIG) 
-- Enable Python scripting support in LLDB: FALSE
-- Found LibXml2: /usr/lib/libxml2.so (found suitable version "2.15.1", minimum required is "2.8")
-- Enable Libxml 2 support in LLDB: TRUE
-- Enable libfbsdvmcore support in LLDB: 0
-- Found Python3: /bin/python3.14 (found version "3.14.2") found components: Interpreter
-- LLDB version: 22.1.8
-- Skipping FreeBSDKernel plugin due to missing libfbsdvmcore
-- Could NOT find Git (missing: GIT_EXECUTABLE) 
-- Symbols (liblldb): exporting all symbols from the lldb namespace
-- Could NOT find Doxygen (missing: DOXYGEN_EXECUTABLE) 
-- Could NOT find Git (missing: GIT_EXECUTABLE) 
-- Google Benchmark version: v0.0.0, normalized to 0.0.0
-- Enabling additional flags: -DINCLUDE_DIRECTORIES=/home/abuild/rpmbuild/BUILD/llvm-22.1.8/third-party/benchmark/include
-- Performing Test HAVE_THREAD_SAFETY_ATTRIBUTES -- success
-- Performing Test HAVE_GNU_POSIX_REGEX -- failed to compile
-- Performing Test HAVE_POSIX_REGEX -- success
-- Performing Test HAVE_STEADY_CLOCK -- success
-- Performing Test HAVE_PTHREAD_AFFINITY -- success
-- Configuring done (5.8s)
-- Generating done (3.1s)
-- Build files have been written to: /home/abuild/rpmbuild/BUILD/llvm-22.1.8/build
+ printf 'FIXED_PATH=%s\n' /bin:/usr/bin:/sbin:/usr/sbin
FIXED_PATH=/bin:/usr/bin:/sbin:/usr/sbin
+ grep -E '^CMAKE_CXX_COMPILER:[A-Z]+=/bin/armv7l-tizen-linux-gnueabi-clang\+\+$' CMakeCache.txt
CMAKE_CXX_COMPILER:UNINITIALIZED=/bin/armv7l-tizen-linux-gnueabi-clang++
+ /bin/armv7l-tizen-linux-gnueabi-clang++ --version
clang version 22.1.8
Target: armv7l-tizen-linux-gnueabi
Thread model: posix
InstalledDir: /usr/bin
Configuration file: /usr/bin/clang++.cfg
+ grep -F 'set(CMAKE_CXX_COMPILER_ID "Clang")' CMakeFiles/3.31.2/CMakeCXXCompiler.cmake
set(CMAKE_CXX_COMPILER_ID "Clang")
+ grep -F 'set(CMAKE_CXX_COMPILER_VERSION "22.1.8")' CMakeFiles/3.31.2/CMakeCXXCompiler.cmake
set(CMAKE_CXX_COMPILER_VERSION "22.1.8")
+ grep -Fx LLVM_ENABLE_LIBCXX:BOOL=ON CMakeCache.txt
LLVM_ENABLE_LIBCXX:BOOL=ON
+ grep -Fx CMAKE_BUILD_TYPE:STRING=MinSizeRel CMakeCache.txt
CMAKE_BUILD_TYPE:STRING=MinSizeRel
+ ninja -t commands lib/Analysis/CMakeFiles/LLVMAnalysis.dir/IVUsers.cpp.o
+ awk '/ -c .*IVUsers.cpp/ {print; found=1} END {if (!found) exit 1}' /tmp/w2c-compiler-commands.txt
/bin/armv7l-tizen-linux-gnueabi-clang++ -DLLVM_EXPORTS -DLLVM_HAVE_TF_AOT_INLINERSIZEMODEL -D_FILE_OFFSET_BITS=64 -D_GLIBCXX_USE_CXX11_ABI=1 -D_GNU_SOURCE -D_LARGEFILE_SOURCE -D__STDC_CONSTANT_MACROS -D__STDC_FORMAT_MACROS -D__STDC_LIMIT_MACROS -I/home/abuild/rpmbuild/BUILD/llvm-22.1.8/build/lib/Analysis -I/home/abuild/rpmbuild/BUILD/llvm-22.1.8/llvm/lib/Analysis -I/home/abuild/rpmbuild/BUILD/llvm-22.1.8/mlgo_verify_assets/mlgo_sysroot/include -I/home/abuild/rpmbuild/BUILD/llvm-22.1.8/build/include -I/home/abuild/rpmbuild/BUILD/llvm-22.1.8/llvm/include -Os -fstack-protector -Wno-unused-command-line-argument -Wno-error=unused-but-set-variable -Wno-error=unused-command-line-argument  -g2 -gdwarf-4 -pipe -Wall -Wp,-D_FORTIFY_SOURCE=2 -fexceptions -Wformat -Wformat-security -fmessage-length=0 -frecord-gcc-switches -march=armv7-a -mtune=cortex-a8 -mlittle-endian -mfpu=neon -mfloat-abi=softfp -mthumb -Wp,-D__SOFTFP__ -D_FILE_OFFSET_BITS=64 -g -stdlib=libc++ -fPIC -fno-semantic-interposition -fvisibility-inlines-hidden -Werror=date-time -Werror=unguarded-availability-new -Wall -Wextra -Wno-unused-parameter -Wwrite-strings -Wcast-qual -Wmissing-field-initializers -pedantic -Wno-long-long -Wc++98-compat-extra-semi -Wimplicit-fallthrough -Wcovered-switch-default -Wno-noexcept-type -Wnon-virtual-dtor -Wdelete-non-virtual-dtor -Wsuggest-override -Wstring-conversion -Wno-pass-failed -Wmisleading-indentation -Wctad-maybe-unsupported -fdiagnostics-color -ffunction-sections -fdata-sections -Os -DNDEBUG -std=c++17 -fno-exceptions -funwind-tables -MD -MT lib/Analysis/CMakeFiles/LLVMAnalysis.dir/IVUsers.cpp.o -MF lib/Analysis/CMakeFiles/LLVMAnalysis.dir/IVUsers.cpp.o.d -o lib/Analysis/CMakeFiles/LLVMAnalysis.dir/IVUsers.cpp.o -c /home/abuild/rpmbuild/BUILD/llvm-22.1.8/llvm/lib/Analysis/IVUsers.cpp
+ awk '/ -c .*IVUsers.cpp/ && /-stdlib=libc\+\+/ {found=1} END {if (!found) exit 1}' /tmp/w2c-compiler-commands.txt
+ printf 'COMPILER_AND_LIBCXX_CONFIG_CHECK=PASS\n'
COMPILER_AND_LIBCXX_CONFIG_CHECK=PASS
+ printf 'W2C_INNER_EXIT=0\n'
W2C_INNER_EXIT=0
