PWD=/home/toolchain/development/libc++_replacement
COMMAND=progress/R43b/tools/build_tests.sh x86_64 
COMMAND=/home/toolchain/development/libc++_replacement/progress/R33/tools/tizen-clang++ -std=c++14 -O0 -g -fexceptions -pthread -stdlib=libc++ -nostdinc++ -I/home/toolchain/development/libc++_replacement/tmp/R42/build-patched-x86_64/include/c++/v1 -I/home/toolchain/development/libc++_replacement/codes/llvm/libcxxabi/include /home/toolchain/development/libc++_replacement/progress/R43b/src/upstream/forced_unwind1.pass.cpp -L/home/toolchain/development/libc++_replacement/tmp/GBS-ROOT/R32-candidates-libcxx-x86_64-20260813-02/local/BUILD-ROOTS/scratch.x86_64.0/usr/lib64 -Wl\,-z\,now -lc++ -lc++abi -o /home/toolchain/development/libc++_replacement/progress/R43b/build/x86_64/libcxx/forced_unwind1 
EXIT_CODE=0
COMMAND=/home/toolchain/development/libc++_replacement/progress/R33/tools/tizen-clang++ -std=c++14 -O0 -g -fexceptions -pthread -I/home/toolchain/development/libc++_replacement/codes/llvm/libcxxabi/include /home/toolchain/development/libc++_replacement/progress/R43b/src/upstream/forced_unwind1.pass.cpp -Wl\,-z\,now -o /home/toolchain/development/libc++_replacement/progress/R43b/build/x86_64/libstdcxx/forced_unwind1 
EXIT_CODE=0
COMMAND=/home/toolchain/development/libc++_replacement/progress/R33/tools/tizen-clang++ -std=c++14 -O0 -g -fexceptions -pthread -stdlib=libc++ -nostdinc++ -I/home/toolchain/development/libc++_replacement/tmp/R42/build-patched-x86_64/include/c++/v1 -I/home/toolchain/development/libc++_replacement/codes/llvm/libcxxabi/include /home/toolchain/development/libc++_replacement/progress/R43b/src/upstream/forced_unwind2.pass.cpp -L/home/toolchain/development/libc++_replacement/tmp/GBS-ROOT/R32-candidates-libcxx-x86_64-20260813-02/local/BUILD-ROOTS/scratch.x86_64.0/usr/lib64 -Wl\,-z\,now -lc++ -lc++abi -o /home/toolchain/development/libc++_replacement/progress/R43b/build/x86_64/libcxx/forced_unwind2 
EXIT_CODE=0
COMMAND=/home/toolchain/development/libc++_replacement/progress/R33/tools/tizen-clang++ -std=c++14 -O0 -g -fexceptions -pthread -I/home/toolchain/development/libc++_replacement/codes/llvm/libcxxabi/include /home/toolchain/development/libc++_replacement/progress/R43b/src/upstream/forced_unwind2.pass.cpp -Wl\,-z\,now -o /home/toolchain/development/libc++_replacement/progress/R43b/build/x86_64/libstdcxx/forced_unwind2 
EXIT_CODE=0
COMMAND=/home/toolchain/development/libc++_replacement/progress/R33/tools/tizen-clang++ -std=c++14 -O0 -g -fexceptions -pthread -stdlib=libc++ -nostdinc++ -I/home/toolchain/development/libc++_replacement/tmp/R42/build-patched-x86_64/include/c++/v1 -I/home/toolchain/development/libc++_replacement/codes/llvm/libcxxabi/include /home/toolchain/development/libc++_replacement/progress/R43b/src/upstream/forced_unwind3.pass.cpp -L/home/toolchain/development/libc++_replacement/tmp/GBS-ROOT/R32-candidates-libcxx-x86_64-20260813-02/local/BUILD-ROOTS/scratch.x86_64.0/usr/lib64 -Wl\,-z\,now -lc++ -lc++abi -o /home/toolchain/development/libc++_replacement/progress/R43b/build/x86_64/libcxx/forced_unwind3 
EXIT_CODE=0
COMMAND=/home/toolchain/development/libc++_replacement/progress/R33/tools/tizen-clang++ -std=c++14 -O0 -g -fexceptions -pthread -I/home/toolchain/development/libc++_replacement/codes/llvm/libcxxabi/include /home/toolchain/development/libc++_replacement/progress/R43b/src/upstream/forced_unwind3.pass.cpp -Wl\,-z\,now -o /home/toolchain/development/libc++_replacement/progress/R43b/build/x86_64/libstdcxx/forced_unwind3 
EXIT_CODE=0
COMMAND=/home/toolchain/development/libc++_replacement/progress/R33/tools/tizen-clang++ -std=c++14 -O0 -g -fexceptions -pthread -stdlib=libc++ -nostdinc++ -I/home/toolchain/development/libc++_replacement/tmp/R42/build-patched-x86_64/include/c++/v1 -I/home/toolchain/development/libc++_replacement/codes/llvm/libcxxabi/include /home/toolchain/development/libc++_replacement/progress/R43b/src/upstream/forced_unwind4.pass.cpp -L/home/toolchain/development/libc++_replacement/tmp/GBS-ROOT/R32-candidates-libcxx-x86_64-20260813-02/local/BUILD-ROOTS/scratch.x86_64.0/usr/lib64 -Wl\,-z\,now -lc++ -lc++abi -o /home/toolchain/development/libc++_replacement/progress/R43b/build/x86_64/libcxx/forced_unwind4 
EXIT_CODE=0
COMMAND=/home/toolchain/development/libc++_replacement/progress/R33/tools/tizen-clang++ -std=c++14 -O0 -g -fexceptions -pthread -I/home/toolchain/development/libc++_replacement/codes/llvm/libcxxabi/include /home/toolchain/development/libc++_replacement/progress/R43b/src/upstream/forced_unwind4.pass.cpp -Wl\,-z\,now -o /home/toolchain/development/libc++_replacement/progress/R43b/build/x86_64/libstdcxx/forced_unwind4 
EXIT_CODE=0
COMMAND=/home/toolchain/development/libc++_replacement/progress/R33/tools/tizen-clang++ -std=c++14 -O0 -g -fexceptions -pthread -stdlib=libc++ -nostdinc++ -I/home/toolchain/development/libc++_replacement/tmp/R42/build-patched-x86_64/include/c++/v1 -I/home/toolchain/development/libc++_replacement/codes/llvm/libcxxabi/include /home/toolchain/development/libc++_replacement/progress/R43b/src/upstream/unwind_01.pass.cpp -L/home/toolchain/development/libc++_replacement/tmp/GBS-ROOT/R32-candidates-libcxx-x86_64-20260813-02/local/BUILD-ROOTS/scratch.x86_64.0/usr/lib64 -Wl\,-z\,now -lc++ -lc++abi -o /home/toolchain/development/libc++_replacement/progress/R43b/build/x86_64/libcxx/unwind_01 
EXIT_CODE=0
COMMAND=/home/toolchain/development/libc++_replacement/progress/R33/tools/tizen-clang++ -std=c++14 -O0 -g -fexceptions -pthread -I/home/toolchain/development/libc++_replacement/codes/llvm/libcxxabi/include /home/toolchain/development/libc++_replacement/progress/R43b/src/upstream/unwind_01.pass.cpp -Wl\,-z\,now -o /home/toolchain/development/libc++_replacement/progress/R43b/build/x86_64/libstdcxx/unwind_01 
EXIT_CODE=0
COMMAND=/home/toolchain/development/libc++_replacement/progress/R33/tools/tizen-clang++ -std=c++14 -O0 -g -fexceptions -pthread -stdlib=libc++ -nostdinc++ -I/home/toolchain/development/libc++_replacement/tmp/R42/build-patched-x86_64/include/c++/v1 -I/home/toolchain/development/libc++_replacement/codes/llvm/libcxxabi/include /home/toolchain/development/libc++_replacement/progress/R43b/src/upstream/unwind_02.pass.cpp -L/home/toolchain/development/libc++_replacement/tmp/GBS-ROOT/R32-candidates-libcxx-x86_64-20260813-02/local/BUILD-ROOTS/scratch.x86_64.0/usr/lib64 -Wl\,-z\,now -lc++ -lc++abi -o /home/toolchain/development/libc++_replacement/progress/R43b/build/x86_64/libcxx/unwind_02 
EXIT_CODE=0
COMMAND=/home/toolchain/development/libc++_replacement/progress/R33/tools/tizen-clang++ -std=c++14 -O0 -g -fexceptions -pthread -I/home/toolchain/development/libc++_replacement/codes/llvm/libcxxabi/include /home/toolchain/development/libc++_replacement/progress/R43b/src/upstream/unwind_02.pass.cpp -Wl\,-z\,now -o /home/toolchain/development/libc++_replacement/progress/R43b/build/x86_64/libstdcxx/unwind_02 
EXIT_CODE=0
COMMAND=/home/toolchain/development/libc++_replacement/progress/R33/tools/tizen-clang++ -std=c++14 -O0 -g -fexceptions -pthread -stdlib=libc++ -nostdinc++ -I/home/toolchain/development/libc++_replacement/tmp/R42/build-patched-x86_64/include/c++/v1 -I/home/toolchain/development/libc++_replacement/codes/llvm/libcxxabi/include /home/toolchain/development/libc++_replacement/progress/R43b/src/upstream/unwind_03.pass.cpp -L/home/toolchain/development/libc++_replacement/tmp/GBS-ROOT/R32-candidates-libcxx-x86_64-20260813-02/local/BUILD-ROOTS/scratch.x86_64.0/usr/lib64 -Wl\,-z\,now -lc++ -lc++abi -o /home/toolchain/development/libc++_replacement/progress/R43b/build/x86_64/libcxx/unwind_03 
EXIT_CODE=0
COMMAND=/home/toolchain/development/libc++_replacement/progress/R33/tools/tizen-clang++ -std=c++14 -O0 -g -fexceptions -pthread -I/home/toolchain/development/libc++_replacement/codes/llvm/libcxxabi/include /home/toolchain/development/libc++_replacement/progress/R43b/src/upstream/unwind_03.pass.cpp -Wl\,-z\,now -o /home/toolchain/development/libc++_replacement/progress/R43b/build/x86_64/libstdcxx/unwind_03 
EXIT_CODE=0
COMMAND=/home/toolchain/development/libc++_replacement/progress/R33/tools/tizen-clang++ -std=c++14 -O0 -g -fexceptions -pthread -stdlib=libc++ -nostdinc++ -I/home/toolchain/development/libc++_replacement/tmp/R42/build-patched-x86_64/include/c++/v1 -I/home/toolchain/development/libc++_replacement/codes/llvm/libcxxabi/include /home/toolchain/development/libc++_replacement/progress/R43b/src/upstream/unwind_04.pass.cpp -L/home/toolchain/development/libc++_replacement/tmp/GBS-ROOT/R32-candidates-libcxx-x86_64-20260813-02/local/BUILD-ROOTS/scratch.x86_64.0/usr/lib64 -Wl\,-z\,now -lc++ -lc++abi -o /home/toolchain/development/libc++_replacement/progress/R43b/build/x86_64/libcxx/unwind_04 
EXIT_CODE=0
COMMAND=/home/toolchain/development/libc++_replacement/progress/R33/tools/tizen-clang++ -std=c++14 -O0 -g -fexceptions -pthread -I/home/toolchain/development/libc++_replacement/codes/llvm/libcxxabi/include /home/toolchain/development/libc++_replacement/progress/R43b/src/upstream/unwind_04.pass.cpp -Wl\,-z\,now -o /home/toolchain/development/libc++_replacement/progress/R43b/build/x86_64/libstdcxx/unwind_04 
EXIT_CODE=0
COMMAND=/home/toolchain/development/libc++_replacement/progress/R33/tools/tizen-clang++ -std=c++14 -O0 -g -fexceptions -pthread -stdlib=libc++ -nostdinc++ -I/home/toolchain/development/libc++_replacement/tmp/R42/build-patched-x86_64/include/c++/v1 -I/home/toolchain/development/libc++_replacement/codes/llvm/libcxxabi/include /home/toolchain/development/libc++_replacement/progress/R43b/src/upstream/unwind_05.pass.cpp -L/home/toolchain/development/libc++_replacement/tmp/GBS-ROOT/R32-candidates-libcxx-x86_64-20260813-02/local/BUILD-ROOTS/scratch.x86_64.0/usr/lib64 -Wl\,-z\,now -lc++ -lc++abi -o /home/toolchain/development/libc++_replacement/progress/R43b/build/x86_64/libcxx/unwind_05 
EXIT_CODE=0
COMMAND=/home/toolchain/development/libc++_replacement/progress/R33/tools/tizen-clang++ -std=c++14 -O0 -g -fexceptions -pthread -I/home/toolchain/development/libc++_replacement/codes/llvm/libcxxabi/include /home/toolchain/development/libc++_replacement/progress/R43b/src/upstream/unwind_05.pass.cpp -Wl\,-z\,now -o /home/toolchain/development/libc++_replacement/progress/R43b/build/x86_64/libstdcxx/unwind_05 
EXIT_CODE=0
COMMAND=/home/toolchain/development/libc++_replacement/progress/R33/tools/tizen-clang++ -std=c++14 -Os -g -fexceptions -pthread -stdlib=libc++ -nostdinc++ -I/home/toolchain/development/libc++_replacement/tmp/R42/build-patched-x86_64/include/c++/v1 -I/home/toolchain/development/libc++_replacement/codes/llvm/libcxxabi/include /home/toolchain/development/libc++_replacement/progress/R43b/src/upstream/unwind_06.pass.cpp -L/home/toolchain/development/libc++_replacement/tmp/GBS-ROOT/R32-candidates-libcxx-x86_64-20260813-02/local/BUILD-ROOTS/scratch.x86_64.0/usr/lib64 -Wl\,-z\,now -lc++ -lc++abi -o /home/toolchain/development/libc++_replacement/progress/R43b/build/x86_64/libcxx/unwind_06 
EXIT_CODE=0
COMMAND=/home/toolchain/development/libc++_replacement/progress/R33/tools/tizen-clang++ -std=c++14 -Os -g -fexceptions -pthread -I/home/toolchain/development/libc++_replacement/codes/llvm/libcxxabi/include /home/toolchain/development/libc++_replacement/progress/R43b/src/upstream/unwind_06.pass.cpp -Wl\,-z\,now -o /home/toolchain/development/libc++_replacement/progress/R43b/build/x86_64/libstdcxx/unwind_06 
EXIT_CODE=0
COMMAND=/home/toolchain/development/libc++_replacement/progress/R33/tools/tizen-clang++ -std=c++17 -O0 -g -fexceptions -pthread -stdlib=libc++ -nostdinc++ -I/home/toolchain/development/libc++_replacement/tmp/R42/build-patched-x86_64/include/c++/v1 /home/toolchain/development/libc++_replacement/progress/R43b/src/stdlib_cancel_probe.cpp -L/home/toolchain/development/libc++_replacement/tmp/GBS-ROOT/R32-candidates-libcxx-x86_64-20260813-02/local/BUILD-ROOTS/scratch.x86_64.0/usr/lib64 -Wl\,-z\,now -lc++ -lc++abi -o /home/toolchain/development/libc++_replacement/progress/R43b/build/x86_64/libcxx/stdlib_cancel_probe 
EXIT_CODE=0
COMMAND=/home/toolchain/development/libc++_replacement/progress/R33/tools/tizen-clang++ -std=c++17 -O0 -g -fexceptions -pthread /home/toolchain/development/libc++_replacement/progress/R43b/src/stdlib_cancel_probe.cpp -Wl\,-z\,now -o /home/toolchain/development/libc++_replacement/progress/R43b/build/x86_64/libstdcxx/stdlib_cancel_probe 
EXIT_CODE=0
/home/toolchain/development/libc++_replacement/progress/R43b/build/x86_64/libcxx/forced_unwind1: ELF 64-bit LSB pie executable, x86-64, version 1 (SYSV), dynamically linked, interpreter /lib64/ld-linux-x86-64.so.2, for GNU/Linux 3.2.0, with debug_info, not stripped
ec145009cd3764448965eba5a3775ce2a832214b833be94e3ecc7f5bff386006  /home/toolchain/development/libc++_replacement/progress/R43b/build/x86_64/libcxx/forced_unwind1

Dynamic section at offset 0x2d38 contains 32 entries:
  Tag        Type                         Name/Value
 0x0000000000000001 (NEEDED)             Shared library: [libc++.so.1]
 0x0000000000000001 (NEEDED)             Shared library: [libc++abi.so.1]
 0x0000000000000001 (NEEDED)             Shared library: [libm.so.6]
 0x0000000000000001 (NEEDED)             Shared library: [libgcc_s.so.1]
 0x0000000000000001 (NEEDED)             Shared library: [libpthread.so.0]
 0x0000000000000001 (NEEDED)             Shared library: [libc.so.6]
 0x000000000000000c (INIT)               0x1000
 0x000000000000000d (FINI)               0x13f8
 0x0000000000000019 (INIT_ARRAY)         0x3d28
 0x000000000000001b (INIT_ARRAYSZ)       8 (bytes)
 0x000000000000001a (FINI_ARRAY)         0x3d30
 0x000000000000001c (FINI_ARRAYSZ)       8 (bytes)
 0x000000006ffffef5 (GNU_HASH)           0x378
 0x0000000000000005 (STRTAB)             0x538
 0x0000000000000006 (SYMTAB)             0x3a0
 0x000000000000000a (STRSZ)              358 (bytes)
 0x000000000000000b (SYMENT)             24 (bytes)
 0x0000000000000015 (DEBUG)              0x0
 0x0000000000000003 (PLTGOT)             0x3f78
 0x0000000000000002 (PLTRELSZ)           216 (bytes)
 0x0000000000000014 (PLTREL)             RELA
 0x0000000000000017 (JMPREL)             0x820
 0x0000000000000007 (RELA)               0x730
 0x0000000000000008 (RELASZ)             240 (bytes)
 0x0000000000000009 (RELAENT)            24 (bytes)
 0x000000000000001e (FLAGS)              BIND_NOW
 0x000000006ffffffb (FLAGS_1)            Flags: NOW PIE
 0x000000006ffffffe (VERNEED)            0x6c0
 0x000000006fffffff (VERNEEDNUM)         3
 0x000000006ffffff0 (VERSYM)             0x69e
 0x000000006ffffff9 (RELACOUNT)          3
 0x0000000000000000 (NULL)               0x0
/home/toolchain/development/libc++_replacement/progress/R43b/build/x86_64/libcxx/forced_unwind2: ELF 64-bit LSB pie executable, x86-64, version 1 (SYSV), dynamically linked, interpreter /lib64/ld-linux-x86-64.so.2, for GNU/Linux 3.2.0, with debug_info, not stripped
9c0205e749ce0498cc01946c2a18399fcde89c17f4186e1b95ffa8716b40f86a  /home/toolchain/development/libc++_replacement/progress/R43b/build/x86_64/libcxx/forced_unwind2

Dynamic section at offset 0x2d50 contains 32 entries:
  Tag        Type                         Name/Value
 0x0000000000000001 (NEEDED)             Shared library: [libc++.so.1]
 0x0000000000000001 (NEEDED)             Shared library: [libc++abi.so.1]
 0x0000000000000001 (NEEDED)             Shared library: [libm.so.6]
 0x0000000000000001 (NEEDED)             Shared library: [libgcc_s.so.1]
 0x0000000000000001 (NEEDED)             Shared library: [libpthread.so.0]
 0x0000000000000001 (NEEDED)             Shared library: [libc.so.6]
 0x000000000000000c (INIT)               0x1000
 0x000000000000000d (FINI)               0x1258
 0x0000000000000019 (INIT_ARRAY)         0x3d40
 0x000000000000001b (INIT_ARRAYSZ)       8 (bytes)
 0x000000000000001a (FINI_ARRAY)         0x3d48
 0x000000000000001c (FINI_ARRAYSZ)       8 (bytes)
 0x000000006ffffef5 (GNU_HASH)           0x378
 0x0000000000000005 (STRTAB)             0x4d8
 0x0000000000000006 (SYMTAB)             0x3a0
 0x000000000000000a (STRSZ)              331 (bytes)
 0x000000000000000b (SYMENT)             24 (bytes)
 0x0000000000000015 (DEBUG)              0x0
 0x0000000000000003 (PLTGOT)             0x3f90
 0x0000000000000002 (PLTRELSZ)           144 (bytes)
 0x0000000000000014 (PLTREL)             RELA
 0x0000000000000017 (JMPREL)             0x788
 0x0000000000000007 (RELA)               0x6b0
 0x0000000000000008 (RELASZ)             216 (bytes)
 0x0000000000000009 (RELAENT)            24 (bytes)
 0x000000000000001e (FLAGS)              BIND_NOW
 0x000000006ffffffb (FLAGS_1)            Flags: NOW PIE
 0x000000006ffffffe (VERNEED)            0x640
 0x000000006fffffff (VERNEEDNUM)         3
 0x000000006ffffff0 (VERSYM)             0x624
 0x000000006ffffff9 (RELACOUNT)          3
 0x0000000000000000 (NULL)               0x0
/home/toolchain/development/libc++_replacement/progress/R43b/build/x86_64/libcxx/forced_unwind3: ELF 64-bit LSB pie executable, x86-64, version 1 (SYSV), dynamically linked, interpreter /lib64/ld-linux-x86-64.so.2, for GNU/Linux 3.2.0, with debug_info, not stripped
e0abd1452bc8c105ff506914ba9aa8e32b12904050f1daad937f3f54ae4bb1f2  /home/toolchain/development/libc++_replacement/progress/R43b/build/x86_64/libcxx/forced_unwind3

Dynamic section at offset 0x2cf0 contains 32 entries:
  Tag        Type                         Name/Value
 0x0000000000000001 (NEEDED)             Shared library: [libc++.so.1]
 0x0000000000000001 (NEEDED)             Shared library: [libc++abi.so.1]
 0x0000000000000001 (NEEDED)             Shared library: [libm.so.6]
 0x0000000000000001 (NEEDED)             Shared library: [libgcc_s.so.1]
 0x0000000000000001 (NEEDED)             Shared library: [libpthread.so.0]
 0x0000000000000001 (NEEDED)             Shared library: [libc.so.6]
 0x000000000000000c (INIT)               0x1000
 0x000000000000000d (FINI)               0x1a8c
 0x0000000000000019 (INIT_ARRAY)         0x3ce0
 0x000000000000001b (INIT_ARRAYSZ)       8 (bytes)
 0x000000000000001a (FINI_ARRAY)         0x3ce8
 0x000000000000001c (FINI_ARRAYSZ)       8 (bytes)
 0x000000006ffffef5 (GNU_HASH)           0x378
 0x0000000000000005 (STRTAB)             0x5f8
 0x0000000000000006 (SYMTAB)             0x3a0
 0x000000000000000a (STRSZ)              568 (bytes)
 0x000000000000000b (SYMENT)             24 (bytes)
 0x0000000000000015 (DEBUG)              0x0
 0x0000000000000003 (PLTGOT)             0x3f30
 0x0000000000000002 (PLTRELSZ)           432 (bytes)
 0x0000000000000014 (PLTREL)             RELA
 0x0000000000000017 (JMPREL)             0x9d0
 0x0000000000000007 (RELA)               0x8f8
 0x0000000000000008 (RELASZ)             216 (bytes)
 0x0000000000000009 (RELAENT)            24 (bytes)
 0x000000000000001e (FLAGS)              BIND_NOW
 0x000000006ffffffb (FLAGS_1)            Flags: NOW PIE
 0x000000006ffffffe (VERNEED)            0x868
 0x000000006fffffff (VERNEEDNUM)         4
 0x000000006ffffff0 (VERSYM)             0x830
 0x000000006ffffff9 (RELACOUNT)          3
 0x0000000000000000 (NULL)               0x0
/home/toolchain/development/libc++_replacement/progress/R43b/build/x86_64/libcxx/forced_unwind4: ELF 64-bit LSB pie executable, x86-64, version 1 (SYSV), dynamically linked, interpreter /lib64/ld-linux-x86-64.so.2, for GNU/Linux 3.2.0, with debug_info, not stripped
f676f405fbf3ccccd5c66d03e736024ae26359f255299cdcee8491207f42780c  /home/toolchain/development/libc++_replacement/progress/R43b/build/x86_64/libcxx/forced_unwind4

Dynamic section at offset 0x2d08 contains 32 entries:
  Tag        Type                         Name/Value
 0x0000000000000001 (NEEDED)             Shared library: [libc++.so.1]
 0x0000000000000001 (NEEDED)             Shared library: [libc++abi.so.1]
 0x0000000000000001 (NEEDED)             Shared library: [libm.so.6]
 0x0000000000000001 (NEEDED)             Shared library: [libgcc_s.so.1]
 0x0000000000000001 (NEEDED)             Shared library: [libpthread.so.0]
 0x0000000000000001 (NEEDED)             Shared library: [libc.so.6]
 0x000000000000000c (INIT)               0x1000
 0x000000000000000d (FINI)               0x1e84
 0x0000000000000019 (INIT_ARRAY)         0x3cf0
 0x000000000000001b (INIT_ARRAYSZ)       16 (bytes)
 0x000000000000001a (FINI_ARRAY)         0x3d00
 0x000000000000001c (FINI_ARRAYSZ)       8 (bytes)
 0x000000006ffffef5 (GNU_HASH)           0x378
 0x0000000000000005 (STRTAB)             0x5b0
 0x0000000000000006 (SYMTAB)             0x3a0
 0x000000000000000a (STRSZ)              574 (bytes)
 0x000000000000000b (SYMENT)             24 (bytes)
 0x0000000000000015 (DEBUG)              0x0
 0x0000000000000003 (PLTGOT)             0x3f48
 0x0000000000000002 (PLTRELSZ)           336 (bytes)
 0x0000000000000014 (PLTREL)             RELA
 0x0000000000000017 (JMPREL)             0x9b8
 0x0000000000000007 (RELA)               0x8b0
 0x0000000000000008 (RELASZ)             264 (bytes)
 0x0000000000000009 (RELAENT)            24 (bytes)
 0x000000000000001e (FLAGS)              BIND_NOW
 0x000000006ffffffb (FLAGS_1)            Flags: NOW PIE
 0x000000006ffffffe (VERNEED)            0x820
 0x000000006fffffff (VERNEEDNUM)         4
 0x000000006ffffff0 (VERSYM)             0x7ee
 0x000000006ffffff9 (RELACOUNT)          4
 0x0000000000000000 (NULL)               0x0
/home/toolchain/development/libc++_replacement/progress/R43b/build/x86_64/libcxx/stdlib_cancel_probe: ELF 64-bit LSB pie executable, x86-64, version 1 (SYSV), dynamically linked, interpreter /lib64/ld-linux-x86-64.so.2, for GNU/Linux 3.2.0, with debug_info, not stripped
24289dd51cc7e80871a171b1fc492f7089df139f71e7dc60690c7095d6730315  /home/toolchain/development/libc++_replacement/progress/R43b/build/x86_64/libcxx/stdlib_cancel_probe

Dynamic section at offset 0x8ba0 contains 32 entries:
  Tag        Type                         Name/Value
 0x0000000000000001 (NEEDED)             Shared library: [libc++.so.1]
 0x0000000000000001 (NEEDED)             Shared library: [libc++abi.so.1]
 0x0000000000000001 (NEEDED)             Shared library: [libm.so.6]
 0x0000000000000001 (NEEDED)             Shared library: [libgcc_s.so.1]
 0x0000000000000001 (NEEDED)             Shared library: [libpthread.so.0]
 0x0000000000000001 (NEEDED)             Shared library: [libc.so.6]
 0x000000000000000c (INIT)               0x2000
 0x000000000000000d (FINI)               0x57ac
 0x0000000000000019 (INIT_ARRAY)         0x8ae8
 0x000000000000001b (INIT_ARRAYSZ)       8 (bytes)
 0x000000000000001a (FINI_ARRAY)         0x8af0
 0x000000000000001c (FINI_ARRAYSZ)       8 (bytes)
 0x000000006ffffef5 (GNU_HASH)           0x378
 0x0000000000000005 (STRTAB)             0xa30
 0x0000000000000006 (SYMTAB)             0x3a0
 0x000000000000000a (STRSZ)              2001 (bytes)
 0x000000000000000b (SYMENT)             24 (bytes)
 0x0000000000000015 (DEBUG)              0x0
 0x0000000000000003 (PLTGOT)             0x8de0
 0x0000000000000002 (PLTRELSZ)           1176 (bytes)
 0x0000000000000014 (PLTREL)             RELA
 0x0000000000000017 (JMPREL)             0x16c8
 0x0000000000000007 (RELA)               0x1320
 0x0000000000000008 (RELASZ)             936 (bytes)
 0x0000000000000009 (RELAENT)            24 (bytes)
 0x000000000000001e (FLAGS)              BIND_NOW
 0x000000006ffffffb (FLAGS_1)            Flags: NOW PIE
 0x000000006ffffffe (VERNEED)            0x1290
 0x000000006fffffff (VERNEEDNUM)         4
 0x000000006ffffff0 (VERSYM)             0x1202
 0x000000006ffffff9 (RELACOUNT)          16
 0x0000000000000000 (NULL)               0x0
/home/toolchain/development/libc++_replacement/progress/R43b/build/x86_64/libcxx/unwind_01: ELF 64-bit LSB pie executable, x86-64, version 1 (SYSV), dynamically linked, interpreter /lib64/ld-linux-x86-64.so.2, for GNU/Linux 3.2.0, with debug_info, not stripped
3a0733120fda21a617c7e2f3d5013159732e6ae63bda3ae8284d144a260f1c2b  /home/toolchain/development/libc++_replacement/progress/R43b/build/x86_64/libcxx/unwind_01

Dynamic section at offset 0x2d48 contains 32 entries:
  Tag        Type                         Name/Value
 0x0000000000000001 (NEEDED)             Shared library: [libc++.so.1]
 0x0000000000000001 (NEEDED)             Shared library: [libc++abi.so.1]
 0x0000000000000001 (NEEDED)             Shared library: [libm.so.6]
 0x0000000000000001 (NEEDED)             Shared library: [libgcc_s.so.1]
 0x0000000000000001 (NEEDED)             Shared library: [libpthread.so.0]
 0x0000000000000001 (NEEDED)             Shared library: [libc.so.6]
 0x000000000000000c (INIT)               0x1000
 0x000000000000000d (FINI)               0x15b0
 0x0000000000000019 (INIT_ARRAY)         0x3d38
 0x000000000000001b (INIT_ARRAYSZ)       8 (bytes)
 0x000000000000001a (FINI_ARRAY)         0x3d40
 0x000000000000001c (FINI_ARRAYSZ)       8 (bytes)
 0x000000006ffffef5 (GNU_HASH)           0x378
 0x0000000000000005 (STRTAB)             0x520
 0x0000000000000006 (SYMTAB)             0x3a0
 0x000000000000000a (STRSZ)              359 (bytes)
 0x000000000000000b (SYMENT)             24 (bytes)
 0x0000000000000015 (DEBUG)              0x0
 0x0000000000000003 (PLTGOT)             0x3f88
 0x0000000000000002 (PLTRELSZ)           144 (bytes)
 0x0000000000000014 (PLTREL)             RELA
 0x0000000000000017 (JMPREL)             0x850
 0x0000000000000007 (RELA)               0x718
 0x0000000000000008 (RELASZ)             312 (bytes)
 0x0000000000000009 (RELAENT)            24 (bytes)
 0x000000000000001e (FLAGS)              BIND_NOW
 0x000000006ffffffb (FLAGS_1)            Flags: NOW PIE
 0x000000006ffffffe (VERNEED)            0x6a8
 0x000000006fffffff (VERNEEDNUM)         3
 0x000000006ffffff0 (VERSYM)             0x688
 0x000000006ffffff9 (RELACOUNT)          3
 0x0000000000000000 (NULL)               0x0
/home/toolchain/development/libc++_replacement/progress/R43b/build/x86_64/libcxx/unwind_02: ELF 64-bit LSB pie executable, x86-64, version 1 (SYSV), dynamically linked, interpreter /lib64/ld-linux-x86-64.so.2, for GNU/Linux 3.2.0, with debug_info, not stripped
9cc87313470291e8feb332a88f5bfa0ebe815ddc4ad3bc39097259c90f9c4458  /home/toolchain/development/libc++_replacement/progress/R43b/build/x86_64/libcxx/unwind_02

Dynamic section at offset 0x2d40 contains 32 entries:
  Tag        Type                         Name/Value
 0x0000000000000001 (NEEDED)             Shared library: [libc++.so.1]
 0x0000000000000001 (NEEDED)             Shared library: [libc++abi.so.1]
 0x0000000000000001 (NEEDED)             Shared library: [libm.so.6]
 0x0000000000000001 (NEEDED)             Shared library: [libgcc_s.so.1]
 0x0000000000000001 (NEEDED)             Shared library: [libpthread.so.0]
 0x0000000000000001 (NEEDED)             Shared library: [libc.so.6]
 0x000000000000000c (INIT)               0x1000
 0x000000000000000d (FINI)               0x15e0
 0x0000000000000019 (INIT_ARRAY)         0x3d30
 0x000000000000001b (INIT_ARRAYSZ)       8 (bytes)
 0x000000000000001a (FINI_ARRAY)         0x3d38
 0x000000000000001c (FINI_ARRAYSZ)       8 (bytes)
 0x000000006ffffef5 (GNU_HASH)           0x378
 0x0000000000000005 (STRTAB)             0x568
 0x0000000000000006 (SYMTAB)             0x3a0
 0x000000000000000a (STRSZ)              393 (bytes)
 0x000000000000000b (SYMENT)             24 (bytes)
 0x0000000000000015 (DEBUG)              0x0
 0x0000000000000003 (PLTGOT)             0x3f80
 0x0000000000000002 (PLTRELSZ)           168 (bytes)
 0x0000000000000014 (PLTREL)             RELA
 0x0000000000000017 (JMPREL)             0x8f0
 0x0000000000000007 (RELA)               0x788
 0x0000000000000008 (RELASZ)             360 (bytes)
 0x0000000000000009 (RELAENT)            24 (bytes)
 0x000000000000001e (FLAGS)              BIND_NOW
 0x000000006ffffffb (FLAGS_1)            Flags: NOW PIE
 0x000000006ffffffe (VERNEED)            0x718
 0x000000006fffffff (VERNEEDNUM)         3
 0x000000006ffffff0 (VERSYM)             0x6f2
 0x000000006ffffff9 (RELACOUNT)          3
 0x0000000000000000 (NULL)               0x0
/home/toolchain/development/libc++_replacement/progress/R43b/build/x86_64/libcxx/unwind_03: ELF 64-bit LSB pie executable, x86-64, version 1 (SYSV), dynamically linked, interpreter /lib64/ld-linux-x86-64.so.2, for GNU/Linux 3.2.0, with debug_info, not stripped
cbdb9acc0f3ac60ad86610d594d1876e09db25c928c9592e25191d103efcafc1  /home/toolchain/development/libc++_replacement/progress/R43b/build/x86_64/libcxx/unwind_03

Dynamic section at offset 0x2d30 contains 32 entries:
  Tag        Type                         Name/Value
 0x0000000000000001 (NEEDED)             Shared library: [libc++.so.1]
 0x0000000000000001 (NEEDED)             Shared library: [libc++abi.so.1]
 0x0000000000000001 (NEEDED)             Shared library: [libm.so.6]
 0x0000000000000001 (NEEDED)             Shared library: [libgcc_s.so.1]
 0x0000000000000001 (NEEDED)             Shared library: [libpthread.so.0]
 0x0000000000000001 (NEEDED)             Shared library: [libc.so.6]
 0x000000000000000c (INIT)               0x1000
 0x000000000000000d (FINI)               0x15b0
 0x0000000000000019 (INIT_ARRAY)         0x3d20
 0x000000000000001b (INIT_ARRAYSZ)       8 (bytes)
 0x000000000000001a (FINI_ARRAY)         0x3d28
 0x000000000000001c (FINI_ARRAYSZ)       8 (bytes)
 0x000000006ffffef5 (GNU_HASH)           0x378
 0x0000000000000005 (STRTAB)             0x598
 0x0000000000000006 (SYMTAB)             0x3a0
 0x000000000000000a (STRSZ)              424 (bytes)
 0x000000000000000b (SYMENT)             24 (bytes)
 0x0000000000000015 (DEBUG)              0x0
 0x0000000000000003 (PLTGOT)             0x3f70
 0x0000000000000002 (PLTRELSZ)           216 (bytes)
 0x0000000000000014 (PLTREL)             RELA
 0x0000000000000017 (JMPREL)             0x948
 0x0000000000000007 (RELA)               0x7e0
 0x0000000000000008 (RELASZ)             360 (bytes)
 0x0000000000000009 (RELAENT)            24 (bytes)
 0x000000000000001e (FLAGS)              BIND_NOW
 0x000000006ffffffb (FLAGS_1)            Flags: NOW PIE
 0x000000006ffffffe (VERNEED)            0x770
 0x000000006fffffff (VERNEEDNUM)         3
 0x000000006ffffff0 (VERSYM)             0x740
 0x000000006ffffff9 (RELACOUNT)          3
 0x0000000000000000 (NULL)               0x0
/home/toolchain/development/libc++_replacement/progress/R43b/build/x86_64/libcxx/unwind_04: ELF 64-bit LSB pie executable, x86-64, version 1 (SYSV), dynamically linked, interpreter /lib64/ld-linux-x86-64.so.2, for GNU/Linux 3.2.0, with debug_info, not stripped
8c8f998b8ecccc5bf2320080636ef42f731d46ad7aab320c98d7fa2d4013b5e4  /home/toolchain/development/libc++_replacement/progress/R43b/build/x86_64/libcxx/unwind_04

Dynamic section at offset 0x2d30 contains 32 entries:
  Tag        Type                         Name/Value
 0x0000000000000001 (NEEDED)             Shared library: [libc++.so.1]
 0x0000000000000001 (NEEDED)             Shared library: [libc++abi.so.1]
 0x0000000000000001 (NEEDED)             Shared library: [libm.so.6]
 0x0000000000000001 (NEEDED)             Shared library: [libgcc_s.so.1]
 0x0000000000000001 (NEEDED)             Shared library: [libpthread.so.0]
 0x0000000000000001 (NEEDED)             Shared library: [libc.so.6]
 0x000000000000000c (INIT)               0x1000
 0x000000000000000d (FINI)               0x1660
 0x0000000000000019 (INIT_ARRAY)         0x3d20
 0x000000000000001b (INIT_ARRAYSZ)       8 (bytes)
 0x000000000000001a (FINI_ARRAY)         0x3d28
 0x000000000000001c (FINI_ARRAYSZ)       8 (bytes)
 0x000000006ffffef5 (GNU_HASH)           0x378
 0x0000000000000005 (STRTAB)             0x580
 0x0000000000000006 (SYMTAB)             0x3a0
 0x000000000000000a (STRSZ)              419 (bytes)
 0x000000000000000b (SYMENT)             24 (bytes)
 0x0000000000000015 (DEBUG)              0x0
 0x0000000000000003 (PLTGOT)             0x3f70
 0x0000000000000002 (PLTRELSZ)           192 (bytes)
 0x0000000000000014 (PLTREL)             RELA
 0x0000000000000017 (JMPREL)             0x940
 0x0000000000000007 (RELA)               0x7c0
 0x0000000000000008 (RELASZ)             384 (bytes)
 0x0000000000000009 (RELAENT)            24 (bytes)
 0x000000000000001e (FLAGS)              BIND_NOW
 0x000000006ffffffb (FLAGS_1)            Flags: NOW PIE
 0x000000006ffffffe (VERNEED)            0x750
 0x000000006fffffff (VERNEEDNUM)         3
 0x000000006ffffff0 (VERSYM)             0x724
 0x000000006ffffff9 (RELACOUNT)          3
 0x0000000000000000 (NULL)               0x0
/home/toolchain/development/libc++_replacement/progress/R43b/build/x86_64/libcxx/unwind_05: ELF 64-bit LSB pie executable, x86-64, version 1 (SYSV), dynamically linked, interpreter /lib64/ld-linux-x86-64.so.2, for GNU/Linux 3.2.0, with debug_info, not stripped
ec91180032578e7705cc8c1fac07dc91e02e3d49b40e983623ef2afffed3ec8b  /home/toolchain/development/libc++_replacement/progress/R43b/build/x86_64/libcxx/unwind_05

Dynamic section at offset 0x2d30 contains 32 entries:
  Tag        Type                         Name/Value
 0x0000000000000001 (NEEDED)             Shared library: [libc++.so.1]
 0x0000000000000001 (NEEDED)             Shared library: [libc++abi.so.1]
 0x0000000000000001 (NEEDED)             Shared library: [libm.so.6]
 0x0000000000000001 (NEEDED)             Shared library: [libgcc_s.so.1]
 0x0000000000000001 (NEEDED)             Shared library: [libpthread.so.0]
 0x0000000000000001 (NEEDED)             Shared library: [libc.so.6]
 0x000000000000000c (INIT)               0x1000
 0x000000000000000d (FINI)               0x1660
 0x0000000000000019 (INIT_ARRAY)         0x3d20
 0x000000000000001b (INIT_ARRAYSZ)       8 (bytes)
 0x000000000000001a (FINI_ARRAY)         0x3d28
 0x000000000000001c (FINI_ARRAYSZ)       8 (bytes)
 0x000000006ffffef5 (GNU_HASH)           0x378
 0x0000000000000005 (STRTAB)             0x5b0
 0x0000000000000006 (SYMTAB)             0x3a0
 0x000000000000000a (STRSZ)              455 (bytes)
 0x000000000000000b (SYMENT)             24 (bytes)
 0x0000000000000015 (DEBUG)              0x0
 0x0000000000000003 (PLTGOT)             0x3f70
 0x0000000000000002 (PLTRELSZ)           216 (bytes)
 0x0000000000000014 (PLTREL)             RELA
 0x0000000000000017 (JMPREL)             0x998
 0x0000000000000007 (RELA)               0x818
 0x0000000000000008 (RELASZ)             384 (bytes)
 0x0000000000000009 (RELAENT)            24 (bytes)
 0x000000000000001e (FLAGS)              BIND_NOW
 0x000000006ffffffb (FLAGS_1)            Flags: NOW PIE
 0x000000006ffffffe (VERNEED)            0x7a8
 0x000000006fffffff (VERNEEDNUM)         3
 0x000000006ffffff0 (VERSYM)             0x778
 0x000000006ffffff9 (RELACOUNT)          3
 0x0000000000000000 (NULL)               0x0
/home/toolchain/development/libc++_replacement/progress/R43b/build/x86_64/libcxx/unwind_06: ELF 64-bit LSB pie executable, x86-64, version 1 (SYSV), dynamically linked, interpreter /lib64/ld-linux-x86-64.so.2, for GNU/Linux 3.2.0, with debug_info, not stripped
de64cfe76d53617e2ed41490469875e4c5c1569d278c217277985489d8b1d9f8  /home/toolchain/development/libc++_replacement/progress/R43b/build/x86_64/libcxx/unwind_06

Dynamic section at offset 0x3d48 contains 32 entries:
  Tag        Type                         Name/Value
 0x0000000000000001 (NEEDED)             Shared library: [libc++.so.1]
 0x0000000000000001 (NEEDED)             Shared library: [libc++abi.so.1]
 0x0000000000000001 (NEEDED)             Shared library: [libm.so.6]
 0x0000000000000001 (NEEDED)             Shared library: [libgcc_s.so.1]
 0x0000000000000001 (NEEDED)             Shared library: [libpthread.so.0]
 0x0000000000000001 (NEEDED)             Shared library: [libc.so.6]
 0x000000000000000c (INIT)               0x1000
 0x000000000000000d (FINI)               0x2dec
 0x0000000000000019 (INIT_ARRAY)         0x4d38
 0x000000000000001b (INIT_ARRAYSZ)       8 (bytes)
 0x000000000000001a (FINI_ARRAY)         0x4d40
 0x000000000000001c (FINI_ARRAYSZ)       8 (bytes)
 0x000000006ffffef5 (GNU_HASH)           0x378
 0x0000000000000005 (STRTAB)             0x4f0
 0x0000000000000006 (SYMTAB)             0x3a0
 0x000000000000000a (STRSZ)              346 (bytes)
 0x000000000000000b (SYMENT)             24 (bytes)
 0x0000000000000015 (DEBUG)              0x0
 0x0000000000000003 (PLTGOT)             0x4f88
 0x0000000000000002 (PLTRELSZ)           144 (bytes)
 0x0000000000000014 (PLTREL)             RELA
 0x0000000000000017 (JMPREL)             0x7f8
 0x0000000000000007 (RELA)               0x6d8
 0x0000000000000008 (RELASZ)             288 (bytes)
 0x0000000000000009 (RELAENT)            24 (bytes)
 0x000000000000001e (FLAGS)              BIND_NOW
 0x000000006ffffffb (FLAGS_1)            Flags: NOW PIE
 0x000000006ffffffe (VERNEED)            0x668
 0x000000006fffffff (VERNEEDNUM)         3
 0x000000006ffffff0 (VERSYM)             0x64a
 0x000000006ffffff9 (RELACOUNT)          4
 0x0000000000000000 (NULL)               0x0
/home/toolchain/development/libc++_replacement/progress/R43b/build/x86_64/libstdcxx/forced_unwind1: ELF 64-bit LSB pie executable, x86-64, version 1 (SYSV), dynamically linked, interpreter /lib64/ld-linux-x86-64.so.2, for GNU/Linux 3.2.0, with debug_info, not stripped
7e71e6ad2b455837788d6fe159e8cb856b418405c4282832b0223cb89a1ebfc6  /home/toolchain/development/libc++_replacement/progress/R43b/build/x86_64/libstdcxx/forced_unwind1

Dynamic section at offset 0x2d48 contains 31 entries:
  Tag        Type                         Name/Value
 0x0000000000000001 (NEEDED)             Shared library: [libstdc++.so.6]
 0x0000000000000001 (NEEDED)             Shared library: [libm.so.6]
 0x0000000000000001 (NEEDED)             Shared library: [libgcc_s.so.1]
 0x0000000000000001 (NEEDED)             Shared library: [libpthread.so.0]
 0x0000000000000001 (NEEDED)             Shared library: [libc.so.6]
 0x000000000000000c (INIT)               0x1000
 0x000000000000000d (FINI)               0x13f8
 0x0000000000000019 (INIT_ARRAY)         0x3d38
 0x000000000000001b (INIT_ARRAYSZ)       8 (bytes)
 0x000000000000001a (FINI_ARRAY)         0x3d40
 0x000000000000001c (FINI_ARRAYSZ)       8 (bytes)
 0x000000006ffffef5 (GNU_HASH)           0x378
 0x0000000000000005 (STRTAB)             0x538
 0x0000000000000006 (SYMTAB)             0x3a0
 0x000000000000000a (STRSZ)              374 (bytes)
 0x000000000000000b (SYMENT)             24 (bytes)
 0x0000000000000015 (DEBUG)              0x0
 0x0000000000000003 (PLTGOT)             0x3f78
 0x0000000000000002 (PLTRELSZ)           216 (bytes)
 0x0000000000000014 (PLTREL)             RELA
 0x0000000000000017 (JMPREL)             0x850
 0x0000000000000007 (RELA)               0x760
 0x0000000000000008 (RELASZ)             240 (bytes)
 0x0000000000000009 (RELAENT)            24 (bytes)
 0x000000000000001e (FLAGS)              BIND_NOW
 0x000000006ffffffb (FLAGS_1)            Flags: NOW PIE
 0x000000006ffffffe (VERNEED)            0x6d0
 0x000000006fffffff (VERNEEDNUM)         3
 0x000000006ffffff0 (VERSYM)             0x6ae
 0x000000006ffffff9 (RELACOUNT)          3
 0x0000000000000000 (NULL)               0x0
/home/toolchain/development/libc++_replacement/progress/R43b/build/x86_64/libstdcxx/forced_unwind2: ELF 64-bit LSB pie executable, x86-64, version 1 (SYSV), dynamically linked, interpreter /lib64/ld-linux-x86-64.so.2, for GNU/Linux 3.2.0, with debug_info, not stripped
9fc56ff19ce52fddc24944bed4869dce33fd3f1350c8ff174c6102135d4a36ee  /home/toolchain/development/libc++_replacement/progress/R43b/build/x86_64/libstdcxx/forced_unwind2

Dynamic section at offset 0x2d60 contains 31 entries:
  Tag        Type                         Name/Value
 0x0000000000000001 (NEEDED)             Shared library: [libstdc++.so.6]
 0x0000000000000001 (NEEDED)             Shared library: [libm.so.6]
 0x0000000000000001 (NEEDED)             Shared library: [libgcc_s.so.1]
 0x0000000000000001 (NEEDED)             Shared library: [libpthread.so.0]
 0x0000000000000001 (NEEDED)             Shared library: [libc.so.6]
 0x000000000000000c (INIT)               0x1000
 0x000000000000000d (FINI)               0x1258
 0x0000000000000019 (INIT_ARRAY)         0x3d50
 0x000000000000001b (INIT_ARRAYSZ)       8 (bytes)
 0x000000000000001a (FINI_ARRAY)         0x3d58
 0x000000000000001c (FINI_ARRAYSZ)       8 (bytes)
 0x000000006ffffef5 (GNU_HASH)           0x378
 0x0000000000000005 (STRTAB)             0x4d8
 0x0000000000000006 (SYMTAB)             0x3a0
 0x000000000000000a (STRSZ)              334 (bytes)
 0x000000000000000b (SYMENT)             24 (bytes)
 0x0000000000000015 (DEBUG)              0x0
 0x0000000000000003 (PLTGOT)             0x3f90
 0x0000000000000002 (PLTRELSZ)           144 (bytes)
 0x0000000000000014 (PLTREL)             RELA
 0x0000000000000017 (JMPREL)             0x798
 0x0000000000000007 (RELA)               0x6c0
 0x0000000000000008 (RELASZ)             216 (bytes)
 0x0000000000000009 (RELAENT)            24 (bytes)
 0x000000000000001e (FLAGS)              BIND_NOW
 0x000000006ffffffb (FLAGS_1)            Flags: NOW PIE
 0x000000006ffffffe (VERNEED)            0x640
 0x000000006fffffff (VERNEEDNUM)         3
 0x000000006ffffff0 (VERSYM)             0x626
 0x000000006ffffff9 (RELACOUNT)          3
 0x0000000000000000 (NULL)               0x0
/home/toolchain/development/libc++_replacement/progress/R43b/build/x86_64/libstdcxx/forced_unwind3: ELF 64-bit LSB pie executable, x86-64, version 1 (SYSV), dynamically linked, interpreter /lib64/ld-linux-x86-64.so.2, for GNU/Linux 3.2.0, with debug_info, not stripped
a71bdcd538a560e8e478aad53f45b7e2ac3e85b8a73d56455913aa40b393d2d4  /home/toolchain/development/libc++_replacement/progress/R43b/build/x86_64/libstdcxx/forced_unwind3

Dynamic section at offset 0x2d20 contains 31 entries:
  Tag        Type                         Name/Value
 0x0000000000000001 (NEEDED)             Shared library: [libstdc++.so.6]
 0x0000000000000001 (NEEDED)             Shared library: [libm.so.6]
 0x0000000000000001 (NEEDED)             Shared library: [libgcc_s.so.1]
 0x0000000000000001 (NEEDED)             Shared library: [libpthread.so.0]
 0x0000000000000001 (NEEDED)             Shared library: [libc.so.6]
 0x000000000000000c (INIT)               0x1000
 0x000000000000000d (FINI)               0x1b10
 0x0000000000000019 (INIT_ARRAY)         0x3cd0
 0x000000000000001b (INIT_ARRAYSZ)       8 (bytes)
 0x000000000000001a (FINI_ARRAY)         0x3cd8
 0x000000000000001c (FINI_ARRAYSZ)       8 (bytes)
 0x000000006ffffef5 (GNU_HASH)           0x378
 0x0000000000000005 (STRTAB)             0x5c8
 0x0000000000000006 (SYMTAB)             0x3a0
 0x000000000000000a (STRSZ)              619 (bytes)
 0x000000000000000b (SYMENT)             24 (bytes)
 0x0000000000000015 (DEBUG)              0x0
 0x0000000000000003 (PLTGOT)             0x3f50
 0x0000000000000002 (PLTRELSZ)           312 (bytes)
 0x0000000000000014 (PLTREL)             RELA
 0x0000000000000017 (JMPREL)             0xab0
 0x0000000000000007 (RELA)               0x918
 0x0000000000000008 (RELASZ)             408 (bytes)
 0x0000000000000009 (RELAENT)            24 (bytes)
 0x000000000000001e (FLAGS)              BIND_NOW
 0x000000006ffffffb (FLAGS_1)            Flags: NOW PIE
 0x000000006ffffffe (VERNEED)            0x868
 0x000000006fffffff (VERNEEDNUM)         3
 0x000000006ffffff0 (VERSYM)             0x834
 0x000000006ffffff9 (RELACOUNT)          8
 0x0000000000000000 (NULL)               0x0
/home/toolchain/development/libc++_replacement/progress/R43b/build/x86_64/libstdcxx/forced_unwind4: ELF 64-bit LSB pie executable, x86-64, version 1 (SYSV), dynamically linked, interpreter /lib64/ld-linux-x86-64.so.2, for GNU/Linux 3.2.0, with debug_info, not stripped
5d7523070889d46d3a3124cd7685b4107b5c13d4e027d385c1caaca7c6b9bf33  /home/toolchain/development/libc++_replacement/progress/R43b/build/x86_64/libstdcxx/forced_unwind4

Dynamic section at offset 0x2d10 contains 31 entries:
  Tag        Type                         Name/Value
 0x0000000000000001 (NEEDED)             Shared library: [libstdc++.so.6]
 0x0000000000000001 (NEEDED)             Shared library: [libm.so.6]
 0x0000000000000001 (NEEDED)             Shared library: [libgcc_s.so.1]
 0x0000000000000001 (NEEDED)             Shared library: [libpthread.so.0]
 0x0000000000000001 (NEEDED)             Shared library: [libc.so.6]
 0x000000000000000c (INIT)               0x1000
 0x000000000000000d (FINI)               0x1f44
 0x0000000000000019 (INIT_ARRAY)         0x3cf8
 0x000000000000001b (INIT_ARRAYSZ)       16 (bytes)
 0x000000000000001a (FINI_ARRAY)         0x3d08
 0x000000000000001c (FINI_ARRAYSZ)       8 (bytes)
 0x000000006ffffef5 (GNU_HASH)           0x378
 0x0000000000000005 (STRTAB)             0x5c8
 0x0000000000000006 (SYMTAB)             0x3a0
 0x000000000000000a (STRSZ)              612 (bytes)
 0x000000000000000b (SYMENT)             24 (bytes)
 0x0000000000000015 (DEBUG)              0x0
 0x0000000000000003 (PLTGOT)             0x3f40
 0x0000000000000002 (PLTRELSZ)           360 (bytes)
 0x0000000000000014 (PLTREL)             RELA
 0x0000000000000017 (JMPREL)             0xa08
 0x0000000000000007 (RELA)               0x900
 0x0000000000000008 (RELASZ)             264 (bytes)
 0x0000000000000009 (RELAENT)            24 (bytes)
 0x000000000000001e (FLAGS)              BIND_NOW
 0x000000006ffffffb (FLAGS_1)            Flags: NOW PIE
 0x000000006ffffffe (VERNEED)            0x860
 0x000000006fffffff (VERNEEDNUM)         3
 0x000000006ffffff0 (VERSYM)             0x82c
 0x000000006ffffff9 (RELACOUNT)          4
 0x0000000000000000 (NULL)               0x0
/home/toolchain/development/libc++_replacement/progress/R43b/build/x86_64/libstdcxx/stdlib_cancel_probe: ELF 64-bit LSB pie executable, x86-64, version 1 (SYSV), dynamically linked, interpreter /lib64/ld-linux-x86-64.so.2, for GNU/Linux 3.2.0, with debug_info, not stripped
b8c85abeb01ad7cce38d0db98fab7d8eb598138c90e1c4ad125a4aa2f2be705f  /home/toolchain/development/libc++_replacement/progress/R43b/build/x86_64/libstdcxx/stdlib_cancel_probe

Dynamic section at offset 0xdbb0 contains 31 entries:
  Tag        Type                         Name/Value
 0x0000000000000001 (NEEDED)             Shared library: [libstdc++.so.6]
 0x0000000000000001 (NEEDED)             Shared library: [libm.so.6]
 0x0000000000000001 (NEEDED)             Shared library: [libgcc_s.so.1]
 0x0000000000000001 (NEEDED)             Shared library: [libpthread.so.0]
 0x0000000000000001 (NEEDED)             Shared library: [libc.so.6]
 0x000000000000000c (INIT)               0x3000
 0x000000000000000d (FINI)               0x84ac
 0x0000000000000019 (INIT_ARRAY)         0xd980
 0x000000000000001b (INIT_ARRAYSZ)       8 (bytes)
 0x000000000000001a (FINI_ARRAY)         0xd988
 0x000000000000001c (FINI_ARRAYSZ)       8 (bytes)
 0x000000006ffffef5 (GNU_HASH)           0x378
 0x0000000000000005 (STRTAB)             0xab0
 0x0000000000000006 (SYMTAB)             0x3a8
 0x000000000000000a (STRSZ)              2580 (bytes)
 0x000000000000000b (SYMENT)             24 (bytes)
 0x0000000000000015 (DEBUG)              0x0
 0x0000000000000003 (PLTGOT)             0xdde0
 0x0000000000000002 (PLTRELSZ)           1200 (bytes)
 0x0000000000000014 (PLTREL)             RELA
 0x0000000000000017 (JMPREL)             0x1e50
 0x0000000000000007 (RELA)               0x16a0
 0x0000000000000008 (RELASZ)             1968 (bytes)
 0x0000000000000009 (RELAENT)            24 (bytes)
 0x000000000000001e (FLAGS)              BIND_NOW
 0x000000006ffffffb (FLAGS_1)            Flags: NOW PIE
 0x000000006ffffffe (VERNEED)            0x1560
 0x000000006fffffff (VERNEEDNUM)         3
 0x000000006ffffff0 (VERSYM)             0x14c4
 0x000000006ffffff9 (RELACOUNT)          49
 0x0000000000000000 (NULL)               0x0
/home/toolchain/development/libc++_replacement/progress/R43b/build/x86_64/libstdcxx/unwind_01: ELF 64-bit LSB pie executable, x86-64, version 1 (SYSV), dynamically linked, interpreter /lib64/ld-linux-x86-64.so.2, for GNU/Linux 3.2.0, with debug_info, not stripped
946e8a186664ae7d443408da5721e1768c9600423aae3553683508af85849140  /home/toolchain/development/libc++_replacement/progress/R43b/build/x86_64/libstdcxx/unwind_01

Dynamic section at offset 0x2d58 contains 31 entries:
  Tag        Type                         Name/Value
 0x0000000000000001 (NEEDED)             Shared library: [libstdc++.so.6]
 0x0000000000000001 (NEEDED)             Shared library: [libm.so.6]
 0x0000000000000001 (NEEDED)             Shared library: [libgcc_s.so.1]
 0x0000000000000001 (NEEDED)             Shared library: [libpthread.so.0]
 0x0000000000000001 (NEEDED)             Shared library: [libc.so.6]
 0x000000000000000c (INIT)               0x1000
 0x000000000000000d (FINI)               0x15b0
 0x0000000000000019 (INIT_ARRAY)         0x3d48
 0x000000000000001b (INIT_ARRAYSZ)       8 (bytes)
 0x000000000000001a (FINI_ARRAY)         0x3d50
 0x000000000000001c (FINI_ARRAYSZ)       8 (bytes)
 0x000000006ffffef5 (GNU_HASH)           0x378
 0x0000000000000005 (STRTAB)             0x520
 0x0000000000000006 (SYMTAB)             0x3a0
 0x000000000000000a (STRSZ)              350 (bytes)
 0x000000000000000b (SYMENT)             24 (bytes)
 0x0000000000000015 (DEBUG)              0x0
 0x0000000000000003 (PLTGOT)             0x3f88
 0x0000000000000002 (PLTRELSZ)           144 (bytes)
 0x0000000000000014 (PLTREL)             RELA
 0x0000000000000017 (JMPREL)             0x848
 0x0000000000000007 (RELA)               0x710
 0x0000000000000008 (RELASZ)             312 (bytes)
 0x0000000000000009 (RELAENT)            24 (bytes)
 0x000000000000001e (FLAGS)              BIND_NOW
 0x000000006ffffffb (FLAGS_1)            Flags: NOW PIE
 0x000000006ffffffe (VERNEED)            0x6a0
 0x000000006fffffff (VERNEEDNUM)         3
 0x000000006ffffff0 (VERSYM)             0x67e
 0x000000006ffffff9 (RELACOUNT)          3
 0x0000000000000000 (NULL)               0x0
/home/toolchain/development/libc++_replacement/progress/R43b/build/x86_64/libstdcxx/unwind_02: ELF 64-bit LSB pie executable, x86-64, version 1 (SYSV), dynamically linked, interpreter /lib64/ld-linux-x86-64.so.2, for GNU/Linux 3.2.0, with debug_info, not stripped
314ef0c5f687ef7e82fd3a88a802a5cbc7afb99be942815f86d9b285955fccf3  /home/toolchain/development/libc++_replacement/progress/R43b/build/x86_64/libstdcxx/unwind_02

Dynamic section at offset 0x2d50 contains 31 entries:
  Tag        Type                         Name/Value
 0x0000000000000001 (NEEDED)             Shared library: [libstdc++.so.6]
 0x0000000000000001 (NEEDED)             Shared library: [libm.so.6]
 0x0000000000000001 (NEEDED)             Shared library: [libgcc_s.so.1]
 0x0000000000000001 (NEEDED)             Shared library: [libpthread.so.0]
 0x0000000000000001 (NEEDED)             Shared library: [libc.so.6]
 0x000000000000000c (INIT)               0x1000
 0x000000000000000d (FINI)               0x15e0
 0x0000000000000019 (INIT_ARRAY)         0x3d40
 0x000000000000001b (INIT_ARRAYSZ)       8 (bytes)
 0x000000000000001a (FINI_ARRAY)         0x3d48
 0x000000000000001c (FINI_ARRAYSZ)       8 (bytes)
 0x000000006ffffef5 (GNU_HASH)           0x378
 0x0000000000000005 (STRTAB)             0x568
 0x0000000000000006 (SYMTAB)             0x3a0
 0x000000000000000a (STRSZ)              384 (bytes)
 0x000000000000000b (SYMENT)             24 (bytes)
 0x0000000000000015 (DEBUG)              0x0
 0x0000000000000003 (PLTGOT)             0x3f80
 0x0000000000000002 (PLTRELSZ)           168 (bytes)
 0x0000000000000014 (PLTREL)             RELA
 0x0000000000000017 (JMPREL)             0x8e8
 0x0000000000000007 (RELA)               0x780
 0x0000000000000008 (RELASZ)             360 (bytes)
 0x0000000000000009 (RELAENT)            24 (bytes)
 0x000000000000001e (FLAGS)              BIND_NOW
 0x000000006ffffffb (FLAGS_1)            Flags: NOW PIE
 0x000000006ffffffe (VERNEED)            0x710
 0x000000006fffffff (VERNEEDNUM)         3
 0x000000006ffffff0 (VERSYM)             0x6e8
 0x000000006ffffff9 (RELACOUNT)          3
 0x0000000000000000 (NULL)               0x0
/home/toolchain/development/libc++_replacement/progress/R43b/build/x86_64/libstdcxx/unwind_03: ELF 64-bit LSB pie executable, x86-64, version 1 (SYSV), dynamically linked, interpreter /lib64/ld-linux-x86-64.so.2, for GNU/Linux 3.2.0, with debug_info, not stripped
353ad8dc8aaa3cbd73a11b475620f309032f35a889f3dc630ed21180aae41e54  /home/toolchain/development/libc++_replacement/progress/R43b/build/x86_64/libstdcxx/unwind_03

Dynamic section at offset 0x2d40 contains 31 entries:
  Tag        Type                         Name/Value
 0x0000000000000001 (NEEDED)             Shared library: [libstdc++.so.6]
 0x0000000000000001 (NEEDED)             Shared library: [libm.so.6]
 0x0000000000000001 (NEEDED)             Shared library: [libgcc_s.so.1]
 0x0000000000000001 (NEEDED)             Shared library: [libpthread.so.0]
 0x0000000000000001 (NEEDED)             Shared library: [libc.so.6]
 0x000000000000000c (INIT)               0x1000
 0x000000000000000d (FINI)               0x15b0
 0x0000000000000019 (INIT_ARRAY)         0x3d30
 0x000000000000001b (INIT_ARRAYSZ)       8 (bytes)
 0x000000000000001a (FINI_ARRAY)         0x3d38
 0x000000000000001c (FINI_ARRAYSZ)       8 (bytes)
 0x000000006ffffef5 (GNU_HASH)           0x378
 0x0000000000000005 (STRTAB)             0x598
 0x0000000000000006 (SYMTAB)             0x3a0
 0x000000000000000a (STRSZ)              427 (bytes)
 0x000000000000000b (SYMENT)             24 (bytes)
 0x0000000000000015 (DEBUG)              0x0
 0x0000000000000003 (PLTGOT)             0x3f70
 0x0000000000000002 (PLTRELSZ)           216 (bytes)
 0x0000000000000014 (PLTREL)             RELA
 0x0000000000000017 (JMPREL)             0x958
 0x0000000000000007 (RELA)               0x7f0
 0x0000000000000008 (RELASZ)             360 (bytes)
 0x0000000000000009 (RELAENT)            24 (bytes)
 0x000000000000001e (FLAGS)              BIND_NOW
 0x000000006ffffffb (FLAGS_1)            Flags: NOW PIE
 0x000000006ffffffe (VERNEED)            0x770
 0x000000006fffffff (VERNEEDNUM)         3
 0x000000006ffffff0 (VERSYM)             0x744
 0x000000006ffffff9 (RELACOUNT)          3
 0x0000000000000000 (NULL)               0x0
/home/toolchain/development/libc++_replacement/progress/R43b/build/x86_64/libstdcxx/unwind_04: ELF 64-bit LSB pie executable, x86-64, version 1 (SYSV), dynamically linked, interpreter /lib64/ld-linux-x86-64.so.2, for GNU/Linux 3.2.0, with debug_info, not stripped
30c17fb2b253467425cb72b5f67d81596937ced496f59d793b7e42d93b8b6ae5  /home/toolchain/development/libc++_replacement/progress/R43b/build/x86_64/libstdcxx/unwind_04

Dynamic section at offset 0x2d40 contains 31 entries:
  Tag        Type                         Name/Value
 0x0000000000000001 (NEEDED)             Shared library: [libstdc++.so.6]
 0x0000000000000001 (NEEDED)             Shared library: [libm.so.6]
 0x0000000000000001 (NEEDED)             Shared library: [libgcc_s.so.1]
 0x0000000000000001 (NEEDED)             Shared library: [libpthread.so.0]
 0x0000000000000001 (NEEDED)             Shared library: [libc.so.6]
 0x000000000000000c (INIT)               0x1000
 0x000000000000000d (FINI)               0x1660
 0x0000000000000019 (INIT_ARRAY)         0x3d30
 0x000000000000001b (INIT_ARRAYSZ)       8 (bytes)
 0x000000000000001a (FINI_ARRAY)         0x3d38
 0x000000000000001c (FINI_ARRAYSZ)       8 (bytes)
 0x000000006ffffef5 (GNU_HASH)           0x378
 0x0000000000000005 (STRTAB)             0x580
 0x0000000000000006 (SYMTAB)             0x3a0
 0x000000000000000a (STRSZ)              422 (bytes)
 0x000000000000000b (SYMENT)             24 (bytes)
 0x0000000000000015 (DEBUG)              0x0
 0x0000000000000003 (PLTGOT)             0x3f70
 0x0000000000000002 (PLTRELSZ)           192 (bytes)
 0x0000000000000014 (PLTREL)             RELA
 0x0000000000000017 (JMPREL)             0x950
 0x0000000000000007 (RELA)               0x7d0
 0x0000000000000008 (RELASZ)             384 (bytes)
 0x0000000000000009 (RELAENT)            24 (bytes)
 0x000000000000001e (FLAGS)              BIND_NOW
 0x000000006ffffffb (FLAGS_1)            Flags: NOW PIE
 0x000000006ffffffe (VERNEED)            0x750
 0x000000006fffffff (VERNEEDNUM)         3
 0x000000006ffffff0 (VERSYM)             0x726
 0x000000006ffffff9 (RELACOUNT)          3
 0x0000000000000000 (NULL)               0x0
/home/toolchain/development/libc++_replacement/progress/R43b/build/x86_64/libstdcxx/unwind_05: ELF 64-bit LSB pie executable, x86-64, version 1 (SYSV), dynamically linked, interpreter /lib64/ld-linux-x86-64.so.2, for GNU/Linux 3.2.0, with debug_info, not stripped
20c5a2e0a5414bb70fd77b2b4b9ff023616f37c438d384f984b951e1f810c22f  /home/toolchain/development/libc++_replacement/progress/R43b/build/x86_64/libstdcxx/unwind_05

Dynamic section at offset 0x2d40 contains 31 entries:
  Tag        Type                         Name/Value
 0x0000000000000001 (NEEDED)             Shared library: [libstdc++.so.6]
 0x0000000000000001 (NEEDED)             Shared library: [libm.so.6]
 0x0000000000000001 (NEEDED)             Shared library: [libgcc_s.so.1]
 0x0000000000000001 (NEEDED)             Shared library: [libpthread.so.0]
 0x0000000000000001 (NEEDED)             Shared library: [libc.so.6]
 0x000000000000000c (INIT)               0x1000
 0x000000000000000d (FINI)               0x1660
 0x0000000000000019 (INIT_ARRAY)         0x3d30
 0x000000000000001b (INIT_ARRAYSZ)       8 (bytes)
 0x000000000000001a (FINI_ARRAY)         0x3d38
 0x000000000000001c (FINI_ARRAYSZ)       8 (bytes)
 0x000000006ffffef5 (GNU_HASH)           0x378
 0x0000000000000005 (STRTAB)             0x5b0
 0x0000000000000006 (SYMTAB)             0x3a0
 0x000000000000000a (STRSZ)              458 (bytes)
 0x000000000000000b (SYMENT)             24 (bytes)
 0x0000000000000015 (DEBUG)              0x0
 0x0000000000000003 (PLTGOT)             0x3f70
 0x0000000000000002 (PLTRELSZ)           216 (bytes)
 0x0000000000000014 (PLTREL)             RELA
 0x0000000000000017 (JMPREL)             0x9a8
 0x0000000000000007 (RELA)               0x828
 0x0000000000000008 (RELASZ)             384 (bytes)
 0x0000000000000009 (RELAENT)            24 (bytes)
 0x000000000000001e (FLAGS)              BIND_NOW
 0x000000006ffffffb (FLAGS_1)            Flags: NOW PIE
 0x000000006ffffffe (VERNEED)            0x7a8
 0x000000006fffffff (VERNEEDNUM)         3
 0x000000006ffffff0 (VERSYM)             0x77a
 0x000000006ffffff9 (RELACOUNT)          3
 0x0000000000000000 (NULL)               0x0
/home/toolchain/development/libc++_replacement/progress/R43b/build/x86_64/libstdcxx/unwind_06: ELF 64-bit LSB pie executable, x86-64, version 1 (SYSV), dynamically linked, interpreter /lib64/ld-linux-x86-64.so.2, for GNU/Linux 3.2.0, with debug_info, not stripped
aadc283d9a5abb067f34968de28948bc6914054186c4b5dd979015effbdd7d91  /home/toolchain/development/libc++_replacement/progress/R43b/build/x86_64/libstdcxx/unwind_06

Dynamic section at offset 0x3d58 contains 31 entries:
  Tag        Type                         Name/Value
 0x0000000000000001 (NEEDED)             Shared library: [libstdc++.so.6]
 0x0000000000000001 (NEEDED)             Shared library: [libm.so.6]
 0x0000000000000001 (NEEDED)             Shared library: [libgcc_s.so.1]
 0x0000000000000001 (NEEDED)             Shared library: [libpthread.so.0]
 0x0000000000000001 (NEEDED)             Shared library: [libc.so.6]
 0x000000000000000c (INIT)               0x1000
 0x000000000000000d (FINI)               0x2dec
 0x0000000000000019 (INIT_ARRAY)         0x4d48
 0x000000000000001b (INIT_ARRAYSZ)       8 (bytes)
 0x000000000000001a (FINI_ARRAY)         0x4d50
 0x000000000000001c (FINI_ARRAYSZ)       8 (bytes)
 0x000000006ffffef5 (GNU_HASH)           0x378
 0x0000000000000005 (STRTAB)             0x4f0
 0x0000000000000006 (SYMTAB)             0x3a0
 0x000000000000000a (STRSZ)              337 (bytes)
 0x000000000000000b (SYMENT)             24 (bytes)
 0x0000000000000015 (DEBUG)              0x0
 0x0000000000000003 (PLTGOT)             0x4f88
 0x0000000000000002 (PLTRELSZ)           144 (bytes)
 0x0000000000000014 (PLTREL)             RELA
 0x0000000000000017 (JMPREL)             0x7f0
 0x0000000000000007 (RELA)               0x6d0
 0x0000000000000008 (RELASZ)             288 (bytes)
 0x0000000000000009 (RELAENT)            24 (bytes)
 0x000000000000001e (FLAGS)              BIND_NOW
 0x000000006ffffffb (FLAGS_1)            Flags: NOW PIE
 0x000000006ffffffe (VERNEED)            0x660
 0x000000006fffffff (VERNEEDNUM)         3
 0x000000006ffffff0 (VERSYM)             0x642
 0x000000006ffffff9 (RELACOUNT)          4
 0x0000000000000000 (NULL)               0x0
EXIT_CODE=0
