===== abseil-cpp codes/R104/abseil-cpp/packaging/abseil-cpp.spec =====
26:BuildRequires:  cmake
35:Requires:       %{name} = %{version}
45:%build
46:mkdir -p cmake/build
47:cd cmake/build
48:%{cmake} -DABSL_USE_GOOGLETEST_HEAD=OFF ../..
51:%install
52:cd cmake/build
62:%{_libdir}/cmake/
===== bcc-tools codes/R104/bcc-tools/packaging/bcc-tools.spec =====
1:%bcond_with examples
12:Requires: /sbin/ldconfig
13:BuildRequires: gcc >= 3.4
14:BuildRequires: cmake python3
15:BuildRequires: python3-setuptools
16:BuildRequires: bison flex llvm-devel clang-devel libelf-devel
17:BuildRequires: llvm-static-devel
18:BuildRequires: pkgconfig(zlib)
19:BuildRequires: pkgconfig(libbpf)
20:BuildRequires: zip
21:BuildRequires:  libomp
32:Requires: %{name} = %{version}-%{release}
40:Requires: %{name}-devel = %{version}-%{release}
58:%build
67:%global install_cpp_examples ON
69:%global install_cpp_examples OFF
72:cmake -DCMAKE_INSTALL_PREFIX=/usr -DINSTALL_CPP_EXAMPLES=%{install_cpp_examples} ${LLVM_SHARED_FLAG} -DREVISION="%{version}" -DCMAKE_USE_LIBBPF_PACKAGE:BOOL=TRUE .
75:%install
===== boost codes/R104/boost/packaging/boost.spec =====
1:%define ver 1.83.0
2:%define file_version 1_83_0
3:%define short_version 1_83
6:%define build_docs 0
9:%define package_pdf 0
13:%define build_mpi 0
15:%define disable_long_double 0
17:%define boost_libs1 boost-date-time boost-filesystem boost-graph boost-iostreams boost-math boost-test
18:%define boost_libs2 boost-program-options boost-python3 boost-serialization boost-system boost-thread
19:%define boost_libs3 boost-wave boost-url boost-regex boost-contract boost-random boost-chrono boost-locale
20:%define boost_libs4 boost-timer boost-atomic boost-log boost-container boost_stacktrace
21:%define boost_libs5 boost-json boost-nowide
23:%define most_libs %boost_libs1 %boost_libs2 %boost_libs3 %boost_libs4 %boost_libs5
26:%define testlogfile %{_builddir}/testsuite.log
31:%define build_context 0
33:%define build_context 1
38:%define build_fiber 1
40:%define build_fiber 0
44:%define context_libs boost-context boost-coroutine
48:%define fiber_libs boost-fiber
51:%define all_libs %{most_libs} %{?context_libs} %{?fiber_libs}
68:BuildRequires:  boost-jam
69:BuildRequires:  dos2unix
70:BuildRequires:  chrpath
71:BuildRequires:  gcc-c++
72:BuildRequires:  bzip2-devel
73:BuildRequires:  zlib-devel
74:BuildRequires:  expat-devel
75:BuildRequires:  libicu-devel
76:BuildRequires:  pkgconfig(python3)
77:BuildRequires:  xz
78:BuildRequires:  fdupes
80:%define _docdir %{_datadir}/doc/packages/boost-%{version}
103:Requires:       %{all_libs}
104:Requires:       libstdc++-devel
132:Requires:       boost-license
142:Requires:       boost-license
151:Requires:       boost-license
160:Requires:       boost-license
169:Requires:       boost-license
179:Requires:       boost-license
189:Requires:       boost-license
198:Requires:       boost-license
207:Requires:       boost-license
217:Requires:       boost-license
226:Requires:       boost-license
235:Requires:       boost-license
246:Requires:       boost-license
256:Requires:       boost-license
266:Requires:       boost-license
275:Requires:       boost-license
284:Requires:       boost-license
293:Requires:       boost-license
302:Requires:       boost-license
310:Requires:       boost-license
319:Requires:       boost-license
328:Requires:       boost-license
337:Requires:       boost-license
346:Requires:       boost-license
355:Requires:       boost-license
364:Requires:       boost-license
373:Requires:       boost-license
382:Requires:       boost-license
391:Requires:       boost-license
429:%build
430:CC="%{__cc}"
431:export LDFLAGS="-Wl,--as-needed ${LDFLAGS}"
434:CXXFLAGS="${CXXFLAGS} -Wp,-D_FILE_OFFSET_BITS=64"
484:# use supplied bootstrap.sh instead of mucking with old bjam
486:./bootstrap.sh $LIBRARIES_FLAGS \
489:    --with-toolset=${CC##*-}
524:./b2 %{?_smp_mflags} --prefix=%{_prefix} --libdir=%{_libdir} \
526:    ${CXXFLAGS:+cxxflags="$CXXFLAGS"} ${LDFLAGS:+linkflags="$LDFLAGS"} \
532:../b2 --user-config=../user-config.jam --v2 man
542:%install
556:./b2 install %{?_smp_mflags} \
615:# Delete cmake files
616:rm -rf %{buildroot}%{_libdir}/cmake
===== bpftrace codes/R104/bpftrace/packaging/bpftrace.spec =====
13:BuildRequires:  gcc-c++
14:BuildRequires:  bison
15:BuildRequires:  flex
16:BuildRequires:  cmake
17:BuildRequires:  pkgconfig(libelf)
18:BuildRequires:  zlib-devel
19:BuildRequires:  llvm-devel
20:BuildRequires:  llvm-static-devel
21:BuildRequires:  clang-devel
22:BuildRequires:  bcc-tools-devel
23:BuildRequires:  libbpf-devel
25:BuildRequires:  vim
26:BuildRequires:  cereal-devel
27:BuildRequires:  tar
28:BuildRequires:  libomp
67:%build
73:cmake .. -DCMAKE_BUILD_TYPE=Release -DCMAKE_VERBOSE_MAKEFILE=ON -DBUILD_TESTING=OFF -DSTATIC_LINKING=OFF \
78:%install
===== icu codes/R104/icu/packaging/icu.spec =====
6:%define tzdata_version 2025b
18:Source3:   Disable-the-default-LDFLAGSICUDT.patch
25:BuildRequires: autoconf
26:BuildRequires: pkgconfig(python3)
48:Requires: libicu = %{version}-%{release}
49:Requires: pkgconfig
56:Requires: libicu = %{version}-%{release}
57:Requires: pkgconfig
74:%build
76:export CXXFLAGS="$CXXFLAGS -D_TIZEN_FEATURE_ -fPIC"
81:%{configure} --enable-static=no \
98:%install
===== jsoncpp codes/R104/jsoncpp/packaging/jsoncpp.spec =====
1:%global jsondir json
14:BuildRequires:  cmake
26:Requires:   %{name}%{?_isa} = %{version}-%{release}
35:%build
38:%cmake -DJSONCPP_WITH_TESTS=OFF \
52:%install
67:# remove jsoncpp cmake files
68:rm -rf $RPM_BUILD_ROOT%{_libdir}/cmake/jsoncpp
===== libsigc++ codes/R104/libsigc++/packaging/libsigc++.spec =====
10:BuildRequires:  meson
11:BuildRequires:  pkg-config
12:BuildRequires:  mm-common
13:BuildRequires:  libxslt-tools
14:BuildRequires:  doxygen
15:BuildRequires:  m4
16:BuildRequires:  python3
28:Requires:       %{name} = %{version}-%{release}
39:%build
40:%meson \
49:%meson_build
51:%install
52:%meson_install
===== llvm codes/R104/llvm/packaging/llvm.spec =====
1:%define keepstatic 1
8:%bcond_without mlgo
12:%define _toolchain_override clang
13:%define llvm_release_build 0
15:%define llvm_release_build 1
18:%define llvm_version 22
20:%define sdk_install_prefix /home/owner/share/tmp/sdk_tools/lldb
21:%define sdk_bin_dir %{sdk_install_prefix}/bin
22:%define sdk_lib_dir %{sdk_install_prefix}/%{_lib}
26:%define debug_package %{nil}
27:%define __debug_install_post %{_rpmconfigdir}/find-debuginfo.sh %{?_find_debuginfo_opts} %{?_find_debuginfo_strip_opts} %{?_find_debuginfo_ko_strip_opts} "%{_builddir}/%{?buildsubdir}"\
49:%{!?mlgo_verify_configure_only: %define mlgo_verify_configure_only 0}
51:BuildRequires: cmake
52:BuildRequires: python3
53:BuildRequires: python3-devel
54:BuildRequires: patchelf
55:BuildRequires: binutils-devel
56:BuildRequires: libxml2-devel
58:BuildRequires: sed
60:BuildRequires: ninja
63:Requires: libllvm = %{version}-%{release}
77:Requires: %{name} = %{version}
85:Requires: %{name} = %{version}
100:Requires: llvm = %{version}-%{release}
108:Requires: clang = %{version}-%{release}
126:Requires: lldb = %{version}-%{release}
170:%build
175:RELCXXFLAGS=$(echo $CXXFLAGS | sed -e 's*\(^\|[[:space:]]\)-g\([[:digit:]]\+\|gdb\|dwarf-[[:digit:]]\)\?* *g')
176:export CXXFLAGS=${RELCXXFLAGS}
198:cmake \
201:    -DCMAKE_C_COMPILER=%__cc \
202:    -DCMAKE_CXX_COMPILER=%__cxx \
208:    -DCMAKE_CXX_FLAGS="$CXXFLAGS" \
276:%if 0%{mlgo_verify_configure_only}
277:  # ---- configure-only probe: guard against §0 traps; check sentinels, GBS exit code non-0 is expected ----
283:  # Assertion 1: override actually took effect (COPYONLY artifacts exist from configure stage)
329:  cmake --build . --target tf_xla_runtime || \
334:  DESTDIR="${MLGO_PROBE_ROOT}" cmake --install . \
346:%install
348:cmake -DCMAKE_INSTALL_PREFIX=%{buildroot}/usr -P cmake_install.cmake
502:%{_libdir}/cmake/lld/*
503:%{_libdir}/cmake/llvm/*
555:%{_libdir}/cmake/clang/*
607:%{_libdir}/cmake/openmp/FindOpenMPTarget.cmake
===== pcre codes/R104/pcre/packaging/pcre.spec =====
1:%define keepstatic 1
13:BuildRequires:  gcc-c++
14:BuildRequires:  libtool
15:BuildRequires:  pkg-config
25:Requires:       libpcre = %{version}
26:Requires:       libpcrecpp = %{version}
27:Requires:       libpcreposix = %{version}
28:Requires:       libstdc++-devel
38:Requires:       pcre-devel = %{version}
99:%build
104:%configure \
121:%install
===== taglib codes/R104/taglib/packaging/taglib.spec =====
9:BuildRequires:  cmake
19:Requires: %{name} = %{version}-%{release}
28:%build
30:%cmake . -DFULLVER=%{version} -DMAJORVER=${MAJORVER} -DVISIBILITY_HIDDEN=On
34:%install
===== tensorflow2 codes/R104/tensorflow2/packaging/tensorflow2.spec =====
39:%define USE_CLANG     "ON"
40:%define USE_XNNPACK   "ON"
41:%define USE_OPENCL    "ON"
42:%define SHARED_LIB    "OFF"
46:%define USE_CLANG     "OFF"
51:BuildRequires: python-accel-armv7l-cross-arm
52:BuildRequires: clang-accel-armv7l-cross-arm
56:BuildRequires: python-accel-armv7hl-cross-arm
57:BuildRequires: clang-accel-armv7hl-cross-arm
61:BuildRequires: python-accel-aarch64-cross-aarch64
62:BuildRequires: clang-accel-aarch64-cross-aarch64
66:BuildRequires: python-accel-riscv64-cross-riscv64
67:BuildRequires: clang-accel-riscv64-cross-riscv64
70:BuildRequires: clang
73:BuildRequires: cmake
74:BuildRequires: ninja
75:BuildRequires: python3
91:Requires: tensorflow2-lite-devel = %{version}-%{release}
106:Requires: tensorflow2-lite-devel = %{version}-%{release}
158:%build
163:%define host_triplet %(echo %{_host} | sed 's/^i686-/i586-/')
166:CLANG_CXXFLAGS=" --target=%{host_triplet} "
170:export CXXFLAGS="${CLANG_CXXFLAGS}"
174:  EXTRA_CXXFLAGS="${EXTRA_CXXFLAGS} -funsafe-math-optimizations"
177:    EXTRA_CXXFLAGS="${EXTRA_CXXFLAGS} -mno-unaligned-access"
181:    EXTRA_CXXFLAGS="${EXTRA_CXXFLAGS} -mfloat-abi=softfp -march=armv7-a -mfpu=neon-vfpv4 -funsafe-math-optimizations -mfp16-format=ieee"
185:    EXTRA_CXXFLAGS="${EXTRA_CXXFLAGS} -mfloat-abi=hard -march=armv7-a -mfpu=neon-vfpv4 -funsafe-math-optimizations -mfp16-format=ieee"
192:  EXTRA_CXXFLAGS="${EXTRA_CXXFLAGS} -fno-lto"
195:    EXTRA_CXXFLAGS="${EXTRA_CXXFLAGS} -march=armv7-a -mtune=cortex-a8"
197:    EXTRA_CXXFLAGS=${EXTRA_CXXFLAGS/-mcpu=cortex-a53/}
203:export CC=clang
204:export CXX=clang++
205:CC=clang CXX=clang++ \
206:cmake \
216:cmake \
220:  -DCMAKE_CXX_FLAGS="${EXTRA_CXXFLAGS}" \
229:cmake --build . %{?_smp_mflags}
231:cmake --build . %{?_smp_mflags} -t benchmark_model
241:cmake \
245:  -DCMAKE_CXX_FLAGS="${CXXFLAGS}" \
250:cmake \
252:  -DCMAKE_CXX_FLAGS="${EXTRA_CXXFLAGS}" \
261:%install
