clang version 22.1.8
Target: armv7l-tizen-linux-gnueabi
Thread model: posix
InstalledDir: /home/toolchain/development/libc++_replacement/tmp/GBS-ROOT/R104-abseil-armv7l-libcxx/local/BUILD-ROOTS/scratch.armv7l.0/usr/bin
Configuration file: /home/toolchain/development/libc++_replacement/tmp/GBS-ROOT/R104-abseil-armv7l-libcxx/local/BUILD-ROOTS/scratch.armv7l.0/usr/bin/clang++.cfg
Found candidate GCC installation: /home/toolchain/development/libc++_replacement/tmp/GBS-ROOT/R104-abseil-armv7l-libcxx/local/BUILD-ROOTS/scratch.armv7l.0/lib/gcc/armv7l-tizen-linux-gnueabi/14.2.0
Selected GCC installation: /home/toolchain/development/libc++_replacement/tmp/GBS-ROOT/R104-abseil-armv7l-libcxx/local/BUILD-ROOTS/scratch.armv7l.0/lib/gcc/armv7l-tizen-linux-gnueabi/14.2.0
Candidate multilib: .;@m32
Selected multilib: .;@m32
 (in-process)
 "/home/toolchain/development/libc++_replacement/tmp/GBS-ROOT/R104-abseil-armv7l-libcxx/local/BUILD-ROOTS/scratch.armv7l.0/usr/bin/clang-22" -cc1 -triple armv7-tizen-linux-gnueabi -emit-obj -disable-free -clear-ast-before-backend -disable-llvm-verifier -discard-value-names -main-file-name abseil_smoke.cpp -mrelocation-model pic -pic-level 2 -pic-is-pie -mframe-pointer=all -fmath-errno -ffp-contract=on -fno-rounding-math -mconstructor-aliases -target-cpu generic -target-feature +soft-float-abi -target-feature +read-tp-tpidruro -target-feature +vfp2 -target-feature +vfp2sp -target-feature +vfp3 -target-feature +vfp3d16 -target-feature +vfp3d16sp -target-feature +vfp3sp -target-feature -fp16 -target-feature -vfp4 -target-feature -vfp4d16 -target-feature -vfp4d16sp -target-feature -vfp4sp -target-feature -fp-armv8 -target-feature -fp-armv8d16 -target-feature -fp-armv8d16sp -target-feature -fp-armv8sp -target-feature -fullfp16 -target-feature +fp64 -target-feature +d32 -target-feature +neon -target-feature -sha2 -target-feature -aes -target-feature -fp16fml -target-abi aapcs-linux -mfloat-abi soft -debugger-tuning=gdb -fdebug-compilation-dir=/home/toolchain/development/libc++_replacement -v -fcoverage-compilation-dir=/home/toolchain/development/libc++_replacement -resource-dir /home/toolchain/development/libc++_replacement/tmp/GBS-ROOT/R104-abseil-armv7l-libcxx/local/BUILD-ROOTS/scratch.armv7l.0/usr/lib/clang/22 -I /home/toolchain/development/libc++_replacement/progress/R104/work/abseil_verify/armv7l_libcxx_retry2/usr/include -isysroot /home/toolchain/development/libc++_replacement/tmp/GBS-ROOT/R104-abseil-armv7l-libcxx/local/BUILD-ROOTS/scratch.armv7l.0 -internal-isystem /home/toolchain/development/libc++_replacement/tmp/GBS-ROOT/R104-abseil-armv7l-libcxx/local/BUILD-ROOTS/scratch.armv7l.0/usr/bin/../include/c++/v1 -internal-isystem /home/toolchain/development/libc++_replacement/tmp/GBS-ROOT/R104-abseil-armv7l-libcxx/local/BUILD-ROOTS/scratch.armv7l.0/usr/lib/clang/22/include -internal-isystem /home/toolchain/development/libc++_replacement/tmp/GBS-ROOT/R104-abseil-armv7l-libcxx/local/BUILD-ROOTS/scratch.armv7l.0/usr/local/include -internal-isystem /home/toolchain/development/libc++_replacement/tmp/GBS-ROOT/R104-abseil-armv7l-libcxx/local/BUILD-ROOTS/scratch.armv7l.0/lib/gcc/armv7l-tizen-linux-gnueabi/14.2.0/../../../../armv7l-tizen-linux-gnueabi/include -internal-externc-isystem /home/toolchain/development/libc++_replacement/tmp/GBS-ROOT/R104-abseil-armv7l-libcxx/local/BUILD-ROOTS/scratch.armv7l.0/include -internal-externc-isystem /home/toolchain/development/libc++_replacement/tmp/GBS-ROOT/R104-abseil-armv7l-libcxx/local/BUILD-ROOTS/scratch.armv7l.0/usr/include -fdeprecated-macro -ferror-limit 19 -fno-signed-char -fgnuc-version=4.2.1 -fskip-odr-check-in-gmf -fcxx-exceptions -fexceptions -faddrsig -fdwarf2-cfi-asm -o /tmp/r104_abseil_smoke.o -x c++ progress/R104/probes/abseil_smoke.cpp
clang -cc1 version 22.1.8 based upon LLVM 22.1.8 default target armv7l-tizen-linux-gnueabi
ignoring nonexistent directory "/home/toolchain/development/libc++_replacement/tmp/GBS-ROOT/R104-abseil-armv7l-libcxx/local/BUILD-ROOTS/scratch.armv7l.0/lib/gcc/armv7l-tizen-linux-gnueabi/14.2.0/../../../../armv7l-tizen-linux-gnueabi/include"
ignoring nonexistent directory "/home/toolchain/development/libc++_replacement/tmp/GBS-ROOT/R104-abseil-armv7l-libcxx/local/BUILD-ROOTS/scratch.armv7l.0/include"
#include "..." search starts here:
#include <...> search starts here:
 /home/toolchain/development/libc++_replacement/progress/R104/work/abseil_verify/armv7l_libcxx_retry2/usr/include
 /home/toolchain/development/libc++_replacement/tmp/GBS-ROOT/R104-abseil-armv7l-libcxx/local/BUILD-ROOTS/scratch.armv7l.0/usr/bin/../include/c++/v1
 /home/toolchain/development/libc++_replacement/tmp/GBS-ROOT/R104-abseil-armv7l-libcxx/local/BUILD-ROOTS/scratch.armv7l.0/usr/lib/clang/22/include
 /home/toolchain/development/libc++_replacement/tmp/GBS-ROOT/R104-abseil-armv7l-libcxx/local/BUILD-ROOTS/scratch.armv7l.0/usr/local/include
 /home/toolchain/development/libc++_replacement/tmp/GBS-ROOT/R104-abseil-armv7l-libcxx/local/BUILD-ROOTS/scratch.armv7l.0/usr/include
End of search list.
