info: generate repositories ...
info: build conf has been downloaded at:
      /var/tmp/toolchain-gbs/tizen_unified_standard.conf
info: start building packages from: /home/toolchain/development/libc++_replacement/codes/R104/libsigc++ (git)
2026-09-03 22:30 +0800
gbs 2.0.8
info: prepare sources...
info: start export source from: /home/toolchain/development/libc++_replacement/codes/R104/libsigc++ ...
info: the following uncommitted changes would be included:
   packaging/libsigc++.spec
info: Creating (native) source archive libsigc++-2.12.1.tar.gz from 'cc31d8acb14b2b76d37b137e2828f70456c05055'
info: package files have been exported to:
     /home/toolchain/development/libc++_replacement/tmp/GBS-ROOT/R104-matrix-armv7l-libcxx/local/sources/tizen_unified_standard/libsigc++-2.12.1-1
info: retrieving repo metadata...
info: parsing package data...
info: building repo metadata ...
info: resolving skipped packages ...
info: package dependency resolving ...
info: there is no circle in 1 packages
info: *** [1/1] building libsigc++-2.12.1-1 armv7l tizen_unified_standard (worker: 0) ***
logging output to /home/toolchain/development/libc++_replacement/tmp/GBS-ROOT/R104-matrix-armv7l-libcxx/local/BUILD-ROOTS/scratch.armv7l.0/.build.log...
[    0s] on X86_64, no limit mem size
[    0s] Using BUILD_ROOT=/home/toolchain/development/libc++_replacement/tmp/GBS-ROOT/R104-matrix-armv7l-libcxx/local/BUILD-ROOTS/scratch.armv7l.0
[    0s] Using BUILD_ARCH=armv7l:armv7el:armv6l:armv5tejl:armv5tel:armv5l:armv4tl:armv4l:armv3l:noarch
[    0s] 
[    0s] 
[    0s] toolchain-2026 started "build libsigc++.spec" at Thu Sep  3 14:30:20 UTC 2026.
[    0s] 
[    0s] 
[    0s] processing recipe /home/toolchain/development/libc++_replacement/tmp/GBS-ROOT/R104-matrix-armv7l-libcxx/local/sources/tizen_unified_standard/libsigc++-2.12.1-1/libsigc++.spec ...
[    0s] init_buildsystem --configdir /usr/lib/build/configs --cachedir /home/toolchain/development/libc++_replacement/tmp/GBS-ROOT/R104-matrix-armv7l-libcxx/local/cache --define _smp_mflags -j2 --define _toolchain_override gcc --repository /home/toolchain/development/libc++_replacement/tmp/GBS-ROOT/R104-matrix-armv7l-libcxx/local/repos/tizen_unified_standard/armv7l/RPMS --repository https://download.tizen.org/snapshots/TIZEN/Tizen/Tizen-Base-Toolchain/reference/repos/standard/packages/ --repository https://download.tizen.org/snapshots/TIZEN/Tizen/Tizen-Unified-Toolchain/reference/repos/standard/packages/ --clean /home/toolchain/development/libc++_replacement/tmp/GBS-ROOT/R104-matrix-armv7l-libcxx/local/sources/tizen_unified_standard/libsigc++-2.12.1-1/libsigc++.spec ...
[    1s] initializing /home/toolchain/development/libc++_replacement/tmp/GBS-ROOT/R104-matrix-armv7l-libcxx/local/BUILD-ROOTS/scratch.armv7l.0/.srcfiles.cache ...
[    1s] /usr/lib/build/createdirdeps --oldfile /home/toolchain/development/libc++_replacement/tmp/GBS-ROOT/R104-matrix-armv7l-libcxx/local/BUILD-ROOTS/scratch.armv7l.0/.srcfiles.cache /home/toolchain/development/libc++_replacement/tmp/GBS-ROOT/R104-matrix-armv7l-libcxx/local/repos/tizen_unified_standard/armv7l/RPMS
[    1s] /usr/lib/build/createrepomddeps --cachedir=/home/toolchain/development/libc++_replacement/tmp/GBS-ROOT/R104-matrix-armv7l-libcxx/local/cache https://download.tizen.org/snapshots/TIZEN/Tizen/Tizen-Base-Toolchain/reference/repos/standard/packages/
[    2s] /usr/lib/build/createrepomddeps --cachedir=/home/toolchain/development/libc++_replacement/tmp/GBS-ROOT/R104-matrix-armv7l-libcxx/local/cache https://download.tizen.org/snapshots/TIZEN/Tizen/Tizen-Unified-Toolchain/reference/repos/standard/packages/
[    4s] expanding package dependencies...
[    4s] Warning: spec file parser line 2: can't expand %(...)
[    4s] copying qemu
[    4s]  /usr/bin/qemu-arm-binfmt /usr/bin/qemu-arm-static /usr/bin/qemu-arm64-binfmt /usr/bin/qemu-arm64-static /usr/bin/qemu-riscv32-binfmt /usr/bin/qemu-riscv32-static /usr/bin/qemu-riscv64-binfmt /usr/bin/qemu-riscv64-static /usr/sbin/qemu-binfmt-conf.sh
[    4s] 
[    4s] registering binfmt handlers for cross build
[    4s] calculating packages to download...
[    6s] cycle: nss -> libsoftokn3
[    6s]   breaking dependency nss -> libsoftokn3
[    6s] [1/44] preinstalling libmagic-data...
[    6s] [2/44] preinstalling libncurses...
[    6s] [3/44] preinstalling setup...
[    6s] [4/44] preinstalling filesystem...
[    6s] [5/44] preinstalling glibc...
[    6s] [6/44] preinstalling libgcc...
[    6s] [7/44] preinstalling bash...
[    6s] [8/44] preinstalling diffutils...
[    6s] [9/44] preinstalling grep...
[    6s] [10/44] preinstalling libattr...
[    6s] [11/44] preinstalling libblkid...
[    6s] [12/44] preinstalling libbz2...
[    6s] [13/44] preinstalling libcap...
[    6s] [14/44] preinstalling libfreebl3...
[    6s] [15/44] preinstalling liblua...
[    6s] [16/44] preinstalling liblzma...
[    6s] [17/44] preinstalling libopenssl3...
[    6s] [18/44] preinstalling libpopt...
[    6s] [19/44] preinstalling libreadline...
[    6s] [20/44] preinstalling libsmack...
[    6s] [21/44] preinstalling libsqlite...
[    6s] [22/44] preinstalling libuuid...
[    6s] [23/44] preinstalling libxcrypt...
[    6s] [24/44] preinstalling libxml2...
[    6s] [25/44] preinstalling libzstd1...
[    6s] [26/44] preinstalling nspr...
[    6s] [27/44] preinstalling sed...
[    6s] [28/44] preinstalling zlib...
[    6s] [29/44] preinstalling clang-accel-x86_64-armv7l...
[    9s] [30/44] preinstalling qemu-accel-x86_64-armv7l...
[   12s] [31/44] preinstalling qemu-linux-user-x86_64-cross...
[   13s] [32/44] preinstalling coreutils...
[   13s] [33/44] preinstalling libacl...
[   13s] [34/44] preinstalling libelf...
[   13s] [35/44] preinstalling libmount...
[   13s] [36/44] preinstalling smack...
[   13s] [37/44] preinstalling bzip2...
[   13s] [38/44] preinstalling libmagic...
[   13s] [39/44] preinstalling tar...
[   13s] [40/44] preinstalling util-linux...
[   13s] [41/44] preinstalling rpm...
[   14s] [42/44] preinstalling util-linux-su...
[   14s] [43/44] preinstalling nss...
[   14s] [44/44] preinstalling libsoftokn3...
[   14s] 
[   14s] running qemu-linux-user-x86_64-cross postinstall script
[   14s] running qemu-accel-x86_64-armv7l postinstall script
[   14s] mv: cannot stat `/usr/lib/gcc/armv7l-tizen-linux-gnueabi/14.2.0/liblto_plugin.so': No such file or directory
[   14s] running clang-accel-x86_64-armv7l postinstall script
[   14s] running setup postinstall script
[   14s] chroot: failed to run command '/usr/bin/lua': No such file or directory
[   14s] initializing rpm db...
[   14s] reordering...cycle: glibc-devel -> libxcrypt-devel
[   14s]   breaking dependency libxcrypt-devel -> glibc-devel
[   14s] cycle: clang -> llvm
[   14s]   breaking dependency llvm -> clang
[   14s] cycle: clang -> llvm -> lldb
[   14s]   breaking dependency llvm -> lldb
[   14s] cycle: libsoftokn3 -> nss
[   14s]   breaking dependency nss -> libsoftokn3
[   14s] reordering done
[   14s] [1/121] cumulate libmagic-data-5.46-1.8
[   14s] [2/121] cumulate setup-0.9-1.2
[   14s] [3/121] cumulate filesystem-3.1-1.1
[   14s] [4/121] cumulate glibc-2.40-2.3
[   14s] [5/121] cumulate libatomic-14.2.0-1.8
[   14s] [6/121] cumulate libgcc-14.2.0-1.8
[   14s] [7/121] cumulate bash-3.2.57-1.1
[   14s] [8/121] cumulate cpio-2.8-1.1
[   15s] [9/121] cumulate diffutils-3.10-1.1
[   15s] [10/121] cumulate findutils-4.3.8-1.9
[   15s] [11/121] cumulate gdbm-1.8.3-1.9
[   15s] [12/121] cumulate hostname-3.23-1.1
[   15s] [13/121] cumulate libattr-2.5.1-1.10
[   15s] [14/121] cumulate libblkid-2.41.2-1.6
[   15s] [15/121] cumulate libbz2-1.0.8-1.8
[   15s] [16/121] cumulate libc++abi-22.1.8-1.1
[   15s] [17/121] cumulate libcap-2.73-1.8
[   15s] [18/121] cumulate libexpat-2.7.3-1.8
[   15s] [19/121] cumulate libffi-3.4.7-1.9
[   15s] [20/121] cumulate libfreebl3-3.109-1.2
[   15s] [21/121] cumulate libgfortran-14.2.0-1.8
[   15s] [22/121] cumulate libgomp-14.2.0-1.8
[   15s] [23/121] cumulate libitm-14.2.0-1.8
[   15s] [24/121] cumulate libltdl-2.5.4-1.8
[   15s] [25/121] cumulate liblua-5.1.5-1.8
[   15s] [26/121] cumulate liblzma-5.8.1-1.9
[   15s] [27/121] cumulate libopenssl3-3.5.5-1.9
[   15s] [28/121] cumulate libpcre-8.45-104.28.2
[   15s] [29/121] cumulate libpopt-1.16-1.9
[   15s] [30/121] cumulate libpython3_141_0-3.14.2-1.8
[   15s] [31/121] cumulate libsmack-1.3.1-1.9
[   15s] [32/121] cumulate libsmartcols-2.41.2-1.6
[   15s] [33/121] cumulate libsqlite-3.51.0-1.9
[   15s] [34/121] cumulate libstdc++-14.2.0-1.8
[   15s] [35/121] cumulate libuuid-2.41.2-1.6
[   15s] [36/121] cumulate libxcrypt-4.4.36-1.9
[   15s] [37/121] cumulate libxml2-2.15.1-1.8
[   15s] [38/121] cumulate libzstd1-1.5.7-1.9
[   15s] [39/121] cumulate m4-1.4.20-1.1
[   15s] [40/121] cumulate net-tools-2.0_20121208git-1.8
[   15s] [41/121] cumulate nspr-4.36-1.2
[   15s] [42/121] cumulate patch-2.8-1.8
[   15s] [43/121] cumulate pkg-config-0.29.2-1.9
[   15s] [44/121] cumulate sed-4.1c-1.8
[   15s] [45/121] cumulate update-alternatives-1.22.21-1.1
[   15s] [46/121] cumulate which-2.17-1.1
[   15s] [47/121] cumulate zlib-1.3.1-1.9
[   15s] [48/121] cumulate app-rootstrap-checker-1.0.0-1.1
[   15s] [49/121] cumulate build-compare-2023.06.18-1.2
[   15s] [50/121] cumulate clang-accel-x86_64-armv7l-0.4-1.2
[   15s] [51/121] cumulate hal-rootstrap-checker-1.0.0-4.1
[   15s] [52/121] cumulate libc++abi-devel-22.1.8-1.1
[   15s] [53/121] cumulate libstdc++-devel-14.2.0-1.8
[   15s] [54/121] cumulate qemu-linux-user-x86_64-cross-9.2.3.1-3.2
[   15s] [55/121] cumulate cpp-14.2.0-1.8
[   15s] [56/121] cumulate gcc-c++-14.2.0-1.8
[   15s] [57/121] cumulate binutils-libs-2.43-1.8
[   15s] [58/121] cumulate coreutils-6.9-14.1
[   15s] [59/121] cumulate doxygen-1.14.0-1.1
[   15s] [60/121] cumulate gawk-3.1.5-1.1
[   15s] [61/121] cumulate grep-2.5.2-1.9
[   15s] [62/121] cumulate libacl-2.3.2-1.8
[   15s] [63/121] cumulate libc++-22.1.8-1.1
[   15s] [64/121] cumulate libcc1-14.2.0-1.8
[   15s] [65/121] cumulate libelf-0.189-1.9
[   15s] [66/121] cumulate liblastlog2-2.41.2-1.6
[   15s] [67/121] cumulate libmount-2.41.2-1.6
[   15s] [68/121] cumulate libxslt-1.1.43-1.1
[   15s] [69/121] cumulate make-4.4.1-1.8
[   15s] [70/121] cumulate ninja-1.13.1-1.9
[   15s] [71/121] cumulate nss-certs-3.109-1.2
[   15s] [72/121] cumulate smack-1.3.1-1.9
[   15s] [73/121] cumulate bzip2-1.0.8-1.8
[   15s] [74/121] cumulate libfdisk-2.41.2-1.6
[   15s] [75/121] cumulate libmagic-5.46-1.8
[   15s] [76/121] cumulate xz-5.8.1-1.9
[   15s] [77/121] cumulate libllvm-22.1.8-2.3
[   15s] [78/121] cumulate perl-5.42.0-1.8
[   15s] [79/121] cumulate build-mkbaselibs-20120927-1.1
[   15s] [80/121] cumulate linux-glibc-devel-6.6-1.9
[   15s] [81/121] cumulate libc++-devel-22.1.8-1.1
[   15s] [82/121] cumulate terminfo-base-full-6.6-1.8
[   15s] [83/121] cumulate autoconf-2.71-1.9
[   15s] [84/121] cumulate glibc-locale-2.40-2.3
[   15s] [85/121] cumulate mm-common-1.0.7-1.1
[   15s] [86/121] cumulate tar-1.17-1.1
[   15s] [87/121] cumulate binutils-2.43-1.8
[   15s] [88/121] cumulate file-5.46-1.8
[   15s] [89/121] cumulate gzip-1.3.12-1.9
[   15s] [90/121] cumulate libxslt-tools-1.1.43-1.1
[   15s] [91/121] cumulate pam-1.1.6-1.9
[   15s] [92/121] cumulate tzdata-2025b-1.1
[   15s] [93/121] cumulate libdw-0.189-1.9
[   15s] [94/121] cumulate gcc-14.2.0-1.8
[   15s] [95/121] cumulate libarchive-3.8.1-1.8
[   15s] [96/121] cumulate qemu-accel-x86_64-armv7l-0.4-1.2
[   15s] [97/121] cumulate automake-1.16.5-1.8
[   15s] [98/121] cumulate libasm-0.189-1.9
[   15s] [99/121] cumulate libncurses6-6.6-1.8
[   15s] [100/121] cumulate build-20120927-1.1
[   15s] [101/121] cumulate rpm-4.14.1.1-2.3
[   15s] [102/121] cumulate libncurses-6.6-1.8
[   15s] [103/121] cumulate less-685-1.1
[   15s] [104/121] cumulate libreadline-5.2-1.9
[   15s] [105/121] cumulate libtool-2.5.4-1.8
[   15s] [106/121] cumulate elfutils-0.189-1.9
[   15s] [107/121] cumulate python3-base-3.14.2-1.8
[   15s] [108/121] cumulate util-linux-2.41.2-1.6
[   15s] [109/121] cumulate python3-3.14.2-1.7
[   15s] [110/121] cumulate util-linux-su-2.41.2-1.6
[   15s] [111/121] cumulate python3-setuptools-80.9.0-1.2
[   15s] [112/121] cumulate meson-1.9.1-1.2
[   15s] [113/121] cumulate libxcrypt-devel-4.4.36-1.9
[   15s] [114/121] cumulate nss-3.109-1.2
[   15s] [115/121] cumulate llvm-22.1.8-2.3
[   15s] [116/121] cumulate glibc-devel-2.40-2.3
[   15s] [117/121] cumulate clang-22.1.8-2.3
[   15s] [118/121] cumulate libsoftokn3-3.109-1.2
[   15s] [119/121] cumulate llvm-devel-22.1.8-2.3
[   15s] [120/121] cumulate lldb-22.1.8-2.3
[   15s] [121/121] cumulate rpm-build-4.14.1.1-2.3
[   15s] now installing cumulated packages
[   16s] Preparing...                          ########################################
[   16s] Updating / installing...
[   16s] setup-0.9-1.2                         ##############warning: /etc/profile created as /etc/profile.rpmnew
[   16s] ##########################
[   16s] filesystem-3.1-1.1                    ########################################
[   16s] libmagic-data-5.46-1.8                ########################################
[   16s] glibc-2.40-2.3                        ########################################
[   16s] libgcc-14.2.0-1.8                     ########################################
[   16s] bash-3.2.57-1.1                       ########################################
[   16s] zlib-1.3.1-1.9                        ########################################
[   16s] libstdc++-14.2.0-1.8                  ########################################
[   16s] coreutils-6.9-14.1                    ########################################
[   16s] liblzma-5.8.1-1.9                     ########################################
[   17s] libbz2-1.0.8-1.8                      ########################################
[   17s] libxml2-2.15.1-1.8                    ########################################
[   17s] libelf-0.189-1.9                      ########################################
[   17s] libdw-0.189-1.9                       ########################################
[   17s] libllvm-22.1.8-2.3                    ########################################
[   17s] libxcrypt-4.4.36-1.9                  ########################################
[   17s] libblkid-2.41.2-1.6                   ########################################
[   17s] libopenssl3-3.5.5-1.9                 ########################################
[   17s] libsqlite-3.51.0-1.9                  ########################################
[   18s] nspr-4.36-1.2                         ########################################
[   18s] pam-1.1.6-1.9                         ########################################
[   18s] libmagic-5.46-1.8                     ########################################
[   18s] gdbm-1.8.3-1.9                        ########################################
[   18s] perl-5.42.0-1.8                       ########################################
[   18s] libc++abi-22.1.8-1.1                  ########################################
[   18s] libfreebl3-3.109-1.2                  ########################################
[   18s] libpopt-1.16-1.9                      ########################################
[   19s] libuuid-2.41.2-1.6                    ########################################
[   19s] pkg-config-0.29.2-1.9                 ########################################
[   19s] libc++abi-devel-22.1.8-1.1            ########################################
[   19s] build-mkbaselibs-20120927-1.1         ########################################
[   19s] linux-glibc-devel-6.6-1.9             ########################################
[   19s] libxcrypt-devel-4.4.36-1.9            ########################################
[   19s] glibc-devel-2.40-2.3                  ########################################
[   19s] terminfo-base-full-6.6-1.8            ########################################
[   19s] libncurses6-6.6-1.8                   ########################################
[   19s] libreadline-5.2-1.9                   ########################################
[   20s] clang-22.1.8-2.3                      ########################################
[   20s] lldb-22.1.8-2.3                       ########################################
[   20s] llvm-22.1.8-2.3                       ########################################
[   20s] libfdisk-2.41.2-1.6                   ########################################
[   20s] libc++-22.1.8-1.1                     ########################################
[   20s] nss-certs-3.109-1.2                   ########################################
[   20s] libsoftokn3-3.109-1.2                 ########################################
[   20s] nss-3.109-1.2                         ########################################
[   20s] liblastlog2-2.41.2-1.6                ########################################
[   20s] libmount-2.41.2-1.6                   ########################################
[   20s] libasm-0.189-1.9                      ########################################
[   20s] libxslt-1.1.43-1.1                    ########################################
[   20s] bzip2-1.0.8-1.8                       ########################################
[   20s] xz-5.8.1-1.9                          ########################################
[   20s] gzip-1.3.12-1.9                       ########################################
[   20s] libcc1-14.2.0-1.8                     ########################################
[   20s] ninja-1.13.1-1.9                      ########################################
[   20s] binutils-libs-2.43-1.8                ########################################
[   21s] binutils-2.43-1.8                     ########################################
[   21s] make-4.4.1-1.8                        ########################################
[   21s] findutils-4.3.8-1.9                   ########################################
[   21s] libattr-2.5.1-1.10                    ########################################
[   21s] libacl-2.3.2-1.8                      ########################################
[   21s] tar-1.17-1.1                          ########################################
[   21s] libarchive-3.8.1-1.8                  ########################################
[   21s] libcap-2.73-1.8                       ########################################
[   21s] libexpat-2.7.3-1.8                    ########################################
[   21s] libffi-3.4.7-1.9                      ########################################
[   21s] libgfortran-14.2.0-1.8                ########################################
[   21s] libgomp-14.2.0-1.8                    ########################################
[   21s] libitm-14.2.0-1.8                     ########################################
[   21s] libltdl-2.5.4-1.8                     ########################################
[   22s] liblua-5.1.5-1.8                      ########################################
[   22s] libpcre-8.45-104.28.2                 ########################################
[   22s] libpython3_141_0-3.14.2-1.8           ########################################
[   22s] python3-base-3.14.2-1.8               ########################################
[   22s] python3-3.14.2-1.7                    ########################################
[   22s] python3-setuptools-80.9.0-1.2         ########################################
[   22s] libsmack-1.3.1-1.9                    ########################################
[   22s] libsmartcols-2.41.2-1.6               ########################################
[   23s] libzstd1-1.5.7-1.9                    ########################################
[   23s] rpm-4.14.1.1-2.3                      ########################################
[   23s] m4-1.4.20-1.1                         ########################################
[   23s] autoconf-2.71-1.9                     ########################################
[   23s] automake-1.16.5-1.8                   ########################################
[   23s] patch-2.8-1.8                         ########################################
[   23s] sed-4.1c-1.8                          ########################################
[   23s] util-linux-2.41.2-1.6                 ########################################
[   23s] libatomic-14.2.0-1.8                  ########################################
[   23s] libtool-2.5.4-1.8                     ########################################
[   23s] meson-1.9.1-1.2                       ########################################
[   23s] build-20120927-1.1                    ########################################
[   23s] libc++-devel-22.1.8-1.1               ########################################
[   23s] libncurses-6.6-1.8                    ########################################
[   23s] mm-common-1.0.7-1.1                   ########################################
[   23s] libstdc++-devel-14.2.0-1.8            ########################################
[   23s] app-rootstrap-checker-1.0.0-1.1       ########################################
[   23s] build-compare-2023.06.18-1.2          ########################################
[   26s] clang-accel-x86_64-armv7l-0.4-1.2     ########################################
[   26s] hal-rootstrap-checker-1.0.0-4.1       ########################################
[   27s] qemu-linux-user-x86_64-cross-9.2.3.1-3########################################
[   28s] gcc-14.2.0-1.8                        ########################################
[   30s] qemu-accel-x86_64-armv7l-0.4-1.2      ########################################
[   31s] util-linux-su-2.41.2-1.6              ########################################
[   31s] rpm-build-4.14.1.1-2.3                ########################################
[   31s] smack-1.3.1-1.9                       ########################################
[   31s] grep-2.5.2-1.9                        ########################################
[   31s] libxslt-tools-1.1.43-1.1              ########################################
[   31s] elfutils-0.189-1.9                    ########################################
[   31s] llvm-devel-22.1.8-2.3                 ########################################
[   31s] less-685-1.1                          ########################################
[   31s] file-5.46-1.8                         ########################################
[   31s] glibc-locale-2.40-2.3                 ########################################
[   31s] tzdata-2025b-1.1                      ########################################
[   31s] doxygen-1.14.0-1.1                    ########################################
[   31s] cpp-14.2.0-1.8                        ########################################
[   32s] gcc-c++-14.2.0-1.8                    ########################################
[   32s] gawk-3.1.5-1.1                        ########################################
[   32s] cpio-2.8-1.1                          ########################################
[   32s] diffutils-3.10-1.1                    ########################################
[   32s] hostname-3.23-1.1                     ########################################
[   32s] net-tools-2.0_20121208git-1.8         ########################################
[   32s] update-alternatives-1.22.21-1.1       ########################################
[   32s] which-2.17-1.1                        ########################################
[   32s] removing nis flags from /home/toolchain/development/libc++_replacement/tmp/GBS-ROOT/R104-matrix-armv7l-libcxx/local/BUILD-ROOTS/scratch.armv7l.0/etc/nsswitch.conf...
[   32s] now finalizing build dir...
[   33s] Warning: spec file parser line 2: can't expand %(...)
[   33s] -----------------------------------------------------------------
[   33s] I have the following modifications for libsigc++.spec:
[   33s] 10c10
[   33s] < Release:        1
[   33s] ---
[   33s] > Release:        104.23.2
[   33s] -----------------------------------------------------------------
[   33s] ----- building libsigc++.spec (user abuild)
[   33s] -----------------------------------------------------------------
[   33s] -----------------------------------------------------------------
[   33s] + exec rpmbuild --define '_smp_mflags -j2' --define '_toolchain_override gcc' --define '_srcdefattr (-,root,root)' --nosignature --target=armv7l-tizen-linux --define '_build_create_debug 1' -ba /home/abuild/rpmbuild/SOURCES/libsigc++.spec
[   33s] Building target platforms: armv7l-tizen-linux
[   33s] Building for target armv7l-tizen-linux
[   33s] Executing(%prep): /bin/sh -e /var/tmp/rpm-tmp.1c7CZs
[   33s] + umask 022
[   33s] + cd /home/abuild/rpmbuild/BUILD
[   33s] + cd /home/abuild/rpmbuild/BUILD
[   33s] + rm -rf libsigc++-2.12.1
[   33s] + /bin/gzip -dc /home/abuild/rpmbuild/SOURCES/libsigc++-2.12.1.tar.gz
[   33s] + /bin/tar -xof -
[   33s] + STATUS=0
[   33s] + '[' 0 -ne 0 ']'
[   33s] + cd libsigc++-2.12.1
[   33s] + /bin/chmod -Rf a+rX,u+w,g-w,o-w .
[   33s] + cp /home/abuild/rpmbuild/SOURCES/libsigc++.manifest .
[   33s] + exit 0
[   33s] Executing(%build): /bin/sh -e /var/tmp/rpm-tmp.MbqHpv
[   33s] + umask 022
[   33s] + cd /home/abuild/rpmbuild/BUILD
[   33s] + CFLAGS='-O2 -fno-inline-functions -fstack-protector-strong --param=ssp-buffer-size=4 -g2 -gdwarf-4 -pipe -Wall -Wp,-D_FORTIFY_SOURCE=2 -fexceptions -Wformat -Wformat-security -fmessage-length=0 -frecord-gcc-switches -march=armv7-a -mtune=cortex-a8 -mlittle-endian -mfpu=neon -mfloat-abi=softfp -mthumb -Wp,-D__SOFTFP__ -D_FILE_OFFSET_BITS=64 -g'
[   33s] + export CFLAGS
[   33s] + CXXFLAGS='-O2 -fno-inline-functions -fstack-protector-strong --param=ssp-buffer-size=4 -g2 -gdwarf-4 -pipe -Wall -Wp,-D_FORTIFY_SOURCE=2 -fexceptions -Wformat -Wformat-security -fmessage-length=0 -frecord-gcc-switches -march=armv7-a -mtune=cortex-a8 -mlittle-endian -mfpu=neon -mfloat-abi=softfp -mthumb -Wp,-D__SOFTFP__ -D_FILE_OFFSET_BITS=64 -g'
[   33s] + export CXXFLAGS
[   33s] + LDFLAGS=-Wl,-z,relro,--as-needed,-O1,--hash-style=gnu
[   33s] + export LDFLAGS
[   33s] + cd libsigc++-2.12.1
[   33s] + ref=/usr/lib/rpm
[   33s] + mints=0
[   33s] + case $(uname -m) in
[   33s] ++ uname -m
[   33s] + for s in guess sub
[   33s] ++ find -maxdepth 8 -name config.guess
[   33s] + for s in guess sub
[   33s] ++ find -maxdepth 8 -name config.sub
[   33s] + export AR=gcc-ar RANLIB=gcc-ranlib
[   33s] + AR=gcc-ar
[   33s] + RANLIB=gcc-ranlib
[   33s] + export CC=armv7l-tizen-linux-gnueabi-gcc CXX=armv7l-tizen-linux-gnueabi-g++
[   33s] + CC=armv7l-tizen-linux-gnueabi-gcc
[   33s] + CXX=armv7l-tizen-linux-gnueabi-g++
[   33s] + export 'MAKEFLAGS+= -k'
[   33s] + MAKEFLAGS+=' -k'
[   33s] + /usr/bin/meson setup --buildtype=plain --prefix=/usr --libdir=/usr/lib --libexecdir=/usr/libexec --bindir=/usr/bin --sbindir=/usr/sbin --includedir=/usr/include --datadir=/usr/share --mandir=/usr/share/man --infodir=/usr/share/info --localedir=/usr/share/locale --sysconfdir=/etc --localstatedir=/var --sharedstatedir=/usr/com --wrap-mode=nodownload --auto-features=enabled . armv7l-tizen-linux -Dmaintainer-mode=true -Dbuild-deprecated-api=true -Dbuild-documentation=false -Dbuild-examples=false -Dbuild-tests=false -Dbenchmark=false -Dwarning_level=1
[   37s] The Meson build system
[   37s] Version: 1.9.1
[   37s] Source dir: /home/abuild/rpmbuild/BUILD/libsigc++-2.12.1
[   37s] Build dir: /home/abuild/rpmbuild/BUILD/libsigc++-2.12.1/armv7l-tizen-linux
[   37s] Build type: native build
[   37s] Project name: libsigc++
[   37s] Project version: 2.12.1
[   37s] C++ compiler for the host machine: armv7l-tizen-linux-gnueabi-g++ (gcc 14.2.0 "armv7l-tizen-linux-gnueabi-g++ (Tizen GCC 14.2.0 20240801 1.2) 14.2.0")
[   37s] C++ linker for the host machine: armv7l-tizen-linux-gnueabi-g++ ld.bfd 2.43
[   37s] Host machine cpu family: arm
[   37s] Host machine cpu: armv7l
[   37s] Program python3 found: YES 3.14.2 3.14.2 (/bin/python3)
[   37s] Found pkg-config: YES (/bin/pkg-config) 0.29.2
[   37s] Run-time dependency Boost found: NO (tried system)
[   37s] Program mm-common-get found: YES (/bin/mm-common-get)
[   37s] Program m4 found: YES (/bin/m4)
[   37s] Program doxygen found: YES (/bin/doxygen)
[   37s] Program dot found: NO
[   37s] Program xsltproc found: YES (/bin/xsltproc)
[   37s] Configuring sigc++-2.0.pc using configuration
[   37s] Configuring sigc++-2.0-uninstalled.pc using configuration
[   37s] Configuring sigc++config.h using configuration
[   37s] Configuring sigc.rc using configuration
[   37s] Configuring sigc++config.h using configuration
[   37s] Run-time dependency mm-common-libstdc++ found: YES 1.0.7
[   37s] Configuring Doxyfile using configuration
[   37s] Program xmllint found: NO
[   37s] Program dblatex found: NO
[   37s] Program fop found: NO
[   37s] Message: 
[   37s] ------
[   37s] libsigc++ 2.12.1
[   37s] 
[   37s]          Maintainer mode: true
[   37s]        Compiler warnings: min (warning_level: 1, werror: false)
[   37s]     Build deprecated API: true
[   37s] Build HTML documentation: false
[   37s]           XML validation: false (requires xmllint with Relax NG and DocBook V5.0 support)
[   37s]                Build PDF: false
[   37s]   Build example programs: false
[   37s]      Build test programs: false
[   37s]                Benchmark: false
[   37s] Directories:
[   37s]                   prefix: /usr
[   37s]               includedir: /usr/include
[   37s]         includesigcxxdir: /usr/include/sigc++-2.0
[   37s]                   libdir: /usr/lib
[   37s]         includeconfigdir: /usr/lib/sigc++-2.0/include
[   37s]             pkgconfigdir: /usr/lib/pkgconfig
[   37s]                  datadir: /usr/share
[   37s]                   docdir: /usr/share/doc/libsigc++-2.0
[   37s]               devhelpdir: /usr/share/devhelp/books/libsigc++-2.0
[   37s]              tutorialdir: /usr/share/doc/libsigc++-2.0/tutorial
[   37s] ------
[   37s] Build targets in project: 54
[   37s] 
[   37s] libsigc++ 2.12.1
[   37s] 
[   37s]   User defined options
[   37s]     auto_features       : enabled
[   37s]     benchmark           : false
[   37s]     bindir              : /usr/bin
[   37s]     build-deprecated-api: true
[   37s]     build-documentation : false
[   37s]     build-examples      : false
[   37s]     build-tests         : false
[   37s]     buildtype           : plain
[   37s]     datadir             : /usr/share
[   37s]     includedir          : /usr/include
[   37s]     infodir             : /usr/share/info
[   37s]     libdir              : /usr/lib
[   37s]     libexecdir          : /usr/libexec
[   37s]     localedir           : /usr/share/locale
[   37s]     localstatedir       : /var
[   37s]     maintainer-mode     : true
[   37s]     mandir              : /usr/share/man
[   37s]     prefix              : /usr
[   37s]     sbindir             : /usr/sbin
[   37s]     sharedstatedir      : /usr/com
[   37s]     sysconfdir          : /etc
[   37s]     warning_level       : 1
[   37s]     wrap_mode           : nodownload
[   37s] 
[   37s] Found ninja-1.13.1 at /bin/ninja
[   37s] + /usr/bin/meson compile -C armv7l-tizen-linux --verbose
[   38s] ninja: Entering directory `/home/abuild/rpmbuild/BUILD/libsigc++-2.12.1/armv7l-tizen-linux'
[   39s] [1/25] /bin/python3 /home/abuild/rpmbuild/BUILD/libsigc++-2.12.1/tools/handle-built-files.py build_from_m4 /home/abuild/rpmbuild/BUILD/libsigc++-2.12.1/sigc++/macros ../sigc++/functors/macros/ptr_fun.h.m4 sigc++/functors/ptr_fun.h
[   39s] [2/25] /bin/python3 /home/abuild/rpmbuild/BUILD/libsigc++-2.12.1/tools/handle-built-files.py build_from_m4 /home/abuild/rpmbuild/BUILD/libsigc++-2.12.1/sigc++/macros ../sigc++/adaptors/lambda/macros/base.h.m4 sigc++/adaptors/lambda/base.h
[   39s] [3/25] /bin/python3 /home/abuild/rpmbuild/BUILD/libsigc++-2.12.1/tools/handle-built-files.py build_from_m4 /home/abuild/rpmbuild/BUILD/libsigc++-2.12.1/sigc++/macros ../sigc++/adaptors/macros/track_obj.h.m4 sigc++/adaptors/track_obj.h
[   39s] [4/25] /bin/python3 /home/abuild/rpmbuild/BUILD/libsigc++-2.12.1/tools/handle-built-files.py build_from_m4 /home/abuild/rpmbuild/BUILD/libsigc++-2.12.1/sigc++/macros ../sigc++/adaptors/macros/compose.h.m4 sigc++/adaptors/compose.h
[   39s] [5/25] /bin/python3 /home/abuild/rpmbuild/BUILD/libsigc++-2.12.1/tools/handle-built-files.py build_from_m4 /home/abuild/rpmbuild/BUILD/libsigc++-2.12.1/sigc++/macros ../sigc++/adaptors/lambda/macros/lambda.cc.m4 sigc++/adaptors/lambda/lambda.cc
[   39s] [6/25] /bin/python3 /home/abuild/rpmbuild/BUILD/libsigc++-2.12.1/tools/handle-built-files.py build_from_m4 /home/abuild/rpmbuild/BUILD/libsigc++-2.12.1/sigc++/macros ../sigc++/adaptors/macros/bind_return.h.m4 sigc++/adaptors/bind_return.h
[   39s] [7/25] /bin/python3 /home/abuild/rpmbuild/BUILD/libsigc++-2.12.1/tools/handle-built-files.py build_from_m4 /home/abuild/rpmbuild/BUILD/libsigc++-2.12.1/sigc++/macros ../sigc++/functors/macros/mem_fun.h.m4 sigc++/functors/mem_fun.h
[   39s] [8/25] /bin/python3 /home/abuild/rpmbuild/BUILD/libsigc++-2.12.1/tools/handle-built-files.py build_from_m4 /home/abuild/rpmbuild/BUILD/libsigc++-2.12.1/sigc++/macros ../sigc++/adaptors/macros/deduce_result_type.h.m4 sigc++/adaptors/deduce_result_type.h
[   39s] [9/25] /bin/python3 /home/abuild/rpmbuild/BUILD/libsigc++-2.12.1/tools/handle-built-files.py build_from_m4 /home/abuild/rpmbuild/BUILD/libsigc++-2.12.1/sigc++/macros ../sigc++/functors/macros/slot.h.m4 sigc++/functors/slot.h
[   39s] [10/25] /bin/python3 /home/abuild/rpmbuild/BUILD/libsigc++-2.12.1/tools/handle-built-files.py build_from_m4 /home/abuild/rpmbuild/BUILD/libsigc++-2.12.1/sigc++/macros ../sigc++/adaptors/macros/bind.h.m4 sigc++/adaptors/bind.h
[   39s] [11/25] /bin/python3 /home/abuild/rpmbuild/BUILD/libsigc++-2.12.1/tools/handle-built-files.py build_from_m4 /home/abuild/rpmbuild/BUILD/libsigc++-2.12.1/sigc++/macros ../sigc++/adaptors/macros/hide.h.m4 sigc++/adaptors/hide.h
[   39s] [12/25] /bin/python3 /home/abuild/rpmbuild/BUILD/libsigc++-2.12.1/tools/handle-built-files.py build_from_m4 /home/abuild/rpmbuild/BUILD/libsigc++-2.12.1/sigc++/macros ../sigc++/adaptors/macros/retype.h.m4 sigc++/adaptors/retype.h
[   39s] [13/25] /bin/python3 /home/abuild/rpmbuild/BUILD/libsigc++-2.12.1/tools/handle-built-files.py build_from_m4 /home/abuild/rpmbuild/BUILD/libsigc++-2.12.1/sigc++/macros ../sigc++/macros/signal.h.m4 sigc++/signal.h
[   39s] [14/25] /bin/python3 /home/abuild/rpmbuild/BUILD/libsigc++-2.12.1/tools/handle-built-files.py build_from_m4 /home/abuild/rpmbuild/BUILD/libsigc++-2.12.1/sigc++/macros ../sigc++/adaptors/macros/retype_return.h.m4 sigc++/adaptors/retype_return.h
[   39s] [15/25] /bin/python3 /home/abuild/rpmbuild/BUILD/libsigc++-2.12.1/tools/handle-built-files.py build_from_m4 /home/abuild/rpmbuild/BUILD/libsigc++-2.12.1/sigc++/macros ../sigc++/adaptors/lambda/macros/select.h.m4 sigc++/adaptors/lambda/select.h
[   39s] [16/25] /bin/python3 /home/abuild/rpmbuild/BUILD/libsigc++-2.12.1/tools/handle-built-files.py build_from_m4 /home/abuild/rpmbuild/BUILD/libsigc++-2.12.1/sigc++/macros ../sigc++/adaptors/macros/exception_catch.h.m4 sigc++/adaptors/exception_catch.h
[   39s] [17/25] /bin/python3 /home/abuild/rpmbuild/BUILD/libsigc++-2.12.1/tools/handle-built-files.py build_from_m4 /home/abuild/rpmbuild/BUILD/libsigc++-2.12.1/sigc++/macros ../sigc++/adaptors/macros/adaptor_trait.h.m4 sigc++/adaptors/adaptor_trait.h
[   39s] [18/25] /bin/python3 /home/abuild/rpmbuild/BUILD/libsigc++-2.12.1/tools/handle-built-files.py build_from_m4 /home/abuild/rpmbuild/BUILD/libsigc++-2.12.1/sigc++/macros ../sigc++/macros/limit_reference.h.m4 sigc++/limit_reference.h
[   39s] [19/25] /bin/python3 /home/abuild/rpmbuild/BUILD/libsigc++-2.12.1/tools/handle-built-files.py build_from_m4 /home/abuild/rpmbuild/BUILD/libsigc++-2.12.1/sigc++/macros ../sigc++/functors/macros/functor_trait.h.m4 sigc++/functors/functor_trait.h
[   39s] [20/25] armv7l-tizen-linux-gnueabi-g++ -Isigc++/libsigc-2.0.so.0.0.0.p -I. -I.. -fdiagnostics-color=always -D_GLIBCXX_ASSERTIONS=1 -Wall -Winvalid-pch -std=c++11 -O2 -fno-inline-functions -fstack-protector-strong --param=ssp-buffer-size=4 -g2 -gdwarf-4 -pipe -Wall -Wp,-D_FORTIFY_SOURCE=2 -fexceptions -Wformat -Wformat-security -fmessage-length=0 -frecord-gcc-switches -march=armv7-a -mtune=cortex-a8 -mlittle-endian -mfpu=neon -mfloat-abi=softfp -mthumb -Wp,-D__SOFTFP__ -D_FILE_OFFSET_BITS=64 -g -fPIC -MD -MQ sigc++/libsigc-2.0.so.0.0.0.p/trackable.cc.o -MF sigc++/libsigc-2.0.so.0.0.0.p/trackable.cc.o.d -o sigc++/libsigc-2.0.so.0.0.0.p/trackable.cc.o -c ../sigc++/trackable.cc
[   39s] [21/25] armv7l-tizen-linux-gnueabi-g++ -Isigc++/libsigc-2.0.so.0.0.0.p -I. -I.. -fdiagnostics-color=always -D_GLIBCXX_ASSERTIONS=1 -Wall -Winvalid-pch -std=c++11 -O2 -fno-inline-functions -fstack-protector-strong --param=ssp-buffer-size=4 -g2 -gdwarf-4 -pipe -Wall -Wp,-D_FORTIFY_SOURCE=2 -fexceptions -Wformat -Wformat-security -fmessage-length=0 -frecord-gcc-switches -march=armv7-a -mtune=cortex-a8 -mlittle-endian -mfpu=neon -mfloat-abi=softfp -mthumb -Wp,-D__SOFTFP__ -D_FILE_OFFSET_BITS=64 -g -fPIC -MD -MQ sigc++/libsigc-2.0.so.0.0.0.p/meson-generated_.._adaptors_lambda_lambda.cc.o -MF sigc++/libsigc-2.0.so.0.0.0.p/meson-generated_.._adaptors_lambda_lambda.cc.o.d -o sigc++/libsigc-2.0.so.0.0.0.p/meson-generated_.._adaptors_lambda_lambda.cc.o -c sigc++/adaptors/lambda/lambda.cc
[   39s] [22/25] armv7l-tizen-linux-gnueabi-g++ -Isigc++/libsigc-2.0.so.0.0.0.p -I. -I.. -fdiagnostics-color=always -D_GLIBCXX_ASSERTIONS=1 -Wall -Winvalid-pch -std=c++11 -O2 -fno-inline-functions -fstack-protector-strong --param=ssp-buffer-size=4 -g2 -gdwarf-4 -pipe -Wall -Wp,-D_FORTIFY_SOURCE=2 -fexceptions -Wformat -Wformat-security -fmessage-length=0 -frecord-gcc-switches -march=armv7-a -mtune=cortex-a8 -mlittle-endian -mfpu=neon -mfloat-abi=softfp -mthumb -Wp,-D__SOFTFP__ -D_FILE_OFFSET_BITS=64 -g -fPIC -MD -MQ sigc++/libsigc-2.0.so.0.0.0.p/functors_slot_base.cc.o -MF sigc++/libsigc-2.0.so.0.0.0.p/functors_slot_base.cc.o.d -o sigc++/libsigc-2.0.so.0.0.0.p/functors_slot_base.cc.o -c ../sigc++/functors/slot_base.cc
[   39s] [23/25] armv7l-tizen-linux-gnueabi-g++ -Isigc++/libsigc-2.0.so.0.0.0.p -I. -I.. -fdiagnostics-color=always -D_GLIBCXX_ASSERTIONS=1 -Wall -Winvalid-pch -std=c++11 -O2 -fno-inline-functions -fstack-protector-strong --param=ssp-buffer-size=4 -g2 -gdwarf-4 -pipe -Wall -Wp,-D_FORTIFY_SOURCE=2 -fexceptions -Wformat -Wformat-security -fmessage-length=0 -frecord-gcc-switches -march=armv7-a -mtune=cortex-a8 -mlittle-endian -mfpu=neon -mfloat-abi=softfp -mthumb -Wp,-D__SOFTFP__ -D_FILE_OFFSET_BITS=64 -g -fPIC -MD -MQ sigc++/libsigc-2.0.so.0.0.0.p/connection.cc.o -MF sigc++/libsigc-2.0.so.0.0.0.p/connection.cc.o.d -o sigc++/libsigc-2.0.so.0.0.0.p/connection.cc.o -c ../sigc++/connection.cc
[   39s] [24/25] armv7l-tizen-linux-gnueabi-g++ -Isigc++/libsigc-2.0.so.0.0.0.p -I. -I.. -fdiagnostics-color=always -D_GLIBCXX_ASSERTIONS=1 -Wall -Winvalid-pch -std=c++11 -O2 -fno-inline-functions -fstack-protector-strong --param=ssp-buffer-size=4 -g2 -gdwarf-4 -pipe -Wall -Wp,-D_FORTIFY_SOURCE=2 -fexceptions -Wformat -Wformat-security -fmessage-length=0 -frecord-gcc-switches -march=armv7-a -mtune=cortex-a8 -mlittle-endian -mfpu=neon -mfloat-abi=softfp -mthumb -Wp,-D__SOFTFP__ -D_FILE_OFFSET_BITS=64 -g -fPIC -MD -MQ sigc++/libsigc-2.0.so.0.0.0.p/signal_base.cc.o -MF sigc++/libsigc-2.0.so.0.0.0.p/signal_base.cc.o.d -o sigc++/libsigc-2.0.so.0.0.0.p/signal_base.cc.o -c ../sigc++/signal_base.cc
[   39s] [25/25] armv7l-tizen-linux-gnueabi-g++  -o sigc++/libsigc-2.0.so.0.0.0 sigc++/libsigc-2.0.so.0.0.0.p/meson-generated_.._adaptors_lambda_lambda.cc.o sigc++/libsigc-2.0.so.0.0.0.p/connection.cc.o sigc++/libsigc-2.0.so.0.0.0.p/signal_base.cc.o sigc++/libsigc-2.0.so.0.0.0.p/trackable.cc.o sigc++/libsigc-2.0.so.0.0.0.p/functors_slot_base.cc.o -Wl,--as-needed -Wl,--no-undefined -shared -fPIC -Wl,-soname,libsigc-2.0.so.0 -Wl,-z,relro,--as-needed,-O1,--hash-style=gnu -O2 -fno-inline-functions -fstack-protector-strong --param=ssp-buffer-size=4 -g2 -gdwarf-4 -pipe -Wall -Wp,-D_FORTIFY_SOURCE=2 -fexceptions -Wformat -Wformat-security -fmessage-length=0 -frecord-gcc-switches -march=armv7-a -mtune=cortex-a8 -mlittle-endian -mfpu=neon -mfloat-abi=softfp -mthumb -Wp,-D__SOFTFP__ -D_FILE_OFFSET_BITS=64 -g
[   39s] INFO: autodetecting backend as ninja
[   39s] INFO: calculating backend command to run: /bin/ninja -C /home/abuild/rpmbuild/BUILD/libsigc++-2.12.1/armv7l-tizen-linux -v
[   39s] + exit 0
[   39s] Executing(%install): /bin/sh -e /var/tmp/rpm-tmp.klRa5H
[   39s] + umask 022
[   39s] + cd /home/abuild/rpmbuild/BUILD
[   39s] + /bin/rm -rf /home/abuild/rpmbuild/BUILDROOT/libsigc++-2.12.1-104.23.2.arm
[   39s] + /bin/mkdir -p /home/abuild/rpmbuild/BUILDROOT/libsigc++-2.12.1-104.23.2.arm
[   39s] + cd libsigc++-2.12.1
[   39s] + export AR=gcc-ar RANLIB=gcc-ranlib
[   39s] + AR=gcc-ar
[   39s] + RANLIB=gcc-ranlib
[   39s] + export CC=armv7l-tizen-linux-gnueabi-gcc CXX=armv7l-tizen-linux-gnueabi-g++
[   39s] + CC=armv7l-tizen-linux-gnueabi-gcc
[   39s] + CXX=armv7l-tizen-linux-gnueabi-g++
[   39s] + DESTDIR=/home/abuild/rpmbuild/BUILDROOT/libsigc++-2.12.1-104.23.2.arm
[   39s] + /usr/bin/meson install -C armv7l-tizen-linux --no-rebuild
[   41s] Installing  /home/abuild/rpmbuild/BUILD/libsigc++-2.12.1/armv7l-tizen-linux/sigc++/limit_reference.h  to  /home/abuild/rpmbuild/BUILDROOT/libsigc++-2.12.1-104.23.2.arm/usr/include/sigc++-2.0/sigc++
[   41s] Installing  /home/abuild/rpmbuild/BUILD/libsigc++-2.12.1/armv7l-tizen-linux/sigc++/signal.h  to  /home/abuild/rpmbuild/BUILDROOT/libsigc++-2.12.1-104.23.2.arm/usr/include/sigc++-2.0/sigc++
[   41s] Installing  /home/abuild/rpmbuild/BUILD/libsigc++-2.12.1/armv7l-tizen-linux/sigc++/adaptors/adaptor_trait.h  to  /home/abuild/rpmbuild/BUILDROOT/libsigc++-2.12.1-104.23.2.arm/usr/include/sigc++-2.0/sigc++/adaptors
[   41s] Installing  /home/abuild/rpmbuild/BUILD/libsigc++-2.12.1/armv7l-tizen-linux/sigc++/adaptors/bind.h  to  /home/abuild/rpmbuild/BUILDROOT/libsigc++-2.12.1-104.23.2.arm/usr/include/sigc++-2.0/sigc++/adaptors
[   41s] Installing  /home/abuild/rpmbuild/BUILD/libsigc++-2.12.1/armv7l-tizen-linux/sigc++/adaptors/bind_return.h  to  /home/abuild/rpmbuild/BUILDROOT/libsigc++-2.12.1-104.23.2.arm/usr/include/sigc++-2.0/sigc++/adaptors
[   41s] Installing  /home/abuild/rpmbuild/BUILD/libsigc++-2.12.1/armv7l-tizen-linux/sigc++/adaptors/compose.h  to  /home/abuild/rpmbuild/BUILDROOT/libsigc++-2.12.1-104.23.2.arm/usr/include/sigc++-2.0/sigc++/adaptors
[   41s] Installing  /home/abuild/rpmbuild/BUILD/libsigc++-2.12.1/armv7l-tizen-linux/sigc++/adaptors/deduce_result_type.h  to  /home/abuild/rpmbuild/BUILDROOT/libsigc++-2.12.1-104.23.2.arm/usr/include/sigc++-2.0/sigc++/adaptors
[   41s] Installing  /home/abuild/rpmbuild/BUILD/libsigc++-2.12.1/armv7l-tizen-linux/sigc++/adaptors/exception_catch.h  to  /home/abuild/rpmbuild/BUILDROOT/libsigc++-2.12.1-104.23.2.arm/usr/include/sigc++-2.0/sigc++/adaptors
[   41s] Installing  /home/abuild/rpmbuild/BUILD/libsigc++-2.12.1/armv7l-tizen-linux/sigc++/adaptors/hide.h  to  /home/abuild/rpmbuild/BUILDROOT/libsigc++-2.12.1-104.23.2.arm/usr/include/sigc++-2.0/sigc++/adaptors
[   41s] Installing  /home/abuild/rpmbuild/BUILD/libsigc++-2.12.1/armv7l-tizen-linux/sigc++/adaptors/retype.h  to  /home/abuild/rpmbuild/BUILDROOT/libsigc++-2.12.1-104.23.2.arm/usr/include/sigc++-2.0/sigc++/adaptors
[   41s] Installing  /home/abuild/rpmbuild/BUILD/libsigc++-2.12.1/armv7l-tizen-linux/sigc++/adaptors/retype_return.h  to  /home/abuild/rpmbuild/BUILDROOT/libsigc++-2.12.1-104.23.2.arm/usr/include/sigc++-2.0/sigc++/adaptors
[   41s] Installing  /home/abuild/rpmbuild/BUILD/libsigc++-2.12.1/armv7l-tizen-linux/sigc++/adaptors/track_obj.h  to  /home/abuild/rpmbuild/BUILDROOT/libsigc++-2.12.1-104.23.2.arm/usr/include/sigc++-2.0/sigc++/adaptors
[   41s] Installing  /home/abuild/rpmbuild/BUILD/libsigc++-2.12.1/armv7l-tizen-linux/sigc++/adaptors/lambda/base.h  to  /home/abuild/rpmbuild/BUILDROOT/libsigc++-2.12.1-104.23.2.arm/usr/include/sigc++-2.0/sigc++/adaptors/lambda
[   41s] Installing  /home/abuild/rpmbuild/BUILD/libsigc++-2.12.1/armv7l-tizen-linux/sigc++/adaptors/lambda/select.h  to  /home/abuild/rpmbuild/BUILDROOT/libsigc++-2.12.1-104.23.2.arm/usr/include/sigc++-2.0/sigc++/adaptors/lambda
[   41s] Installing  /home/abuild/rpmbuild/BUILD/libsigc++-2.12.1/armv7l-tizen-linux/sigc++/functors/functor_trait.h  to  /home/abuild/rpmbuild/BUILDROOT/libsigc++-2.12.1-104.23.2.arm/usr/include/sigc++-2.0/sigc++/functors
[   41s] Installing  /home/abuild/rpmbuild/BUILD/libsigc++-2.12.1/armv7l-tizen-linux/sigc++/functors/mem_fun.h  to  /home/abuild/rpmbuild/BUILDROOT/libsigc++-2.12.1-104.23.2.arm/usr/include/sigc++-2.0/sigc++/functors
[   41s] Installing  /home/abuild/rpmbuild/BUILD/libsigc++-2.12.1/armv7l-tizen-linux/sigc++/functors/ptr_fun.h  to  /home/abuild/rpmbuild/BUILDROOT/libsigc++-2.12.1-104.23.2.arm/usr/include/sigc++-2.0/sigc++/functors
[   41s] Installing  /home/abuild/rpmbuild/BUILD/libsigc++-2.12.1/armv7l-tizen-linux/sigc++/functors/slot.h  to  /home/abuild/rpmbuild/BUILDROOT/libsigc++-2.12.1-104.23.2.arm/usr/include/sigc++-2.0/sigc++/functors
[   41s] Installing sigc++/libsigc-2.0.so.0.0.0 to /home/abuild/rpmbuild/BUILDROOT/libsigc++-2.12.1-104.23.2.arm/usr/lib
[   41s] Installing /home/abuild/rpmbuild/BUILD/libsigc++-2.12.1/sigc++/sigc++.h to /home/abuild/rpmbuild/BUILDROOT/libsigc++-2.12.1-104.23.2.arm/usr/include/sigc++-2.0/sigc++
[   41s] Installing /home/abuild/rpmbuild/BUILD/libsigc++-2.12.1/sigc++/bind.h to /home/abuild/rpmbuild/BUILDROOT/libsigc++-2.12.1-104.23.2.arm/usr/include/sigc++-2.0/sigc++
[   41s] Installing /home/abuild/rpmbuild/BUILD/libsigc++-2.12.1/sigc++/bind_return.h to /home/abuild/rpmbuild/BUILDROOT/libsigc++-2.12.1-104.23.2.arm/usr/include/sigc++-2.0/sigc++
[   41s] Installing /home/abuild/rpmbuild/BUILD/libsigc++-2.12.1/sigc++/connection.h to /home/abuild/rpmbuild/BUILDROOT/libsigc++-2.12.1-104.23.2.arm/usr/include/sigc++-2.0/sigc++
[   41s] Installing /home/abuild/rpmbuild/BUILD/libsigc++-2.12.1/sigc++/reference_wrapper.h to /home/abuild/rpmbuild/BUILDROOT/libsigc++-2.12.1-104.23.2.arm/usr/include/sigc++-2.0/sigc++
[   41s] Installing /home/abuild/rpmbuild/BUILD/libsigc++-2.12.1/sigc++/retype_return.h to /home/abuild/rpmbuild/BUILDROOT/libsigc++-2.12.1-104.23.2.arm/usr/include/sigc++-2.0/sigc++
[   41s] Installing /home/abuild/rpmbuild/BUILD/libsigc++-2.12.1/sigc++/signal_base.h to /home/abuild/rpmbuild/BUILDROOT/libsigc++-2.12.1-104.23.2.arm/usr/include/sigc++-2.0/sigc++
[   41s] Installing /home/abuild/rpmbuild/BUILD/libsigc++-2.12.1/sigc++/slot.h to /home/abuild/rpmbuild/BUILDROOT/libsigc++-2.12.1-104.23.2.arm/usr/include/sigc++-2.0/sigc++
[   41s] Installing /home/abuild/rpmbuild/BUILD/libsigc++-2.12.1/sigc++/trackable.h to /home/abuild/rpmbuild/BUILDROOT/libsigc++-2.12.1-104.23.2.arm/usr/include/sigc++-2.0/sigc++
[   41s] Installing /home/abuild/rpmbuild/BUILD/libsigc++-2.12.1/sigc++/type_traits.h to /home/abuild/rpmbuild/BUILDROOT/libsigc++-2.12.1-104.23.2.arm/usr/include/sigc++-2.0/sigc++
[   41s] Installing /home/abuild/rpmbuild/BUILD/libsigc++-2.12.1/sigc++/visit_each.h to /home/abuild/rpmbuild/BUILDROOT/libsigc++-2.12.1-104.23.2.arm/usr/include/sigc++-2.0/sigc++
[   41s] Installing /home/abuild/rpmbuild/BUILD/libsigc++-2.12.1/sigc++/adaptors/adaptors.h to /home/abuild/rpmbuild/BUILDROOT/libsigc++-2.12.1-104.23.2.arm/usr/include/sigc++-2.0/sigc++/adaptors
[   41s] Installing /home/abuild/rpmbuild/BUILD/libsigc++-2.12.1/sigc++/adaptors/bound_argument.h to /home/abuild/rpmbuild/BUILDROOT/libsigc++-2.12.1-104.23.2.arm/usr/include/sigc++-2.0/sigc++/adaptors
[   41s] Installing /home/abuild/rpmbuild/BUILD/libsigc++-2.12.1/sigc++/functors/functors.h to /home/abuild/rpmbuild/BUILDROOT/libsigc++-2.12.1-104.23.2.arm/usr/include/sigc++-2.0/sigc++/functors
[   41s] Installing /home/abuild/rpmbuild/BUILD/libsigc++-2.12.1/sigc++/functors/slot_base.h to /home/abuild/rpmbuild/BUILDROOT/libsigc++-2.12.1-104.23.2.arm/usr/include/sigc++-2.0/sigc++/functors
[   41s] Installing /home/abuild/rpmbuild/BUILD/libsigc++-2.12.1/armv7l-tizen-linux/sigc++-2.0.pc to /home/abuild/rpmbuild/BUILDROOT/libsigc++-2.12.1-104.23.2.arm/usr/lib/pkgconfig
[   41s] Installing /home/abuild/rpmbuild/BUILD/libsigc++-2.12.1/armv7l-tizen-linux/sigc++config.h to /home/abuild/rpmbuild/BUILDROOT/libsigc++-2.12.1-104.23.2.arm/usr/lib/sigc++-2.0/include
[   41s] Installing symlink pointing to libsigc-2.0.so.0.0.0 to /home/abuild/rpmbuild/BUILDROOT/libsigc++-2.12.1-104.23.2.arm/usr/lib/libsigc-2.0.so.0
[   41s] Installing symlink pointing to libsigc-2.0.so.0 to /home/abuild/rpmbuild/BUILDROOT/libsigc++-2.12.1-104.23.2.arm/usr/lib/libsigc-2.0.so
[   41s] Running custom install script '/bin/python3 /home/abuild/rpmbuild/BUILD/libsigc++-2.12.1/tools/handle-built-files.py install_built_h_files /home/abuild/rpmbuild/BUILD/libsigc++-2.12.1/armv7l-tizen-linux/sigc++ include/sigc++-2.0/sigc++ limit_reference.h signal.h adaptors/adaptor_trait.h adaptors/bind.h adaptors/bind_return.h adaptors/compose.h adaptors/deduce_result_type.h adaptors/exception_catch.h adaptors/hide.h adaptors/retype.h adaptors/retype_return.h adaptors/track_obj.h adaptors/lambda/base.h adaptors/lambda/select.h functors/functor_trait.h functors/mem_fun.h functors/ptr_fun.h functors/slot.h'
[   41s] + find /home/abuild/rpmbuild/BUILDROOT/libsigc++-2.12.1-104.23.2.arm -type f -name '*.a' -delete -print
[   41s] + find /home/abuild/rpmbuild/BUILDROOT/libsigc++-2.12.1-104.23.2.arm -type f -name '*.la' -delete -print
[   41s] + rm -rf /home/abuild/rpmbuild/BUILDROOT/libsigc++-2.12.1-104.23.2.arm/usr/share/info
[   41s] + rm -rf /home/abuild/rpmbuild/BUILDROOT/libsigc++-2.12.1-104.23.2.arm/usr/share/doc/packages
[   41s] + rm -rf /home/abuild/rpmbuild/BUILDROOT/libsigc++-2.12.1-104.23.2.arm/usr/share/doc/libsigc++
[   41s] + rm -rf /home/abuild/rpmbuild/BUILDROOT/libsigc++-2.12.1-104.23.2.arm/usr/share/doc/libsigc++-2.12.1
[   41s] + rm -rf /home/abuild/rpmbuild/BUILDROOT/libsigc++-2.12.1-104.23.2.arm/usr/share/gtk-doc
[   41s] + rm -rf /home/abuild/rpmbuild/BUILDROOT/libsigc++-2.12.1-104.23.2.arm/usr/share/doc
[   41s] + rm -rf /home/abuild/rpmbuild/BUILDROOT/libsigc++-2.12.1-104.23.2.arm/usr/share/man
[   41s] + find /home/abuild/rpmbuild/BUILDROOT/libsigc++-2.12.1-104.23.2.arm -regex '.*/man/man./.*.[0-9]'
[   41s] + xargs rm -f --
[   41s] + find /home/abuild/rpmbuild/BUILDROOT/libsigc++-2.12.1-104.23.2.arm -regex '.*/man/../man./.*.[0-9]'
[   41s] + xargs rm -f --
[   41s] + find /home/abuild/rpmbuild/BUILDROOT/libsigc++-2.12.1-104.23.2.arm -regex '.*/man/man./.*.[0-9]pm'
[   41s] + xargs rm -f --
[   41s] + /usr/lib/rpm/find-debuginfo.sh -j2 --build-id-seed 2.12.1-104.23.2 --unique-debug-src-base libsigc++-2.12.1-104.23.2.arm -S debugsourcefiles.list /home/abuild/rpmbuild/BUILD/libsigc++-2.12.1
[   41s] extracting debug info from /home/abuild/rpmbuild/BUILDROOT/libsigc++-2.12.1-104.23.2.arm/usr/lib/libsigc-2.0.so.0.0.0
[   41s] 242 blocks
[   41s] + cp /usr/lib/rpm/debug.manifest /home/abuild/rpmbuild/BUILD/libsigc++-2.12.1/libsigc++-debuginfo.manifest
[   41s] + cp /usr/lib/rpm/debug.manifest /home/abuild/rpmbuild/BUILD/libsigc++-2.12.1/libsigc++-debugsource.manifest
[   41s] + /usr/lib/rpm/check-buildroot
[   41s] + /usr/lib/rpm//brp-compress
[   41s] + /usr/lib/rpm/brp-strip-static-archive /bin/strip
[   41s] + /usr/lib/rpm/brp-python-hardlink
[   41s] + /usr/lib/rpm/tizen/find-docs.sh /home/abuild/rpmbuild/BUILDROOT/libsigc++-2.12.1-104.23.2.arm
[   41s] + /usr/lib/rpm/tizen/find-isufiles.sh /home/abuild/rpmbuild/BUILD/libsigc++-2.12.1/isu.list
[   41s] ~/rpmbuild/BUILDROOT/libsigc++-2.12.1-104.23.2.arm ~/rpmbuild/BUILD/libsigc++-2.12.1
[   41s] ~/rpmbuild/BUILD/libsigc++-2.12.1
[   41s] + /etc/hal/rootstrap/hal-rootstrap-checker.sh /home/abuild/rpmbuild/SOURCES /home/abuild/rpmbuild/BUILDROOT/libsigc++-2.12.1-104.23.2.arm arm
[   41s] Package: libsigc++, Group: Unspecified
[   41s] ##########################################################################################
[   41s] # SUCCESS: hal-rootstrap-checker done                                                    #
[   41s] ##########################################################################################
[   41s] + /etc/app-rootstrap/app-rootstrap-checker.sh /home/abuild/rpmbuild/SOURCES /home/abuild/rpmbuild/BUILDROOT/libsigc++-2.12.1-104.23.2.arm arm
[   41s] Package: libsigc++, Group: Unspecified
[   41s] # NOTICE: Config web-plugin-rootstrap-checker.yaml skipped                               #
[   41s] # NOTICE: Config app-rootstrap-checker.yaml skipped                                      #
[   41s] ##########################################################################################
[   41s] # SUCCESS: app-rootstrap-checker done                                                    #
[   41s] ##########################################################################################
[   41s] Processing files: libsigc++-2.12.1-104.23.2.armv7l
[   41s] Aptk: PG1hbmlmZXN0PgogPHJlcXVlc3Q+CiAgICA8ZG9tYWluIG5hbWU9Il8iLz4KIDwv
[   41s] cmVxdWVzdD4KPC9tYW5pZmVzdD4K
[   41s] 
[   41s] Executing(%license): /bin/sh -e /var/tmp/rpm-tmp.gQUNyl
[   41s] + umask 022
[   41s] + cd /home/abuild/rpmbuild/BUILD
[   41s] + cd libsigc++-2.12.1
[   41s] + LICENSEDIR=/home/abuild/rpmbuild/BUILDROOT/libsigc++-2.12.1-104.23.2.arm/usr/share/licenses/libsigc++
[   41s] + export LC_ALL=C
[   41s] + LC_ALL=C
[   41s] + export LICENSEDIR
[   41s] + /bin/mkdir -p /home/abuild/rpmbuild/BUILDROOT/libsigc++-2.12.1-104.23.2.arm/usr/share/licenses/libsigc++
[   41s] + cp -pr COPYING /home/abuild/rpmbuild/BUILDROOT/libsigc++-2.12.1-104.23.2.arm/usr/share/licenses/libsigc++
[   41s] + exit 0
[   41s] Provides: libsigc++ = 2.12.1-104.23.2 libsigc++(armv7l-32) = 2.12.1-104.23.2 libsigc-2.0.so.0
[   41s] Requires(interp): /sbin/ldconfig /sbin/ldconfig
[   41s] Requires(rpmlib): rpmlib(CompressedFileNames) <= 3.0.4-1 rpmlib(FileDigests) <= 4.6.0-1 rpmlib(PayloadFilesHavePrefix) <= 4.0-1
[   41s] Requires(post): /sbin/ldconfig
[   41s] Requires(postun): /sbin/ldconfig
[   41s] Requires: ld-linux.so.3 ld-linux.so.3(GLIBC_2.4) libc.so.6 libc.so.6(GLIBC_2.4) libgcc_s.so.1 libgcc_s.so.1(GCC_3.5) libstdc++.so.6 libstdc++.so.6(CXXABI_1.3) libstdc++.so.6(GLIBCXX_3.4) libstdc++.so.6(GLIBCXX_3.4.15) rtld(GNU_HASH)
[   41s] Processing files: libsigc++-debugsource-2.12.1-104.23.2.armv7l
[   41s] Aptk: PG1hbmlmZXN0PgogPHJlcXVlc3Q+CiAgICA8ZG9tYWluIG5hbWU9Il8iLz4KIDwv
[   41s] cmVxdWVzdD4KPC9tYW5pZmVzdD4K
[   41s] 
[   41s] Provides: libsigc++-debugsource = 2.12.1-104.23.2 libsigc++-debugsource(armv7l-32) = 2.12.1-104.23.2
[   41s] Requires(rpmlib): rpmlib(CompressedFileNames) <= 3.0.4-1 rpmlib(FileDigests) <= 4.6.0-1 rpmlib(PayloadFilesHavePrefix) <= 4.0-1
[   41s] Processing files: libsigc++-devel-2.12.1-104.23.2.armv7l
[   41s] Aptk: PG1hbmlmZXN0PgogPHJlcXVlc3Q+CiAgICA8ZG9tYWluIG5hbWU9Il8iLz4KIDwv
[   41s] cmVxdWVzdD4KPC9tYW5pZmVzdD4K
[   41s] 
[   41s] Executing(%license): /bin/sh -e /var/tmp/rpm-tmp.fqqyFy
[   41s] + umask 022
[   41s] + cd /home/abuild/rpmbuild/BUILD
[   41s] + cd libsigc++-2.12.1
[   41s] + LICENSEDIR=/home/abuild/rpmbuild/BUILDROOT/libsigc++-2.12.1-104.23.2.arm/usr/share/licenses/libsigc++-devel
[   41s] + export LC_ALL=C
[   41s] + LC_ALL=C
[   41s] + export LICENSEDIR
[   41s] + /bin/mkdir -p /home/abuild/rpmbuild/BUILDROOT/libsigc++-2.12.1-104.23.2.arm/usr/share/licenses/libsigc++-devel
[   41s] + cp -pr COPYING /home/abuild/rpmbuild/BUILDROOT/libsigc++-2.12.1-104.23.2.arm/usr/share/licenses/libsigc++-devel
[   41s] + exit 0
[   41s] Provides: libsigc++-devel = 2.12.1-104.23.2 libsigc++-devel(armv7l-32) = 2.12.1-104.23.2 pkgconfig(sigc++-2.0) = 2.12.1
[   41s] Requires(rpmlib): rpmlib(CompressedFileNames) <= 3.0.4-1 rpmlib(FileDigests) <= 4.6.0-1 rpmlib(PayloadFilesHavePrefix) <= 4.0-1
[   41s] Requires: /usr/bin/pkg-config libsigc-2.0.so.0
[   41s] Processing files: libsigc++-debuginfo-2.12.1-104.23.2.armv7l
[   41s] Aptk: PG1hbmlmZXN0PgogPHJlcXVlc3Q+CiAgICA8ZG9tYWluIG5hbWU9Il8iLz4KIDwv
[   41s] cmVxdWVzdD4KPC9tYW5pZmVzdD4K
[   41s] 
[   41s] Provides: libsigc++-debuginfo = 2.12.1-104.23.2 libsigc++-debuginfo(armv7l-32) = 2.12.1-104.23.2
[   41s] Requires(rpmlib): rpmlib(CompressedFileNames) <= 3.0.4-1 rpmlib(FileDigests) <= 4.6.0-1 rpmlib(PayloadFilesHavePrefix) <= 4.0-1
[   41s] Recommends: libsigc++-debugsource(armv7l-32) = 2.12.1-104.23.2
[   41s] Checking for unpackaged file(s): /usr/lib/rpm/check-files /home/abuild/rpmbuild/BUILDROOT/libsigc++-2.12.1-104.23.2.arm
[   41s] Wrote: /home/abuild/rpmbuild/SRPMS/libsigc++-2.12.1-104.23.2.src.rpm
[   42s] Wrote: /home/abuild/rpmbuild/RPMS/armv7l/libsigc++-2.12.1-104.23.2.armv7l.rpm
[   42s] Wrote: /home/abuild/rpmbuild/RPMS/armv7l/libsigc++-debugsource-2.12.1-104.23.2.armv7l.rpm
[   42s] Wrote: /home/abuild/rpmbuild/RPMS/armv7l/libsigc++-devel-2.12.1-104.23.2.armv7l.rpm
[   42s] Wrote: /home/abuild/rpmbuild/RPMS/armv7l/libsigc++-debuginfo-2.12.1-104.23.2.armv7l.rpm
[   42s] Executing(%clean): /bin/sh -e /var/tmp/rpm-tmp.Jj5so4
[   42s] + umask 022
[   42s] + cd /home/abuild/rpmbuild/BUILD
[   42s] + /bin/rm -rf /home/abuild/rpmbuild/BUILDROOT/libsigc++-2.12.1-104.23.2.arm
[   42s] + cd libsigc++-2.12.1
[   42s] + /bin/rm -rf /home/abuild/rpmbuild/BUILDROOT/libsigc++-2.12.1-104.23.2.arm
[   42s] + exit 0
[   42s] ... checking for files with abuild user/group
[   42s] 
[   42s] toolchain-2026 finished "build libsigc++.spec" at Thu Sep  3 14:31:02 UTC 2026.
[   42s] 
info: finished building libsigc++
info: updating local repo
info: *** Build Status Summary ***
=== Total succeeded built packages: (1) ===
info: generated html format report:
     /home/toolchain/development/libc++_replacement/tmp/GBS-ROOT/R104-matrix-armv7l-libcxx/local/repos/tizen_unified_standard/armv7l/index.html
info: generated RPM packages can be found from local repo:
     /home/toolchain/development/libc++_replacement/tmp/GBS-ROOT/R104-matrix-armv7l-libcxx/local/repos/tizen_unified_standard/armv7l/RPMS
info: generated source RPM packages can be found from local repo:
     /home/toolchain/development/libc++_replacement/tmp/GBS-ROOT/R104-matrix-armv7l-libcxx/local/repos/tizen_unified_standard/armv7l/SRPMS
info: build logs can be found in:
     /home/toolchain/development/libc++_replacement/tmp/GBS-ROOT/R104-matrix-armv7l-libcxx/local/repos/tizen_unified_standard/armv7l/logs
info: build roots located in:
     /home/toolchain/development/libc++_replacement/tmp/GBS-ROOT/R104-matrix-armv7l-libcxx/local/BUILD-ROOTS/scratch.armv7l.*
