====abseil-cpp
local=7a4f04dad6d30ba09c406837cdd23ad779a69210
remote=7a4f04dad6d30ba09c406837cdd23ad779a69210
## sandbox/lhmax2025/libcxx-migration
EXISTING_BRANCHES_UNCHANGED
====bcc-tools
local=dd26ba03fc8109396bf841f1bbf7b4df0a8ed9d2
remote=dd26ba03fc8109396bf841f1bbf7b4df0a8ed9d2
## tizen_base...origin/tizen_base
EXISTING_BRANCHES_UNCHANGED
====boost
local=69203710b8582c489f420ef53a769cc6077c250b
remote=69203710b8582c489f420ef53a769cc6077c250b
## sandbox/lhmax2025/libcxx-migration
 M packaging/boost.spec
EXISTING_BRANCHES_UNCHANGED
====bpftrace
local=30e51cd665360f85b665308dc13ba27df0c5f739
remote=30e51cd665360f85b665308dc13ba27df0c5f739
## tizen_base...origin/tizen_base
EXISTING_BRANCHES_UNCHANGED
====icu
local=dcbb3fb476b4d57c4c7e5770f1ed55d43f6f6330
remote=dcbb3fb476b4d57c4c7e5770f1ed55d43f6f6330
## sandbox/lhmax2025/libcxx-migration
EXISTING_BRANCHES_UNCHANGED
====jsoncpp
local=9cbab147f44097d5b8da2b3ef38f75376a282d01
remote=9cbab147f44097d5b8da2b3ef38f75376a282d01
## sandbox/lhmax2025/libcxx-migration
EXISTING_BRANCHES_UNCHANGED
====libsigc++
local=5f177f7c98ea29833989b5d0d6a79fece9701545
remote=5f177f7c98ea29833989b5d0d6a79fece9701545
## sandbox/lhmax2025/libcxx-migration
 M packaging/libsigc++.spec
EXISTING_BRANCHES_UNCHANGED
====llvm
local=2d23367d74afbf2bb1e9e4013fce072b3a154109
remote=2d23367d74afbf2bb1e9e4013fce072b3a154109
## sandbox/lhmax2025/libcxx-migration
 M packaging/llvm.spec
EXISTING_BRANCHES_UNCHANGED
====pcre
local=09a5bfc9a96c4235628ce800db3b95bf28ef2f23
remote=09a5bfc9a96c4235628ce800db3b95bf28ef2f23
## sandbox/lhmax2025/libcxx-migration
EXISTING_BRANCHES_UNCHANGED
====taglib
local=8b552bdf27c913a93bca664c41c3fafb214962a1
remote=8b552bdf27c913a93bca664c41c3fafb214962a1
## sandbox/lhmax2025/libcxx-migration
EXISTING_BRANCHES_UNCHANGED
====tensorflow2
local=1cdba73549f741720f11dd53da1bb516b03763a2
remote=1cdba73549f741720f11dd53da1bb516b03763a2
