LABEL=assert_corrected_preflight_root_fresh
PWD=/home/toolchain/development/libc++_replacement/tmp/R9B/gbs-source-std-r2
COMMAND=test \! -e /home/toolchain/development/libc++_replacement/tmp/GBS-ROOT/LIBCXX-2218-preflight-20260805-std-r2 
EXIT_CODE=0

LABEL=corrected_preflight_worktree_status
PWD=/home/toolchain/development/libc++_replacement/tmp/R9B/gbs-source-std-r2
COMMAND=git status --porcelain=v1 
EXIT_CODE=0

LABEL=assert_corrected_preflight_worktree_shape
PWD=/home/toolchain/development/libc++_replacement/tmp/R9B/gbs-source-std-r2
COMMAND=bash -o pipefail -c test\ \"\$\(git\ rev-parse\ HEAD\)\"\ =\ \"\$1\"\ \&\&\ test\ \"\$\(find\ packaging\ -maxdepth\ 1\ -type\ f\ \|\ wc\ -l\)\"\ -eq\ 5\ \&\&\ test\ \"\$\(find\ packaging\ -maxdepth\ 1\ -type\ f\ -name\ \"\*.spec\"\ \|\ wc\ -l\)\"\ -eq\ 1\ \&\&\ test\ \"\$\(sha256sum\ packaging/llvm-22.1.8.tar.gz\ \|\ cut\ -d\"\ \"\ -f1\)\"\ =\ \"\$2\"\ \&\&\ test\ \"\$\(git\ diff\ --name-only\ \|\ sed\ \"/\^packaging\\\\//d\;/\^\$/d\"\ \|\ wc\ -l\)\"\ -eq\ 0 _ 3d3e3da49e00ae89b0ff928dee811d6d0d1d4f0b 16a932e1bad4e1ed68938b48aa9fe5613992426584a75dd17dacabf2151d122e 
EXIT_CODE=0

LABEL=gbs_corrected_standard_export_preflight
PWD=/home/toolchain/development/libc++_replacement/tmp/R9B/gbs-source-std-r2
COMMAND=gbs -c /home/toolchain/development/libc++_replacement/progress/T3R/config/gbs_llvm.conf build -A armv7l -B /home/toolchain/development/libc++_replacement/tmp/GBS-ROOT/LIBCXX-2218-preflight-20260805-std-r2 -C --debug --style git --include-all --packaging-dir packaging --spec libcxx-runtimes.spec --export-only /home/toolchain/development/libc++_replacement/tmp/R9B/gbs-source-std-r2 
EXIT_CODE=0

LABEL=assert_corrected_standard_export_option
PWD=/home/toolchain/development/libc++_replacement/tmp/R9B/gbs-source-std-r2
COMMAND=bash -o pipefail -c rg\ -q\ \"gbs\ --debug\ export\"\ \"\$1\"\ \&\&\ rg\ -q\ --\ \"--packaging-dir=packaging\"\ \"\$1\"\ \&\&\ \!\ rg\ -q\ --\ \"--no-patch-export\"\ \"\$1\" _ /home/toolchain/development/libc++_replacement/progress/R9B/build/standard_export_preflight_corrected.full.log 
EXIT_CODE=0

LABEL=assert_corrected_export_scope
PWD=/home/toolchain/development/libc++_replacement/tmp/R9B/gbs-source-std-r2
COMMAND=bash -o pipefail -c \!\ rg\ -q\ \"circle\ found\|init_buildsystem\|Executing\\\\\(%build\\\\\)\|BUILD-ROOTS\|rpmbuild\[\[:space:\]\]+-b\"\ \"\$1\"\ \&\&\ test\ \"\$\(find\ \"\$2\"\ -maxdepth\ 1\ -type\ f\ -name\ \"\*.spec\"\ \|\ wc\ -l\)\"\ -eq\ 1\ \&\&\ rg\ -q\ \"\^Name:\[\[:space:\]\]+libcxx-runtimes\$\"\ \"\$2/libcxx-runtimes.spec\" _ /home/toolchain/development/libc++_replacement/progress/R9B/build/standard_export_preflight_corrected.full.log /home/toolchain/development/libc++_replacement/tmp/GBS-ROOT/LIBCXX-2218-preflight-20260805-std-r2/local/sources/tizen_unified_standard/libcxx-runtimes-22.1.8-1 
EXIT_CODE=0

LABEL=corrected_preflight_target_lines
PWD=/home/toolchain/development/libc++_replacement/tmp/R9B/gbs-source-std-r2
COMMAND=rg -n gbs\ --debug\ export\|--git-patch-export\|--packaging-dir=\|circle\ found\|init_buildsystem /home/toolchain/development/libc++_replacement/progress/R9B/build/standard_export_preflight_corrected.full.log 
EXIT_CODE=0

LABEL=corrected_preflight_export_file_list
PWD=/home/toolchain/development/libc++_replacement/tmp/R9B/gbs-source-std-r2
COMMAND=find /home/toolchain/development/libc++_replacement/tmp/GBS-ROOT/LIBCXX-2218-preflight-20260805-std-r2/local/sources/tizen_unified_standard/libcxx-runtimes-22.1.8-1 -maxdepth 1 -type f -printf %f\\t%s\\n 
EXIT_CODE=0

LABEL=corrected_preflight_export_sha256
PWD=/home/toolchain/development/libc++_replacement/tmp/R9B/gbs-source-std-r2
COMMAND=bash -o pipefail -c find\ \"\$1\"\ -maxdepth\ 1\ -type\ f\ -print0\ \|\ LC_ALL=C\ sort\ -z\ \|\ xargs\ -0\ sha256sum _ /home/toolchain/development/libc++_replacement/tmp/GBS-ROOT/LIBCXX-2218-preflight-20260805-std-r2/local/sources/tizen_unified_standard/libcxx-runtimes-22.1.8-1 
EXIT_CODE=0

LABEL=assert_corrected_source0_identity
PWD=/home/toolchain/development/libc++_replacement/tmp/R9B/gbs-source-std-r2
COMMAND=bash -o pipefail -c actual=\$\(sha256sum\ \"\$1/llvm-22.1.8.tar.gz\"\ \|\ cut\ -d\"\ \"\ -f1\)\;\ printf\ \"actual=%s\\nexpected=%s\\n\"\ \"\$actual\"\ \"\$2\"\;\ test\ \"\$actual\"\ =\ \"\$2\" _ /home/toolchain/development/libc++_replacement/tmp/GBS-ROOT/LIBCXX-2218-preflight-20260805-std-r2/local/sources/tizen_unified_standard/libcxx-runtimes-22.1.8-1 16a932e1bad4e1ed68938b48aa9fe5613992426584a75dd17dacabf2151d122e 
EXIT_CODE=1

LABEL=assert_corrected_patch_count_and_ehabi
PWD=/home/toolchain/development/libc++_replacement/tmp/R9B/gbs-source-std-r2
COMMAND=bash -o pipefail -c test\ \"\$\(find\ \"\$1\"\ -maxdepth\ 1\ -type\ f\ -name\ \"0\*.patch\*\"\ \|\ wc\ -l\)\"\ -eq\ 6\ \&\&\ test\ \"\$\(find\ \"\$1\"\ -maxdepth\ 1\ -type\ f\ -name\ \"0006-libcxxabi-declare-__gnu_unwind_frame-in-cxa_personal.patch\"\ \|\ wc\ -l\)\"\ -eq\ 1\ \&\&\ \!\ find\ \"\$1\"\ -maxdepth\ 1\ -type\ f\ -name\ \"0001-Add-packaging.patch\*\"\ \|\ grep\ -q\ .\ \&\&\ rg\ -q\ \"\^Patch5:\[\[:space:\]\]+0006-libcxxabi-declare-__gnu_unwind_frame-in-cxa_personal.patch\$\"\ \"\$1/libcxx-runtimes.spec\"\ \&\&\ rg\ -q\ \"\^%patch5\ -p1\$\"\ \"\$1/libcxx-runtimes.spec\" _ /home/toolchain/development/libc++_replacement/tmp/GBS-ROOT/LIBCXX-2218-preflight-20260805-std-r2/local/sources/tizen_unified_standard/libcxx-runtimes-22.1.8-1 
EXIT_CODE=0

LABEL=corrected_exported_spec_patch_lines
PWD=/home/toolchain/development/libc++_replacement/tmp/R9B/gbs-source-std-r2
COMMAND=rg -n \^#\ Patches\ auto-generated\|\^Patch\[0-9\]+:\|\^#\ 000\[0-9\]-\|\^%patch\[0-9\]+\  /home/toolchain/development/libc++_replacement/tmp/GBS-ROOT/LIBCXX-2218-preflight-20260805-std-r2/local/sources/tizen_unified_standard/libcxx-runtimes-22.1.8-1/libcxx-runtimes.spec 
EXIT_CODE=0

LABEL=corrected_exported_patch_headers
PWD=/home/toolchain/development/libc++_replacement/tmp/R9B/gbs-source-std-r2
COMMAND=bash -o pipefail -c for\ p\ in\ \"\$1\"/0\*.patch\*\;\ do\ echo\ \"FILE=\$\(basename\ \"\$p\"\)\"\;\ case\ \"\$p\"\ in\ \*.xz\)\ xz\ -dc\ \"\$p\"\;\;\ \*.gz\)\ gzip\ -dc\ \"\$p\"\;\;\ \*.bz2\)\ bzip2\ -dc\ \"\$p\"\;\;\ \*\)\ sed\ -n\ \"1\,20p\"\ \"\$p\"\;\ continue\;\;\ esac\ \|\ sed\ -n\ \"1\,20p\"\;\ done _ /home/toolchain/development/libc++_replacement/tmp/GBS-ROOT/LIBCXX-2218-preflight-20260805-std-r2/local/sources/tizen_unified_standard/libcxx-runtimes-22.1.8-1 
EXIT_CODE=0

LABEL=corrected_exported_patch_inventory
PWD=/home/toolchain/development/libc++_replacement/tmp/R9B/gbs-source-std-r2
COMMAND=bash -o pipefail -c printf\ \"patch_file\\\\tsha256\\\\tfrom_commit\\\\tsubject\\\\n\"\;\ for\ p\ in\ \"\$1\"/0\*.patch\*\;\ do\ case\ \"\$p\"\ in\ \*.xz\)\ h=\$\(xz\ -dc\ \"\$p\"\ \|\ sed\ -n\ \"1s/\^From\ \\\\\(\[0-9a-f\]\\\\\{40\\\\\}\\\\\)\ .\*/\\\\1/p\"\)\;\ s=\$\(xz\ -dc\ \"\$p\"\ \|\ sed\ -n\ \"s/\^Subject:\ \\\\\[PATCH\[\^\]\]\*\\\\\]\ //p\"\ \|\ head\ -n1\)\;\;\ \*.gz\)\ h=\$\(gzip\ -dc\ \"\$p\"\ \|\ sed\ -n\ \"1s/\^From\ \\\\\(\[0-9a-f\]\\\\\{40\\\\\}\\\\\)\ .\*/\\\\1/p\"\)\;\ s=\$\(gzip\ -dc\ \"\$p\"\ \|\ sed\ -n\ \"s/\^Subject:\ \\\\\[PATCH\[\^\]\]\*\\\\\]\ //p\"\ \|\ head\ -n1\)\;\;\ \*\)\ h=\$\(sed\ -n\ \"1s/\^From\ \\\\\(\[0-9a-f\]\\\\\{40\\\\\}\\\\\)\ .\*/\\\\1/p\"\ \"\$p\"\)\;\ s=\$\(sed\ -n\ \"s/\^Subject:\ \\\\\[PATCH\[\^\]\]\*\\\\\]\ //p\"\ \"\$p\"\ \|\ head\ -n1\)\;\;\ esac\;\ printf\ \"%s\\\\t%s\\\\t%s\\\\t%s\\\\n\"\ \"\$\(basename\ \"\$p\"\)\"\ \"\$\(sha256sum\ \"\$p\"\ \|\ cut\ -d\"\ \"\ -f1\)\"\ \"\$h\"\ \"\$s\"\;\ done _ /home/toolchain/development/libc++_replacement/tmp/GBS-ROOT/LIBCXX-2218-preflight-20260805-std-r2/local/sources/tizen_unified_standard/libcxx-runtimes-22.1.8-1 
EXIT_CODE=0

LABEL=corrected_preflight_root_retired
PWD=/home/toolchain/development/libc++_replacement/tmp/R9B/gbs-source-std-r2
COMMAND=cat /home/toolchain/development/libc++_replacement/tmp/GBS-ROOT/LIBCXX-2218-preflight-20260805-std-r2/RETIRED_SINGLE_USE 
EXIT_CODE=0

OVERALL_EXIT_CODE=1
