COMMAND_BEGIN
set -u; for root in /home/toolchain/plan_evaluation /home/toolchain/plan_evaluation_probe /home/toolchain/development/libc++_replacement_bak; do printf "SEARCH_ROOT=%s\n" "$root"; if ! test -d "$root"; then printf "ROOT_NOT_FOUND\n"; continue; fi; file_count=$(rg --files "$root" 2>/dev/null | rg -i "\\.(md|tsv|log|txt|diff|patch|sha256|json|ya?ml)$" | wc -l); printf "TEXT_CANDIDATE_FILES=%s\n" "$file_count"; rg -l -i --no-messages -g "*.md" -g "*.tsv" -g "*.log" -g "*.txt" -g "*.diff" -g "*.patch" -g "*.sha256" -g "*.json" -g "*.yaml" -g "*.yml" "25db13b28204be28d21bab4a54cfbfc96b2abfc9e3f114f1041175a967f13f4f|spec_actual_v3\\.diff|LIBCXX_INSTALL_LIBRARY_DIR=%\\{_lib\\}|repository-candidate runtimes" "$root" | LC_ALL=C sort; search_exit=${PIPESTATUS[0]}; printf "SEARCH_EXIT=%s\n" "$search_exit"; if test "$search_exit" -eq 1; then printf "NO_ADJUDICATION_FOUND_IN_ROOT\n"; elif test "$search_exit" -ne 0; then exit "$search_exit"; fi; done
COMMAND_END
OUTPUT_BEGIN
SEARCH_ROOT=/home/toolchain/plan_evaluation
TEXT_CANDIDATE_FILES=120806
/home/toolchain/plan_evaluation/p1/libcxx_packaging/multiarch/MANIFEST.sha256
/home/toolchain/plan_evaluation/p1/libcxx_packaging/multiarch/final_input_sha256.log
/home/toolchain/plan_evaluation/p1/libcxx_packaging/multiarch/multiarch_packaging_report.md
/home/toolchain/plan_evaluation/p1/libcxx_packaging/multiarch/spec_review/spec_actual.diff
/home/toolchain/plan_evaluation/p1/libcxx_packaging/multiarch/spec_review/spec_actual_v2.diff
/home/toolchain/plan_evaluation/p1/libcxx_packaging/multiarch/spec_review/spec_actual_v3.diff
/home/toolchain/plan_evaluation/p1/libcxx_packaging/multiarch/spec_review/spec_candidate_v3.sha256
/home/toolchain/plan_evaluation/p1/libcxx_packaging/multiarch/spec_review/spec_diff_proposal.patch
/home/toolchain/plan_evaluation/p1/libcxx_packaging/multiarch/spec_review/spec_diff_proposal_v3.patch
/home/toolchain/plan_evaluation/p1/libcxx_packaging/multiarch/spec_review/spec_review.md
/home/toolchain/plan_evaluation/p1/libcxx_packaging/multiarch/spec_review/spec_review.tsv
SEARCH_EXIT=0
SEARCH_ROOT=/home/toolchain/plan_evaluation_probe
TEXT_CANDIDATE_FILES=860
/home/toolchain/plan_evaluation_probe/buildroot_audit/scope/00_key_docs_rg.log
/home/toolchain/plan_evaluation_probe/buildroot_audit_r2/00_scope/03_multiarch_report_numbered.log
/home/toolchain/plan_evaluation_probe/buildroot_audit_r2/06_reproduction/aarch64/01_source_and_spec_identity.log
/home/toolchain/plan_evaluation_probe/buildroot_audit_r2/06_reproduction/armv7l/01_source_and_spec_identity.log
/home/toolchain/plan_evaluation_probe/buildroot_audit_r2/06_reproduction/x86_64/01_source_and_spec_identity.log
/home/toolchain/plan_evaluation_probe/buildroot_audit_r2/report.md
SEARCH_EXIT=0
SEARCH_ROOT=/home/toolchain/development/libc++_replacement_bak
TEXT_CANDIDATE_FILES=5849
/home/toolchain/development/libc++_replacement_bak/libc-_replacement/packaging/multiarch_packaging_report.md
SEARCH_EXIT=0
OUTPUT_END
EXIT_CODE=0
