BASELINE_COMMIT=5ed6c77278dfa7a470667cf1a137723d3c96fe60
9017093cca625662299c18e129e41d5fd43ecbae986a464aa286efb391549f20  docs/progress/W2/code/patches/0001-Layer-A-libc-abi-preserve-foreign-forced-unwind-stat.patch
9f43c61ed2b2b21a3c8660d313e24b9e2d6b38a1c7e8fd44ad624586161e39ab  docs/progress/W2/code/patches/0001-Layer-C-header-preserve-forced-unwind-and-async-publication.patch
fdcb004ca4cb6935efdc24c366757b50cb7916f1d5ad7cc8111dfbf5fd32d7d1  docs/progress/W2/code/patches/0001-libcxx-preserve-forced-unwind-in-library-catch-sites.patch
10cc7e989f40cb176b8cc9110cc1244db2788eb3028be7bd0606e30ba61138f1  docs/progress/W2/code/patches/0002-Layer-B-libc-abi-expose-GNU-forced-unwind-marker-typ.patch
b70ddeaef3ba2ddbb5d1b6caabfe5127e3fd19366ce8f5f992c9f53307e72f09  docs/progress/W2/code/tests/async_probe.cpp
dd698f588b24a9366a37fbd3cb6bf3be8a79247456a63c8d882d0221a88d864d  docs/progress/W2/code/tests/facility_probe.cpp
da19161fbd63c5787edd1ee07868e6f3af3f2c95f1da2714591d17bbb6b47d9c  docs/progress/W2/code/tests/m1_concurrency_probe.cpp
1fdb3656a01e39194d4826fd95dc42323e581b8370bcfd96df8b1d50104f4ef2  docs/progress/W2/code/tests/noncancel_probe.cpp
fb08cdc66e098d790eafc982befcbc6c344720e79aaf0a2bc1579edc3d62cc08  docs/progress/W2/code/tests/normal_paths_probe.cpp
b3521c4435acd23c61d3497727446a6c1a7d809e07d49523adf697b8e8c2c820  docs/progress/W2/code/tests/r61_m2_matrix.cpp
b0baeceddad74bc7be0b3d596de5772051958da08201f5608d115f66e967b120  docs/progress/W2/code/tests/r61_probe.cpp
f70f0d1dce5467866f2d9ff7c48df3575cf97da76e453a0e58f2f6886c729f45  docs/progress/W2/code/current/libcxx/include/future
0a2db1722f84b9ce453152131dcfc7db608d7d64b22dea84a64da19fb8caa9a1  docs/progress/W2/code/current/libcxx/include/istream
a9d0adfef9ba6f86cb168b64b1500ad8fc4a6b97e4c54aef5e51175733bb6935  docs/progress/W2/code/current/libcxx/include/string
004ecd2f870bea2d54441ae94443a774f77467676909345473dbc40aa455c7f3  docs/progress/W2/code/current/libcxx/src/future.cpp
ff2addf1a743c273fbf034192721126f440f611a0421a748c44eaf5339ba74fb  docs/progress/W2/code/current/libcxx/src/ios.cpp
45561ece403db01e742e3d8300b6527ae0e029458a96eab618e9399ac6b1f04c  docs/progress/W2/code/current/libcxxabi/include/cxxabi.h
8212a5b7a077bf7a2002ef0668deb2d3890c59158d35910d47526abad224bd03  docs/progress/W2/code/current/libcxxabi/src/cxa_exception.cpp
08fb954c0f681973a92b873a8dbc43611daf6c295fb2fc64fcdf128b02257b86  docs/progress/W2/code/current/libcxxabi/src/cxa_personality.cpp
BASELINE_SHA256	bb4f0f6db04e7e8274eca24703760760963c9bbb95b4bd3c80eea65be7f035cb	libcxx/include/future
BASELINE_SHA256	17e8ec74785a793a45b47ce43f133b2f3a3e6b53ecff2d01e8840c9c27f582c7	libcxx/include/istream
BASELINE_SHA256	116b9f4276dfece4d6fe4ec39620d8eb936269f6d2e611354e19902f9ad1ffe2	libcxx/include/string
BASELINE_SHA256	67ed09a7a89fb5f9581607380ac8f892481e323c0288c0a8662eac493867c494	libcxx/src/future.cpp
BASELINE_SHA256	1c26a8fe9e565af612953459c6f0f3e4a2a9abde47f76ab5eecff470812c1dfe	libcxx/src/ios.cpp
BASELINE_SHA256	3c2ca8786f9419e1151a5fe92b8dbdcdadf0bde3011e7154d60b172b67ff4ebc	libcxxabi/include/cxxabi.h
BASELINE_SHA256	1feb758c547d8ddc2f4f3a08fe9fde586bba55649dd30e13191659d807093e19	libcxxabi/src/cxa_exception.cpp
BASELINE_SHA256	55e136184adbaeee078a339afde2d6da103f4af7cb7c5c31926f2911127eff03	libcxxabi/src/cxa_personality.cpp
