__PATCHED_ARM_R68__
code=FAIL elapsed=None
Exit Code: 134

Command Output (stdout):
--
# COMPILED WITH
/home/toolchain/development/libc++_replacement/progress/R68/tools/armv7l_lit_host_clangxx.sh /home/toolchain/development/libc++_replacement/tmp/R69/replay/libcxx/test/std/thread/futures/futures.async/thread_create_failure.pass.cpp -pthread --target=armv7l-tizen-linux-gnueabi -nostdinc++ -I /home/toolchain/development/libc++_replacement/tmp/R68/build-patched-armv7l/libcxx/test-suite-install/include/c++/v1 -I /home/toolchain/development/libc++_replacement/tmp/R68/build-patched-armv7l/libcxx/test-suite-install/include/c++/v1 -I /home/toolchain/development/libc++_replacement/tmp/R69/replay/libcxx/test/support -std=c++26 -Werror -Wall -Wctad-maybe-unsupported -Wextra -Wshadow -Wundef -Wunused-template -Wno-unused-command-line-argument -Wno-attributes -Wno-pessimizing-move -Wno-noexcept-type -Wno-atomic-alignment -Wno-reserved-module-identifier -Wdeprecated-copy -Wdeprecated-copy-dtor -Wshift-negative-value -Wno-user-defined-literals -Wno-tautological-compare -Wsign-compare -Wunused-variable -Wunused-parameter -Wunreachable-code -Wno-unused-local-typedef -Wno-local-type-template-args -Wno-c++11-extensions -Wno-unknown-pragmas -Wno-pass-failed -Wno-mismatched-new-delete -Wno-redundant-move -Wno-self-move -Wno-nullability-completeness -flax-vector-conversions=none -D_LIBCPP_HAS_NO_PRAGMA_SYSTEM_HEADER -D_LIBCPP_ENABLE_EXPERIMENTAL -D_LIBCPP_HARDENING_MODE=_LIBCPP_HARDENING_MODE_NONE -Wuser-defined-warnings  -lc++experimental -nostdlib++ -L /home/toolchain/development/libc++_replacement/tmp/R68/build-patched-armv7l/libcxx/test-suite-install/lib -Wl,-rpath,/home/toolchain/development/libc++_replacement/tmp/R68/build-patched-armv7l/libcxx/test-suite-install/lib -lc++ -latomic -o /home/toolchain/development/libc++_replacement/tmp/R68/build-patched-armv7l/libcxx/test/std/thread/futures/futures.async/Output/thread_create_failure.pass.cpp.dir/t.tmp.exe
# executed command: /home/toolchain/development/libc++_replacement/progress/R68/tools/armv7l_lit_host_clangxx.sh /home/toolchain/development/libc++_replacement/tmp/R69/replay/libcxx/test/std/thread/futures/futures.async/thread_create_failure.pass.cpp -pthread --target=armv7l-tizen-linux-gnueabi -nostdinc++ -I /home/toolchain/development/libc++_replacement/tmp/R68/build-patched-armv7l/libcxx/test-suite-install/include/c++/v1 -I /home/toolchain/development/libc++_replacement/tmp/R68/build-patched-armv7l/libcxx/test-suite-install/include/c++/v1 -I /home/toolchain/development/libc++_replacement/tmp/R69/replay/libcxx/test/support -std=c++26 -Werror -Wall -Wctad-maybe-unsupported -Wextra -Wshadow -Wundef -Wunused-template -Wno-unused-command-line-argument -Wno-attributes -Wno-pessimizing-move -Wno-noexcept-type -Wno-atomic-alignment -Wno-reserved-module-identifier -Wdeprecated-copy -Wdeprecated-copy-dtor -Wshift-negative-value -Wno-user-defined-literals -Wno-tautological-compare -Wsign-compare -Wunused-variable -Wunused-parameter -Wunreachable-code -Wno-unused-local-typedef -Wno-local-type-template-args -Wno-c++11-extensions -Wno-unknown-pragmas -Wno-pass-failed -Wno-mismatched-new-delete -Wno-redundant-move -Wno-self-move -Wno-nullability-completeness -flax-vector-conversions=none -D_LIBCPP_HAS_NO_PRAGMA_SYSTEM_HEADER -D_LIBCPP_ENABLE_EXPERIMENTAL -D_LIBCPP_HARDENING_MODE=_LIBCPP_HARDENING_MODE_NONE -Wuser-defined-warnings -lc++experimental -nostdlib++ -L /home/toolchain/development/libc++_replacement/tmp/R68/build-patched-armv7l/libcxx/test-suite-install/lib -Wl,-rpath,/home/toolchain/development/libc++_replacement/tmp/R68/build-patched-armv7l/libcxx/test-suite-install/lib -lc++ -latomic -o /home/toolchain/development/libc++_replacement/tmp/R68/build-patched-armv7l/libcxx/test/std/thread/futures/futures.async/Output/thread_create_failure.pass.cpp.dir/t.tmp.exe
# .---command stderr------------
# | /bin/bash: /home/toolchain/development/libc++_replacement/tmp/GBS-ROOT/R32-candidates-libcxx-x86_64-20260813-02/local/BUILD-ROOTS/scratch.x86_64.0/usr/lib64/libtinfo.so.6: no version information available (required by /bin/bash)
# `-----------------------------
# EXECUTED AS
/home/toolchain/development/libc++_replacement/progress/R77/code/sdb_executor.py --execdir /home/toolchain/development/libc++_replacement/tmp/R68/build-patched-armv7l/libcxx/test/std/thread/futures/futures.async/Output/thread_create_failure.pass.cpp.dir --  /home/toolchain/development/libc++_replacement/tmp/R68/build-patched-armv7l/libcxx/test/std/thread/futures/futures.async/Output/thread_create_failure.pass.cpp.dir/t.tmp.exe
# executed command: /home/toolchain/development/libc++_replacement/progress/R77/code/sdb_executor.py --execdir /home/toolchain/development/libc++_replacement/tmp/R68/build-patched-armv7l/libcxx/test/std/thread/futures/futures.async/Output/thread_create_failure.pass.cpp.dir -- /home/toolchain/development/libc++_replacement/tmp/R68/build-patched-armv7l/libcxx/test/std/thread/futures/futures.async/Output/thread_create_failure.pass.cpp.dir/t.tmp.exe
# .---command stdout------------
# | t.tmp.exe: /home/toolchain/development/libc++_replacement/tmp/R69/replay/libcxx/test/std/thread/futures/futures.async/thread_create_failure.pass.cpp:53: int main(int, char **): Assertion `false' failed.
# | /bin/sh: line 2: 28195 Aborted                 (core dumped) setsid sh -c 'printf '"'"'%d\n'"'"' "$$" > /opt/usr/home/owner/share/tmp/r77_lit_20260829/runs/run-afb922de47d74761-3213849/.test_pgid; exec /opt/usr/home/owner/share/tmp/r77_lit_20260829/runs/run-afb922de47d74761-3213849/t.tmp.exe < /opt/usr/home/owner/share/tmp/r77_lit_20260829/runs/run-afb922de47d74761-3213849/.stdin'
# `-----------------------------
# error: command failed with exit status: 134

--

__BASELINE_ARM_R81__
code=PASS elapsed=3.646137237548828
Exit Code: 0

Command Output (stdout):
--
# COMPILED WITH
/home/toolchain/development/libc++_replacement/progress/R68/tools/armv7l_lit_host_clangxx.sh /home/toolchain/development/libc++_replacement/tmp/R68/source-baseline/libcxx/test/std/thread/futures/futures.async/thread_create_failure.pass.cpp -pthread --target=armv7l-tizen-linux-gnueabi -nostdinc++ -I /home/toolchain/development/libc++_replacement/tmp/R68/build-baseline-armv7l/libcxx/test-suite-install/include/c++/v1 -I /home/toolchain/development/libc++_replacement/tmp/R68/build-baseline-armv7l/libcxx/test-suite-install/include/c++/v1 -I /home/toolchain/development/libc++_replacement/tmp/R68/source-baseline/libcxx/test/support -std=c++26 -Werror -Wall -Wctad-maybe-unsupported -Wextra -Wshadow -Wundef -Wunused-template -Wno-unused-command-line-argument -Wno-attributes -Wno-pessimizing-move -Wno-noexcept-type -Wno-atomic-alignment -Wno-reserved-module-identifier -Wdeprecated-copy -Wdeprecated-copy-dtor -Wshift-negative-value -Wno-user-defined-literals -Wno-tautological-compare -Wsign-compare -Wunused-variable -Wunused-parameter -Wunreachable-code -Wno-unused-local-typedef -Wno-local-type-template-args -Wno-c++11-extensions -Wno-unknown-pragmas -Wno-pass-failed -Wno-mismatched-new-delete -Wno-redundant-move -Wno-self-move -Wno-nullability-completeness -flax-vector-conversions=none -D_LIBCPP_HAS_NO_PRAGMA_SYSTEM_HEADER -D_LIBCPP_ENABLE_EXPERIMENTAL -D_LIBCPP_HARDENING_MODE=_LIBCPP_HARDENING_MODE_NONE -Wuser-defined-warnings  -lc++experimental -nostdlib++ -L /home/toolchain/development/libc++_replacement/tmp/R68/build-baseline-armv7l/libcxx/test-suite-install/lib -Wl,-rpath,/home/toolchain/development/libc++_replacement/tmp/R68/build-baseline-armv7l/libcxx/test-suite-install/lib -lc++ -latomic -o /home/toolchain/development/libc++_replacement/tmp/R68/build-baseline-armv7l/libcxx/test/std/thread/futures/futures.async/Output/thread_create_failure.pass.cpp.dir/t.tmp.exe
# executed command: /home/toolchain/development/libc++_replacement/progress/R68/tools/armv7l_lit_host_clangxx.sh /home/toolchain/development/libc++_replacement/tmp/R68/source-baseline/libcxx/test/std/thread/futures/futures.async/thread_create_failure.pass.cpp -pthread --target=armv7l-tizen-linux-gnueabi -nostdinc++ -I /home/toolchain/development/libc++_replacement/tmp/R68/build-baseline-armv7l/libcxx/test-suite-install/include/c++/v1 -I /home/toolchain/development/libc++_replacement/tmp/R68/build-baseline-armv7l/libcxx/test-suite-install/include/c++/v1 -I /home/toolchain/development/libc++_replacement/tmp/R68/source-baseline/libcxx/test/support -std=c++26 -Werror -Wall -Wctad-maybe-unsupported -Wextra -Wshadow -Wundef -Wunused-template -Wno-unused-command-line-argument -Wno-attributes -Wno-pessimizing-move -Wno-noexcept-type -Wno-atomic-alignment -Wno-reserved-module-identifier -Wdeprecated-copy -Wdeprecated-copy-dtor -Wshift-negative-value -Wno-user-defined-literals -Wno-tautological-compare -Wsign-compare -Wunused-variable -Wunused-parameter -Wunreachable-code -Wno-unused-local-typedef -Wno-local-type-template-args -Wno-c++11-extensions -Wno-unknown-pragmas -Wno-pass-failed -Wno-mismatched-new-delete -Wno-redundant-move -Wno-self-move -Wno-nullability-completeness -flax-vector-conversions=none -D_LIBCPP_HAS_NO_PRAGMA_SYSTEM_HEADER -D_LIBCPP_ENABLE_EXPERIMENTAL -D_LIBCPP_HARDENING_MODE=_LIBCPP_HARDENING_MODE_NONE -Wuser-defined-warnings -lc++experimental -nostdlib++ -L /home/toolchain/development/libc++_replacement/tmp/R68/build-baseline-armv7l/libcxx/test-suite-install/lib -Wl,-rpath,/home/toolchain/development/libc++_replacement/tmp/R68/build-baseline-armv7l/libcxx/test-suite-install/lib -lc++ -latomic -o /home/toolchain/development/libc++_replacement/tmp/R68/build-baseline-armv7l/libcxx/test/std/thread/futures/futures.async/Output/thread_create_failure.pass.cpp.dir/t.tmp.exe
# .---command stderr------------
# | /bin/bash: /home/toolchain/development/libc++_replacement/tmp/GBS-ROOT/R32-candidates-libcxx-x86_64-20260813-02/local/BUILD-ROOTS/scratch.x86_64.0/usr/lib64/libtinfo.so.6: no version information available (required by /bin/bash)
# `-----------------------------
# EXECUTED AS
/home/toolchain/development/libc++_replacement/progress/R81/code/sdb_executor_phase2_owner_baseline.sh --execdir /home/toolchain/development/libc++_replacement/tmp/R68/build-baseline-armv7l/libcxx/test/std/thread/futures/futures.async/Output/thread_create_failure.pass.cpp.dir --  /home/toolchain/development/libc++_replacement/tmp/R68/build-baseline-armv7l/libcxx/test/std/thread/futures/futures.async/Output/thread_create_failure.pass.cpp.dir/t.tmp.exe
# executed command: /home/toolchain/development/libc++_replacement/progress/R81/code/sdb_executor_phase2_owner_baseline.sh --execdir /home/toolchain/development/libc++_replacement/tmp/R68/build-baseline-armv7l/libcxx/test/std/thread/futures/futures.async/Output/thread_create_failure.pass.cpp.dir -- /home/toolchain/development/libc++_replacement/tmp/R68/build-baseline-armv7l/libcxx/test/std/thread/futures/futures.async/Output/thread_create_failure.pass.cpp.dir/t.tmp.exe

--


__TEST_SOURCE_DIFF__

__TEST_SOURCE__
//===----------------------------------------------------------------------===//
//
// Part of the LLVM Project, under the Apache License v2.0 with LLVM Exceptions.
// See https://llvm.org/LICENSE.txt for license information.
// SPDX-License-Identifier: Apache-2.0 WITH LLVM-exception
//
//===----------------------------------------------------------------------===//
//
// UNSUPPORTED: no-threads, no-exceptions

// ASan seems to try to create threadsm which obviously doesn't work in this test.
// UNSUPPORTED: asan, hwasan

// UNSUPPORTED: c++03

// There is no way to limit the number of threads on windows
// UNSUPPORTED: windows

// AIX, macOS and FreeBSD seem to limit the number of processes, not threads via RLIMIT_NPROC
// XFAIL: target={{.+}}-aix{{.*}}
// XFAIL: target={{.+}}-apple-{{.*}}
// XFAIL: freebsd

// z/OS does not have mechanism to limit the number of threads
// XFAIL: target={{.+}}-zos{{.*}}

// This test makes sure that we fail gracefully in care the thread creation fails. This is only reliably possible on
// systems that allow limiting the number of threads that can be created. See https://llvm.org/PR125428 for more details

#include <cassert>
#include <future>
#include <system_error>

#if __has_include(<sys/resource.h>)
#  include <sys/resource.h>
#  ifdef RLIMIT_NPROC
void force_thread_creation_failure() {
  rlimit lim = {1, 1};
  assert(setrlimit(RLIMIT_NPROC, &lim) == 0);
}
#  else
#    error "No known way to force only one thread being available"
#  endif
#else
#  error "No known way to force only one thread being available"
#endif

int main(int, char**) {
  force_thread_creation_failure();

  try {
    std::future<int> fut = std::async(std::launch::async, [] { return 1; });
    assert(false);
  } catch (const std::system_error&) {
  }

  try {
    std::future<void> fut = std::async(std::launch::async, [] { return; });
    assert(false);
  } catch (const std::system_error&) {
  }

  return 0;
}

__FUTURE_CHANGED_FILES__
Files tmp/R68/source-baseline/libcxx/include/future and tmp/R69/replay/libcxx/include/future differ
Files tmp/R68/source-baseline/libcxx/src/future.cpp and tmp/R69/replay/libcxx/src/future.cpp differ

__FUTURE_IMPL_DIFF__
--- tmp/R68/source-baseline/libcxx/src/future.cpp	2026-08-27 09:28:58.444475515 +0800
+++ tmp/R69/replay/libcxx/src/future.cpp	2026-08-26 15:42:36.662768591 +0800
@@ -111,14 +111,16 @@
 }
 
 void __assoc_sub_state::__sub_wait(unique_lock<mutex>& __lk) {
-  if (!__is_ready()) {
+  while (!__is_ready()) {
     if (__state_ & static_cast<unsigned>(deferred)) {
       __state_ &= ~static_cast<unsigned>(deferred);
       __lk.unlock();
       __execute();
-    } else
-      while (!__is_ready())
-        __cv_.wait(__lk);
+      if (!__lk.owns_lock())
+        __lk.lock();
+    } else {
+      __cv_.wait(__lk);
+    }
   }
 }
 

__OTHER_RESULTS_SEARCH__
docs/progress/R77/raw/034_patched_test_order.stdout:9124:  llvm-libc++-shared.cfg.in :: std/thread/futures/futures.async/thread_create_failure.pass.cpp
docs/progress/R77/tables/failure_classification.tsv:140:std/thread/futures/futures.async/thread_create_failure.pass.cpp	FAIL	NOT_OBSERVED	INDETERMINATE	baseline batch was not reached before SDB connection failure
docs/progress/R77/raw/117_summarize_patched_batch_007.stdout:8:FAIL llvm-libc++-shared.cfg.in :: std/thread/futures/futures.async/thread_create_failure.pass.cpp Exit Code: 134
docs/progress/R77/raw/049_baseline_arm_libcxx_test_order.stdout:9124:  llvm-libc++-shared.cfg.in :: std/thread/futures/futures.async/thread_create_failure.pass.cpp
docs/progress/R77/raw/078_tests_for_differences_static_inventory.stdout:590:tmp/R69/replay/libcxx/test/std/thread/futures/futures.async/thread_create_failure.pass.cpp
docs/progress/R68/raw/capability/patched/x86_64/libcxx.no-execute.json:7572:      "name": "llvm-libc++-shared.cfg.in :: std/thread/futures/futures.async/thread_create_failure.pass.cpp",
docs/progress/R77/raw/results/patched_armv7l/libcxx/batch-007/failure_records.json:5:    "name": "llvm-libc++-shared.cfg.in :: std/thread/futures/futures.async/thread_create_failure.pass.cpp",
docs/progress/R77/raw/results/patched_armv7l/libcxx/batch-007/failure_records.json:6:    "output": "Exit Code: 134\n\nCommand Output (stdout):\n--\n# COMPILED WITH\n/home/toolchain/development/libc++_replacement/progress/R68/tools/armv7l_lit_host_clangxx.sh /home/toolchain/development/libc++_replacement/tmp/R69/replay/libcxx/test/std/thread/futures/futures.async/thread_create_failure.pass.cpp -pthread --target=armv7l-tizen-linux-gnueabi -nostdinc++ -I /home/toolchain/development/libc++_replacement/tmp/R68/build-patched-armv7l/libcxx/test-suite-install/include/c++/v1 -I /home/toolchain/development/libc++_replacement/tmp/R68/build-patched-armv7l/libcxx/test-suite-install/include/c++/v1 -I /home/toolchain/development/libc++_replacement/tmp/R69/replay/libcxx/test/support -std=c++26 -Werror -Wall -Wctad-maybe-unsupported -Wextra -Wshadow -Wundef -Wunused-template -Wno-unused-command-line-argument -Wno-attributes -Wno-pessimizing-move -Wno-noexcept-type -Wno-atomic-alignment -Wno-reserved-module-identifier -Wdeprecated-copy -Wdeprecated-copy-dtor -Wshift-negative-value -Wno-user-defined-literals -Wno-tautological-compare -Wsign-compare -Wunused-variable -Wunused-parameter -Wunreachable-code -Wno-unused-local-typedef -Wno-local-type-template-args -Wno-c++11-extensions -Wno-unknown-pragmas -Wno-pass-failed -Wno-mismatched-new-delete -Wno-redundant-move -Wno-self-move -Wno-nullability-completeness -flax-vector-conversions=none -D_LIBCPP_HAS_NO_PRAGMA_SYSTEM_HEADER -D_LIBCPP_ENABLE_EXPERIMENTAL -D_LIBCPP_HARDENING_MODE=_LIBCPP_HARDENING_MODE_NONE -Wuser-defined-warnings  -lc++experimental -nostdlib++ -L /home/toolchain/development/libc++_replacement/tmp/R68/build-patched-armv7l/libcxx/test-suite-install/lib -Wl,-rpath,/home/toolchain/development/libc++_replacement/tmp/R68/build-patched-armv7l/libcxx/test-suite-install/lib -lc++ -latomic -o /home/toolchain/development/libc++_replacement/tmp/R68/build-patched-armv7l/libcxx/test/std/thread/futures/futures.async/Output/thread_create_failure.pass.cpp.dir/t.tmp.exe\n# executed command: /home/toolchain/development/libc++_replacement/progress/R68/tools/armv7l_lit_host_clangxx.sh /home/toolchain/development/libc++_replacement/tmp/R69/replay/libcxx/test/std/thread/futures/futures.async/thread_create_failure.pass.cpp -pthread --target=armv7l-tizen-linux-gnueabi -nostdinc++ -I /home/toolchain/development/libc++_replacement/tmp/R68/build-patched-armv7l/libcxx/test-suite-install/include/c++/v1 -I /home/toolchain/development/libc++_replacement/tmp/R68/build-patched-armv7l/libcxx/test-suite-install/include/c++/v1 -I /home/toolchain/development/libc++_replacement/tmp/R69/replay/libcxx/test/support -std=c++26 -Werror -Wall -Wctad-maybe-unsupported -Wextra -Wshadow -Wundef -Wunused-template -Wno-unused-command-line-argument -Wno-attributes -Wno-pessimizing-move -Wno-noexcept-type -Wno-atomic-alignment -Wno-reserved-module-identifier -Wdeprecated-copy -Wdeprecated-copy-dtor -Wshift-negative-value -Wno-user-defined-literals -Wno-tautological-compare -Wsign-compare -Wunused-variable -Wunused-parameter -Wunreachable-code -Wno-unused-local-typedef -Wno-local-type-template-args -Wno-c++11-extensions -Wno-unknown-pragmas -Wno-pass-failed -Wno-mismatched-new-delete -Wno-redundant-move -Wno-self-move -Wno-nullability-completeness -flax-vector-conversions=none -D_LIBCPP_HAS_NO_PRAGMA_SYSTEM_HEADER -D_LIBCPP_ENABLE_EXPERIMENTAL -D_LIBCPP_HARDENING_MODE=_LIBCPP_HARDENING_MODE_NONE -Wuser-defined-warnings -lc++experimental -nostdlib++ -L /home/toolchain/development/libc++_replacement/tmp/R68/build-patched-armv7l/libcxx/test-suite-install/lib -Wl,-rpath,/home/toolchain/development/libc++_replacement/tmp/R68/build-patched-armv7l/libcxx/test-suite-install/lib -lc++ -latomic -o /home/toolchain/development/libc++_replacement/tmp/R68/build-patched-armv7l/libcxx/test/std/thread/futures/futures.async/Output/thread_create_failure.pass.cpp.dir/t.tmp.exe\n# .---command stderr------------\n# | /bin/bash: /home/toolchain/development/libc++_replacement/tmp/GBS-ROOT/R32-candidates-libcxx-x86_64-20260813-02/local/BUILD-ROOTS/scratch.x86_64.0/usr/lib64/libtinfo.so.6: no version information available (required by /bin/bash)\n# `-----------------------------\n# EXECUTED AS\n/home/toolchain/development/libc++_replacement/progress/R77/code/sdb_executor.py --execdir /home/toolchain/development/libc++_replacement/tmp/R68/build-patched-armv7l/libcxx/test/std/thread/futures/futures.async/Output/thread_create_failure.pass.cpp.dir --  /home/toolchain/development/libc++_replacement/tmp/R68/build-patched-armv7l/libcxx/test/std/thread/futures/futures.async/Output/thread_create_failure.pass.cpp.dir/t.tmp.exe\n# executed command: /home/toolchain/development/libc++_replacement/progress/R77/code/sdb_executor.py --execdir /home/toolchain/development/libc++_replacement/tmp/R68/build-patched-armv7l/libcxx/test/std/thread/futures/futures.async/Output/thread_create_failure.pass.cpp.dir -- /home/toolchain/development/libc++_replacement/tmp/R68/build-patched-armv7l/libcxx/test/std/thread/futures/futures.async/Output/thread_create_failure.pass.cpp.dir/t.tmp.exe\n# .---command stdout------------\n# | t.tmp.exe: /home/toolchain/development/libc++_replacement/tmp/R69/replay/libcxx/test/std/thread/futures/futures.async/thread_create_failure.pass.cpp:53: int main(int, char **): Assertion `false' failed.\n# | /bin/sh: line 2: 28195 Aborted                 (core dumped) setsid sh -c 'printf '\"'\"'%d\\n'\"'\"' \"$$\" > /opt/usr/home/owner/share/tmp/r77_lit_20260829/runs/run-afb922de47d74761-3213849/.test_pgid; exec /opt/usr/home/owner/share/tmp/r77_lit_20260829/runs/run-afb922de47d74761-3213849/t.tmp.exe < /opt/usr/home/owner/share/tmp/r77_lit_20260829/runs/run-afb922de47d74761-3213849/.stdin'\n# `-----------------------------\n# error: command failed with exit status: 134\n\n--\n"
docs/progress/R77/raw/results/patched_armv7l/libcxx/batch-007/result.json:1470:      "name": "llvm-libc++-shared.cfg.in :: std/thread/futures/futures.async/thread_create_failure.pass.cpp",
docs/progress/R77/raw/results/patched_armv7l/libcxx/batch-007/result.json:1471:      "output": "Exit Code: 134\n\nCommand Output (stdout):\n--\n# COMPILED WITH\n/home/toolchain/development/libc++_replacement/progress/R68/tools/armv7l_lit_host_clangxx.sh /home/toolchain/development/libc++_replacement/tmp/R69/replay/libcxx/test/std/thread/futures/futures.async/thread_create_failure.pass.cpp -pthread --target=armv7l-tizen-linux-gnueabi -nostdinc++ -I /home/toolchain/development/libc++_replacement/tmp/R68/build-patched-armv7l/libcxx/test-suite-install/include/c++/v1 -I /home/toolchain/development/libc++_replacement/tmp/R68/build-patched-armv7l/libcxx/test-suite-install/include/c++/v1 -I /home/toolchain/development/libc++_replacement/tmp/R69/replay/libcxx/test/support -std=c++26 -Werror -Wall -Wctad-maybe-unsupported -Wextra -Wshadow -Wundef -Wunused-template -Wno-unused-command-line-argument -Wno-attributes -Wno-pessimizing-move -Wno-noexcept-type -Wno-atomic-alignment -Wno-reserved-module-identifier -Wdeprecated-copy -Wdeprecated-copy-dtor -Wshift-negative-value -Wno-user-defined-literals -Wno-tautological-compare -Wsign-compare -Wunused-variable -Wunused-parameter -Wunreachable-code -Wno-unused-local-typedef -Wno-local-type-template-args -Wno-c++11-extensions -Wno-unknown-pragmas -Wno-pass-failed -Wno-mismatched-new-delete -Wno-redundant-move -Wno-self-move -Wno-nullability-completeness -flax-vector-conversions=none -D_LIBCPP_HAS_NO_PRAGMA_SYSTEM_HEADER -D_LIBCPP_ENABLE_EXPERIMENTAL -D_LIBCPP_HARDENING_MODE=_LIBCPP_HARDENING_MODE_NONE -Wuser-defined-warnings  -lc++experimental -nostdlib++ -L /home/toolchain/development/libc++_replacement/tmp/R68/build-patched-armv7l/libcxx/test-suite-install/lib -Wl,-rpath,/home/toolchain/development/libc++_replacement/tmp/R68/build-patched-armv7l/libcxx/test-suite-install/lib -lc++ -latomic -o /home/toolchain/development/libc++_replacement/tmp/R68/build-patched-armv7l/libcxx/test/std/thread/futures/futures.async/Output/thread_create_failure.pass.cpp.dir/t.tmp.exe\n# executed command: /home/toolchain/development/libc++_replacement/progress/R68/tools/armv7l_lit_host_clangxx.sh /home/toolchain/development/libc++_replacement/tmp/R69/replay/libcxx/test/std/thread/futures/futures.async/thread_create_failure.pass.cpp -pthread --target=armv7l-tizen-linux-gnueabi -nostdinc++ -I /home/toolchain/development/libc++_replacement/tmp/R68/build-patched-armv7l/libcxx/test-suite-install/include/c++/v1 -I /home/toolchain/development/libc++_replacement/tmp/R68/build-patched-armv7l/libcxx/test-suite-install/include/c++/v1 -I /home/toolchain/development/libc++_replacement/tmp/R69/replay/libcxx/test/support -std=c++26 -Werror -Wall -Wctad-maybe-unsupported -Wextra -Wshadow -Wundef -Wunused-template -Wno-unused-command-line-argument -Wno-attributes -Wno-pessimizing-move -Wno-noexcept-type -Wno-atomic-alignment -Wno-reserved-module-identifier -Wdeprecated-copy -Wdeprecated-copy-dtor -Wshift-negative-value -Wno-user-defined-literals -Wno-tautological-compare -Wsign-compare -Wunused-variable -Wunused-parameter -Wunreachable-code -Wno-unused-local-typedef -Wno-local-type-template-args -Wno-c++11-extensions -Wno-unknown-pragmas -Wno-pass-failed -Wno-mismatched-new-delete -Wno-redundant-move -Wno-self-move -Wno-nullability-completeness -flax-vector-conversions=none -D_LIBCPP_HAS_NO_PRAGMA_SYSTEM_HEADER -D_LIBCPP_ENABLE_EXPERIMENTAL -D_LIBCPP_HARDENING_MODE=_LIBCPP_HARDENING_MODE_NONE -Wuser-defined-warnings -lc++experimental -nostdlib++ -L /home/toolchain/development/libc++_replacement/tmp/R68/build-patched-armv7l/libcxx/test-suite-install/lib -Wl,-rpath,/home/toolchain/development/libc++_replacement/tmp/R68/build-patched-armv7l/libcxx/test-suite-install/lib -lc++ -latomic -o /home/toolchain/development/libc++_replacement/tmp/R68/build-patched-armv7l/libcxx/test/std/thread/futures/futures.async/Output/thread_create_failure.pass.cpp.dir/t.tmp.exe\n# .---command stderr------------\n# | /bin/bash: /home/toolchain/development/libc++_replacement/tmp/GBS-ROOT/R32-candidates-libcxx-x86_64-20260813-02/local/BUILD-ROOTS/scratch.x86_64.0/usr/lib64/libtinfo.so.6: no version information available (required by /bin/bash)\n# `-----------------------------\n# EXECUTED AS\n/home/toolchain/development/libc++_replacement/progress/R77/code/sdb_executor.py --execdir /home/toolchain/development/libc++_replacement/tmp/R68/build-patched-armv7l/libcxx/test/std/thread/futures/futures.async/Output/thread_create_failure.pass.cpp.dir --  /home/toolchain/development/libc++_replacement/tmp/R68/build-patched-armv7l/libcxx/test/std/thread/futures/futures.async/Output/thread_create_failure.pass.cpp.dir/t.tmp.exe\n# executed command: /home/toolchain/development/libc++_replacement/progress/R77/code/sdb_executor.py --execdir /home/toolchain/development/libc++_replacement/tmp/R68/build-patched-armv7l/libcxx/test/std/thread/futures/futures.async/Output/thread_create_failure.pass.cpp.dir -- /home/toolchain/development/libc++_replacement/tmp/R68/build-patched-armv7l/libcxx/test/std/thread/futures/futures.async/Output/thread_create_failure.pass.cpp.dir/t.tmp.exe\n# .---command stdout------------\n# | t.tmp.exe: /home/toolchain/development/libc++_replacement/tmp/R69/replay/libcxx/test/std/thread/futures/futures.async/thread_create_failure.pass.cpp:53: int main(int, char **): Assertion `false' failed.\n# | /bin/sh: line 2: 28195 Aborted                 (core dumped) setsid sh -c 'printf '\"'\"'%d\\n'\"'\"' \"$$\" > /opt/usr/home/owner/share/tmp/r77_lit_20260829/runs/run-afb922de47d74761-3213849/.test_pgid; exec /opt/usr/home/owner/share/tmp/r77_lit_20260829/runs/run-afb922de47d74761-3213849/t.tmp.exe < /opt/usr/home/owner/share/tmp/r77_lit_20260829/runs/run-afb922de47d74761-3213849/.stdin'\n# `-----------------------------\n# error: command failed with exit status: 134\n\n--\n"
docs/progress/R77/raw/results/patched_armv7l/libcxx/aggregate_result.json:54736:      "name": "std/thread/futures/futures.async/thread_create_failure.pass.cpp",
docs/progress/R77/raw/results/patched_armv7l/libcxx/aggregate_result.json:54738:      "output": "Exit Code: 134\n\nCommand Output (stdout):\n--\n# COMPILED WITH\n/home/toolchain/development/libc++_replacement/progress/R68/tools/armv7l_lit_host_clangxx.sh /home/toolchain/development/libc++_replacement/tmp/R69/replay/libcxx/test/std/thread/futures/futures.async/thread_create_failure.pass.cpp -pthread --target=armv7l-tizen-linux-gnueabi -nostdinc++ -I /home/toolchain/development/libc++_replacement/tmp/R68/build-patched-armv7l/libcxx/test-suite-install/include/c++/v1 -I /home/toolchain/development/libc++_replacement/tmp/R68/build-patched-armv7l/libcxx/test-suite-install/include/c++/v1 -I /home/toolchain/development/libc++_replacement/tmp/R69/replay/libcxx/test/support -std=c++26 -Werror -Wall -Wctad-maybe-unsupported -Wextra -Wshadow -Wundef -Wunused-template -Wno-unused-command-line-argument -Wno-attributes -Wno-pessimizing-move -Wno-noexcept-type -Wno-atomic-alignment -Wno-reserved-module-identifier -Wdeprecated-copy -Wdeprecated-copy-dtor -Wshift-negative-value -Wno-user-defined-literals -Wno-tautological-compare -Wsign-compare -Wunused-variable -Wunused-parameter -Wunreachable-code -Wno-unused-local-typedef -Wno-local-type-template-args -Wno-c++11-extensions -Wno-unknown-pragmas -Wno-pass-failed -Wno-mismatched-new-delete -Wno-redundant-move -Wno-self-move -Wno-nullability-completeness -flax-vector-conversions=none -D_LIBCPP_HAS_NO_PRAGMA_SYSTEM_HEADER -D_LIBCPP_ENABLE_EXPERIMENTAL -D_LIBCPP_HARDENING_MODE=_LIBCPP_HARDENING_MODE_NONE -Wuser-defined-warnings  -lc++experimental -nostdlib++ -L /home/toolchain/development/libc++_replacement/tmp/R68/build-patched-armv7l/libcxx/test-suite-install/lib -Wl,-rpath,/home/toolchain/development/libc++_replacement/tmp/R68/build-patched-armv7l/libcxx/test-suite-install/lib -lc++ -latomic -o /home/toolchain/development/libc++_replacement/tmp/R68/build-patched-armv7l/libcxx/test/std/thread/futures/futures.async/Output/thread_create_failure.pass.cpp.dir/t.tmp.exe\n# executed command: /home/toolchain/development/libc++_replacement/progress/R68/tools/armv7l_lit_host_clangxx.sh /home/toolchain/development/libc++_replacement/tmp/R69/replay/libcxx/test/std/thread/futures/futures.async/thread_create_failure.pass.cpp -pthread --target=armv7l-tizen-linux-gnueabi -nostdinc++ -I /home/toolchain/development/libc++_replacement/tmp/R68/build-patched-armv7l/libcxx/test-suite-install/include/c++/v1 -I /home/toolchain/development/libc++_replacement/tmp/R68/build-patched-armv7l/libcxx/test-suite-install/include/c++/v1 -I /home/toolchain/development/libc++_replacement/tmp/R69/replay/libcxx/test/support -std=c++26 -Werror -Wall -Wctad-maybe-unsupported -Wextra -Wshadow -Wundef -Wunused-template -Wno-unused-command-line-argument -Wno-attributes -Wno-pessimizing-move -Wno-noexcept-type -Wno-atomic-alignment -Wno-reserved-module-identifier -Wdeprecated-copy -Wdeprecated-copy-dtor -Wshift-negative-value -Wno-user-defined-literals -Wno-tautological-compare -Wsign-compare -Wunused-variable -Wunused-parameter -Wunreachable-code -Wno-unused-local-typedef -Wno-local-type-template-args -Wno-c++11-extensions -Wno-unknown-pragmas -Wno-pass-failed -Wno-mismatched-new-delete -Wno-redundant-move -Wno-self-move -Wno-nullability-completeness -flax-vector-conversions=none -D_LIBCPP_HAS_NO_PRAGMA_SYSTEM_HEADER -D_LIBCPP_ENABLE_EXPERIMENTAL -D_LIBCPP_HARDENING_MODE=_LIBCPP_HARDENING_MODE_NONE -Wuser-defined-warnings -lc++experimental -nostdlib++ -L /home/toolchain/development/libc++_replacement/tmp/R68/build-patched-armv7l/libcxx/test-suite-install/lib -Wl,-rpath,/home/toolchain/development/libc++_replacement/tmp/R68/build-patched-armv7l/libcxx/test-suite-install/lib -lc++ -latomic -o /home/toolchain/development/libc++_replacement/tmp/R68/build-patched-armv7l/libcxx/test/std/thread/futures/futures.async/Output/thread_create_failure.pass.cpp.dir/t.tmp.exe\n# .---command stderr------------\n# | /bin/bash: /home/toolchain/development/libc++_replacement/tmp/GBS-ROOT/R32-candidates-libcxx-x86_64-20260813-02/local/BUILD-ROOTS/scratch.x86_64.0/usr/lib64/libtinfo.so.6: no version information available (required by /bin/bash)\n# `-----------------------------\n# EXECUTED AS\n/home/toolchain/development/libc++_replacement/progress/R77/code/sdb_executor.py --execdir /home/toolchain/development/libc++_replacement/tmp/R68/build-patched-armv7l/libcxx/test/std/thread/futures/futures.async/Output/thread_create_failure.pass.cpp.dir --  /home/toolchain/development/libc++_replacement/tmp/R68/build-patched-armv7l/libcxx/test/std/thread/futures/futures.async/Output/thread_create_failure.pass.cpp.dir/t.tmp.exe\n# executed command: /home/toolchain/development/libc++_replacement/progress/R77/code/sdb_executor.py --execdir /home/toolchain/development/libc++_replacement/tmp/R68/build-patched-armv7l/libcxx/test/std/thread/futures/futures.async/Output/thread_create_failure.pass.cpp.dir -- /home/toolchain/development/libc++_replacement/tmp/R68/build-patched-armv7l/libcxx/test/std/thread/futures/futures.async/Output/thread_create_failure.pass.cpp.dir/t.tmp.exe\n# .---command stdout------------\n# | t.tmp.exe: /home/toolchain/development/libc++_replacement/tmp/R69/replay/libcxx/test/std/thread/futures/futures.async/thread_create_failure.pass.cpp:53: int main(int, char **): Assertion `false' failed.\n# | /bin/sh: line 2: 28195 Aborted                 (core dumped) setsid sh -c 'printf '\"'\"'%d\\n'\"'\"' \"$$\" > /opt/usr/home/owner/share/tmp/r77_lit_20260829/runs/run-afb922de47d74761-3213849/.test_pgid; exec /opt/usr/home/owner/share/tmp/r77_lit_20260829/runs/run-afb922de47d74761-3213849/t.tmp.exe < /opt/usr/home/owner/share/tmp/r77_lit_20260829/runs/run-afb922de47d74761-3213849/.stdin'\n# `-----------------------------\n# error: command failed with exit status: 134\n\n--\n",
docs/progress/R77/raw/results/patched_armv7l/libcxx/batch-007/lit.stdout:244:FAIL: llvm-libc++-shared.cfg.in :: std/thread/futures/futures.async/thread_create_failure.pass.cpp (243 of 500)
docs/progress/R77/raw/results/patched_armv7l/libcxx/batch-007/lit.stdout:245:******************** TEST 'llvm-libc++-shared.cfg.in :: std/thread/futures/futures.async/thread_create_failure.pass.cpp' FAILED ********************
docs/progress/R77/raw/results/patched_armv7l/libcxx/batch-007/lit.stdout:251:/home/toolchain/development/libc++_replacement/progress/R68/tools/armv7l_lit_host_clangxx.sh /home/toolchain/development/libc++_replacement/tmp/R69/replay/libcxx/test/std/thread/futures/futures.async/thread_create_failure.pass.cpp -pthread --target=armv7l-tizen-linux-gnueabi -nostdinc++ -I /home/toolchain/development/libc++_replacement/tmp/R68/build-patched-armv7l/libcxx/test-suite-install/include/c++/v1 -I /home/toolchain/development/libc++_replacement/tmp/R68/build-patched-armv7l/libcxx/test-suite-install/include/c++/v1 -I /home/toolchain/development/libc++_replacement/tmp/R69/replay/libcxx/test/support -std=c++26 -Werror -Wall -Wctad-maybe-unsupported -Wextra -Wshadow -Wundef -Wunused-template -Wno-unused-command-line-argument -Wno-attributes -Wno-pessimizing-move -Wno-noexcept-type -Wno-atomic-alignment -Wno-reserved-module-identifier -Wdeprecated-copy -Wdeprecated-copy-dtor -Wshift-negative-value -Wno-user-defined-literals -Wno-tautological-compare -Wsign-compare -Wunused-variable -Wunused-parameter -Wunreachable-code -Wno-unused-local-typedef -Wno-local-type-template-args -Wno-c++11-extensions -Wno-unknown-pragmas -Wno-pass-failed -Wno-mismatched-new-delete -Wno-redundant-move -Wno-self-move -Wno-nullability-completeness -flax-vector-conversions=none -D_LIBCPP_HAS_NO_PRAGMA_SYSTEM_HEADER -D_LIBCPP_ENABLE_EXPERIMENTAL -D_LIBCPP_HARDENING_MODE=_LIBCPP_HARDENING_MODE_NONE -Wuser-defined-warnings  -lc++experimental -nostdlib++ -L /home/toolchain/development/libc++_replacement/tmp/R68/build-patched-armv7l/libcxx/test-suite-install/lib -Wl,-rpath,/home/toolchain/development/libc++_replacement/tmp/R68/build-patched-armv7l/libcxx/test-suite-install/lib -lc++ -latomic -o /home/toolchain/development/libc++_replacement/tmp/R68/build-patched-armv7l/libcxx/test/std/thread/futures/futures.async/Output/thread_create_failure.pass.cpp.dir/t.tmp.exe
docs/progress/R77/raw/results/patched_armv7l/libcxx/batch-007/lit.stdout:252:# executed command: /home/toolchain/development/libc++_replacement/progress/R68/tools/armv7l_lit_host_clangxx.sh /home/toolchain/development/libc++_replacement/tmp/R69/replay/libcxx/test/std/thread/futures/futures.async/thread_create_failure.pass.cpp -pthread --target=armv7l-tizen-linux-gnueabi -nostdinc++ -I /home/toolchain/development/libc++_replacement/tmp/R68/build-patched-armv7l/libcxx/test-suite-install/include/c++/v1 -I /home/toolchain/development/libc++_replacement/tmp/R68/build-patched-armv7l/libcxx/test-suite-install/include/c++/v1 -I /home/toolchain/development/libc++_replacement/tmp/R69/replay/libcxx/test/support -std=c++26 -Werror -Wall -Wctad-maybe-unsupported -Wextra -Wshadow -Wundef -Wunused-template -Wno-unused-command-line-argument -Wno-attributes -Wno-pessimizing-move -Wno-noexcept-type -Wno-atomic-alignment -Wno-reserved-module-identifier -Wdeprecated-copy -Wdeprecated-copy-dtor -Wshift-negative-value -Wno-user-defined-literals -Wno-tautological-compare -Wsign-compare -Wunused-variable -Wunused-parameter -Wunreachable-code -Wno-unused-local-typedef -Wno-local-type-template-args -Wno-c++11-extensions -Wno-unknown-pragmas -Wno-pass-failed -Wno-mismatched-new-delete -Wno-redundant-move -Wno-self-move -Wno-nullability-completeness -flax-vector-conversions=none -D_LIBCPP_HAS_NO_PRAGMA_SYSTEM_HEADER -D_LIBCPP_ENABLE_EXPERIMENTAL -D_LIBCPP_HARDENING_MODE=_LIBCPP_HARDENING_MODE_NONE -Wuser-defined-warnings -lc++experimental -nostdlib++ -L /home/toolchain/development/libc++_replacement/tmp/R68/build-patched-armv7l/libcxx/test-suite-install/lib -Wl,-rpath,/home/toolchain/development/libc++_replacement/tmp/R68/build-patched-armv7l/libcxx/test-suite-install/lib -lc++ -latomic -o /home/toolchain/development/libc++_replacement/tmp/R68/build-patched-armv7l/libcxx/test/std/thread/futures/futures.async/Output/thread_create_failure.pass.cpp.dir/t.tmp.exe
docs/progress/R77/raw/results/patched_armv7l/libcxx/batch-007/lit.stdout:260:# | t.tmp.exe: /home/toolchain/development/libc++_replacement/tmp/R69/replay/libcxx/test/std/thread/futures/futures.async/thread_create_failure.pass.cpp:53: int main(int, char **): Assertion `false' failed.
docs/progress/R77/raw/results/patched_armv7l/libcxx/batch-007/lit.stdout:541:3.01s: llvm-libc++-shared.cfg.in :: std/thread/futures/futures.async/thread_create_failure.pass.cpp
docs/progress/R77/raw/results/patched_armv7l/libcxx/batch-007/lit.stdout:572:  llvm-libc++-shared.cfg.in :: std/thread/futures/futures.async/thread_create_failure.pass.cpp
docs/progress/R68/raw/capability/patched/x86_64/libcxx.no-execute.stdout:1263:PASS: llvm-libc++-shared.cfg.in :: std/thread/futures/futures.async/thread_create_failure.pass.cpp (1262 of 11321)
docs/progress/R68/raw/capability/patched/x86_64/libcxx.show-tests.stdout:9124:  llvm-libc++-shared.cfg.in :: std/thread/futures/futures.async/thread_create_failure.pass.cpp
progress/R77/tables/failure_classification.tsv:140:std/thread/futures/futures.async/thread_create_failure.pass.cpp	FAIL	NOT_OBSERVED	INDETERMINATE	baseline batch was not reached before SDB connection failure
progress/R77/raw/049_baseline_arm_libcxx_test_order.stdout:9124:  llvm-libc++-shared.cfg.in :: std/thread/futures/futures.async/thread_create_failure.pass.cpp
progress/R77/raw/117_summarize_patched_batch_007.stdout:8:FAIL llvm-libc++-shared.cfg.in :: std/thread/futures/futures.async/thread_create_failure.pass.cpp Exit Code: 134
docs/progress/R68/raw/capability/patched/armv7l/libcxx.sdb.no-execute.stdout:9124:PASS: llvm-libc++-shared.cfg.in :: std/thread/futures/futures.async/thread_create_failure.pass.cpp (9123 of 11321)
docs/progress/R68/raw/capability/patched/armv7l/libcxx.sdb.no-execute.json:54744:      "name": "llvm-libc++-shared.cfg.in :: std/thread/futures/futures.async/thread_create_failure.pass.cpp",
docs/progress/R77/raw/results/patched_armv7l/libcxx/failure_records.json:831:    "name": "std/thread/futures/futures.async/thread_create_failure.pass.cpp",
docs/progress/R77/raw/results/patched_armv7l/libcxx/failure_records.json:833:    "output": "Exit Code: 134\n\nCommand Output (stdout):\n--\n# COMPILED WITH\n/home/toolchain/development/libc++_replacement/progress/R68/tools/armv7l_lit_host_clangxx.sh /home/toolchain/development/libc++_replacement/tmp/R69/replay/libcxx/test/std/thread/futures/futures.async/thread_create_failure.pass.cpp -pthread --target=armv7l-tizen-linux-gnueabi -nostdinc++ -I /home/toolchain/development/libc++_replacement/tmp/R68/build-patched-armv7l/libcxx/test-suite-install/include/c++/v1 -I /home/toolchain/development/libc++_replacement/tmp/R68/build-patched-armv7l/libcxx/test-suite-install/include/c++/v1 -I /home/toolchain/development/libc++_replacement/tmp/R69/replay/libcxx/test/support -std=c++26 -Werror -Wall -Wctad-maybe-unsupported -Wextra -Wshadow -Wundef -Wunused-template -Wno-unused-command-line-argument -Wno-attributes -Wno-pessimizing-move -Wno-noexcept-type -Wno-atomic-alignment -Wno-reserved-module-identifier -Wdeprecated-copy -Wdeprecated-copy-dtor -Wshift-negative-value -Wno-user-defined-literals -Wno-tautological-compare -Wsign-compare -Wunused-variable -Wunused-parameter -Wunreachable-code -Wno-unused-local-typedef -Wno-local-type-template-args -Wno-c++11-extensions -Wno-unknown-pragmas -Wno-pass-failed -Wno-mismatched-new-delete -Wno-redundant-move -Wno-self-move -Wno-nullability-completeness -flax-vector-conversions=none -D_LIBCPP_HAS_NO_PRAGMA_SYSTEM_HEADER -D_LIBCPP_ENABLE_EXPERIMENTAL -D_LIBCPP_HARDENING_MODE=_LIBCPP_HARDENING_MODE_NONE -Wuser-defined-warnings  -lc++experimental -nostdlib++ -L /home/toolchain/development/libc++_replacement/tmp/R68/build-patched-armv7l/libcxx/test-suite-install/lib -Wl,-rpath,/home/toolchain/development/libc++_replacement/tmp/R68/build-patched-armv7l/libcxx/test-suite-install/lib -lc++ -latomic -o /home/toolchain/development/libc++_replacement/tmp/R68/build-patched-armv7l/libcxx/test/std/thread/futures/futures.async/Output/thread_create_failure.pass.cpp.dir/t.tmp.exe\n# executed command: /home/toolchain/development/libc++_replacement/progress/R68/tools/armv7l_lit_host_clangxx.sh /home/toolchain/development/libc++_replacement/tmp/R69/replay/libcxx/test/std/thread/futures/futures.async/thread_create_failure.pass.cpp -pthread --target=armv7l-tizen-linux-gnueabi -nostdinc++ -I /home/toolchain/development/libc++_replacement/tmp/R68/build-patched-armv7l/libcxx/test-suite-install/include/c++/v1 -I /home/toolchain/development/libc++_replacement/tmp/R68/build-patched-armv7l/libcxx/test-suite-install/include/c++/v1 -I /home/toolchain/development/libc++_replacement/tmp/R69/replay/libcxx/test/support -std=c++26 -Werror -Wall -Wctad-maybe-unsupported -Wextra -Wshadow -Wundef -Wunused-template -Wno-unused-command-line-argument -Wno-attributes -Wno-pessimizing-move -Wno-noexcept-type -Wno-atomic-alignment -Wno-reserved-module-identifier -Wdeprecated-copy -Wdeprecated-copy-dtor -Wshift-negative-value -Wno-user-defined-literals -Wno-tautological-compare -Wsign-compare -Wunused-variable -Wunused-parameter -Wunreachable-code -Wno-unused-local-typedef -Wno-local-type-template-args -Wno-c++11-extensions -Wno-unknown-pragmas -Wno-pass-failed -Wno-mismatched-new-delete -Wno-redundant-move -Wno-self-move -Wno-nullability-completeness -flax-vector-conversions=none -D_LIBCPP_HAS_NO_PRAGMA_SYSTEM_HEADER -D_LIBCPP_ENABLE_EXPERIMENTAL -D_LIBCPP_HARDENING_MODE=_LIBCPP_HARDENING_MODE_NONE -Wuser-defined-warnings -lc++experimental -nostdlib++ -L /home/toolchain/development/libc++_replacement/tmp/R68/build-patched-armv7l/libcxx/test-suite-install/lib -Wl,-rpath,/home/toolchain/development/libc++_replacement/tmp/R68/build-patched-armv7l/libcxx/test-suite-install/lib -lc++ -latomic -o /home/toolchain/development/libc++_replacement/tmp/R68/build-patched-armv7l/libcxx/test/std/thread/futures/futures.async/Output/thread_create_failure.pass.cpp.dir/t.tmp.exe\n# .---command stderr------------\n# | /bin/bash: /home/toolchain/development/libc++_replacement/tmp/GBS-ROOT/R32-candidates-libcxx-x86_64-20260813-02/local/BUILD-ROOTS/scratch.x86_64.0/usr/lib64/libtinfo.so.6: no version information available (required by /bin/bash)\n# `-----------------------------\n# EXECUTED AS\n/home/toolchain/development/libc++_replacement/progress/R77/code/sdb_executor.py --execdir /home/toolchain/development/libc++_replacement/tmp/R68/build-patched-armv7l/libcxx/test/std/thread/futures/futures.async/Output/thread_create_failure.pass.cpp.dir --  /home/toolchain/development/libc++_replacement/tmp/R68/build-patched-armv7l/libcxx/test/std/thread/futures/futures.async/Output/thread_create_failure.pass.cpp.dir/t.tmp.exe\n# executed command: /home/toolchain/development/libc++_replacement/progress/R77/code/sdb_executor.py --execdir /home/toolchain/development/libc++_replacement/tmp/R68/build-patched-armv7l/libcxx/test/std/thread/futures/futures.async/Output/thread_create_failure.pass.cpp.dir -- /home/toolchain/development/libc++_replacement/tmp/R68/build-patched-armv7l/libcxx/test/std/thread/futures/futures.async/Output/thread_create_failure.pass.cpp.dir/t.tmp.exe\n# .---command stdout------------\n# | t.tmp.exe: /home/toolchain/development/libc++_replacement/tmp/R69/replay/libcxx/test/std/thread/futures/futures.async/thread_create_failure.pass.cpp:53: int main(int, char **): Assertion `false' failed.\n# | /bin/sh: line 2: 28195 Aborted                 (core dumped) setsid sh -c 'printf '\"'\"'%d\\n'\"'\"' \"$$\" > /opt/usr/home/owner/share/tmp/r77_lit_20260829/runs/run-afb922de47d74761-3213849/.test_pgid; exec /opt/usr/home/owner/share/tmp/r77_lit_20260829/runs/run-afb922de47d74761-3213849/t.tmp.exe < /opt/usr/home/owner/share/tmp/r77_lit_20260829/runs/run-afb922de47d74761-3213849/.stdin'\n# `-----------------------------\n# error: command failed with exit status: 134\n\n--\n",
progress/R77/raw/034_patched_test_order.stdout:9124:  llvm-libc++-shared.cfg.in :: std/thread/futures/futures.async/thread_create_failure.pass.cpp
progress/R77/raw/078_tests_for_differences_static_inventory.stdout:590:tmp/R69/replay/libcxx/test/std/thread/futures/futures.async/thread_create_failure.pass.cpp
docs/progress/R68/raw/capability/patched/armv7l/libcxx.sdb.show-tests.stdout:9124:  llvm-libc++-shared.cfg.in :: std/thread/futures/futures.async/thread_create_failure.pass.cpp
docs/progress/R68/raw/capability/patched/armv7l/libcxx.hostcross-noexecutor.show-tests.stdout:9124:  llvm-libc++-shared.cfg.in :: std/thread/futures/futures.async/thread_create_failure.pass.cpp
docs/progress/R68/raw/capability/baseline/x86_64/libcxx.no-execute.json:54744:      "name": "llvm-libc++-shared.cfg.in :: std/thread/futures/futures.async/thread_create_failure.pass.cpp",
docs/progress/R68/raw/capability/baseline/x86_64/libcxx.no-execute.stdout:9125:PASS: llvm-libc++-shared.cfg.in :: std/thread/futures/futures.async/thread_create_failure.pass.cpp (9124 of 11321)
progress/R68/raw/capability/patched/x86_64/libcxx.no-execute.json:7572:      "name": "llvm-libc++-shared.cfg.in :: std/thread/futures/futures.async/thread_create_failure.pass.cpp",
docs/progress/R68/raw/capability/baseline/armv7l/libcxx.sdb.no-execute.stdout:9124:PASS: llvm-libc++-shared.cfg.in :: std/thread/futures/futures.async/thread_create_failure.pass.cpp (9123 of 11321)
progress/R68/raw/capability/patched/x86_64/libcxx.no-execute.stdout:1263:PASS: llvm-libc++-shared.cfg.in :: std/thread/futures/futures.async/thread_create_failure.pass.cpp (1262 of 11321)
docs/progress/R68/raw/capability/baseline/x86_64/libcxx.show-tests.stdout:9124:  llvm-libc++-shared.cfg.in :: std/thread/futures/futures.async/thread_create_failure.pass.cpp
docs/progress/R68/raw/capability/baseline/armv7l/libcxx.sdb.no-execute.json:54744:      "name": "llvm-libc++-shared.cfg.in :: std/thread/futures/futures.async/thread_create_failure.pass.cpp",
progress/R68/raw/capability/baseline/armv7l/libcxx.sdb.no-execute.json:54744:      "name": "llvm-libc++-shared.cfg.in :: std/thread/futures/futures.async/thread_create_failure.pass.cpp",
progress/R68/raw/capability/baseline/armv7l/libcxx.sdb.no-execute.stdout:9124:PASS: llvm-libc++-shared.cfg.in :: std/thread/futures/futures.async/thread_create_failure.pass.cpp (9123 of 11321)
progress/R68/raw/capability/baseline/x86_64/libcxx.no-execute.json:54744:      "name": "llvm-libc++-shared.cfg.in :: std/thread/futures/futures.async/thread_create_failure.pass.cpp",
progress/R68/raw/capability/patched/armv7l/libcxx.sdb.no-execute.stdout:9124:PASS: llvm-libc++-shared.cfg.in :: std/thread/futures/futures.async/thread_create_failure.pass.cpp (9123 of 11321)
progress/R68/raw/capability/patched/armv7l/libcxx.sdb.no-execute.json:54744:      "name": "llvm-libc++-shared.cfg.in :: std/thread/futures/futures.async/thread_create_failure.pass.cpp",
progress/R68/raw/capability/patched/x86_64/libcxx.show-tests.stdout:9124:  llvm-libc++-shared.cfg.in :: std/thread/futures/futures.async/thread_create_failure.pass.cpp
progress/R68/raw/capability/baseline/x86_64/libcxx.show-tests.stdout:9124:  llvm-libc++-shared.cfg.in :: std/thread/futures/futures.async/thread_create_failure.pass.cpp
progress/R68/raw/capability/baseline/x86_64/libcxx.no-execute.stdout:9125:PASS: llvm-libc++-shared.cfg.in :: std/thread/futures/futures.async/thread_create_failure.pass.cpp (9124 of 11321)
progress/R68/raw/capability/patched/armv7l/libcxx.sdb.show-tests.stdout:9124:  llvm-libc++-shared.cfg.in :: std/thread/futures/futures.async/thread_create_failure.pass.cpp
progress/R68/raw/capability/patched/armv7l/libcxx.hostcross-noexecutor.show-tests.stdout:9124:  llvm-libc++-shared.cfg.in :: std/thread/futures/futures.async/thread_create_failure.pass.cpp
progress/R68/raw/full_run/results/patched_x86_64/libcxx/result.json:54744:      "name": "llvm-libc++-shared.cfg.in :: std/thread/futures/futures.async/thread_create_failure.pass.cpp",
progress/R68/raw/full_run/results/patched_x86_64/libcxx/result.json:54745:      "output": "Exit Code: 0\n\nCommand Output (stdout):\n--\n# COMPILED WITH\n/home/toolchain/development/libc++_replacement/progress/R33/tools/tizen-clang++ /home/toolchain/development/libc++_replacement/tmp/R69/replay/libcxx/test/std/thread/futures/futures.async/thread_create_failure.pass.cpp -pthread --target=x86_64-tizen-linux-gnu -nostdinc++ -I /home/toolchain/development/libc++_replacement/tmp/R68/build-patched-x86_64/libcxx/test-suite-install/include/c++/v1 -I /home/toolchain/development/libc++_replacement/tmp/R68/build-patched-x86_64/libcxx/test-suite-install/include/c++/v1 -I /home/toolchain/development/libc++_replacement/tmp/R69/replay/libcxx/test/support -std=c++26 -Werror -Wall -Wctad-maybe-unsupported -Wextra -Wshadow -Wundef -Wunused-template -Wno-unused-command-line-argument -Wno-attributes -Wno-pessimizing-move -Wno-noexcept-type -Wno-atomic-alignment -Wno-reserved-module-identifier -Wdeprecated-copy -Wdeprecated-copy-dtor -Wshift-negative-value -Wno-user-defined-literals -Wno-tautological-compare -Wsign-compare -Wunused-variable -Wunused-parameter -Wunreachable-code -Wno-unused-local-typedef -Wno-local-type-template-args -Wno-c++11-extensions -Wno-unknown-pragmas -Wno-pass-failed -Wno-mismatched-new-delete -Wno-redundant-move -Wno-self-move -Wno-nullability-completeness -flax-vector-conversions=none -D_LIBCPP_HAS_NO_PRAGMA_SYSTEM_HEADER -D_LIBCPP_ENABLE_EXPERIMENTAL -D_LIBCPP_HARDENING_MODE=_LIBCPP_HARDENING_MODE_NONE -Wuser-defined-warnings  -lc++experimental -nostdlib++ -L /home/toolchain/development/libc++_replacement/tmp/R68/build-patched-x86_64/libcxx/test-suite-install/lib -Wl,-rpath,/home/toolchain/development/libc++_replacement/tmp/R68/build-patched-x86_64/libcxx/test-suite-install/lib -lc++ -latomic -o /home/toolchain/development/libc++_replacement/tmp/R68/build-patched-x86_64/libcxx/test/std/thread/futures/futures.async/Output/thread_create_failure.pass.cpp.dir/t.tmp.exe\n# executed command: /home/toolchain/development/libc++_replacement/progress/R33/tools/tizen-clang++ /home/toolchain/development/libc++_replacement/tmp/R69/replay/libcxx/test/std/thread/futures/futures.async/thread_create_failure.pass.cpp -pthread --target=x86_64-tizen-linux-gnu -nostdinc++ -I /home/toolchain/development/libc++_replacement/tmp/R68/build-patched-x86_64/libcxx/test-suite-install/include/c++/v1 -I /home/toolchain/development/libc++_replacement/tmp/R68/build-patched-x86_64/libcxx/test-suite-install/include/c++/v1 -I /home/toolchain/development/libc++_replacement/tmp/R69/replay/libcxx/test/support -std=c++26 -Werror -Wall -Wctad-maybe-unsupported -Wextra -Wshadow -Wundef -Wunused-template -Wno-unused-command-line-argument -Wno-attributes -Wno-pessimizing-move -Wno-noexcept-type -Wno-atomic-alignment -Wno-reserved-module-identifier -Wdeprecated-copy -Wdeprecated-copy-dtor -Wshift-negative-value -Wno-user-defined-literals -Wno-tautological-compare -Wsign-compare -Wunused-variable -Wunused-parameter -Wunreachable-code -Wno-unused-local-typedef -Wno-local-type-template-args -Wno-c++11-extensions -Wno-unknown-pragmas -Wno-pass-failed -Wno-mismatched-new-delete -Wno-redundant-move -Wno-self-move -Wno-nullability-completeness -flax-vector-conversions=none -D_LIBCPP_HAS_NO_PRAGMA_SYSTEM_HEADER -D_LIBCPP_ENABLE_EXPERIMENTAL -D_LIBCPP_HARDENING_MODE=_LIBCPP_HARDENING_MODE_NONE -Wuser-defined-warnings -lc++experimental -nostdlib++ -L /home/toolchain/development/libc++_replacement/tmp/R68/build-patched-x86_64/libcxx/test-suite-install/lib -Wl,-rpath,/home/toolchain/development/libc++_replacement/tmp/R68/build-patched-x86_64/libcxx/test-suite-install/lib -lc++ -latomic -o /home/toolchain/development/libc++_replacement/tmp/R68/build-patched-x86_64/libcxx/test/std/thread/futures/futures.async/Output/thread_create_failure.pass.cpp.dir/t.tmp.exe\n# EXECUTED AS\n/home/toolchain/.pyenv/versions/3.10.12/bin/python3 /home/toolchain/development/libc++_replacement/tmp/R69/replay/libcxx/utils/run.py --execdir /home/toolchain/development/libc++_replacement/tmp/R68/build-patched-x86_64/libcxx/test/std/thread/futures/futures.async/Output/thread_create_failure.pass.cpp.dir --  /home/toolchain/development/libc++_replacement/tmp/R68/build-patched-x86_64/libcxx/test/std/thread/futures/futures.async/Output/thread_create_failure.pass.cpp.dir/t.tmp.exe\n# executed command: /home/toolchain/.pyenv/versions/3.10.12/bin/python3 /home/toolchain/development/libc++_replacement/tmp/R69/replay/libcxx/utils/run.py --execdir /home/toolchain/development/libc++_replacement/tmp/R68/build-patched-x86_64/libcxx/test/std/thread/futures/futures.async/Output/thread_create_failure.pass.cpp.dir -- /home/toolchain/development/libc++_replacement/tmp/R68/build-patched-x86_64/libcxx/test/std/thread/futures/futures.async/Output/thread_create_failure.pass.cpp.dir/t.tmp.exe\n\n--\n"
progress/R68/raw/full_run/results/baseline_x86_64/libcxx/lit.stdout:11672:PASS: llvm-libc++-shared.cfg.in :: std/thread/futures/futures.async/thread_create_failure.pass.cpp (9122 of 11321)
progress/R68/raw/full_run/results/baseline_x86_64/libcxx/result.json:54744:      "name": "llvm-libc++-shared.cfg.in :: std/thread/futures/futures.async/thread_create_failure.pass.cpp",
progress/R68/raw/full_run/results/baseline_x86_64/libcxx/result.json:54745:      "output": "Exit Code: 0\n\nCommand Output (stdout):\n--\n# COMPILED WITH\n/home/toolchain/development/libc++_replacement/progress/R33/tools/tizen-clang++ /home/toolchain/development/libc++_replacement/tmp/R68/source-baseline/libcxx/test/std/thread/futures/futures.async/thread_create_failure.pass.cpp -pthread --target=x86_64-tizen-linux-gnu -nostdinc++ -I /home/toolchain/development/libc++_replacement/tmp/R68/build-baseline-x86_64/libcxx/test-suite-install/include/c++/v1 -I /home/toolchain/development/libc++_replacement/tmp/R68/build-baseline-x86_64/libcxx/test-suite-install/include/c++/v1 -I /home/toolchain/development/libc++_replacement/tmp/R68/source-baseline/libcxx/test/support -std=c++26 -Werror -Wall -Wctad-maybe-unsupported -Wextra -Wshadow -Wundef -Wunused-template -Wno-unused-command-line-argument -Wno-attributes -Wno-pessimizing-move -Wno-noexcept-type -Wno-atomic-alignment -Wno-reserved-module-identifier -Wdeprecated-copy -Wdeprecated-copy-dtor -Wshift-negative-value -Wno-user-defined-literals -Wno-tautological-compare -Wsign-compare -Wunused-variable -Wunused-parameter -Wunreachable-code -Wno-unused-local-typedef -Wno-local-type-template-args -Wno-c++11-extensions -Wno-unknown-pragmas -Wno-pass-failed -Wno-mismatched-new-delete -Wno-redundant-move -Wno-self-move -Wno-nullability-completeness -flax-vector-conversions=none -D_LIBCPP_HAS_NO_PRAGMA_SYSTEM_HEADER -D_LIBCPP_ENABLE_EXPERIMENTAL -D_LIBCPP_HARDENING_MODE=_LIBCPP_HARDENING_MODE_NONE -Wuser-defined-warnings  -lc++experimental -nostdlib++ -L /home/toolchain/development/libc++_replacement/tmp/R68/build-baseline-x86_64/libcxx/test-suite-install/lib -Wl,-rpath,/home/toolchain/development/libc++_replacement/tmp/R68/build-baseline-x86_64/libcxx/test-suite-install/lib -lc++ -latomic -o /home/toolchain/development/libc++_replacement/tmp/R68/build-baseline-x86_64/libcxx/test/std/thread/futures/futures.async/Output/thread_create_failure.pass.cpp.dir/t.tmp.exe\n# executed command: /home/toolchain/development/libc++_replacement/progress/R33/tools/tizen-clang++ /home/toolchain/development/libc++_replacement/tmp/R68/source-baseline/libcxx/test/std/thread/futures/futures.async/thread_create_failure.pass.cpp -pthread --target=x86_64-tizen-linux-gnu -nostdinc++ -I /home/toolchain/development/libc++_replacement/tmp/R68/build-baseline-x86_64/libcxx/test-suite-install/include/c++/v1 -I /home/toolchain/development/libc++_replacement/tmp/R68/build-baseline-x86_64/libcxx/test-suite-install/include/c++/v1 -I /home/toolchain/development/libc++_replacement/tmp/R68/source-baseline/libcxx/test/support -std=c++26 -Werror -Wall -Wctad-maybe-unsupported -Wextra -Wshadow -Wundef -Wunused-template -Wno-unused-command-line-argument -Wno-attributes -Wno-pessimizing-move -Wno-noexcept-type -Wno-atomic-alignment -Wno-reserved-module-identifier -Wdeprecated-copy -Wdeprecated-copy-dtor -Wshift-negative-value -Wno-user-defined-literals -Wno-tautological-compare -Wsign-compare -Wunused-variable -Wunused-parameter -Wunreachable-code -Wno-unused-local-typedef -Wno-local-type-template-args -Wno-c++11-extensions -Wno-unknown-pragmas -Wno-pass-failed -Wno-mismatched-new-delete -Wno-redundant-move -Wno-self-move -Wno-nullability-completeness -flax-vector-conversions=none -D_LIBCPP_HAS_NO_PRAGMA_SYSTEM_HEADER -D_LIBCPP_ENABLE_EXPERIMENTAL -D_LIBCPP_HARDENING_MODE=_LIBCPP_HARDENING_MODE_NONE -Wuser-defined-warnings -lc++experimental -nostdlib++ -L /home/toolchain/development/libc++_replacement/tmp/R68/build-baseline-x86_64/libcxx/test-suite-install/lib -Wl,-rpath,/home/toolchain/development/libc++_replacement/tmp/R68/build-baseline-x86_64/libcxx/test-suite-install/lib -lc++ -latomic -o /home/toolchain/development/libc++_replacement/tmp/R68/build-baseline-x86_64/libcxx/test/std/thread/futures/futures.async/Output/thread_create_failure.pass.cpp.dir/t.tmp.exe\n# EXECUTED AS\n/home/toolchain/.pyenv/versions/3.10.12/bin/python3 /home/toolchain/development/libc++_replacement/tmp/R68/source-baseline/libcxx/utils/run.py --execdir /home/toolchain/development/libc++_replacement/tmp/R68/build-baseline-x86_64/libcxx/test/std/thread/futures/futures.async/Output/thread_create_failure.pass.cpp.dir --  /home/toolchain/development/libc++_replacement/tmp/R68/build-baseline-x86_64/libcxx/test/std/thread/futures/futures.async/Output/thread_create_failure.pass.cpp.dir/t.tmp.exe\n# executed command: /home/toolchain/.pyenv/versions/3.10.12/bin/python3 /home/toolchain/development/libc++_replacement/tmp/R68/source-baseline/libcxx/utils/run.py --execdir /home/toolchain/development/libc++_replacement/tmp/R68/build-baseline-x86_64/libcxx/test/std/thread/futures/futures.async/Output/thread_create_failure.pass.cpp.dir -- /home/toolchain/development/libc++_replacement/tmp/R68/build-baseline-x86_64/libcxx/test/std/thread/futures/futures.async/Output/thread_create_failure.pass.cpp.dir/t.tmp.exe\n\n--\n"
progress/R68/raw/full_run/results/patched_x86_64/libcxx/lit.stdout:11672:PASS: llvm-libc++-shared.cfg.in :: std/thread/futures/futures.async/thread_create_failure.pass.cpp (9122 of 11321)
progress/R77/raw/results/patched_armv7l/libcxx/batch-007/failure_records.json:5:    "name": "llvm-libc++-shared.cfg.in :: std/thread/futures/futures.async/thread_create_failure.pass.cpp",
progress/R77/raw/results/patched_armv7l/libcxx/batch-007/failure_records.json:6:    "output": "Exit Code: 134\n\nCommand Output (stdout):\n--\n# COMPILED WITH\n/home/toolchain/development/libc++_replacement/progress/R68/tools/armv7l_lit_host_clangxx.sh /home/toolchain/development/libc++_replacement/tmp/R69/replay/libcxx/test/std/thread/futures/futures.async/thread_create_failure.pass.cpp -pthread --target=armv7l-tizen-linux-gnueabi -nostdinc++ -I /home/toolchain/development/libc++_replacement/tmp/R68/build-patched-armv7l/libcxx/test-suite-install/include/c++/v1 -I /home/toolchain/development/libc++_replacement/tmp/R68/build-patched-armv7l/libcxx/test-suite-install/include/c++/v1 -I /home/toolchain/development/libc++_replacement/tmp/R69/replay/libcxx/test/support -std=c++26 -Werror -Wall -Wctad-maybe-unsupported -Wextra -Wshadow -Wundef -Wunused-template -Wno-unused-command-line-argument -Wno-attributes -Wno-pessimizing-move -Wno-noexcept-type -Wno-atomic-alignment -Wno-reserved-module-identifier -Wdeprecated-copy -Wdeprecated-copy-dtor -Wshift-negative-value -Wno-user-defined-literals -Wno-tautological-compare -Wsign-compare -Wunused-variable -Wunused-parameter -Wunreachable-code -Wno-unused-local-typedef -Wno-local-type-template-args -Wno-c++11-extensions -Wno-unknown-pragmas -Wno-pass-failed -Wno-mismatched-new-delete -Wno-redundant-move -Wno-self-move -Wno-nullability-completeness -flax-vector-conversions=none -D_LIBCPP_HAS_NO_PRAGMA_SYSTEM_HEADER -D_LIBCPP_ENABLE_EXPERIMENTAL -D_LIBCPP_HARDENING_MODE=_LIBCPP_HARDENING_MODE_NONE -Wuser-defined-warnings  -lc++experimental -nostdlib++ -L /home/toolchain/development/libc++_replacement/tmp/R68/build-patched-armv7l/libcxx/test-suite-install/lib -Wl,-rpath,/home/toolchain/development/libc++_replacement/tmp/R68/build-patched-armv7l/libcxx/test-suite-install/lib -lc++ -latomic -o /home/toolchain/development/libc++_replacement/tmp/R68/build-patched-armv7l/libcxx/test/std/thread/futures/futures.async/Output/thread_create_failure.pass.cpp.dir/t.tmp.exe\n# executed command: /home/toolchain/development/libc++_replacement/progress/R68/tools/armv7l_lit_host_clangxx.sh /home/toolchain/development/libc++_replacement/tmp/R69/replay/libcxx/test/std/thread/futures/futures.async/thread_create_failure.pass.cpp -pthread --target=armv7l-tizen-linux-gnueabi -nostdinc++ -I /home/toolchain/development/libc++_replacement/tmp/R68/build-patched-armv7l/libcxx/test-suite-install/include/c++/v1 -I /home/toolchain/development/libc++_replacement/tmp/R68/build-patched-armv7l/libcxx/test-suite-install/include/c++/v1 -I /home/toolchain/development/libc++_replacement/tmp/R69/replay/libcxx/test/support -std=c++26 -Werror -Wall -Wctad-maybe-unsupported -Wextra -Wshadow -Wundef -Wunused-template -Wno-unused-command-line-argument -Wno-attributes -Wno-pessimizing-move -Wno-noexcept-type -Wno-atomic-alignment -Wno-reserved-module-identifier -Wdeprecated-copy -Wdeprecated-copy-dtor -Wshift-negative-value -Wno-user-defined-literals -Wno-tautological-compare -Wsign-compare -Wunused-variable -Wunused-parameter -Wunreachable-code -Wno-unused-local-typedef -Wno-local-type-template-args -Wno-c++11-extensions -Wno-unknown-pragmas -Wno-pass-failed -Wno-mismatched-new-delete -Wno-redundant-move -Wno-self-move -Wno-nullability-completeness -flax-vector-conversions=none -D_LIBCPP_HAS_NO_PRAGMA_SYSTEM_HEADER -D_LIBCPP_ENABLE_EXPERIMENTAL -D_LIBCPP_HARDENING_MODE=_LIBCPP_HARDENING_MODE_NONE -Wuser-defined-warnings -lc++experimental -nostdlib++ -L /home/toolchain/development/libc++_replacement/tmp/R68/build-patched-armv7l/libcxx/test-suite-install/lib -Wl,-rpath,/home/toolchain/development/libc++_replacement/tmp/R68/build-patched-armv7l/libcxx/test-suite-install/lib -lc++ -latomic -o /home/toolchain/development/libc++_replacement/tmp/R68/build-patched-armv7l/libcxx/test/std/thread/futures/futures.async/Output/thread_create_failure.pass.cpp.dir/t.tmp.exe\n# .---command stderr------------\n# | /bin/bash: /home/toolchain/development/libc++_replacement/tmp/GBS-ROOT/R32-candidates-libcxx-x86_64-20260813-02/local/BUILD-ROOTS/scratch.x86_64.0/usr/lib64/libtinfo.so.6: no version information available (required by /bin/bash)\n# `-----------------------------\n# EXECUTED AS\n/home/toolchain/development/libc++_replacement/progress/R77/code/sdb_executor.py --execdir /home/toolchain/development/libc++_replacement/tmp/R68/build-patched-armv7l/libcxx/test/std/thread/futures/futures.async/Output/thread_create_failure.pass.cpp.dir --  /home/toolchain/development/libc++_replacement/tmp/R68/build-patched-armv7l/libcxx/test/std/thread/futures/futures.async/Output/thread_create_failure.pass.cpp.dir/t.tmp.exe\n# executed command: /home/toolchain/development/libc++_replacement/progress/R77/code/sdb_executor.py --execdir /home/toolchain/development/libc++_replacement/tmp/R68/build-patched-armv7l/libcxx/test/std/thread/futures/futures.async/Output/thread_create_failure.pass.cpp.dir -- /home/toolchain/development/libc++_replacement/tmp/R68/build-patched-armv7l/libcxx/test/std/thread/futures/futures.async/Output/thread_create_failure.pass.cpp.dir/t.tmp.exe\n# .---command stdout------------\n# | t.tmp.exe: /home/toolchain/development/libc++_replacement/tmp/R69/replay/libcxx/test/std/thread/futures/futures.async/thread_create_failure.pass.cpp:53: int main(int, char **): Assertion `false' failed.\n# | /bin/sh: line 2: 28195 Aborted                 (core dumped) setsid sh -c 'printf '\"'\"'%d\\n'\"'\"' \"$$\" > /opt/usr/home/owner/share/tmp/r77_lit_20260829/runs/run-afb922de47d74761-3213849/.test_pgid; exec /opt/usr/home/owner/share/tmp/r77_lit_20260829/runs/run-afb922de47d74761-3213849/t.tmp.exe < /opt/usr/home/owner/share/tmp/r77_lit_20260829/runs/run-afb922de47d74761-3213849/.stdin'\n# `-----------------------------\n# error: command failed with exit status: 134\n\n--\n"
progress/R77/raw/results/patched_armv7l/libcxx/batch-007/result.json:1470:      "name": "llvm-libc++-shared.cfg.in :: std/thread/futures/futures.async/thread_create_failure.pass.cpp",
progress/R77/raw/results/patched_armv7l/libcxx/batch-007/result.json:1471:      "output": "Exit Code: 134\n\nCommand Output (stdout):\n--\n# COMPILED WITH\n/home/toolchain/development/libc++_replacement/progress/R68/tools/armv7l_lit_host_clangxx.sh /home/toolchain/development/libc++_replacement/tmp/R69/replay/libcxx/test/std/thread/futures/futures.async/thread_create_failure.pass.cpp -pthread --target=armv7l-tizen-linux-gnueabi -nostdinc++ -I /home/toolchain/development/libc++_replacement/tmp/R68/build-patched-armv7l/libcxx/test-suite-install/include/c++/v1 -I /home/toolchain/development/libc++_replacement/tmp/R68/build-patched-armv7l/libcxx/test-suite-install/include/c++/v1 -I /home/toolchain/development/libc++_replacement/tmp/R69/replay/libcxx/test/support -std=c++26 -Werror -Wall -Wctad-maybe-unsupported -Wextra -Wshadow -Wundef -Wunused-template -Wno-unused-command-line-argument -Wno-attributes -Wno-pessimizing-move -Wno-noexcept-type -Wno-atomic-alignment -Wno-reserved-module-identifier -Wdeprecated-copy -Wdeprecated-copy-dtor -Wshift-negative-value -Wno-user-defined-literals -Wno-tautological-compare -Wsign-compare -Wunused-variable -Wunused-parameter -Wunreachable-code -Wno-unused-local-typedef -Wno-local-type-template-args -Wno-c++11-extensions -Wno-unknown-pragmas -Wno-pass-failed -Wno-mismatched-new-delete -Wno-redundant-move -Wno-self-move -Wno-nullability-completeness -flax-vector-conversions=none -D_LIBCPP_HAS_NO_PRAGMA_SYSTEM_HEADER -D_LIBCPP_ENABLE_EXPERIMENTAL -D_LIBCPP_HARDENING_MODE=_LIBCPP_HARDENING_MODE_NONE -Wuser-defined-warnings  -lc++experimental -nostdlib++ -L /home/toolchain/development/libc++_replacement/tmp/R68/build-patched-armv7l/libcxx/test-suite-install/lib -Wl,-rpath,/home/toolchain/development/libc++_replacement/tmp/R68/build-patched-armv7l/libcxx/test-suite-install/lib -lc++ -latomic -o /home/toolchain/development/libc++_replacement/tmp/R68/build-patched-armv7l/libcxx/test/std/thread/futures/futures.async/Output/thread_create_failure.pass.cpp.dir/t.tmp.exe\n# executed command: /home/toolchain/development/libc++_replacement/progress/R68/tools/armv7l_lit_host_clangxx.sh /home/toolchain/development/libc++_replacement/tmp/R69/replay/libcxx/test/std/thread/futures/futures.async/thread_create_failure.pass.cpp -pthread --target=armv7l-tizen-linux-gnueabi -nostdinc++ -I /home/toolchain/development/libc++_replacement/tmp/R68/build-patched-armv7l/libcxx/test-suite-install/include/c++/v1 -I /home/toolchain/development/libc++_replacement/tmp/R68/build-patched-armv7l/libcxx/test-suite-install/include/c++/v1 -I /home/toolchain/development/libc++_replacement/tmp/R69/replay/libcxx/test/support -std=c++26 -Werror -Wall -Wctad-maybe-unsupported -Wextra -Wshadow -Wundef -Wunused-template -Wno-unused-command-line-argument -Wno-attributes -Wno-pessimizing-move -Wno-noexcept-type -Wno-atomic-alignment -Wno-reserved-module-identifier -Wdeprecated-copy -Wdeprecated-copy-dtor -Wshift-negative-value -Wno-user-defined-literals -Wno-tautological-compare -Wsign-compare -Wunused-variable -Wunused-parameter -Wunreachable-code -Wno-unused-local-typedef -Wno-local-type-template-args -Wno-c++11-extensions -Wno-unknown-pragmas -Wno-pass-failed -Wno-mismatched-new-delete -Wno-redundant-move -Wno-self-move -Wno-nullability-completeness -flax-vector-conversions=none -D_LIBCPP_HAS_NO_PRAGMA_SYSTEM_HEADER -D_LIBCPP_ENABLE_EXPERIMENTAL -D_LIBCPP_HARDENING_MODE=_LIBCPP_HARDENING_MODE_NONE -Wuser-defined-warnings -lc++experimental -nostdlib++ -L /home/toolchain/development/libc++_replacement/tmp/R68/build-patched-armv7l/libcxx/test-suite-install/lib -Wl,-rpath,/home/toolchain/development/libc++_replacement/tmp/R68/build-patched-armv7l/libcxx/test-suite-install/lib -lc++ -latomic -o /home/toolchain/development/libc++_replacement/tmp/R68/build-patched-armv7l/libcxx/test/std/thread/futures/futures.async/Output/thread_create_failure.pass.cpp.dir/t.tmp.exe\n# .---command stderr------------\n# | /bin/bash: /home/toolchain/development/libc++_replacement/tmp/GBS-ROOT/R32-candidates-libcxx-x86_64-20260813-02/local/BUILD-ROOTS/scratch.x86_64.0/usr/lib64/libtinfo.so.6: no version information available (required by /bin/bash)\n# `-----------------------------\n# EXECUTED AS\n/home/toolchain/development/libc++_replacement/progress/R77/code/sdb_executor.py --execdir /home/toolchain/development/libc++_replacement/tmp/R68/build-patched-armv7l/libcxx/test/std/thread/futures/futures.async/Output/thread_create_failure.pass.cpp.dir --  /home/toolchain/development/libc++_replacement/tmp/R68/build-patched-armv7l/libcxx/test/std/thread/futures/futures.async/Output/thread_create_failure.pass.cpp.dir/t.tmp.exe\n# executed command: /home/toolchain/development/libc++_replacement/progress/R77/code/sdb_executor.py --execdir /home/toolchain/development/libc++_replacement/tmp/R68/build-patched-armv7l/libcxx/test/std/thread/futures/futures.async/Output/thread_create_failure.pass.cpp.dir -- /home/toolchain/development/libc++_replacement/tmp/R68/build-patched-armv7l/libcxx/test/std/thread/futures/futures.async/Output/thread_create_failure.pass.cpp.dir/t.tmp.exe\n# .---command stdout------------\n# | t.tmp.exe: /home/toolchain/development/libc++_replacement/tmp/R69/replay/libcxx/test/std/thread/futures/futures.async/thread_create_failure.pass.cpp:53: int main(int, char **): Assertion `false' failed.\n# | /bin/sh: line 2: 28195 Aborted                 (core dumped) setsid sh -c 'printf '\"'\"'%d\\n'\"'\"' \"$$\" > /opt/usr/home/owner/share/tmp/r77_lit_20260829/runs/run-afb922de47d74761-3213849/.test_pgid; exec /opt/usr/home/owner/share/tmp/r77_lit_20260829/runs/run-afb922de47d74761-3213849/t.tmp.exe < /opt/usr/home/owner/share/tmp/r77_lit_20260829/runs/run-afb922de47d74761-3213849/.stdin'\n# `-----------------------------\n# error: command failed with exit status: 134\n\n--\n"
progress/R77/raw/results/patched_armv7l/libcxx/batch-007/lit.stdout:244:FAIL: llvm-libc++-shared.cfg.in :: std/thread/futures/futures.async/thread_create_failure.pass.cpp (243 of 500)
progress/R77/raw/results/patched_armv7l/libcxx/batch-007/lit.stdout:245:******************** TEST 'llvm-libc++-shared.cfg.in :: std/thread/futures/futures.async/thread_create_failure.pass.cpp' FAILED ********************
progress/R77/raw/results/patched_armv7l/libcxx/batch-007/lit.stdout:251:/home/toolchain/development/libc++_replacement/progress/R68/tools/armv7l_lit_host_clangxx.sh /home/toolchain/development/libc++_replacement/tmp/R69/replay/libcxx/test/std/thread/futures/futures.async/thread_create_failure.pass.cpp -pthread --target=armv7l-tizen-linux-gnueabi -nostdinc++ -I /home/toolchain/development/libc++_replacement/tmp/R68/build-patched-armv7l/libcxx/test-suite-install/include/c++/v1 -I /home/toolchain/development/libc++_replacement/tmp/R68/build-patched-armv7l/libcxx/test-suite-install/include/c++/v1 -I /home/toolchain/development/libc++_replacement/tmp/R69/replay/libcxx/test/support -std=c++26 -Werror -Wall -Wctad-maybe-unsupported -Wextra -Wshadow -Wundef -Wunused-template -Wno-unused-command-line-argument -Wno-attributes -Wno-pessimizing-move -Wno-noexcept-type -Wno-atomic-alignment -Wno-reserved-module-identifier -Wdeprecated-copy -Wdeprecated-copy-dtor -Wshift-negative-value -Wno-user-defined-literals -Wno-tautological-compare -Wsign-compare -Wunused-variable -Wunused-parameter -Wunreachable-code -Wno-unused-local-typedef -Wno-local-type-template-args -Wno-c++11-extensions -Wno-unknown-pragmas -Wno-pass-failed -Wno-mismatched-new-delete -Wno-redundant-move -Wno-self-move -Wno-nullability-completeness -flax-vector-conversions=none -D_LIBCPP_HAS_NO_PRAGMA_SYSTEM_HEADER -D_LIBCPP_ENABLE_EXPERIMENTAL -D_LIBCPP_HARDENING_MODE=_LIBCPP_HARDENING_MODE_NONE -Wuser-defined-warnings  -lc++experimental -nostdlib++ -L /home/toolchain/development/libc++_replacement/tmp/R68/build-patched-armv7l/libcxx/test-suite-install/lib -Wl,-rpath,/home/toolchain/development/libc++_replacement/tmp/R68/build-patched-armv7l/libcxx/test-suite-install/lib -lc++ -latomic -o /home/toolchain/development/libc++_replacement/tmp/R68/build-patched-armv7l/libcxx/test/std/thread/futures/futures.async/Output/thread_create_failure.pass.cpp.dir/t.tmp.exe
progress/R77/raw/results/patched_armv7l/libcxx/batch-007/lit.stdout:252:# executed command: /home/toolchain/development/libc++_replacement/progress/R68/tools/armv7l_lit_host_clangxx.sh /home/toolchain/development/libc++_replacement/tmp/R69/replay/libcxx/test/std/thread/futures/futures.async/thread_create_failure.pass.cpp -pthread --target=armv7l-tizen-linux-gnueabi -nostdinc++ -I /home/toolchain/development/libc++_replacement/tmp/R68/build-patched-armv7l/libcxx/test-suite-install/include/c++/v1 -I /home/toolchain/development/libc++_replacement/tmp/R68/build-patched-armv7l/libcxx/test-suite-install/include/c++/v1 -I /home/toolchain/development/libc++_replacement/tmp/R69/replay/libcxx/test/support -std=c++26 -Werror -Wall -Wctad-maybe-unsupported -Wextra -Wshadow -Wundef -Wunused-template -Wno-unused-command-line-argument -Wno-attributes -Wno-pessimizing-move -Wno-noexcept-type -Wno-atomic-alignment -Wno-reserved-module-identifier -Wdeprecated-copy -Wdeprecated-copy-dtor -Wshift-negative-value -Wno-user-defined-literals -Wno-tautological-compare -Wsign-compare -Wunused-variable -Wunused-parameter -Wunreachable-code -Wno-unused-local-typedef -Wno-local-type-template-args -Wno-c++11-extensions -Wno-unknown-pragmas -Wno-pass-failed -Wno-mismatched-new-delete -Wno-redundant-move -Wno-self-move -Wno-nullability-completeness -flax-vector-conversions=none -D_LIBCPP_HAS_NO_PRAGMA_SYSTEM_HEADER -D_LIBCPP_ENABLE_EXPERIMENTAL -D_LIBCPP_HARDENING_MODE=_LIBCPP_HARDENING_MODE_NONE -Wuser-defined-warnings -lc++experimental -nostdlib++ -L /home/toolchain/development/libc++_replacement/tmp/R68/build-patched-armv7l/libcxx/test-suite-install/lib -Wl,-rpath,/home/toolchain/development/libc++_replacement/tmp/R68/build-patched-armv7l/libcxx/test-suite-install/lib -lc++ -latomic -o /home/toolchain/development/libc++_replacement/tmp/R68/build-patched-armv7l/libcxx/test/std/thread/futures/futures.async/Output/thread_create_failure.pass.cpp.dir/t.tmp.exe
progress/R77/raw/results/patched_armv7l/libcxx/batch-007/lit.stdout:260:# | t.tmp.exe: /home/toolchain/development/libc++_replacement/tmp/R69/replay/libcxx/test/std/thread/futures/futures.async/thread_create_failure.pass.cpp:53: int main(int, char **): Assertion `false' failed.
progress/R77/raw/results/patched_armv7l/libcxx/batch-007/lit.stdout:541:3.01s: llvm-libc++-shared.cfg.in :: std/thread/futures/futures.async/thread_create_failure.pass.cpp
progress/R77/raw/results/patched_armv7l/libcxx/batch-007/lit.stdout:572:  llvm-libc++-shared.cfg.in :: std/thread/futures/futures.async/thread_create_failure.pass.cpp
progress/R77/raw/results/patched_armv7l/libcxx/aggregate_result.json:54736:      "name": "std/thread/futures/futures.async/thread_create_failure.pass.cpp",
progress/R77/raw/results/patched_armv7l/libcxx/aggregate_result.json:54738:      "output": "Exit Code: 134\n\nCommand Output (stdout):\n--\n# COMPILED WITH\n/home/toolchain/development/libc++_replacement/progress/R68/tools/armv7l_lit_host_clangxx.sh /home/toolchain/development/libc++_replacement/tmp/R69/replay/libcxx/test/std/thread/futures/futures.async/thread_create_failure.pass.cpp -pthread --target=armv7l-tizen-linux-gnueabi -nostdinc++ -I /home/toolchain/development/libc++_replacement/tmp/R68/build-patched-armv7l/libcxx/test-suite-install/include/c++/v1 -I /home/toolchain/development/libc++_replacement/tmp/R68/build-patched-armv7l/libcxx/test-suite-install/include/c++/v1 -I /home/toolchain/development/libc++_replacement/tmp/R69/replay/libcxx/test/support -std=c++26 -Werror -Wall -Wctad-maybe-unsupported -Wextra -Wshadow -Wundef -Wunused-template -Wno-unused-command-line-argument -Wno-attributes -Wno-pessimizing-move -Wno-noexcept-type -Wno-atomic-alignment -Wno-reserved-module-identifier -Wdeprecated-copy -Wdeprecated-copy-dtor -Wshift-negative-value -Wno-user-defined-literals -Wno-tautological-compare -Wsign-compare -Wunused-variable -Wunused-parameter -Wunreachable-code -Wno-unused-local-typedef -Wno-local-type-template-args -Wno-c++11-extensions -Wno-unknown-pragmas -Wno-pass-failed -Wno-mismatched-new-delete -Wno-redundant-move -Wno-self-move -Wno-nullability-completeness -flax-vector-conversions=none -D_LIBCPP_HAS_NO_PRAGMA_SYSTEM_HEADER -D_LIBCPP_ENABLE_EXPERIMENTAL -D_LIBCPP_HARDENING_MODE=_LIBCPP_HARDENING_MODE_NONE -Wuser-defined-warnings  -lc++experimental -nostdlib++ -L /home/toolchain/development/libc++_replacement/tmp/R68/build-patched-armv7l/libcxx/test-suite-install/lib -Wl,-rpath,/home/toolchain/development/libc++_replacement/tmp/R68/build-patched-armv7l/libcxx/test-suite-install/lib -lc++ -latomic -o /home/toolchain/development/libc++_replacement/tmp/R68/build-patched-armv7l/libcxx/test/std/thread/futures/futures.async/Output/thread_create_failure.pass.cpp.dir/t.tmp.exe\n# executed command: /home/toolchain/development/libc++_replacement/progress/R68/tools/armv7l_lit_host_clangxx.sh /home/toolchain/development/libc++_replacement/tmp/R69/replay/libcxx/test/std/thread/futures/futures.async/thread_create_failure.pass.cpp -pthread --target=armv7l-tizen-linux-gnueabi -nostdinc++ -I /home/toolchain/development/libc++_replacement/tmp/R68/build-patched-armv7l/libcxx/test-suite-install/include/c++/v1 -I /home/toolchain/development/libc++_replacement/tmp/R68/build-patched-armv7l/libcxx/test-suite-install/include/c++/v1 -I /home/toolchain/development/libc++_replacement/tmp/R69/replay/libcxx/test/support -std=c++26 -Werror -Wall -Wctad-maybe-unsupported -Wextra -Wshadow -Wundef -Wunused-template -Wno-unused-command-line-argument -Wno-attributes -Wno-pessimizing-move -Wno-noexcept-type -Wno-atomic-alignment -Wno-reserved-module-identifier -Wdeprecated-copy -Wdeprecated-copy-dtor -Wshift-negative-value -Wno-user-defined-literals -Wno-tautological-compare -Wsign-compare -Wunused-variable -Wunused-parameter -Wunreachable-code -Wno-unused-local-typedef -Wno-local-type-template-args -Wno-c++11-extensions -Wno-unknown-pragmas -Wno-pass-failed -Wno-mismatched-new-delete -Wno-redundant-move -Wno-self-move -Wno-nullability-completeness -flax-vector-conversions=none -D_LIBCPP_HAS_NO_PRAGMA_SYSTEM_HEADER -D_LIBCPP_ENABLE_EXPERIMENTAL -D_LIBCPP_HARDENING_MODE=_LIBCPP_HARDENING_MODE_NONE -Wuser-defined-warnings -lc++experimental -nostdlib++ -L /home/toolchain/development/libc++_replacement/tmp/R68/build-patched-armv7l/libcxx/test-suite-install/lib -Wl,-rpath,/home/toolchain/development/libc++_replacement/tmp/R68/build-patched-armv7l/libcxx/test-suite-install/lib -lc++ -latomic -o /home/toolchain/development/libc++_replacement/tmp/R68/build-patched-armv7l/libcxx/test/std/thread/futures/futures.async/Output/thread_create_failure.pass.cpp.dir/t.tmp.exe\n# .---command stderr------------\n# | /bin/bash: /home/toolchain/development/libc++_replacement/tmp/GBS-ROOT/R32-candidates-libcxx-x86_64-20260813-02/local/BUILD-ROOTS/scratch.x86_64.0/usr/lib64/libtinfo.so.6: no version information available (required by /bin/bash)\n# `-----------------------------\n# EXECUTED AS\n/home/toolchain/development/libc++_replacement/progress/R77/code/sdb_executor.py --execdir /home/toolchain/development/libc++_replacement/tmp/R68/build-patched-armv7l/libcxx/test/std/thread/futures/futures.async/Output/thread_create_failure.pass.cpp.dir --  /home/toolchain/development/libc++_replacement/tmp/R68/build-patched-armv7l/libcxx/test/std/thread/futures/futures.async/Output/thread_create_failure.pass.cpp.dir/t.tmp.exe\n# executed command: /home/toolchain/development/libc++_replacement/progress/R77/code/sdb_executor.py --execdir /home/toolchain/development/libc++_replacement/tmp/R68/build-patched-armv7l/libcxx/test/std/thread/futures/futures.async/Output/thread_create_failure.pass.cpp.dir -- /home/toolchain/development/libc++_replacement/tmp/R68/build-patched-armv7l/libcxx/test/std/thread/futures/futures.async/Output/thread_create_failure.pass.cpp.dir/t.tmp.exe\n# .---command stdout------------\n# | t.tmp.exe: /home/toolchain/development/libc++_replacement/tmp/R69/replay/libcxx/test/std/thread/futures/futures.async/thread_create_failure.pass.cpp:53: int main(int, char **): Assertion `false' failed.\n# | /bin/sh: line 2: 28195 Aborted                 (core dumped) setsid sh -c 'printf '\"'\"'%d\\n'\"'\"' \"$$\" > /opt/usr/home/owner/share/tmp/r77_lit_20260829/runs/run-afb922de47d74761-3213849/.test_pgid; exec /opt/usr/home/owner/share/tmp/r77_lit_20260829/runs/run-afb922de47d74761-3213849/t.tmp.exe < /opt/usr/home/owner/share/tmp/r77_lit_20260829/runs/run-afb922de47d74761-3213849/.stdin'\n# `-----------------------------\n# error: command failed with exit status: 134\n\n--\n",
progress/R77/raw/results/patched_armv7l/libcxx/failure_records.json:831:    "name": "std/thread/futures/futures.async/thread_create_failure.pass.cpp",
progress/R77/raw/results/patched_armv7l/libcxx/failure_records.json:833:    "output": "Exit Code: 134\n\nCommand Output (stdout):\n--\n# COMPILED WITH\n/home/toolchain/development/libc++_replacement/progress/R68/tools/armv7l_lit_host_clangxx.sh /home/toolchain/development/libc++_replacement/tmp/R69/replay/libcxx/test/std/thread/futures/futures.async/thread_create_failure.pass.cpp -pthread --target=armv7l-tizen-linux-gnueabi -nostdinc++ -I /home/toolchain/development/libc++_replacement/tmp/R68/build-patched-armv7l/libcxx/test-suite-install/include/c++/v1 -I /home/toolchain/development/libc++_replacement/tmp/R68/build-patched-armv7l/libcxx/test-suite-install/include/c++/v1 -I /home/toolchain/development/libc++_replacement/tmp/R69/replay/libcxx/test/support -std=c++26 -Werror -Wall -Wctad-maybe-unsupported -Wextra -Wshadow -Wundef -Wunused-template -Wno-unused-command-line-argument -Wno-attributes -Wno-pessimizing-move -Wno-noexcept-type -Wno-atomic-alignment -Wno-reserved-module-identifier -Wdeprecated-copy -Wdeprecated-copy-dtor -Wshift-negative-value -Wno-user-defined-literals -Wno-tautological-compare -Wsign-compare -Wunused-variable -Wunused-parameter -Wunreachable-code -Wno-unused-local-typedef -Wno-local-type-template-args -Wno-c++11-extensions -Wno-unknown-pragmas -Wno-pass-failed -Wno-mismatched-new-delete -Wno-redundant-move -Wno-self-move -Wno-nullability-completeness -flax-vector-conversions=none -D_LIBCPP_HAS_NO_PRAGMA_SYSTEM_HEADER -D_LIBCPP_ENABLE_EXPERIMENTAL -D_LIBCPP_HARDENING_MODE=_LIBCPP_HARDENING_MODE_NONE -Wuser-defined-warnings  -lc++experimental -nostdlib++ -L /home/toolchain/development/libc++_replacement/tmp/R68/build-patched-armv7l/libcxx/test-suite-install/lib -Wl,-rpath,/home/toolchain/development/libc++_replacement/tmp/R68/build-patched-armv7l/libcxx/test-suite-install/lib -lc++ -latomic -o /home/toolchain/development/libc++_replacement/tmp/R68/build-patched-armv7l/libcxx/test/std/thread/futures/futures.async/Output/thread_create_failure.pass.cpp.dir/t.tmp.exe\n# executed command: /home/toolchain/development/libc++_replacement/progress/R68/tools/armv7l_lit_host_clangxx.sh /home/toolchain/development/libc++_replacement/tmp/R69/replay/libcxx/test/std/thread/futures/futures.async/thread_create_failure.pass.cpp -pthread --target=armv7l-tizen-linux-gnueabi -nostdinc++ -I /home/toolchain/development/libc++_replacement/tmp/R68/build-patched-armv7l/libcxx/test-suite-install/include/c++/v1 -I /home/toolchain/development/libc++_replacement/tmp/R68/build-patched-armv7l/libcxx/test-suite-install/include/c++/v1 -I /home/toolchain/development/libc++_replacement/tmp/R69/replay/libcxx/test/support -std=c++26 -Werror -Wall -Wctad-maybe-unsupported -Wextra -Wshadow -Wundef -Wunused-template -Wno-unused-command-line-argument -Wno-attributes -Wno-pessimizing-move -Wno-noexcept-type -Wno-atomic-alignment -Wno-reserved-module-identifier -Wdeprecated-copy -Wdeprecated-copy-dtor -Wshift-negative-value -Wno-user-defined-literals -Wno-tautological-compare -Wsign-compare -Wunused-variable -Wunused-parameter -Wunreachable-code -Wno-unused-local-typedef -Wno-local-type-template-args -Wno-c++11-extensions -Wno-unknown-pragmas -Wno-pass-failed -Wno-mismatched-new-delete -Wno-redundant-move -Wno-self-move -Wno-nullability-completeness -flax-vector-conversions=none -D_LIBCPP_HAS_NO_PRAGMA_SYSTEM_HEADER -D_LIBCPP_ENABLE_EXPERIMENTAL -D_LIBCPP_HARDENING_MODE=_LIBCPP_HARDENING_MODE_NONE -Wuser-defined-warnings -lc++experimental -nostdlib++ -L /home/toolchain/development/libc++_replacement/tmp/R68/build-patched-armv7l/libcxx/test-suite-install/lib -Wl,-rpath,/home/toolchain/development/libc++_replacement/tmp/R68/build-patched-armv7l/libcxx/test-suite-install/lib -lc++ -latomic -o /home/toolchain/development/libc++_replacement/tmp/R68/build-patched-armv7l/libcxx/test/std/thread/futures/futures.async/Output/thread_create_failure.pass.cpp.dir/t.tmp.exe\n# .---command stderr------------\n# | /bin/bash: /home/toolchain/development/libc++_replacement/tmp/GBS-ROOT/R32-candidates-libcxx-x86_64-20260813-02/local/BUILD-ROOTS/scratch.x86_64.0/usr/lib64/libtinfo.so.6: no version information available (required by /bin/bash)\n# `-----------------------------\n# EXECUTED AS\n/home/toolchain/development/libc++_replacement/progress/R77/code/sdb_executor.py --execdir /home/toolchain/development/libc++_replacement/tmp/R68/build-patched-armv7l/libcxx/test/std/thread/futures/futures.async/Output/thread_create_failure.pass.cpp.dir --  /home/toolchain/development/libc++_replacement/tmp/R68/build-patched-armv7l/libcxx/test/std/thread/futures/futures.async/Output/thread_create_failure.pass.cpp.dir/t.tmp.exe\n# executed command: /home/toolchain/development/libc++_replacement/progress/R77/code/sdb_executor.py --execdir /home/toolchain/development/libc++_replacement/tmp/R68/build-patched-armv7l/libcxx/test/std/thread/futures/futures.async/Output/thread_create_failure.pass.cpp.dir -- /home/toolchain/development/libc++_replacement/tmp/R68/build-patched-armv7l/libcxx/test/std/thread/futures/futures.async/Output/thread_create_failure.pass.cpp.dir/t.tmp.exe\n# .---command stdout------------\n# | t.tmp.exe: /home/toolchain/development/libc++_replacement/tmp/R69/replay/libcxx/test/std/thread/futures/futures.async/thread_create_failure.pass.cpp:53: int main(int, char **): Assertion `false' failed.\n# | /bin/sh: line 2: 28195 Aborted                 (core dumped) setsid sh -c 'printf '\"'\"'%d\\n'\"'\"' \"$$\" > /opt/usr/home/owner/share/tmp/r77_lit_20260829/runs/run-afb922de47d74761-3213849/.test_pgid; exec /opt/usr/home/owner/share/tmp/r77_lit_20260829/runs/run-afb922de47d74761-3213849/t.tmp.exe < /opt/usr/home/owner/share/tmp/r77_lit_20260829/runs/run-afb922de47d74761-3213849/.stdin'\n# `-----------------------------\n# error: command failed with exit status: 134\n\n--\n",
