glibc-devel
Include Files and Libraries Mandatory for Development
Base/Libraries
8
/usr/include/a.out.h	33188	e17b09a2a22c09c1a9a0f06f6906e04dc893ae1577834cabef562ca781940c89	
/usr/include/aio.h	33188	6c2f8f0b9c1d22e1dd20880108f9fba4c45bb071c1677307a3057b0735872829	
/usr/include/aliases.h	33188	0a5d50e33d0ad4a38a371f1d974e9f74a0e4f0507f9633aaee9fbb13e3bfc66f	
/usr/include/alloca.h	33188	2430efb7a25b526aedff1f1e3b78c88a1aef5a3d73b2bdb9e92bda45930348ea	
/usr/include/ar.h	33188	275d6af9fc7702ac78a41438daab291cc39f1560856cec65e2ba9e3e0ac21472	
/usr/include/argp.h	33188	200999ab65a813f7649710e2ed99fb3cca70b4f29455ce9a665cb8da6c2c226e	
/usr/include/argz.h	33188	644a60703fafda06b2a2fea4eff2920e025e64bde7c8df77298e7d7ae96920ac	
/usr/include/arpa	16877		
/usr/include/arpa/ftp.h	33188	e2b96194209f5c7c8daae16bc71f713bff36ba76759e676c711cd3cac664424e	
/usr/include/arpa/inet.h	33188	04f7688e9c67129c9324da3315d8b5eb161700a30795340c1582be07d95db133	
/usr/include/arpa/nameser.h	33188	21eaa3dc8ee2c3a17e6d5d05c809209bea9c13d99ab824efda2c208820e7258c	
/usr/include/arpa/nameser_compat.h	33188	0f9c0a6147e1cfb37345fc2693b03d29aa54cd88ad15157ce60a3da854cea867	
/usr/include/arpa/telnet.h	33188	cc79c73a94f4fcbabc71cda74c0fe8e159f6b2a5d1319378511e9036fde9eee0	
/usr/include/arpa/tftp.h	33188	61609794cfb342b22948ac530c65f3ac6057184e8b7f567bb4f3355b457c1e31	
/usr/include/assert.h	33188	06a9780458f147ec72f5f1cc32cd6c1d08057795a4f04d04f47b12fb23d4cebd	
/usr/include/bits	16877		
/usr/include/bits/a.out.h	33188	d1ef0f0652acf4d5a1f97128306368043be7672fb384911f0fce7ae5e94a4411	
/usr/include/bits/argp-ldbl.h	33188	f915800150ff5a4b9ecbfc8f6491163e39c91579f0b1243bb17eff5f786f18a4	
/usr/include/bits/atomic_wide_counter.h	33188	ed3a79c28629d75907ef498b30f8db2b6a433d7a49be3a752bad01007599b976	
/usr/include/bits/byteswap.h	33188	3c1abaa571e19f9b3148b46d0fe2a764a3254d9163a398d71006d6b839e5ab84	
/usr/include/bits/cmathcalls.h	33188	14d89b8484d3298cb29a5479a89f9ec562679c28c4f3163e741d4df188325e2f	
/usr/include/bits/confname.h	33188	873794f4472ddcc7b95e69ac923897decc10bb731223c4fadb7bab0d86cf8804	
/usr/include/bits/cpu-set.h	33188	99270c57646f3410998ca958496e64c40648be3f429134d00ed8a2f3e7bbeadb	
/usr/include/bits/dirent.h	33188	5006e9786361ec0a987caaa9a0a6cd6ced26e13b1fb0014cc6cafd0ec50e2352	
/usr/include/bits/dirent_ext.h	33188	781d8897a65ad6d92b9308d224080a9b3d5e359210cc5d9b7048fed57f13262b	
/usr/include/bits/dl_find_object.h	33188	500e9c92b5042858523da1a059cccc987dbdaf40dd34560e5ebe5c76c48cb4e4	
/usr/include/bits/dlfcn.h	33188	8544ab951f3c5e853fc73d5ad6248393195b68ab62f93a3a190d912cd0fa242a	
/usr/include/bits/elfclass.h	33188	4de87067abd0016835a83633b715abc06c1beb7c10199626592077ffb6c27746	
/usr/include/bits/endian.h	33188	0add7af26d2f4529d28506f0af6506ef687e507e4eddc946171d3e6805e9b9fe	
/usr/include/bits/endianness.h	33188	2c78efa95341b590d1b229ee2ac3a372c0bbbbc99c1af1387f6bc43e12b90b94	
/usr/include/bits/environments.h	33188	b6ef9733d14f939063555e21a5fa97e6eb16a3e2e4c361ffdd0a8edeecafd54e	
/usr/include/bits/epoll.h	33188	17f9629ae9da4dccaacfc9e897abde7d13614928a456ef218845831a213e2771	
/usr/include/bits/err-ldbl.h	33188	b4de28070778c1c08714584a6ac4f9badd4f0ca90095e6177dc5cefb670f89a3	
/usr/include/bits/errno.h	33188	5484af7e4dec9029686f27eb08f5f33208a3e03e66574aee9ab9d377599783db	
/usr/include/bits/error-ldbl.h	33188	4618b6722292d547cf8c2f5bbcc6d82bfbd102c1bcf90b893efe23193a3946c3	
/usr/include/bits/error.h	33188	ece98b0bb2039ea24b65c58ca163db72c47b081cf99499edfd659e3ffa9cf6c6	
/usr/include/bits/eventfd.h	33188	c64a4abcaf64c430db74f577fd1d20c719e529017e8bbee8e9a5ac045172c308	
/usr/include/bits/fcntl-linux.h	33188	8d50bc7737bcc76f42b1f406244acb287bcf0463d180b6b0566d27d1f23b3e98	
/usr/include/bits/fcntl.h	33188	467dd09a36275b988a91a3d5b76655a662017356b8bb4c651ce99e9216ba0df3	
/usr/include/bits/fcntl2.h	33188	8fc490f547e0b4d478331c18c032d82f895c140a787baa9472f5ca40e36a3502	
/usr/include/bits/fenv.h	33188	546f2d4b6974d5452f502be9c0317d6b5772ad5de46aaf59e2f4dde64f5af57d	
/usr/include/bits/floatn-common.h	33188	b31050f2b142f1b5bedfa97158b1baa06575dd0d12dde4531b3815b57069e3da	
/usr/include/bits/floatn.h	33188	e66a930f67def9218c38d0940d99196d3b0b6d74c08a1ff67f9c4564315d5f06	
/usr/include/bits/flt-eval-method.h	33188	49d2233b237485d321a096d7757544ddac7e791172c0fe88612d6673c967bac1	
/usr/include/bits/fp-fast.h	33188	ff3ab4b255bb9add45cf93049fa4fa52f2697fa936d7e0317f929453c990948b	
/usr/include/bits/fp-logb.h	33188	ea953c12913444b93f1b4bd5fd5bb9e80efaddf375164a22e6dbbb9c6ff286b2	
/usr/include/bits/getopt_core.h	33188	16640bdef5ecba29e7a79f21878a24dea4455e996a0bfd0c211b0adea60a6c92	
/usr/include/bits/getopt_ext.h	33188	27d1072cee1630789735f690a243091c0beab597bd84933b1b312cedc8cf9cf4	
/usr/include/bits/getopt_posix.h	33188	a2ad1205e94a340a1ae72e939b2f3d4d1ff5de75d9bebe5cf17e546ed6d91256	
/usr/include/bits/hwcap.h	33188	13774dfcebb9e3d281206e8ddfec3f1aa0b4924343f702b50bd6e8eaa39ea12e	
/usr/include/bits/in.h	33188	d578529989cc10e4166906a9f195594be6eaff2971f9ea2e8347ef6850c86e05	
/usr/include/bits/indirect-return.h	33188	771f2c6fcb338bae03f5a4ec358e80cce380c3a7ee3f8cc26280c011ef5f3ede	
/usr/include/bits/initspin.h	33188	1ed49efcf7b4b2f2c26f2946ed5c664029d38d56b7b78924920efaf164e27b7a	
/usr/include/bits/inotify.h	33188	fb5d2be0f44356c71fcd8d73f9a44b9a0af9377eba3057575ac04ca54b52f419	
/usr/include/bits/ioctl-types.h	33188	c0b4d799c5208a085d87604c48c10345489cf96ccd78106860a1d8f311abdadb	
/usr/include/bits/ioctls.h	33188	31a4d9377c9eb537bb713c537985f00af0b5c3ed4b6dff8322b84cc35ef7afbc	
/usr/include/bits/ipc-perm.h	33188	06b99d9a3c79aa85190a532a9db4866af316ec412400948221d7fa332b1d2ab2	
/usr/include/bits/ipc.h	33188	039f04e9ee4555708ce8e80e58e90330fad9c5e79c5dd3f8de10b1b47ed942dd	
/usr/include/bits/ipctypes.h	33188	deff6bd30b228bc3fb635055575e2dff8dec8de0b6aaffab4deffbf7c1c58147	
/usr/include/bits/iscanonical.h	33188	a44e14da3b4e0abd840c87d270a0e4b5c551b88287c36e88f74e4831ddc019e9	
/usr/include/bits/libc-header-start.h	33188	df911889cfa387f0f1362b6db787b8487a98d5c787d5bd0c8d83787ca5ab2cef	
/usr/include/bits/libm-simd-decl-stubs.h	33188	b00b3abd4ea49834f00c91f6f81b645a0b306a13f20ca0f8f4f2c7cc54809c61	
/usr/include/bits/link.h	33188	85e3494d6beccb6aaa94f7c5607f388331d8df7288b3a584c0a1318fa7ebdded	
/usr/include/bits/link_lavcurrent.h	33188	5d93aa2aea615cf87ebe47b8703f80a0ebd2bf62bfee4136dbec6a8c391396e9	
/usr/include/bits/local_lim.h	33188	9dbebbc341950944353717d158b08c28e1be355e59301854a92e46cfb097367f	
/usr/include/bits/locale.h	33188	753e715e1df1b965f2137a89959779011b943153f1a6d4a88501f1b30d317e93	
/usr/include/bits/long-double.h	33188	b1866ecbc3dcbaf4341e42c219ee128d90cd364a5a04ad1417d40e351842035c	
/usr/include/bits/math-vector.h	33188	7a54afb59cb7f7e3145972251701574f0aee3ee29661716fd479823e454713cf	
/usr/include/bits/mathcalls-helper-functions.h	33188	929a6ea9df8f8201c7a4bad2e1860fe7d839c84e4d72b91d49c29eb7af840f4f	
/usr/include/bits/mathcalls-narrow.h	33188	f82bd580c084609fa3dbc8d87a4127661fd49a582f57c95225110a6051270fa1	
/usr/include/bits/mathcalls.h	33188	71c90201de4cdeda1172abc0e453a1fd0e5cee03d598c7c2d9c7124a3d03f87a	
/usr/include/bits/mathdef.h	33188	26220b3392a9b2a407b77290d5912b05cac26be7ed949fac87075cb7ce80dc0d	
/usr/include/bits/mman-linux.h	33188	0a326824b38030a5250f711a3f1f27b6ad3d7733fa5739b1db6ff979d900a436	
/usr/include/bits/mman-map-flags-generic.h	33188	5f89076a5312f6ee10b8bcf6c0bf55c12627e8f92f330435889d4353f4079e18	
/usr/include/bits/mman-shared.h	33188	4c1f3bb4536b96b3418b220fe4e30b651dc0c429e078a6003c4b241841fbff25	
/usr/include/bits/mman.h	33188	a89e0e7d1d747a318bb94fa1f68734ac2973c547c3fa35db191d1914376ec037	
/usr/include/bits/mman_ext.h	33188	0475023a4b9f140ba0673a9c5e5ee473204e62d4ba7313eb1d34a229c5f6e2be	
/usr/include/bits/monetary-ldbl.h	33188	0099b6551d06dfd607ceaf1535fb1e579f40079c43539544b09e641c07f5703d	
/usr/include/bits/mqueue.h	33188	f69008aac88897776dfdec74fb852573900ff04f847ab3340dbf5d53bff3e762	
/usr/include/bits/mqueue2.h	33188	7d6bb1b58e7218983f7440ce9de0da2f51b51614ce32f4e079af43b2e969e7d9	
/usr/include/bits/msq.h	33188	d4428ad3825547cdbedd27ae3d8dac74e3a63af134a0f10dafefea32f5cf3256	
/usr/include/bits/netdb.h	33188	b1cf1fe1ea307156d4bbdccac24ac9d3acfab5c0e76d8e2ff58f9ea1a4b01936	
/usr/include/bits/param.h	33188	a1f8763981be75b21d689116acb3689a4c7ae984098965449d816fca00b53a3b	
/usr/include/bits/poll.h	33188	644e410a7997e0e3b196cf8a747ee660b978e6a4774a534da067dc3fd1b5b74a	
/usr/include/bits/poll2.h	33188	e0f05a93eccb9dad528be0ee062a6ebf4c8b8142709875e615faf4779af563b3	
/usr/include/bits/posix1_lim.h	33188	575a32660c776ce2247e533615bee1ff0de20287b943d8368a382fdfb377b7c3	
/usr/include/bits/posix2_lim.h	33188	3dfd0c5a46dde7b70e5b1bbe9eb8cb890a76b2cb6d1996e264dea40ccaf6bad8	
/usr/include/bits/posix_opt.h	33188	3cbbbf49bd3a49fe120b420eec6183803b17d7cb04f840c929455063f6ab7499	
/usr/include/bits/printf-ldbl.h	33188	b984a6181414c66148bd4fce0f7e91890a4ec0f4850867a1a4d40966be348dc0	
/usr/include/bits/procfs-extra.h	33188	f9ea3d40e53ba051bb616f08c1f1828fb70704375af09ab3af4e2e97cfd7beb7	
/usr/include/bits/procfs-id.h	33188	a4ce3c796b9d081f83391e113776d586e2746ccc6dc1f51555b5a714ed1f08bc	
/usr/include/bits/procfs-prregset.h	33188	9bb78ab833c76654edd79c82a900c3ad08dd622c997c7c126ee4e71d76fbdc57	
/usr/include/bits/procfs.h	33188	996119867376d7263a2ac5b625241d2e202d1979e7ecb9983d4c57e039d89ddd	
/usr/include/bits/pthread_stack_min-dynamic.h	33188	e919a98133620696ca672d6d7f62ba24ef819ab85673e953ac7487b1f38faccc	
/usr/include/bits/pthread_stack_min.h	33188	6f9e3fe35ad8c096a032cce93ae485085ab47d9ca784c6e3d8ca8c422c8c60ac	
/usr/include/bits/pthreadtypes-arch.h	33188	f2b7b3ec5684e37dd49c82e2ff452c863d5e0213bb8998bd7b799f5f3f339958	
/usr/include/bits/pthreadtypes.h	33188	c47d28c26504ebda1e15d82b9ae74d288c9d68e757c7f37456dc39b131131035	
/usr/include/bits/ptrace-shared.h	33188	5a21e69853d104b1fc556597dbdea941044b0685e049a5317cae6a58423b42b0	
/usr/include/bits/resource.h	33188	8287579c59dbaf5df0de9669150e4a05a495c6af0a469199e342c0946bf58d51	
/usr/include/bits/rseq.h	33188	da435b3804194baa6b1d9c264045625164343e21acd1db192136aa4207965881	
/usr/include/bits/sched.h	33188	043d2683a24e16399bcfca1423ef0090151172dfe761af4464f0a9c8d6844a07	
/usr/include/bits/select-decl.h	33188	7abad9cff45a26b298eab3b740977ece93eb6e0f5b4dc2aa22d2b6cd1a8ee066	
/usr/include/bits/select.h	33188	e046dd5c0b229550a439556bd2ca018b9652325ba7e8d6ac5c3ca9b014448e1e	
/usr/include/bits/select2.h	33188	b8b26d025598e1477d7a4ed292df32a799c49f3fd6152dbd79f2f462a6d24a57	
/usr/include/bits/sem.h	33188	bee13378676e8a58f99996f38db9f62f1d53e673e3a84edd26a298fde0baf804	
/usr/include/bits/semaphore.h	33188	b50d4b25f9bcbc9f34c14f6d2a2e2f45a90bc5665eed6beba749dc4a263ed60b	
/usr/include/bits/setjmp.h	33188	1da13e7d5da5c029696dc70004ed18cdcd6399c3408fee97f9f4f594c5fc4842	
/usr/include/bits/setjmp2.h	33188	3f2710d847960230e9212802bf43f548baceddf8f29c072f336f3e0a2628589d	
/usr/include/bits/shm.h	33188	bc6e9f8f4585e5f96fceea79ced68e2f863d65d6f7705ba97e8a602b75a9bb40	
/usr/include/bits/shmlba.h	33188	7851f452f6c01f313187cbc63460036de5bf205898f57e916de15cba37cdda8b	
/usr/include/bits/sigaction.h	33188	b2f76a26bbfa3668859e8e8a93af9321e14083914df0aa0367cdffaabf4ece81	
/usr/include/bits/sigcontext.h	33188	21298d077063b5da4e63f74d0667acf4963fed65a9314222ce71e3ffcbc7f273	
/usr/include/bits/sigevent-consts.h	33188	e681d251d9a7090118233baaf64ae08ca518d3d8ca6dbab6d11ef5564d4720b0	
/usr/include/bits/siginfo-arch.h	33188	4428d18387b270e5e9a8126dbc19b683c82cc79f0b48655b139fa17fc983accf	
/usr/include/bits/siginfo-consts-arch.h	33188	56e019330b859cc4e28af30854df4d29be120ec4bff74849301bb3c40c9f19ca	
/usr/include/bits/siginfo-consts.h	33188	5eda010ce0233e02cea7c1b8679d42ab61eba23c369702661249eec8fd25785b	
/usr/include/bits/signal_ext.h	33188	94e633b9433baed6f4b10bb52e3f5cb3895f116a57d30eea729159efcd337ea7	
/usr/include/bits/signalfd.h	33188	d0caad9b0f903e41500285948900401d7198cfca8c1753706c3a821955f52b16	
/usr/include/bits/signum-arch.h	33188	ef1475e1546024be5b12edea07ed215ce3a9b004b1266ba7a3b5e40fb7bbe986	
/usr/include/bits/signum-generic.h	33188	0a27898a4f720aeabcafb45eba42b0cd6b9593a6e77bd87019969eda94cf435b	
/usr/include/bits/sigstack.h	33188	ba6d28b9b2974871999b9911b3d631fdfec786b3ee48a69198b89eef0175c3b2	
/usr/include/bits/sigstksz.h	33188	a2af66001d4a2f27d828112b04661282b7ff7d075158440e6649f396baea6d78	
/usr/include/bits/sigthread.h	33188	e15690707a51a98e5ed5dffa07ace93d2eaf7e06cdf7e73dace990106da940a4	
/usr/include/bits/sockaddr.h	33188	5822392d80071a660264fd2b9ad2fe556ca1feae5d29aeb3e31d0285cefd0473	
/usr/include/bits/socket-constants.h	33188	9e3bff5d45d07ffcfeecb37f1863de31a4673074ea0e895300a718686fc83223	
/usr/include/bits/socket.h	33188	eaa84b2274475a0e02818ff932904fc6fb453ed06bf303e0017dd4431efe42df	
/usr/include/bits/socket2.h	33188	9a133a9fa204c72c8e647b42f2c5ee776ec975c8fc343bbba9cc7e2db3028318	
/usr/include/bits/socket_type.h	33188	189018b45921558a3650c0a9db42d0ba31f265b792ca568c9282ce0014bc0da1	
/usr/include/bits/spawn_ext.h	33188	915023dc797088b99ea27172f2072e91aa128b9c046120f212596dc1890421d7	
/usr/include/bits/ss_flags.h	33188	064391807d78836b4e0915f5f8a0d0a875ed23c2c40da2e853fcf4ee5dacc408	
/usr/include/bits/stab.def	33188	57b30b1f9ae439e51fdc733fd71b7cadf8e3e221ea065978e6f3799df0fe2211	
/usr/include/bits/stat.h	33188	94cb3b45d5826d7d5ce6d81e9eb8b053dedd43dd9cde5b074e47c3a28d47bd8d	
/usr/include/bits/statfs.h	33188	063abffe73524326242b3e46d1d13912d35462e758c41f7658959fd76f7ab70b	
/usr/include/bits/statvfs.h	33188	fb2c030fa399a1e3af061adfd48c69737a12ae1ab4367d7958415e55d0f4c832	
/usr/include/bits/statx-generic.h	33188	ceb4462853123583d2b5ff32aa6fa8142ea846f3422d2eb270ebbfda11caa714	
/usr/include/bits/statx.h	33188	aa197c11709c0ab300b5c9feb8ea06d173725fa45cf4fcb7a93080f3496c5314	
/usr/include/bits/stdint-intn.h	33188	94286e42e4970304da5cbef69de6695c84132ff8fbd4b6d72d29aeb7406dc5ff	
/usr/include/bits/stdint-least.h	33188	5bf66871bfc18ae6d22c91d03e392c1a4cc5969ca74c5fa31b7510703a496844	
/usr/include/bits/stdint-uintn.h	33188	aeee224a19434556ef4a9a4afad553736789274656ca12463122300b557ce78c	
/usr/include/bits/stdio-ldbl.h	33188	3ea9e77674bede832535d228c3c14665dcd738d3ab649e6e4e90014aa8fde9c3	
/usr/include/bits/stdio.h	33188	bb9b0feccc1b326b8aee69fd00059b715947fee86b8638e27d07710f2c2895df	
/usr/include/bits/stdio2-decl.h	33188	c3acb8208277348f1e7df5b44ca92a253947041a6c79e5a04db9d5ffa96327db	
/usr/include/bits/stdio2.h	33188	ff67faf87fe465068935b5d81ada3c575d5c30d25b50950c6eb057179f06a023	
/usr/include/bits/stdio_lim.h	33188	509fc0d1fba9f06fe85d61b6b9c0b2208c8fe8e63af55fcfdd7e4ad5eabe6927	
/usr/include/bits/stdlib-bsearch.h	33188	4c5e9e9b5f53c543ef6c8c933232e8a9aae0c2a93ef57d178c4edce76fd53531	
/usr/include/bits/stdlib-float.h	33188	ba3d25100d93a324122c4c8121759c689607656aedf0efa148f0bfe8826c9794	
/usr/include/bits/stdlib-ldbl.h	33188	61df883ac0bf35451e2ca1ca71d0d020f13984477ead4e0e46431cda09cf5744	
/usr/include/bits/stdlib.h	33188	4b75dcb88eb0aaea2bcec7698d81c96000eed3fdab7a34c92398554896b8ac82	
/usr/include/bits/string_fortified.h	33188	426cd51e9ccd54f70fb493a48ebcf0ce9fa8123f8210f41586ec8335be6fb6e5	
/usr/include/bits/strings_fortified.h	33188	26836e33fbedd8672b087a148df3035b5d52a6a9fd05d486ab6f3a457700fc3e	
/usr/include/bits/struct_mutex.h	33188	f6b0387a7e78f1bd87d2757ba6104c985aca5f0a7a73272193411b9a4e6c542a	
/usr/include/bits/struct_rwlock.h	33188	30800d66cc691de5d471cfddf339fe6f10be22223096725e25495377d2e1f9b3	
/usr/include/bits/struct_stat.h	33188	5a429e3afc3f58ea0f9d7432c7897e1a8cf2d34d531bc0b9345eddde91997de3	
/usr/include/bits/struct_stat_time64_helper.h	33188	747c66e4a093429c025c5dee952f2ee752be8a3753ee3b47d5fc62fdaa5551b5	
/usr/include/bits/syscall.h	33188	1c14fd7e2ecbd8e10828e4917e6d8605b67adac73c5bbd291cfe5b70c90758a3	
/usr/include/bits/syslog-decl.h	33188	74075fe5c9d461e80e873fbe9256fc66345d57eb17913df72cb8ecb8fc0694c3	
/usr/include/bits/syslog-ldbl.h	33188	f40458097ed9fa156dc1ec45124c76fbdd7d7e6c0e34411da93257854a94b389	
/usr/include/bits/syslog-path.h	33188	eef9f540e38365941ad2dc3a36db6cd7612d9e79b691dc155081dd9b35de7efb	
/usr/include/bits/syslog.h	33188	7039e757e830e0ff3927e97267e8d281758fc9c7454dd39f145ef875f001c584	
/usr/include/bits/sysmacros.h	33188	ce4b410a5c1bb6b412025a9e7ef1da880c8ef802530660d7b43638ab7f36ac8a	
/usr/include/bits/termios-baud.h	33188	1d8649bed983243b0d08ff8b25972d1ff76452383dca8b795e1a02acfc8e0669	
/usr/include/bits/termios-c_cc.h	33188	4414ed57966843e0114a112bc96fcca5e6109aa202cf98237e107dc05f8604ec	
/usr/include/bits/termios-c_cflag.h	33188	456ece5bd574c208694df815157863ea9bcbbe630bcf6f58925ec5d83e562b84	
/usr/include/bits/termios-c_iflag.h	33188	490c3c882c1df048d3e924586986b36abcbb6a389290f206c223d09322a73a21	
/usr/include/bits/termios-c_lflag.h	33188	6c550c5afe209cce3ea88b7caae7931f2e42408a74ceab56297df40718b0abf5	
/usr/include/bits/termios-c_oflag.h	33188	3a0d7712bc87d0d908edad50eb7c0c417ec8714cc21af7970631360275026d0a	
/usr/include/bits/termios-misc.h	33188	04009f6c6cf4d3371cab73d1ef0a85bf09279777928956242b0180407cc51ab2	
/usr/include/bits/termios-struct.h	33188	1e3ecaecb82ea06503e486c815fae09785e7f6529fc7dbf34fc5ddd32670afa3	
/usr/include/bits/termios-tcflow.h	33188	4b859f3f7b97f2534fcd2e89e5e25ebeb91c39bd0abd75bc3d5aa812ded718e9	
/usr/include/bits/termios.h	33188	3d4886643c157d693a83093e819cc26db429b645f3e858830c29fe370e215da6	
/usr/include/bits/thread-shared-types.h	33188	21f6f60e8a28e6e0166f0b3685d939774b553a27d1f221559f2d8176b8fb2358	
/usr/include/bits/time.h	33188	cc74e4fc41c0ee804b934ac4ddd9fd2e1c12c06e18066569c70383f20a206342	
/usr/include/bits/time64.h	33188	2be9170ce3621ea6062f10edef68bbc2db09bb454ec4397534263dd37b8f1f6a	
/usr/include/bits/timerfd.h	33188	209efb09ad00ae4adcc23758b0ac7ded98e9510959b82ab04ef69ca65d40e2df	
/usr/include/bits/timesize.h	33188	8436245f53a4b30b0dfab4d3ed207f27b5fd696deee9559d099e0d57ffdbcd44	
/usr/include/bits/timex.h	33188	da653f3d64eb5bd9d1b9c62a1b34d54905bd1c8c6bcd60dead22a75adfaeedb7	
/usr/include/bits/types	16877		
/usr/include/bits/types.h	33188	371847ed3adab1c19db392034f6a22407d321b1dc5f2440563f4b0b8b6c5386b	
/usr/include/bits/types/FILE.h	33188	37515f78be386f2edad4746f2947c928f480728c56d9a94e25302ebbdaef3c96	
/usr/include/bits/types/__FILE.h	33188	26c909942e8a6bc82725e9c402f393aed9e32d94190257ddf71e1b5f819b4e5e	
/usr/include/bits/types/__fpos64_t.h	33188	8afae3abf006beb39fd9d4d4bae38745cdf08a91e6217ddf25833c8d4b04751b	
/usr/include/bits/types/__fpos_t.h	33188	603e58ab31ed75b7e0ab09a2ca94e99955f7fbc63310466321ce27c906227eb4	
/usr/include/bits/types/__locale_t.h	33188	0edc68d4ae8fd45f8127c6a8fe6936b6312f2835951a3157e51ad8b5dbcb46ad	
/usr/include/bits/types/__mbstate_t.h	33188	c561df72d5b987ccbd022059fdb1bcb6899c3e94b403997a0576ef3e1afb0f94	
/usr/include/bits/types/__sigset_t.h	33188	05291a7d38bb1d0da1ed01c09fe85fa2b1f4d5bc708e06bb930efec672db08d5	
/usr/include/bits/types/__sigval_t.h	33188	f0556deb7a832bc9bcc600ada0da3d15c99aad85b2ea2729c4d7c5830e40cc0c	
/usr/include/bits/types/clock_t.h	33188	81e60e8a8d99b28bc723c14b156d7f7fc8ff663d98a857a3f5aea90431f577e3	
/usr/include/bits/types/clockid_t.h	33188	dcd64d184855b245e5c7acf21910a0aaca590f1faf094e400da5d30551d11eb0	
/usr/include/bits/types/cookie_io_functions_t.h	33188	aa4c25db20daf845f5d3e57d8aeba4011419c4ed1881992b73229a3f66a5c5c4	
/usr/include/bits/types/error_t.h	33188	f8fcd12a0bf9a17df83fd497c7d8e60e85e1594103642de1d6d7dbb5478ac9a0	
/usr/include/bits/types/idtype_t.h	33188	749f4d26f0d851e1fa4056d28c57e9fa8c664a99ee852857e530f1c4e60148cf	
/usr/include/bits/types/locale_t.h	33188	1f98dd4e58defd8d3a8b5f7e20d59f6cf1b728bbfb4102578234b822db8e6853	
/usr/include/bits/types/mbstate_t.h	33188	c0608830973c4e1a71219e477b470b7ed77b211dc870410776ec13a1b7bb759a	
/usr/include/bits/types/res_state.h	33188	e991567a7a1ae6b19400bafe3b61f3e8b15172cbdade040e48eaf1bf5b1f3815	
/usr/include/bits/types/sig_atomic_t.h	33188	8c44b91c2eb6e509905e1becec6b98f8ac006709bfa5d85d86e34a46eb9013cc	
/usr/include/bits/types/sigevent_t.h	33188	7125083b8096dd146e6498a61f38bf3bc7215c1c9237e92469550bb355545bab	
/usr/include/bits/types/siginfo_t.h	33188	88b1392b88af3a08d908866f4e9c5650c5cddb0c8e021b0a3f8293cef6616feb	
/usr/include/bits/types/sigset_t.h	33188	3db5ded9d98a694e8c7196a06690b2e816ec6bb82689940d281f6504533f37e1	
/usr/include/bits/types/sigval_t.h	33188	7d94a894bed0b9490967e8dbcd53725c0f2af9559e58d4b19bd14d3707974ee3	
/usr/include/bits/types/stack_t.h	33188	02b6bb18391305b9311776f1c11b5b9788f3f9ebf804913f7691dd669b568b0b	
/usr/include/bits/types/struct_FILE.h	33188	b966539024b38ae9c3bff465256fae1a1fe17b9ad08f5b54c8045fb9c6cb597d	
/usr/include/bits/types/struct___jmp_buf_tag.h	33188	e54be99f52cb6e0b8ffacb2a91db83b8129863381f45c952582faf30a7fce6c5	
/usr/include/bits/types/struct_iovec.h	33188	a78a5793a7cfa80ddd258a6cee637385e67b2b230500a24c1ded4060d604fe37	
/usr/include/bits/types/struct_itimerspec.h	33188	d6299fbc46fc57e7d14635cd5cf69125710ed021ab7305586c84644a03a39f8e	
/usr/include/bits/types/struct_msqid64_ds.h	33188	983d4712eb0f3f926f74e71b9c2b9f257deb52be030b078c7ea8f1f9d12e5b42	
/usr/include/bits/types/struct_msqid64_ds_helper.h	33188	10e72e5bfe48fa935568c5f88ecd1c4e58b8a3d4c91246780cd824b0c9d98ac7	
/usr/include/bits/types/struct_msqid_ds.h	33188	53664772984a0ab3d07287730e503302f190b6273985a8746ffd47660a1c0b94	
/usr/include/bits/types/struct_osockaddr.h	33188	63619500aa6095b881f62d7a255bd31eeeab9a829cf34ec40e20a62729323efc	
/usr/include/bits/types/struct_rusage.h	33188	1f6c38afa7d5397789aaff400b4704db7bff67cd0050f01d95d2aea50d26e2ef	
/usr/include/bits/types/struct_sched_param.h	33188	737a8707aef29fbf80889e4a4411aff93d66dfe46b89b5d25fbc79c1f383fbdc	
/usr/include/bits/types/struct_semid64_ds.h	33188	081dcf8be3351646ac9c576f0f86163efbcfcbb8b1568c36f09aa75238ba71f3	
/usr/include/bits/types/struct_semid64_ds_helper.h	33188	a75ac4b605e0c897d7cf35b22707365aa8038e83ddafab47b5502f057b31f800	
/usr/include/bits/types/struct_semid_ds.h	33188	b01b5eea7c3aeec0f97fad4fd02484658f9950935e4b81796c45393a0e565b38	
/usr/include/bits/types/struct_shmid64_ds.h	33188	43d45fb228deeaaa1fda068cc0481c57c0c336cf030e28254aeeabf44eece5cb	
/usr/include/bits/types/struct_shmid64_ds_helper.h	33188	4a3fd6f4bf3f4dd2b40926e7fda72aeb8082a3608d2dd8ade54424926c036975	
/usr/include/bits/types/struct_shmid_ds.h	33188	07be7a96a468430b32dcf32c5199c798b2bc457df25e1f6fa15396b56abb6b12	
/usr/include/bits/types/struct_sigstack.h	33188	2f56e65bbf7ad26a8eb5d73f772b7e3c7ece935bb4a9f7e92ae5a4a05d22984c	
/usr/include/bits/types/struct_statx.h	33188	d414d628034f1efb33effd2bbc85d2c0d1be9ea46d52cdc48fd99a93ecaa8acd	
/usr/include/bits/types/struct_statx_timestamp.h	33188	b6b2d9c9110816ecbed3a6e1b7db6a581d62f8abb93b250a308ece977fe01d7c	
/usr/include/bits/types/struct_timeb.h	33188	3c2babd4efd77812403b34a534dbc90bf1092e89ed46d16a1389bff1fe21a199	
/usr/include/bits/types/struct_timespec.h	33188	798e773d0c7f3796033c043910db2b093d1e43116c4b3d2cf3be85f8c4304cf1	
/usr/include/bits/types/struct_timeval.h	33188	6585bf0dcd3d5a780d6246da841031f9b314ceb7400a3210f34815f5da93b1fa	
/usr/include/bits/types/struct_tm.h	33188	e7bdda3f42eb0633850ed150fef0a0cf6193cbba8fa740e7505925424a595566	
/usr/include/bits/types/time_t.h	33188	d1cc45e24a80009117f61ee4ae9cae5d12f69f38d691e0a933f989f7a1d27bb0	
/usr/include/bits/types/timer_t.h	33188	d96a2452da0d933941273d11d1048ea525f033306892835b0a7a0999b13853aa	
/usr/include/bits/types/wint_t.h	33188	7321a39e4baa04e5d730bfe4e52d00ce82f2ae62dbd8292a4a6a3073b6ae3593	
/usr/include/bits/typesizes.h	33188	dcb8089b342f2f5f1ab9df0a9591ecea20f92f116204f68ae590b831905a3813	
/usr/include/bits/uintn-identity.h	33188	f67180898ee0ea2b0d521d38d06eb80f9a28b931399ad37ffcec2c9bcbd24f37	
/usr/include/bits/uio-ext.h	33188	6a74516c27c30120e0d312c51ad54059b95e5695b01d97dd35ed2bc25a199dbd	
/usr/include/bits/uio_lim.h	33188	2f157ab18180169d3ab9af0710daaf17386eb248c7eb48a944348e66c45d40bf	
/usr/include/bits/unistd-decl.h	33188	012f7472dc39ca52b30cc9f6ad6e6c0f06f5591c07880061b32cc86cee622f5b	
/usr/include/bits/unistd.h	33188	8dca40c7bdf7156e7632496f61f8dd3a768c4af5b17c4517f6815bc0435b59ec	
/usr/include/bits/unistd_ext.h	33188	cbc2c3c1c89817f865595773d14f6554f88ce8a6a6cae99f2791c0d00a2ca60a	
/usr/include/bits/utmp.h	33188	705a5fafc8513f0dcb2cf4c23f20cc33dfa08ac802c96e4f3e3b274b28066a97	
/usr/include/bits/utmpx.h	33188	6ad8740593b62729de65bcbf000a2dd6c7f44b926cd8ff1b05b2a0e3cc257892	
/usr/include/bits/utsname.h	33188	5632f54a85d6c845c6df68184fd98c3b8910f01ab956afc091067983ed2c3942	
/usr/include/bits/waitflags.h	33188	c1f4b1268f7ed37c33b42020ae59934d7c8073f9fef0740312cc80cdf40b08b8	
/usr/include/bits/waitstatus.h	33188	16aa0bd73a56cbb6cbc18095bd7a665bf9795196d056b0ec307b049f3871186c	
/usr/include/bits/wchar-ldbl.h	33188	00d7409bb21e3d82a8719b61bf200b2ccaeb73f9d8135e9ddd44050d2b6c3b5f	
/usr/include/bits/wchar.h	33188	893fa450527ce645f17922788097d5fe331e2a53012bab4e724d8a1f63e21aa2	
/usr/include/bits/wchar2-decl.h	33188	6ad27ddc21bb1cc01eaf7ffcc7375feaef119977831375436ff3183a297174cf	
/usr/include/bits/wchar2.h	33188	2cff1c40d272d454f8e3b6312213af403e2829e32ffe40c82f8ef10f3a6af560	
/usr/include/bits/wctype-wchar.h	33188	a52c65766f5bab399a0bc7bdab67722480a8bec7929a6c56c4db340b57957b21	
/usr/include/bits/wordsize.h	33188	c67aaeab12f39b8685a884b1764c372379640bdc9f07d97ff78a6c74a2522503	
/usr/include/bits/xopen_lim.h	33188	720cc9c5c2f81802882996bd20be16d6ddf0a19c95021fd6f82f190f44065cd0	
/usr/include/byteswap.h	33188	7765ede71109d47c5aef360676fb1b83f2e8a3b0c99ea3d24054ea3cab7fe330	
/usr/include/complex.h	33188	5a513a32105fa4b6122cbdd37aa40b3d3e4651755d9da369f69cbcd293f8a8b5	
/usr/include/cpio.h	33188	eba6690242e0260b6793786647cdd115e513a734cab76300176a47a73e0593c5	
/usr/include/ctype.h	33188	12ffdd86c923b56f82de6e184c76c64caeba7b75c3916ec61cff1fa36a3d8d32	
/usr/include/dirent.h	33188	98958a3c145dca7b9d0478921c8c3f6b85738956ab98d9a685248ae75ea98e14	
/usr/include/dlfcn.h	33188	c2859cab5a982203bceee02fb305c6a36a994b2b22f4279326e945216f1729f0	
/usr/include/elf.h	33188	f8f6e7c6dd33d25948786204f91911371b719a5be00505c22ba9191d06102ba7	
/usr/include/endian.h	33188	f6f74f790f21a27aa4ec1007c3f3235babcadeba07cc8a379478b0dfd2e128f8	
/usr/include/envz.h	33188	cd92f6290d11ac50c1067cf833bde4116a0d99133f54d64ffe2776a5320ee8d9	
/usr/include/err.h	33188	e463ab871f2d49e5badf2efd3e362b0accbe789d0feae149c60b929c111041cd	
/usr/include/errno.h	33188	4e540151a30b70bb8490f8d7e530972d7e448e7e76a2732c9cc26cb25d56c761	
/usr/include/error.h	33188	2bd6b3d2b08ef489892c9606320b9ff4dbf5c910b42abe0b5946bfc186664073	
/usr/include/execinfo.h	33188	0a29df2742bdaa77395ecf36e32098aea787741728c8880cae15cc812ad2a298	
/usr/include/fcntl.h	33188	fe932045d6b33a054ad81f3b59022d9d17ef68947034636ba240ad8a419b2cb5	
/usr/include/features-time64.h	33188	5f74c2251276422982ad57e06ee96e40a560d7297f0e24972279b75d87bbbf67	
/usr/include/features.h	33188	85f824fb6e13b58ebea0c309d1bf506565db5d789373e5e2a2ae478b66358761	
/usr/include/fenv.h	33188	d8ecb7088c6ae1de4362e820667cda8c280d606f426ece6829d97ee14fc47af4	
/usr/include/finclude	16877		
/usr/include/finclude/math-vector-fortran.h	33188	b6e3cd7044c0dd4ba50dd0addc3efc5f0d1138639da7f0b6e23e83371ac86dfb	
/usr/include/fmtmsg.h	33188	39b03714f492debc16769107dbc34d2f164d1882c0db7140965242afb50052c2	
/usr/include/fnmatch.h	33188	387a294be099c2fdd5583723ca05ae1e996622126030931acf305d4dc7952b6e	
/usr/include/fpu_control.h	33188	accf3761d99c58fe7fffe9bf267cdb31d4bacd99a360634732958f2182b58ae5	
/usr/include/fstab.h	33188	dc390543bf2d14d67b7fab4fe55a9edc66bf9d38fd6edd414b5bd9d62d19838b	
/usr/include/fts.h	33188	b33c39bc173260059a9476219bb04ec26c32ee16aeea5d0d75923318578edde9	
/usr/include/ftw.h	33188	9ca7a17534d214e50a7223b3f1259386699a071b5ee26662e87c84ef04e54fc5	
/usr/include/gconv.h	33188	12b4e863957b7ae6b29a59c0fbd0cb8949c23af330b4cdccb646502e378e63a4	
/usr/include/getopt.h	33188	58d58eaa08943a3f777fb34dbc38c7035d5e8acc977d1016ac9def8cbb4cf7db	
/usr/include/glob.h	33188	dfac94a96356ab2af851cd87077e5259080d63d0a85f4fee973e87928ef9965d	
/usr/include/gnu	16877		
/usr/include/gnu-versions.h	33188	79f01d94ca261a2ed75ece2933a485dee8c741893dcfb8f37070046f3d1f370f	
/usr/include/gnu/lib-names-lp64.h	33188	714e79786fb119deea1862c78440e3c714ca83c741d5f6a29f1405dc4021c449	
/usr/include/gnu/lib-names.h	33188	738a44d1c9419fe0cfc52a4b0dcb346b29d19ad1c88dd4e9b0cd0092fd209918	
/usr/include/gnu/libc-version.h	33188	bf41dfb151e797b92fdaaaa9e91b804c9e7dadddc2310f357f896b5ac3ad2477	
/usr/include/gnu/stubs-lp64.h	33188	3e33b9921fd25494102743988284d9056e398116d60ce04741f82752b7076e46	
/usr/include/gnu/stubs.h	33188	4fc54fd0190796cad1125563ea8dedc53811c81bce7d79e9396afc15994a35ab	
/usr/include/grp.h	33188	17167d3355e682e5b5dac279a0bcdac2fbde7eca9167dd084b17de4f92a2fab7	
/usr/include/gshadow.h	33188	e2d2a3369a40cb9307025aa8d73e53475131a9e0f7d2ef34914f2f1574109d68	
/usr/include/iconv.h	33188	8c2065d7b756e5b6a667d2f0eb1d4c857d958d2bb19647d0903e06b887bd4d3f	
/usr/include/ieee754.h	33188	b1540aba802a28e19399a7eef7cc7c7f4a6fe4b33ce640452606b33342d937c7	
/usr/include/ifaddrs.h	33188	4d38329f0b7186acf45dec317a356ea234754cd969200952e55a975cd4e49c14	
/usr/include/inttypes.h	33188	d233550ced0cc1425bb1f8e8111230bdfccd8e3ef1238d63898ea129497c86bb	
/usr/include/langinfo.h	33188	0c50b9d4c2cdf3b171010db802714e6b15aa609eb2765166a10c6d7d5cc5ac67	
/usr/include/lastlog.h	33188	32414599b4ba77aa505899369e60bffc549fd09cee10b0dbcb5d576e4e2d7049	
/usr/include/libgen.h	33188	be5bd448da59902f55c564b133724241b76d0120daaebc04de0f3efc36dbe7f1	
/usr/include/libintl.h	33188	472baf23190900441258b512bc0f65a5b7d81975fa27c7653de4d5865a314c91	
/usr/include/limits.h	33188	712df15862878aa72d7503c9a9f193aecbe7dbffecfa68c7f2b0a99454af7947	
/usr/include/link.h	33188	828b3eca445a57007e2c90037eb22abbe5359039caa367eec370365f51633788	
/usr/include/locale.h	33188	7c9943e0bbc70204fd4e09d254fda54b769270f6e17b3ac3829af5f87140e4c8	
/usr/include/malloc.h	33188	3cd38db3a5c02d665afb52997a84ccd499dbc8202ff392a83e06e2687382b018	
/usr/include/math.h	33188	1b0ebfb49beb70d8a1a85b376c64a823cd7b31a705c08b9360ed06a988b59ca4	
/usr/include/mcheck.h	33188	ae929b27e08ba631900fb3b5a16ce3f05ea268bcff9f2d381b792a51817554b2	
/usr/include/memory.h	33188	b669a926beb2d1197ba87fe0bff75254a7c0709e815f8ccc8cc81c5ccced1da4	
/usr/include/mntent.h	33188	5a0a2146fe1598fd05e9286827614ebca8c68d092b639d14695b5131c9872d23	
/usr/include/monetary.h	33188	cb9a32779ec3b54f4bd6f0585084197eb7477d35ed37170fd0dc358f8479b563	
/usr/include/mqueue.h	33188	5b3ded1f377b4156d5ac9ea758169b5f508f2f4ed01dd8551da6af95589f7f6d	
/usr/include/net	16877		
/usr/include/net/ethernet.h	33188	036bb7a83a337226ddf17e123d60de806c3558738957f9146b282723a55e61be	
/usr/include/net/if.h	33188	dccb760baeb368abc0976c87c9c5bc7cc59b1587cbe35968cebc79c2ce615ca2	
/usr/include/net/if_arp.h	33188	2fc9259dc6389c6715c430ffb50091f9c3a3cca1e8b86e449b809a01089f76d8	
/usr/include/net/if_packet.h	33188	3938d6125ee933d67827ea77285b9b4e77ae03f813d2cf637dcf9812068b19b7	
/usr/include/net/if_ppp.h	33188	c4231d99b1653ae1444f146cb81d0b8db6211da2deb550fc064418936930da01	
/usr/include/net/if_shaper.h	33188	49ce3d8876b5592f64f9e3fb73a72283b4180bceae5e6f95279cba1b019200d3	
/usr/include/net/if_slip.h	33188	b2516095814c5a8c5a88e5c7e1dbfa5cf6c3e77301f04ec5068a513f6707047a	
/usr/include/net/ppp-comp.h	33188	594173509961d017b9bee2e03a73ba395754440e9c99e1c01cb149732601dca1	
/usr/include/net/ppp_defs.h	33188	47765f960cad3e90dc2977928c8f43c5a0d3b15825f531317a8aabfb33373201	
/usr/include/net/route.h	33188	9a988dadfc52da79ef569a67c2a2f86fe8945316fae9ac232f93d7ef8d4387ff	
/usr/include/netash	16877		
/usr/include/netash/ash.h	33188	c6e6fb88c9be1469ef2232dd90e01f3f8d8753d3d53227f1e6900d0604f516bc	
/usr/include/netatalk	16877		
/usr/include/netatalk/at.h	33188	27cfe12ccb9c5f67d3b5b79b85e3970897bfb7c7f46fe02103ece08b92d3ae44	
/usr/include/netax25	16877		
/usr/include/netax25/ax25.h	33188	3a52e3fe11003c4ea49b67545dc15c16c5253712e280d70001ef1ffc07b0ae70	
/usr/include/netdb.h	33188	326ba2f2f107315a79f3ff208c4f07474d32f4b33ba5cacff1ddf60f6e41eb98	
/usr/include/neteconet	16877		
/usr/include/neteconet/ec.h	33188	9d1ad015831669c43b9e96a56d3523a16ff765dd37932d9c1815f2ab61b1ef7d	
/usr/include/netinet	16877		
/usr/include/netinet/ether.h	33188	7990a36b8907d6d57a4420aaeff204726ee1c33a12e30b9e91384fadac76f86b	
/usr/include/netinet/icmp6.h	33188	c4b323cbf5017e780d9587d10facc5edd229d98876a09c585237c50597d7e3b0	
/usr/include/netinet/if_ether.h	33188	fb16f7e4ef70716b0ea265adad5756c49b72df4957ae1476ab722a7906d0fa57	
/usr/include/netinet/if_fddi.h	33188	d9587cbaca2865491237e826ddc8d3ff1ae3792b540b279844fb6ca1344d5e03	
/usr/include/netinet/if_tr.h	33188	acd97e8463564be9ba0765b9ef62fa85a17f97e6ebf7102e01794c2032fed6fe	
/usr/include/netinet/igmp.h	33188	56326b270cb82b1843dc64505d64eadbb150fbc1612051c27f3b2137c42df6c7	
/usr/include/netinet/in.h	33188	5f863b3c4b5986ceabfb076073b2a0745eb4b95b01373b4e7469797679c2d6f1	
/usr/include/netinet/in_systm.h	33188	169b4ffa603c255d1f444082394d056cc5c07db2b292b0e9ddafa7c6459fe0ab	
/usr/include/netinet/ip.h	33188	8c9550b930b7ab103eeff1c13d8855a302a0243b68f730cd937c1dfdd76b9312	
/usr/include/netinet/ip6.h	33188	3d5f6ffcbaf9a58fe6a246a90b4e29d99f23f2a2fec181881864ddceec196c4f	
/usr/include/netinet/ip_icmp.h	33188	c9d1b48bdcbc2cd1b25fb55b46fb462b2487cb4e3bee5d441fe94934eca5cc16	
/usr/include/netinet/tcp.h	33188	61127f97f1004c50307fa3d4ad517957e0d5a4bd8fafa4bac4359195c013f4c7	
/usr/include/netinet/udp.h	33188	56bb6127cbd5a8efd4e8e2a30c59b4e1664828c2cc527e3b45c8bd99c8b540af	
/usr/include/netipx	16877		
/usr/include/netipx/ipx.h	33188	f1cf874026eab8ba3191c37c548ae8e562a003da3e3ee5e7fd61a4f0de06c0bd	
/usr/include/netiucv	16877		
/usr/include/netiucv/iucv.h	33188	3da2ac3967cb249cfb62e07ed70c2bbc50229766cd974507514d75d2e19ea572	
/usr/include/netpacket	16877		
/usr/include/netpacket/packet.h	33188	3c03f00a9f6650101d4773b24ca0efec44d1efc597e8af89b99b3f439180dd1c	
/usr/include/netrom	16877		
/usr/include/netrom/netrom.h	33188	371ff41b988ed222e0a0757fdd63d2257fe1ad704cf857cf7110f0aa3dfe03d2	
/usr/include/netrose	16877		
/usr/include/netrose/rose.h	33188	13f1507dad85a194153200e917cb36500e0de681372fe014ec736ca4d53fe1d0	
/usr/include/nfs	16877		
/usr/include/nfs/nfs.h	33188	d396bee9015086ebbc2013f044ba8e1f84cbff2d6dc6d2cfbae87d8610855366	
/usr/include/nl_types.h	33188	047aee097a67400eec57032e7a9b5df0a639a51260864c6b9a11e5c4ee67a3c9	
/usr/include/nss.h	33188	96ca265b55bd259107a67c5d41ff6e772eb7f66ed69d4a83e94c930ddc3d8b31	
/usr/include/obstack.h	33188	7d7f6fe529b1a06925996c0ca66bb65c20154e290aabc8c1ed504fe8f4f00c7c	
/usr/include/paths.h	33188	24fd9beb531c7f6a6f0bb548dd4626fd4236b722eee6ecdd7d90838d20c8deda	
/usr/include/poll.h	33188	04bd7e134e86aabf9499d9ef2f5b13546a7d0e113e141e8f935076d87ba185fd	
/usr/include/printf.h	33188	569e2b6eb4757e0bd44ae85fcd1dc088c3f2671041852cd737a762a878e75d32	
/usr/include/proc_service.h	33188	bc5295c1242235489b632848071eb7f1c52e736c5cc3bf0219256d660e00630f	
/usr/include/protocols	16877		
/usr/include/protocols/routed.h	33188	22880cca356f39a87556b95535465e3de6412c1b48f9ad73f4382e6204f0eb8d	
/usr/include/protocols/rwhod.h	33188	5a80353f3d96e85b91fa65f977540f7ae68ac2eebd8ade1405fcec187918511b	
/usr/include/protocols/talkd.h	33188	d820ecf039d562d6c29325bf0c4839e2ce6d9f9ad8773bd243e656b5c8c48a38	
/usr/include/protocols/timed.h	33188	9cf7b7832e25bbb000c7edd18a55fc221b83c6ffd064fdde27e8be1a4505f947	
/usr/include/pthread.h	33188	fa80162837f913d2772578557de7070321b4da27e6f1ece3f68ff63ed0d89863	
/usr/include/pty.h	33188	c618b5f7caa5d3c390cd6b36658cce23f5430fdeff552551ba5484db2139ccce	
/usr/include/pwd.h	33188	66d7ca265a4ba2f05200c8dd1ce342711ee23acaccd66d9199ac356e77a60760	
/usr/include/re_comp.h	33188	3893e262c9f78c30b386cb3247a928b42c56c27beb37b90fd3fbdaf6827ac0c7	
/usr/include/regex.h	33188	df517feb262562aa21aa6eaf77859add2e13b0c7d27bf4736a07227411647455	
/usr/include/regexp.h	33188	b917ec2d06269ebd505d4d503b8514a660849315a71b9c1e7402cabcb8a11567	
/usr/include/resolv.h	33188	8a15dad32f40ea16af8fd2902a64c754ad8eded2188e47da90c1a4e1245c7052	
/usr/include/rpc	16877		
/usr/include/rpc/netdb.h	33188	b0473919bb466a7376b3ebd778c0b9c10f7e1855804630809bcfa7640eb7f864	
/usr/include/sched.h	33188	2ee9c24f3e5677b2c594df661363bcf01a40ec4f95a26dca6f678723d76850c0	
/usr/include/scsi	16877		
/usr/include/scsi/scsi.h	33188	fe205f5fed83fa77609a7f98e57e593b97be32a543648d04b2694fd9069aa32f	
/usr/include/scsi/scsi_ioctl.h	33188	c8e481ae547ae6e1443d99ad067ea6e7b8dbe275676480f0214de15f6923ee75	
/usr/include/scsi/sg.h	33188	2231747e3ace3b6fe216d76f0627bdee71e7b296f2eafe5bb8156312693a8dcb	
/usr/include/search.h	33188	ac32b4361fdd805ece656bc8f9c060b201ea9990a03af2bde26b02a61938cfbf	
/usr/include/semaphore.h	33188	449d9582efc7374964e926f16217c6e84311d42046b0cd28c70baa6786b65982	
/usr/include/setjmp.h	33188	3cd6710a91e996e0715575ae53c8bf730632a5a0a88c4662848f6fdae493791b	
/usr/include/sgtty.h	33188	8e66fa3b5bc5b5e1c821b9f8145473995309d4a95459b20b11a37b161589908f	
/usr/include/shadow.h	33188	340a53c048a5c81a1e3c921c1a252e43efc4b73e2d81185d49d8e4febeca23f8	
/usr/include/signal.h	33188	475e69cc444d450c4a34fcfb9adda6d13e86d721ec5f3583f842ce731f4e7d4d	
/usr/include/spawn.h	33188	3d4b425b4966ab75c5776751fc8ddb2ef99f0e3bfb7a151f7e738d72f6409256	
/usr/include/stab.h	33188	3f4c1aa76470b5a7a97424c8d67b64fbb2891b6c1ba972ab544b1d9235b47a3e	
/usr/include/stdbit.h	33188	f1b1c526ab2ae533b2e5736b4d628107a9b52cf831c7801c0ad3ad1c076e6163	
/usr/include/stdc-predef.h	33188	8db4f65e62cade8ae4d9b77960ee6aee093255acc1b637e3fb37d79179733b15	
/usr/include/stdint.h	33188	14d048859d9e8df2a1411df12f18ada021c0e94dc03edb4fbcc73f9f6f64e805	
/usr/include/stdio.h	33188	1acf757f53e50e7c65e278be1a252f8fa7ad4de260773e1cdff9a6a0c5ff0afe	
/usr/include/stdio_ext.h	33188	cbca2460d696134bf2d0290e76aac51e2777278da774e7a5963bfef5cb058a68	
/usr/include/stdlib.h	33188	b4b59a5d7c98b86004314a440ec6b1134106988507bc2ccc7a2610b2dad39c23	
/usr/include/string.h	33188	2f75245296b076bfac16eac1a33c69d770e7dfc9ff1921d92babc190e6d4b01b	
/usr/include/strings.h	33188	70b41dc65c2239cb814b5f5caa8b068b3854daedf8d6e1c0a05299cf57247536	
/usr/include/sys	16877		
/usr/include/sys/acct.h	33188	cbfea703e06e3defc1c44b828b2749b0746da44eafef4781736f443879a0911b	
/usr/include/sys/auxv.h	33188	0f204938fcb5b7641d974d3d6c8ae677da1dbbeb6a79c0e3f10c1d4e1c7fa01c	
/usr/include/sys/bitypes.h	33188	175f3c41f9db1d6df859fcc13aeb2569a47198c52f219d889ab2679b693d7acc	
/usr/include/sys/cdefs.h	33188	c750cb83314b4923c175e434549d6f45f6b62e598f402dda370f54907e13d101	
/usr/include/sys/dir.h	33188	3a836b1e8a54612de9cce40303d34973a0524c4633a4c86de83866bb4bfc1575	
/usr/include/sys/elf.h	33188	4065df9d0398159b190bd3524ba32b025763bc7011b32936d5336c421130e17c	
/usr/include/sys/epoll.h	33188	82dffcbc441b1a050d95cda8acf4de5275a2c3922994cfbfd2fa64610d14f3ed	
/usr/include/sys/errno.h	33188	6e7de80b970121f1c7092f504ec8b3595924a9b9d6880801950caa7170b6d678	
/usr/include/sys/eventfd.h	33188	0ed79ecb2bea5125b9ca8e0fd789acfa6fdf31c89956c8cff995050a7d019150	
/usr/include/sys/fanotify.h	33188	3247bbb10a6d9124c12e6d3c28a570a564288de527597a493e6b0d7ce7583704	
/usr/include/sys/fcntl.h	33188	642b8fa9ff6daf81d8a0cb22f764feed134b74dc8b84ea036ff4c220815d9832	
/usr/include/sys/file.h	33188	0272508a06f0ae15817fbcf3019af41c78f476c816ecf5c8c3ad96c693766601	
/usr/include/sys/fsuid.h	33188	d85ed06150ef31d482a93aab21121e4ddc2a44a4d54fc589eb7597e91910bd16	
/usr/include/sys/gmon.h	33188	62668641007b7a6e7a902a9479b189c77fa035e1858e642ecde50140388b74b2	
/usr/include/sys/gmon_out.h	33188	8d2ff63381ac97df9e2363bcf4ec4c1617a65f7989d64289a55fa5f9ad034a10	
/usr/include/sys/ifunc.h	33188	79b46d377c4d749212db56d3d76b31b327df14f6a51a83f6ced7b021fcac939f	
/usr/include/sys/inotify.h	33188	7898f9ce9a0f38321bedfa7b4f8ec2142fb46a34a4057051783c0067faa041d4	
/usr/include/sys/ioctl.h	33188	bc24403725ee2d177f7a820283c26400848d06dd645dc723ce4130bf507d2435	
/usr/include/sys/ipc.h	33188	a3d6a4f4d881882bea33d9402656edb11ec42c008dea43b54910dae21f1808d3	
/usr/include/sys/kd.h	33188	5bbf81aae9e37967befc43c191c83ae0dc7ed7a8659eacdd2c228e2073e12b82	
/usr/include/sys/klog.h	33188	982f56ece7768aeff7c6d7a0bcc428b0a8e270a578bc8906ebdbcdafce53b2c3	
/usr/include/sys/mman.h	33188	20f2c67c85a131e3302b2c951bec0b6c65375ade5c706df1c518dd65d0c20dd8	
/usr/include/sys/mount.h	33188	050d66d171f1a78a6ea27faa4d267180f6069b3197400fa21a5690368dd72f88	
/usr/include/sys/msg.h	33188	eaf92c45f1c6da5407e71271e708534ce2866c43f4fc7e0f4a062105d8a7233c	
/usr/include/sys/mtio.h	33188	4dc46b70cd1fdfba155af3342ef946a964581447501a6c0a12cc046f06f4437b	
/usr/include/sys/param.h	33188	13cb0eb23f88bc391b443a33ad2edd96e18dcca8f61f545e3691fed4b1f69c95	
/usr/include/sys/pci.h	33188	9ccb1cae1a15f0998f2d85b647906b4e1869c915d5e8077e7e97d015b2d740e1	
/usr/include/sys/personality.h	33188	001c790e91b9d1c5483fd41113712ef363c2b3a4be081f1948fda593d8c8c72e	
/usr/include/sys/pidfd.h	33188	6dc28d67878eb32148595b5dcea38baf91d42d33d7baf18404b137bab2200b64	
/usr/include/sys/poll.h	33188	23393844f78c2fcd17f4e07cc46c11899cff424025091b5fe6b235fc4c9c7bb8	
/usr/include/sys/prctl.h	33188	f5c0da23a446c6c42c333cf7c8f7834d9820483c3c4e5f0628ad506b8d5991ba	
/usr/include/sys/procfs.h	33188	55af1e92332df141499c78db4fe1213abc3471b003580709c2ecf5cbc0c319bc	
/usr/include/sys/profil.h	33188	b8fc3c1aa79d47b63df7e107b172b33f4917955dbf905256809b528939d8a700	
/usr/include/sys/ptrace.h	33188	25c169b56915f406a1f9b5ddb9e9a334be8ba0999a543c7cb4d50e6d94e0b730	
/usr/include/sys/queue.h	33188	8b284031772b1ba2035d9b05b24f2cb9b23e7bd324bcccb5e3fcc57d34aafa48	
/usr/include/sys/quota.h	33188	d4508d42d2cb2bb76461e8c0698baa9d40534351d2a44629ae9031429aef040c	
/usr/include/sys/random.h	33188	4c62f6ae82ec94c0c0be3d7fffad371fbea6fa0d7f6f0f272200494d84ab3bbc	
/usr/include/sys/raw.h	33188	9310816bf0239a5a94f4e915a4a472239acd31ebdfcbb63512304294a2dc44a0	
/usr/include/sys/reboot.h	33188	029c745b7b9ed3d089e17de0934dcfe0af6841308f067429c3c7d1ac462bdfef	
/usr/include/sys/resource.h	33188	26c4c86327f6983e23507917ba3c22c2db91f17d92c7d38df01316a62f2437e0	
/usr/include/sys/rseq.h	33188	1f43eaa481116a4f6cd0b6ad86cd02ca5f24bf627a2f8b5a1ee53fbe0140dc6c	
/usr/include/sys/select.h	33188	c820dc10cd6f3a2f7fafbba258e0d1a441a8ff01823bd997da4f5497fe77bd08	
/usr/include/sys/sem.h	33188	c4e5a4ab3b1bdeba7970f41735e4302518dd0e4250fc7d6fa3d9c80a59dc42f4	
/usr/include/sys/sendfile.h	33188	abd9605bcd12377b805ea47494ac468f3fd530f35f0ad7daee98307151697872	
/usr/include/sys/shm.h	33188	95f73f397883f3ef4de0017a88bc7c34936b92ac92996082914172d130fb5e9a	
/usr/include/sys/signal.h	33188	31dc64ab5a19df2d250c68d97a3b60c78385ae9ee25f2000cb8cf051ad372eac	
/usr/include/sys/signalfd.h	33188	4680068d4b02cb6e86260068fee5f897cf99802f8be2a968e9234655c2fa9b6c	
/usr/include/sys/single_threaded.h	33188	8734473bd5a6f39abd074bc2db10501f9cb1b8b31ce8ede1e4f59536eae831aa	
/usr/include/sys/socket.h	33188	a0e06cb80a5f5ee06274a71f275fd75f66969360e4297ea3327bce6a1aa61acf	
/usr/include/sys/socketvar.h	33188	d662846f457f7ff0c9efa4da20fa965563326fc64a157ae83c5f85623d5a6a63	
/usr/include/sys/soundcard.h	33188	e52f4a87168f60c2860afe01fa7cc3f235bd6f3c9be2e997597672332fb0e56e	
/usr/include/sys/stat.h	33188	7762b66eab286d8c4b89b52ddd99b6460b558b375ae806b9fd138e76042548a8	
/usr/include/sys/statfs.h	33188	3e01283fc2e908ee350239e290a1c6d002c6199d854a6f23b94cc5ff98a9ac40	
/usr/include/sys/statvfs.h	33188	7c62c6d99e1703d67016ddf5ad47d1e4f89ca6a57bd160fb25da0e78d3fcc749	
/usr/include/sys/swap.h	33188	ca222815d99faf478bbe1d73ee2530117d7b1d6f242063e613c8d49221c9faee	
/usr/include/sys/syscall.h	33188	62dc068fa3bdf214937e26c9e77f92de798f69803b826ca7eaef5d0f3fe742aa	
/usr/include/sys/sysinfo.h	33188	d25a0cd050a5d68094cd3e1ce10ecd68494351750af84c1188693084cb77e1b4	
/usr/include/sys/syslog.h	33188	a29226d8ae591202c7db5bfa5967f32bf6a1e8ad96f87fddc8f5fa2635b779b6	
/usr/include/sys/sysmacros.h	33188	76f37946e47e75d20c3b7febf975ad5da225cd7ea1da569ccdf36a919a76d17b	
/usr/include/sys/termios.h	33188	b504b9961485d933e946a1dcc62dc2048df2f99891814691a5605c109696c661	
/usr/include/sys/time.h	33188	5022c662fd5ca3fb0181894a6241e3cf2d9dfade200c0062e5685362f105dc07	
/usr/include/sys/timeb.h	33188	a04be75be6fbedda3f36e711e01ecffe61cba1ecfed253c08829b2213204d7f5	
/usr/include/sys/timerfd.h	33188	ef8703ca9f56fa60859e4031d849d5283ca7fc0af51baab0f6cdb7830f275b74	
/usr/include/sys/times.h	33188	040a331b5151f13fc06cd20ce20fa66045c69a89e2dff76649c58c9085306167	
/usr/include/sys/timex.h	33188	373482da561661e9e415063d968985bc8619f9dcd2c15970f3031f1a6e87e985	
/usr/include/sys/ttychars.h	33188	67b7ccb5ac6ba994ee740fd42f237b907fe64b0ec9007b7debad92260b3ac997	
/usr/include/sys/ttydefaults.h	33188	23dbc1caef6d19508707ffb8aef4498beba70340c87440dfafcf4f3c9dd6589f	
/usr/include/sys/types.h	33188	049fc3ed84e810730a0b56e2084f9c190f7fbb582de6b55d7aa416dc41b17cd3	
/usr/include/sys/ucontext.h	33188	eccea66233ce45209a20e5ba746867bdb76003df6586e4a0b6fba74e020db6fc	
/usr/include/sys/uio.h	33188	4f492590b0824814dadf07c9446561d9c6d67047903d4c8afe5208d5b95d6263	
/usr/include/sys/un.h	33188	e3d5d62771b2ab293af8e43bef0fa2051cddfe8426cc6b815452817f86037fd5	
/usr/include/sys/unistd.h	33188	b5239a9340ef9440234ebf0a16ae276a58cabb6923df05f7fc49b66cd70ace20	
/usr/include/sys/user.h	33188	c7361261658255a5bc8268414e1a1cd68da7bdbd6d1bd31e01c369282f4519b1	
/usr/include/sys/utsname.h	33188	164b877bac5f231164ee251cc9e935c0303c5bc795db87f1f59aae6806f263ac	
/usr/include/sys/vfs.h	33188	36e49a8e51dbc4e1d40c655454984a3fd6d401c482dfdcc74a93b0853918ac38	
/usr/include/sys/vlimit.h	33188	898723b409e523399108cc7ce3a9c057e57e7fba61ff6eda5f15c8f52092dff5	
/usr/include/sys/vt.h	33188	59da9715f2ef97be98dc151d0c990b5b29885d72b21fce3b0e8182ac06f17c6a	
/usr/include/sys/wait.h	33188	be4f0ef8a18e9beb1f9046aea4fb4d7aaa6c83e12eefe83705147bcfc8220712	
/usr/include/sys/xattr.h	33188	1125dcd75b0cb68166f5b98786a877ae63711b67b074ef14276f2b22b8b1296b	
/usr/include/syscall.h	33188	b7bd8aa55ec85e943bb746706a569f5a455594c4e493bbbe8cf32149545de9e4	
/usr/include/sysexits.h	33188	724a3537daa14684344cf8fb771f841643701325a9517c4058c073b17e4281f2	
/usr/include/syslog.h	33188	85ccba76d1c50e6abefd04b99c7f90a63299ebd1f52a18726c63ac1e7662d98e	
/usr/include/tar.h	33188	e471ded28e2de8f5382eeef4c409f2faa8b953c4c3e61d1ebc93f517797e001a	
/usr/include/termio.h	33188	9387efa5596a0d0cf94978f4cca01f5c914d9e9997c3e9edca8ff1f0392f2ecf	
/usr/include/termios.h	33188	8f1d409c2d21e6c1a140443d7c17b87fc9f8d90cdd19a0b0b6032fa567222e49	
/usr/include/tgmath.h	33188	2ca2e3e4ff7a40a691516f2b03eddd6b566ac5c9cf4288075d2d740bb9fc8ffb	
/usr/include/thread_db.h	33188	f1a23c5456ff000eec860a809e9cd3f2ccfb056a39b686ab6ed5d83e5f833d2a	
/usr/include/threads.h	33188	3bb1b1e73a49bb40400a53deed48fb8ea12efd3551e20eacc65468c4bb4fa4e6	
/usr/include/time.h	33188	04d24820972265b7724331dbccd4306da9a2eaa81f8261acde5d1ec6d6b84d8a	
/usr/include/ttyent.h	33188	abdfe537275a43106230b59f82686c355977912d4927faa2f8f3c8579d760504	
/usr/include/uchar.h	33188	81db517ee67b2b5af7392aca09a34017ba52a749106289cb1c66f86d3e5230e9	
/usr/include/ucontext.h	33188	139b7fb979b7ce275f9983ea6253b89e94bb3ea7969374e885c11036247b906c	
/usr/include/ulimit.h	33188	1644d61580934da14a423e85cf2c4d0761ee6b35a71779b1955431a8fb1627c0	
/usr/include/unistd.h	33188	b7c94e0f780fccf2fffd9b2888e698f5519a75be6113e97141b1c5a082433381	
/usr/include/utime.h	33188	bef6d12039f8bd738a80835692da10d626daf953e44edc1187473eefbb53522e	
/usr/include/utmp.h	33188	d09c9fb6ea18e2ef0cfba7a2352f19f889ae1789f67cf53ddc096c93d51ea75a	
/usr/include/utmpx.h	33188	e2dc26c4ce763fcdd7e857182d4b684cc50a20178d9247c122e8273494c90108	
/usr/include/values.h	33188	8c5f7b27241b811e0c14e46d318bdf1b81e6c1e8385e067097fa628ccb90f8ed	
/usr/include/wait.h	33188	c953eb0aab25d400ef690ac094d02854eeeb9b5935a2a9141c041949133db5bc	
/usr/include/wchar.h	33188	b278b7d1fe2786a2883c7df60cdb5dd60db849f1fac2373982fd18c5412fae0a	
/usr/include/wctype.h	33188	9ae8c4c9ea7aa89862b4c60edd069ccb04aa81023dfee97ea1dd3150cf10f250	
/usr/include/wordexp.h	33188	caef0c962eb7ff3b5f67e53959534d15a71db72007289021e40da0dda412ce68	
/usr/lib64/Mcrt1.o	33188	28f7c185c415dc5edcebadcdf6b32458e287240685449a3a455af45186b911d9	
/usr/lib64/Scrt1.o	33188	5256f7cf2e3ebbba47329233f26b89d5971d83678f4cc230a88002cf4bc20457	
/usr/lib64/crt1.o	33188	820625a3ea40d2e99fbb1e0adf6aeacfabd8c854d09df704b82d058f00764f4e	
/usr/lib64/crti.o	33188	ad62ace25d7f42e65baf5c652fb98fcd51833247f9a5a00c785fab2f9ac3a1aa	
/usr/lib64/crtn.o	33188	b8a878a408e922738c10e4bdc0b4dceae4489bed68567bfa109ae9e9f5307a2f	
/usr/lib64/gcrt1.o	33188	34992c9823946f79f859cbf18e7d38f0f82925a697b0c71f3563474fb572f5f9	
/usr/lib64/grcrt1.o	33188	72c1978c662e439f26a501deef9761905b437c3a07261f137c3da62cbdb1ca83	
/usr/lib64/libBrokenLocale.so	41471		../../lib64/libBrokenLocale.so.1
/usr/lib64/libanl.so	41471		../../lib64/libanl.so.1
/usr/lib64/libc.so	33188	4cff2ec649fca550308030a4a5055367fbd4e6283c4c39e4b88151574c86c1cc	
/usr/lib64/libc_malloc_debug.so	41471		../../lib64/libc_malloc_debug.so.0
/usr/lib64/libc_nonshared.a	33188	a49d032f2ccddf1058b738fe884ede77a8edce721def01a10f48902061af5350	
/usr/lib64/libdl.so	41471		../../lib64/libdl.so.2
/usr/lib64/libg.a	33188	2b38299daaa48c6498b7730574f43e3261e27e69740db2d8572a2b545243e38e	
/usr/lib64/libm.so	41471		../../lib64/libm.so.6
/usr/lib64/libmcheck.a	33188	50dbd6a1bc9773be43cecc576c57981ee202255c2f49b7c61a7211c9e2220c97	
/usr/lib64/libmvec.so	41471		../../lib64/libmvec.so.1
/usr/lib64/libnss_compat.so	41471		../../lib64/libnss_compat.so.2
/usr/lib64/libnss_db.so	41471		../../lib64/libnss_db.so.2
/usr/lib64/libnss_dns.so	41471		../../lib64/libnss_dns.so.2
/usr/lib64/libnss_files.so	41471		../../lib64/libnss_files.so.2
/usr/lib64/libnss_hesiod.so	41471		../../lib64/libnss_hesiod.so.2
/usr/lib64/libnss_optfiles.so	41471		../../lib64/libnss_optfiles.so.2
/usr/lib64/libpthread.so	41471		../../lib64/libpthread.so.0
/usr/lib64/libresolv.so	41471		../../lib64/libresolv.so.2
/usr/lib64/librt.so	41471		../../lib64/librt.so.1
/usr/lib64/libthread_db.so	41471		../../lib64/libthread_db.so.1
/usr/lib64/libutil.so	41471		../../lib64/libutil.so.1
/usr/lib64/rcrt1.o	33188	7b04eb96ffa36d088aacf94c73d8d91d38486ad8748096a6da601b142fb01fc1	
/usr/share/doc/packages/glibc-devel	16877		
/usr/share/doc/packages/glibc-devel/NEWS	33188	3f5832d23f7149b94d88331c3ed3aac07fdd0585fb2da969538adba9dbbfd093	
/usr/share/doc/packages/glibc-devel/README	33188	8acc452e8e351b7cefd95d7ce6dac845664f14e5ce55e578408307221edaa347	
/usr/share/licenses/glibc-devel	16877		
/usr/share/licenses/glibc-devel/COPYING	33188	8177f97513213526df2cf6184d8ff986c675afb514d4e68a404010521b880643	
/usr/share/licenses/glibc-devel/COPYING.LIB	33188	dc626520dcd53a22f727af3ee42c770e56c97a64fe3adb063799d8ab032fe551	
