libopenssl3-devel
Secure Sockets Layer and cryptography libraries mandatory for Development
Development/Libraries
8
/usr/include/openssl	16877		
/usr/include/openssl/aes.h	33188	130e304c466bda5db6de2fdbca3a970905070ab935d702e61c8371334851ea27	
/usr/include/openssl/asn1.h	33188	51a457023c28d9a53ae39cadadaab83f23445b69376a212d3d92223373629ff8	
/usr/include/openssl/asn1err.h	33188	9d60638b3d0c52170d390fe566c0b96a6381590590cc3dd71339eb85140fe1d6	
/usr/include/openssl/asn1t.h	33188	ff24b48590d0fbc9c352c27caa2245feb9d01829e05c48df69df4217ac869a23	
/usr/include/openssl/async.h	33188	708d52ecd7bb5ca83d243ddecb132db0693b0809f65c093eabda549156934030	
/usr/include/openssl/asyncerr.h	33188	eb6ea0f0389aa7846ea5b8f5b7b8d2a82a7b52e7dbfa105bc137e52be1399a69	
/usr/include/openssl/bio.h	33188	4802c60e0dd656a2caed92e8df4867532d5f2cb835bab29b4f0695d2a8509965	
/usr/include/openssl/bioerr.h	33188	fe1bf57251e4eaab30d2a6aa2048ee93deb1f0f15ef6634f61093b4d405586c6	
/usr/include/openssl/blowfish.h	33188	97064924914f71425e48f5d53893abca0f07f329dde7a8b93b581dc9ee2e837a	
/usr/include/openssl/bn.h	33188	113a732a94b0221fdcda3e0b0f24b7d389072b2920291c23c0849c7bc5030b3f	
/usr/include/openssl/bnerr.h	33188	beeb78746fbcc2c09e1f833f4c2ea72e845e757390aad7dc8699f7787b580204	
/usr/include/openssl/buffer.h	33188	c7b9803f89bb492176a1e2738999dad86195ab8048a26e8ec9ef6948b8882e8a	
/usr/include/openssl/buffererr.h	33188	4dea6e8ec7f09bfbdaa85fa3e75572b95d2ea62a813e7420a04f5f56ee7ccdfd	
/usr/include/openssl/byteorder.h	33188	f062018f5fbe9f8459967dffaaa8e27f34596fb0da21fc011d0d556384a0305c	
/usr/include/openssl/camellia.h	33188	e03acf0f3406032e5322e4f3368e8e48e5b73e8846955c3bcb3a4f1cb54d2ebc	
/usr/include/openssl/cast.h	33188	4fafc375a53d88fe4c709d8ee5fb74dc0fcaf91915837c3c6b4df0d916b07f0a	
/usr/include/openssl/cmac.h	33188	048677b08aab6fd862d2b8b15556db8355d2142b93a9431ffba1d75a25912847	
/usr/include/openssl/cmp.h	33188	3ab5f42be3a8adb42855d03c6cff0c1d3f1618bf84f122854c3e344aa663168f	
/usr/include/openssl/cmp_util.h	33188	16c51c48c83c930b018ff711553e107f1870f1cedd32d94c06f15709b080c321	
/usr/include/openssl/cmperr.h	33188	220d1a903b66e25fa1de92f3ee8b3f5ef27de6dface0a4ea68e683a19e3549a7	
/usr/include/openssl/cms.h	33188	cb46c86ab1ba0a7ea06bd25064e96c5d6d1cd104af1fc450015c15ba70a91de7	
/usr/include/openssl/cmserr.h	33188	1cfc091ae52fe85c79bccfe1cc2d0e2979afff511e6a91fd04142596a65ac31a	
/usr/include/openssl/comp.h	33188	3f95492b4054a8064bc75f770766aa6c8c0866cbd267939460786e13092a053e	
/usr/include/openssl/comperr.h	33188	03faa7ac9cf7ec99350a55758a685056dae8f75992887e0411c23b0d8c5d83b0	
/usr/include/openssl/conf.h	33188	ba4d4d590f0da539a1380631815373199cd505d8e973c0fedb1d93a56b05d53c	
/usr/include/openssl/conf_api.h	33188	38dce9e9e0a438fcaf1d173c26e61c821bfd3756e221e3be76cf010580ac52f7	
/usr/include/openssl/conferr.h	33188	ea9346e399d5dd1fbcca4f34078e1acb5039333602ecaf72faa04e32cdd55484	
/usr/include/openssl/configuration.h	33188	ec91bb9ebb425fcbd3d3ef763db7523bd4714064eacab53f7cf066550e3b1a7f	
/usr/include/openssl/conftypes.h	33188	496997cc0f4c32b840677eeefd3ecb488453254be6e228b8cd34d4a4061a9e28	
/usr/include/openssl/core.h	33188	4d4e63e2e01d06530515adbbe3c93601c5f0f5e1a96754d34d3470bccfcbdbc3	
/usr/include/openssl/core_dispatch.h	33188	43e25c38bbdc9b070ce14111d8722cf1c4072ba52fb0d0fe40f6fbbc2dc70365	
/usr/include/openssl/core_names.h	33188	738387bd3b5f7d505229d50ef44c99322076995bc3e4f143aee9b272e7c333cd	
/usr/include/openssl/core_object.h	33188	e8fa8c62ad1367bd325d59d721214d1a7afd5423205134152f60cc39a8590c8a	
/usr/include/openssl/crmf.h	33188	65331763ed05e7d6b915d982aa532002230568ad3f300ceb0102704d500b9f72	
/usr/include/openssl/crmferr.h	33188	9f2ff7a468b5048d543fef0324b39abdea63fa07bc915f62ff42a1937d7258c2	
/usr/include/openssl/crypto.h	33188	e38926e360184b25b245e694563129c9b7e6aaa9f152e270ab9f3cf4ff1314a3	
/usr/include/openssl/cryptoerr.h	33188	c457c0591449551657a69ff9727784a79cc1afd899ac733c682c1a41fefdaa19	
/usr/include/openssl/cryptoerr_legacy.h	33188	985664cb71a62441b2822028340bb4ad5e3f98d6c74ba4c1bc7c997e188b97d3	
/usr/include/openssl/ct.h	33188	fe294ca4b7d06375f9e8d347e89ab02e8e6b2621efc4e371877f03fcaeb64a13	
/usr/include/openssl/cterr.h	33188	26d971ab2166ba4473864506dcd933290fa6c321956ef46220eb61fb33a04c89	
/usr/include/openssl/decoder.h	33188	72dbf52e4dc4efbfaddbf31ab6f2bec3e9a5c22eed865d057b960a014a4b9ec8	
/usr/include/openssl/decodererr.h	33188	c6818c667bdf8c37c5423580e0551359c69efc884198d28675db23e9fc70946e	
/usr/include/openssl/des.h	33188	420afefcf27f28046912c5f156bc9e93d71a2c8a47bf0f605695a13f391cd5f9	
/usr/include/openssl/dh.h	33188	25080c32c48d5a88053c4b83c326e8f024b68249a0ef65d3c45af4f9aab6e0c6	
/usr/include/openssl/dherr.h	33188	70f9e260865a9aae4c5f9a72d42d878e4dc216c906709245a8da2cceb79c3a14	
/usr/include/openssl/dsa.h	33188	dac47d9779f83eb4e5a4f57c234e6eb25277cea68001384360e16c8859c38338	
/usr/include/openssl/dsaerr.h	33188	b8fb8dae664d18298ae4b0c5444378e3f5c5d095256acb50764230159b1a15d6	
/usr/include/openssl/dtls1.h	33188	3477022a712ecbb2bfb61b297c57026f1c354d52c638dfb22292183bd68d2e8f	
/usr/include/openssl/e_os2.h	33188	d7300e16ec04f764e8fd45ae5288c37ab5af09dd1ea204d17c54c0155c69921c	
/usr/include/openssl/e_ostime.h	33188	0528cffa1548778b3ad52d4abb527e5f31590fb1bab4b0f55aad391efd79fd68	
/usr/include/openssl/ebcdic.h	33188	f50d3c91cb24772cf3155fe6464d811219b8f7c65ea3d4f974f58c03c3f27ab5	
/usr/include/openssl/ec.h	33188	2cc0edb6a18c4c1199bfce6799ca56362a6c27d41dfdfee62177a3d53a8c9a65	
/usr/include/openssl/ecdh.h	33188	5b99fdd1dfea38640ed8a506fb9b66db381cc26a1254448a81cc6b161e41850f	
/usr/include/openssl/ecdsa.h	33188	5b99fdd1dfea38640ed8a506fb9b66db381cc26a1254448a81cc6b161e41850f	
/usr/include/openssl/ecerr.h	33188	c072432649cd1e4bd1eb8c1f636bc2b57045d6f620d69d61c85f589d1c6b63e3	
/usr/include/openssl/encoder.h	33188	73459b25f863cf9bbb3de66f04ffe7ddaf9450f3c26afb1d5827325fa0a89fd9	
/usr/include/openssl/encodererr.h	33188	d010ca78b1df89c7fe3410d2aa5674179bf6750a445382ab8a0314c20a5b9799	
/usr/include/openssl/engine.h	33188	185311cc9702aa00fcafefad6f83ca1f597659d5075b66100c61053e1be5f47d	
/usr/include/openssl/engineerr.h	33188	2732c698916f320ba12ba690a80c1ef0651112015c5eac6141b1c3c315d1f5fc	
/usr/include/openssl/err.h	33188	0d673984ff62d55d1fb4534d8136b7325e5264efeeb0b911cc94a4922681e080	
/usr/include/openssl/ess.h	33188	ff5fd097ae2df724b1c2dbe5bd3806817bee972c9318d38601dac5288f4b2d81	
/usr/include/openssl/esserr.h	33188	9ab984787cce1224e1426be57987e7726d8c5d38651dd96802a7d433c5288ae4	
/usr/include/openssl/evp.h	33188	41b42c68adfd98b9d8a80fb2d78bbdaf1094f43dd02be045c7d8605edf36a706	
/usr/include/openssl/evperr.h	33188	ee0a462f1985667434a2b8a91d5df67ce2ee74e4ad9246f660dece5fafcf4474	
/usr/include/openssl/fips_names.h	33188	95f0ddd1271d1bb609acbe42924e903a2dda8e224cced9eb56f5680a6ae75a8e	
/usr/include/openssl/fipskey.h	33188	2ace9db2041934a211c6edb082798db0aace37506fcdbdd4e7e899767fc41014	
/usr/include/openssl/hmac.h	33188	9caf0b993c6ae2b3c75b9b585c8539dd358ca5f4edc42447295f87fc504eb1b9	
/usr/include/openssl/hpke.h	33188	58f81dab37eddc03b86db9dd640980fca872ddf19f4477482826a64f20454cb9	
/usr/include/openssl/http.h	33188	1f8d65d9633d54a74e8477396f2e3d34f5cdafc753fa8d56a5ee31753f5b734f	
/usr/include/openssl/httperr.h	33188	cdf601f69893a286d921dfbc8a017c78462959395939c9f1ba639ed27d5c087c	
/usr/include/openssl/idea.h	33188	d114cb69e2e820008c508b7ad9002586806d82e3006e88162bd4a7c2dcd1e801	
/usr/include/openssl/indicator.h	33188	4be987d4fe4a4b39feac27c2ee85000e1b6ca7188d8ca9f75689a8205c2b4563	
/usr/include/openssl/kdf.h	33188	a4a7c722598b9b5b5fa6e4d659a7c8cf659c5db60c7396ed021d434c45e552c6	
/usr/include/openssl/kdferr.h	33188	cbf4bd667f0a53459163f546920c2c98ce6d10b0db99176c779d8bf32f04e8b7	
/usr/include/openssl/lhash.h	33188	ba50a0dc4caa9662e138f913566c44454a68f6e59c405c761c1f387f58855af4	
/usr/include/openssl/macros.h	33188	de19de1ecdef8709fecdd76fcaa35e78ca22afd15a0e938f13d98857b8713f49	
/usr/include/openssl/md2.h	33188	a8eb0a1cdd0ced053d0f5dc5d1f63fe67f96a83c1cc37b6bf7adde85a567a631	
/usr/include/openssl/md4.h	33188	75d0ff7b22daa2ab31a0cd03ce9ca10cef64f431d32c49def33d0f0164e36f0d	
/usr/include/openssl/md5.h	33188	e22e567d09253eebf2c17f620783808f407bc7b969aa90bf3b44ac9001f6d329	
/usr/include/openssl/mdc2.h	33188	740c2361d9b0ab5330ae0054e368f573416c401cb3855b72323967b29232421f	
/usr/include/openssl/ml_kem.h	33188	58ecec9d4d95ab5172290a4c5725b7b6940149ecdbff5a33b93cc67ede1b25f7	
/usr/include/openssl/modes.h	33188	8ea97ace0601cdce6a12d0e1e92aefec062c299d0fcb5ff6477e3d752a9b9763	
/usr/include/openssl/obj_mac.h	33188	d51cb3f619888a0485ba46ad886f76ac605ce78a3cfbc080460947ab2dbb3a02	
/usr/include/openssl/objects.h	33188	b6227db488aa39ed20a29e67d48fe8fefb2f649a1afcc3149cba22ac26510057	
/usr/include/openssl/objectserr.h	33188	fc14e6c9e71fb550363394f912cb72e6078dd11e300bdddfdd17ec118c88dc4b	
/usr/include/openssl/ocsp.h	33188	92eb69f74980eb03ce60a02be7ccc842a6e04ba1e9d82a94e3158634203aa21d	
/usr/include/openssl/ocsperr.h	33188	51b319980fb406b70ff0aee9c145c260553f4ff6516305b9c2864643096cc30c	
/usr/include/openssl/opensslconf.h	33188	7f4b522c049d0bd0d651e6f6ebe71d6df0c37231a94e32524da3f4642ebda3be	
/usr/include/openssl/opensslv.h	33188	dc5c09549d2ef3ddc7c76839ea58adc5f23bd02b8f20a9e1b8b8f69e2f40d354	
/usr/include/openssl/ossl_typ.h	33188	8d430751bbcd1d9695f3dd85b16958fd6255dfbf55775207923f67cba1754548	
/usr/include/openssl/param_build.h	33188	f078c5549e172b49da9993ef68c7b7fedafd66b05255c9bf8a37154f0a40bdb7	
/usr/include/openssl/params.h	33188	b76d73449d8d44d14a7da9918caf3d1feee85b384e2d62ace73a8a1126152702	
/usr/include/openssl/pem.h	33188	9098124ff7a21c8f1db5ddead59b1cf092f88c9f44bf88dacd3c8de9c67ade76	
/usr/include/openssl/pem2.h	33188	5bd104c872bbfee2d16f5af88c01b0aeee9f177ecc88c0dd237c9c9948eeedc6	
/usr/include/openssl/pemerr.h	33188	18c1dbdde2452416b1d49c7512b7c4b8bf26ac7b83f5c0ee5e27e9bec454d2fb	
/usr/include/openssl/pkcs12.h	33188	7aa3e49a731845fd325e967af1848fd9616c17d4c8a9b5822e19ae2f86db8a2f	
/usr/include/openssl/pkcs12err.h	33188	fbf4142e0ee58b6c6841890d873f07ba0362e21ad74702d70552122e01c096e9	
/usr/include/openssl/pkcs7.h	33188	1bf08b1d83ab798b6715f5c42b2bc5a61b5e6c9c17043d441df274e5861aaa03	
/usr/include/openssl/pkcs7err.h	33188	717e017e7d0981928b33820660e19d5c264a06a5e824b94194036a8be92be07c	
/usr/include/openssl/prov_ssl.h	33188	23b96759ae94e17c7c0e7ee32a531676be2a276a6d9802828e80268e20f224fd	
/usr/include/openssl/proverr.h	33188	3aaec27b2bf592b5861a3524b6f03a541d7de34e6dfcbcabc2b6bc40221bc743	
/usr/include/openssl/provider.h	33188	dac4bfad226a8e5513cecf472e41e0b7ed93c95374a0ec3fd56f7b046e0aeff1	
/usr/include/openssl/quic.h	33188	a80af6c42394132eaad8de7177c6b0b3f747711730e8dd687acdc34284b3c2f8	
/usr/include/openssl/rand.h	33188	cb240ffedfd9516ec7a8cd0796951d46a4707c0460f940371620c83f7bafd037	
/usr/include/openssl/randerr.h	33188	a6acbb47da2f26fe5e572f232eb9d9ebcd65bb7c01d5984ab26229e5bf0bd45e	
/usr/include/openssl/rc2.h	33188	b86a429de0c73aca6e0504b8833c1dcd9e8c7cdf65c2b31b38d0d0c7b19cc5e9	
/usr/include/openssl/rc4.h	33188	1bb4fa9d14861cdcf0a721d8d1026be80ce019da459ffdd8b5c1d12365110e78	
/usr/include/openssl/rc5.h	33188	dd71ab468383a2a8ca4ff34f9273b481c1ed518c380da6d1ab82e9ca6b7edbd9	
/usr/include/openssl/ripemd.h	33188	4457b36942bc0e298c993b48468ef8f3f00331a9d67bd0b894dd5bc5f58ab35d	
/usr/include/openssl/rsa.h	33188	86d3fcf7e4f018e512f025ba7e51c465a97e2d7d9cdb07cb89f9cda583f7afc4	
/usr/include/openssl/rsaerr.h	33188	b4f87b5dddc672b81de0dfd7f3c4e6409887bd08b286c99ded8f1255e5836804	
/usr/include/openssl/safestack.h	33188	99c92060bf4abf2a18f7963eafff3692b0823f9132e23fa034eb9a4c199f028f	
/usr/include/openssl/seed.h	33188	75a00b017f40beba051fdaad04876e18d3c80d1b1f1c21d78fafc69ae8e3b034	
/usr/include/openssl/self_test.h	33188	4bb6ecb6d55e5e1bee6ef79c24bc8691174ad1b5c160f7d3daea150c140d3abb	
/usr/include/openssl/sha.h	33188	7e006accd6565cc97dee672c097acc5e38482be7cd4fa1e0c316bf466425b895	
/usr/include/openssl/srp.h	33188	e92c59f7e840fec10da0c68cd3fb566ada249102db56b0275ee0c6e6b5c4b79f	
/usr/include/openssl/srtp.h	33188	6efa8edb1f040ba35cb05a671efc74c1494b9d4badc32d47cd5bb99e1a9cda38	
/usr/include/openssl/ssl.h	33188	ffdebadabb9d025ffd6f1da5d9a45072a471c171fbe65fdb6e6fe295a7fa3aa7	
/usr/include/openssl/ssl2.h	33188	d33dc2afbcdee20f20ffcdd5cda6777c5e49a7cc37d513e4618b71a99129af20	
/usr/include/openssl/ssl3.h	33188	f98e0eb1702bf99614e92e2d09f1af5b59309e156441e40ab711df7d661536aa	
/usr/include/openssl/sslerr.h	33188	7a9dab7a198ea5c17fe5cf8e1905a54ae88c0044a86c1accf1e7cc9e7de374e2	
/usr/include/openssl/sslerr_legacy.h	33188	988c235994713d83d73ee904804f7edb4f6e321b4ab94c5aa5a9a0c7134fb499	
/usr/include/openssl/stack.h	33188	c81fbb17b5476dca609b96eb11372d1d246a49096838c2cf7e81ad6b25f69316	
/usr/include/openssl/store.h	33188	0fd665a474792f49055d7bd6e2bebed1449fb2dfd21ac042aa2cbc4cb6c8c66e	
/usr/include/openssl/storeerr.h	33188	e13ecdf3c46b4dde5d857f8a7a3e2c0a444e309aa05d789bf99d73ecefab87aa	
/usr/include/openssl/symhacks.h	33188	2b54552189bfbf4204c28c6a421b21702a3cd3dba37570dbcdadb7ee648f155b	
/usr/include/openssl/thread.h	33188	583716b74d6aa0596c1d1b06cb16f657d4d9fb9c13cf30505ec0327046af6baf	
/usr/include/openssl/tls1.h	33188	f075f51b48cdc3503e40b8f81fb2b760ba2d4f315d2844759d9089ffb10613dc	
/usr/include/openssl/trace.h	33188	5b7f86a453e6b404ff019e23e84de856c2a25b8243d4bfb92c92471a3735e332	
/usr/include/openssl/ts.h	33188	3de4eecd9a731d9a05a1b7baab18cb1c62f59f8a9f9e5ed049525a8ada9207b8	
/usr/include/openssl/tserr.h	33188	27e66bf494926dea06d8c3800823f2485cf1a7f8f41f5628ff4a443f9bcceb87	
/usr/include/openssl/txt_db.h	33188	cbd03be764d6d12e12895703756fbe5f2b7611d4cd55d343837d48e8e6e60523	
/usr/include/openssl/types.h	33188	426f5586d3e21033515498d81ce77c1ae022c5aab52962d91d6c88a36cd07262	
/usr/include/openssl/ui.h	33188	75d4827c0126628779516a2109efd0b5dffcea1fc651740d328fe816af474481	
/usr/include/openssl/uierr.h	33188	a21be118ee97343a03dc28256370839e5751c82a2a7bcb4c60fcbd97a9e2bef5	
/usr/include/openssl/whrlpool.h	33188	d38ef40783400956d571e442d4f459e9c611239d719eb128e19bc64982d01922	
/usr/include/openssl/x509.h	33188	f8f342cbd87cbfa9ccd40d3389f270b4d3da42fe1586a92e6c217cb0e4dd9550	
/usr/include/openssl/x509_acert.h	33188	4ebbe4020238f1faec037bba95e77cc9d989792b4531f2baaea94cf7237073fe	
/usr/include/openssl/x509_vfy.h	33188	daf5959e1336a70321a9ecf7b357a83f5c64749776b7a33ff173eb1287def65d	
/usr/include/openssl/x509err.h	33188	2250a50091ffbc35c6cc45fc2a32b68ea38cf2ba510b197cc7d58c957179bd1e	
/usr/include/openssl/x509v3.h	33188	f51142998519410cae007ad2601cd7a93698d14da625b8110822af23811c9f2d	
/usr/include/openssl/x509v3err.h	33188	b9be8b0429bfaefb973531e81d598e40779b3788e129c4cc9e33651d2308b990	
/usr/lib64/cmake/OpenSSL/OpenSSLConfig.cmake	33188	2090da3c5aae3b770a3d0c24f0000f79d0940b0fd78a55b4cb399cad6dd84397	
/usr/lib64/cmake/OpenSSL/OpenSSLConfigVersion.cmake	33188	33b9a33b7e42bdb79afc7e944e3110151e7725a0f8f135690474fa2c6b15956c	
/usr/lib64/libcrypto.so	41471		libcrypto.so.3
/usr/lib64/libssl.so	41471		libssl.so.3
/usr/lib64/pkgconfig/libcrypto3.pc	33188	acc557fccf275311a60919e7421aed6964fe5fd2219a88f2fb84154a7564ce58	
/usr/lib64/pkgconfig/libssl3.pc	33188	06ac90f95781a17556d7663426f86a496cd6790af6b0934a00e646d6b03461a9	
/usr/lib64/pkgconfig/openssl3.pc	33188	87edb6ac09641f589c267578094fc873072cce529ac16bb0ea2b1a75c1a91fac	
/usr/share/licenses/libopenssl3-devel	16877		
/usr/share/licenses/libopenssl3-devel/LICENSE.txt	33188	7d5450cb2d142651b8afa315b5f238efc805dad827d91ba367d8516bc9d49e7a	
