libxcrypt-devel
Development files for libxcrypt
Unspecified
8
/usr/include/crypt.h	33188	01023ab9ad67da6d459273369681d1a7279932f7b3f7cdd73a2967caac9651a7	
/usr/include/xcrypt.h	33188	27aa1b04629a87313e3218fb5887ee4967fddb299ddb5aad805d0012791adb5b	
/usr/lib64/libcrypt.so	41471		libcrypt.so.1.1.0
/usr/lib64/libowcrypt.so	41471		libcrypt.so
/usr/lib64/libxcrypt.so	41471		libcrypt.so
/usr/lib64/pkgconfig/libcrypt.pc	41471		libxcrypt.pc
/usr/lib64/pkgconfig/libxcrypt.pc	33188	0d2644c99810d7ec383490f33de5493f27cb43d7fffdda78fb4ddf7683386a18	
/usr/share/man/man3/crypt.3.gz	33188	9f040c4d321a91358d9ef461a55ab19292996acb8d013f2b0aba56d500f47d69	
/usr/share/man/man3/crypt_checksalt.3.gz	33188	cece617ce6ab383b649e5537292edb9dcf3e684e37ee3ed7b21f3b2dcc8c0b96	
/usr/share/man/man3/crypt_gensalt.3.gz	33188	d8daa1e2601c582080527895985578762cd381a74ced6022ccf19d954db652e9	
/usr/share/man/man3/crypt_gensalt_ra.3.gz	33188	68ba7764fd24dd0b212d98ba658f8de6c34a6a7c190b26f97fa7f49d2cd7feb0	
/usr/share/man/man3/crypt_gensalt_rn.3.gz	33188	68ba7764fd24dd0b212d98ba658f8de6c34a6a7c190b26f97fa7f49d2cd7feb0	
/usr/share/man/man3/crypt_preferred_method.3.gz	33188	3dfc27859be64b68ae9b94b465b7d8b1539465cd011df3e361a09fd81fbc0c98	
/usr/share/man/man3/crypt_r.3.gz	33188	3ea8978d1757ecb1b41012b7b2f353bd766f6471d24212a08bc1305e2c0a0ec5	
/usr/share/man/man3/crypt_ra.3.gz	33188	3ea8978d1757ecb1b41012b7b2f353bd766f6471d24212a08bc1305e2c0a0ec5	
/usr/share/man/man3/crypt_rn.3.gz	33188	3ea8978d1757ecb1b41012b7b2f353bd766f6471d24212a08bc1305e2c0a0ec5	
