nss-devel
Network (Netscape) Security Services development files
Development/Libraries
8
/usr/bin/nss-config	33261	a8bb96dc7f93b6d782593f94a943b9c2badc12c8a892058f49881acd22cbee41	
/usr/include/nss3	16877		
/usr/include/nss3/base64.h	33188	6acb4c10f2e2cba8e0aefe4688a16cf871aa83f144e4fee693a5be95ae12bf10	
/usr/include/nss3/blapit.h	33188	b78249e4df8b9c3d61b43e33b4bbbea0b341520827fe0eb7b47fe109e563aaf5	
/usr/include/nss3/cert.h	33188	923a31a42dcff6cfd6de4b2ea15ece2cb54b0118704306b5fa197c9d0476d0d7	
/usr/include/nss3/certdb.h	33188	404e6f27c34e295a8f013e303fa9b5abbbc18c8e52c0e7c5f3d9391056bacffb	
/usr/include/nss3/certt.h	33188	c26145b9165656d29d88c1ae7a344d20407c69031af977a6c356a286ed390540	
/usr/include/nss3/ciferfam.h	33188	c2cc1a442fa0a2c81c1908973d388255f1aeefcb10902ef01f2b99e0a105bdde	
/usr/include/nss3/cmmf.h	33188	b23de1a94d361f4569c32e1a7fbd6945b461a5fac6aad82c82040e1a28718790	
/usr/include/nss3/cmmft.h	33188	67faf21fd8036314d911a33f534e462584fbaa6d720c76e2819a14fca2392a47	
/usr/include/nss3/cms.h	33188	1a376d2cce0957fbf58c772c477752f7faae6ae3456f8f9e95e06a6aa7fe6939	
/usr/include/nss3/cmsreclist.h	33188	57c87fb3e7504eb5e3cc2ea45f9f291fa2eede68d1352d659e49c7c7b661b82f	
/usr/include/nss3/cmst.h	33188	dd89592555e146f7556a02ceb858c33629c3a9169b4f8b070ed2ea9a1e362e66	
/usr/include/nss3/crmf.h	33188	285d2904980c267d44ed8ab88f5ab02abe975c2f716d5a82797343013f8d9150	
/usr/include/nss3/crmft.h	33188	d85ee9d12baf0d88a6dec9fea57f9220ac28bf11555d6ea468d4061903c1fdd2	
/usr/include/nss3/cryptohi.h	33188	cbd626c8a8e824cf8806d861500b99619af5a9034b6720741c51153b00ae927f	
/usr/include/nss3/cryptoht.h	33188	7efb09287ce5f0b51dc9b9c526fce78431935fb02b19022a1ee8888bcec417e0	
/usr/include/nss3/eccutil.h	33188	d2f651318eaaab2eaec2d23a378c44007183c35ee1d2f40247739708544b5255	
/usr/include/nss3/ecl-exp.h	33188	d39a5606689fee0ffe59d29239effdd164cc6071065ec6fe2454a058a61a9cf3	
/usr/include/nss3/hasht.h	33188	bff7a757ce9e8fc98832a522fccb2dabd8a62bd4c07f10fe17beb65cdf89eca7	
/usr/include/nss3/jar-ds.h	33188	306f1b50f26caba742acf4ab2243a8cb68a8af5d87aada34e480b38792234062	
/usr/include/nss3/jar.h	33188	888749092e66611b067b560a255d098384fd9134a3a057c9824373f0db0d3008	
/usr/include/nss3/jarfile.h	33188	f168b3b8619e110e4a7db7e45d48b416a187cc5fcea89cd710b4a179a03c095f	
/usr/include/nss3/key.h	33188	3fbb03873f076c4fd72ea77593d7f0e156cb360808954d5933f9f452fd4640a9	
/usr/include/nss3/keyhi.h	33188	4a95e30a4e9eb187371ba2ba98fa1ef00655817a3d41b4f2b2e4a6f124717931	
/usr/include/nss3/keyt.h	33188	c0749e700085171abdc64e8238f0d1f6e908be8148579c7ba0a0c9ea3f535b68	
/usr/include/nss3/keythi.h	33188	f36df143bcfcc771e03575d055b0b07bb4f40b1c87abf6e8f5843236c80d16cd	
/usr/include/nss3/kyber.h	33188	ab6a210b997de230a5d5dcdd4e29d2f30910253157dd5be1975a0da2839a2686	
/usr/include/nss3/lowkeyi.h	33188	5c01a374f357412f29c2a584ca9fb2c884d61b7f76126486b5fd22399d3fa8b1	
/usr/include/nss3/lowkeyti.h	33188	9323ad25f2dead60960cbd421dd55a450c096c5d878e811061c0994f0df93335	
/usr/include/nss3/nss.h	33188	dd1bc6fee22237bc666cff948efdc8a207bc944848b6da7504f7f1e6fca96b4d	
/usr/include/nss3/nssb64.h	33188	9c7ccc03e9e4d129de4a7d59f139589f9ea67204d485187cce300c853597952b	
/usr/include/nss3/nssb64t.h	33188	54f450105aabc475c487e03650cf671dec8f702c560b28e2dae3cb639ca4cf25	
/usr/include/nss3/nssbase.h	33188	a35ece673d12028eb93987be84491b4a5978b26acbed9391ea7c623d89211489	
/usr/include/nss3/nssbaset.h	33188	2314809e560ccd8db3aa7c73a76761c6dfdc9970766418eda2ccf5d82d7c8c87	
/usr/include/nss3/nssckbi.h	33188	6dd3073fef4d4014d2ef42dd8fcc04be32cacff0e1fe7afebb21ac591b8eada4	
/usr/include/nss3/nssckepv.h	33188	d17c98658d22e1d43bebb72e5c2fa70d38b4813cc365664cb7e012c1c205945a	
/usr/include/nss3/nssckft.h	33188	44468d9015bc778365581b64aa8389d29b1253027c339f0db50c4fa4041b1826	
/usr/include/nss3/nssckfw.h	33188	10323e003c49ea719ba9d58bcc8cd25e0cb04b9ef477e86532dd49ce5aab7de4	
/usr/include/nss3/nssckfwc.h	33188	26ea03608b467e5d895ef62414d18e48c7eef62075092710067aa35ab7da79c7	
/usr/include/nss3/nssckfwt.h	33188	7a0eecf6f3406b0ac94bde7ea8963f1ed4bdc05c48bade64adbbe3f942607a58	
/usr/include/nss3/nssckg.h	33188	424de03c781dc5f6985867d3c8905ef675f7f2bef4bc52abc6e523484afb4882	
/usr/include/nss3/nssckmdt.h	33188	1b21ea3c7786c18bf805028e1cffccd66b61cd82a81f785f2773c84c246b3f1d	
/usr/include/nss3/nssckt.h	33188	616dd39c3520cedf4a0b72c67baa0de3103d894baa8631e24020c157d21a2473	
/usr/include/nss3/nsshash.h	33188	893b0b26d2eb375345010d004612435bc6b33c782d8a99e63394e5d10f7cea44	
/usr/include/nss3/nssilckt.h	33188	e9ea8ac53462437dd45b5e5d06d9859e9eba64b8c233653c0bc75952c1d035cf	
/usr/include/nss3/nssilock.h	33188	1b31b62fb0b4ffc1523470c2d02e5777cd7073fc10deca942f284d394eb49c2c	
/usr/include/nss3/nsslocks.h	33188	2ae4f83a9a865c080ea849f9e7b052ac02112b2c77f5da4b0025892f9f22a1ef	
/usr/include/nss3/nssrwlk.h	33188	02fea8c97d86b58f462d4a65830b51620a0e7b1ec7aeaf7ead9cc424722c115a	
/usr/include/nss3/nssrwlkt.h	33188	f8858b3dbfa63280b653f1d0095b17a85db44f0f0bbb92f20996c50ba4d19abe	
/usr/include/nss3/nssutil.h	33188	8b8e87f678a9509fd24cce225557948c3eaa08400ca80689aadcb76e6ac154ef	
/usr/include/nss3/ocsp.h	33188	4ae663f20fdfab719067f33159ecdff437c7e2f0e44b667e550cae24b56edd5e	
/usr/include/nss3/ocspt.h	33188	13a93e917eb350e70642deb543321bae41c2e0d21373be861e805b5dd43840ef	
/usr/include/nss3/p12.h	33188	f4a0ca63fa23f5466e8f2efebec661a423ec34bf80d93644cf3912671190e936	
/usr/include/nss3/p12plcy.h	33188	e0f01cab95b0b09f698cc00b90b91c4014f6fc8372a46cb1e784b644804f36e3	
/usr/include/nss3/p12t.h	33188	b7be96ee7a43690c64ccd83881ad8ef787cee2cc2831e7cdf1f47ab29e588560	
/usr/include/nss3/pk11func.h	33188	add749548d529e1fad282c9b225d75451053e11af8a760bbd33d9cfb985d46bb	
/usr/include/nss3/pk11hpke.h	33188	dd9f4efe5a75c657decaef8eccfe6e6cbfcc419a062a46c5d0b9a209965c25ad	
/usr/include/nss3/pk11pqg.h	33188	00070094617d3ac196bc9e27e837f082e0b22b3998db307e86dbe91746af16a6	
/usr/include/nss3/pk11priv.h	33188	df0e05f28f2a42e2c94f6df8bfcc14b6aee5f442a35525474efc138bf42250a0	
/usr/include/nss3/pk11pub.h	33188	4f43d7bd0335fa9ac5baa513a9619fae3af8243d2ea0b17cb81554d4fbd92d71	
/usr/include/nss3/pk11sdr.h	33188	f28466bace1f7e3b4de54d2216cc58623b137c4aa5c92b25e2bd70fcbd697898	
/usr/include/nss3/pkcs11.h	33188	0e456a192fcf430d552c419882cb03885ca28f29418b8729a4739773ebdc7698	
/usr/include/nss3/pkcs11f.h	33188	1bfbeae01a2dd69242d1550a56365e6c3710539b92c9eff2ebc76a9eccc5a89d	
/usr/include/nss3/pkcs11n.h	33188	6df264a26ea1cbfe0af7ae214831faed1bdccc5c164b32635efbe7d4df738688	
/usr/include/nss3/pkcs11p.h	33188	f83e09177de2e19f75c2aa76039d19b4fdb36488cf6e7dffbdafa618e9cac3fa	
/usr/include/nss3/pkcs11t.h	33188	2f16e905da15d02b2f63e2b035ff5a81592bbc842b2e5148f25c217a9c21f37a	
/usr/include/nss3/pkcs11u.h	33188	3b69fc5c213922e9f2b9a653a2c6f91463ef01e4b7ee0f091403425a0c71562a	
/usr/include/nss3/pkcs11uri.h	33188	28b307dcf1fffbb20e8fbc9d2b8f7ac95442641a4a4a66f52e964838b40a80d6	
/usr/include/nss3/pkcs12.h	33188	145f700e7ebc876b3af981dcb9870fe7d869271a3f15948d296d54d0d1fe0c26	
/usr/include/nss3/pkcs12t.h	33188	5d422c72486c5ad6f878a1ee02428e83d7cbc6b442f2faf945a2ffe8333c9960	
/usr/include/nss3/pkcs1sig.h	33188	34dced0f3a5beaa1870aa58a6b894fbdcd3cde9e1afeed0ccd31d1810809f24b	
/usr/include/nss3/pkcs7t.h	33188	d1ba163156ab5ccb922ac181130c8ef35b79a4246bfb13a2d6804019d86deac3	
/usr/include/nss3/portreg.h	33188	ab85c510a27f391a27749304df24a37bfa3193f877bbce858c71bb7b4c975283	
/usr/include/nss3/preenc.h	33188	b3cff22231cb53df3366bed3cf31faa36b5fd4065042378212e6fc3755674a52	
/usr/include/nss3/secasn1.h	33188	39001b2c46561f3750978966e233c01c7f01fe816cd66a894f33a30386a9cf1b	
/usr/include/nss3/secasn1t.h	33188	59d530b9183b4b66ab56c68820e90ea0bc841a64d904b317926ff62181583459	
/usr/include/nss3/seccomon.h	33188	d024c280fd48175c098bb955a8735e35ccb1083f2e0e5d521f7823de0f1eb26f	
/usr/include/nss3/secder.h	33188	e62e41d64a2105d40f2e00d0c3efdda4137841256c21cbc46f70dd182778aadb	
/usr/include/nss3/secdert.h	33188	eafe51f6561c74e52d95ba9d92c158aa9ac5bcec89912a31938435536f3f34fc	
/usr/include/nss3/secdig.h	33188	467ab939d50a84925ccba8b99b04d80bffa9f1b55f5d3d0c27d2352620a30161	
/usr/include/nss3/secdigt.h	33188	dc3a2566f674df9ee6a2491300bf7213f155c926b783f5a37bbee090344c71f2	
/usr/include/nss3/secerr.h	33188	c7c1f2951b95646152c865d6a78fc96ce51fbb032dfe7d9687464bbb2919fb89	
/usr/include/nss3/sechash.h	33188	f45750d1cb756c2d52aeb8d515316370ccbf0ceb2396001d77971324ddd8ddd3	
/usr/include/nss3/secitem.h	33188	5deaa5222497f29582bb622204c8480266c5b08c80593d0ffee056a404331b3e	
/usr/include/nss3/secmime.h	33188	af100b56d899ffe14c981a4ea0067c9bdcf782c10dd6e18984ffb07eb668685b	
/usr/include/nss3/secmod.h	33188	5f7227c9834b7bffb13a2393ea9e612774bb7890174f5a8690a3f4fff524d473	
/usr/include/nss3/secmodt.h	33188	cd0c504d12b4593d79338952717301b0bd6ed9fb173939f915a54fe24153b518	
/usr/include/nss3/secoid.h	33188	84096572023660a172870ba0bf582dcee978e87fd3434ca2e5ef40641bf9b5d8	
/usr/include/nss3/secoidt.h	33188	005db99c11a7b19aeb2c4fc0b5284306d3e0cb46361378537c4249ccf5000926	
/usr/include/nss3/secpkcs5.h	33188	8252232d8b8dcee6d590a5c8362ba1a7b53d041c86b3cd8c453a4503d9c41be2	
/usr/include/nss3/secpkcs7.h	33188	d1f6fd43c877d6cf2f45738c316a6818d554cdac1a0c0caee47b30d562fb31fa	
/usr/include/nss3/secport.h	33188	2c48747201d7003b232c8b2ec261a47a6065a7784b3edbbd945da4f855d5242c	
/usr/include/nss3/shsign.h	33188	19e2477df0d69d69f26b503b6236fd2108609237b3b0c1de35165db6456df13e	
/usr/include/nss3/smime.h	33188	9630e8a4822dd44be9bb1eadb28b8bfd3c9de4b2afac36a2a4d0d4f3fbc89d5a	
/usr/include/nss3/ssl.h	33188	551b1aafb76815405c028c3ef6a2cc30c82bf09a43597ddc9601783255e0c668	
/usr/include/nss3/sslerr.h	33188	03b2a76214e5542cd7f11ab425e782c472c8dc38a8bee336b7173a907f4dfe89	
/usr/include/nss3/sslexp.h	33188	91bc5a63548d900a268abbbaefe4a175c6adc438fed22ee1e0b522f608292ee6	
/usr/include/nss3/sslproto.h	33188	2d4c2dd4e0a5ad4075ddc08f53b8df55fb27ae31ff6117336d7e06987c1fa221	
/usr/include/nss3/sslt.h	33188	8048b7fef6bceff8676bde1021e4ef6ef1831790f9bf8ec76ddffcdb421441c7	
/usr/include/nss3/utilmodt.h	33188	903d5231229c7eed585fd13772ac258d0cceb36de3c040ffd63648f8c70e5bc4	
/usr/include/nss3/utilpars.h	33188	bcd5dd93270f9c7d8604ce673695040383dd6f6bade4846b81fb97dc52b45db7	
/usr/include/nss3/utilparst.h	33188	937681574883949e620327ef0e7a2bddb8776a0e620fb6bb325fe275f918e297	
/usr/include/nss3/utilrename.h	33188	4a9ca6786dd2046da00ea708086f5cec4cd7a26aa9f6478ace77ccd2476ead77	
/usr/lib64/libcrmf.a	33188	cbd47083d32a1f3e912eafbb55f6a9b74d956343d2660264bc998fcb36f737eb	
/usr/lib64/libnssb.a	33188	8c15bee94a678c7cd1d1b4602a89eb6e4f600233deb7d66920ff0706231ea9ce	
/usr/lib64/libnssckfw.a	33188	fd2a9e54610e13a37c9e6401917ee199ca122a91542a03a5f5c71a3451267208	
/usr/lib64/pkgconfig/nss.pc	33188	2974ae4e2ec9a740c82e8fdc9d48b36f87b74fff2ed05b72aade4fd84492b21d	
/usr/share/licenses/nss-devel	16877		
/usr/share/licenses/nss-devel/COPYING	33188	a20c1a32d1f8102432360b42e932869f7c11c7cdbacf9cac554c422132af47f4	
/usr/share/licenses/nss-devel/LICENSE.Zlib	33188	83ebed7d9fa049fb4cfe63cd9c7da390dc7b04997630ef185dd6e396d3fec6d0	
