app-installers-devel
App-installers development files
Application Framework/Package Management
8
/usr/include/app-installers/common/app2ext_dynamic_service.h	33188	33942753c3cb3158ec4a1529f809c804eafad4998cd3b8db0bef392b202fece0	
/usr/include/app-installers/common/app_installer.h	33188	18eb914ee1147d0f1760ac728cca6406b66d30287cef0a8b216d00719c05888a	
/usr/include/app-installers/common/app_query_interface.h	33188	37bae441d0139937a4b57885265100ad0b85a7af158a40d3a53aba0005ed7555	
/usr/include/app-installers/common/archive_info.h	33188	f8cb418971b0aa8552f6d7ee2780ba2ac9efacee33a769530b8232a538255cab	
/usr/include/app-installers/common/certificate_validation.h	33188	72c75dd76765c032e59c06889e6a5beb3706ff2df59094343953c51c1659f525	
/usr/include/app-installers/common/dependency_checker.h	33188	8abe8155e31b0e76c6ccdcc128cb9702d1d5cc0a88a7743271d8122e3220a391	
/usr/include/app-installers/common/external_mount.h	33188	b59a440f748c744393e800fdc28e19dcce1244126539dca989edbbbbfbb4ecf6	
/usr/include/app-installers/common/external_storage.h	33188	dbe874d9c7c43500c68186237a9f0ac62f440d8beee81f096210f17e9bd167af	
/usr/include/app-installers/common/feature_validator.h	33188	74d84a8ba60779bfa7413794ca073022f9aa0c0a7af11c067ce060ba6c552e32	
/usr/include/app-installers/common/global_recovery_file.h	33188	b6d51e4ff0c78ec6855ee83a7803b9481bd1d3cd022132c21dcca6c6b0e735d8	
/usr/include/app-installers/common/history_logger.h	33188	85c2382007755b85bc2dd7b64e066e1df706f060d793f72ae58f5743e1fc7534	
/usr/include/app-installers/common/installer/app_installer.h	33188	18eb914ee1147d0f1760ac728cca6406b66d30287cef0a8b216d00719c05888a	
/usr/include/app-installers/common/installer_context.h	33188	ab316616ab66fe9479ae6745e2187a8da105df06869c7de3449aebd0794c4a86	
/usr/include/app-installers/common/installer_factory.h	33188	62fb2f19ea9b85e7e770de7695dd01d872a989d20d7a3a5286c68f0e583c54df	
/usr/include/app-installers/common/installer_runner.h	33188	8ef158ccb5f8118d53fa7a698bd56332b12c1e33540616ed31ca06cc69589f58	
/usr/include/app-installers/common/manifest_info/account.h	33188	d2453efc42b82b39777fa193287faa551643dc0db48c629ac5443b5085b3fa5f	
/usr/include/app-installers/common/manifest_info/ime_info.h	33188	4a7f4b1657b335dd333ee0ef8429f2bfe0c370893a082460e9760c4503c2d0eb	
/usr/include/app-installers/common/mount_base.h	33188	13e5cdeb1430cce61c5fb991fff974cc4d5f54f5de23772b005970651af913a5	
/usr/include/app-installers/common/pkgmgr_dependency.h	33188	0729a183766b34e51a6603b1b40b48fe5c312581fc02f4206cc41739ee2e84e9	
/usr/include/app-installers/common/pkgmgr_interface.h	33188	085a633556aa50f8d8dbad28c184454a6f2caffeecc15a5e19b01f3492f60128	
/usr/include/app-installers/common/pkgmgr_registration.h	33188	0e9747816a03db6410f3d102a71b3c913b37ae8badf7b8e69f411cf45b1b5362	
/usr/include/app-installers/common/pkgmgr_signal.h	33188	8ab7dd5c4a8e22dff45c1a32d585a447f60d7a0d87e439de1c6c6466353bf9dc	
/usr/include/app-installers/common/plugins/category_plugin.h	33188	305d9b6c64d1c409b95a7a1027a1860e8f466684f8d2b58a5c99a41b9682b0d3	
/usr/include/app-installers/common/plugins/metadata_plugin.h	33188	d918db5f391eabe4fef7b20590176eeca7c7a07ec25b233d83d916b41a9e2373	
/usr/include/app-installers/common/plugins/plugin.h	33188	1de91e55d4ba610d72f8068276638010463a0166d044f9ae9b3db5939107c6f1	
/usr/include/app-installers/common/plugins/plugin_factory.h	33188	b9ccefd7bb4b5d89d37e8b81ead65ce3d581c53b2289e386a8e0a84f97ab5d96	
/usr/include/app-installers/common/plugins/plugin_list_parser.h	33188	589dd7ceb619e319b3cd27ef5354bbb3e5db1b35208de537773d834ca578ec6b	
/usr/include/app-installers/common/plugins/plugin_manager.h	33188	672d00e65dcbd3cb03febfde674427139f7607821f7524a997744b23fec1aaba	
/usr/include/app-installers/common/plugins/plugin_xml_parser.h	33188	15c25bf8318ccf03eebe32fae9a1d8799a625727b9749f49b1f234885f7ead6d	
/usr/include/app-installers/common/plugins/tag_plugin.h	33188	dcae2682cc25dc9903c5a51d468e287119b40ac403d02f144b2a433cced1389b	
/usr/include/app-installers/common/privileges.h	33188	8d290d9642feae76eb5ac6e534341aa266d332a614f375f809383673735d932d	
/usr/include/app-installers/common/rds_parser.h	33188	88fed322f8333bd30c521fa7434125934a08ff8a0545d34a76159c067c7c5703	
/usr/include/app-installers/common/recovery_file.h	33188	c5fcd8a731ccde4fde8956516e85bdc0a8d92969ac52017fc97cbe64a8c59b3b	
/usr/include/app-installers/common/security_registration.h	33188	3bebb6c21cc16e4e0977abb65c3118801645a2fed77e7a878ce7b430cf9b647c	
/usr/include/app-installers/common/shared_dirs.h	33188	78ab6b4ebe2fb7d60619bb94b9db90902ce95f78b257a13be1d1e2ef7e9fbfa9	
/usr/include/app-installers/common/signature.h	33188	efc1a62cf03f301df3eacb2d424137d33591d309d28da4aeb5cb5b6d7a2eec35	
/usr/include/app-installers/common/step/backup/step_backup_icons.h	33188	1bc9eea0679b441fba2f98aca1c2260d21049d1d848e354742b25eb4fa267b7c	
/usr/include/app-installers/common/step/backup/step_backup_manifest.h	33188	1375c01a7f00078303861be9577c0e712e9d9922f57b4d673c618bed311607b1	
/usr/include/app-installers/common/step/backup/step_backup_plugin_info.h	33188	43940ea869a203b02c22583b3f67e36979a9f458fc781cbb9b92a5689bc51322	
/usr/include/app-installers/common/step/backup/step_copy_backup.h	33188	4ff2c984ca3ed951aa3ecf820dba6b07409b306433402bcec0bfdaa277c0ed7e	
/usr/include/app-installers/common/step/configuration/step_block_cross_update.h	33188	29c79453d8f4a56f6c90a8b10886a7e4b593b371ccc378d635bcd0f37dcbf307	
/usr/include/app-installers/common/step/configuration/step_check_install_location.h	33188	757fa39d1376dacced4693471af3e2459233f8c19b0d442dd37eac597494602f	
/usr/include/app-installers/common/step/configuration/step_check_tizen_version.h	33188	0b898bbed9aa4e152b0468b90a7711d8d15162a4b774f9461afaeb202b2e928b	
/usr/include/app-installers/common/step/configuration/step_configure.h	33188	2994c34eac841bd3432f580005470e53d5da64912bacc6d1e7a6d9bd0c81c7c4	
/usr/include/app-installers/common/step/configuration/step_fail.h	33188	9c8fb90d0705d3a7ac7454dc051d264abd58dab9bc495cff6f4b8b133d60b36b	
/usr/include/app-installers/common/step/configuration/step_parse_converted_manifest.h	33188	6dac37e0a1ac703e23eedebf42bf5b2f3d4d4be1a4b0d567e5a6737ff462bd9e	
/usr/include/app-installers/common/step/configuration/step_parse_manifest.h	33188	a249d00c48c8528379084b503eafa1de1f1a2b2bd527f22d85b7190befe7851a	
/usr/include/app-installers/common/step/configuration/step_parse_preload.h	33188	b358e58eda9d5341941e8ebbd95846fb4370656c2a69e8499f0e7cb741403d1d	
/usr/include/app-installers/common/step/configuration/step_switch_readonly_mode.h	33188	0b2a08215450403f086e83952a0a863c8e2f93536aaef326e5eab64eb5cdf682	
/usr/include/app-installers/common/step/filesystem/step_acquire_external_storage.h	33188	7036d32299f666984bc779611e62c5381c30a8cb12aa17e7431a8bd7e6f908be	
/usr/include/app-installers/common/step/filesystem/step_change_ownership_and_permission.h	33188	a8cc2f369fbec39eafd11ac5f931622577de41741072fd3f71ac4a687ff6d98a	
/usr/include/app-installers/common/step/filesystem/step_clear_install_location.h	33188	e78ba3baf8101a40e8cfe0a91e01127affc09982246f0b3be727d27bb9e07f4f	
/usr/include/app-installers/common/step/filesystem/step_copy.h	33188	e15532e3e818a09df1e008444f18bcb087755261e552681fcea4bca96993c725	
/usr/include/app-installers/common/step/filesystem/step_copy_storage_directories.h	33188	3d4e7a9ebf566e873936d352d0ab33741acbf7c5a6babc8c2e7453f90513ff3b	
/usr/include/app-installers/common/step/filesystem/step_copy_tep.h	33188	ce29bc3763cd11b94a3cf906a55cbb989cd57ed3ff0f03da382dff78a1fea0b4	
/usr/include/app-installers/common/step/filesystem/step_create_globalapp_symlinks.h	33188	d45c96bca4009f21e5b43df800ad62b74a3d03b86d5b6abef08ce6a25723160a	
/usr/include/app-installers/common/step/filesystem/step_create_icons.h	33188	6c032dc6663863baea30caddefc43baf62c6b422acf14f7fab26f54f9cfa8997	
/usr/include/app-installers/common/step/filesystem/step_create_res_control_directories.h	33188	fb28f600c79260f9d5e51341425b5de04af2b7d45b973dd32447524ab88da1a0	
/usr/include/app-installers/common/step/filesystem/step_create_storage_directories.h	33188	b5352f3b039746a2aa5776bd656dea556b96d087095da9843fe7ba8d82e36c45	
/usr/include/app-installers/common/step/filesystem/step_delta_patch.h	33188	7818075a8d542ad0261b546a0117a239cc7aed826485e25d56e3bb43fa7c26b7	
/usr/include/app-installers/common/step/filesystem/step_disable_external_mount.h	33188	e64097a27ea14a9aa39286c4e8b017d6a59780c882a57362be70c5c5c87fca75	
/usr/include/app-installers/common/step/filesystem/step_enable_external_mount.h	33188	60b99a483a49a533fceff9363711c93a0443deea50ec4889c6c267318f6bc15c	
/usr/include/app-installers/common/step/filesystem/step_migrate_legacy_external_image.h	33188	f7e16f57fd642b0d77677f202a360b6766abfe84fbe25c7ac99ebe5a313e7773	
/usr/include/app-installers/common/step/filesystem/step_move_installed_storage.h	33188	6de7ff63e4574e1d3a7c5145d142c82f203f67afb42f6e63871b7a53e648be7c	
/usr/include/app-installers/common/step/filesystem/step_optional_acquire_external_storage.h	33188	822089e9372f8a600150a5f4debc12d565f67960c1fadd32f1aa91ff75d2a1f8	
/usr/include/app-installers/common/step/filesystem/step_recover_external_storage.h	33188	0a8051da8de2cdd75751be59ddd7be84b4d1bfe728a1c642f96ed56c16dc4c61	
/usr/include/app-installers/common/step/filesystem/step_recover_files.h	33188	6cdf79db91c5b312e1e957f8cafa61b9d4b4e936dedae51e4a0f1c725f5156ab	
/usr/include/app-installers/common/step/filesystem/step_recover_globalapp_symlinks.h	33188	4d8eda5d089858cdf0866f1d8011fcc6416b7c4a02fdf8aebb83139d6317672b	
/usr/include/app-installers/common/step/filesystem/step_recover_icons.h	33188	e3dd347cb669ed59350902ff76da976a4885b9246372cb96b86d7724d21defb6	
/usr/include/app-installers/common/step/filesystem/step_recover_manifest.h	33188	23b49ab561f0e9c6b0e8784a549546404e458fc8a3f181fdb41b0858b1f4ae6c	
/usr/include/app-installers/common/step/filesystem/step_recover_storage_directories.h	33188	f737306162124c559303d5755f71ef18eafa96a8d580794b71c34e1c6a9a4012	
/usr/include/app-installers/common/step/filesystem/step_remove_files.h	33188	9674bba15669b70e447dcb2deb9d8f412347e8a5a9851c48d474512130a541d2	
/usr/include/app-installers/common/step/filesystem/step_remove_globalapp_symlinks.h	33188	8441ca776d93be2de66e2a44e1135a220953cd0dc75caabe6b5fd5be185f61e7	
/usr/include/app-installers/common/step/filesystem/step_remove_icons.h	33188	0831882c1d54f05a13845048faf1e53098ee99500fcdbeef4a5a114a1abfcb04	
/usr/include/app-installers/common/step/filesystem/step_remove_per_user_storage_directories.h	33188	a81c3b0cad72ea8f57445dc0e584030eb523759c28f606b7cb6041f6902a6cef	
/usr/include/app-installers/common/step/filesystem/step_remove_temporary_directory.h	33188	c93df563be260bc873e9117fb834c02d19e859f805e447b7d12b7c67086527d7	
/usr/include/app-installers/common/step/filesystem/step_remove_tep.h	33188	285ea8935f7b0c4a805ad51bf48a36914c5872700f486c7221598e75cb382118	
/usr/include/app-installers/common/step/filesystem/step_remove_user_data.h	33188	fb15c8910821278ff65625fdfe7e16285d5f026a7db1ad4c52d35ff5790ece8c	
/usr/include/app-installers/common/step/filesystem/step_remove_zip_image.h	33188	c841ec57ffb1108fc2566fb11e6647055d98df4265260078ef980c709104e950	
/usr/include/app-installers/common/step/filesystem/step_unzip.h	33188	0652869a82b39eb26937db89bd1e013018b3b3eeed481bc75b15f46cd0e4f4ea	
/usr/include/app-installers/common/step/filesystem/step_update_storage_directories.h	33188	a90f56e672fdc14e6b915558688ff4ae669c75f72691a9770fe03e8c7eda405a	
/usr/include/app-installers/common/step/filesystem/step_update_tep.h	33188	66a48e47713af726652a72daa47d80928118a918ceef33e31dc42a34e4a5c1bb	
/usr/include/app-installers/common/step/mount/step_check_mount_path.h	33188	61af702a7b0a6b2fe8a4d076284d780325612608cc23d11bb193ba9903e318e6	
/usr/include/app-installers/common/step/mount/step_mount_install.h	33188	8aa62817b6354f3f8d86524674b4904719b6154bc0db4894a8458c6eb3949106	
/usr/include/app-installers/common/step/mount/step_mount_recover.h	33188	1eecb46da857a003e809613dd440c4a929a0e98f38cb6c6e0ff1c9d79401e3d1	
/usr/include/app-installers/common/step/mount/step_mount_unpacked.h	33188	ddb8e05daa3cd07f9615b7a48b3d8d0e4792d3700d043997500fa9bb10a7925c	
/usr/include/app-installers/common/step/mount/step_mount_update.h	33188	048c1dca922285c3769dc935092daee8581f79171b313cdfe903b4afa12cefe0	
/usr/include/app-installers/common/step/mount/step_unmount.h	33188	7f3aa16f7b42b65be4ba53234af74bfe315cee92bf6735528babbcd2dc6abbd5	
/usr/include/app-installers/common/step/pkgmgr/step_check_force_clean.h	33188	f012737eeea5671560fa18b4a3b9c85e3efcce9d115a196e28735ec91b82b689	
/usr/include/app-installers/common/step/pkgmgr/step_check_installable.h	33188	ded054992788811c089cad8f22c26ff770195e92ed7e6b60043f859a921bb8e4	
/usr/include/app-installers/common/step/pkgmgr/step_check_removable.h	33188	037c60806e3521f0d59adc6b092eaadbd6c89cb3e31395437026aece4a879f75	
/usr/include/app-installers/common/step/pkgmgr/step_check_restriction.h	33188	bea7f7b33c277a1dd09be29cb90eb71b0bd0d85d33fef336718c3a3d9a032577	
/usr/include/app-installers/common/step/pkgmgr/step_check_team_uninstall.h	33188	574932ff3b72bf9f2207aae47a6e8fdfd9930c74edb5aac2689748759ac6ba48	
/usr/include/app-installers/common/step/pkgmgr/step_check_upgradable.h	33188	136ccc802786f43de0ffc6008be8283459e68c5c5ad7c47420b07764d2bdf6a7	
/usr/include/app-installers/common/step/pkgmgr/step_kill_apps.h	33188	66aa755bb10bb20b40f29f1bee77fe239e019fbc3a1c51fe90c161bdc14ca40e	
/usr/include/app-installers/common/step/pkgmgr/step_recover_application.h	33188	b6cc0afcedf829bee087d59c0171ece826667e45fe1164b700dd6386e4e0da96	
/usr/include/app-installers/common/step/pkgmgr/step_recover_parser_plugins.h	33188	c0032ad0333963b9b6dac68675e3cfcc9944009f8f5029dbd79c64e1cdd47c42	
/usr/include/app-installers/common/step/pkgmgr/step_recover_priv_sharedres.h	33188	2860bf727bb8dba0210716e6eba1aa6d3f6a4aa3eba6a952dea993703791fd38	
/usr/include/app-installers/common/step/pkgmgr/step_recover_update_parser_plugins.h	33188	cac75032876fd29dad9dd894da5cac8a265c68ae3def1708d297ea28564904ea	
/usr/include/app-installers/common/step/pkgmgr/step_register_app.h	33188	cb4863a3fde47969963c3df2932d606e6a4816ffb29a2c5c8f31ed4a8a1ca173	
/usr/include/app-installers/common/step/pkgmgr/step_remove_manifest.h	33188	52309224d7e0f2197773bc28a4f51e8ad982825d044834ee0d1851fa225cbb9e	
/usr/include/app-installers/common/step/pkgmgr/step_remove_priv_sharedres.h	33188	e02177c3895e501af22ed1b4ad359c2e0d49a021a2783ab96686f5faff74211f	
/usr/include/app-installers/common/step/pkgmgr/step_run_parser_plugins.h	33188	5fb38639053b1df4a714a620f98d33779237b61bbdbb90747bfba9afe089ed5c	
/usr/include/app-installers/common/step/pkgmgr/step_unregister_app.h	33188	4e2a9c9b365318489f3f584ac43a381e85f0a25444755570434b64c66102b7e1	
/usr/include/app-installers/common/step/pkgmgr/step_update_app.h	33188	6941d37a97d5bca0e3096f8c403d07e78704e3547c0a53d5c2d7ebdb036d247c	
/usr/include/app-installers/common/step/pkgmgr/step_update_pkg_disable_info.h	33188	d36fef475f1ce1bf930266edfdb3dbf62ed1a47a3f33516224593065a36b1c72	
/usr/include/app-installers/common/step/rds/step_rds_modify.h	33188	c6bb256204a23cf7df9c6814a5ca9389be3fde37a2b54e44417decdf3a74230a	
/usr/include/app-installers/common/step/rds/step_rds_parse.h	33188	cc28c952b037f778752c025413351e15bf522141e3feeee78b733804de4f089f	
/usr/include/app-installers/common/step/recovery/step_create_recovery_file.h	33188	cd0aa56c3e97b93162dabf997242137b1f8e0bedadbd2f3673de9f3df75155f4	
/usr/include/app-installers/common/step/recovery/step_open_recovery_file.h	33188	05dd6ea1b39bf3ca2a92a5ff05e3ef44f090bba7b7b56b7c9bc951c8daf394a1	
/usr/include/app-installers/common/step/recovery/step_recovery.h	33188	61e8e60c6428eceec67d3a181423cb7f44e609234f74af7a41969e18e278b769	
/usr/include/app-installers/common/step/security/step_check_background_category.h	33188	e389f56c801bee4ebf55a2e392fff289e006f63c24fd5ccdeef1b3e58a6c35f1	
/usr/include/app-installers/common/step/security/step_check_old_certificate.h	33188	c68d6d75140891c439faa77f85e5a3a9c6632f406b7aae72c07e6e3f8c336580	
/usr/include/app-installers/common/step/security/step_check_team_certificate.h	33188	771e2bc0e1f41c93dd67c9f80824578ea91c9924a795965710b0b986dec75c68	
/usr/include/app-installers/common/step/security/step_get_privilege_level.h	33188	9c9a6232af95c7d57487579a9cf31893afb499ba3d40805ed28a3b1bbcdbe9d0	
/usr/include/app-installers/common/step/security/step_privacy_privilege.h	33188	92b8234cf9351891a398f45583ce9ff9c034a025310ae0e5a0f57a84eb06a449	
/usr/include/app-installers/common/step/security/step_privilege_compatibility.h	33188	41eb4280d37745fd0c304c8bd75aa5cc66b84b98c6d40a09f66c517a4997bd6d	
/usr/include/app-installers/common/step/security/step_recover_privilege_compatibility.h	33188	58609ffb673a6b6228dc93bd05cb31f3112c74c781fe8878900419e2f6ed533b	
/usr/include/app-installers/common/step/security/step_recover_security.h	33188	289d5712e17e194dc080dfccb26427f180bcd0b46073da57a81097515c0ce5ed	
/usr/include/app-installers/common/step/security/step_recover_signature.h	33188	04af7ddc5ab48adc5966fb5fc03289c6c50008a14a8f2a4bca883c99bfcf2496	
/usr/include/app-installers/common/step/security/step_recover_trust_anchor.h	33188	54e41c5f9c131cfbae60a5637052a826abce72f2d54d9566c7ea48b7ac5a57eb	
/usr/include/app-installers/common/step/security/step_register_security.h	33188	fae1512a8a73dc76d10dcde769de30c31a8c08c536068a37483954853553a111	
/usr/include/app-installers/common/step/security/step_register_trust_anchor.h	33188	e23a215e22c2b77ba32da61692d5cb7b21ba69820782a08ecac4fc3efa1a1602	
/usr/include/app-installers/common/step/security/step_revoke_security.h	33188	2abaf16b790a39e6d9f58497c826d4928454502d3cbacee7b13314c0bfcadeab	
/usr/include/app-installers/common/step/security/step_revoke_trust_anchor.h	33188	6a9243e686904ebcefeedf94a346b900ae2ff237d7382581d739fa8334497769	
/usr/include/app-installers/common/step/security/step_rollback_deinstallation_security.h	33188	4fd95f9cb74d25a6456a36feea570908395925b3a67eda8d0a0267339ec40c1f	
/usr/include/app-installers/common/step/security/step_rollback_installation_security.h	33188	1644c06029132be55c5ebc856003ab0e5ee50fac8f1668f47ff1bd22b433364c	
/usr/include/app-installers/common/step/security/step_signature.h	33188	371e27b6d6318960cc2e29e236a7680af7f529e85b7aae9ba8adc53907a5f902	
/usr/include/app-installers/common/step/security/step_unregister_trust_anchor.h	33188	3dc08effd229b766b7993292211b43e9c79d68f1a71737ef3ae2f6b3c75d54bd	
/usr/include/app-installers/common/step/security/step_update_security.h	33188	2dd3a07d911b3238ce7ec23add9056c9e433c87627ed29d5c5d96a3a3bcca4d0	
/usr/include/app-installers/common/step/step.h	33188	9d43224bb8cbecfc80da5e3f18232f913252b2cbc4d14d51ea5acca0f45f44f4	
/usr/include/app-installers/common/tzip_interface.h	33188	2b9ae24fad0cf71de524dbc1242cc38537dfc53adbfb3d294bafcb416a366e34	
/usr/include/app-installers/common/utils/base64.h	33188	ca44a3909a7ae4c8bcff0b5e7839460c070aeec0d23228e441fe7dce3bec6913	
/usr/include/app-installers/common/utils/byte_size_literals.h	33188	11dd696499adbfe97f02708d7110d196a643e1098033656a693847e334658397	
/usr/include/app-installers/common/utils/extra_package_path_util.h	33188	6ed4a3fce477aaef993e6555fe2936c847d56c8364a22b3d1e28605e45c724e1	
/usr/include/app-installers/common/utils/file_logbackend.h	33188	bcd90c7bfa9adbf24f42dec9c8edbdd70993e20f9b723dcfec83c1667e8ec7e6	
/usr/include/app-installers/common/utils/file_util.h	33188	81df5873b1aa7d8be2c552aecdb557216fab1c99fe850044ad64a6a23265a82c	
/usr/include/app-installers/common/utils/glist_range.h	33188	0bc3c3b6b5fa45a6e8e3277926a2166d91276613879bae613cd040bd8ce5e7a8	
/usr/include/app-installers/common/utils/macros.h	33188	9adc070f3c4d61e4ac92bf7a03827387b3c72cfacffb2ed006849590406e8ba6	
/usr/include/app-installers/common/utils/manifest_util.h	33188	5d667f22661a04bd67f91b6c9f72a7ecdd8cfea20a825a888a1515cc17ad772f	
/usr/include/app-installers/common/utils/paths.h	33188	82173a6cc01cf6da53ea603aafd4a03a62faca025c4340f77fb90e3468ca6e17	
/usr/include/app-installers/common/utils/pkgmgr_query.h	33188	a28b8674af2390dfcc6330e8f9668c723ecf3608b9722fc4943e713f2f7c637b	
/usr/include/app-installers/common/utils/profile_util.h	33188	670d504f5749d72e2fa5d629d3c73d596cc868eb528453fd95455523cc438e7c	
/usr/include/app-installers/common/utils/property.h	33188	24bf0ecd41afc252026831e7db1390c5314dc172a95962aca3349bc66b1c8b26	
/usr/include/app-installers/common/utils/request.h	33188	2c762b5f43a49abd3bb44538567c4cc325a01f8952aa3d4c08caae627b8e9b54	
/usr/include/app-installers/common/utils/singleton.h	33188	f2768cfba5e800b7c1407650004df9490277b50313e246aac8a2d50ab16ab3be	
/usr/include/app-installers/common/utils/subprocess.h	33188	19627e79fd9d340ecd544b2f7dc2960f77efd5565fb90f11e83f3cf4c8499d84	
/usr/include/app-installers/common/utils/time_util.h	33188	588229fc3b25504379408f43c0e4a721302dbcb9add49b2ff9f2c0d1a0467d3b	
/usr/include/app-installers/common/utils/user_util.h	33188	1be6c6c805dde4eb893b7412bd66965425d196d5b382144392ce12c4aff159bc	
/usr/include/app-installers/common/zip_interface.h	33188	20727425e1567db3a79ab5132f63a46141958ff30011c9916ad3a217e76fd69f	
/usr/lib64/libapp-installers.so	41471		libapp-installers.so.1
/usr/lib64/pkgconfig/app-installers.pc	33188	7390c33b9791f2d59ac3d1506e65b97f8f78d699e357c12ef5d2b5629766d480	
