capi-content-media-content-devel
A Media content library in Tizen Native API (Development)
Multimedia/Development
8
/usr/include/media-content/media_audio.h	33188	10665af67fd59521a989877531b4408006601287c1e0963c8338deb82c2c382f	
/usr/include/media-content/media_book.h	33188	31779108f2df6bd450acc0d57c12159d6bab9e5ff07aea064baa591c643f845d	
/usr/include/media-content/media_bookmark.h	33188	5be2f7e0c502f83c5807855a6dbcc8fd10fb9ddbf5bc3f0ab869909dc38c14c9	
/usr/include/media-content/media_content.h	33188	75b9fa09fbc85b46a26b7de2569995166e739f81ed76c1f4911308102804671c	
/usr/include/media-content/media_content_internal.h	33188	6f810c55d350d0d5254318c433db410ccf8aefab18eb54c938076efcaba930fd	
/usr/include/media-content/media_content_type.h	33188	c5ca3a8653569bfe05d81c447e245c86fcae2a629e7ce71305475391c6f9f321	
/usr/include/media-content/media_filter.h	33188	52b03cb4d77a134e352f82f3cc472aaabea613d72fa0f7e63fb122ef7ec01df3	
/usr/include/media-content/media_folder.h	33188	d5c967bbef3a7e7e898e2dd02995a8eeb86c87b7eb658b821982933c68c211fc	
/usr/include/media-content/media_group.h	33188	770fde60799b0f283541b7e1174f973066d2883304689907b15a80f7d4057a35	
/usr/include/media-content/media_image.h	33188	16d1dc90793846a28b38b5e00465e192a529ddf75e15ffdc27daf5a3fbd9be62	
/usr/include/media-content/media_info.h	33188	58e2dcd8e854ec066b63d4d2871af71b47f8e199d956fdc12c18fca75e30abd9	
/usr/include/media-content/media_playlist.h	33188	fd013170b7986b5087fb5495d6f384f52a12986950cabcd23badbdaef04a1ca2	
/usr/include/media-content/media_tag.h	33188	9374fc9fb203b5af965a5af5f7771ce525c0f42df657c71c5a12dbeb8e935c2c	
/usr/include/media-content/media_video.h	33188	b259ef01738e592fa136a8032dac7f45053bafce05294c32a944db284a2f1e1a	
/usr/lib64/libcapi-content-media-content.so	41471		libcapi-content-media-content.so.0
/usr/lib64/pkgconfig/capi-content-media-content.pc	33188	80db0c1c6d73178278178632ba5be665daff72edce660e9e89e05069bb8cdeb0	
