cion-mqtt-plugin-devel
mqtt-plugin development library (dev)
Development/Libraries
8
/usr/include/cion-mqtt-plugin/channel	16877		
/usr/include/cion-mqtt-plugin/channel/async_sender.hh	33188	f902c3e34529d7ce872c894bcdc190aaebd7538a7536db5194571e53fa7c0b3d	
/usr/include/cion-mqtt-plugin/channel/channel_job.hh	33188	11651f57868cdc4bfea0fb41252d86588977ca978f3b3c87cf8766e1c2bf9a3e	
/usr/include/cion-mqtt-plugin/channel/client_channel.hh	33188	236a83299dd6ae350c6d54bb69b735e5ad1b96bfc6f53839367ab06dbc050cca	
/usr/include/cion-mqtt-plugin/channel/client_channel_implementation.hh	33188	d4e49c7dc1e374a1c364e8e6cbd81bc93b70bf90950be30d6fb0fbc62396e23d	
/usr/include/cion-mqtt-plugin/channel/connection_result.hh	33188	2f118162410bca3f025b2df614aea5b7772a932267560bf78c102de2166240c1	
/usr/include/cion-mqtt-plugin/channel/group_channel.hh	33188	605add02f72a684d328791ba11b8e19d7396501242323ae57fdc69e8f18e9770	
/usr/include/cion-mqtt-plugin/channel/group_channel_implementation.hh	33188	f28ec0e266f20bb7a299c55de5210fc02c1d92b86c43747c304cfbf3a393d8a8	
/usr/include/cion-mqtt-plugin/channel/idle_invoker.hh	33188	bea72617d3e67d794c5b0d15bb1d35ec17303bf5eb7f25efcb6fd02ede023b48	
/usr/include/cion-mqtt-plugin/channel/ipayload_receiver.hh	33188	d8b4226df808ff7a3b423ad15919f2183371843819ed196b915cb5765bc666ff	
/usr/include/cion-mqtt-plugin/channel/payload_async_result.hh	33188	cd65962555ec2cfcbb5d6403779ab7f7f40daf7d462d72d471a6f1b63b61be42	
/usr/include/cion-mqtt-plugin/channel/payload_async_result_manager.hh	33188	cf1f94deff876061bf8138e3a18e98b9c749e986996ef61b9791c69200be41e8	
/usr/include/cion-mqtt-plugin/channel/payload_manager.hh	33188	5f8295580612a95c33ae79266643326b29b3da756fb6703be60516cbb5561cac	
/usr/include/cion-mqtt-plugin/channel/server_channel.hh	33188	2c2cc87e4666b62db89d3a01a8fa7ca108de65eee8a6dd430d8fa73f94659a76	
/usr/include/cion-mqtt-plugin/channel/server_channel_implementation.hh	33188	e0343d62f7fac383d75fcf97072780226a1ca3a98226a8709a5fee26358f26d7	
/usr/include/cion-mqtt-plugin/common	16877		
/usr/include/cion-mqtt-plugin/common/data_payload.hh	33188	c5fbffeb196a14b12f4b6822c5844dddee5eccc2966e0072b83b694cd1736050	
/usr/include/cion-mqtt-plugin/common/exception.hh	33188	964e9ab7ce3f1965cdd80b062653ad3cf292ddf62e9a2731bdf074307cac0938	
/usr/include/cion-mqtt-plugin/common/file_payload.hh	33188	1b634b2f5973df5928eaeed226188d2b527427d77178c6c1486f1533a23e6412	
/usr/include/cion-mqtt-plugin/common/file_payload_reader_internal.hh	33188	103cc45c175ecc83f466116717d3b11ada29b8fdadc295ba0cb5b69fc3303a28	
/usr/include/cion-mqtt-plugin/common/ipayload.hh	33188	f0a43578bf0c514f088a95eb2be2031e6ea92c521502b4a264d833f5ac14b352	
/usr/include/cion-mqtt-plugin/common/ipeer_info.hh	33188	348aaa4c0473aabfe17ea8cf81397f191ed94ac48d47216ff76ec9ec07e48730	
/usr/include/cion-mqtt-plugin/common/mqtt_plugin_cmd.hh	33188	0a13d3ee1a4ccf5f8acc2c8283702988f34acafc82aa24cf3e83b3ac2f6161ee	
/usr/include/cion-mqtt-plugin/common/mqtt_plugin_error.hh	33188	caaca9edef5b609172987dc39aaf356258ee8fddd8fc50ffefa54021c439d6e7	
/usr/include/cion-mqtt-plugin/common/peer_info.hh	33188	fa6d36f550aedd16d1f6b5324deb0bfe769bc3566d4d33ff063804daf2406e3b	
/usr/include/cion-mqtt-plugin/common/util	16877		
/usr/include/cion-mqtt-plugin/common/util/factory_manager.hh	33188	efbeaad5ea2721d95496867f2f1233d09c30c884141c95b841b3f7c75b1b1e53	
/usr/include/cion-mqtt-plugin/common/util/id_generator.hh	33188	f27cb5e0ab16605622e5a82119501359a4cf246e3e61a5ad4493b84c062c4108	
/usr/include/cion-mqtt-plugin/common/util/logging.hh	33188	e4a136c5f446babddcd36edd77c826fc1aae4c66046c04b3957f52dfb75b85f9	
/usr/include/cion-mqtt-plugin/common/util/privilege_checker.hh	33188	42976e2a546babeea7fb94589539cb97e930bd57b67d499cc07519f711b8f820	
/usr/include/cion-mqtt-plugin/common/util/system_info.hh	33188	0430299b3624c663a00f184a3b44a840210f17c445b538cd56d4b718eb972fa2	
/usr/include/cion-mqtt-plugin/common/util/uuid.hh	33188	c410229c400558221e5c55269b3597521b56279ed0b72c3e4979d87fa6072c5e	
/usr/include/cion-mqtt-plugin/mqtt_plugin.h	33188	36af16f845a22f4a75f47289fb022ddd944216fdf2d4af140cf52df6bdb7540b	
/usr/include/cion-mqtt-plugin/mqtt_plugin_client.h	33188	d6fd32f2c191c7728b3654d7d2d22a4da5e4f2d2b2e5fb8dbb3fdca609b16c4e	
/usr/include/cion-mqtt-plugin/mqtt_plugin_connection_result.h	33188	4028a4b986afe2c96be1a239f4d7a19a5dddfd34dc2114e8dd6f8fcda22e9a4c	
/usr/include/cion-mqtt-plugin/mqtt_plugin_error.h	33188	52037707e59e7698b3c30f1bf1171ca25009295b0781eebefa1022e7080f184f	
/usr/include/cion-mqtt-plugin/mqtt_plugin_group.h	33188	aa4d711b02c6e0064369afefb4ab2c14dac7892bf885961abbe639c6553e0504	
/usr/include/cion-mqtt-plugin/mqtt_plugin_payload.h	33188	02b37eaa81ba37dc2d5233d164b579131c5f67c8034e5a1e019f08dcd3cd087a	
/usr/include/cion-mqtt-plugin/mqtt_plugin_payload_async_result.h	33188	9a9688d5ad02de456a26b44d7fd2a9f6b368086ad85c781d6949169aa61660f3	
/usr/include/cion-mqtt-plugin/mqtt_plugin_peer_info.h	33188	5d697a89141986fd561acb57696493084c339c53ba01bc237b7ad052b6c5b0ab	
/usr/include/cion-mqtt-plugin/mqtt_plugin_server.h	33188	3ebe3ff0942262ed3d4b3bbd7ee448919af957929e27d72d61bb2ba02e26e3ba	
/usr/include/cion-mqtt-plugin/mqtt_plugin_type.h	33188	ac95670b6fcd21618fe465db099600edd64d07cad31502c08a7397f23f5e403d	
/usr/lib64/libcion-mqtt-plugin.so	41471		libcion-mqtt-plugin.so.1
/usr/lib64/pkgconfig/cion-mqtt-plugin.pc	33188	4149e6fd26b6d0a6577ec8f2f0746f853629a3e7ac39470320ffcd4a90228c33	
