component-based-tcore-devel
Component-based development library (dev)
Development/Libraries
8
/usr/include/component_based/app_control/component_based_app_control.h	33188	63166b1499bee13349cc824ab1035794258197472b45f4e27475e3da99589093	
/usr/include/component_based/base/action_event_interface.h	33188	a7a91fed94979bd247a694ab42b433e4d2938dcc355ef97405006f5152783f41	
/usr/include/component_based/base/action_internal.h	33188	f5d9b5f52d9c6e0bd7afcb37087a7208128600022e3008a1d6734da03a2b6a88	
/usr/include/component_based/base/api/base_component.h	33188	696842b24364a57ba67fd363c2aab7934d0acac0cc4057d130acbc06d2108f8d	
/usr/include/component_based/base/api/base_frame_component.h	33188	a24d4f742690342ea02fec424c13246685d93d76bbf3897666d915078967710a	
/usr/include/component_based/base/api/base_service_component.h	33188	55e9023811d441e895d148d5e22c6702dba6d109d1799efbce8cb85d731671ed	
/usr/include/component_based/base/api/component_based_app_base.h	33188	bac01e7117b41324111ecd186dd9c02d6a08359a90cf04ddf5e6e1e4f8b67972	
/usr/include/component_based/base/api/component_common.h	33188	b135cd81f55ed87aa9f072e123462d23e73c01f89431f58df1751ff2e5e2b36b	
/usr/include/component_based/base/application_base.h	33188	454d7ed5a17c4a4d100367e75fef15a4d399f153fb68b1f9486f4f28b35d2ab9	
/usr/include/component_based/base/component.h	33188	f1eb40c311e24a1232413c3dd6b8a534cbbb509e3ce19e1e41179b1a169647f7	
/usr/include/component_based/base/content_manager_internal.h	33188	1e583bfd42d0d3c85ac1da3673a19c11640b1c446362798f93cdb986dd7b692c	
/usr/include/component_based/base/device_orientation.h	33188	b6a4fa5fc28c102c79e91d5b41356eac987ae8aa214d27ad8a6f8aee9135f587	
/usr/include/component_based/base/dlog_internal.h	33188	bb4b7c9b2e4b80d5bea91621b6fa762631b357e4146abe116e37b2d6fc37ca90	
/usr/include/component_based/base/frame_component.h	33188	1f41d88e38c856f60230d325a053a7d5546fdc8bd393d51afd3cb96e46197ee9	
/usr/include/component_based/base/frame_window.h	33188	8957b698620a80f8a4f80a89d48bfba4a8836dbfef871a0ec79796f26541d5d4	
/usr/include/component_based/base/low_battery.h	33188	2e6284893012a97660aba9b582ea3e5e7149810d1ac9f49c68782352e042c19c	
/usr/include/component_based/base/low_memory.h	33188	cb3704bbf40dad381a5b7980ce36536434b8546349dc212c009677332166b9e9	
/usr/include/component_based/base/service_component.h	33188	1d71120dcf3f21b6ec6a07aa438084345fca72306a5bb1eaa785eb11b5735150	
/usr/include/component_based/base/suspended_state.h	33188	44f5a8fafb45c27ede1c73fd0d4b956c1b9538b223287957ed5fa988a366f634	
/usr/include/component_based/base/system_event_interface.h	33188	e8f6619f69b14c7c6d8bc2e2d1919c510cdf12a3ddbda0942ac7b2d7dd2ee640	
/usr/include/component_based/base/system_event_internal.h	33188	3f5df537d6e6f1c3d9124a554ff767b6e32eeb9538c09e0b6031607550c658b8	
/usr/include/component_based/base/window_interface.h	33188	75c3ff95eb7d31bd90d11f6ccf7c0c33ccd6a15fcecbe2ad7894208a37ac40f3	
/usr/include/component_based/uri/component_based_query.h	33188	2869073f574694f210af1a125d5d423506306f28aba5943d8dd053a7c65ddbcb	
/usr/include/component_based/uri/component_based_uri.h	33188	e75334a33d8524970c2788ec62c6acab47b2f39bf5aaeb64cca11077e13eace4	
/usr/lib64/libcomponent-based-app-control.so	41471		libcomponent-based-app-control.so.1
/usr/lib64/libcomponent-based-core-base-tcore.so	41471		libcomponent-based-core-base-tcore.so.1
/usr/lib64/libcomponent-based-uri.so	41471		libcomponent-based-uri.so.1
/usr/lib64/pkgconfig/component-based-app-control.pc	33188	823bc2adae0ac9af159a96f74a873a4c9a460792d8b3f9535dd5ff49d5f43cca	
/usr/lib64/pkgconfig/component-based-core-base-tcore.pc	33188	00839ba18b049b99d252beeda3113e8724949da594ce87c71b14944e56682dcf	
/usr/lib64/pkgconfig/component-based-uri.pc	33188	04d9934d718f5cce69643f46e4d7d4350747014c790bf419af89c6b2c6ce1122	
