esplusplayer-devel
Developement for multimedia player
Development/Libraries
8
/usr/include/esplusplayer/appinfo.h	33188	52a5c9a95ec6a15e5e7646b1f0eae4f5016057c83f4e726901ba16a4a1d9ac68	
/usr/include/esplusplayer/attribute.h	33188	1a8fd6cfbb9c11a438d72f8143b4f4b95054864fcb08b6501669e251504974f9	
/usr/include/esplusplayer/audioeasinginfo.h	33188	0f3ec73c8b3e7c05f51e6eabddf929102e2a202e14a581a9dc480d778650487e	
/usr/include/esplusplayer/decodedvideopacketex.h	33188	e03f3281299d8624e55e00799b29f76d7b0d159a101caa0def3806500bb8b526	
/usr/include/esplusplayer/drm.h	33188	84a5306f0eb901b53ee13984f703d3ae30ffafd623bacab4fadfd81fba132b44	
/usr/include/esplusplayer/elementary_stream.h	33188	9a9176a081f64a9a9905170af9fdaaa901ee0ce35799110b225b6ef6f55c279a	
/usr/include/esplusplayer/es_eventlistener.h	33188	17e6f37bd60725016df987af4ae3a6a97d6df206f21b927a8a316e356b7a9059	
/usr/include/esplusplayer/espacket.h	33188	2a2cd58057258f6cd4f8952a20ab8cb0ec4990eff10479cc7cffb0713de05c93	
/usr/include/esplusplayer/esplusplayer.h	33188	f911c767c113062bbbc36f6f64eccf639fabeaf0b5282bdb569fafe9eee4ccfd	
/usr/include/esplusplayer/external_drm.h	33188	6f65eab0e4743ef9575ce64182aa5c5d149077ab9899ebce233b3a6ed5099b24	
/usr/include/esplusplayer/track.h	33188	c31f64953438d87184283639fa6f40e84a020d53a848f56bdb7dd7439f902bb0	
/usr/include/esplusplayer/types/buffer.h	33188	af8fa9d86809da0480e500defe2e46dc6672abbbb3d4f34282efbeb73daecc5c	
/usr/include/esplusplayer/types/display.h	33188	980b80cbc839501e54dde95fe558159510525759b66ce20393c54398fbc4333f	
/usr/include/esplusplayer/types/error.h	33188	bfda8f4f357693a85e50e2811604845f1b9b068290b615a34b316ffce2913ace	
/usr/include/esplusplayer/types/event.h	33188	403d908353ccec59ea96a28990844225de197a1062cc04ca5b75a043a9f2581e	
/usr/include/esplusplayer/types/latency.h	33188	609226838836c637dc6e47d5e7f8aa4a66add206014919471b71cb8739d12454	
/usr/include/esplusplayer/types/picturequality.h	33188	311c07f64b37fb59642ed1da4f4e518291fa25f3e4405734b5f47e710a624aca	
/usr/include/esplusplayer/types/resource.h	33188	871e83efaaaa9cd7a528275b3da2ffdbe6d7d63a7b934a8395ca27eec78bb96b	
/usr/include/esplusplayer/types/source.h	33188	676bcb23e27b8b8a8c9cb7283cde5235956acae447d2affb29ad6e512e11834b	
/usr/include/esplusplayer/types/stream.h	33188	06943e6ca5841e3505feedd2d82c731aecff4a839e184b7b4cf8b61626679926	
/usr/include/esplusplayer/types/streaming_message.h	33188	a43046b473785a15d7edaaa1f3349570eea792a0e056b5b8d42bc667ed8ac552	
/usr/include/esplusplayer/types/submitdata.h	33188	2467013219b8404c9a16069572dbe0c80bdd722fd931d0b07a37307275cc51f2	
/usr/include/esplusplayer_capi/buffer.h	33188	98663eb997fc8bf924dc10bc22852fa33b220c2b4b46988e45fd3a434bfe1c62	
/usr/include/esplusplayer_capi/display.h	33188	7bc50b8ab3086997583d21aa1c045b9247e498fc990950d03a34bb69c695991d	
/usr/include/esplusplayer_capi/drm.h	33188	56fe0390425df55c59d09872a741d0bd496022ccd2df6695d30446bd498c6f49	
/usr/include/esplusplayer_capi/error.h	33188	542f447c50de0019f24d64124c4e283552a5e0a4035fca9a8dd17bf4db46c1a0	
/usr/include/esplusplayer_capi/espacket.h	33188	06b3ba2fb38e302a27a787d99273f0deda561a7063343d0a02ab943241d7a4ef	
/usr/include/esplusplayer_capi/esplusplayer_capi.h	33188	569a5847733acc51658afeff762d82d45e9b061faf72de648f810a9fc326e14f	
/usr/include/esplusplayer_capi/esplusplayer_internal.h	33188	1b40b22636646ea6f4aba28f03db66457c7a1762894e2817b49e66167aee790d	
/usr/include/esplusplayer_capi/event.h	33188	33d5e17e00a317a4d600b62d90592ca3e67e3e5a69e572a84f142f83d1dd11ed	
/usr/include/esplusplayer_capi/latency.h	33188	e35eb73c96fa9eb639594d2b73b7c3eb4c77d34874b15797509e228065b9dd03	
/usr/include/esplusplayer_capi/matroska_color.h	33188	fa7f747e06be6fa9319b0841fa6337f7417439f663233ef022ab075e93fc222b	
/usr/include/esplusplayer_capi/state.h	33188	243c5d67fb9f7e14461d73b80b6f59274d981f57b3e5035231a06862e88c94f4	
/usr/include/esplusplayer_capi/stream.h	33188	5d0c5f11831aed00b30fe64ef9c2cd9bad10b79ed6a91cf71a30f3f4a2cbb18f	
/usr/include/esplusplayer_capi/submitdatatype.h	33188	c2abdc67601f5d1855b8709c2b08832549e83409f6056201d1917cdff87a236f	
/usr/include/esplusplayer_capi/submitstatus.h	33188	f3bc1b88cdd9b697da4ff45a5b1ecb2b4419128b75146d621989f72f4750817a	
/usr/include/mixer/decodedvideoinfo.h	33188	7ca49883732d96ad1346173b7f0e67e5e59dc05cad2304f120d6602d00fdfdf8	
/usr/include/mixer/mixer.h	33188	1e85770a21dfd2b76322602ec737d8e3b781ec149707ccba93bab9eeb43ca7c4	
/usr/include/mixer/mixer_eventlistener.h	33188	0fe16904f01a38b4b25fe7610a0b086e17fe420f3602c411edb82b71f5cf88fe	
/usr/include/mixer/mixerticket.h	33188	702913dd0ce800a38bd6c1c0148b8a6ebbeedba7916237175f6821a876ead0d9	
/usr/include/mixer/mixerticket_eventlistener.h	33188	7d96dd323f02c3ac929e829a1677ef31cecf1d553923cb2b490835e3ae08dbed	
/usr/include/mixer_capi/display.h	33188	428857fae2762013d2222ef0f51d46c45537812c47668216e4594853c8ac8faf	
/usr/include/mixer_capi/error.h	33188	8258de175d1f725a58c70fc6580148fea74bee0d24e750e3c49b43abd7bd2f92	
/usr/include/mixer_capi/mixer_capi.h	33188	3825f9cfa9403519a38c37fb4ad6946e5bb16d17b19359285795512acdf277a9	
/usr/lib64/pkgconfig/esplusplayer.pc	33188	3e3b689fefa9999972078db33f21958705e2ca3f370a818df9c001881f8cac96	
