gst-plugins-base-devel
Include files and Libraries
Multimedia/Framework
8
/usr/include/gstreamer-1.0/gst/allocators/allocators-prelude.h	33188	05a630491cfdf7097ee8f1ab7a013539ac486418921c2f5cf2937895607568b2	
/usr/include/gstreamer-1.0/gst/allocators/allocators.h	33188	b94740c914f1f198b4ba10d25dc707f90f5f971ce6e5e44ef2874b938ba31411	
/usr/include/gstreamer-1.0/gst/allocators/gstdmabuf.h	33188	f79d6a178777c2fe1c1010b83d9f6a713b7c8758eefe08e9155e683b4bca7c65	
/usr/include/gstreamer-1.0/gst/allocators/gstdrmdumb.h	33188	9ca02d4e7191c801502d90cc2b5385704269fa3fb7fbd9af608b8ead3c89370b	
/usr/include/gstreamer-1.0/gst/allocators/gstfdmemory.h	33188	9e2b3d7cd7488bc5950f41b019c83a5441fa10548dbf3aa3390016f178d87008	
/usr/include/gstreamer-1.0/gst/allocators/gstphysmemory.h	33188	a65d496a264dcfb7c8d76998a5c6a296156a0613073662d8b37951e82aa62f2d	
/usr/include/gstreamer-1.0/gst/allocators/gstshmallocator.h	33188	01401c94248a5a967808353545ec78a20abab5fe973679f6d5878d77e1347ae6	
/usr/include/gstreamer-1.0/gst/allocators/gsttizenbufferpool.h	33188	5a9c8c464443823c5ac02b2fbf4db6e8f16955760fa6162c93c67e55390c4056	
/usr/include/gstreamer-1.0/gst/allocators/gsttizenmemory.h	33188	efeca4dd2f82da4cfc70d39f12d23f1e6b4fd39fb5a0a6fd5f8fce25022543ca	
/usr/include/gstreamer-1.0/gst/app/app-enumtypes.h	33188	cbca73e8449fe917c5fdad55e33610055d5ca4987ee24b74468168e5a92749a5	
/usr/include/gstreamer-1.0/gst/app/app-prelude.h	33188	54cba6299c47883b2cbe1fc85e94e76a612f4da2b097c08a9e1c6560f1a2c647	
/usr/include/gstreamer-1.0/gst/app/app.h	33188	e1747545a44c624022058bd776d3b858f496935724e41260521f4b83df725550	
/usr/include/gstreamer-1.0/gst/app/gstappsink.h	33188	69672157c51be79ce784fd5c38bf64469a26bbe93e8e5c125fa5f33f014432cc	
/usr/include/gstreamer-1.0/gst/app/gstappsrc.h	33188	b028fd9bced091f2ef09f67fa16491172d8950824629b1dff66b1a2bd49ce3cb	
/usr/include/gstreamer-1.0/gst/audio/audio-buffer.h	33188	1df6b95fd17e188c9c15aad848ecc9108c34c64ca6ba0868aeba15090cfb0073	
/usr/include/gstreamer-1.0/gst/audio/audio-channel-mixer.h	33188	60fa943c94337291a20aeaa0ae8d7a061c7a8d009613f3a2aaaafeee35fe19a6	
/usr/include/gstreamer-1.0/gst/audio/audio-channels.h	33188	25e6f1bf4794a3c1a3fb2892286133374b78f9e8acf997c37c4e7d6f32b32d0a	
/usr/include/gstreamer-1.0/gst/audio/audio-converter.h	33188	404bef99ba92747732dab6a09719de7a9a1173b01eb2fb23fa341fc857770105	
/usr/include/gstreamer-1.0/gst/audio/audio-enumtypes.h	33188	80c6217ca0af255f747a1a98ecd94ed41f9b63fbc69578c6f86c6785f36b9908	
/usr/include/gstreamer-1.0/gst/audio/audio-format.h	33188	51cc5e58c25194fcd1e6d9734965036ca6428a4d400dc65a9a52e26a872b1b94	
/usr/include/gstreamer-1.0/gst/audio/audio-info.h	33188	d198fe61258914fad902525e6fc39d58e68aaadd2b8c634aad9a3f41ff350a3f	
/usr/include/gstreamer-1.0/gst/audio/audio-prelude.h	33188	5be06f453e6969021ac814c6271fa7d4fe36e9b64310afd324a6b73cfb212c66	
/usr/include/gstreamer-1.0/gst/audio/audio-quantize.h	33188	d79e208e8739b2a267ca587467c6b4ddb6332dea7fa0bb11e379464eed580e52	
/usr/include/gstreamer-1.0/gst/audio/audio-resampler.h	33188	c1bcd7acbd7a64a2d6ccd6492fad7fd5749dab6a4a7a2ab9c4f5ccbb765981d2	
/usr/include/gstreamer-1.0/gst/audio/audio.h	33188	77a2f760e7e8406f438c934ad3a9e6e40728d96501d97ac3762569885f714fdc	
/usr/include/gstreamer-1.0/gst/audio/gstaudioaggregator.h	33188	0b71351e598ebd7f925a19535428ec0be1cd37a06938bc60e69d67420d2f6c2f	
/usr/include/gstreamer-1.0/gst/audio/gstaudiobasesink.h	33188	797b9e465da0a9a9f0b26bed21e1029d9f20f418f49c1ae1eb8370edb9f8fb0c	
/usr/include/gstreamer-1.0/gst/audio/gstaudiobasesrc.h	33188	069ba75388f46c6b948b71bc9b31bb6812c13c754c3fe6303d9c9f5599158773	
/usr/include/gstreamer-1.0/gst/audio/gstaudiocdsrc.h	33188	8c4c4dd4d4c573869bc31f048265ec53fb7e0a06664962dbaa65ab690948fe6f	
/usr/include/gstreamer-1.0/gst/audio/gstaudioclock.h	33188	ae7952a32e9c259cc6affe276e9790364ce44936b2fadb47c0283b4db1ea8924	
/usr/include/gstreamer-1.0/gst/audio/gstaudiodecoder.h	33188	82b483fa73518cd20438253f3a9bf56cee65e5e5d073009cceab365e283f958b	
/usr/include/gstreamer-1.0/gst/audio/gstaudioencoder.h	33188	9016779b549347659ff3d7fb21451a6e6aa585b2947d6e2e840f1d2bc86a1451	
/usr/include/gstreamer-1.0/gst/audio/gstaudiofilter.h	33188	7b8a764d0e1b247788bc5264bcca702d5062d7156674da947d10a2d90bb63be7	
/usr/include/gstreamer-1.0/gst/audio/gstaudioiec61937.h	33188	c84759e0a85b77af5887d67229d45c8f45c96a06edc81ad491203abdde6ceed5	
/usr/include/gstreamer-1.0/gst/audio/gstaudiometa.h	33188	e17af9880a72caecd46e6266bb36f13ca0a5833ccfa9f8ba8093fd7dcaeb571d	
/usr/include/gstreamer-1.0/gst/audio/gstaudioringbuffer.h	33188	5fffd97a1fe6801299c0df9603d03d24895c1fbfc58e5f1cbaa289e487636633	
/usr/include/gstreamer-1.0/gst/audio/gstaudiosink.h	33188	a834197a73b4e20c7e7fcee579dfba6beec3c85cfdae34785dd5f0a5fa45c8bc	
/usr/include/gstreamer-1.0/gst/audio/gstaudiosrc.h	33188	4705395cb805937b7179282123a96a6979a19195671587967efc01ee0788262a	
/usr/include/gstreamer-1.0/gst/audio/gstaudiostreamalign.h	33188	48026ca10b79927815172afdbc966646644eba8440020131051c3d065138fa44	
/usr/include/gstreamer-1.0/gst/audio/gstdsd.h	33188	1a30238f22169ee9732d3cc1210f3d659dc3db86fca71d0ed587c896e32e39bf	
/usr/include/gstreamer-1.0/gst/audio/gstdsdformat.h	33188	50076cffdd96063b6db086242a0b454f330978dcd11034a01a86f6e70b351fe6	
/usr/include/gstreamer-1.0/gst/audio/streamvolume.h	33188	429eb429b2d16677a5e5ae33e32c46db807175eb48b917fce3531c9cc8160cdb	
/usr/include/gstreamer-1.0/gst/fft/fft-prelude.h	33188	f196b3f71f4eb2cd936d29759b23b922d24c5a618e52e7cd135383c62614b81d	
/usr/include/gstreamer-1.0/gst/fft/fft.h	33188	94f100f3de5431ff6a5587b04f550bb10fb72c206be315ea26095d80948fd9e1	
/usr/include/gstreamer-1.0/gst/fft/gstfft.h	33188	1e18a4c9c4209226fbc29b13851af47d3e4f2b13ac0c7e8344bb0d781436c57f	
/usr/include/gstreamer-1.0/gst/fft/gstfftf32.h	33188	d2faeb01e3c43e076ceea9c7cf8484db6999ead50d73091d406df8ea5f97065e	
/usr/include/gstreamer-1.0/gst/fft/gstfftf64.h	33188	3bd2780885be841e6d65b3f1179fc1d4f26f1add0b3dfe8f979e39f186f83ebb	
/usr/include/gstreamer-1.0/gst/fft/gstffts16.h	33188	4371dfa0835f9f8f274173740b4fd224c4259444cb15674ff7dccfd0ea3c8fe9	
/usr/include/gstreamer-1.0/gst/fft/gstffts32.h	33188	c1543eae9a53376d5f20da5c55e925eb0405948020d01a208fda21cb8baa471c	
/usr/include/gstreamer-1.0/gst/pbutils/codec-utils.h	33188	9905d200a22b0fbcafc0a120c0309c236adf8e2044ac007d00ea2b2404fcd393	
/usr/include/gstreamer-1.0/gst/pbutils/descriptions.h	33188	d96ba3c4f3308fd7cc63276c7b379675fc8ac09a6180d63d08b744028fe236e2	
/usr/include/gstreamer-1.0/gst/pbutils/encoding-profile.h	33188	d74ccb7cecf135aa8b365b3b472f1e869b04fc64a372f30c2a2a40ce7137b50c	
/usr/include/gstreamer-1.0/gst/pbutils/encoding-target.h	33188	7202b4481cad0ff0f98660f76bad56e14d4601ae7e32d3d2bd38f589afb782a6	
/usr/include/gstreamer-1.0/gst/pbutils/gstaudiovisualizer.h	33188	4efa35133d81fc50e8943c621c9f7d9f5e232d396a79f4bcfd7fe4a75a451654	
/usr/include/gstreamer-1.0/gst/pbutils/gstdiscoverer.h	33188	73e27dd39b4fb49f7b5122354cf67adf6f8a8aa3d80ecf81eedac0116e72c5c0	
/usr/include/gstreamer-1.0/gst/pbutils/gstpluginsbaseversion.h	33188	1466c054557ff4a8e88f815ce2a21e9ad1905af32b0b195ce3bafab36de543c5	
/usr/include/gstreamer-1.0/gst/pbutils/install-plugins.h	33188	97b98108606edac77c379335088a5171c166368d4a3c1b704a8e60ddda941676	
/usr/include/gstreamer-1.0/gst/pbutils/missing-plugins.h	33188	e264629511e3c427509ca04b30e723ac6d667c90e297e6620caf0a394cc07676	
/usr/include/gstreamer-1.0/gst/pbutils/pbutils-enumtypes.h	33188	91c5cdc6ebb0d6fe8a6c829934b53ef5a2e3b26710e3381ac2392fe338eb51a4	
/usr/include/gstreamer-1.0/gst/pbutils/pbutils-prelude.h	33188	abf3a26665f57c0e8bb02731d3482d8d76d409de2abc67140f7b6935c8b52db7	
/usr/include/gstreamer-1.0/gst/pbutils/pbutils.h	33188	efc52fd34866e9bd4d3caa60d13ba462d1c2d4578f9c099c8e29470b99238be6	
/usr/include/gstreamer-1.0/gst/riff/riff-ids.h	33188	e942c228babd1cc93324b677ffd089d4499f56ccab4a708f6017014cf98f29c0	
/usr/include/gstreamer-1.0/gst/riff/riff-media.h	33188	86f755404045b2b5b6b9b2a99fae6a208bc60b09bb172e509d179fbb4f330310	
/usr/include/gstreamer-1.0/gst/riff/riff-prelude.h	33188	eb32ab1fecacc92d54d3a5bf1844359a53eee0b306d65c4bb978318d65de4c79	
/usr/include/gstreamer-1.0/gst/riff/riff-read.h	33188	3e4b381bc5c1b4208ac15b1a1042436bed418089a1eb787aeaef719a082a24a5	
/usr/include/gstreamer-1.0/gst/riff/riff.h	33188	1d2598afe0430e8454e4b5f15c398acb067a74931a3f9cc44d93510588c75f6e	
/usr/include/gstreamer-1.0/gst/rtp/gstrtcpbuffer.h	33188	811502c643c25d667bb23054af242541d24ab51777be16ea95d8f3d42070336d	
/usr/include/gstreamer-1.0/gst/rtp/gstrtp-enumtypes.h	33188	4c34e5c65c6f586977938e1414011648fe867f077668b7ee8b86d09f6c27ce34	
/usr/include/gstreamer-1.0/gst/rtp/gstrtpbaseaudiopayload.h	33188	72e9e21072ceacd2f14ed0442fc388d73e197bf8a81e5706d787193d06e53d83	
/usr/include/gstreamer-1.0/gst/rtp/gstrtpbasedepayload.h	33188	5c281edbfe301393d6f7e621d36743f8945123732f41ab665f9933358edcb3d5	
/usr/include/gstreamer-1.0/gst/rtp/gstrtpbasepayload.h	33188	4eb7e7998df16017bd2b826c3350a796dbe0801df4812bf1343edecad4aaadc4	
/usr/include/gstreamer-1.0/gst/rtp/gstrtpbuffer.h	33188	6afe56eb760d4c1fa992ff155dd70cca26822a17eeebb5002270279fbf4dd75a	
/usr/include/gstreamer-1.0/gst/rtp/gstrtpdefs.h	33188	ae1774e6caca5908be898634d8eeef290fb59f057b161958b9abaf385d7a138e	
/usr/include/gstreamer-1.0/gst/rtp/gstrtphdrext.h	33188	1559b467318709ce6cea87ff08604384aeedbe282651d6182c2030ba73e1a806	
/usr/include/gstreamer-1.0/gst/rtp/gstrtpmeta.h	33188	9cc0f6bd5d1aec811138c87f0f4e6e6b8366bd1ba20de64f9cbd9b00479b0bbc	
/usr/include/gstreamer-1.0/gst/rtp/gstrtppayloads.h	33188	680a15855605a549f5defa1155bcc21036bf370d29f6959a6df863f3946a8c59	
/usr/include/gstreamer-1.0/gst/rtp/rtp-prelude.h	33188	7cb9dc6ad72b76cbc4e7b5519856e0eed0d24761ef875398410e5a21ddb3e21e	
/usr/include/gstreamer-1.0/gst/rtp/rtp.h	33188	9e8420e5aa9e3522476a8007c518ac546516d7f9ff355a895814cb14a12611f1	
/usr/include/gstreamer-1.0/gst/rtsp/gstrtsp-enumtypes.h	33188	a45833b4a61fece5477bbf2eb7d756c93dd9032430cfe4725a89493aeade7aea	
/usr/include/gstreamer-1.0/gst/rtsp/gstrtsp.h	33188	4d2c6fe75f8441f456cbc51636f9bdac4007403289ddff9cd53a7609f46529e4	
/usr/include/gstreamer-1.0/gst/rtsp/gstrtspconnection.h	33188	aa5974fa2cb16f23206bbd9c9e11796fc44b5020b7b4e30d734ac5df1624791c	
/usr/include/gstreamer-1.0/gst/rtsp/gstrtspdefs.h	33188	229de0d756b3c1776f4827e17ef77cfc5b33b6c1287b6dea7c2da8445107fc5b	
/usr/include/gstreamer-1.0/gst/rtsp/gstrtspextension.h	33188	9ed9053e72801dd67e08b08ca7656e0729ac94f54863b72c21283c5cc6ac75c0	
/usr/include/gstreamer-1.0/gst/rtsp/gstrtspmessage.h	33188	f41d2f3818a775807f45e889a7821cce0bd7ee94e3b77a7ccb54decad4f42167	
/usr/include/gstreamer-1.0/gst/rtsp/gstrtsprange.h	33188	b7c242fb8da5857f7805effdd5b3b994b1e0db3f7c6b359f5dd3340b1afffb39	
/usr/include/gstreamer-1.0/gst/rtsp/gstrtsptransport.h	33188	c3e350fa35098e17c3c7a32cfa534f41dc9710b8a9bac6b4286113dc8d63f01f	
/usr/include/gstreamer-1.0/gst/rtsp/gstrtspurl.h	33188	d3be1ecf44e4b1381ba45cfe6cec3e32d9a1c0a1b3775ea01127510cd6e1cadd	
/usr/include/gstreamer-1.0/gst/rtsp/rtsp-prelude.h	33188	cdb1c200f7fae0406219f1bfa0cf629b85776565fccc5bc222141832fbf5fa4d	
/usr/include/gstreamer-1.0/gst/rtsp/rtsp.h	33188	d10fc296ebbb417482d3494cd6c92bd48034b18afad8335ab3bee9a9e9c7a7cb	
/usr/include/gstreamer-1.0/gst/sdp/gstmikey.h	33188	9aa7770ae4d079140f23e8a1f83200acc1bc5eb3250dd9a41225252d430d6e71	
/usr/include/gstreamer-1.0/gst/sdp/gstsdp.h	33188	3a9370c044afb8bc4f146d7c8f33f227230e9e18165ae3358dda2ed70765d5b5	
/usr/include/gstreamer-1.0/gst/sdp/gstsdpmessage.h	33188	c8656c9ccbe55cb6c2260b1cfafb58c38480169919f3dca210abd0d317f6d58e	
/usr/include/gstreamer-1.0/gst/sdp/sdp-prelude.h	33188	31d46d9b8f65c3f8261f25a3e277455818838dd8512a3600a1b18c19f0c2f649	
/usr/include/gstreamer-1.0/gst/sdp/sdp.h	33188	dd1a2b952bdb587dc3d724efdb517e1f0d33062074e8c855ebb2490250bd8d8d	
/usr/include/gstreamer-1.0/gst/tag/gsttagdemux.h	33188	5fbbf4faab204b3e36f44135cc3b20794e97c2dd72ce93afbf3c560bf8c52e0e	
/usr/include/gstreamer-1.0/gst/tag/gsttagmux.h	33188	310b81301f84e375fa4a6f8279d5dd3e2d5911d502b9d7214bb7e4233e808ae3	
/usr/include/gstreamer-1.0/gst/tag/tag-enumtypes.h	33188	082ad24c1244fdaf43c7c5dbce95016280f40bb04f2c5b16d5fa53da9b3b585c	
/usr/include/gstreamer-1.0/gst/tag/tag-prelude.h	33188	85873b0e66b82c175f60e497755c850e7f29138c3a93a0805f90ef82a38a4e1b	
/usr/include/gstreamer-1.0/gst/tag/tag.h	33188	f3e15712d424227adcab9264649991970207816471017334f3cdb5a88ca06e1c	
/usr/include/gstreamer-1.0/gst/tag/xmpwriter.h	33188	b8fa4c6ec7d0e3c2c6fe1817f63592f9d9e882664a7fefcaec7b9e08765733fc	
/usr/include/gstreamer-1.0/gst/video/cameracontrol.h	33188	59f60bddec1481d4e5ca371199e1617a3c8468240ee400828d800b5690e4d9ac	
/usr/include/gstreamer-1.0/gst/video/cameracontrolchannel.h	33188	9fa8d6da5abb2b9625b80e19a6517a448193a138056029c8ce7881a25f6c8c1d	
/usr/include/gstreamer-1.0/gst/video/colorbalance.h	33188	de22ea3fb0e1c468ee64e3847f0f93ff2fd9f43c6de11dfa323693721e1dd5a2	
/usr/include/gstreamer-1.0/gst/video/colorbalancechannel.h	33188	aa719dfa1bbac97a6d95c3f418c497fe84539902d68592ec3be54c1e0d0423f5	
/usr/include/gstreamer-1.0/gst/video/gstvideoaffinetransformationmeta.h	33188	31be0c8855eda0823e86891b317d54b5bbb24915148b109e026b73b43e664ec5	
/usr/include/gstreamer-1.0/gst/video/gstvideoaggregator.h	33188	2488a895a80ec825fa9fa13d863998ac214cfe46ea18f8b8913e337a90ebb632	
/usr/include/gstreamer-1.0/gst/video/gstvideocodecalphameta.h	33188	66a34fc67d4a81493d3b12a42ca1f652ac02e9745ac512d70bad42dd11b4c5e1	
/usr/include/gstreamer-1.0/gst/video/gstvideodecoder.h	33188	233b9e48facfb585a1053ff8625baa3fd38f5d0b3426c2d5c50db74001eac708	
/usr/include/gstreamer-1.0/gst/video/gstvideoencoder.h	33188	d2edade86e1396f75bf307e535e85e995cfa07031700b237ec9a5f47c989c223	
/usr/include/gstreamer-1.0/gst/video/gstvideofilter.h	33188	2f2746400f742e01670f7c0d864cbd1d15e27e5341134f5911ce9df031785501	
/usr/include/gstreamer-1.0/gst/video/gstvideometa.h	33188	1ef8b150bd2500c0b4ea70259951b89864bad8ea1f6da644f798ab2903c1c000	
/usr/include/gstreamer-1.0/gst/video/gstvideopool.h	33188	b700bb2b9e7f7b81bfa2cc0ab3bc61740bbf6fa849ba211deda0a09a68203762	
/usr/include/gstreamer-1.0/gst/video/gstvideosink.h	33188	b83d6a9f378bbb15abfb125da741400b1400f3a412cc960e7b2fd5467a51c7b9	
/usr/include/gstreamer-1.0/gst/video/gstvideotimecode.h	33188	223e3e2974e73d32bc72758c12a1f3fc693572bb4c8b75c3cd9c276c3cc603d1	
/usr/include/gstreamer-1.0/gst/video/gstvideoutils.h	33188	5632f675690e64c5c48f28a8eb0e654f016c06807cecdf1a04f7c891a2fdeea9	
/usr/include/gstreamer-1.0/gst/video/navigation.h	33188	4664da053acc2b8efbc50499ae20c81fee8cc8aba083c03e65c9dc372b887718	
/usr/include/gstreamer-1.0/gst/video/video-anc.h	33188	d59b899cdf91eaf667fda198a3236c97cfcb9e954fc419be1b1fc4d6282f16a6	
/usr/include/gstreamer-1.0/gst/video/video-blend.h	33188	7268fa1ea5c8a9a99567cc8bd249234a25e6eefed865b68765436d48030639c9	
/usr/include/gstreamer-1.0/gst/video/video-chroma.h	33188	a38ef0c21b84cb15940eac765d97d83df7faf840d367d8e2501f4d30ece47eb9	
/usr/include/gstreamer-1.0/gst/video/video-color.h	33188	152bc84cab4284076d1eb12ab392029ac17dc2591aef3dab2c50f719bcf50aac	
/usr/include/gstreamer-1.0/gst/video/video-converter.h	33188	19df47abf5f72e68dfecd325eea668ca6adae90ff70058a9f8d060b98e02e28c	
/usr/include/gstreamer-1.0/gst/video/video-dither.h	33188	7d5eb70f1870dce6a94ab580d3a80b8823a7e2c838d9db20212bec9e09820f99	
/usr/include/gstreamer-1.0/gst/video/video-enumtypes.h	33188	a12506c7230165c799b4acc85753f9fa0584bd22bf0455a004770e722c1deefe	
/usr/include/gstreamer-1.0/gst/video/video-event.h	33188	0af27f96e8f6e6494b2b062359ac4e13a310cf655c4bc60d808c1e8b6e44010f	
/usr/include/gstreamer-1.0/gst/video/video-format.h	33188	22c7c307e77a086554c77e3bef92e87a5938cf582fa2d3d9d4354538120d45d3	
/usr/include/gstreamer-1.0/gst/video/video-frame.h	33188	23b9f7e9ba3bb8476756a28db18eaf792ecddf1fde2542c00fb30bab783d9d7b	
/usr/include/gstreamer-1.0/gst/video/video-hdr.h	33188	0666a6337de0714942556da67b620513ee0e1b2a82b44fa11c9c0b722027ab24	
/usr/include/gstreamer-1.0/gst/video/video-info-dma.h	33188	92a473c6d1a527901e6f1cc390791b8a20e14b6be67d9c66ab85b89d6023b209	
/usr/include/gstreamer-1.0/gst/video/video-info.h	33188	7f3dc1bf6ddf874c7110e6d3ea7f8aaf95fdcc8f200d8b9a32b0f8d970aabcc0	
/usr/include/gstreamer-1.0/gst/video/video-multiview.h	33188	ee98514e1ed6d138989ba6cf6000349a49c0c0b466451b1bd9575437e8573995	
/usr/include/gstreamer-1.0/gst/video/video-overlay-composition.h	33188	d2766cdc3b469b4e42d0d2d4cf96a986d7caa4803dfbce9df75d2f3af100a0c8	
/usr/include/gstreamer-1.0/gst/video/video-prelude.h	33188	664788ad1c22d6e95ad5b8cad318398ba7cbbfe10dc600f6b3775f15fc14bf6c	
/usr/include/gstreamer-1.0/gst/video/video-resampler.h	33188	fabcc73a33a30b5adf61cddc62fc36d48ba50c9c693123f81242b0d1149c9dd2	
/usr/include/gstreamer-1.0/gst/video/video-scaler.h	33188	8cad1eeb59c9cdc8ca108c682a12588343b7496184f062a019ba03d130205bbd	
/usr/include/gstreamer-1.0/gst/video/video-sei.h	33188	ec5f64d386f64c0dad800ff4a52571cbf9b1feebcfce5d9c5f7fa785aa7c07d8	
/usr/include/gstreamer-1.0/gst/video/video-tile.h	33188	6ff839a15a4486f0bb60594338bce906879dd88494a3c741117e17ab62c92f14	
/usr/include/gstreamer-1.0/gst/video/video.h	33188	7765eae1a72c6aa72640ba5f53a1cd44fc72e63408de4fb6dce962d4ece72a6b	
/usr/include/gstreamer-1.0/gst/video/videodirection.h	33188	383a0f46e18a8e1f16ee8b76ca80d10db2c3377df20568d4b768137891bd637e	
/usr/include/gstreamer-1.0/gst/video/videoorientation.h	33188	360bd78506af367eea749e89a71671c7d146a2aa0895e9f3490ac21fb8960bd8	
/usr/include/gstreamer-1.0/gst/video/videooverlay.h	33188	95ebe2838df4c33598d536ede57b9ce52849ebe0cee458801410d5bbe8d52687	
/usr/lib64/libgstallocators-1.0.so	41471		libgstallocators-1.0.so.0
/usr/lib64/libgstapp-1.0.so	41471		libgstapp-1.0.so.0
/usr/lib64/libgstaudio-1.0.so	41471		libgstaudio-1.0.so.0
/usr/lib64/libgstfft-1.0.so	41471		libgstfft-1.0.so.0
/usr/lib64/libgstpbutils-1.0.so	41471		libgstpbutils-1.0.so.0
/usr/lib64/libgstriff-1.0.so	41471		libgstriff-1.0.so.0
/usr/lib64/libgstrtp-1.0.so	41471		libgstrtp-1.0.so.0
/usr/lib64/libgstrtsp-1.0.so	41471		libgstrtsp-1.0.so.0
/usr/lib64/libgstsdp-1.0.so	41471		libgstsdp-1.0.so.0
/usr/lib64/libgsttag-1.0.so	41471		libgsttag-1.0.so.0
/usr/lib64/libgstvideo-1.0.so	41471		libgstvideo-1.0.so.0
/usr/lib64/pkgconfig/gstreamer-allocators-1.0.pc	33188	ffe7927b4ff4a6498a82b3d581db3781535fd1b19e98b011baf92fbae59bc317	
/usr/lib64/pkgconfig/gstreamer-app-1.0.pc	33188	e10fc77399a9f4ebbeb065c10dffd65761fc50248dfdd386dd5dd8f89f4eeeb9	
/usr/lib64/pkgconfig/gstreamer-audio-1.0.pc	33188	ccae40d56d8585b3ee291cb2308561c5db8bae2b7652b4cadb143415c7937599	
/usr/lib64/pkgconfig/gstreamer-fft-1.0.pc	33188	0c258e7b2634f1de7bb67cc9c329790189543f034fb237bf30f3aceb63c90d42	
/usr/lib64/pkgconfig/gstreamer-pbutils-1.0.pc	33188	5621d1f06bb8202500174757983d1db46e1ab843e27748fc9a2cf46173aea83c	
/usr/lib64/pkgconfig/gstreamer-plugins-base-1.0.pc	33188	0364a6a67ff2007da3585b648623ac8de14d1470e25f96321dcaf579cb51d040	
/usr/lib64/pkgconfig/gstreamer-riff-1.0.pc	33188	0a343e37b89c27bc52f5d5439c93d735e06a1526cfe8f54fb64716e271a271af	
/usr/lib64/pkgconfig/gstreamer-rtp-1.0.pc	33188	f72bc4fb918f3f9cc66bb6d736359b9861a058a33eab8d3cf0a1e7f79ae67ade	
/usr/lib64/pkgconfig/gstreamer-rtsp-1.0.pc	33188	352bf6a3d82bf4b79ba632ac484b0fdf728515199d5c2e654d9eec4a40195655	
/usr/lib64/pkgconfig/gstreamer-sdp-1.0.pc	33188	ec294410e8a23ed940ac6bb0d05d9ed5f3b07dcdbea670261480f37d9ce9aae4	
/usr/lib64/pkgconfig/gstreamer-tag-1.0.pc	33188	5287f38634beb99288ca1318a4ac78cdb1b01ec3fae18fbe4470b62700725637	
/usr/lib64/pkgconfig/gstreamer-video-1.0.pc	33188	947300333616c8d46fbabda42bbea400227557c01ccf8dd62b948b006bc57e37	
