libpulse-devel
PulseAudio client development headers and libraries
Multimedia/Development
8
/usr/include/pulse/cdecl.h	33188	5409316469361899e1dfe4cc8437c60b5a3d19e6bb9a0f2cf1ebb06c3acc149d	
/usr/include/pulse/channelmap.h	33188	74a1615e0e3a6e8577e2f668185a22d9f09b4b5ca5c615bfb47d991c76dc0f71	
/usr/include/pulse/context.h	33188	b42941a0b2f3f2ec05bbaeaf7a138c62ef7eea6adcff0362829dddccdd9cd2d5	
/usr/include/pulse/def.h	33188	cec4fbabec1a058f6597c2fb967322a3df4665482afb79449aa8449e9e63fca8	
/usr/include/pulse/direction.h	33188	9243db0ff8ec0fb0928fbafa08b3cc5e86120a324c1a0f4fbb6c99305819bc44	
/usr/include/pulse/error.h	33188	4db392efcefdcc4ec9b58ceb7fb5ad5a286dd845a8186d10b988661ee053530b	
/usr/include/pulse/ext-device-manager.h	33188	14601ac7fb587f9fd12469223dec94133337620c63dd1be39b2fc1b53929e0ed	
/usr/include/pulse/ext-device-restore.h	33188	05781cb0b079e9fcd63a587f7071e9999f70e25def8240f7af6745541c46e07c	
/usr/include/pulse/ext-stream-restore.h	33188	84c0e28465238f7d517abb8e766dbf8508e37b5491ac5e5733e09bba2ef47966	
/usr/include/pulse/format.h	33188	015214b2a3c2c5732ede1ff60e5b1b22a372b94037e1595d60197f54655ab755	
/usr/include/pulse/gccmacro.h	33188	d1e4ae489b989c4f9d4bb2491f21ab8d1c44590d55649b28b2762e158f7b2e44	
/usr/include/pulse/glib-mainloop.h	33188	39a5df77160c4e787910a1dc95dc38980c4c9315ca7640e1f5f9b73ed69e1504	
/usr/include/pulse/introspect.h	33188	765b7a1a1a7a2faad7acac822f2b1804e8b7c225d7fc02f34557ad4a5052bd33	
/usr/include/pulse/mainloop-api.h	33188	4adccd28ccf414ec8dea3354a07d6c398f7df324df5f5c50c673db83dbad9504	
/usr/include/pulse/mainloop-signal.h	33188	0aa10d63118b31845446d79133bb0ff2a91486021947d000dc6a50583276fed9	
/usr/include/pulse/mainloop.h	33188	db728dea865ace80fcee233028a9ff03792952065c0867218fe16f30f25c1735	
/usr/include/pulse/operation.h	33188	f5afe1deb0ac539aeb74a23e646c6a2f3d4f6aead06d9f24bda717695f75f21c	
/usr/include/pulse/proplist.h	33188	5d506d20dc6967ac34d60c8c88b29b1ab9edaa6e81a0d83582cc158a7c9fbf17	
/usr/include/pulse/pulseaudio.h	33188	6f9a42d6cc00a25944e5cee62f96c36d119aeef14fa265a52791996cca9c5fd6	
/usr/include/pulse/rtclock.h	33188	bd1ef12c706e09241730115bf4f48d8f3bebe268a4bd5f3cf6a11ea0bd6b81a4	
/usr/include/pulse/sample.h	33188	7159a3f99fbf4d67073fb01d26a90f44a828ac5d4a6b41c1e0117278718cf4b8	
/usr/include/pulse/scache.h	33188	9e39fb3a3ddce99991c59570a54e19ff6d0ae242422b08af12f7a1ab2f743b81	
/usr/include/pulse/simple.h	33188	c9cc7c5d2c9c53ddd0d8a9e2a2fb60b95a674c61a2c51584ec11a3d95304d076	
/usr/include/pulse/stream.h	33188	3422eda7e0b3b3948c0cbec43f12be877ed992baa4c523a535d4c303a447a1a8	
/usr/include/pulse/subscribe.h	33188	14e1c88d2c2f9ebd5e5da3b522b48ebb71ae3fa70e85868975b4e269f36f4b32	
/usr/include/pulse/thread-mainloop.h	33188	a02e3e2fa5a4ea9f2d3cb64e4eb647225811a31d6ae5ae4605926a55a2e24acc	
/usr/include/pulse/timeval.h	33188	e1fa8f1c86eed95828737c3e4daed9a790cf4388c556d127854370a27c08ba18	
/usr/include/pulse/utf8.h	33188	a4fce745ee797efd0b60312b05ed5606c64110dcee6fe12aa5d1729b0bccb3ef	
/usr/include/pulse/util.h	33188	6fb670e2ef3bdd9b62dc043bef564f265c4019501fbf9d5a4f687f8a0c49d166	
/usr/include/pulse/version.h	33188	bf3c9d572b7fe35853484230461be0d60d908dd078c13c57535ec185b1dbdd5d	
/usr/include/pulse/volume.h	33188	d65cbac6ef2e7d1bfa339ad1f6b8976e802dea9fc3923b150115f201b610c9b4	
/usr/include/pulse/xmalloc.h	33188	3c03250b39d1cf2f4b9f6f7db80fbbb1677253b29684ddda9eb940cd00f27c31	
/usr/include/pulsecore/asyncmsgq.h	33188	ad8c14eba5df06a661192f2d8cfe21107ef6db909ec6aa69f4c4589b31091ec0	
/usr/include/pulsecore/asyncq.h	33188	0cc2e8c98d62712be3248c4d0c7ea5a16e642ac659ac096f59a313db3ad02872	
/usr/include/pulsecore/atomic.h	33188	8c592ca96b8acaf882a9ad980a2da16a67c6ad6ab8611ecab47291147f8114e5	
/usr/include/pulsecore/auth-cookie.h	33188	4651b305537af2a1848a2dd847d27439213cfe192cc6bac31e2585cd86d05968	
/usr/include/pulsecore/avcodec.h	33188	6e4058b9f9766864783eec487c45f47cbbb868841b6ddeff5287e35b9df075c5	
/usr/include/pulsecore/biquad.h	33188	96010b114ea0bc5d343b606643adaa2c57b49db1f9e5d864307fc7c236e71bc6	
/usr/include/pulsecore/card.h	33188	945f580440a9770f69e38097a96751e4e9f9274f082fe97a5e4283fff72c1b7f	
/usr/include/pulsecore/cli-command.h	33188	ead930571598cb9ad7b810c455ed6de055b9e6fc36f59c0e75fa3fd5958a0bfa	
/usr/include/pulsecore/cli-text.h	33188	d3361b8270ee8e1d69b0b9604319bd2b280425e9acdd3d9f939cd5b758bd5c5d	
/usr/include/pulsecore/client.h	33188	249d5e5b70eee677659f3cc6d20dab8ac8f1d1d620dd50fa296bc6feb5178158	
/usr/include/pulsecore/core-error.h	33188	b5822fdca41ebf58aa5f3086e4f34a10580c45da4a573ea6a466820f96b3025b	
/usr/include/pulsecore/core-rtclock.h	33188	4d4604b00ef1b72c8beacbc0ed68d5a807dc478b9631a1c61a557b1f13164b87	
/usr/include/pulsecore/core-scache.h	33188	5bd54cb66836275457d6e99300ad3bcd76527cdee66ce7e3bee9a86f37365121	
/usr/include/pulsecore/core-subscribe.h	33188	a41272d27cc7d2a084cc91d4e1c8df1e7657ab989cad96868d8f061920c6c2a2	
/usr/include/pulsecore/core-util.h	33188	dbabb035d88edce9d16d03a1d3e3d1683c34a348c3d9fa8817934836469b097f	
/usr/include/pulsecore/core.h	33188	7ace001f148dd0236f80ba28122a2ca46be3d07ab2e3a97a8eea88e33347eb5e	
/usr/include/pulsecore/cpu-arm.h	33188	c06bb08177669e45e354dd0fe94541f1e2db6f4f59002dc5bb2f1451e4c7bf42	
/usr/include/pulsecore/cpu-orc.h	33188	fa71cd79854300d989440abfe8fb8f60a8c5fffc42da139bf7d00493b4c7a563	
/usr/include/pulsecore/cpu-x86.h	33188	0881d3f6843b7690cd66426597c36f35299d1a41b3b5f1b801d7d2ce6ba5a7e2	
/usr/include/pulsecore/cpu.h	33188	58d8031d81d391eb538b566dc3abf99f8e51f0a978b027858a7a713a8cd16a6a	
/usr/include/pulsecore/creds.h	33188	7fb289c14c88edd3b786930a146e8c7e03e838b5cc3eb9c35af45bf0b7fa3854	
/usr/include/pulsecore/crossover.h	33188	eeee58bc66861f8b3125c7a755c259ba79d6546b1ba9aba7530e74c46e8b35b0	
/usr/include/pulsecore/cynara.h	33188	653ebff09fbb051b75e2df4b993be06015909cd861c6aabcc3b03a5ad998b5c4	
/usr/include/pulsecore/database.h	33188	9a1460ef826f4fb257a225276f9fe1f32d06c9608fc83ffa667737bca64bf68a	
/usr/include/pulsecore/dbus-shared.h	33188	3b52135f07297ea87798101f0cd76a1121557c852805cd32d89c8564e9f629a5	
/usr/include/pulsecore/dbus-util.h	33188	350b499fb03a035125ea6b8baf6a6bcda3799dbef12a3d6a637571121bad1ef4	
/usr/include/pulsecore/device-port.h	33188	efaf66ab7aeddd974ec5cb53bd42ea5b86d43708c12ba232f7994eb0e2248d95	
/usr/include/pulsecore/dsputil.h	33188	ff7acded081e478d4f448520e95ee2a32f99bdd58f03a15aa51976a67a673796	
/usr/include/pulsecore/dynarray.h	33188	38e5afea2e4551b37a2c966fab23a455c8f2a6322c85792c8820a3095b2ddcd0	
/usr/include/pulsecore/fdsem.h	33188	6a91a4dd0cb7806fde5110495b01a4b496542bbb520de16bab238ca1883369ed	
/usr/include/pulsecore/filter	16877		
/usr/include/pulsecore/filter/lfe-filter.h	33188	9ca457a7f0a113ac712c4ca0d0a1adcdd989e2b99ebd549bc2d55e5431c2de1f	
/usr/include/pulsecore/hashmap.h	33188	fa154a855998fac8835c4c824839e1741adbc4c021cb8c0d98d6e81f169b1b02	
/usr/include/pulsecore/hook-list.h	33188	4f9a72eebe7b94a29fdcdda805526f1c3500dc56469bc12dad4435e2093b7b1a	
/usr/include/pulsecore/i18n.h	33188	ba57703fd22e199c95e89f8a0fee1e1bab8316e0c5e272dd5c6367295e53ed00	
/usr/include/pulsecore/idxset.h	33188	ad282441360c23a4c36452b23d05e3dd6514b7396e1cc256bc842569905b8b4b	
/usr/include/pulsecore/iochannel.h	33188	646ca50bf7a09fcc36bc0e1796ba9b411445d60eccb4eb450623e880f4b66ca0	
/usr/include/pulsecore/ipacl.h	33188	2c5846fd5f555bd4177803e6a417ad910b70a27196c2733dcc70047881b93d0b	
/usr/include/pulsecore/lfe-filter.h	33188	9ca457a7f0a113ac712c4ca0d0a1adcdd989e2b99ebd549bc2d55e5431c2de1f	
/usr/include/pulsecore/llist.h	33188	dfbdc507bfc96848d4a90960e50206bef3b983039de039761eb59b7622a1bfed	
/usr/include/pulsecore/log.h	33188	2312b2e26e690667364c53085a7cebdf4379238698a8525a045eaba2434f96b2	
/usr/include/pulsecore/ltdl-helper.h	33188	f6d6c029e138cac34a4475ac90edc2ca3c2baf03e4523f7b5cda4977d7527697	
/usr/include/pulsecore/macro.h	33188	b7f113fc707af2cc6d4e227e0c1293249c5aaf066e08c44e160221559bde425c	
/usr/include/pulsecore/mem.h	33188	f3021b5ed00d89c3deb909295ad5cc7b09cc8d30fcd741604978976836baa8f0	
/usr/include/pulsecore/memblock.h	33188	bd3cb0e9c3df2971110b22ea8eaa894b6cab3f204487034ad8fc03a565c26de2	
/usr/include/pulsecore/memblockq.h	33188	d453f24accbc1473347666e61d0474a0c5d2c720226b8527b3f49a572d621576	
/usr/include/pulsecore/memchunk.h	33188	e8e4ef450cb99d135ab9f27de1c1a12b270937d79b0e8a7ca55102194ade038a	
/usr/include/pulsecore/message-handler.h	33188	af1005d2faf88591fff40a01fa5ee226cefc25523afcbcfd5ff512441ec6372b	
/usr/include/pulsecore/mix.h	33188	7e07d2913488ec48040e52670ad83dcb975b44abf8f4593af7f1960266a4b51f	
/usr/include/pulsecore/modargs.h	33188	3479abb627433e6000e6b02a83b820b39faa506be1b34918749770bff5ad7966	
/usr/include/pulsecore/modinfo.h	33188	b2be6476748a7baceb01ad5c366b500aa4193d5a83fd0fcda874d8a66aff231b	
/usr/include/pulsecore/module.h	33188	9ff05ace33a7bfb77c4e735730f99e37773817f6c4d0bd824758aafbfc8b8711	
/usr/include/pulsecore/msgobject.h	33188	4e0c467b7b45c5591560b807c7fedfd09412522e86297acaf23dfa65ef92f18b	
/usr/include/pulsecore/mutex.h	33188	7accefb297022ce82a313f789baa8626f9fbb7f1ddcc5ece7cc8bb9ae79c1907	
/usr/include/pulsecore/namereg.h	33188	7063e78dd1d2fa84f423537f0350cc5d89542979f3ab115508571591263ee01d	
/usr/include/pulsecore/native-common.h	33188	5a986315ef4fd59de12db3c60aae260c3e8e09da70cfb3b721821e59d3c288f5	
/usr/include/pulsecore/object.h	33188	f863c93779d86e9e2ce4c0f66e564421e525dc02bed31739c9c2e38358e06516	
/usr/include/pulsecore/once.h	33188	9b65dbd0e8395161958c191195a87a331fc8d8e4b229cd62f879ffdd8fb5d5af	
/usr/include/pulsecore/packet.h	33188	9e6af67014666ae616b7dee888066dd8d39cc9e22a798951cc89e05d5ca1f4d8	
/usr/include/pulsecore/parseaddr.h	33188	4afd6e521c640091da5e2735e17abf698ab3c2f2359a46b87b52166624b54ada	
/usr/include/pulsecore/pdispatch.h	33188	e78323cce0cdb96ca5b56420d02663c89bc5c609cedf598e73723971779cabd8	
/usr/include/pulsecore/play-memblockq.h	33188	7c9e7b06891c0e241c96b10e4352e39b4fba3d33b0a5a185e0ce9e81afc8a3b0	
/usr/include/pulsecore/play-memchunk.h	33188	c1702d863089d62f1d3935a098f80c11b616dbef2044981cb7f6dffc95953fa9	
/usr/include/pulsecore/poll.h	33188	7dd63cd553ea4132bd5c111fa772cb1c31f4f646528d0fd2992fd76890aa555f	
/usr/include/pulsecore/proplist-util.h	33188	2216d6d3ed495f21f1efbfd6ec4ee7c1fcc3b92839a814425cb94b38ddaedab7	
/usr/include/pulsecore/protocol-dbus.h	33188	404eeaa6b92888a24ca26631e02f8cc1e1d609d53a55c1aaf6ff5acfc37fa15d	
/usr/include/pulsecore/protocol-native.h	33188	a6f3d32982e9585447848fd1fc38f0810686cfcc0e5c8314063fbbbc7ff72c78	
/usr/include/pulsecore/pstream-util.h	33188	ae8bcb9ddcd7ddd040dfb1714326fbcc6dac510ea57dda6a066687b2daa7df05	
/usr/include/pulsecore/pstream.h	33188	ce8986bc5219e37e67f9393fcd150e82fa514cb19e0e40a600cd5363bf2ffcfa	
/usr/include/pulsecore/queue.h	33188	199d2430b32b05a0f8b198d5717a4f09c8c058eb52d8bbbd86040bba1a5c5d09	
/usr/include/pulsecore/refcnt.h	33188	29f47ca62f80e45948de84d8e734182117eb46d98c8ad68f7d7e5c4d8f659ae1	
/usr/include/pulsecore/remap.h	33188	088d47a01692255a25eb0a1c8f978874eb57ab78c358ba0955ac4c5b59f57863	
/usr/include/pulsecore/resampler.h	33188	6b754500962c334f15df765536597d558a2b8b17ec7ccc71c36f1e66dae499e4	
/usr/include/pulsecore/rtpoll.h	33188	237a5b6f6f09e33e647484e7d8f565fcdcf763c14c012a20c49b5026dda51ba8	
/usr/include/pulsecore/sample-util.h	33188	066f174972b24d2d97190dd978c1cd62400acb3d046c461716f8a6f10c3f2bef	
/usr/include/pulsecore/sconv-s16be.h	33188	eada7da80f7122b447f2ca653fc10a767d48be8266a445194c4f754db604bea4	
/usr/include/pulsecore/sconv-s16le.h	33188	7ea32b50899921d1a44f20d87cec9a10b423ff88092e856ed9792dac99b650cd	
/usr/include/pulsecore/sconv.h	33188	f3ee952a60ca7fcb5bbfcc969c24b0b35c014c7292965ce92f5755a119054d36	
/usr/include/pulsecore/shared.h	33188	8d4f7d43d61b4156b3058a6eeaf82d98448352ce225012c4488bbb2528f7bc42	
/usr/include/pulsecore/sink-input.h	33188	0109f38bcf04f9a0b2a4263048e9d114f0170c97351baef44ce111ca7cb576cf	
/usr/include/pulsecore/sink.h	33188	b9de247729b1240dfadc34749dc124a2c84f46175602884db923f171cb51b56a	
/usr/include/pulsecore/sioman.h	33188	b4238ff89e27cbf77946dc8c0e53da5c1086546e1dc10e359e2f68b53340b02e	
/usr/include/pulsecore/socket.h	33188	28f3c7fd58869254e22399edb7480c6734009ec6d45361c14ea2e8eef61dcb8f	
/usr/include/pulsecore/sound-file-stream.h	33188	72ee169b6fde3b4be0131a5c9e007a39c0c02a8572c55f0be2ccae9decf9a384	
/usr/include/pulsecore/sound-file.h	33188	a6306c4f7394fe47cf27338e053a5619315d6d0cc3f686b5655ff38bbd6f7c60	
/usr/include/pulsecore/source-output.h	33188	faf773c7138df767507b414bfa4cf3df7f45cd13a0ffd3254001af46998892fb	
/usr/include/pulsecore/source.h	33188	dac5d9db16ea9406652b0889be296572282161ce129cfdcbc4a4a16ede70498b	
/usr/include/pulsecore/srbchannel.h	33188	9dbbcdda1af42ef0e3d54f6229e5df4d967b3d31df92926c75bc457326e1d275	
/usr/include/pulsecore/start-child.h	33188	94b12b2306de56543e2f2f607187b2f3cd65fb99fc93c1a28277372bcfb1a35c	
/usr/include/pulsecore/strbuf.h	33188	16c869b9de6e2ef03d79ef505398062af75c1e80f275b24474a518eafe19ea95	
/usr/include/pulsecore/stream-util.h	33188	90b1dbac71debb3057a329de4353fa6a746957813cf9a3b991a389e0b68cc111	
/usr/include/pulsecore/strlist.h	33188	b72075114efca3b38965108d5e63ff394de65f0f573f2cecf06fbd71c8e4c71e	
/usr/include/pulsecore/tagstruct.h	33188	f6eeb000bc01f12f8d67cc010ef280b68dc328b985fec8ce4552b97e2afa318c	
/usr/include/pulsecore/thread-mq.h	33188	44851ea5c9766ee3093be3c93f0bce62276e1a0342764e84dbb1b9a2f10a5843	
/usr/include/pulsecore/thread.h	33188	6da6afd7ecb21919693476df666ac59bd5fc0868e8af82f3f2ade49fc49ae811	
/usr/include/pulsecore/time-smoother.h	33188	ed7b9dcbb602d460bda804f47c03023da5e33269dcb21497004d7bef1d62dcc6	
/usr/include/pulsecore/typedefs.h	33188	f457e25eaf1d23f2c536473b99fe91bd276aed193557861ac793a5a66c7f29db	
/usr/lib64/cmake/PulseAudio/PulseAudioConfig.cmake	33188	09883063189e436dddbaa26e1f77a42e7a56e137f5f4a4ae84eb5e32bbbec4d4	
/usr/lib64/cmake/PulseAudio/PulseAudioConfigVersion.cmake	33188	7b3ab543eedddae42e8e644879edefebe71505b72cacd5863bad5942a4e212e6	
/usr/lib64/libpulse-mainloop-glib.so	41471		libpulse-mainloop-glib.so.0
/usr/lib64/libpulse-simple.so	41471		libpulse-simple.so.0
/usr/lib64/libpulse.so	41471		libpulse.so.0
/usr/lib64/pkgconfig/libpulse-mainloop-glib.pc	33188	f0bc16688bfb8cc0ce5477f6b905864f177bc57121d0ac63d92193c91ebd0355	
/usr/lib64/pkgconfig/libpulse-simple.pc	33188	4237850e71c6c196f06183332984b3cb3b754d824c045c747a80f082704253be	
/usr/lib64/pkgconfig/libpulse.pc	33188	31208f0f4dd7e70b9e572727c44874d5011385a8e0b7389167db7d174c1474cf	
/usr/lib64/pkgconfig/pulsecore.pc	33188	841b39095d43863a2534d109d82d832c26f1c00f2472da4d7e700e670bad4373	
