lzo-devel
Development files for the lzo library
Development/Libraries
8
/usr/include/lzo	16877		
/usr/include/lzo/lzo1.h	33188	b155c510a68447c11c8a181c9f99753f07e193d6a66f1b428d9a47f4e4e4ab1b	
/usr/include/lzo/lzo1a.h	33188	4acdb37a85da89e1a34f774e87b61ee7b5526068bc53e0f81882e9b9fbb306e4	
/usr/include/lzo/lzo1b.h	33188	015c4448b0331e7605e4121a5848d675c564ea90d1171b56e5384cb94581bd27	
/usr/include/lzo/lzo1c.h	33188	51ab97926b2303b7eea29794eb0fa0fc31549c2a9c2620ee60f9f5884319f696	
/usr/include/lzo/lzo1f.h	33188	80c5e5c3ffafb716c2f611c15b7f90e61889000ec2d51309ccaa26c8ea561af6	
/usr/include/lzo/lzo1x.h	33188	010e47f9a1fb11611fec58ed71781e6129e2693448afc4dddcfd92110ac807f8	
/usr/include/lzo/lzo1y.h	33188	68774be5bd9e3306b5d6494f965eb5e8ebe594347e89a62f7389bc6c6f962c62	
/usr/include/lzo/lzo1z.h	33188	b488a2c6755984c255d7347dace98ab0f3b105bd44c9d15c8e37d753df948a24	
/usr/include/lzo/lzo2a.h	33188	14ddc3ff6249a2a7146ccd0cebe53615b7e44db70658a754059b9f301cc1a7d2	
/usr/include/lzo/lzo_asm.h	33188	00e94a0436848d728320d69028f01e6cf21e20f8dc22e248cde35600d4dcc352	
/usr/include/lzo/lzoconf.h	33188	63bf0574a0df2fa703060282cc5cfa60d86e73d11b1a5f2faf261ffe6809f99d	
/usr/include/lzo/lzodefs.h	33188	7cdc24f7d8762f0908b30f4959442798427af8c01c6d925f5594114a45a2a89e	
/usr/include/lzo/lzoutil.h	33188	fa07440382289124b26a59ae39bc824a976047c2adfc19ec9c632286f9d82056	
/usr/include/lzo/minilzo.h	33188	7a534954bf04e611cd79905ede932c41a2907af461ba532a0f2d2c08463070ee	
/usr/lib64/liblzo2.so	41471		liblzo2.so.2.0.0
/usr/lib64/libminilzo.so	41471		libminilzo.so.0
/usr/lib64/pkgconfig/lzo2.pc	33188	b8c30646c7f12d93961d019d558f4e67d1d4f4e28b29ca6f55158f4ebebb77b8	
/usr/share/doc/lzo/AUTHORS	33188	a94f2d3916d2987ae0adc0a8dc641d94beb38e341d543bc956a6c8f0c3151c40	
/usr/share/doc/lzo/LZO.FAQ	33188	5b3d9b5455baed5bc84090831263dcbafe97a802b172cb6f5dfed3562d2692af	
/usr/share/doc/lzo/LZO.TXT	33188	fed74db7884d9fb534a64dec5b585adebf40eda47f67f5ace76450c2335400eb	
/usr/share/doc/lzo/LZOAPI.TXT	33188	b70072c5515badae0231ceb817aa89fad48d10d7204d4524a64a2aaba661a7ee	
/usr/share/doc/lzo/NEWS	33188	bd30ea5d28354a0e07c0742e088ddd84eb9830dd3929859d6b5c43cb871939c1	
/usr/share/doc/lzo/THANKS	33188	6e22aa70e4a9da110afa122e3019bbb629b6b21955ec8dc756cb02ab4cdf479d	
/usr/share/licenses/lzo-devel	16877		
/usr/share/licenses/lzo-devel/COPYING	33188	8177f97513213526df2cf6184d8ff986c675afb514d4e68a404010521b880643	
