openusd
OpenUSD libraries
Development/Libraries
8
/usr/lib/libusd_ar.so	33261	40e8a312fb6270182fcfb30e2604a178662b7d58036dfa584b02daf6238c2f05	
/usr/lib/libusd_arch.so	33261	f4b7a6a901d0c7845fa09add99d9a96baa180c73bdcb6ce0741ba517cc5be5f2	
/usr/lib/libusd_gf.so	33261	1fea13e2387c84c9edfef8ca11d4c8054a456cdaf846f7986c78dc2a860f5645	
/usr/lib/libusd_js.so	33261	1d4bf7cc6255a99c96f54f9cc0abf40d2ef7cb6083aa4e2be05026fde83ff323	
/usr/lib/libusd_kind.so	33261	65b4e8773c4332e64289f0e4853ad02a52756822e721190f83f9213d52207e77	
/usr/lib/libusd_ndr.so	33261	fe0b39f9ea11b228ffd8a9243ff236c6baa5153a95b513c15979bc1a21e6c5b4	
/usr/lib/libusd_pcp.so	33261	92804450ec4eae8f502682bb2c194e860093f8251fe962ce01251ad6ec2f9e61	
/usr/lib/libusd_plug.so	33261	5a3e2467dd38338c8ad93f8c058007d955471de0e8be618eadce3881cb2a2295	
/usr/lib/libusd_sdf.so	33261	443a0fbdfe6e02684a237f2f7f3b77eddd2534e1a4ccb594e124c831ed22279a	
/usr/lib/libusd_sdr.so	33261	93172f1c97f99df18f100cf7dd6c7b064acbc7aaa2bf31095fcf5f253bc0f697	
/usr/lib/libusd_tf.so	33261	3119fcc0341c313b3f34dcfb38338a58662a724de489e8a16ec932a7e17d7718	
/usr/lib/libusd_trace.so	33261	84884625e2ae7784144f5d3dd652bf4f7792b201500523ae5519dbfd4a44fcdb	
/usr/lib/libusd_ts.so	33261	7dd2d04806dd622be8eb59e51f6617d6568fd588ddeb531fc88c2f649ab2d64f	
/usr/lib/libusd_usd.so	33261	c99ef2282f55b913d0379241c1e0db40f6397bc0cf057ba0734771a9ca2c1190	
/usr/lib/libusd_usdGeom.so	33261	3d15b9cee4deed63d62084896d2f2e8f4e2a90d82b3c5a3df24f1d0bdd914ebb	
/usr/lib/libusd_usdShade.so	33261	746f5f61b5b0fb4c0056b3c7aaf1c5e1275ff096e72778d54a17a86eae8a8b81	
/usr/lib/libusd_usdSkel.so	33261	93a81fbfb3cb5e85ea2d49cdf5ab9e6a2d7b78efcd918260d72010cef4ecd972	
/usr/lib/libusd_vt.so	33261	8fb39384d5e2eaa0dba59686d0a01bc82e4802f4e10a310b3804f3e17b87c360	
/usr/lib/libusd_work.so	33261	dd04956b10cc8baa92361ecf298f1873bd73617ff8789c42b1261e05a133f960	
/usr/lib/usd/ar/resources/plugInfo.json	33188	ed1d408adccce277bca2240411e4e77737397c56fb536bbcfa1ee20456547887	
/usr/lib/usd/ndr/resources/plugInfo.json	33188	c5ddc01cc7d5ddad8b1e692189c0139912df20ac3231fcb622a3b653cba86374	
/usr/lib/usd/plugInfo.json	33188	c42a8b0c30e7cc9f85349184a2273ad6f5b0f7e283b090f5497dc4668c1f1e40	
/usr/lib/usd/sdf/resources/plugInfo.json	33188	d50be2ed7d19c4820b5a42c0bb47bfc73cfc9d1dae381c6109c4dc95091da39d	
/usr/lib/usd/usd/resources/codegenTemplates/api.h	33188	a9d9c0550145b083a75bf6c7dca5bc4f248bbcef412b6c9377e267a8ea51c05d	
/usr/lib/usd/usd/resources/codegenTemplates/plugInfo.json	33188	ba48b96e91c6baa6967217d1b00db4b258c97aaed2b94df4c4a82386687ccca1	
/usr/lib/usd/usd/resources/codegenTemplates/schemaClass.cpp	33188	aba2ef73bb561f11cde84a502746ada7a98543735c54e4399f9e5da1d77a6201	
/usr/lib/usd/usd/resources/codegenTemplates/schemaClass.h	33188	a7ae222cb384c4216c307cf71903ef0256071ea6596c4c0e4ac71c21f49e604a	
/usr/lib/usd/usd/resources/codegenTemplates/tokens.cpp	33188	9823c1a84f9152f95a656422bdeb92af2ebdaee72918a4242a097c13413d24c0	
/usr/lib/usd/usd/resources/codegenTemplates/tokens.h	33188	880756bcd38bbf0fae38d5f26f8b4907e9dd96336281df00abaf8277e4da99ff	
/usr/lib/usd/usd/resources/codegenTemplates/wrapSchemaClass.cpp	33188	282cb7d0b8472cf6c56091b973d1f53821a0bdc8fb475d09cb2e29b17393686f	
/usr/lib/usd/usd/resources/codegenTemplates/wrapTokens.cpp	33188	077df5946c75b3d2e74b5aee05ca2746331b074b96794336f0a6b2d4ab256147	
/usr/lib/usd/usd/resources/generatedSchema.usda	33188	a047505e2ec5d9f4a25df037a1f3ef7053c5048f67c36afa572c8992ec6956f9	
/usr/lib/usd/usd/resources/plugInfo.json	33188	8d3b7c0b526675b36d20d807d9b916c91394cf1b03ea08c3c6495eff6f7c9b22	
/usr/lib/usd/usd/resources/usd/schema.usda	33188	f388aff3bad9f13291604f9ebb2421de171055a01bc577901a7f8fc0a663c87d	
/usr/lib/usd/usdGeom/resources/generatedSchema.usda	33188	f3c8a8a11fe81a1f28e4cf470a2543ad8864156407a10051c3314408e910d2c8	
/usr/lib/usd/usdGeom/resources/plugInfo.json	33188	c58e1ab8f11c885ebf679a68ed773da53069d2340f33fd8434dd63bfd6e3864c	
/usr/lib/usd/usdGeom/resources/usdGeom/schema.usda	33188	6c5d42f33c81ef545c9e7805bf979d55f17faa54549447dd4028fbc2d3985dcd	
/usr/lib/usd/usdShade/resources/generatedSchema.usda	33188	e62b8c2da6689950972578f657a69d333dd2abed1d8083dc6331ae0d1828a37c	
/usr/lib/usd/usdShade/resources/plugInfo.json	33188	b55a4429d88569445dee0ba5bfee252d307f25e4f12288d838164ca27110b801	
/usr/lib/usd/usdShade/resources/usdShade/schema.usda	33188	4a19b9729adc952ef11ea845a3ef11a4622194b3b5d3affc8e775297be0fd3da	
/usr/lib/usd/usdSkel/resources/generatedSchema.usda	33188	079b4eb49d47fe953d56168704c29bda35ef61b6ffe44f4b995c3e865ef48aea	
/usr/lib/usd/usdSkel/resources/plugInfo.json	33188	fb354ab0cf8e886b2d8f8f2ca5ca01d541454e9344fb067b3f5df5e2bfae9a40	
/usr/lib/usd/usdSkel/resources/usdSkel/schema.usda	33188	2f050544c9ef0999bab16a52d09e5098d21d993a1968491f1a5047ce2ba3e53d	
/usr/share/licenses/openusd	16877		
/usr/share/licenses/openusd/LICENSE.txt	33188	18e65ee273cb0dce087804f7a8c792f2aed07f9493e832675e2fe8e6e0d15d61	
