orc
The Oil Runtime Compiler
Multimedia/Libraries
8
/usr/bin/orcc	33261	04fec0373b979021a12f76260c20377b8da8ed52c083f9f87890d3fe82fc2ec1	
/usr/include/orc-0.4	16877		
/usr/include/orc-0.4/orc	16877		
/usr/include/orc-0.4/orc/orc-stdint.h	33188	8f1b0650684e949eefef919ed657ee47d5ea16a3532fc641c7465c996c949228	
/usr/include/orc-0.4/orc/orc.h	33188	738a4383cda87618e23694c095bfb8b2d4c5a76563def95ce7a07c977654c5fd	
/usr/include/orc-0.4/orc/orcarm.h	33188	be534b317328060dbb4dbeb4f2326294fab5a53e6cba0bf3989c17b8d05a40cd	
/usr/include/orc-0.4/orc/orcavx.h	33188	c4411e76bbefc4c45dfaffd112e9eb613245784f7591f997835992be8b4b425e	
/usr/include/orc-0.4/orc/orcbytecode.h	33188	2827ea7a06895894b86905caa794ae2d17bf564b7cff10407eaf7da11322279a	
/usr/include/orc-0.4/orc/orcbytecodes.h	33188	8f96569b5b090541daa7a3ef7499e78db158801c120b7d9596d8d6b216e0f526	
/usr/include/orc-0.4/orc/orccode.h	33188	1f4ae2cad7085af576a1ebbf2eb79c05a88f06f9095ba5ea7a216acedda31753	
/usr/include/orc-0.4/orc/orccompiler.h	33188	c820cd78e50bb4912767e5093702aec1acc78604f2c03372410bf1b82561dae2	
/usr/include/orc-0.4/orc/orcconstant.h	33188	76e4ea0671e482d76050a9431e89a33221e2ab430839e45c24295c0c3c7375ca	
/usr/include/orc-0.4/orc/orccpu.h	33188	d7f5fdc5f21a451222674882bf15652687b17be0ce27d2274c41121178630c71	
/usr/include/orc-0.4/orc/orcdebug.h	33188	94f35085e23c8ff8d7f9cbc85c20d07dfba00b744e0da426453a14b97f9f786a	
/usr/include/orc-0.4/orc/orcemulateopcodes.h	33188	406dcbc0d1d352a66bf0baf02ade9a258a3582120bd6a9c30b89aef43a6f0ccf	
/usr/include/orc-0.4/orc/orcexecutor.h	33188	8aa7c63fc49d3a2810c1176cc19aeb029975800fd791948680d55da014523d48	
/usr/include/orc-0.4/orc/orcfunctions.h	33188	840afe3d5cce65f029f54536daf24eb23ae5948bd5fe370445bd56a5d3acdf31	
/usr/include/orc-0.4/orc/orcinstruction.h	33188	abe1be2e35ae224fda573179502f7792cb9ed7512d46e34fc7bc0655b835a1a8	
/usr/include/orc-0.4/orc/orcinternal.h	33188	76ff66ac21575eca7dc5d1a2549169b97e2803711dcaa6954bd1aa990d50ec04	
/usr/include/orc-0.4/orc/orclimits.h	33188	f17f6d3f354f602e7b76d2dc4699847393c21627efe85bb380906f3d223893dd	
/usr/include/orc-0.4/orc/orcmips.h	33188	9582ec9e464a360951ec49ec5f51c1f100f54de820065b5e0f16be0922963c2a	
/usr/include/orc-0.4/orc/orcmmx.h	33188	97765c87913dafd7f7bf780d4a72f53f66d165a3532d0d0c3ce9296ea03b28af	
/usr/include/orc-0.4/orc/orcneon.h	33188	37ea33cab14b88b814007d53e42c80819f85ea65ccc305248b10e267cd1e6fd0	
/usr/include/orc-0.4/orc/orconce.h	33188	44b60f95e083c53e28ac5c84d2bb5ba65333d9f2ae6d67baf4da5330d3c14440	
/usr/include/orc-0.4/orc/orcopcode.h	33188	a12f24834bd32dbca15479739342ccbcec25bc5215619ecb62eeb98e9704dc7f	
/usr/include/orc-0.4/orc/orcparse.h	33188	c94f5047bf52e6c693b05d21a7e4ca96d535170ff59d03446278d2b1011914f0	
/usr/include/orc-0.4/orc/orcpowerpc.h	33188	c861841ec326a34b328b1bed3f7e85d22b01a0d592a745045d91670d4a016e82	
/usr/include/orc-0.4/orc/orcprogram.h	33188	ab9aed1fc7cad29ac516a0f6e08e41200f45d613a9d7edb79d60d15d4ec86c6a	
/usr/include/orc-0.4/orc/orcrule.h	33188	10cf0deda5638d9edd60ff0e882e613227ab9678bd48f5f4739b6c15ab0bb2ac	
/usr/include/orc-0.4/orc/orcsse.h	33188	ae48677858203f80e9616fe20606ca01aed2fa136e59ef244e96cca340c4d4dd	
/usr/include/orc-0.4/orc/orctarget.h	33188	7758bae3e2259c602367a84444e80ecd1156d380ba01f0b68d4450fb807b3498	
/usr/include/orc-0.4/orc/orcutils.h	33188	7b6aafbf70d4b0cacb74d47d5bc94a4c7211cee0721246f1014604fbe32cf19a	
/usr/include/orc-0.4/orc/orcvariable.h	33188	399021cfdec94b3f94faa94bc0e22af0af4b0172b8343dc30858e8d0013b191b	
/usr/include/orc-0.4/orc/orcx86.h	33188	acd9fb4bd61ccca65b7037d5d76186be0644a3e29471ab4356d17fcfea0d96c4	
/usr/include/orc-0.4/orc/orcx86insn.h	33188	552bebd6a7b1056bcff353a7fc227d1da05142a6e1e5876983ee9aa56b8b5acf	
/usr/lib64/liborc-0.4.so	41471		liborc-0.4.so.0
/usr/lib64/pkgconfig/orc-0.4.pc	33188	874c9f05883b56b0b44744a040a1f6d7ae5f61fb19058ee40d27a5d468e332fa	
/usr/share/licenses/orc	16877		
/usr/share/licenses/orc/COPYING	33188	4f5dabb1b44bb6fc5cd53820b1f103147ad61b395a57903991325bd1b85d97bf	
