rpk-installer-devel
Rpk-installer development files
Application Framework/Package Management
8
/usr/include/app-installers/rpk/rpk_app_query_interface.h	33188	605ee81a0e42d47cee7096c5b1c0642dd8ffb5d7b3f82cbfb8d37a4a92db2c4f	
/usr/include/app-installers/rpk/rpk_archive_info.h	33188	a56f4c3af698b3e7e953f2dbe88ca93060d06e8cf5796d8be3425309bf914135	
/usr/include/app-installers/rpk/rpk_installer.h	33188	64098b90b91bb8c2c066d4cc3e54afcc73c5cc39a586772c333d234367f85d26	
/usr/include/app-installers/rpk/rpk_registration.h	33188	61c7f064afb9a309c935354ab25313e75aa39fe0b732e9e33a516d8102dfb9a1	
/usr/include/app-installers/rpk/step/configuration/step_parse_rpk_manifest.h	33188	5bf07a8ff1665260487785dd8b5a13fc2f97d6b38d5ce875428586afcfc95e2e	
/usr/include/app-installers/rpk/step/pkgmgr/step_rpk_manifest_adjustment.h	33188	db37b41d50ad95683d6e506369585643e527727eef36b008dcf218d409733a1c	
/usr/include/app-installers/rpk/step/security/step_rpk_register_security.h	33188	dff71497c273b584825f479c121f84b015aa676e48df4e8a3d1fa1af994e320f	
/usr/include/app-installers/rpk/step/security/step_rpk_signature.h	33188	85911d854d2331e99908008103d4f47d8379321ee15311b476d9b3f6b6aee867	
/usr/include/rpk_manifest_handlers/allowed_package_handler.h	33188	3b4249573c7e71bbb1811071e8f786190738de885ac4a7421f53edfb28bff5e9	
/usr/include/rpk_manifest_handlers/author_handler.h	33188	b33910650ddd0d2455ba7d3e330d113d3afbc5ec4714043aa812d04b318e0752	
/usr/include/rpk_manifest_handlers/dependencies_handler.h	33188	512370061f3f074348ed59f3c61d1ace499d225c9027f132b62e7a194e75c94e	
/usr/include/rpk_manifest_handlers/description_handler.h	33188	450213ff69e00571a3c6942fb22faaf1a57baeb46cc9b845073c9ac3937f132e	
/usr/include/rpk_manifest_handlers/feature_handler.h	33188	e027d0fd596611a713fb2c40b77f8dfe887bbd53a4ec31a65f8e3330da6d2126	
/usr/include/rpk_manifest_handlers/package_handler.h	33188	d424cc303bca10645a6420cc15eea1436bc523f48254277fcf900745acf57c40	
/usr/include/rpk_manifest_handlers/rpk_config_parser.h	33188	093f29fbfcad8714e9c6520251b239d31a0b2ce0c0e3d65bd16b1e77572685be	
/usr/lib64/librpk-manifest-handlers.so	41471		librpk-manifest-handlers.so.0
/usr/lib64/pkgconfig/rpk-installer.pc	33188	2e69a36f662f8e257105a9b24c7f558c61deb10b36a3dba4d712fef2c07a68b2	
