systemd-devel
Development headers for systemd
Base/Startup
8
/etc/rpm/macros.systemd	33188	718a6c545049263babf99972c61db172311c61acd449141fdda8792e2fa0955b	
/usr/include/libudev.h	33188	a93ee27fcdc5ddf26024fc17d787da98a1e47b3c22aea162ad62fde17cbc307b	
/usr/include/systemd	16877		
/usr/include/systemd/_sd-common.h	33188	4897a5b2a22dafdc8409b0d42c6b4fd9c3fbc15617c854078937241d9886c454	
/usr/include/systemd/sd-bus-protocol.h	33188	2a2d89220a4604da7bdad76c652d8fe4ee8dd563b81afaf5a0c228f65b68b4d4	
/usr/include/systemd/sd-bus-vtable.h	33188	3b86e13bed6bd98ea15fc75b774cbf4308e1b60d363438931e59fafb9b6ac2b1	
/usr/include/systemd/sd-bus.h	33188	9101e1680191277db78271416e287b58a5f18d1c8a53fd5ce74271aafcb69329	
/usr/include/systemd/sd-daemon.h	33188	6fd2ae7ab9e42d6c3c30bf1897d28d55be3f301704aee3a643a0474b28f4d9d0	
/usr/include/systemd/sd-device.h	33188	c8af1b379ef4716997795757029d749fcc5fa4c1efa8ca6f1d3241ccbaed69da	
/usr/include/systemd/sd-event.h	33188	2feba34555d60d053391bad4ea8ed17187a984baf9ed30f1780f4a8d58394bc0	
/usr/include/systemd/sd-hwdb.h	33188	85a8c6293a81cf8b0c78c03bec92f682a09d54074f6b5fd6d25d7b2dbd854d0b	
/usr/include/systemd/sd-id128.h	33188	129f7a7b41600356ea88c674fb329be1e16e9b0f509730f2c49a5adb011893bf	
/usr/include/systemd/sd-journal.h	33188	23876c488226b2bd25bb4f90f2ab499383289647b5a3b39c55ba7f83fb6c0b6b	
/usr/include/systemd/sd-login.h	33188	375aeca302a4d6dcf055c4b7d5e13e711fed62e317f706d76c109771e49c5d23	
/usr/include/systemd/sd-messages.h	33188	66088ec47b50f5cc3e51b528fb9adb9786b26c271109f2075257b8cbf164bc77	
/usr/lib64/libsystemd.so	41471		libsystemd.so.0
/usr/lib64/libudev.so	41471		libudev.so.1
/usr/lib64/pkgconfig/libsystemd.pc	33188	bfce6e203bd80a105bd8d2022bccc0f842bee4f4edc9c27b9b5a44ea7c3a8bb0	
/usr/lib64/pkgconfig/libudev.pc	33188	887204603766d2281a9754dc03e62d6a7a8d14b1ce6953b11f62ff7a4a9ea986	
/usr/share/pkgconfig/systemd.pc	33188	2bf61d9ab91f1d6e042599fc390a9d764244f34626f88bbb526c33eeac6577d4	
/usr/share/pkgconfig/udev.pc	33188	f51806edfbdb6a5f1b3b96503561c983cf4720e6e410b91904314cb6462c33ce	
