source_rpm=bcc-tools-0.35.0-3.1.src.rpm archive=bcc-tools-0.35.0.tar.gz total_members=1229 excluded=70
pipeline_status=0 0 0 expected_excluded=70
source_rpm=chromium-efl-1.1.144-1.src.rpm archive=chromium-efl-1.1.144.tar.gz total_members=921773 excluded=870
pipeline_status=0 0 0 expected_excluded=870
source_rpm=dotnet-build-tools-8.0.404-1.src.rpm archive=deps.tar.gz total_members=87 excluded=36
pipeline_status=0 0 0 expected_excluded=36
source_rpm=elfutils-0.189-1.14.src.rpm archive=elfutils-0.189.tar.bz2 total_members=1502 excluded=2
pipeline_status=0 0 0 expected_excluded=2
source_rpm=elfutils-0.189-1.16.src.rpm archive=elfutils-0.189.tar.bz2 total_members=1502 excluded=2
pipeline_status=0 0 0 expected_excluded=2
source_rpm=heaptrack-1.4.5-1.src.rpm archive=heaptrack-1.4.5.tar.gz total_members=278 excluded=1
pipeline_status=0 0 0 expected_excluded=1
source_rpm=llvm-22.1.8-19.1.src.rpm archive=llvm-22.1.8.tar.gz total_members=184826 excluded=19
pipeline_status=0 0 0 expected_excluded=19
source_rpm=org.tizen.vc-engine-default-1.90.1-1.src.rpm archive=org.tizen.vc-engine-default-1.90.1.tar.gz total_members=86 excluded=3
pipeline_status=0 0 0 expected_excluded=3
excluded_total=1003
excluded_class=SYMLINK count=1003
link_target=SYMLINK:INTERNAL_TARGET_INCLUDED count=994
link_target=SYMLINK:TARGET_NOT_IN_ARCHIVE count=9
