COMMAND=progress/R41/tools/run_board_cancel.sh 
EXECUTION_CARRIER=BOARD_NATIVE_ARMV7L_NO_QEMU
SDB_COMMAND=/home/toolchain/.local/bin/sdb -s 192.168.108.26:26101 shell set\ +e\;\ printf\ \'RUNTIME_IDENTITY_BEGIN\\n\'\;\ LD_LIBRARY_PATH=\'/var/tmp/r41_s1_20260815\'\ ldd\ \'/var/tmp/r41_s1_20260815/s1_libcxx\'\;\ ldd_rc=\$\?\;\ sha256sum\ \'/var/tmp/r41_s1_20260815/s1_libcxx\'\ \'/var/tmp/r41_s1_20260815/libc++abi.so.1\'\;\ printf\ \'LDD_EXIT_CODE=%d\\nRUNTIME_IDENTITY_END\\n\'\ \"\$ldd_rc\"\;\ LD_LIBRARY_PATH=\'/var/tmp/r41_s1_20260815\'\ LD_DEBUG=libs\ \'/var/tmp/r41_s1_20260815/s1_libcxx\'\ cancel\;\ case_rc=\$\?\;\ printf\ \'REMOTE_CASE_EXIT_CODE=%d\\n\'\ \"\$case_rc\"\;\ if\ test\ \"\$case_rc\"\ -gt\ 128\;\ then\ printf\ \'REMOTE_CASE_SIGNAL=%d\\n\'\ \"\$\(\(case_rc-128\)\)\"\;\ else\ printf\ \'REMOTE_CASE_SIGNAL=0\\n\'\;\ fi\;\ exit\ 0 
RUNTIME_IDENTITY_BEGIN
	linux-vdso.so.1 (0xbef81000)
	libc++abi.so.1 => /var/tmp/r41_s1_20260815/libc++abi.so.1 (0xb6ede000)
	libpthread.so.0 => /lib/libpthread.so.0 (0xb6ec9000)
	libdl.so.2 => /lib/libdl.so.2 (0xb6ec5000)
	libm.so.6 => /lib/libm.so.6 (0xb6e77000)
	libatomic.so.1 => /lib/libatomic.so.1 (0xb6e70000)
	libc.so.6 => /lib/libc.so.6 (0xb6d0f000)
	libgcc_s.so.1 => /lib/libgcc_s.so.1 (0xb6cf4000)
	/lib/ld-linux.so.3 (0xb6f08000)
8e619b6681abf37587ca2c3952e6f7f95d243deb993b79193b9cecf6f2524165  /var/tmp/r41_s1_20260815/s1_libcxx
884b96e69c77c0a4d966b913500ded8fd7a90dd78e2d21d06f4534e8010720cb  /var/tmp/r41_s1_20260815/libc++abi.so.1
LDD_EXIT_CODE=0
RUNTIME_IDENTITY_END
      9513:	find library=libc++abi.so.1 [0]; searching
      9513:	 search path=/var/tmp/r41_s1_20260815		(LD_LIBRARY_PATH)
      9513:	  trying file=/var/tmp/r41_s1_20260815/libc++abi.so.1
      9513:	
      9513:	find library=libpthread.so.0 [0]; searching
      9513:	 search path=/var/tmp/r41_s1_20260815		(LD_LIBRARY_PATH)
      9513:	  trying file=/var/tmp/r41_s1_20260815/libpthread.so.0
      9513:	 search path=/opt/var/tmp/r41_s1_20260815		(RUNPATH from file /var/tmp/r41_s1_20260815/s1_libcxx)
      9513:	  trying file=/opt/var/tmp/r41_s1_20260815/libpthread.so.0
      9513:	 search cache=/etc/ld.so.cache
      9513:	  trying file=/lib/libpthread.so.0
      9513:	Found entry: /lib/libpthread.so.0 for /var/tmp/r41_s1_20260815/s1_libcxx libpthread.so.0
      9513:	
      9513:	find library=libdl.so.2 [0]; searching
      9513:	 search path=/var/tmp/r41_s1_20260815		(LD_LIBRARY_PATH)
      9513:	  trying file=/var/tmp/r41_s1_20260815/libdl.so.2
      9513:	 search path=/opt/var/tmp/r41_s1_20260815		(RUNPATH from file /var/tmp/r41_s1_20260815/s1_libcxx)
      9513:	  trying file=/opt/var/tmp/r41_s1_20260815/libdl.so.2
      9513:	 search cache=/etc/ld.so.cache
      9513:	  trying file=/lib/libdl.so.2
      9513:	Found entry: /lib/libdl.so.2 for /var/tmp/r41_s1_20260815/s1_libcxx libdl.so.2
      9513:	
      9513:	find library=libm.so.6 [0]; searching
      9513:	 search path=/var/tmp/r41_s1_20260815		(LD_LIBRARY_PATH)
      9513:	  trying file=/var/tmp/r41_s1_20260815/libm.so.6
      9513:	 search path=/opt/var/tmp/r41_s1_20260815		(RUNPATH from file /var/tmp/r41_s1_20260815/s1_libcxx)
      9513:	  trying file=/opt/var/tmp/r41_s1_20260815/libm.so.6
      9513:	 search cache=/etc/ld.so.cache
      9513:	  trying file=/lib/libm.so.6
      9513:	Found entry: /lib/libm.so.6 for /var/tmp/r41_s1_20260815/s1_libcxx libm.so.6
      9513:	
      9513:	find library=libatomic.so.1 [0]; searching
      9513:	 search path=/var/tmp/r41_s1_20260815		(LD_LIBRARY_PATH)
      9513:	  trying file=/var/tmp/r41_s1_20260815/libatomic.so.1
      9513:	 search path=/opt/var/tmp/r41_s1_20260815		(RUNPATH from file /var/tmp/r41_s1_20260815/s1_libcxx)
      9513:	  trying file=/opt/var/tmp/r41_s1_20260815/libatomic.so.1
      9513:	 search cache=/etc/ld.so.cache
      9513:	  trying file=/lib/libatomic.so.1
      9513:	Found entry: /lib/libatomic.so.1 for /var/tmp/r41_s1_20260815/s1_libcxx libatomic.so.1
      9513:	
      9513:	find library=libc.so.6 [0]; searching
      9513:	 search path=/var/tmp/r41_s1_20260815		(LD_LIBRARY_PATH)
      9513:	  trying file=/var/tmp/r41_s1_20260815/libc.so.6
      9513:	 search path=/opt/var/tmp/r41_s1_20260815		(RUNPATH from file /var/tmp/r41_s1_20260815/s1_libcxx)
      9513:	  trying file=/opt/var/tmp/r41_s1_20260815/libc.so.6
      9513:	 search cache=/etc/ld.so.cache
      9513:	  trying file=/lib/libc.so.6
      9513:	Found entry: /lib/libc.so.6 for /var/tmp/r41_s1_20260815/s1_libcxx libc.so.6
      9513:	
      9513:	find library=libgcc_s.so.1 [0]; searching
      9513:	 search path=/var/tmp/r41_s1_20260815		(LD_LIBRARY_PATH)
      9513:	  trying file=/var/tmp/r41_s1_20260815/libgcc_s.so.1
      9513:	 search path=/opt/var/tmp/r41_s1_20260815		(RUNPATH from file /var/tmp/r41_s1_20260815/s1_libcxx)
      9513:	  trying file=/opt/var/tmp/r41_s1_20260815/libgcc_s.so.1
      9513:	 search cache=/etc/ld.so.cache
      9513:	  trying file=/lib/libgcc_s.so.1
      9513:	Found entry: /lib/libgcc_s.so.1 for /var/tmp/r41_s1_20260815/s1_libcxx libgcc_s.so.1
      9513:	
      9513:	
      9513:	calling init: /lib/ld-linux.so.3
      9513:	
      9513:	
      9513:	calling init: /lib/libc.so.6
      9513:	
      9513:	
      9513:	calling init: /lib/libgcc_s.so.1
      9513:	
      9513:	
      9513:	calling init: /lib/libpthread.so.0
      9513:	
      9513:	
      9513:	calling init: /lib/libatomic.so.1
      9513:	
      9513:	
      9513:	calling init: /lib/libm.so.6
      9513:	
      9513:	
      9513:	calling init: /lib/libdl.so.2
      9513:	
      9513:	
      9513:	calling init: /var/tmp/r41_s1_20260815/libc++abi.so.1
      9513:	
      9513:	
      9513:	initialize program: /var/tmp/r41_s1_20260815/s1_libcxx
      9513:	
      9513:	
      9513:	transferring control: /var/tmp/r41_s1_20260815/s1_libcxx
      9513:	
cancel:ready
R41_EHABI_ENTRY raw_state=0x9 unwind=0xb6cef648 context=0xb6cee6f8
R40_EHABI_START raw_state=0x9 masked_state=0x1 force=1 native=0 barrier_sp=0x0 current_sp=0xb6ceed60 unwind=0xb6cef648
R41_SCAN_MATCH kind=forced-type actions=0xa native=0 ip=0x4574c3 catch_type=0x459008 forced_type=0x459008 landing=0x4574cc ttype=2 reason=6 unwind=0xb6cef648
R40_EHABI_SCAN force=1 reason=6 barrier_equal=0 unwind=0xb6cef648
R41_EHABI_RETURN branch=starting-install force=1 scan_reason=6 result=7 landing=0x4574cc ttype=2 unwind=0xb6cef648
cleanup:cancel
cancel:forced-handler
R40_RETHROW_STATE arch=armv7l reserved1=0xb6d8cdf8 reserved4=0xb6ceedd8 unwind=0xb6cef648
R41_EHABI_ENTRY raw_state=0x9 unwind=0xb6cef648 context=0xb6ceeae0
R40_EHABI_START raw_state=0x9 masked_state=0x1 force=1 native=0 barrier_sp=0x0 current_sp=0xb6ceed38 unwind=0xb6cef648
R40_EHABI_SCAN force=1 reason=8 barrier_equal=0 unwind=0xb6cef648
R41_EHABI_RETURN branch=starting-continue force=1 scan_reason=8 result=8 unwind=0xb6cef648
R41_EHABI_ENTRY raw_state=0x9 unwind=0xb6cef648 context=0xb6ceeae0
R40_EHABI_START raw_state=0x9 masked_state=0x1 force=1 native=0 barrier_sp=0x0 current_sp=0xb6ceed60 unwind=0xb6cef648
R40_EHABI_SCAN force=1 reason=6 barrier_equal=0 unwind=0xb6cef648
libc++abi: terminating
/bin/sh: line 1:  9513 Aborted                 (core dumped) LD_LIBRARY_PATH='/var/tmp/r41_s1_20260815' LD_DEBUG=libs '/var/tmp/r41_s1_20260815/s1_libcxx' cancel
REMOTE_CASE_EXIT_CODE=134
REMOTE_CASE_SIGNAL=6
EXIT_CODE=0
