
Dynamic section at offset 0x3d98 contains 30 entries:
  Tag        Type                         Name/Value
 0x0000000000000001 (NEEDED)             Shared library: [libc++.so.1]
 0x0000000000000001 (NEEDED)             Shared library: [libc++abi.so.1]
 0x0000000000000001 (NEEDED)             Shared library: [libstdc++.so.6]
 0x0000000000000001 (NEEDED)             Shared library: [libdl.so.2]
 0x0000000000000001 (NEEDED)             Shared library: [libm.so.6]
 0x0000000000000001 (NEEDED)             Shared library: [libgcc_s.so.1]
 0x0000000000000001 (NEEDED)             Shared library: [libc.so.6]
 0x000000000000000c (INIT)               0x1000
 0x000000000000000d (FINI)               0x204c
 0x0000000000000019 (INIT_ARRAY)         0x4d88
 0x000000000000001b (INIT_ARRAYSZ)       8 (bytes)
 0x000000000000001a (FINI_ARRAY)         0x4d90
 0x000000000000001c (FINI_ARRAYSZ)       8 (bytes)
 0x000000006ffffef5 (GNU_HASH)           0x200
 0x0000000000000005 (STRTAB)             0x578
 0x0000000000000006 (SYMTAB)             0x230
 0x000000000000000a (STRSZ)              1109 (bytes)
 0x000000000000000b (SYMENT)             24 (bytes)
 0x0000000000000003 (PLTGOT)             0x4fe8
 0x0000000000000002 (PLTRELSZ)           600 (bytes)
 0x0000000000000014 (PLTREL)             RELA
 0x0000000000000017 (JMPREL)             0xbc8
 0x0000000000000007 (RELA)               0xad8
 0x0000000000000008 (RELASZ)             240 (bytes)
 0x0000000000000009 (RELAENT)            24 (bytes)
 0x000000006ffffffe (VERNEED)            0xa18
 0x000000006fffffff (VERNEEDNUM)         5
 0x000000006ffffff0 (VERSYM)             0x9ce
 0x000000006ffffff9 (RELACOUNT)          3
 0x0000000000000000 (NULL)               0x0
                 w _ITM_deregisterTMCloneTable
                 w _ITM_registerTMCloneTable
                 U _Unwind_Resume@GCC_3.0
                 U std::__cxx11::basic_string<char, std::char_traits<char>, std::allocator<char> >::size() const@GLIBCXX_3.4.21
                 U std::runtime_error::runtime_error(char const*)@LLVM_22
                 U std::runtime_error::~runtime_error()@LLVM_22
0000000000002040 W std::__new_allocator<char>::~__new_allocator()
                 U std::__1::basic_string<char, std::__1::char_traits<char>, std::__1::allocator<char> >::assign(char const*, unsigned long)@LLVM_22
                 U std::__1::basic_string<char, std::__1::char_traits<char>, std::__1::allocator<char> >::~basic_string()@LLVM_22
                 U std::__cxx11::basic_string<char, std::char_traits<char>, std::allocator<char> >::data()@GLIBCXX_3.4.26
                 U std::__cxx11::basic_string<char, std::char_traits<char>, std::allocator<char> >::assign(char const*, unsigned long)@GLIBCXX_3.4.21
                 U std::__cxx11::basic_string<char, std::char_traits<char>, std::allocator<char> >::basic_string(char const*, unsigned long, std::allocator<char> const&)@GLIBCXX_3.4.21
                 U std::__cxx11::basic_string<char, std::char_traits<char>, std::allocator<char> >::basic_string()@GLIBCXX_3.4.21
                 U std::__cxx11::basic_string<char, std::char_traits<char>, std::allocator<char> >::~basic_string()@GLIBCXX_3.4.21
                 U std::terminate()@LLVM_22
                 U typeinfo for std::runtime_error@LLVM_22
                 U __cxa_allocate_exception@LLVM_22
                 U __cxa_begin_catch@LLVM_22
                 U __cxa_end_catch@LLVM_22
                 w __cxa_finalize@GLIBC_2.2.5
                 U __cxa_free_exception@LLVM_22
                 U __cxa_throw@LLVM_22
                 w __gmon_start__
                 U __gxx_personality_v0@LLVM_22
0000000000001290 T api_probe_configure_real_provider
                 U dladdr@GLIBC_2.34
                 U dlerror@GLIBC_2.34
                 U dlopen@GLIBC_2.34
                 U dlsym@GLIBC_2.34
00000000000012b0 T ewk_parse_cookie
                 U memset@GLIBC_2.2.5
                 U printf@GLIBC_2.2.5
                 U puts@GLIBC_2.2.5
                 U strcmp@GLIBC_2.2.5

Symbol table '.symtab' contains 91 entries:
   Num:    Value          Size Type    Bind   Vis      Ndx Name
     0: 0000000000000000     0 NOTYPE  LOCAL  DEFAULT  UND 
     1: 0000000000000000     0 FILE    LOCAL  DEFAULT  ABS frontend.cpp
     2: 0000000000000000     0 SECTION LOCAL  DEFAULT    2 .text
     3: 0000000000000350   127 FUNC    LOCAL  DEFAULT    2 _ZL4emitPvjPKcm
     4: 0000000000000000    48 OBJECT  LOCAL  DEFAULT   74 .L.str
     5: 0000000000000000     0 SECTION LOCAL  DEFAULT    4 .gcc_except_table
     6: 0000000000000000     0 NOTYPE  LOCAL  DEFAULT    4 GCC_except_table1
     7: 0000000000000000     0 SECTION LOCAL  DEFAULT    6 .text._ZNSt3__112basic_stringIcNS_11char_traitsIcEENS_9allocatorIcEEE4dataB9nqe220108Ev
     8: 0000000000000000     0 SECTION LOCAL  DEFAULT    9 .text._ZNKSt3__112basic_stringIcNS_11char_traitsIcEENS_9allocatorIcEEE4sizeB9nqe220108Ev
     9: 0000000000000000     0 SECTION LOCAL  DEFAULT   12 .text._ZNSt3__112basic_stringIcNS_11char_traitsIcEENS_9allocatorIcEEEC2B9nqe220108Ev
    10: 0000000000000000     0 SECTION LOCAL  DEFAULT   15 .text._ZNKSt3__112basic_stringIcNS_11char_traitsIcEENS_9allocatorIcEEE4dataB9nqe220108Ev
    11: 0000000000000024     0 NOTYPE  LOCAL  DEFAULT    4 GCC_except_table6
    12: 0000000000000000     0 SECTION LOCAL  DEFAULT   18 .text._ZNSt3__112basic_stringIcNS_11char_traitsIcEENS_9allocatorIcEEE4swapB9nqe220108ERS5_
    13: 0000000000000000     0 SECTION LOCAL  DEFAULT   21 .text._ZNSt3__112__to_addressB9nqe220108IcEEPT_S2_
    14: 0000000000000000     0 SECTION LOCAL  DEFAULT   23 .text._ZNSt3__112basic_stringIcNS_11char_traitsIcEENS_9allocatorIcEEE13__get_pointerB9nqe220108Ev
    15: 0000000000000000     0 SECTION LOCAL  DEFAULT   26 .text._ZNKSt3__112basic_stringIcNS_11char_traitsIcEENS_9allocatorIcEEE9__is_longB9nqe220108Ev
    16: 0000000000000000     0 SECTION LOCAL  DEFAULT   28 .text._ZNSt3__112basic_stringIcNS_11char_traitsIcEENS_9allocatorIcEEE18__get_long_pointerB9nqe220108Ev
    17: 0000000000000000     0 SECTION LOCAL  DEFAULT   30 .text._ZNSt3__112basic_stringIcNS_11char_traitsIcEENS_9allocatorIcEEE19__get_short_pointerB9nqe220108Ev
    18: 0000000000000000     0 SECTION LOCAL  DEFAULT   33 .text._ZNSt3__114pointer_traitsIPcE10pointer_toB9nqe220108ERc
    19: 0000000000000000     0 SECTION LOCAL  DEFAULT   35 .text._ZNKSt3__112basic_stringIcNS_11char_traitsIcEENS_9allocatorIcEEE15__get_long_sizeB9nqe220108Ev
    20: 0000000000000000     0 SECTION LOCAL  DEFAULT   37 .text._ZNKSt3__112basic_stringIcNS_11char_traitsIcEENS_9allocatorIcEEE16__get_short_sizeB9nqe220108Ev
    21: 0000000000000000     0 SECTION LOCAL  DEFAULT   39 .text._ZNKSt3__112basic_stringIcNS_11char_traitsIcEENS_9allocatorIcEEE14__annotate_newB9nqe220108Em
    22: 0000000000000000     0 SECTION LOCAL  DEFAULT   41 .gcc_except_table._ZNKSt3__112basic_stringIcNS_11char_traitsIcEENS_9allocatorIcEEE14__annotate_newB9nqe220108Em
    23: 0000000000000000     0 NOTYPE  LOCAL  DEFAULT   41 GCC_except_table16
    24: 0000000000000000     0 SECTION LOCAL  DEFAULT   43 .text._ZNKSt3__112basic_stringIcNS_11char_traitsIcEENS_9allocatorIcEEE31__annotate_contiguous_containerB9nqe220108EPKvS7_
    25: 0000000000000000     0 SECTION LOCAL  DEFAULT   45 .text._ZNKSt3__112basic_stringIcNS_11char_traitsIcEENS_9allocatorIcEEE8capacityB9nqe220108Ev
    26: 0000000000000000     0 SECTION LOCAL  DEFAULT   48 .text.__clang_call_terminate
    27: 0000000000000000     0 SECTION LOCAL  DEFAULT   51 .text._ZNKSt3__112basic_stringIcNS_11char_traitsIcEENS_9allocatorIcEEE14__get_long_capB9nqe220108Ev
    28: 0000000000000000     0 SECTION LOCAL  DEFAULT   53 .text._ZNSt3__112__to_addressB9nqe220108IKcEEPT_S3_
    29: 0000000000000000     0 SECTION LOCAL  DEFAULT   55 .text._ZNKSt3__112basic_stringIcNS_11char_traitsIcEENS_9allocatorIcEEE13__get_pointerB9nqe220108Ev
    30: 0000000000000000     0 SECTION LOCAL  DEFAULT   58 .text._ZNKSt3__112basic_stringIcNS_11char_traitsIcEENS_9allocatorIcEEE18__get_long_pointerB9nqe220108Ev
    31: 0000000000000000     0 SECTION LOCAL  DEFAULT   60 .text._ZNKSt3__112basic_stringIcNS_11char_traitsIcEENS_9allocatorIcEEE19__get_short_pointerB9nqe220108Ev
    32: 0000000000000000     0 SECTION LOCAL  DEFAULT   63 .text._ZNSt3__114pointer_traitsIPKcE10pointer_toB9nqe220108ERS1_
    33: 0000000000000000     0 SECTION LOCAL  DEFAULT   65 .text._ZNKSt3__112basic_stringIcNS_11char_traitsIcEENS_9allocatorIcEEE17__annotate_deleteB9nqe220108Ev
    34: 0000000000000000     0 SECTION LOCAL  DEFAULT   68 .text._ZNSt3__14swapB9nqe220108INS_12basic_stringIcNS_11char_traitsIcEENS_9allocatorIcEEE5__repEEENS_9enable_ifIXaasr21is_move_constructibleIT_EE5valuesr18is_move_assignableIS9_EE5valueEvE4typeERS9_SC_
    35: 0000000000000000     0 SECTION LOCAL  DEFAULT   70 .text._ZNSt3__116__swap_allocatorB9nqe220108INS_9allocatorIcEEEEvRT_S4_
    36: 0000000000000000     0 SECTION LOCAL  DEFAULT   73 .text._ZNSt3__116__swap_allocatorB9nqe220108INS_9allocatorIcEEEEvRT_S4_NS_17integral_constantIbLb0EEE
    37: 0000000000000000     0 SECTION LOCAL  DEFAULT   74 .rodata.str1.1
    38: 0000000000000000     0 SECTION LOCAL  DEFAULT   75 .debug_abbrev
    39: 0000000000000000     0 SECTION LOCAL  DEFAULT   78 .debug_rnglists
    40: 0000000000000000     0 SECTION LOCAL  DEFAULT   79 .debug_str_offsets
    41: 0000000000000000     0 SECTION LOCAL  DEFAULT   81 .debug_str
    42: 0000000000000000     0 SECTION LOCAL  DEFAULT   82 .debug_addr
    43: 0000000000000000     0 SECTION LOCAL  DEFAULT   91 .debug_line
    44: 0000000000000000     0 SECTION LOCAL  DEFAULT   93 .debug_line_str
    45: 0000000000000000    27 FUNC    GLOBAL DEFAULT    2 api_probe_configure_real_provider
    46: 0000000000000000     0 NOTYPE  GLOBAL DEFAULT  UND bridge_configure
    47: 0000000000000020   804 FUNC    GLOBAL DEFAULT    2 ewk_parse_cookie
    48: 0000000000000000    35 FUNC    WEAK   HIDDEN     6 _ZNSt3__112basic_stringIcNS_11char_traitsIcEENS_9allocatorIcEEE4dataB9nqe220108Ev
    49: 0000000000000000    69 FUNC    WEAK   HIDDEN     9 _ZNKSt3__112basic_stringIcNS_11char_traitsIcEENS_9allocatorIcEEE4sizeB9nqe220108Ev
    50: 0000000000000000    51 FUNC    WEAK   HIDDEN    12 _ZNSt3__112basic_stringIcNS_11char_traitsIcEENS_9allocatorIcEEEC2B9nqe220108Ev
    51: 0000000000000000    35 FUNC    WEAK   HIDDEN    15 _ZNKSt3__112basic_stringIcNS_11char_traitsIcEENS_9allocatorIcEEE4dataB9nqe220108Ev
    52: 0000000000000000     0 NOTYPE  GLOBAL DEFAULT  UND bridge_parse
    53: 0000000000000000     0 NOTYPE  GLOBAL DEFAULT  UND __cxa_allocate_exception
    54: 0000000000000000     0 NOTYPE  GLOBAL DEFAULT  UND _ZNSt13runtime_errorC1EPKc
    55: 0000000000000000     0 NOTYPE  GLOBAL DEFAULT  UND _ZTISt13runtime_error
    56: 0000000000000000     0 NOTYPE  GLOBAL DEFAULT  UND _ZNSt13runtime_errorD1Ev
    57: 0000000000000000     0 NOTYPE  GLOBAL DEFAULT  UND __cxa_throw
    58: 0000000000000000     0 NOTYPE  GLOBAL DEFAULT  UND __cxa_free_exception
    59: 0000000000000000   192 FUNC    WEAK   HIDDEN    18 _ZNSt3__112basic_stringIcNS_11char_traitsIcEENS_9allocatorIcEEE4swapB9nqe220108ERS5_
    60: 0000000000000000     0 NOTYPE  GLOBAL DEFAULT  UND _ZNSt3__112basic_stringIcNS_11char_traitsIcEENS_9allocatorIcEEED1Ev
    61: 0000000000000000     0 NOTYPE  GLOBAL DEFAULT  UND _Unwind_Resume
    62: 0000000000000000    69 FUNC    WEAK   HIDDEN    23 _ZNSt3__112basic_stringIcNS_11char_traitsIcEENS_9allocatorIcEEE13__get_pointerB9nqe220108Ev
    63: 0000000000000000    14 FUNC    WEAK   HIDDEN    21 _ZNSt3__112__to_addressB9nqe220108IcEEPT_S2_
    64: 0000000000000000    25 FUNC    WEAK   HIDDEN    26 _ZNKSt3__112basic_stringIcNS_11char_traitsIcEENS_9allocatorIcEEE9__is_longB9nqe220108Ev
    65: 0000000000000000    18 FUNC    WEAK   HIDDEN    35 _ZNKSt3__112basic_stringIcNS_11char_traitsIcEENS_9allocatorIcEEE15__get_long_sizeB9nqe220108Ev
    66: 0000000000000000    21 FUNC    WEAK   HIDDEN    37 _ZNKSt3__112basic_stringIcNS_11char_traitsIcEENS_9allocatorIcEEE16__get_short_sizeB9nqe220108Ev
    67: 0000000000000000     0 NOTYPE  GLOBAL DEFAULT  UND memset
    68: 0000000000000000   105 FUNC    WEAK   HIDDEN    39 _ZNKSt3__112basic_stringIcNS_11char_traitsIcEENS_9allocatorIcEEE14__annotate_newB9nqe220108Em
    69: 0000000000000000    69 FUNC    WEAK   HIDDEN    55 _ZNKSt3__112basic_stringIcNS_11char_traitsIcEENS_9allocatorIcEEE13__get_pointerB9nqe220108Ev
    70: 0000000000000000    14 FUNC    WEAK   HIDDEN    53 _ZNSt3__112__to_addressB9nqe220108IKcEEPT_S3_
    71: 0000000000000000     0 NOTYPE  GLOBAL DEFAULT  UND _ZNSt3__112basic_stringIcNS_11char_traitsIcEENS_9allocatorIcEEE6assignEPKcm
    72: 0000000000000000     0 NOTYPE  GLOBAL DEFAULT  UND __cxa_begin_catch
    73: 0000000000000000     0 NOTYPE  GLOBAL DEFAULT  UND __cxa_end_catch
    74: 0000000000000000   108 FUNC    WEAK   HIDDEN    65 _ZNKSt3__112basic_stringIcNS_11char_traitsIcEENS_9allocatorIcEEE17__annotate_deleteB9nqe220108Ev
    75: 0000000000000000    98 FUNC    WEAK   HIDDEN    68 _ZNSt3__14swapB9nqe220108INS_12basic_stringIcNS_11char_traitsIcEENS_9allocatorIcEEE5__repEEENS_9enable_ifIXaasr21is_move_constructibleIT_EE5valuesr18is_move_assignableIS9_EE5valueEvE4typeERS9_SC_
    76: 0000000000000000    35 FUNC    WEAK   HIDDEN    70 _ZNSt3__116__swap_allocatorB9nqe220108INS_9allocatorIcEEEEvRT_S4_
    77: 0000000000000000    18 FUNC    WEAK   HIDDEN    28 _ZNSt3__112basic_stringIcNS_11char_traitsIcEENS_9allocatorIcEEE18__get_long_pointerB9nqe220108Ev
    78: 0000000000000000    31 FUNC    WEAK   HIDDEN    30 _ZNSt3__112basic_stringIcNS_11char_traitsIcEENS_9allocatorIcEEE19__get_short_pointerB9nqe220108Ev
    79: 0000000000000000    14 FUNC    WEAK   HIDDEN    33 _ZNSt3__114pointer_traitsIPcE10pointer_toB9nqe220108ERc
    80: 0000000000000000    71 FUNC    WEAK   HIDDEN    45 _ZNKSt3__112basic_stringIcNS_11char_traitsIcEENS_9allocatorIcEEE8capacityB9nqe220108Ev
    81: 0000000000000000    18 FUNC    WEAK   HIDDEN    43 _ZNKSt3__112basic_stringIcNS_11char_traitsIcEENS_9allocatorIcEEE31__annotate_contiguous_containerB9nqe220108EPKvS7_
    82: 0000000000000000    14 FUNC    WEAK   HIDDEN    48 __clang_call_terminate
    83: 0000000000000000    23 FUNC    WEAK   HIDDEN    51 _ZNKSt3__112basic_stringIcNS_11char_traitsIcEENS_9allocatorIcEEE14__get_long_capB9nqe220108Ev
    84: 0000000000000000     0 NOTYPE  GLOBAL DEFAULT  UND _ZSt9terminatev
    85: 0000000000000000    18 FUNC    WEAK   HIDDEN    58 _ZNKSt3__112basic_stringIcNS_11char_traitsIcEENS_9allocatorIcEEE18__get_long_pointerB9nqe220108Ev
    86: 0000000000000000    31 FUNC    WEAK   HIDDEN    60 _ZNKSt3__112basic_stringIcNS_11char_traitsIcEENS_9allocatorIcEEE19__get_short_pointerB9nqe220108Ev
    87: 0000000000000000    14 FUNC    WEAK   HIDDEN    63 _ZNSt3__114pointer_traitsIPKcE10pointer_toB9nqe220108ERS1_
    88: 0000000000000000    14 FUNC    WEAK   HIDDEN    73 _ZNSt3__116__swap_allocatorB9nqe220108INS_9allocatorIcEEEEvRT_S4_NS_17integral_constantIbLb0EEE
    89: 0000000000000000     8 OBJECT  WEAK   HIDDEN    85 DW.ref.__gxx_personality_v0
    90: 0000000000000000     0 NOTYPE  GLOBAL DEFAULT  UND __gxx_personality_v0

Symbol table '.symtab' contains 41 entries:
   Num:    Value          Size Type    Bind   Vis      Ndx Name
     0: 0000000000000000     0 NOTYPE  LOCAL  DEFAULT  UND 
     1: 0000000000000000     0 FILE    LOCAL  DEFAULT  ABS backend.cpp
     2: 0000000000000000     0 SECTION LOCAL  DEFAULT    2 .text
     3: 0000000000000000    17 OBJECT  LOCAL  DEFAULT   10 .L.str
     4: 0000000000000000     8 OBJECT  LOCAL  DEFAULT   11 _ZL10real_parseB5cxx11
     5: 0000000000000011    18 OBJECT  LOCAL  DEFAULT   10 .L.str.1
     6: 0000000000000000     0 SECTION LOCAL  DEFAULT    4 .gcc_except_table
     7: 0000000000000000     0 NOTYPE  LOCAL  DEFAULT    4 GCC_except_table1
     8: 0000000000000000     0 SECTION LOCAL  DEFAULT    6 .text._ZN17EWKCookieContentsD2Ev
     9: 0000000000000000     0 SECTION LOCAL  DEFAULT    9 .text._ZNSt15__new_allocatorIcED2Ev
    10: 0000000000000000     0 SECTION LOCAL  DEFAULT   10 .rodata.str1.1
    11: 0000000000000000     0 SECTION LOCAL  DEFAULT   11 .bss
    12: 0000000000000000     0 SECTION LOCAL  DEFAULT   12 .debug_abbrev
    13: 0000000000000000     0 SECTION LOCAL  DEFAULT   15 .debug_rnglists
    14: 0000000000000000     0 SECTION LOCAL  DEFAULT   16 .debug_str_offsets
    15: 0000000000000000     0 SECTION LOCAL  DEFAULT   18 .debug_str
    16: 0000000000000000     0 SECTION LOCAL  DEFAULT   19 .debug_addr
    17: 0000000000000000     0 SECTION LOCAL  DEFAULT   28 .debug_line
    18: 0000000000000000     0 SECTION LOCAL  DEFAULT   30 .debug_line_str
    19: 0000000000000000   192 FUNC    GLOBAL HIDDEN     2 bridge_configure
    20: 0000000000000000     0 NOTYPE  GLOBAL DEFAULT  UND dlopen
    21: 0000000000000000     0 NOTYPE  GLOBAL DEFAULT  UND dlerror
    22: 0000000000000000     0 NOTYPE  GLOBAL DEFAULT  UND puts
    23: 0000000000000000     0 NOTYPE  GLOBAL DEFAULT  UND dlsym
    24: 0000000000000000     0 NOTYPE  GLOBAL DEFAULT  UND memset
    25: 0000000000000000     0 NOTYPE  GLOBAL DEFAULT  UND dladdr
    26: 0000000000000000     0 NOTYPE  GLOBAL DEFAULT  UND printf
    27: 0000000000000000     0 NOTYPE  GLOBAL DEFAULT  UND strcmp
    28: 00000000000000c0   803 FUNC    GLOBAL HIDDEN     2 bridge_parse
    29: 0000000000000000     0 NOTYPE  GLOBAL DEFAULT  UND _ZNSt7__cxx1112basic_stringIcSt11char_traitsIcESaIcEEC1EPKcmRKS3_
    30: 0000000000000000    10 FUNC    WEAK   DEFAULT    9 _ZNSt15__new_allocatorIcED2Ev
    31: 0000000000000000     0 NOTYPE  GLOBAL DEFAULT  UND _ZNSt7__cxx1112basic_stringIcSt11char_traitsIcESaIcEEC1Ev
    32: 0000000000000000     0 NOTYPE  GLOBAL DEFAULT  UND _ZNSt7__cxx1112basic_stringIcSt11char_traitsIcESaIcEE6assignEPKcm
    33: 0000000000000000    74 FUNC    WEAK   HIDDEN     6 _ZN17EWKCookieContentsD2Ev
    34: 0000000000000000     0 NOTYPE  GLOBAL DEFAULT  UND _ZNSt7__cxx1112basic_stringIcSt11char_traitsIcESaIcEED1Ev
    35: 0000000000000000     0 NOTYPE  GLOBAL DEFAULT  UND __cxa_begin_catch
    36: 0000000000000000     0 NOTYPE  GLOBAL DEFAULT  UND __cxa_end_catch
    37: 0000000000000000     0 NOTYPE  GLOBAL DEFAULT  UND _ZNSt7__cxx1112basic_stringIcSt11char_traitsIcESaIcEE4dataEv
    38: 0000000000000000     0 NOTYPE  GLOBAL DEFAULT  UND _ZNKSt7__cxx1112basic_stringIcSt11char_traitsIcESaIcEE4sizeEv
    39: 0000000000000000     8 OBJECT  WEAK   HIDDEN    22 DW.ref.__gxx_personality_v0
    40: 0000000000000000     0 NOTYPE  GLOBAL DEFAULT  UND __gxx_personality_v0
