
Dynamic section at offset 0x2d98 contains 30 entries:
  Tag        Type                         Name/Value
 0x0000000000000001 (NEEDED)             Shared library: [libc++.so.1]
 0x0000000000000001 (NEEDED)             Shared library: [libc++abi.so.1]
 0x0000000000000001 (NEEDED)             Shared library: [libstdc++.so.6]
 0x0000000000000001 (NEEDED)             Shared library: [libdl.so.2]
 0x0000000000000001 (NEEDED)             Shared library: [libm.so.6]
 0x0000000000000001 (NEEDED)             Shared library: [libgcc_s.so.1]
 0x0000000000000001 (NEEDED)             Shared library: [libc.so.6]
 0x000000000000000c (INIT)               0x1000
 0x000000000000000d (FINI)               0x1fec
 0x0000000000000019 (INIT_ARRAY)         0x3d88
 0x000000000000001b (INIT_ARRAYSZ)       8 (bytes)
 0x000000000000001a (FINI_ARRAY)         0x3d90
 0x000000000000001c (FINI_ARRAYSZ)       8 (bytes)
 0x000000006ffffef5 (GNU_HASH)           0x200
 0x0000000000000005 (STRTAB)             0x578
 0x0000000000000006 (SYMTAB)             0x230
 0x000000000000000a (STRSZ)              1109 (bytes)
 0x000000000000000b (SYMENT)             24 (bytes)
 0x0000000000000003 (PLTGOT)             0x3fe8
 0x0000000000000002 (PLTRELSZ)           600 (bytes)
 0x0000000000000014 (PLTREL)             RELA
 0x0000000000000017 (JMPREL)             0xbc8
 0x0000000000000007 (RELA)               0xad8
 0x0000000000000008 (RELASZ)             240 (bytes)
 0x0000000000000009 (RELAENT)            24 (bytes)
 0x000000006ffffffe (VERNEED)            0xa18
 0x000000006fffffff (VERNEEDNUM)         5
 0x000000006ffffff0 (VERSYM)             0x9ce
 0x000000006ffffff9 (RELACOUNT)          3
 0x0000000000000000 (NULL)               0x0
                 w _ITM_deregisterTMCloneTable
                 w _ITM_registerTMCloneTable
                 U _Unwind_Resume@GCC_3.0
                 U std::__cxx11::basic_string<char, std::char_traits<char>, std::allocator<char> >::size() const@GLIBCXX_3.4.21
                 U std::runtime_error::runtime_error(char const*)@LLVM_22
                 U std::runtime_error::~runtime_error()@LLVM_22
0000000000001fe0 W std::__new_allocator<char>::~__new_allocator()
                 U std::__1::basic_string<char, std::__1::char_traits<char>, std::__1::allocator<char> >::assign(char const*, unsigned long)@LLVM_22
                 U std::__1::basic_string<char, std::__1::char_traits<char>, std::__1::allocator<char> >::~basic_string()@LLVM_22
                 U std::__cxx11::basic_string<char, std::char_traits<char>, std::allocator<char> >::data()@GLIBCXX_3.4.26
                 U std::__cxx11::basic_string<char, std::char_traits<char>, std::allocator<char> >::assign(char const*, unsigned long)@GLIBCXX_3.4.21
                 U std::__cxx11::basic_string<char, std::char_traits<char>, std::allocator<char> >::basic_string(char const*, unsigned long, std::allocator<char> const&)@GLIBCXX_3.4.21
                 U std::__cxx11::basic_string<char, std::char_traits<char>, std::allocator<char> >::basic_string()@GLIBCXX_3.4.21
                 U std::__cxx11::basic_string<char, std::char_traits<char>, std::allocator<char> >::~basic_string()@GLIBCXX_3.4.21
                 U std::terminate()@LLVM_22
                 U typeinfo for std::runtime_error@LLVM_22
                 U __cxa_allocate_exception@LLVM_22
                 U __cxa_begin_catch@LLVM_22
                 U __cxa_end_catch@LLVM_22
                 w __cxa_finalize@GLIBC_2.2.5
                 U __cxa_free_exception@LLVM_22
                 U __cxa_throw@LLVM_22
                 w __gmon_start__
                 U __gxx_personality_v0@LLVM_22
0000000000001290 T api_probe_configure_real_provider
                 U dladdr@GLIBC_2.34
                 U dlerror@GLIBC_2.34
                 U dlopen@GLIBC_2.34
                 U dlsym@GLIBC_2.34
00000000000012b0 T ewk_parse_cookie
                 U memset@GLIBC_2.2.5
                 U printf@GLIBC_2.2.5
                 U puts@GLIBC_2.2.5
                 U strcmp@GLIBC_2.2.5
