===== tmp/GBS-ROOT/LIBCXX-2218-aarch64-20260804-r2/local/BUILD-ROOTS/scratch.aarch64.0 =====
lrwxrwxrwx 1 root root 5 Jul 22 14:49 tmp/GBS-ROOT/LIBCXX-2218-aarch64-20260804-r2/local/BUILD-ROOTS/scratch.aarch64.0/bin/aarch64-tizen-linux-gnu-clang -> clang
tmp/GBS-ROOT/LIBCXX-2218-aarch64-20260804-r2/local/BUILD-ROOTS/scratch.aarch64.0/bin/aarch64-tizen-linux-gnu-clang: ELF 64-bit LSB pie executable, ARM aarch64, version 1 (SYSV), dynamically linked, interpreter /lib/ld-linux-aarch64.so.1, for GNU/Linux 3.7.0, stripped
lrwxrwxrwx 1 root root 5 Jul 22 14:49 tmp/GBS-ROOT/LIBCXX-2218-aarch64-20260804-r2/local/BUILD-ROOTS/scratch.aarch64.0/usr/bin/aarch64-tizen-linux-gnu-clang -> clang
tmp/GBS-ROOT/LIBCXX-2218-aarch64-20260804-r2/local/BUILD-ROOTS/scratch.aarch64.0/usr/bin/aarch64-tizen-linux-gnu-clang: ELF 64-bit LSB pie executable, ARM aarch64, version 1 (SYSV), dynamically linked, interpreter /lib/ld-linux-aarch64.so.1, for GNU/Linux 3.7.0, stripped
lrwxrwxrwx 1 root root 7 Jul 22 14:49 tmp/GBS-ROOT/LIBCXX-2218-aarch64-20260804-r2/local/BUILD-ROOTS/scratch.aarch64.0/bin/aarch64-tizen-linux-gnu-clang++ -> clang++
tmp/GBS-ROOT/LIBCXX-2218-aarch64-20260804-r2/local/BUILD-ROOTS/scratch.aarch64.0/bin/aarch64-tizen-linux-gnu-clang++: ELF 64-bit LSB pie executable, ARM aarch64, version 1 (SYSV), dynamically linked, interpreter /lib/ld-linux-aarch64.so.1, for GNU/Linux 3.7.0, stripped
lrwxrwxrwx 1 root root 7 Jul 22 14:49 tmp/GBS-ROOT/LIBCXX-2218-aarch64-20260804-r2/local/BUILD-ROOTS/scratch.aarch64.0/usr/bin/aarch64-tizen-linux-gnu-clang++ -> clang++
tmp/GBS-ROOT/LIBCXX-2218-aarch64-20260804-r2/local/BUILD-ROOTS/scratch.aarch64.0/usr/bin/aarch64-tizen-linux-gnu-clang++: ELF 64-bit LSB pie executable, ARM aarch64, version 1 (SYSV), dynamically linked, interpreter /lib/ld-linux-aarch64.so.1, for GNU/Linux 3.7.0, stripped
74:%__cc			aarch64-tizen-linux-gnu-clang
76:%__cxx			aarch64-tizen-linux-gnu-clang++
1029:%_host			aarch64-tizen-linux-gnu
1030:%_host_alias		aarch64-tizen-linux-gnu%{nil}
1031:%_host_cpu		aarch64
1032:%_host_vendor		tizen
1033:%_host_os		linux
===== tmp/GBS-ROOT/LIBCXX-2218-aarch64-20260806-c2/local/BUILD-ROOTS/scratch.aarch64.0 =====
lrwxrwxrwx 1 root root 5 Aug  4 22:46 tmp/GBS-ROOT/LIBCXX-2218-aarch64-20260806-c2/local/BUILD-ROOTS/scratch.aarch64.0/bin/aarch64-tizen-linux-gnu-clang -> clang
tmp/GBS-ROOT/LIBCXX-2218-aarch64-20260806-c2/local/BUILD-ROOTS/scratch.aarch64.0/bin/aarch64-tizen-linux-gnu-clang: ELF 64-bit LSB pie executable, ARM aarch64, version 1 (SYSV), dynamically linked, interpreter /lib/ld-linux-aarch64.so.1, for GNU/Linux 3.7.0, stripped
lrwxrwxrwx 1 root root 5 Aug  4 22:46 tmp/GBS-ROOT/LIBCXX-2218-aarch64-20260806-c2/local/BUILD-ROOTS/scratch.aarch64.0/usr/bin/aarch64-tizen-linux-gnu-clang -> clang
tmp/GBS-ROOT/LIBCXX-2218-aarch64-20260806-c2/local/BUILD-ROOTS/scratch.aarch64.0/usr/bin/aarch64-tizen-linux-gnu-clang: ELF 64-bit LSB pie executable, ARM aarch64, version 1 (SYSV), dynamically linked, interpreter /lib/ld-linux-aarch64.so.1, for GNU/Linux 3.7.0, stripped
lrwxrwxrwx 1 root root 7 Aug  4 22:46 tmp/GBS-ROOT/LIBCXX-2218-aarch64-20260806-c2/local/BUILD-ROOTS/scratch.aarch64.0/bin/aarch64-tizen-linux-gnu-clang++ -> clang++
tmp/GBS-ROOT/LIBCXX-2218-aarch64-20260806-c2/local/BUILD-ROOTS/scratch.aarch64.0/bin/aarch64-tizen-linux-gnu-clang++: ELF 64-bit LSB pie executable, ARM aarch64, version 1 (SYSV), dynamically linked, interpreter /lib/ld-linux-aarch64.so.1, for GNU/Linux 3.7.0, stripped
lrwxrwxrwx 1 root root 7 Aug  4 22:46 tmp/GBS-ROOT/LIBCXX-2218-aarch64-20260806-c2/local/BUILD-ROOTS/scratch.aarch64.0/usr/bin/aarch64-tizen-linux-gnu-clang++ -> clang++
tmp/GBS-ROOT/LIBCXX-2218-aarch64-20260806-c2/local/BUILD-ROOTS/scratch.aarch64.0/usr/bin/aarch64-tizen-linux-gnu-clang++: ELF 64-bit LSB pie executable, ARM aarch64, version 1 (SYSV), dynamically linked, interpreter /lib/ld-linux-aarch64.so.1, for GNU/Linux 3.7.0, stripped
74:%__cc			aarch64-tizen-linux-gnu-clang
76:%__cxx			aarch64-tizen-linux-gnu-clang++
1029:%_host			aarch64-tizen-linux-gnu
1030:%_host_alias		aarch64-tizen-linux-gnu%{nil}
1031:%_host_cpu		aarch64
1032:%_host_vendor		tizen
1033:%_host_os		linux
===== tmp/GBS-ROOT/R30-final-security-libcxx-aarch64-20260812-01/local/BUILD-ROOTS/scratch.aarch64.0 =====
lrwxrwxrwx 1 root root 5 Aug  4 22:46 tmp/GBS-ROOT/R30-final-security-libcxx-aarch64-20260812-01/local/BUILD-ROOTS/scratch.aarch64.0/bin/aarch64-tizen-linux-gnu-clang -> clang
tmp/GBS-ROOT/R30-final-security-libcxx-aarch64-20260812-01/local/BUILD-ROOTS/scratch.aarch64.0/bin/aarch64-tizen-linux-gnu-clang: ELF 64-bit LSB pie executable, ARM aarch64, version 1 (SYSV), dynamically linked, interpreter /lib/ld-linux-aarch64.so.1, for GNU/Linux 3.7.0, stripped
lrwxrwxrwx 1 root root 5 Aug  4 22:46 tmp/GBS-ROOT/R30-final-security-libcxx-aarch64-20260812-01/local/BUILD-ROOTS/scratch.aarch64.0/usr/bin/aarch64-tizen-linux-gnu-clang -> clang
tmp/GBS-ROOT/R30-final-security-libcxx-aarch64-20260812-01/local/BUILD-ROOTS/scratch.aarch64.0/usr/bin/aarch64-tizen-linux-gnu-clang: ELF 64-bit LSB pie executable, ARM aarch64, version 1 (SYSV), dynamically linked, interpreter /lib/ld-linux-aarch64.so.1, for GNU/Linux 3.7.0, stripped
lrwxrwxrwx 1 root root 7 Aug  4 22:46 tmp/GBS-ROOT/R30-final-security-libcxx-aarch64-20260812-01/local/BUILD-ROOTS/scratch.aarch64.0/bin/aarch64-tizen-linux-gnu-clang++ -> clang++
tmp/GBS-ROOT/R30-final-security-libcxx-aarch64-20260812-01/local/BUILD-ROOTS/scratch.aarch64.0/bin/aarch64-tizen-linux-gnu-clang++: ELF 64-bit LSB pie executable, ARM aarch64, version 1 (SYSV), dynamically linked, interpreter /lib/ld-linux-aarch64.so.1, for GNU/Linux 3.7.0, stripped
lrwxrwxrwx 1 root root 7 Aug  4 22:46 tmp/GBS-ROOT/R30-final-security-libcxx-aarch64-20260812-01/local/BUILD-ROOTS/scratch.aarch64.0/usr/bin/aarch64-tizen-linux-gnu-clang++ -> clang++
tmp/GBS-ROOT/R30-final-security-libcxx-aarch64-20260812-01/local/BUILD-ROOTS/scratch.aarch64.0/usr/bin/aarch64-tizen-linux-gnu-clang++: ELF 64-bit LSB pie executable, ARM aarch64, version 1 (SYSV), dynamically linked, interpreter /lib/ld-linux-aarch64.so.1, for GNU/Linux 3.7.0, stripped
74:%__cc			aarch64-tizen-linux-gnu-clang
76:%__cxx			aarch64-tizen-linux-gnu-clang++
1029:%_host			aarch64-tizen-linux-gnu
1030:%_host_alias		aarch64-tizen-linux-gnu%{nil}
1031:%_host_cpu		aarch64
1032:%_host_vendor		tizen
1033:%_host_os		linux
===== tmp/GBS-ROOT/R30-patched-libcynara-libcxx-aarch64-20260812-01/local/BUILD-ROOTS/scratch.aarch64.0 =====
lrwxrwxrwx 1 root root 5 Aug  4 22:46 tmp/GBS-ROOT/R30-patched-libcynara-libcxx-aarch64-20260812-01/local/BUILD-ROOTS/scratch.aarch64.0/bin/aarch64-tizen-linux-gnu-clang -> clang
tmp/GBS-ROOT/R30-patched-libcynara-libcxx-aarch64-20260812-01/local/BUILD-ROOTS/scratch.aarch64.0/bin/aarch64-tizen-linux-gnu-clang: ELF 64-bit LSB pie executable, ARM aarch64, version 1 (SYSV), dynamically linked, interpreter /lib/ld-linux-aarch64.so.1, for GNU/Linux 3.7.0, stripped
lrwxrwxrwx 1 root root 5 Aug  4 22:46 tmp/GBS-ROOT/R30-patched-libcynara-libcxx-aarch64-20260812-01/local/BUILD-ROOTS/scratch.aarch64.0/usr/bin/aarch64-tizen-linux-gnu-clang -> clang
tmp/GBS-ROOT/R30-patched-libcynara-libcxx-aarch64-20260812-01/local/BUILD-ROOTS/scratch.aarch64.0/usr/bin/aarch64-tizen-linux-gnu-clang: ELF 64-bit LSB pie executable, ARM aarch64, version 1 (SYSV), dynamically linked, interpreter /lib/ld-linux-aarch64.so.1, for GNU/Linux 3.7.0, stripped
lrwxrwxrwx 1 root root 7 Aug  4 22:46 tmp/GBS-ROOT/R30-patched-libcynara-libcxx-aarch64-20260812-01/local/BUILD-ROOTS/scratch.aarch64.0/bin/aarch64-tizen-linux-gnu-clang++ -> clang++
tmp/GBS-ROOT/R30-patched-libcynara-libcxx-aarch64-20260812-01/local/BUILD-ROOTS/scratch.aarch64.0/bin/aarch64-tizen-linux-gnu-clang++: ELF 64-bit LSB pie executable, ARM aarch64, version 1 (SYSV), dynamically linked, interpreter /lib/ld-linux-aarch64.so.1, for GNU/Linux 3.7.0, stripped
lrwxrwxrwx 1 root root 7 Aug  4 22:46 tmp/GBS-ROOT/R30-patched-libcynara-libcxx-aarch64-20260812-01/local/BUILD-ROOTS/scratch.aarch64.0/usr/bin/aarch64-tizen-linux-gnu-clang++ -> clang++
tmp/GBS-ROOT/R30-patched-libcynara-libcxx-aarch64-20260812-01/local/BUILD-ROOTS/scratch.aarch64.0/usr/bin/aarch64-tizen-linux-gnu-clang++: ELF 64-bit LSB pie executable, ARM aarch64, version 1 (SYSV), dynamically linked, interpreter /lib/ld-linux-aarch64.so.1, for GNU/Linux 3.7.0, stripped
74:%__cc			aarch64-tizen-linux-gnu-clang
76:%__cxx			aarch64-tizen-linux-gnu-clang++
1029:%_host			aarch64-tizen-linux-gnu
1030:%_host_alias		aarch64-tizen-linux-gnu%{nil}
1031:%_host_cpu		aarch64
1032:%_host_vendor		tizen
1033:%_host_os		linux
[exact historical aarch64 CMake evidence]
docs/progress/R85/raw/059_build_id_flag_context.stdout-2-421-[  529s] + mkdir -p build
docs/progress/R85/raw/059_build_id_flag_context.stdout-3-422-[  529s] + cd build
docs/progress/R85/raw/059_build_id_flag_context.stdout:4:423:[  529s] + cmake -G Ninja -DCMAKE_BUILD_TYPE=Release -DCMAKE_C_COMPILER=aarch64-tizen-linux-gnu-clang -DCMAKE_CXX_COMPILER=aarch64-tizen-linux-gnu-clang++ -DCMAKE_ASM_COMPILER=aarch64-tizen-linux-gnu-clang -DCMAKE_C_COMPILER_TARGET=aarch64-tizen-linux-gnu -DCMAKE_CXX_COMPILER_TARGET=aarch64-tizen-linux-gnu -DCMAKE_ASM_COMPILER_TARGET=aarch64-tizen-linux-gnu '-DCMAKE_C_FLAGS=-Os -fstack-protector -Wno-unused-command-line-argument -Wno-error=unused-but-set-variable -Wno-error=unused-command-line-argument  -g2 -gdwarf-4 -pipe -Wall -Wp,-D_FORTIFY_SOURCE=2 -fexceptions -Wformat -Wformat-security -fmessage-length=0 -frecord-gcc-switches -march=armv8-a+fp+simd+crc+crypto -mtune=cortex-a53 -g --rtlib=libgcc' '-DCMAKE_CXX_FLAGS=-Os -fstack-protector -Wno-unused-command-line-argument -Wno-error=unused-but-set-variable -Wno-error=unused-command-line-argument  -g2 -gdwarf-4 -pipe -Wall -Wp,-D_FORTIFY_SOURCE=2 -fexceptions -Wformat -Wformat-security -fmessage-length=0 -frecord-gcc-switches -march=armv8-a+fp+simd+crc+crypto -mtune=cortex-a53 -g --rtlib=libgcc' '-DCMAKE_ASM_FLAGS=-Os -fstack-protector -Wno-unused-command-line-argument -Wno-error=unused-but-set-variable -Wno-error=unused-command-line-argument  -g2 -gdwarf-4 -pipe -Wall -Wp,-D_FORTIFY_SOURCE=2 -fexceptions -Wformat -Wformat-security -fmessage-length=0 -frecord-gcc-switches -march=armv8-a+fp+simd+crc+crypto -mtune=cortex-a53 -g' '-DCMAKE_SHARED_LINKER_FLAGS=-Wl,--version-script=/home/abuild/rpmbuild/SOURCES/libcxx-llvm22.map -Wl,-z,now --rtlib=libgcc' -DCMAKE_EXE_LINKER_FLAGS=--rtlib=libgcc -DCMAKE_INSTALL_PREFIX=/usr -DCMAKE_INSTALL_LIBDIR=lib64 -DLIBCXX_INSTALL_LIBRARY_DIR=lib64 -DLIBCXXABI_INSTALL_LIBRARY_DIR=lib64 '-DLLVM_ENABLE_RUNTIMES=libcxxabi;libcxx' -DLLVM_DEFAULT_TARGET_TRIPLE=aarch64-tizen-linux-gnu -DLLVM_INCLUDE_TESTS=OFF -DLIBCXX_ENABLE_SHARED=ON -DLIBCXX_ENABLE_STATIC=OFF -DLIBCXX_INSTALL_SHARED_LIBRARY=ON -DLIBCXX_INSTALL_STATIC_LIBRARY=OFF -DLIBCXX_CXX_ABI=libcxxabi -DLIBCXX_ENABLE_STATIC_ABI_LIBRARY=OFF -DLIBCXX_ENABLE_ABI_LINKER_SCRIPT=ON -DLIBCXX_USE_COMPILER_RT=OFF -DLIBCXXABI_ENABLE_SHARED=ON -DLIBCXXABI_ENABLE_STATIC=OFF -DLIBCXXABI_INSTALL_SHARED_LIBRARY=ON -DLIBCXXABI_INSTALL_STATIC_LIBRARY=OFF -DLIBCXXABI_USE_COMPILER_RT=OFF -DLIBCXXABI_USE_LLVM_UNWINDER=OFF -DLIBCXXABI_ENABLE_STATIC_UNWINDER=OFF -DLIBCXXABI_STATICALLY_LINK_UNWINDER_IN_SHARED_LIBRARY=OFF -DLIBCXXABI_STATICALLY_LINK_UNWINDER_IN_STATIC_LIBRARY=OFF -DLIBCXXABI_ENABLE_NEW_DELETE_DEFINITIONS=ON -DLIBCXX_INCLUDE_TESTS=OFF -DLIBCXXABI_INCLUDE_TESTS=OFF -DLIBCXX_INCLUDE_BENCHMARKS=OFF ../runtimes
docs/progress/R85/raw/059_build_id_flag_context.stdout-5-424-[  529s] -- Performing standalone runtimes build.
docs/progress/R85/raw/059_build_id_flag_context.stdout:6:425-[  529s] -- The C compiler identification is Clang 22.1.8
docs/progress/R85/raw/059_build_id_flag_context.stdout-7---
docs/progress/R85/raw/059_build_id_flag_context.stdout-8-4167-[  593s] + install -d /home/abuild/rpmbuild/BUILDROOT/libcxx-runtimes-22.1.8-1.1.aarch64/usr/share/doc/libcxx-runtimes
--
docs/progress/R85/raw/059_build_id_flag_context.stdout-40-423:[  174s] + cmake -G Ninja -DCMAKE_BUILD_TYPE=Release -DCMAKE_C_COMPILER=armv7l-tizen-linux-gnueabi-clang -DCMAKE_CXX_COMPILER=armv7l-tizen-linux-gnueabi-clang++ -DCMAKE_ASM_COMPILER=armv7l-tizen-linux-gnueabi-clang -DCMAKE_C_COMPILER_TARGET=armv7l-tizen-linux-gnueabi -DCMAKE_CXX_COMPILER_TARGET=armv7l-tizen-linux-gnueabi -DCMAKE_ASM_COMPILER_TARGET=armv7l-tizen-linux-gnueabi '-DCMAKE_C_FLAGS=-Os -fstack-protector -Wno-unused-command-line-argument -Wno-error=unused-but-set-variable -Wno-error=unused-command-line-argument  -g2 -gdwarf-4 -pipe -Wall -Wp,-D_FORTIFY_SOURCE=2 -fexceptions -Wformat -Wformat-security -fmessage-length=0 -frecord-gcc-switches -march=armv7-a -mtune=cortex-a8 -mlittle-endian -mfpu=neon -mfloat-abi=softfp -mthumb -Wp,-D__SOFTFP__ -D_FILE_OFFSET_BITS=64 -g --rtlib=libgcc' '-DCMAKE_CXX_FLAGS=-Os -fstack-protector -Wno-unused-command-line-argument -Wno-error=unused-but-set-variable -Wno-error=unused-command-line-argument  -g2 -gdwarf-4 -pipe -Wall -Wp,-D_FORTIFY_SOURCE=2 -fexceptions -Wformat -Wformat-security -fmessage-length=0 -frecord-gcc-switches -march=armv7-a -mtune=cortex-a8 -mlittle-endian -mfpu=neon -mfloat-abi=softfp -mthumb -Wp,-D__SOFTFP__ -D_FILE_OFFSET_BITS=64 -g --rtlib=libgcc' '-DCMAKE_ASM_FLAGS=-Os -fstack-protector -Wno-unused-command-line-argument -Wno-error=unused-but-set-variable -Wno-error=unused-command-line-argument  -g2 -gdwarf-4 -pipe -Wall -Wp,-D_FORTIFY_SOURCE=2 -fexceptions -Wformat -Wformat-security -fmessage-length=0 -frecord-gcc-switches -march=armv7-a -mtune=cortex-a8 -mlittle-endian -mfpu=neon -mfloat-abi=softfp -mthumb -Wp,-D__SOFTFP__ -D_FILE_OFFSET_BITS=64 -g' '-DCMAKE_SHARED_LINKER_FLAGS=-Wl,--version-script=/home/abuild/rpmbuild/SOURCES/libcxx-llvm22.map -Wl,-z,now --rtlib=libgcc' -DCMAKE_EXE_LINKER_FLAGS=--rtlib=libgcc -DCMAKE_INSTALL_PREFIX=/usr -DCMAKE_INSTALL_LIBDIR=lib -DLIBCXX_INSTALL_LIBRARY_DIR=lib -DLIBCXXABI_INSTALL_LIBRARY_DIR=lib '-DLLVM_ENABLE_RUNTIMES=libcxxabi;libcxx' -DLLVM_DEFAULT_TARGET_TRIPLE=armv7l-tizen-linux-gnueabi -DLLVM_INCLUDE_TESTS=OFF -DLIBCXX_ENABLE_SHARED=ON -DLIBCXX_ENABLE_STATIC=OFF -DLIBCXX_INSTALL_SHARED_LIBRARY=ON -DLIBCXX_INSTALL_STATIC_LIBRARY=OFF -DLIBCXX_CXX_ABI=libcxxabi -DLIBCXX_ENABLE_STATIC_ABI_LIBRARY=OFF -DLIBCXX_ENABLE_ABI_LINKER_SCRIPT=ON -DLIBCXX_USE_COMPILER_RT=OFF -DLIBCXXABI_ENABLE_SHARED=ON -DLIBCXXABI_ENABLE_STATIC=OFF -DLIBCXXABI_INSTALL_SHARED_LIBRARY=ON -DLIBCXXABI_INSTALL_STATIC_LIBRARY=OFF -DLIBCXXABI_USE_COMPILER_RT=OFF -DLIBCXXABI_USE_LLVM_UNWINDER=OFF -DLIBCXXABI_ENABLE_STATIC_UNWINDER=OFF -DLIBCXXABI_STATICALLY_LINK_UNWINDER_IN_SHARED_LIBRARY=OFF -DLIBCXXABI_STATICALLY_LINK_UNWINDER_IN_STATIC_LIBRARY=OFF -DLIBCXXABI_ENABLE_NEW_DELETE_DEFINITIONS=ON -DLIBCXX_INCLUDE_TESTS=OFF -DLIBCXXABI_INCLUDE_TESTS=OFF -DLIBCXX_INCLUDE_BENCHMARKS=OFF ../runtimes
docs/progress/R85/raw/059_build_id_flag_context.stdout-41-424-[  174s] -- Performing standalone runtimes build.
docs/progress/R85/raw/059_build_id_flag_context.stdout:42:425-[  175s] -- The C compiler identification is Clang 22.1.8
docs/progress/R85/raw/059_build_id_flag_context.stdout-43---
docs/progress/R85/raw/059_build_id_flag_context.stdout-44-4167-[  221s] + install -d /home/abuild/rpmbuild/BUILDROOT/libcxx-runtimes-22.1.8-1.1.arm/usr/share/doc/libcxx-runtimes
--
docs/progress/R85/raw/059_build_id_flag_context.stdout-76-404:[  302s] + cmake -G Ninja -DCMAKE_BUILD_TYPE=Release -DCMAKE_C_COMPILER=x86_64-tizen-linux-gnu-clang -DCMAKE_CXX_COMPILER=x86_64-tizen-linux-gnu-clang++ -DCMAKE_ASM_COMPILER=x86_64-tizen-linux-gnu-clang -DCMAKE_C_COMPILER_TARGET=x86_64-tizen-linux-gnu -DCMAKE_CXX_COMPILER_TARGET=x86_64-tizen-linux-gnu -DCMAKE_ASM_COMPILER_TARGET=x86_64-tizen-linux-gnu '-DCMAKE_C_FLAGS=-Os -fstack-protector -Wno-unused-command-line-argument -Wno-error=unused-but-set-variable -Wno-error=unused-command-line-argument -momit-leaf-frame-pointer  -g2 -gdwarf-4 -pipe -Wall -Wp,-D_FORTIFY_SOURCE=2 -fexceptions -Wformat -Wformat-security -fmessage-length=0 -frecord-gcc-switches -fdiagnostics-color=never -m64 -march=nehalem -msse4.2 -mfpmath=sse -fasynchronous-unwind-tables -fno-omit-frame-pointer -g --rtlib=libgcc' '-DCMAKE_CXX_FLAGS=-Os -fstack-protector -Wno-unused-command-line-argument -Wno-error=unused-but-set-variable -Wno-error=unused-command-line-argument -momit-leaf-frame-pointer  -g2 -gdwarf-4 -pipe -Wall -Wp,-D_FORTIFY_SOURCE=2 -fexceptions -Wformat -Wformat-security -fmessage-length=0 -frecord-gcc-switches -fdiagnostics-color=never -m64 -march=nehalem -msse4.2 -mfpmath=sse -fasynchronous-unwind-tables -fno-omit-frame-pointer -g --rtlib=libgcc' '-DCMAKE_ASM_FLAGS=-Os -fstack-protector -Wno-unused-command-line-argument -Wno-error=unused-but-set-variable -Wno-error=unused-command-line-argument -momit-leaf-frame-pointer  -g2 -gdwarf-4 -pipe -Wall -Wp,-D_FORTIFY_SOURCE=2 -fexceptions -Wformat -Wformat-security -fmessage-length=0 -frecord-gcc-switches -fdiagnostics-color=never -m64 -march=nehalem -msse4.2 -mfpmath=sse -fasynchronous-unwind-tables -fno-omit-frame-pointer -g' '-DCMAKE_SHARED_LINKER_FLAGS=-Wl,--version-script=/home/abuild/rpmbuild/SOURCES/libcxx-llvm22.map -Wl,-z,now --rtlib=libgcc' -DCMAKE_EXE_LINKER_FLAGS=--rtlib=libgcc -DCMAKE_INSTALL_PREFIX=/usr -DCMAKE_INSTALL_LIBDIR=lib64 -DLIBCXX_INSTALL_LIBRARY_DIR=lib64 -DLIBCXXABI_INSTALL_LIBRARY_DIR=lib64 '-DLLVM_ENABLE_RUNTIMES=libcxxabi;libcxx' -DLLVM_DEFAULT_TARGET_TRIPLE=x86_64-tizen-linux-gnu -DLLVM_INCLUDE_TESTS=OFF -DLIBCXX_ENABLE_SHARED=ON -DLIBCXX_ENABLE_STATIC=OFF -DLIBCXX_INSTALL_SHARED_LIBRARY=ON -DLIBCXX_INSTALL_STATIC_LIBRARY=OFF -DLIBCXX_CXX_ABI=libcxxabi -DLIBCXX_ENABLE_STATIC_ABI_LIBRARY=OFF -DLIBCXX_ENABLE_ABI_LINKER_SCRIPT=ON -DLIBCXX_USE_COMPILER_RT=OFF -DLIBCXXABI_ENABLE_SHARED=ON -DLIBCXXABI_ENABLE_STATIC=OFF -DLIBCXXABI_INSTALL_SHARED_LIBRARY=ON -DLIBCXXABI_INSTALL_STATIC_LIBRARY=OFF -DLIBCXXABI_USE_COMPILER_RT=OFF -DLIBCXXABI_USE_LLVM_UNWINDER=OFF -DLIBCXXABI_ENABLE_STATIC_UNWINDER=OFF -DLIBCXXABI_STATICALLY_LINK_UNWINDER_IN_SHARED_LIBRARY=OFF -DLIBCXXABI_STATICALLY_LINK_UNWINDER_IN_STATIC_LIBRARY=OFF -DLIBCXXABI_ENABLE_NEW_DELETE_DEFINITIONS=ON -DLIBCXX_INCLUDE_TESTS=OFF -DLIBCXXABI_INCLUDE_TESTS=OFF -DLIBCXX_INCLUDE_BENCHMARKS=OFF ../runtimes
docs/progress/R85/raw/059_build_id_flag_context.stdout-77-405-[  302s] -- Performing standalone runtimes build.
docs/progress/R85/raw/059_build_id_flag_context.stdout:78:406-[  302s] -- The C compiler identification is Clang 22.1.8
docs/progress/R85/raw/059_build_id_flag_context.stdout-79---
docs/progress/R85/raw/059_build_id_flag_context.stdout-80-4148-[  341s] + install -d /home/abuild/rpmbuild/BUILDROOT/libcxx-runtimes-22.1.8-1.1.x86_64/usr/share/doc/libcxx-runtimes
--
docs/progress/T3R2/build_aarch64.full.log-534-[  312s] + mkdir -p build
docs/progress/T3R2/build_aarch64.full.log-535-[  312s] + cd build
docs/progress/T3R2/build_aarch64.full.log:536:[  312s] + cmake -G Ninja -DCMAKE_BUILD_TYPE=Release -DCMAKE_C_COMPILER=aarch64-tizen-linux-gnu-clang -DCMAKE_CXX_COMPILER=aarch64-tizen-linux-gnu-clang++ -DCMAKE_ASM_COMPILER=aarch64-tizen-linux-gnu-clang -DCMAKE_C_COMPILER_TARGET=aarch64-tizen-linux-gnu -DCMAKE_CXX_COMPILER_TARGET=aarch64-tizen-linux-gnu -DCMAKE_ASM_COMPILER_TARGET=aarch64-tizen-linux-gnu '-DCMAKE_C_FLAGS=-Os -fstack-protector -Wno-unused-command-line-argument -Wno-error=unused-but-set-variable -Wno-error=unused-command-line-argument  -g2 -gdwarf-4 -pipe -Wall -Wp,-D_FORTIFY_SOURCE=2 -fexceptions -Wformat -Wformat-security -fmessage-length=0 -frecord-gcc-switches -march=armv8-a+fp+simd+crc+crypto -mtune=cortex-a53 -g --rtlib=libgcc' '-DCMAKE_CXX_FLAGS=-Os -fstack-protector -Wno-unused-command-line-argument -Wno-error=unused-but-set-variable -Wno-error=unused-command-line-argument  -g2 -gdwarf-4 -pipe -Wall -Wp,-D_FORTIFY_SOURCE=2 -fexceptions -Wformat -Wformat-security -fmessage-length=0 -frecord-gcc-switches -march=armv8-a+fp+simd+crc+crypto -mtune=cortex-a53 -g --rtlib=libgcc' '-DCMAKE_ASM_FLAGS=-Os -fstack-protector -Wno-unused-command-line-argument -Wno-error=unused-but-set-variable -Wno-error=unused-command-line-argument  -g2 -gdwarf-4 -pipe -Wall -Wp,-D_FORTIFY_SOURCE=2 -fexceptions -Wformat -Wformat-security -fmessage-length=0 -frecord-gcc-switches -march=armv8-a+fp+simd+crc+crypto -mtune=cortex-a53 -g' '-DCMAKE_SHARED_LINKER_FLAGS=-Wl,--version-script=/home/abuild/rpmbuild/SOURCES/libcxx-llvm22.map -Wl,-z,now --rtlib=libgcc' -DCMAKE_EXE_LINKER_FLAGS=--rtlib=libgcc -DCMAKE_INSTALL_PREFIX=/usr -DCMAKE_INSTALL_LIBDIR=lib64 -DLIBCXX_INSTALL_LIBRARY_DIR=lib64 -DLIBCXXABI_INSTALL_LIBRARY_DIR=lib64 '-DLLVM_ENABLE_RUNTIMES=libcxxabi;libcxx' -DLLVM_DEFAULT_TARGET_TRIPLE=aarch64-tizen-linux-gnu -DLLVM_INCLUDE_TESTS=OFF -DLIBCXX_ENABLE_SHARED=ON -DLIBCXX_ENABLE_STATIC=OFF -DLIBCXX_INSTALL_SHARED_LIBRARY=ON -DLIBCXX_INSTALL_STATIC_LIBRARY=OFF -DLIBCXX_CXX_ABI=libcxxabi -DLIBCXX_ENABLE_STATIC_ABI_LIBRARY=OFF -DLIBCXX_ENABLE_ABI_LINKER_SCRIPT=ON -DLIBCXX_USE_COMPILER_RT=OFF -DLIBCXXABI_ENABLE_SHARED=ON -DLIBCXXABI_ENABLE_STATIC=OFF -DLIBCXXABI_INSTALL_SHARED_LIBRARY=ON -DLIBCXXABI_INSTALL_STATIC_LIBRARY=OFF -DLIBCXXABI_USE_COMPILER_RT=OFF -DLIBCXXABI_USE_LLVM_UNWINDER=OFF -DLIBCXXABI_ENABLE_STATIC_UNWINDER=OFF -DLIBCXXABI_STATICALLY_LINK_UNWINDER_IN_SHARED_LIBRARY=OFF -DLIBCXXABI_STATICALLY_LINK_UNWINDER_IN_STATIC_LIBRARY=OFF -DLIBCXXABI_ENABLE_NEW_DELETE_DEFINITIONS=ON -DLIBCXX_INCLUDE_TESTS=OFF -DLIBCXXABI_INCLUDE_TESTS=OFF -DLIBCXX_INCLUDE_BENCHMARKS=OFF ../runtimes
docs/progress/T3R2/build_aarch64.full.log-537-[  312s] -- Performing standalone runtimes build.
docs/progress/T3R2/build_aarch64.full.log:538:[  312s] -- The C compiler identification is Clang 22.1.8
docs/progress/T3R2/build_aarch64.full.log:539:[  312s] -- The CXX compiler identification is Clang 22.1.8
docs/progress/T3R2/build_aarch64.full.log:540:[  312s] -- The ASM compiler identification is Clang with GNU-like command-line
docs/progress/T3R2/build_aarch64.full.log-541-[  312s] -- Found assembler: /bin/aarch64-tizen-linux-gnu-clang
docs/progress/T3R2/build_aarch64.full.log-542-[  312s] -- Detecting C compiler ABI info
