[changed files]
M	packaging/libcxx-runtimes.spec
[stat]
 packaging/libcxx-runtimes.spec | 7 +++----
 1 file changed, 3 insertions(+), 4 deletions(-)
[full diff]
diff --git a/packaging/libcxx-runtimes.spec b/packaging/libcxx-runtimes.spec
index a8a2e8ea078a..3e686becdf09 100644
--- a/packaging/libcxx-runtimes.spec
+++ b/packaging/libcxx-runtimes.spec
@@ -1,6 +1,5 @@
 %define llvm_major 22
 %define llvm_version 22.1.8
-%define _toolchain_override clang
 
 Name:           libcxx-runtimes
 Version:        22.1.8
@@ -68,9 +67,9 @@ cd build
 
 cmake -G Ninja \
   -DCMAKE_BUILD_TYPE=Release \
-  -DCMAKE_C_COMPILER=%{__cc} \
-  -DCMAKE_CXX_COMPILER=%{__cxx} \
-  -DCMAKE_ASM_COMPILER=%{__cc} \
+  -DCMAKE_C_COMPILER=%{_host}-clang \
+  -DCMAKE_CXX_COMPILER=%{_host}-clang++ \
+  -DCMAKE_ASM_COMPILER=%{_host}-clang \
   -DCMAKE_C_COMPILER_TARGET=%{_host} \
   -DCMAKE_CXX_COMPILER_TARGET=%{_host} \
   -DCMAKE_ASM_COMPILER_TARGET=%{_host} \
[new spec sha256]
f17402b373a9d74841faf28e364b23c48bc54771a5ff8e96173c5a530b0d350e  tmp/R89/sandbox/packaging/libcxx-runtimes.spec
