48:template <class _Tp, class _Allocator, template <class, class, class> class _Layout>
160:      __split_buffer_pointer_layout<__split_buffer<value_type, allocator_type, __split_buffer_pointer_layout>,
316:      __split_buffer_pointer_layout<__split_buffer<value_type, allocator_type, __split_buffer_pointer_layout>,
377:// The layout of `__split_buffer` is determined by the `_Layout` template template parameter. This
381://    template<class _Tp, class _Allocator, class _Layout>
443:template <class _Tp, class _Allocator, template <class, class, class> class _Layout>
444:class __split_buffer : _Layout<__split_buffer<_Tp, _Allocator, _Layout>, _Tp, _Allocator> {
445:  using __base_type _LIBCPP_NODEBUG = _Layout<__split_buffer<_Tp, _Allocator, _Layout>, _Tp, _Allocator>;
587:  __swap_without_allocator(__split_buffer<value_type, allocator_type, _Layout>& __other) _NOEXCEPT {
624:template <class _Tp, class _Allocator, template <class, class, class> class _Layout>
625:_LIBCPP_CONSTEXPR_SINCE_CXX20 void __split_buffer<_Tp, _Allocator, _Layout>::__construct_at_end(size_type __n) {
638:template <class _Tp, class _Allocator, template <class, class, class> class _Layout>
640:__split_buffer<_Tp, _Allocator, _Layout>::__construct_at_end(size_type __n, const_reference __x) {
647:template <class _Tp, class _Allocator, template <class, class, class> class _Layout>
650:__split_buffer<_Tp, _Allocator, _Layout>::__construct_at_end_with_sentinel(_Iterator __first, _Sentinel __last) {
671:template <class _Tp, class _Allocator, template <class, class, class> class _Layout>
674:__split_buffer<_Tp, _Allocator, _Layout>::__construct_at_end(_ForwardIterator __first, _ForwardIterator __last) {
678:template <class _Tp, class _Allocator, template <class, class, class> class _Layout>
681:__split_buffer<_Tp, _Allocator, _Layout>::__construct_at_end_with_size(_ForwardIterator __first, size_type __n) {
688:template <class _Tp, class _Allocator, template <class, class, class> class _Layout>
690:__split_buffer<_Tp, _Allocator, _Layout>::__destruct_at_begin(pointer __new_begin, false_type) {
698:template <class _Tp, class _Allocator, template <class, class, class> class _Layout>
700:__split_buffer<_Tp, _Allocator, _Layout>::__destruct_at_begin(pointer __new_begin, true_type) {
704:template <class _Tp, class _Allocator, template <class, class, class> class _Layout>
706:__split_buffer<_Tp, _Allocator, _Layout>::__destruct_at_end(pointer __new_last, false_type) _NOEXCEPT {
714:template <class _Tp, class _Allocator, template <class, class, class> class _Layout>
716:__split_buffer<_Tp, _Allocator, _Layout>::__split_buffer(size_type __cap, size_type __start, allocator_type& __a)
730:template <class _Tp, class _Allocator, template <class, class, class> class _Layout>
731:_LIBCPP_CONSTEXPR_SINCE_CXX20 __split_buffer<_Tp, _Allocator, _Layout>::~__split_buffer() {
737:template <class _Tp, class _Allocator, template <class, class, class> class _Layout>
738:_LIBCPP_CONSTEXPR_SINCE_CXX20 __split_buffer<_Tp, _Allocator, _Layout>::__split_buffer(__split_buffer&& __c)
744:template <class _Tp, class _Allocator, template <class, class, class> class _Layout>
746:__split_buffer<_Tp, _Allocator, _Layout>::__split_buffer(__split_buffer&& __c, const allocator_type& __a)
763:template <class _Tp, class _Allocator, template <class, class, class> class _Layout>
764:_LIBCPP_CONSTEXPR_SINCE_CXX20 __split_buffer<_Tp, _Allocator, _Layout>&
765:__split_buffer<_Tp, _Allocator, _Layout>::operator=(__split_buffer&& __c)
777:template <class _Tp, class _Allocator, template <class, class, class> class _Layout>
778:_LIBCPP_CONSTEXPR_SINCE_CXX20 void __split_buffer<_Tp, _Allocator, _Layout>::swap(__split_buffer& __x)
783:template <class _Tp, class _Allocator, template <class, class, class> class _Layout>
784:_LIBCPP_CONSTEXPR_SINCE_CXX20 void __split_buffer<_Tp, _Allocator, _Layout>::shrink_to_fit() _NOEXCEPT {
789:      __split_buffer<value_type, allocator_type, _Layout> __t(size(), 0, __get_allocator());
802:template <class _Tp, class _Allocator, template <class, class, class> class _Layout>
804:_LIBCPP_CONSTEXPR_SINCE_CXX20 void __split_buffer<_Tp, _Allocator, _Layout>::emplace_front(_Args&&... __args) {
816:      __split_buffer<value_type, allocator_type, _Layout> __t(__c, (__c + 3) / 4, __get_allocator());
826:template <class _Tp, class _Allocator, template <class, class, class> class _Layout>
828:_LIBCPP_CONSTEXPR_SINCE_CXX20 void __split_buffer<_Tp, _Allocator, _Layout>::emplace_back(_Args&&... __args) {
838:      __split_buffer<value_type, allocator_type, _Layout> __t(__c, __c / 4, __get_allocator());
848:template <class _Tp, class _Allocator, template <class, class, class> class _Layout>
850:swap(__split_buffer<_Tp, _Allocator, _Layout>& __x, __split_buffer<_Tp, _Allocator, _Layout>& __y)
317:// 2. When the "bounded unique_ptr" ABI configuration (controlled by `_LIBCPP_ABI_BOUNDED_UNIQUE_PTR`)
420:#ifdef _LIBCPP_ABI_BOUNDED_UNIQUE_PTR
425:  _LIBCPP_NO_UNIQUE_ADDRESS _BoundsChecker __checker_;
491:        __checker_(__size) {}
534:        __checker_(std::move(__u.__checker_)) {}
539:    __checker_ = std::move(__u.__checker_);
550:        __checker_(std::move(__u.__checker_)) {}
559:    __checker_ = std::move(__u.__checker_);
577:    _LIBCPP_ASSERT_VALID_ELEMENT_ACCESS(__checker_.__in_bounds<deleter_type>(std::__to_address(__ptr_), __i),
604:    __checker_    = _BoundsChecker();
612:    __checker_    = _BoundsChecker();
621:    swap(__checker_, __u.__checker_);
   418	//      __sentinel_type __raw_capacity() const;
   419	//
   420	//      void __set_data(pointer);
   421	//      void __set_valid_range(pointer __begin, pointer __end);
   422	//      void __set_valid_range(pointer __begin, size_type __size);
   423	//      void __set_sentinel(pointer __end);
   424	//      void __set_sentinel(size_type __size);
   425	//
   426	//      void __set_capacity(size_type __capacity);
   427	//      void __set_capacity(pointer __capacity);
   428	//
   429	//      size_type __front_spare() const;
   430	//      size_type __back_spare() const;
   431	//
   432	//      reference back();
   433	//      const_reference back() const;
   434	//
   435	//      template<class _OtherLayout>
   436	//      void __swap_without_allocator(_OtherLayout&);
   437	//      void swap(__layout&);
   438	//
   439	//      void __reset();
   440	//      void __copy_without_alloc(__layout const&);
