PWD=/home/toolchain/development/libc++_replacement
COMMAND= progress/R37/tools/run_board_readonly.sh 192.168.108.26:26101 progress/R38/tools/board_runtime_baseline_readonly.sh
LOCAL_SCRIPT=progress/R38/tools/board_runtime_baseline_readonly.sh
f1d7f00666dd69722315a5df8eae8616613a97fe828109188ddf9f68ed7502ce  progress/R38/tools/board_runtime_baseline_readonly.sh
REMOTE_COMMAND=printf\ \'%s\'\ \'H4sIAAAAAAAAA8VUTW+bQBC98yumblqSWhjFUXOJXAnDKkGysQV2mkMlhGGxUfDispDIqvvfO3wEDDaRqh66B3bmzSzzFr3Hxw/yKmAy3wicJtCngkDdTQTjmWJqtrk0FvqU2GPFIhPdwIDc60bRMdHH96pqq4qh6ZqyIFZZ9APmgRwGK5BTHhcBPm6GVY6hxJwtBRGTtevafMCjwbUIUrLfUfBBit5tCGH47fN1FwtiaIJQnBsJfhSD6zAv8JyEQsByKnLjrRWtNpwz7ehtF+7AiwTAFfiQUJ6ARKF3UU3u3UGyoSzvyFZJr26oKquYOs955geCFzFaXLNX3nOuLB5GF8XxnlANYzisBI8mhRyksK7kGN84w6+3PN228Hi3BemnX6PFN65LIGVl0VCmZPTpV7b9/sHIfKY+YJrvmD8S09JnBiJlhJhJJgTlg1gZIaaY+bFsw8yaLU2VmPMpQlWMuIhsLt+IFePLyWKDp+zRF5mlYXh1zJo6Hg2zc96eSXy/xY/xvXU9OMA6pjuQCIiX9pK9onQPxWY/mtbBttcstdMC8GNU5JXYevkLjXkQMSlgfnQ6AM0gVDq1Fpr69PTPhuGJ5/b7qLovHYY5bWgZ5pRI5plOq1TvG9w2vNLAK0+c6z6p/KVdKguUzAsX1O21r0rFnykdC/9MudZ/XazFlK2d4z47azp6R5KNo7UqW0P+k5NK/q1bdfxvOn7/mU7+ADY8/7wxBgAA\'\ \|\ base64\ -d\ \|\ gzip\ -dc\ \|\ sh
BOARD_RUNTIME_BASELINE_BEGIN
LIBGCC_CANDIDATES_BEGIN
/usr/lib/libgcc_s.so.1
find: `/usr/lib/modules/lost+found': Permission denied
find: `/lib32': No such file or directory
find: `/usr/lib32': No such file or directory
LIBGCC_CANDIDATES_END
LIBGCC_PATH=/lib/libgcc_s.so.1
-rw-r--r-- 1 root root 106212 Jul 22 19:59 /lib/libgcc_s.so.1
0eba387a1e9bbed6ecc903e426a84ed3aa4b7f848f547d19b08d151072c19335  /lib/libgcc_s.so.1
libgcc-14.2.0-1.14.armv7l
NAME=libgcc
EPOCH=(none)
VERSION=14.2.0
RELEASE=1.14
ARCH=armv7l
SOURCERPM=gcc-14.2.0-1.14.src.rpm
sh: line 23: readelf: command not found
LIBSTDCXX_CANDIDATES_BEGIN
/usr/lib/libstdc++.so.6.0.33
/usr/lib/libstdc++.so.6
find: `/usr/lib/modules/lost+found': Permission denied
find: `/lib32': No such file or directory
find: `/usr/lib32': No such file or directory
LIBSTDCXX_CANDIDATES_END
LIBSTDCXX_PATH=/lib/libstdc++.so.6
lrwxrwxrwx 1 root root 19 Jul 22 19:59 /lib/libstdc++.so.6 -> libstdc++.so.6.0.33
0f259ca14a701c7fd1122c74b16aa5a224e6e3446855a3649700739959e4d26c  /lib/libstdc++.so.6
libstdc++-14.2.0-1.14.armv7l
NAME=libstdc++
EPOCH=(none)
VERSION=14.2.0
RELEASE=1.14
ARCH=armv7l
SOURCERPM=gcc-14.2.0-1.14.src.rpm
BOARD_RUNTIME_BASELINE_END
SDB_SHELL_RC=0
EXIT_CODE=0
