PWD=/home/toolchain/development/libc++_replacement
COMMAND= progress/R38/tools/build_with_monitor.sh /home/toolchain/development/libc++_replacement/tmp/R38/build-unpatched-armv7l cxx_static
CMAKE_BUILD_PARALLEL_LEVEL=2
LLVM_PARALLEL_LINK_JOBS=1
BUILD_COMMAND=env CMAKE_BUILD_PARALLEL_LEVEL=2 LLVM_PARALLEL_LINK_JOBS=1 nice -n 15 ionice -c 3 cmake --build /home/toolchain/development/libc++_replacement/tmp/R38/build-unpatched-armv7l --target cxx_static -- -j2
BUILD_START_UTC=2026-08-14T10:37:55Z
START_SAMPLE_FREE_COMMAND=free -h
               total        used        free      shared  buff/cache   available
Mem:            30Gi        12Gi       3.0Gi       654Mi        16Gi        18Gi
Swap:          4.0Gi       4.0Gi       164Ki
START_SAMPLE_UPTIME_COMMAND=uptime
 18:37:55 up 3 days,  2:15,  1 user,  load average: 4.94, 3.34, 1.90
BUILD_PID=1593385
[1/74] Building CXX object libcxxabi/src/CMakeFiles/cxxabi_static_objects.dir/cxa_aux_runtime.cpp.o
clang++: warning: argument unused during compilation: '--ld-path=/home/toolchain/development/libc++_replacement/progress/R36/tools/armv7l-ld' [-Wunused-command-line-argument]
clang++: warning: argument unused during compilation: '--rtlib=libgcc' [-Wunused-command-line-argument]
[2/74] Building CXX object libcxxabi/src/CMakeFiles/cxxabi_static_objects.dir/cxa_default_handlers.cpp.o
clang++: warning: argument unused during compilation: '--ld-path=/home/toolchain/development/libc++_replacement/progress/R36/tools/armv7l-ld' [-Wunused-command-line-argument]
clang++: warning: argument unused during compilation: '--rtlib=libgcc' [-Wunused-command-line-argument]
[3/74] Building CXX object libcxxabi/src/CMakeFiles/cxxabi_static_objects.dir/cxa_exception_storage.cpp.o
clang++: warning: argument unused during compilation: '--ld-path=/home/toolchain/development/libc++_replacement/progress/R36/tools/armv7l-ld' [-Wunused-command-line-argument]
clang++: warning: argument unused during compilation: '--rtlib=libgcc' [-Wunused-command-line-argument]
[4/74] Building CXX object libcxxabi/src/CMakeFiles/cxxabi_static_objects.dir/cxa_guard.cpp.o
clang++: warning: argument unused during compilation: '--ld-path=/home/toolchain/development/libc++_replacement/progress/R36/tools/armv7l-ld' [-Wunused-command-line-argument]
clang++: warning: argument unused during compilation: '--rtlib=libgcc' [-Wunused-command-line-argument]
[5/74] Building CXX object libcxxabi/src/CMakeFiles/cxxabi_static_objects.dir/cxa_handlers.cpp.o
clang++: warning: argument unused during compilation: '--ld-path=/home/toolchain/development/libc++_replacement/progress/R36/tools/armv7l-ld' [-Wunused-command-line-argument]
clang++: warning: argument unused during compilation: '--rtlib=libgcc' [-Wunused-command-line-argument]
[6/74] Building CXX object libcxxabi/src/CMakeFiles/cxxabi_static_objects.dir/cxa_vector.cpp.o
clang++: warning: argument unused during compilation: '--ld-path=/home/toolchain/development/libc++_replacement/progress/R36/tools/armv7l-ld' [-Wunused-command-line-argument]
clang++: warning: argument unused during compilation: '--rtlib=libgcc' [-Wunused-command-line-argument]
[7/74] Building CXX object libcxxabi/src/CMakeFiles/cxxabi_static_objects.dir/cxa_virtual.cpp.o
clang++: warning: argument unused during compilation: '--ld-path=/home/toolchain/development/libc++_replacement/progress/R36/tools/armv7l-ld' [-Wunused-command-line-argument]
clang++: warning: argument unused during compilation: '--rtlib=libgcc' [-Wunused-command-line-argument]
[8/74] Building CXX object libcxxabi/src/CMakeFiles/cxxabi_static_objects.dir/stdlib_exception.cpp.o
clang++: warning: argument unused during compilation: '--ld-path=/home/toolchain/development/libc++_replacement/progress/R36/tools/armv7l-ld' [-Wunused-command-line-argument]
clang++: warning: argument unused during compilation: '--rtlib=libgcc' [-Wunused-command-line-argument]
[9/74] Building CXX object libcxxabi/src/CMakeFiles/cxxabi_static_objects.dir/stdlib_stdexcept.cpp.o
clang++: warning: argument unused during compilation: '--ld-path=/home/toolchain/development/libc++_replacement/progress/R36/tools/armv7l-ld' [-Wunused-command-line-argument]
clang++: warning: argument unused during compilation: '--rtlib=libgcc' [-Wunused-command-line-argument]
[10/74] Building CXX object libcxxabi/src/CMakeFiles/cxxabi_static_objects.dir/stdlib_typeinfo.cpp.o
clang++: warning: argument unused during compilation: '--ld-path=/home/toolchain/development/libc++_replacement/progress/R36/tools/armv7l-ld' [-Wunused-command-line-argument]
clang++: warning: argument unused during compilation: '--rtlib=libgcc' [-Wunused-command-line-argument]
[11/74] Building CXX object libcxxabi/src/CMakeFiles/cxxabi_static_objects.dir/abort_message.cpp.o
clang++: warning: argument unused during compilation: '--ld-path=/home/toolchain/development/libc++_replacement/progress/R36/tools/armv7l-ld' [-Wunused-command-line-argument]
clang++: warning: argument unused during compilation: '--rtlib=libgcc' [-Wunused-command-line-argument]
[12/74] Building CXX object libcxxabi/src/CMakeFiles/cxxabi_static_objects.dir/fallback_malloc.cpp.o
clang++: warning: argument unused during compilation: '--ld-path=/home/toolchain/development/libc++_replacement/progress/R36/tools/armv7l-ld' [-Wunused-command-line-argument]
clang++: warning: argument unused during compilation: '--rtlib=libgcc' [-Wunused-command-line-argument]
[13/74] Building CXX object libcxxabi/src/CMakeFiles/cxxabi_static_objects.dir/private_typeinfo.cpp.o
clang++: warning: argument unused during compilation: '--ld-path=/home/toolchain/development/libc++_replacement/progress/R36/tools/armv7l-ld' [-Wunused-command-line-argument]
clang++: warning: argument unused during compilation: '--rtlib=libgcc' [-Wunused-command-line-argument]
[14/74] Building CXX object libcxxabi/src/CMakeFiles/cxxabi_static_objects.dir/stdlib_new_delete.cpp.o
clang++: warning: argument unused during compilation: '--ld-path=/home/toolchain/development/libc++_replacement/progress/R36/tools/armv7l-ld' [-Wunused-command-line-argument]
clang++: warning: argument unused during compilation: '--rtlib=libgcc' [-Wunused-command-line-argument]
[15/74] Building CXX object libcxxabi/src/CMakeFiles/cxxabi_static_objects.dir/cxa_exception.cpp.o
clang++: warning: argument unused during compilation: '--ld-path=/home/toolchain/development/libc++_replacement/progress/R36/tools/armv7l-ld' [-Wunused-command-line-argument]
clang++: warning: argument unused during compilation: '--rtlib=libgcc' [-Wunused-command-line-argument]
[16/74] Building CXX object libcxxabi/src/CMakeFiles/cxxabi_static_objects.dir/cxa_personality.cpp.o
clang++: warning: argument unused during compilation: '--ld-path=/home/toolchain/development/libc++_replacement/progress/R36/tools/armv7l-ld' [-Wunused-command-line-argument]
clang++: warning: argument unused during compilation: '--rtlib=libgcc' [-Wunused-command-line-argument]
[17/74] Building CXX object libcxxabi/src/CMakeFiles/cxxabi_static_objects.dir/cxa_thread_atexit.cpp.o
clang++: warning: argument unused during compilation: '--ld-path=/home/toolchain/development/libc++_replacement/progress/R36/tools/armv7l-ld' [-Wunused-command-line-argument]
clang++: warning: argument unused during compilation: '--rtlib=libgcc' [-Wunused-command-line-argument]
[18/74] Building CXX object libcxxabi/src/CMakeFiles/cxxabi_static_objects.dir/cxa_demangle.cpp.o
clang++: warning: argument unused during compilation: '--ld-path=/home/toolchain/development/libc++_replacement/progress/R36/tools/armv7l-ld' [-Wunused-command-line-argument]
clang++: warning: argument unused during compilation: '--rtlib=libgcc' [-Wunused-command-line-argument]
[19/74] Linking CXX static library lib/libc++abi.a
[20/74] Building CXX object libcxx/src/CMakeFiles/cxx_static.dir/any.cpp.o
clang++: warning: argument unused during compilation: '--ld-path=/home/toolchain/development/libc++_replacement/progress/R36/tools/armv7l-ld' [-Wunused-command-line-argument]
clang++: warning: argument unused during compilation: '--rtlib=libgcc' [-Wunused-command-line-argument]
[21/74] Building CXX object libcxx/src/CMakeFiles/cxx_static.dir/bind.cpp.o
clang++: warning: argument unused during compilation: '--ld-path=/home/toolchain/development/libc++_replacement/progress/R36/tools/armv7l-ld' [-Wunused-command-line-argument]
clang++: warning: argument unused during compilation: '--rtlib=libgcc' [-Wunused-command-line-argument]
[22/74] Building CXX object libcxx/src/CMakeFiles/cxx_static.dir/call_once.cpp.o
clang++: warning: argument unused during compilation: '--ld-path=/home/toolchain/development/libc++_replacement/progress/R36/tools/armv7l-ld' [-Wunused-command-line-argument]
clang++: warning: argument unused during compilation: '--rtlib=libgcc' [-Wunused-command-line-argument]
[23/74] Building CXX object libcxx/src/CMakeFiles/cxx_static.dir/algorithm.cpp.o
clang++: warning: argument unused during compilation: '--ld-path=/home/toolchain/development/libc++_replacement/progress/R36/tools/armv7l-ld' [-Wunused-command-line-argument]
clang++: warning: argument unused during compilation: '--rtlib=libgcc' [-Wunused-command-line-argument]
[24/74] Building CXX object libcxx/src/CMakeFiles/cxx_static.dir/charconv.cpp.o
clang++: warning: argument unused during compilation: '--ld-path=/home/toolchain/development/libc++_replacement/progress/R36/tools/armv7l-ld' [-Wunused-command-line-argument]
clang++: warning: argument unused during compilation: '--rtlib=libgcc' [-Wunused-command-line-argument]
[25/74] Building CXX object libcxx/src/CMakeFiles/cxx_static.dir/error_category.cpp.o
clang++: warning: argument unused during compilation: '--ld-path=/home/toolchain/development/libc++_replacement/progress/R36/tools/armv7l-ld' [-Wunused-command-line-argument]
clang++: warning: argument unused during compilation: '--rtlib=libgcc' [-Wunused-command-line-argument]
[26/74] Building CXX object libcxx/src/CMakeFiles/cxx_static.dir/exception.cpp.o
clang++: warning: argument unused during compilation: '--ld-path=/home/toolchain/development/libc++_replacement/progress/R36/tools/armv7l-ld' [-Wunused-command-line-argument]
clang++: warning: argument unused during compilation: '--rtlib=libgcc' [-Wunused-command-line-argument]
[27/74] Building CXX object libcxx/src/CMakeFiles/cxx_static.dir/expected.cpp.o
clang++: warning: argument unused during compilation: '--ld-path=/home/toolchain/development/libc++_replacement/progress/R36/tools/armv7l-ld' [-Wunused-command-line-argument]
clang++: warning: argument unused during compilation: '--rtlib=libgcc' [-Wunused-command-line-argument]
[28/74] Building CXX object libcxx/src/CMakeFiles/cxx_static.dir/chrono.cpp.o
clang++: warning: argument unused during compilation: '--ld-path=/home/toolchain/development/libc++_replacement/progress/R36/tools/armv7l-ld' [-Wunused-command-line-argument]
clang++: warning: argument unused during compilation: '--rtlib=libgcc' [-Wunused-command-line-argument]
[29/74] Building CXX object libcxx/src/CMakeFiles/cxx_static.dir/filesystem/filesystem_error.cpp.o
clang++: warning: argument unused during compilation: '--ld-path=/home/toolchain/development/libc++_replacement/progress/R36/tools/armv7l-ld' [-Wunused-command-line-argument]
clang++: warning: argument unused during compilation: '--rtlib=libgcc' [-Wunused-command-line-argument]
[30/74] Building CXX object libcxx/src/CMakeFiles/cxx_static.dir/filesystem/filesystem_clock.cpp.o
clang++: warning: argument unused during compilation: '--ld-path=/home/toolchain/development/libc++_replacement/progress/R36/tools/armv7l-ld' [-Wunused-command-line-argument]
clang++: warning: argument unused during compilation: '--rtlib=libgcc' [-Wunused-command-line-argument]
[31/74] Building CXX object libcxx/src/CMakeFiles/cxx_static.dir/functional.cpp.o
clang++: warning: argument unused during compilation: '--ld-path=/home/toolchain/development/libc++_replacement/progress/R36/tools/armv7l-ld' [-Wunused-command-line-argument]
clang++: warning: argument unused during compilation: '--rtlib=libgcc' [-Wunused-command-line-argument]
[32/74] Building CXX object libcxx/src/CMakeFiles/cxx_static.dir/filesystem/path.cpp.o
clang++: warning: argument unused during compilation: '--ld-path=/home/toolchain/development/libc++_replacement/progress/R36/tools/armv7l-ld' [-Wunused-command-line-argument]
clang++: warning: argument unused during compilation: '--rtlib=libgcc' [-Wunused-command-line-argument]
[33/74] Building CXX object libcxx/src/CMakeFiles/cxx_static.dir/hash.cpp.o
clang++: warning: argument unused during compilation: '--ld-path=/home/toolchain/development/libc++_replacement/progress/R36/tools/armv7l-ld' [-Wunused-command-line-argument]
clang++: warning: argument unused during compilation: '--rtlib=libgcc' [-Wunused-command-line-argument]
[34/74] Building CXX object libcxx/src/CMakeFiles/cxx_static.dir/memory_resource.cpp.o
clang++: warning: argument unused during compilation: '--ld-path=/home/toolchain/development/libc++_replacement/progress/R36/tools/armv7l-ld' [-Wunused-command-line-argument]
clang++: warning: argument unused during compilation: '--rtlib=libgcc' [-Wunused-command-line-argument]
[35/74] Building CXX object libcxx/src/CMakeFiles/cxx_static.dir/memory.cpp.o
clang++: warning: argument unused during compilation: '--ld-path=/home/toolchain/development/libc++_replacement/progress/R36/tools/armv7l-ld' [-Wunused-command-line-argument]
clang++: warning: argument unused during compilation: '--rtlib=libgcc' [-Wunused-command-line-argument]
[36/74] Building CXX object libcxx/src/CMakeFiles/cxx_static.dir/new_helpers.cpp.o
clang++: warning: argument unused during compilation: '--ld-path=/home/toolchain/development/libc++_replacement/progress/R36/tools/armv7l-ld' [-Wunused-command-line-argument]
clang++: warning: argument unused during compilation: '--rtlib=libgcc' [-Wunused-command-line-argument]
[37/74] Building CXX object libcxx/src/CMakeFiles/cxx_static.dir/new_handler.cpp.o
clang++: warning: argument unused during compilation: '--ld-path=/home/toolchain/development/libc++_replacement/progress/R36/tools/armv7l-ld' [-Wunused-command-line-argument]
clang++: warning: argument unused during compilation: '--rtlib=libgcc' [-Wunused-command-line-argument]
[38/74] Building CXX object libcxx/src/CMakeFiles/cxx_static.dir/optional.cpp.o
clang++: warning: argument unused during compilation: '--ld-path=/home/toolchain/development/libc++_replacement/progress/R36/tools/armv7l-ld' [-Wunused-command-line-argument]
clang++: warning: argument unused during compilation: '--rtlib=libgcc' [-Wunused-command-line-argument]
[39/74] Building CXX object libcxx/src/CMakeFiles/cxx_static.dir/random_shuffle.cpp.o
clang++: warning: argument unused during compilation: '--ld-path=/home/toolchain/development/libc++_replacement/progress/R36/tools/armv7l-ld' [-Wunused-command-line-argument]
clang++: warning: argument unused during compilation: '--rtlib=libgcc' [-Wunused-command-line-argument]
[40/74] Building CXX object libcxx/src/CMakeFiles/cxx_static.dir/print.cpp.o
clang++: warning: argument unused during compilation: '--ld-path=/home/toolchain/development/libc++_replacement/progress/R36/tools/armv7l-ld' [-Wunused-command-line-argument]
clang++: warning: argument unused during compilation: '--rtlib=libgcc' [-Wunused-command-line-argument]
[41/74] Building CXX object libcxx/src/CMakeFiles/cxx_static.dir/ryu/d2s.cpp.o
clang++: warning: argument unused during compilation: '--ld-path=/home/toolchain/development/libc++_replacement/progress/R36/tools/armv7l-ld' [-Wunused-command-line-argument]
clang++: warning: argument unused during compilation: '--rtlib=libgcc' [-Wunused-command-line-argument]
[42/74] Building CXX object libcxx/src/CMakeFiles/cxx_static.dir/ryu/d2fixed.cpp.o
clang++: warning: argument unused during compilation: '--ld-path=/home/toolchain/development/libc++_replacement/progress/R36/tools/armv7l-ld' [-Wunused-command-line-argument]
clang++: warning: argument unused during compilation: '--rtlib=libgcc' [-Wunused-command-line-argument]
[43/74] Building CXX object libcxx/src/CMakeFiles/cxx_static.dir/ryu/f2s.cpp.o
clang++: warning: argument unused during compilation: '--ld-path=/home/toolchain/development/libc++_replacement/progress/R36/tools/armv7l-ld' [-Wunused-command-line-argument]
clang++: warning: argument unused during compilation: '--rtlib=libgcc' [-Wunused-command-line-argument]
[44/74] Building CXX object libcxx/src/CMakeFiles/cxx_static.dir/stdexcept.cpp.o
clang++: warning: argument unused during compilation: '--ld-path=/home/toolchain/development/libc++_replacement/progress/R36/tools/armv7l-ld' [-Wunused-command-line-argument]
clang++: warning: argument unused during compilation: '--rtlib=libgcc' [-Wunused-command-line-argument]
[45/74] Building CXX object libcxx/src/CMakeFiles/cxx_static.dir/system_error.cpp.o
clang++: warning: argument unused during compilation: '--ld-path=/home/toolchain/development/libc++_replacement/progress/R36/tools/armv7l-ld' [-Wunused-command-line-argument]
clang++: warning: argument unused during compilation: '--rtlib=libgcc' [-Wunused-command-line-argument]
[46/74] Building CXX object libcxx/src/CMakeFiles/cxx_static.dir/typeinfo.cpp.o
clang++: warning: argument unused during compilation: '--ld-path=/home/toolchain/development/libc++_replacement/progress/R36/tools/armv7l-ld' [-Wunused-command-line-argument]
clang++: warning: argument unused during compilation: '--rtlib=libgcc' [-Wunused-command-line-argument]
[47/74] Building CXX object libcxx/src/CMakeFiles/cxx_static.dir/valarray.cpp.o
clang++: warning: argument unused during compilation: '--ld-path=/home/toolchain/development/libc++_replacement/progress/R36/tools/armv7l-ld' [-Wunused-command-line-argument]
clang++: warning: argument unused during compilation: '--rtlib=libgcc' [-Wunused-command-line-argument]
[48/74] Building CXX object libcxx/src/CMakeFiles/cxx_static.dir/variant.cpp.o
clang++: warning: argument unused during compilation: '--ld-path=/home/toolchain/development/libc++_replacement/progress/R36/tools/armv7l-ld' [-Wunused-command-line-argument]
clang++: warning: argument unused during compilation: '--rtlib=libgcc' [-Wunused-command-line-argument]
[49/74] Building CXX object libcxx/src/CMakeFiles/cxx_static.dir/string.cpp.o
clang++: warning: argument unused during compilation: '--ld-path=/home/toolchain/development/libc++_replacement/progress/R36/tools/armv7l-ld' [-Wunused-command-line-argument]
clang++: warning: argument unused during compilation: '--rtlib=libgcc' [-Wunused-command-line-argument]
[50/74] Building CXX object libcxx/src/CMakeFiles/cxx_static.dir/verbose_abort.cpp.o
clang++: warning: argument unused during compilation: '--ld-path=/home/toolchain/development/libc++_replacement/progress/R36/tools/armv7l-ld' [-Wunused-command-line-argument]
clang++: warning: argument unused during compilation: '--rtlib=libgcc' [-Wunused-command-line-argument]
[51/74] Building CXX object libcxx/src/CMakeFiles/cxx_static.dir/vector.cpp.o
clang++: warning: argument unused during compilation: '--ld-path=/home/toolchain/development/libc++_replacement/progress/R36/tools/armv7l-ld' [-Wunused-command-line-argument]
clang++: warning: argument unused during compilation: '--rtlib=libgcc' [-Wunused-command-line-argument]
[52/74] Building CXX object libcxx/src/CMakeFiles/cxx_static.dir/atomic.cpp.o
clang++: warning: argument unused during compilation: '--ld-path=/home/toolchain/development/libc++_replacement/progress/R36/tools/armv7l-ld' [-Wunused-command-line-argument]
clang++: warning: argument unused during compilation: '--rtlib=libgcc' [-Wunused-command-line-argument]
[53/74] Building CXX object libcxx/src/CMakeFiles/cxx_static.dir/condition_variable_destructor.cpp.o
clang++: warning: argument unused during compilation: '--ld-path=/home/toolchain/development/libc++_replacement/progress/R36/tools/armv7l-ld' [-Wunused-command-line-argument]
clang++: warning: argument unused during compilation: '--rtlib=libgcc' [-Wunused-command-line-argument]
[54/74] Building CXX object libcxx/src/CMakeFiles/cxx_static.dir/barrier.cpp.o
clang++: warning: argument unused during compilation: '--ld-path=/home/toolchain/development/libc++_replacement/progress/R36/tools/armv7l-ld' [-Wunused-command-line-argument]
clang++: warning: argument unused during compilation: '--rtlib=libgcc' [-Wunused-command-line-argument]
[55/74] Building CXX object libcxx/src/CMakeFiles/cxx_static.dir/condition_variable.cpp.o
clang++: warning: argument unused during compilation: '--ld-path=/home/toolchain/development/libc++_replacement/progress/R36/tools/armv7l-ld' [-Wunused-command-line-argument]
clang++: warning: argument unused during compilation: '--rtlib=libgcc' [-Wunused-command-line-argument]
[56/74] Building CXX object libcxx/src/CMakeFiles/cxx_static.dir/future.cpp.o
clang++: warning: argument unused during compilation: '--ld-path=/home/toolchain/development/libc++_replacement/progress/R36/tools/armv7l-ld' [-Wunused-command-line-argument]
clang++: warning: argument unused during compilation: '--rtlib=libgcc' [-Wunused-command-line-argument]
[57/74] Building CXX object libcxx/src/CMakeFiles/cxx_static.dir/mutex_destructor.cpp.o
clang++: warning: argument unused during compilation: '--ld-path=/home/toolchain/development/libc++_replacement/progress/R36/tools/armv7l-ld' [-Wunused-command-line-argument]
clang++: warning: argument unused during compilation: '--rtlib=libgcc' [-Wunused-command-line-argument]
[58/74] Building CXX object libcxx/src/CMakeFiles/cxx_static.dir/mutex.cpp.o
clang++: warning: argument unused during compilation: '--ld-path=/home/toolchain/development/libc++_replacement/progress/R36/tools/armv7l-ld' [-Wunused-command-line-argument]
clang++: warning: argument unused during compilation: '--rtlib=libgcc' [-Wunused-command-line-argument]
[59/74] Building CXX object libcxx/src/CMakeFiles/cxx_static.dir/shared_mutex.cpp.o
clang++: warning: argument unused during compilation: '--ld-path=/home/toolchain/development/libc++_replacement/progress/R36/tools/armv7l-ld' [-Wunused-command-line-argument]
clang++: warning: argument unused during compilation: '--rtlib=libgcc' [-Wunused-command-line-argument]
[60/74] Building CXX object libcxx/src/CMakeFiles/cxx_static.dir/random.cpp.o
clang++: warning: argument unused during compilation: '--ld-path=/home/toolchain/development/libc++_replacement/progress/R36/tools/armv7l-ld' [-Wunused-command-line-argument]
clang++: warning: argument unused during compilation: '--rtlib=libgcc' [-Wunused-command-line-argument]
[61/74] Building CXX object libcxx/src/CMakeFiles/cxx_static.dir/thread.cpp.o
clang++: warning: argument unused during compilation: '--ld-path=/home/toolchain/development/libc++_replacement/progress/R36/tools/armv7l-ld' [-Wunused-command-line-argument]
clang++: warning: argument unused during compilation: '--rtlib=libgcc' [-Wunused-command-line-argument]
[62/74] Building CXX object libcxx/src/CMakeFiles/cxx_static.dir/fstream.cpp.o
clang++: warning: argument unused during compilation: '--ld-path=/home/toolchain/development/libc++_replacement/progress/R36/tools/armv7l-ld' [-Wunused-command-line-argument]
clang++: warning: argument unused during compilation: '--rtlib=libgcc' [-Wunused-command-line-argument]
[63/74] Building CXX object libcxx/src/CMakeFiles/cxx_static.dir/ios.cpp.o
clang++: warning: argument unused during compilation: '--ld-path=/home/toolchain/development/libc++_replacement/progress/R36/tools/armv7l-ld' [-Wunused-command-line-argument]
clang++: warning: argument unused during compilation: '--rtlib=libgcc' [-Wunused-command-line-argument]
[64/74] Building CXX object libcxx/src/CMakeFiles/cxx_static.dir/iostream.cpp.o
clang++: warning: argument unused during compilation: '--ld-path=/home/toolchain/development/libc++_replacement/progress/R36/tools/armv7l-ld' [-Wunused-command-line-argument]
clang++: warning: argument unused during compilation: '--rtlib=libgcc' [-Wunused-command-line-argument]
[65/74] Building CXX object libcxx/src/CMakeFiles/cxx_static.dir/ios.instantiations.cpp.o
clang++: warning: argument unused during compilation: '--ld-path=/home/toolchain/development/libc++_replacement/progress/R36/tools/armv7l-ld' [-Wunused-command-line-argument]
clang++: warning: argument unused during compilation: '--rtlib=libgcc' [-Wunused-command-line-argument]
[66/74] Building CXX object libcxx/src/CMakeFiles/cxx_static.dir/ostream.cpp.o
clang++: warning: argument unused during compilation: '--ld-path=/home/toolchain/development/libc++_replacement/progress/R36/tools/armv7l-ld' [-Wunused-command-line-argument]
clang++: warning: argument unused during compilation: '--rtlib=libgcc' [-Wunused-command-line-argument]
[67/74] Building CXX object libcxx/src/CMakeFiles/cxx_static.dir/regex.cpp.o
clang++: warning: argument unused during compilation: '--ld-path=/home/toolchain/development/libc++_replacement/progress/R36/tools/armv7l-ld' [-Wunused-command-line-argument]
clang++: warning: argument unused during compilation: '--rtlib=libgcc' [-Wunused-command-line-argument]
[68/74] Building CXX object libcxx/src/CMakeFiles/cxx_static.dir/strstream.cpp.o
clang++: warning: argument unused during compilation: '--ld-path=/home/toolchain/development/libc++_replacement/progress/R36/tools/armv7l-ld' [-Wunused-command-line-argument]
clang++: warning: argument unused during compilation: '--rtlib=libgcc' [-Wunused-command-line-argument]
[69/74] Building CXX object libcxx/src/CMakeFiles/cxx_static.dir/filesystem/directory_entry.cpp.o
clang++: warning: argument unused during compilation: '--ld-path=/home/toolchain/development/libc++_replacement/progress/R36/tools/armv7l-ld' [-Wunused-command-line-argument]
clang++: warning: argument unused during compilation: '--rtlib=libgcc' [-Wunused-command-line-argument]
[70/74] Building CXX object libcxx/src/CMakeFiles/cxx_static.dir/locale.cpp.o
clang++: warning: argument unused during compilation: '--ld-path=/home/toolchain/development/libc++_replacement/progress/R36/tools/armv7l-ld' [-Wunused-command-line-argument]
clang++: warning: argument unused during compilation: '--rtlib=libgcc' [-Wunused-command-line-argument]
[71/74] Building CXX object libcxx/src/CMakeFiles/cxx_static.dir/filesystem/directory_iterator.cpp.o
clang++: warning: argument unused during compilation: '--ld-path=/home/toolchain/development/libc++_replacement/progress/R36/tools/armv7l-ld' [-Wunused-command-line-argument]
clang++: warning: argument unused during compilation: '--rtlib=libgcc' [-Wunused-command-line-argument]
[72/74] Building CXX object libcxx/src/CMakeFiles/cxx_static.dir/filesystem/int128_builtins.cpp.o
clang++: warning: argument unused during compilation: '--ld-path=/home/toolchain/development/libc++_replacement/progress/R36/tools/armv7l-ld' [-Wunused-command-line-argument]
clang++: warning: argument unused during compilation: '--rtlib=libgcc' [-Wunused-command-line-argument]
[73/74] Building CXX object libcxx/src/CMakeFiles/cxx_static.dir/filesystem/operations.cpp.o
clang++: warning: argument unused during compilation: '--ld-path=/home/toolchain/development/libc++_replacement/progress/R36/tools/armv7l-ld' [-Wunused-command-line-argument]
clang++: warning: argument unused during compilation: '--rtlib=libgcc' [-Wunused-command-line-argument]
[74/74] Linking CXX static library lib/libc++.a
BUILD_EXIT_CODE=0
BUILD_END_UTC=2026-08-14T10:41:55Z
END_SAMPLE_FREE_COMMAND=free -h
               total        used        free      shared  buff/cache   available
Mem:            30Gi        12Gi       5.5Gi       649Mi        14Gi        18Gi
Swap:          4.0Gi       4.0Gi       196Ki
END_SAMPLE_UPTIME_COMMAND=uptime
 18:41:55 up 3 days,  2:19,  1 user,  load average: 2.98, 3.73, 2.44
EXIT_CODE=0
