PWD=/home/toolchain/development/libc++_replacement
COMMAND= progress/R38/tools/resource_gate.sh /home/toolchain/development/libc++_replacement/tmp/R38 R38_BEFORE_PREPROCESS_DIAGNOSTIC
RESOURCE_GATE_LABEL=R38_BEFORE_PREPROCESS_DIAGNOSTIC
COMMAND=nproc
20
COMMAND=free -h
               total        used        free      shared  buff/cache   available
Mem:            30Gi        12Gi       5.5Gi       659Mi        14Gi        18Gi
Swap:          4.0Gi       4.0Gi       260Ki
COMMAND=uptime
 18:44:26 up 3 days,  2:22,  1 user,  load average: 1.25, 2.69, 2.24
COMMAND=df -h /home/toolchain/development/libc++_replacement/tmp/R38
Filesystem      Size  Used Avail Use% Mounted on
/dev/sda1       1.8T  1.3T  470G  74% /home
CPU_COUNT=20
MEM_AVAILABLE_KIB=19630400
MEM_MINIMUM_KIB=8388608
LOAD_ONE=1.25
LOAD_LIMIT=10.000
RESOURCE_GATE_RESULT=PASS
EXIT_CODE=0
