r22_tables_begin
24	docs/progress/R22/EXCLUDED.tsv
8857	docs/progress/R22/MANIFEST.sha256
2838	docs/progress/R22/R22_board_path_report.md
4758	docs/progress/R22/R22_migration_report.md
883	docs/progress/R22/R22_patch_directory_report.md
2688	docs/progress/R22/SPLIT_REGISTRY.tsv
1582	docs/progress/R22/board/board_path_ranked.tsv
556	docs/progress/R22/board/exec_probe_armv7l
132	docs/progress/R22/board/exec_probe_armv7l.S
308	docs/progress/R22/board/exec_probe_armv7l.o
9905	docs/progress/R22/board/path_probe_commands.tsv
10405	docs/progress/R22/board/path_probe_commands_v2.tsv
507	docs/progress/R22/board/path_probe_results.tsv
658	docs/progress/R22/board/path_probe_results_v2.tsv
930	docs/progress/R22/board/security_policy_facts.tsv
1262	docs/progress/R22/commands/001_inventory.log
152	docs/progress/R22/commands/002_freeze_inputs.log
157	docs/progress/R22/commands/003_classify_abi_edges.log
774	docs/progress/R22/commands/004_rephase_migration.log
156	docs/progress/R22/commands/004b_rephase_migration.log
2320	docs/progress/R22/commands/005_rephase_checks.log
403	docs/progress/R22/commands/006_probe_toolchain_inventory.log
14469	docs/progress/R22/commands/007_probe_compiler_search.log
7124	docs/progress/R22/commands/008_buildroot_compiler_paths.log
893	docs/progress/R22/commands/009_qemu_compiler_capability.log
1351	docs/progress/R22/commands/010_compile_exec_probe.log
2816	docs/progress/R22/commands/011_compile_exec_probe_direct_llvm.log
5405	docs/progress/R22/commands/012_board_connect_identity.log
571	docs/progress/R22/commands/013_board_path_probes.log
766	docs/progress/R22/commands/014_cleanup_sdb_created_candidate.log
617	docs/progress/R22/commands/015_board_path_probes_v2.log
5949	docs/progress/R22/commands/016_board_security_mount_space.log
1476	docs/progress/R22/commands/017_board_candidate_resolution.log
81136	docs/progress/R22/commands/018_patch_evidence_search.log
1545417	docs/progress/R22/commands/019_compile_error_search.log
100126	docs/progress/R22/commands/020_external_error_search.log
38403	docs/progress/R22/commands/021_defect_evidence_extract.log
1073	docs/progress/R22/commands/022_propagation_counts_repos.log
7058	docs/progress/R22/commands/023_snapshot_source_evidence.log
152	docs/progress/R22/commands/024_refreeze_inputs.log
240	docs/progress/R22/commands/025_generate_reports_patch_docs.log
192	docs/progress/R22/commands/026_curate_outputs.log
2980	docs/progress/R22/inputs/input_identity.tsv
1122	docs/progress/R22/inputs/selected_inputs.txt
8513	docs/progress/R22/patches/forced_unwind_propagation.tsv
4113	docs/progress/R22/patches/libcynara-commons_error_context.raw.log
471	docs/progress/R22/patches/missing_fields.tsv
3025	docs/progress/R22/patches/security-manager_error_context.raw.log
77	docs/progress/R22/tables/corrected_inverse_edges.tsv
601	docs/progress/R22/tables/corrected_rules.tsv
43	docs/progress/R22/tables/coupling_components.tsv
717	docs/progress/R22/tables/cross_checks.tsv
1118	docs/progress/R22/tables/data_sources.tsv
367	docs/progress/R22/tables/download_time_ranges.tsv
765	docs/progress/R22/tables/edge_attribution_summary.tsv
71147	docs/progress/R22/tables/migration_packages_full.tsv
1434441	docs/progress/R22/tables/reverse_edge_attribution.tsv
33713	docs/progress/R22/tables/scc_topology.tsv
3154	docs/progress/R22/tables/special_cases.tsv
4699871	docs/progress/R22/tables/split/candidate_edge_evidence.part001.tsv
4699214	docs/progress/R22/tables/split/candidate_edge_evidence.part002.tsv
4690070	docs/progress/R22/tables/split/candidate_edge_evidence.part003.tsv
4695861	docs/progress/R22/tables/split/candidate_edge_evidence.part004.tsv
4698200	docs/progress/R22/tables/split/candidate_edge_evidence.part005.tsv
4698694	docs/progress/R22/tables/split/candidate_edge_evidence.part006.tsv
4699733	docs/progress/R22/tables/split/candidate_edge_evidence.part007.tsv
4696002	docs/progress/R22/tables/split/candidate_edge_evidence.part008.tsv
4699129	docs/progress/R22/tables/split/candidate_edge_evidence.part009.tsv
1146881	docs/progress/R22/tables/split/candidate_edge_evidence.part010.tsv
4699344	docs/progress/R22/tables/split/reverse_edge_evidence.part001.tsv
4699838	docs/progress/R22/tables/split/reverse_edge_evidence.part002.tsv
504870	docs/progress/R22/tables/split/reverse_edge_evidence.part003.tsv
4696320	docs/progress/R22/tables/split/source_edge_classification.part001.tsv
591975	docs/progress/R22/tables/split/source_edge_classification.part002.tsv
566	docs/progress/R22/tables/stage_summary.tsv
4436075	docs/progress/R22/tables/symbol_probe_commands.tsv
38111	docs/progress/R22/tables/unknown_121_attribution.tsv
92	docs/progress/R22/tables/unknown_attribution_summary.tsv
24060	docs/progress/R22/tables/vendor_boundary_true_edges.tsv
6878	docs/progress/R22/tools/classify_abi_edges.py
2935	docs/progress/R22/tools/curate_outputs.py
1251	docs/progress/R22/tools/finalize_curated_manifest.py
648	docs/progress/R22/tools/freeze_inputs.py
23928	docs/progress/R22/tools/generate_reports_and_patch_docs.py
4212	docs/progress/R22/tools/probe_board_paths.py
11489	docs/progress/R22/tools/rephase_migration.py
454	docs/progress/R22/tools/run_logged.sh
5101	docs/progress/R22/tools/validate_outputs.py
r22_tables_end
r11_tables_begin
1612	docs/progress/R11/EXCLUDED.tsv
4712	docs/progress/R11/MANIFEST.sha256
14851	docs/progress/R11/R11_report.md
530	docs/progress/R11/README.md
3000	docs/progress/R11/tables/abi_unwind_reference_version_distribution.tsv
1689241	docs/progress/R11/tables/abi_unwind_undefined_symbols.tsv
920	docs/progress/R11/tables/armv7l_special_distribution.tsv
70	docs/progress/R11/tables/binary_download_failures.tsv
424	docs/progress/R11/tables/binary_download_summary.tsv
2252	docs/progress/R11/tables/c_cpp_package_coexistence.tsv
532	docs/progress/R11/tables/c_cpp_same_elf_measurement.tsv
1961	docs/progress/R11/tables/c_cpp_unwind_shape.tsv
1106	docs/progress/R11/tables/counting_units_final.tsv
1761	docs/progress/R11/tables/dlopen_and_plugin_operational.tsv
583	docs/progress/R11/tables/dlopen_scope_measurement_limitations.tsv
3409	docs/progress/R11/tables/dlopen_source_analysis_summary.tsv
876	docs/progress/R11/tables/dwarf_language_distribution.tsv
2513	docs/progress/R11/tables/evidence_classification_registry.tsv
815	docs/progress/R11/tables/failure_registry.tsv
2943	docs/progress/R11/tables/libunwind_dependency_metadata.tsv
537	docs/progress/R11/tables/libunwind_dependency_metadata_summary.tsv
2752	docs/progress/R11/tables/libunwind_same_path_conflicts.tsv
321	docs/progress/R11/tables/link_driver_available_log_measurement.tsv
702	docs/progress/R11/tables/link_driver_measurement_availability.tsv
1006	docs/progress/R11/tables/link_driver_search_scope.tsv
10206	docs/progress/R11/tables/llvm_libunwind_reference_path_presence.tsv
799	docs/progress/R11/tables/package_universe_summary.tsv
1142	docs/progress/R11/tables/platform_libunwind_packages.tsv
39283	docs/progress/R11/tables/plugin_mechanism_packages.tsv
1342	docs/progress/R11/tables/plugin_mechanism_summary.tsv
726	docs/progress/R11/tables/project_c2_vs_platform_unwind.tsv
2311	docs/progress/R11/tables/repodata_inventory.tsv
43	docs/progress/R11/tables/rpm_conflict_test_exit_codes.tsv
1123	docs/progress/R11/tables/snapshot_identity.tsv
123	docs/progress/R11/tables/source_download_failures.tsv
71	docs/progress/R11/tables/source_download_summary.tsv
600	docs/progress/R11/tables/source_spec_text_summary.tsv
3208	docs/progress/R11/tables/special_unwinder_export_summary.tsv
588318	docs/progress/R11/tables/special_unwinder_exports.tsv
4204680	docs/progress/R11/tables/special_unwinder_file_lists.tsv
4606	docs/progress/R11/tables/special_unwinder_packages.tsv
523	docs/progress/R11/tables/state.tsv
10865	docs/progress/R11/tables/unwind_symbol_distribution.tsv
2715341	docs/progress/R11/tables/unwinder_dt_needed_consumers.tsv
1391	docs/progress/R11/tables/unwinder_dt_needed_fanin.tsv
649	docs/progress/R11/tables/unwinder_soname_comparison.tsv
r11_tables_end
key_headers_begin
FILE=docs/progress/R22/tables/migration_packages_full.tsv
source_rpm	package_name	stage	binary_package_count	source_change_requirement	source_change_patterns	build_system_change_requirement	build_change_patterns	in_R13_risk_set	coupling_component	remarks
Open3D-0.17-2.src.rpm	Open3D	PHASE2	2	NO		YES	build-system libstdc++,-lstdc++	YES	SCC0001	provider-first SCC topological depth=0; phase2/3 cutoff=2
abseil-cpp-20250814.1-1.2.src.rpm	abseil-cpp	PHASE2	2	YES	__gnu_cxx,std::__cxx11	NO		YES	SCC0002	provider-first SCC topological depth=0; phase2/3 cutoff=2
alarm-manager-0.14.12-1.src.rpm	alarm-manager	PHASE2	8	NO		NO		YES	SCC0003	provider-first SCC topological depth=1; phase2/3 cutoff=2
alure-1.2-3.src.rpm	alure	PHASE2	2	NO		NO		YES	SCC0004	provider-first SCC topological depth=0; phase2/3 cutoff=2
amd-1.81.6-1.src.rpm	amd	PHASE2	27	NO		NO		YES	SCC0005	provider-first SCC topological depth=0; phase2/3 cutoff=2
angle-2.1-1.src.rpm	angle	PHASE2	1	NO		YES	build-system libstdc++,-lstdc++	YES	SCC0006	provider-first SCC topological depth=0; phase2/3 cutoff=2
app-core-1.27.13-0.src.rpm	app-core	PHASE2	13	NO		NO		YES	SCC0007	provider-first SCC topological depth=0; phase2/3 cutoff=2
app-installers-1.37.2-1.src.rpm	app-installers	PHASE2	3	NO		NO		YES	SCC0008	provider-first SCC topological depth=2; phase2/3 cutoff=2; R13 C++ plugin-host source
app-rootstrap-10.0.0-1.src.rpm	app-rootstrap	PHASE2	2	UNKNOWN	UNKNOWN	UNKNOWN	UNKNOWN	YES	SCC0009	provider-first SCC topological depth=2; phase2/3 cutoff=2; R13 C++ plugin-host source
appcore-agent-1.7.7-1.src.rpm	appcore-agent	PHASE2	7	NO		NO		YES	SCC0010	provider-first SCC topological depth=1; phase2/3 cutoff=2
appcore-watch-1.7.25-1.src.rpm	appcore-watch	PHASE2	6	NO		NO		YES	SCC0011	provider-first SCC topological depth=0; phase2/3 cutoff=2
FILE=docs/progress/R22/tables/data_sources.tsv
measurement	repository	revision_and_repomd_sha256	object_form	download_time
R22 ABI graph and staging	Base+Unified binary and source reference/standard	base_binary 1785866115 / 1789528921ae67d70ba657c787899ec580ab0b17a8368a0245ec09440710cf16; unified_binary 1785904307 / e425b6a91a3cfb2f67cbd73160ac48e2bb776e92866de81d5b97bb25e5ab39c3; base_source 1785866095 / cf7fca47147304ec114e8e0c19f6f43353dbf973ee623d3eb5188919c509fe72; unified_source 1785904240 / f15c6854277fb975d6d5e52d9a33c120eb85bb5cdc726acdf4243026098fde59	发布形态：仓内 RPM 解包所得 ELF；不是板上已安装对象	见 download_time_ranges.tsv；仅本地 mtime 代理
R1 source/build classification annotations	T1 Base+Unified reference/standard	逐项见 progress/T1/repo_identity.tsv 与 source_repo_identity.tsv；该快照早于 R11	发布形态：T1 SRPM 语料，精确 source RPM 身份匹配时才复用	T1 state: 2026-07-31T19:14:49+08:00–2026-07-31T20:37:14+08:00
R22 board path probe	NOT_APPLICABLE	Tizen 11.0 board 192.168.108.25:26101	运行形态：板上挂载与执行策略；不参与迁移清单计数	NOT_APPLICABLE
FILE=docs/progress/R22/inputs/input_identity.tsv
path	size_bytes	sha256	status
progress/R19_21/R20/tables/cpp_abi_edges.tsv	5797558	bb6392560b75e30d0e7f67260151ecb550feec20521306958edbadeb44ccc9cf	PASS
progress/R19_21/R20/tables/inverse_phase_dependencies.tsv	82690	51aa54756b4ede7422dc3bc36ce559ff47ab13f442c48a339e2e76da1a417b71	PASS
progress/R19_21/R20/tables/phase_package_list.tsv	95491	b920af4de8bf83ce21669e6b5a58d2e8fbeb25368ae1599d3ca992136f486ac1	PASS
progress/R19_21/R20/tables/phase_summary.tsv	981	077f3ef31c977f1377f4f60118af15334abc44bcbb6f0065459ae9bdc14ea140	PASS
progress/R11/tables/elf_inventory.tsv	9834533	64b661853e1d231d0e562faf10b4b043baf1fa31e2e3d057798cc56da729cad3	PASS
progress/R11/tables/dependency_edge_resolution.tsv			NOT_FOUND
progress/R11/tables/binary_package_records.tsv	2507822	7499dd25816f65c10acc8eccca25e339cd35154880a09b242499edcd6bd9e9cc	PASS
progress/R11/tables/source_package_records.tsv	236263	4ab69af58cbf16111f990a15b510590ec5310a18b91cbcc676ea609ca6134083	PASS
progress/R11/tables/binary_download_status.tsv	6316588	65721a5b22eb201879a7d76b83986008556287a746711010ddf46e5a487a2c01	PASS
progress/R11/tables/snapshot_identity.tsv	1123	03a149f64ece004d059602c55575424d519e3608c68c69b9c7451d5029a36b20	PASS
progress/R11/tables/repodata_inventory.tsv	2311	07a2d8cb80ff52984ab3767e58dc2be553e9094eaa5bbc32895b7843ed88d758	PASS
FILE=docs/progress/R11/tables/counting_units_final.tsv
unit	total	definition	mapping_rule
source_package_repo_record	1450	all src architecture records in frozen Base+Unified source primary metadata	source NEVRA
distinct_sourcerpm_referenced_by_binaries	1450	distinct rpm:sourcerpm strings among all binary records	one source RPM maps to one-or-more binary package records
source_packages_with_runtime_ELF	1135	distinct rpm:sourcerpm strings owning at least one runtime ELF	runtime ELF -> owning binary RPM record -> rpm:sourcerpm
binary_package_repo_record	11332	all unique binary NEVRA records in frozen Base+Unified binary primary metadata	each record maps through rpm:sourcerpm
binary_package_with_runtime_ELF	6064	binary package records owning at least one ET_EXEC/ET_DYN non-debug ELF	ELF is owned by exactly one extracted RPM record
ELF_all_types	39166	regular files with ELF magic and successful readelf	owned by exactly one scanned binary RPM record
ELF_runtime_ET_EXEC_or_ET_DYN	36829	ET_EXEC/ET_DYN excluding debug payload paths	main runtime graph denominator
ELF_ET_REL_or_other	2337	ELF records excluded from runtime graph	all ELF minus runtime ELF
FILE=docs/progress/R11/EXCLUDED.tsv
path_or_pattern	disposition	reason
progress/R11/commands/**	FULL_EVIDENCE_ONLY	命令、PWD、退出码在完整证据树保留，策展目录不重复
progress/R11/raw/**	FULL_EVIDENCE_ONLY	readelf/RPM/下载与扫描原文体量较大，完整证据树保留
progress/R11/metadata/**	FULL_EVIDENCE_ONLY	冻结 repodata 原件与解压 XML 在完整证据树保留
progress/R11/tables/binary_package_records.tsv	FULL_EVIDENCE_ONLY	11,332 条全量二进制记录
progress/R11/tables/binary_download_status.tsv	FULL_EVIDENCE_ONLY	11,332 条逐 RPM 下载与 SHA 登记
progress/R11/tables/source_package_records.tsv	FULL_EVIDENCE_ONLY	1,450 条源码记录
progress/R11/tables/source_download_status.tsv	FULL_EVIDENCE_ONLY	1,450 条逐 SRPM 下载与 SHA 登记
progress/R11/tables/elf_inventory.tsv	FULL_EVIDENCE_ONLY	39,166 条逐 ELF 原始清单
progress/R11/tables/dt_needed_edges.tsv	FULL_EVIDENCE_ONLY	全量 DT_NEEDED 边
progress/R11/tables/dwarf_language_per_runtime_elf.tsv	FULL_EVIDENCE_ONLY	36,829 条逐 ELF DWARF 可得性
progress/R11/tables/dlopen_source_token_hits.tsv	FULL_EVIDENCE_ONLY	源码字面量逐命中原文
key_headers_end
