URL=https://download.tizen.org/snapshots/TIZEN/Tizen/Tizen-Base/tizen-base_20260827.214809/repos/standard/
<html>
<head><title>Index of /snapshots/TIZEN/Tizen/Tizen-Base/tizen-base_20260827.214809/repos/standard/</title></head>
<body>
<h1>Index of /snapshots/TIZEN/Tizen/Tizen-Base/tizen-base_20260827.214809/repos/standard/</h1><hr><pre><a href="../">../</a>
<a href="debug/">debug/</a>                                             28-Aug-2026 05:30                   -
<a href="packages/">packages/</a>                                          28-Aug-2026 05:30                   -
<a href="source/">source/</a>                                            28-Aug-2026 05:30                   -
</pre><hr></body>
</html>
URL=https://download.tizen.org/snapshots/TIZEN/Tizen/Tizen-Base/tizen-base_20260827.214809/builddata/manifest/
<html>
<head><title>Index of /snapshots/TIZEN/Tizen/Tizen-Base/tizen-base_20260827.214809/builddata/manifest/</title></head>
<body>
<h1>Index of /snapshots/TIZEN/Tizen/Tizen-Base/tizen-base_20260827.214809/builddata/manifest/</h1><hr><pre><a href="../">../</a>
<a href="tizen-base_20260827.214809_standard.xml">tizen-base_20260827.214809_standard.xml</a>            28-Aug-2026 05:28               33108
</pre><hr></body>
</html>
URL=https://download.tizen.org/snapshots/TIZEN/Tizen/Tizen-Unified/tizen-unified_20260829.123409/repos/standard/
<html>
<head><title>Index of /snapshots/TIZEN/Tizen/Tizen-Unified/tizen-unified_20260829.123409/repos/standard/</title></head>
<body>
<h1>Index of /snapshots/TIZEN/Tizen/Tizen-Unified/tizen-unified_20260829.123409/repos/standard/</h1><hr><pre><a href="../">../</a>
<a href="debug/">debug/</a>                                             30-Aug-2026 03:11                   -
<a href="packages/">packages/</a>                                          30-Aug-2026 03:11                   -
<a href="source/">source/</a>                                            30-Aug-2026 03:11                   -
</pre><hr></body>
</html>
URL=https://download.tizen.org/snapshots/TIZEN/Tizen/Tizen-Unified/tizen-unified_20260829.123409/builddata/manifest/
<html>
<head><title>Index of /snapshots/TIZEN/Tizen/Tizen-Unified/tizen-unified_20260829.123409/builddata/manifest/</title></head>
<body>
<h1>Index of /snapshots/TIZEN/Tizen/Tizen-Unified/tizen-unified_20260829.123409/builddata/manifest/</h1><hr><pre><a href="../">../</a>
<a href="tizen-unified_20260829.123409_emulator.xml">tizen-unified_20260829.123409_emulator.xml</a>         29-Aug-2026 16:56              146939
<a href="tizen-unified_20260829.123409_standard.xml">tizen-unified_20260829.123409_standard.xml</a>         29-Aug-2026 16:58              152509
<a href="tizen-unified_20260829.123409_standard_gcov.xml">tizen-unified_20260829.123409_standard_gcov.xml</a>    29-Aug-2026 16:57              149086
</pre><hr></body>
</html>
URL=https://download.tizen.org/snapshots/TIZEN/Tizen/Tizen-Unified/tizen-unified_20260829.123409/builddata/images/
<html>
<head><title>Index of /snapshots/TIZEN/Tizen/Tizen-Unified/tizen-unified_20260829.123409/builddata/images/</title></head>
<body>
<h1>Index of /snapshots/TIZEN/Tizen/Tizen-Unified/tizen-unified_20260829.123409/builddata/images/</h1><hr><pre><a href="../">../</a>
<a href="emulator/">emulator/</a>                                          30-Aug-2026 03:11                   -
<a href="standard/">standard/</a>                                          30-Aug-2026 03:11                   -
<a href="standard_gcov/">standard_gcov/</a>                                     30-Aug-2026 03:11                   -
</pre><hr></body>
</html>
URL=https://download.tizen.org/snapshots/TIZEN/Tizen/Tizen-Unified/tizen-unified_20260829.123409/images/standard/
<html>
<head><title>Index of /snapshots/TIZEN/Tizen/Tizen-Unified/tizen-unified_20260829.123409/images/standard/</title></head>
<body>
<h1>Index of /snapshots/TIZEN/Tizen/Tizen-Unified/tizen-unified_20260829.123409/images/standard/</h1><hr><pre><a href="../">../</a>
<a href="tizen-aarch64-generic-hal/">tizen-aarch64-generic-hal/</a>                         30-Aug-2026 03:11                   -
<a href="tizen-armv7l-generic-hal/">tizen-armv7l-generic-hal/</a>                          30-Aug-2026 03:11                   -
<a href="tizen-boot-aarch64-c4/">tizen-boot-aarch64-c4/</a>                             30-Aug-2026 03:11                   -
<a href="tizen-boot-aarch64-orinnano/">tizen-boot-aarch64-orinnano/</a>                       30-Aug-2026 03:11                   -
<a href="tizen-boot-aarch64-rpi/">tizen-boot-aarch64-rpi/</a>                            30-Aug-2026 03:11                   -
<a href="tizen-boot-aarch64-rpi-rt/">tizen-boot-aarch64-rpi-rt/</a>                         30-Aug-2026 03:11                   -
<a href="tizen-boot-aarch64-rubikpi3/">tizen-boot-aarch64-rubikpi3/</a>                       30-Aug-2026 03:11                   -
<a href="tizen-boot-aarch64-vim3/">tizen-boot-aarch64-vim3/</a>                           30-Aug-2026 03:11                   -
<a href="tizen-boot-armv7l-rpi/">tizen-boot-armv7l-rpi/</a>                             30-Aug-2026 03:11                   -
<a href="tizen-boot-armv7l-rpi-rt/">tizen-boot-armv7l-rpi-rt/</a>                          30-Aug-2026 03:11                   -
<a href="tizen-headed-aarch64/">tizen-headed-aarch64/</a>                              30-Aug-2026 03:11                   -
<a href="tizen-headed-armv7l/">tizen-headed-armv7l/</a>                               30-Aug-2026 03:11                   -
<a href="tizen-headless-aarch64/">tizen-headless-aarch64/</a>                            30-Aug-2026 03:11                   -
<a href="tizen-headless-armv7l/">tizen-headless-armv7l/</a>                             30-Aug-2026 03:11                   -
</pre><hr></body>
</html>
