BY_PROVIDER_BINARY
19606 libstdc++
7043 libgcc
528 abseil-cpp
119 libicu
107 libelf
92 libgomp
91 libdw
54 libgfortran
38 jsoncpp
27 boost-test
23 libpcrecpp
18 libtiff
18 libncurses6
12 libatomic
10 binutils-libs
9 libsigc++
9 boost-thread
9 boost-filesystem
6 boost-program-options
3 taglib
3 nghttp2
3 libpcre
3 libgmp
3 db4
3 boost-iostreams
2 libquadmath
BY_PROVIDER_SOURCE
18598 gcc-14.2.0-4.13.src.rpm
8211 gcc-14.2.0-4.14.src.rpm
352 abseil-cpp-20250814.1-2.1.src.rpm
176 abseil-cpp-20250814.1-2.2.src.rpm
119 icu-78.1-1.34.src.rpm
77 elfutils-0.189-1.86.src.rpm
77 elfutils-0.189-1.84.src.rpm
44 elfutils-0.189-1.89.src.rpm
36 boost-1.83.0-6.1.src.rpm
18 boost-1.83.0-6.2.src.rpm
14 jsoncpp-1.9.6-2.10.src.rpm
13 jsoncpp-1.9.6-2.11.src.rpm
12 tiff-4.7.0-1.1.src.rpm
12 ncurses-6.6-3.7.src.rpm
11 jsoncpp-1.9.6-2.12.src.rpm
10 pcre-8.45-1.79.src.rpm
8 pcre-8.45-1.66.src.rpm
8 pcre-8.45-1.65.src.rpm
8 binutils-2.43-3.13.src.rpm
6 tiff-4.7.0-1.3.src.rpm
6 ncurses-6.6-3.8.src.rpm
6 libsigc++-2.12.1-1.1.src.rpm
3 nghttp2-1.51.0-3.1.src.rpm
3 libsigc++-2.12.1-1.3.src.rpm
2 taglib-1.13.1-1.1.src.rpm
2 db4-4.8.30.NC-3.12.src.rpm
2 binutils-2.43-3.14.src.rpm
1 taglib-1.13.1-1.3.src.rpm
1 gmp-4.2.1-2.13.src.rpm
1 gmp-4.2.1-2.12.src.rpm
1 gmp-4.2.1-2.10.src.rpm
1 db4-4.8.30.NC-3.13.src.rpm
UNIQUE_SOURCE_PAIRS=1335
UNIQUE_CONSUMER_SOURCES=774
