image_count=14
image_package_records=5995
base_image_membership_records=1272
base_image_binary_names=134
base_image_source_rpms=144
base_cpp_image_membership_records=99
base_cpp_image_binary_names=14
base_cpp_image_source_rpms=16
base_cpp_image_source_names=10
CPP IMAGE BINARY SUMMARY
abseil-cpp	abseil-cpp-20250814.1-2.1.src.rpm	C++11 libraries which augment the C++ stdlib
abseil-cpp	abseil-cpp-20250814.1-2.2.src.rpm	C++11 libraries which augment the C++ stdlib
binary_name	sourcerpm	summary
boost-atomic	boost-1.83.0-6.1.src.rpm	Run-Time component of boost atomic library
boost-atomic	boost-1.83.0-6.2.src.rpm	Run-Time component of boost atomic library
boost-filesystem	boost-1.83.0-6.1.src.rpm	Boost.Filesystem Runtime Libraries
boost-filesystem	boost-1.83.0-6.2.src.rpm	Boost.Filesystem Runtime Libraries
boost-program-options	boost-1.83.0-6.1.src.rpm	Boost.ProgramOptions Runtime libraries
boost-program-options	boost-1.83.0-6.2.src.rpm	Boost.ProgramOptions Runtime libraries
boost-system	boost-1.83.0-6.1.src.rpm	Boost.System Runtime Libraries
boost-thread	boost-1.83.0-6.1.src.rpm	Boost.Thread Runtime Libraries
boost-thread	boost-1.83.0-6.2.src.rpm	Boost.Thread Runtime Libraries
jsoncpp	jsoncpp-1.9.6-2.10.src.rpm	JSON library implemented in C++
jsoncpp	jsoncpp-1.9.6-2.11.src.rpm	JSON library implemented in C++
libicu	icu-78.1-1.34.src.rpm	International Components for Unicode - libraries
libncurses6	ncurses-6.6-3.7.src.rpm	Terminal control library
libpcrecpp	pcre-8.45-1.65.src.rpm	A library for Perl-compatible regular expressions
libpcrecpp	pcre-8.45-1.66.src.rpm	A library for Perl-compatible regular expressions
libtiff	tiff-4.7.0-1.1.src.rpm	The Tiff Library (with JPEG and compression support)
libtiff	tiff-4.7.0-1.3.src.rpm	The Tiff Library (with JPEG and compression support)
nghttp2	nghttp2-1.51.0-3.1.src.rpm	This is an experimental implementation of Hypertext Transfer Protocol version 2.
patchelf	patchelf-0.16.1-2.10.src.rpm	A utility for patching ELF binaries
taglib	taglib-1.13.1-1.1.src.rpm	library for reading and editing the meta-data of several popular audio formats
taglib	taglib-1.13.1-1.3.src.rpm	library for reading and editing the meta-data of several popular audio formats
PER_IMAGE_CPP_COUNTS
tizen-aarch64-generic-hal 5
tizen-armv7l-generic-hal 5
tizen-boot-aarch64-c4 5
tizen-boot-aarch64-orinnano 5
tizen-boot-aarch64-rpi 5
tizen-boot-aarch64-rpi-rt 5
tizen-boot-aarch64-rubikpi3 5
tizen-boot-aarch64-vim3 5
tizen-boot-armv7l-rpi 5
tizen-boot-armv7l-rpi-rt 5
tizen-headed-aarch64 13
tizen-headed-armv7l 14
tizen-headless-aarch64 11
tizen-headless-armv7l 11
1d8e0d0bbfbcee7281b6c9595d49f33cf8c8c168fc9cefc8239e254c9c22b035  progress/R95/tables/base_binary_image_membership.tsv
ee784fd748b484ffd19ba74950472644678eea153412b38d8700f2c0a0e705ea  progress/R95/tables/base_cpp_binary_image_membership.tsv
