historical_rows=483
historical_unique_package_names=455
membership[BASE_ONLY_BY_NAME]=63
membership[NEITHER_CURRENT_SNAPSHOT_BY_NAME]=4
membership[UNIFIED_ONLY_BY_NAME]=416
actual_base_cpp_source_names_by_runtime_dependency=33
actual_base_cpp_names_already_in_historical_483=33
actual_base_cpp_names_not_in_historical_483=0
actual_base_cpp_names_not_in_historical_483_list=
arithmetic_union_483_plus_missing_actual_base_cpp_names=455
BASE_HISTORICAL_NAMES
abseil-cpp	BASE_ONLY_BY_NAME
bcc-tools	BASE_ONLY_BY_NAME
binutils	BASE_ONLY_BY_NAME
binutils	BASE_ONLY_BY_NAME
binutils-aarch64	BASE_ONLY_BY_NAME
binutils-armv7l	BASE_ONLY_BY_NAME
boost	BASE_ONLY_BY_NAME
bpftrace	BASE_ONLY_BY_NAME
ccache	BASE_ONLY_BY_NAME
cmake	BASE_ONLY_BY_NAME
cmake	BASE_ONLY_BY_NAME
db4	BASE_ONLY_BY_NAME
db4	BASE_ONLY_BY_NAME
doxygen	BASE_ONLY_BY_NAME
elfutils	BASE_ONLY_BY_NAME
elfutils	BASE_ONLY_BY_NAME
gcc	BASE_ONLY_BY_NAME
gcc	BASE_ONLY_BY_NAME
gcc-aarch64	BASE_ONLY_BY_NAME
gcc-aarch64	BASE_ONLY_BY_NAME
gcc-armv7l	BASE_ONLY_BY_NAME
gcc-armv7l	BASE_ONLY_BY_NAME
gcc-riscv64	BASE_ONLY_BY_NAME
gcc-riscv64	BASE_ONLY_BY_NAME
gdb	BASE_ONLY_BY_NAME
gettext	BASE_ONLY_BY_NAME
gettext	BASE_ONLY_BY_NAME
gmp	BASE_ONLY_BY_NAME
gmp	BASE_ONLY_BY_NAME
gn	BASE_ONLY_BY_NAME
gn	BASE_ONLY_BY_NAME
golang	BASE_ONLY_BY_NAME
groff	BASE_ONLY_BY_NAME
icecream	BASE_ONLY_BY_NAME
icecream	BASE_ONLY_BY_NAME
icu	BASE_ONLY_BY_NAME
icu	BASE_ONLY_BY_NAME
jsoncpp	BASE_ONLY_BY_NAME
jsoncpp	BASE_ONLY_BY_NAME
jsoncpp	BASE_ONLY_BY_NAME
libsigc++	BASE_ONLY_BY_NAME
libsigc++	BASE_ONLY_BY_NAME
libsigc++	BASE_ONLY_BY_NAME
llvm	BASE_ONLY_BY_NAME
ncurses	BASE_ONLY_BY_NAME
ncurses	BASE_ONLY_BY_NAME
nghttp2	BASE_ONLY_BY_NAME
nghttp2	BASE_ONLY_BY_NAME
ninja	BASE_ONLY_BY_NAME
ninja	BASE_ONLY_BY_NAME
openfst	BASE_ONLY_BY_NAME
patchelf	BASE_ONLY_BY_NAME
patchelf	BASE_ONLY_BY_NAME
pbzip2	BASE_ONLY_BY_NAME
pcre	BASE_ONLY_BY_NAME
pcre	BASE_ONLY_BY_NAME
pcre	BASE_ONLY_BY_NAME
qemu-accel	BASE_ONLY_BY_NAME
taglib	BASE_ONLY_BY_NAME
taglib	BASE_ONLY_BY_NAME
tiff	BASE_ONLY_BY_NAME
tiff	BASE_ONLY_BY_NAME
tinyxml2	BASE_ONLY_BY_NAME
04a0b7cf06537b76b22213bf59df591c1d70293a29f36e5711420e413944d4f8  progress/R95/tables/migration_483_actual_project_mapping.tsv
