The target architecture is set to "armv7".

This GDB supports auto-downloading debuginfo from the following URLs:
  <https://debuginfod.ubuntu.com>
Debuginfod has been disabled.
To make this setting permanent, add 'set debuginfod enabled off' to .gdbinit.
0x4081a578 in ?? () from /home/toolchain/development/libc++_replacement/tmp/GBS-ROOT/BUILD-W2B-llvm-armv7l/local/BUILD-ROOTS/scratch.armv7l.0/lib/ld-linux.so.3
warning: Could not load shared library symbols for linux-vdso.so.1.
Do you need "set solib-search-path" or "set sysroot"?
Stopped due to shared library event:
  Inferior loaded linux-vdso.so.1
Stopped due to shared library event:
  Inferior loaded /home/toolchain/development/libc++_replacement/tmp/GBS-ROOT/BUILD-W2B-llvm-armv7l/local/BUILD-ROOTS/scratch.armv7l.0/lib/librpmbuild.so.3
    /home/toolchain/development/libc++_replacement/tmp/GBS-ROOT/BUILD-W2B-llvm-armv7l/local/BUILD-ROOTS/scratch.armv7l.0/lib/librpm.so.3
    /home/toolchain/development/libc++_replacement/tmp/GBS-ROOT/BUILD-W2B-llvm-armv7l/local/BUILD-ROOTS/scratch.armv7l.0/lib/librpmio.so.3
    /home/toolchain/development/libc++_replacement/tmp/GBS-ROOT/BUILD-W2B-llvm-armv7l/local/BUILD-ROOTS/scratch.armv7l.0/lib/libpopt.so.0
    /home/toolchain/development/libc++_replacement/tmp/GBS-ROOT/BUILD-W2B-llvm-armv7l/local/BUILD-ROOTS/scratch.armv7l.0/lib/libc.so.6
    /home/toolchain/development/libc++_replacement/tmp/GBS-ROOT/BUILD-W2B-llvm-armv7l/local/BUILD-ROOTS/scratch.armv7l.0/lib/libcap.so.2
    /home/toolchain/development/libc++_replacement/tmp/GBS-ROOT/BUILD-W2B-llvm-armv7l/local/BUILD-ROOTS/scratch.armv7l.0/lib/libmagic.so.1
    /home/toolchain/development/libc++_replacement/tmp/GBS-ROOT/BUILD-W2B-llvm-armv7l/local/BUILD-ROOTS/scratch.armv7l.0/lib/libelf.so.1
    /home/toolchain/development/libc++_replacement/tmp/GBS-ROOT/BUILD-W2B-llvm-armv7l/local/BUILD-ROOTS/scratch.armv7l.0/lib/libdw.so.1
    /home/toolchain/development/libc++_replacement/tmp/GBS-ROOT/BUILD-W2B-llvm-armv7l/local/BUILD-ROOTS/scratch.armv7l.0/lib/libacl.so.1
    /home/toolchain/development/libc++_replacement/tmp/GBS-ROOT/BUILD-W2B-llvm-armv7l/local/BUILD-ROOTS/scratch.armv7l.0/lib/liblua.so.5.1
    /home/toolchain/development/libc++_replacement/tmp/GBS-ROOT/BUILD-W2B-llvm-armv7l/local/BUILD-ROOTS/scratch.armv7l.0/lib/libgcc_s.so.1
    /home/toolchain/development/libc++_replacement/tmp/GBS-ROOT/BUILD-W2B-llvm-armv7l/local/BUILD-ROOTS/scratch.armv7l.0/lib/libbz2.so.1
    /home/toolchain/development/libc++_replacement/tmp/GBS-ROOT/BUILD-W2B-llvm-armv7l/local/BUILD-ROOTS/scratch.armv7l.0/lib/libz.so.1
    /home/toolchain/development/libc++_replacement/tmp/GBS-ROOT/BUILD-W2B-llvm-armv7l/local/BUILD-ROOTS/scratch.armv7l.0/lib/liblzma.so.5
    /home/toolchain/development/libc++_replacement/tmp/GBS-ROOT/BUILD-W2B-llvm-armv7l/local/BUILD-ROOTS/scratch.armv7l.0/lib/libzstd.so.1
    /home/toolchain/development/libc++_replacement/tmp/GBS-ROOT/BUILD-W2B-llvm-armv7l/local/BUILD-ROOTS/scratch.armv7l.0/lib/libcrypto.so.3
    /home/toolchain/development/libc++_replacement/tmp/GBS-ROOT/BUILD-W2B-llvm-armv7l/local/BUILD-ROOTS/scratch.armv7l.0/lib/libm.so.6
    /home/toolchain/development/libc++_replacement/tmp/GBS-ROOT/BUILD-W2B-llvm-armv7l/local/BUILD-ROOTS/scratch.armv7l.0/lib/libpthread.so.0
    /home/toolchain/development/libc++_replacement/tmp/GBS-ROOT/BUILD-W2B-llvm-armv7l/local/BUILD-ROOTS/scratch.armv7l.0/lib/libattr.so.1
{"event": "shared_library_bases", "monotonic_ns": 341303356834270, "close_count": 0, "librpmio": "0x40aec000", "librpm": "0x40864000", "inferior_pid": 1010258}
From        To          Syms Read   Shared Object Library
0x40801a00  0x40825818  Yes (*)     /home/toolchain/development/libc++_replacement/tmp/GBS-ROOT/BUILD-W2B-llvm-armv7l/local/BUILD-ROOTS/scratch.armv7l.0/lib/ld-linux.so.3
                        No          linux-vdso.so.1
0x408388b8  0x4085e66c  Yes (*)     /home/toolchain/development/libc++_replacement/tmp/GBS-ROOT/BUILD-W2B-llvm-armv7l/local/BUILD-ROOTS/scratch.armv7l.0/lib/librpmbuild.so.3
0x40881bf0  0x40ac92e0  Yes (*)     /home/toolchain/development/libc++_replacement/tmp/GBS-ROOT/BUILD-W2B-llvm-armv7l/local/BUILD-ROOTS/scratch.armv7l.0/lib/librpm.so.3
0x40af3240  0x40b18764  Yes (*)     /home/toolchain/development/libc++_replacement/tmp/GBS-ROOT/BUILD-W2B-llvm-armv7l/local/BUILD-ROOTS/scratch.armv7l.0/lib/librpmio.so.3
0x40b219d0  0x40b2609c  Yes (*)     /home/toolchain/development/libc++_replacement/tmp/GBS-ROOT/BUILD-W2B-llvm-armv7l/local/BUILD-ROOTS/scratch.armv7l.0/lib/libpopt.so.0
0x40b47e80  0x40c5d750  Yes (*)     /home/toolchain/development/libc++_replacement/tmp/GBS-ROOT/BUILD-W2B-llvm-armv7l/local/BUILD-ROOTS/scratch.armv7l.0/lib/libc.so.6
0x40c8cc40  0x40c8fde8  Yes (*)     /home/toolchain/development/libc++_replacement/tmp/GBS-ROOT/BUILD-W2B-llvm-armv7l/local/BUILD-ROOTS/scratch.armv7l.0/lib/libcap.so.2
0x40c95398  0x40ca4eb8  Yes (*)     /home/toolchain/development/libc++_replacement/tmp/GBS-ROOT/BUILD-W2B-llvm-armv7l/local/BUILD-ROOTS/scratch.armv7l.0/lib/libmagic.so.1
0x40cae530  0x40cb85c4  Yes (*)     /home/toolchain/development/libc++_replacement/tmp/GBS-ROOT/BUILD-W2B-llvm-armv7l/local/BUILD-ROOTS/scratch.armv7l.0/lib/libelf.so.1
0x40cc6e30  0x40cfac2c  Yes (*)     /home/toolchain/development/libc++_replacement/tmp/GBS-ROOT/BUILD-W2B-llvm-armv7l/local/BUILD-ROOTS/scratch.armv7l.0/lib/libdw.so.1
0x40d1f458  0x40d21be4  Yes (*)     /home/toolchain/development/libc++_replacement/tmp/GBS-ROOT/BUILD-W2B-llvm-armv7l/local/BUILD-ROOTS/scratch.armv7l.0/lib/libacl.so.1
0x40d2bd10  0x40d3ba5c  Yes (*)     /home/toolchain/development/libc++_replacement/tmp/GBS-ROOT/BUILD-W2B-llvm-armv7l/local/BUILD-ROOTS/scratch.armv7l.0/lib/liblua.so.5.1
0x40d50590  0x40d5a478  Yes (*)     /home/toolchain/development/libc++_replacement/tmp/GBS-ROOT/BUILD-W2B-llvm-armv7l/local/BUILD-ROOTS/scratch.armv7l.0/lib/libgcc_s.so.1
0x40d5ce90  0x40d6683c  Yes (*)     /home/toolchain/development/libc++_replacement/tmp/GBS-ROOT/BUILD-W2B-llvm-armv7l/local/BUILD-ROOTS/scratch.armv7l.0/lib/libbz2.so.1
0x40d6aaa8  0x40d728c4  Yes (*)     /home/toolchain/development/libc++_replacement/tmp/GBS-ROOT/BUILD-W2B-llvm-armv7l/local/BUILD-ROOTS/scratch.armv7l.0/lib/libz.so.1
0x40d7bbd8  0x40d8dba6  Yes (*)     /home/toolchain/development/libc++_replacement/tmp/GBS-ROOT/BUILD-W2B-llvm-armv7l/local/BUILD-ROOTS/scratch.armv7l.0/lib/liblzma.so.5
0x40da0910  0x40e29abc  Yes (*)     /home/toolchain/development/libc++_replacement/tmp/GBS-ROOT/BUILD-W2B-llvm-armv7l/local/BUILD-ROOTS/scratch.armv7l.0/lib/libzstd.so.1
0x40ea0500  0x40feae28  Yes (*)     /home/toolchain/development/libc++_replacement/tmp/GBS-ROOT/BUILD-W2B-llvm-armv7l/local/BUILD-ROOTS/scratch.armv7l.0/lib/libcrypto.so.3
0x410b73e8  0x410e4efc  Yes (*)     /home/toolchain/development/libc++_replacement/tmp/GBS-ROOT/BUILD-W2B-llvm-armv7l/local/BUILD-ROOTS/scratch.armv7l.0/lib/libm.so.6
0x410fd73c  0x410fe838  Yes (*)     /home/toolchain/development/libc++_replacement/tmp/GBS-ROOT/BUILD-W2B-llvm-armv7l/local/BUILD-ROOTS/scratch.armv7l.0/lib/libpthread.so.0
0x41101ee4  0x411034be  Yes (*)     /home/toolchain/development/libc++_replacement/tmp/GBS-ROOT/BUILD-W2B-llvm-armv7l/local/BUILD-ROOTS/scratch.armv7l.0/lib/libattr.so.1
(*): Shared library is missing debugging information.
add symbol table from file "/home/toolchain/development/libc++_replacement/tmp/ARM_LZMA_0921B/debug-root/usr/lib/debug/usr/lib/librpmio.so.3.1.0.debug" with all sections offset by 0x40aec000
add symbol table from file "/home/toolchain/development/libc++_replacement/tmp/ARM_LZMA_0921B/debug-root/usr/lib/debug/usr/lib/librpm.so.3.1.0.debug" with all sections offset by 0x40864000
{"event": "observer_ready", "monotonic_ns": 341303367192175, "close_count": 0, "enabled": "lzclose counter only; four points enabled when counter reaches 18", "no_inferior_calls": true, "no_inferior_writes": true}
[Detaching after fork from child process 1010275]
[Detaching after fork from child process 1010285]
[Detaching after fork from child process 1011532]
[Detaching after fork from child process 1068232]
[Detaching after fork from child process 1068241]
[Detaching after fork from child process 1068256]
[Detaching after fork from child process 1068265]
[Detaching after fork from child process 1068268]
[Detaching after fork from child process 1068271]
[Detaching after fork from child process 1068274]
[Detaching after fork from child process 1068277]
[Detaching after fork from child process 1068280]
[Detaching after fork from child process 1068283]
[Detaching after fork from child process 1068286]
[Detaching after fork from child process 1068289]
[Detaching after fork from child process 1068292]
[Detaching after fork from child process 1068295]
[Detaching after fork from child process 1068304]
[Detaching after fork from child process 1068319]
[Detaching after fork from child process 1068328]
[Detaching after fork from child process 1068337]
[Detaching after fork from child process 1068352]
[Detaching after fork from child process 1068361]
[Detaching after fork from child process 1068364]
[Detaching after fork from child process 1068367]
[Detaching after fork from child process 1068370]
[Detaching after fork from child process 1068373]
[Detaching after fork from child process 1068376]
[Detaching after fork from child process 1068379]
[Detaching after fork from child process 1068382]
[Detaching after fork from child process 1068385]
[Detaching after fork from child process 1068388]
[Detaching after fork from child process 1068391]
[Detaching after fork from child process 1068394]
[Detaching after fork from child process 1068397]
[Detaching after fork from child process 1068400]
[Detaching after fork from child process 1068403]
[Detaching after fork from child process 1068406]
[Detaching after fork from child process 1068409]
[Detaching after fork from child process 1068412]
[Detaching after fork from child process 1068415]
[Detaching after fork from child process 1068418]
[Detaching after fork from child process 1068421]
[Detaching after fork from child process 1068424]
[Detaching after fork from child process 1068427]
[Detaching after fork from child process 1068430]
[Detaching after fork from child process 1068433]
[Detaching after fork from child process 1068436]
[Detaching after fork from child process 1068439]
[Detaching after fork from child process 1068442]
[Detaching after fork from child process 1068445]
[Detaching after fork from child process 1068448]
[Detaching after fork from child process 1068451]
[Detaching after fork from child process 1068454]
[Detaching after fork from child process 1068457]
[Detaching after fork from child process 1068460]
[Detaching after fork from child process 1068463]
[Detaching after fork from child process 1068466]
[Detaching after fork from child process 1068469]
[Detaching after fork from child process 1068472]
[Detaching after fork from child process 1068475]
[Detaching after fork from child process 1068478]
[Detaching after fork from child process 1068481]
[Detaching after fork from child process 1068484]
[Detaching after fork from child process 1068487]
[Detaching after fork from child process 1068490]
[Detaching after fork from child process 1068493]
[Detaching after fork from child process 1068496]
[Detaching after fork from child process 1068499]
[Detaching after fork from child process 1068502]
[Detaching after fork from child process 1068505]
[Detaching after fork from child process 1068508]
[Detaching after fork from child process 1068511]
[Detaching after fork from child process 1068514]
[Detaching after fork from child process 1068517]
[Detaching after fork from child process 1068520]
[Detaching after fork from child process 1068523]
[Detaching after fork from child process 1068526]
[Detaching after fork from child process 1068529]
[Detaching after fork from child process 1068532]
[Detaching after fork from child process 1068535]
[Detaching after fork from child process 1068538]
[Detaching after fork from child process 1068541]
[Detaching after fork from child process 1068544]
[Detaching after fork from child process 1068547]
[Detaching after fork from child process 1068550]
[Detaching after fork from child process 1068553]
[Detaching after fork from child process 1068556]
[Detaching after fork from child process 1068559]
[Detaching after fork from child process 1068562]
[Detaching after fork from child process 1068565]
[Detaching after fork from child process 1068568]
[Detaching after fork from child process 1068571]
[Detaching after fork from child process 1068574]
[Detaching after fork from child process 1068577]
[Detaching after fork from child process 1068580]
[Detaching after fork from child process 1068583]
[Detaching after fork from child process 1068603]
[Detaching after fork from child process 1068644]
[Detaching after fork from child process 1068664]
[Detaching after fork from child process 1068667]
[Detaching after fork from child process 1068670]
[Detaching after fork from child process 1068673]
[Detaching after fork from child process 1068676]
[Detaching after fork from child process 1068679]
[Detaching after fork from child process 1068682]
[Detaching after fork from child process 1068685]
[Detaching after fork from child process 1068688]
[Detaching after fork from child process 1068691]
[Detaching after fork from child process 1068694]
[Detaching after fork from child process 1068697]
[Detaching after fork from child process 1068700]
[Detaching after fork from child process 1068703]
[Detaching after fork from child process 1068706]
[Detaching after fork from child process 1068709]
[Detaching after fork from child process 1068712]
[Detaching after fork from child process 1068715]
[Detaching after fork from child process 1068718]
[Detaching after fork from child process 1068721]
[Detaching after fork from child process 1068724]
[Detaching after fork from child process 1068727]
[Detaching after fork from child process 1068730]
[Detaching after fork from child process 1068733]
[Detaching after fork from child process 1068736]
[Detaching after fork from child process 1068739]
[Detaching after fork from child process 1068742]
[Detaching after fork from child process 1068745]
[Detaching after fork from child process 1068748]
[Detaching after fork from child process 1068751]
[Detaching after fork from child process 1068754]
[Detaching after fork from child process 1068757]
[Detaching after fork from child process 1068760]
[Detaching after fork from child process 1068763]
[Detaching after fork from child process 1068766]
[Detaching after fork from child process 1068769]
[Detaching after fork from child process 1068772]
[Detaching after fork from child process 1068775]
[Detaching after fork from child process 1068778]
[Detaching after fork from child process 1068781]
[Detaching after fork from child process 1068784]
[Detaching after fork from child process 1068787]
[Detaching after fork from child process 1068790]
[Detaching after fork from child process 1068793]
[Detaching after fork from child process 1068796]
[Detaching after fork from child process 1068799]
[Detaching after fork from child process 1068802]
[Detaching after fork from child process 1068805]
[Detaching after fork from child process 1068808]
[Detaching after fork from child process 1068811]
[Detaching after fork from child process 1068814]
[Detaching after fork from child process 1068817]
[Detaching after fork from child process 1068820]
[Detaching after fork from child process 1068823]
[Detaching after fork from child process 1068826]
[Detaching after fork from child process 1068829]
[Detaching after fork from child process 1068832]
[Detaching after fork from child process 1068835]
[Detaching after fork from child process 1068838]
[Detaching after fork from child process 1068841]
[Detaching after fork from child process 1068844]
[Detaching after fork from child process 1068847]
[Detaching after fork from child process 1068850]
[Detaching after fork from child process 1068853]
[Detaching after fork from child process 1068856]
[Detaching after fork from child process 1068859]
[Detaching after fork from child process 1068862]
[Detaching after fork from child process 1068865]
[Detaching after fork from child process 1068868]
[Detaching after fork from child process 1068871]
[Detaching after fork from child process 1068880]
[Detaching after fork from child process 1068895]
[Detaching after fork from child process 1068904]
[Detaching after fork from child process 1068907]
[Detaching after fork from child process 1068910]
[Detaching after fork from child process 1068913]
[Detaching after fork from child process 1068916]
[Detaching after fork from child process 1068925]
[Detaching after fork from child process 1068934]
[Detaching after fork from child process 1068949]
[Detaching after fork from child process 1068958]
[Detaching after fork from child process 1068967]
[Detaching after fork from child process 1068982]
[Detaching after fork from child process 1068991]
[Detaching after fork from child process 1068994]
[Detaching after fork from child process 1068997]
[Detaching after fork from child process 1069000]
[Detaching after fork from child process 1069487]
[Detaching after fork from child process 1069490]
[Detaching after fork from child process 1069493]
[Detaching after fork from child process 1069496]
[Detaching after fork from child process 1069499]
[Detaching after fork from child process 1069502]
[Detaching after fork from child process 1069506]
[Detaching after fork from child process 1069509]
[Detaching after fork from child process 1069519]
[Detaching after fork from child process 1069530]
[Detaching after fork from child process 1069561]
[Detaching after fork from child process 1069570]
[Detaching after fork from child process 1069579]
[Detaching after fork from child process 1069595]
[Detaching after fork from child process 1069604]
[Detaching after fork from child process 1069619]
[Detaching after fork from child process 1069628]
[Detaching after fork from child process 1069643]
[Detaching after fork from child process 1069652]
[Detaching after fork from child process 1069667]
[Detaching after fork from child process 1069676]
[Detaching after fork from child process 1069685]
[Detaching after fork from child process 1069700]
[Detaching after fork from child process 1069709]
[Detaching after fork from child process 1069718]
[Detaching after fork from child process 1069733]
[Detaching after fork from child process 1069742]
[Detaching after fork from child process 1069751]
[Detaching after fork from child process 1069766]
[Detaching after fork from child process 1069775]
[Detaching after fork from child process 1069784]
[Detaching after fork from child process 1069799]
[Detaching after fork from child process 1069808]
[Detaching after fork from child process 1069817]
[Detaching after fork from child process 1069832]
[Detaching after fork from child process 1069841]
[Detaching after fork from child process 1069850]
[Detaching after fork from child process 1069865]
[Detaching after fork from child process 1069874]
[Detaching after fork from child process 1070180]
[Detaching after fork from child process 1070183]
[Detaching after fork from child process 1070186]
[Detaching after fork from child process 1070189]
[Detaching after fork from child process 1070209]
[Detaching after fork from child process 1070212]
[Detaching after fork from child process 1070215]
[Detaching after fork from child process 1070218]
[Detaching after fork from child process 1070221]
[Detaching after fork from child process 1070224]
[Detaching after fork from child process 1070227]
[Detaching after fork from child process 1070230]
[Detaching after fork from child process 1070233]
[Detaching after fork from child process 1070236]
[Detaching after fork from child process 1070239]
[Detaching after fork from child process 1070242]
[Detaching after fork from child process 1070245]
[Detaching after fork from child process 1070248]
[Detaching after fork from child process 1070251]
[Detaching after fork from child process 1070254]
[Detaching after fork from child process 1070257]
[Detaching after fork from child process 1070260]
[Detaching after fork from child process 1070263]
[Detaching after fork from child process 1070266]
[Detaching after fork from child process 1070269]
[Detaching after fork from child process 1070272]
[Detaching after fork from child process 1070275]
[Detaching after fork from child process 1070278]
[Detaching after fork from child process 1070281]
[Detaching after fork from child process 1070293]
[Detaching after fork from child process 1070296]
[Detaching after fork from child process 1070299]
[Detaching after fork from child process 1070302]
[Detaching after fork from child process 1070305]
[Detaching after fork from child process 1070308]
[Detaching after fork from child process 1070311]
[Detaching after fork from child process 1070314]
[Detaching after fork from child process 1070317]
[Detaching after fork from child process 1070320]
[Detaching after fork from child process 1070323]
[Detaching after fork from child process 1070326]
[Detaching after fork from child process 1070329]
[Detaching after fork from child process 1070332]
[Detaching after fork from child process 1070335]
[Detaching after fork from child process 1070347]
[Detaching after fork from child process 1070350]
[Detaching after fork from child process 1070353]
[Detaching after fork from child process 1070363]
[Detaching after fork from child process 1070378]
[Detaching after fork from child process 1070395]
[Detaching after fork from child process 1070398]
[Detaching after fork from child process 1070401]
[Detaching after fork from child process 1070404]
[Detaching after fork from child process 1070408]
[Detaching after fork from child process 1070411]
[Detaching after fork from child process 1070415]
[Detaching after fork from child process 1070418]
[Detaching after fork from child process 1070421]
[Detaching after fork from child process 1070430]
[Detaching after fork from child process 1070446]
[Detaching after fork from child process 1070532]
[Detaching after fork from child process 1070541]
[Detaching after fork from child process 1070556]
[Detaching after fork from child process 1070565]
[Detaching after fork from child process 1070575]
[Detaching after fork from child process 1070598]
[Detaching after fork from child process 1070607]
[Detaching after fork from child process 1070622]
[Detaching after fork from child process 1070631]
[Detaching after fork from child process 1070649]
[Detaching after fork from child process 1070664]
[Detaching after fork from child process 1070686]
[Detaching after fork from child process 1070689]
[Detaching after fork from child process 1070692]
[Detaching after fork from child process 1070695]
[Detaching after fork from child process 1070698]
[Detaching after fork from child process 1070701]
[Detaching after fork from child process 1070704]
[Detaching after fork from child process 1070707]
[Detaching after fork from child process 1070710]
[Detaching after fork from child process 1070713]
[Detaching after fork from child process 1070716]
[Detaching after fork from child process 1070719]
[Detaching after fork from child process 1070722]
[Detaching after fork from child process 1070771]
[Detaching after fork from child process 1070774]
[Detaching after fork from child process 1070777]
[Detaching after fork from child process 1070780]
[Detaching after fork from child process 1070783]
[Detaching after fork from child process 1070786]
[Detaching after fork from child process 1070789]
[Detaching after fork from child process 1070792]
[Detaching after fork from child process 1070798]
[Detaching after fork from child process 1070817]
[Detaching after fork from child process 1070820]
[Detaching after fork from child process 1070823]
[Detaching after fork from child process 1070826]
[Detaching after fork from child process 1070829]
[Detaching after fork from child process 1070832]
[Detaching after fork from child process 1070835]
[Detaching after fork from child process 1070838]
[Detaching after fork from child process 1070841]
[Detaching after fork from child process 1070844]
[Detaching after fork from child process 1070853]
[Detaching after fork from child process 1072172]
[Detaching after fork from child process 1072196]
{"event": "lzclose_counter", "monotonic_ns": 342780644293791, "close_count": 1, "pointer": "0x9a4958", "encoding": 1, "file": "0x6b1fe0", "internal": "0x4897d8"}
[Detaching after fork from child process 1072222]
{"event": "lzclose_counter", "monotonic_ns": 342906237911422, "close_count": 2, "pointer": "0x9a4958", "encoding": 1, "file": "0x6b1fe0", "internal": "0x6851c0"}
[Detaching after fork from child process 1072644]
{"event": "lzclose_counter", "monotonic_ns": 342930938883653, "close_count": 3, "pointer": "0x9a4958", "encoding": 1, "file": "0x6b1fe0", "internal": "0xa1eea0"}
[Detaching after fork from child process 1072736]
{"event": "lzclose_counter", "monotonic_ns": 343157229754265, "close_count": 4, "pointer": "0x9a4958", "encoding": 1, "file": "0x6b1fe0", "internal": "0x685250"}
[Detaching after fork from child process 1073490]
{"event": "lzclose_counter", "monotonic_ns": 343175067878600, "close_count": 5, "pointer": "0x9a4958", "encoding": 1, "file": "0x6b1fe0", "internal": "0x9e5138"}
[Detaching after fork from child process 1073573]
{"event": "lzclose_counter", "monotonic_ns": 343205277305147, "close_count": 6, "pointer": "0x9a4958", "encoding": 1, "file": "0x6b1fe0", "internal": "0x9e5138"}
[Detaching after fork from child process 1073873]
{"event": "lzclose_counter", "monotonic_ns": 343235757607881, "close_count": 7, "pointer": "0x9a4958", "encoding": 1, "file": "0x6b1fe0", "internal": "0x685380"}
[Detaching after fork from child process 1073939]
{"event": "lzclose_counter", "monotonic_ns": 343239546269671, "close_count": 8, "pointer": "0x9a4958", "encoding": 1, "file": "0x6b1fe0", "internal": "0x443828"}
[Detaching after fork from child process 1074036]
{"event": "lzclose_counter", "monotonic_ns": 343245790773733, "close_count": 9, "pointer": "0x9a4958", "encoding": 1, "file": "0x6b1fe0", "internal": "0x6853f0"}
[Detaching after fork from child process 1074080]
{"event": "lzclose_counter", "monotonic_ns": 343259983732767, "close_count": 10, "pointer": "0x9a4958", "encoding": 1, "file": "0x6b1fe0", "internal": "0xa1eea0"}
[Detaching after fork from child process 1074108]
{"event": "lzclose_counter", "monotonic_ns": 343261851714267, "close_count": 11, "pointer": "0x9a4958", "encoding": 1, "file": "0x6b1fe0", "internal": "0x9e5138"}
[Detaching after fork from child process 1074129]
{"event": "lzclose_counter", "monotonic_ns": 343262515272311, "close_count": 12, "pointer": "0x9a4958", "encoding": 1, "file": "0x6b1fe0", "internal": "0x443828"}
[Detaching after fork from child process 1074149]
{"event": "lzclose_counter", "monotonic_ns": 343262958669977, "close_count": 13, "pointer": "0x9a4958", "encoding": 1, "file": "0x6b1fe0", "internal": "0xa1eea0"}
[Detaching after fork from child process 1074169]
{"event": "lzclose_counter", "monotonic_ns": 343532343173347, "close_count": 14, "pointer": "0x9a4958", "encoding": 1, "file": "0x6b1fe0", "internal": "0x600380"}
[Detaching after fork from child process 1075099]
{"event": "lzclose_counter", "monotonic_ns": 343535829814122, "close_count": 15, "pointer": "0x9a4958", "encoding": 1, "file": "0x6b1fe0", "internal": "0x600380"}
[Detaching after fork from child process 1075119]
{"event": "lzclose_counter", "monotonic_ns": 343882281418073, "close_count": 16, "pointer": "0x9a4958", "encoding": 1, "file": "0x6b1fe0", "internal": "0x443828"}
[Detaching after fork from child process 1075978]
{"event": "lzclose_counter", "monotonic_ns": 344567903985108, "close_count": 17, "pointer": "0x9a4958", "encoding": 1, "file": "0x6b1fe0", "internal": "0x600380"}
[Detaching after fork from child process 1077865]
{"event": "lzclose_counter", "monotonic_ns": 344591424841516, "close_count": 18, "pointer": "0x9a4958", "encoding": 1, "file": "0x6b1fe0", "internal": "0x42b268"}
[Detaching after fork from child process 1077902]
{"event": "lzopen_entry", "monotonic_ns": 344593722534459, "close_count": 18, "mode_pointer": "0x407fef5c", "raw_hex": "77 35 54 31 00 b0 b1 40 68 ef 72 00 80 ef 7f 40", "raw_printable": "w5T1...@h.r....@", "first_nul": 4, "next_nul": 11, "after_first_nul_hex": "b0 b1 40 68 ef 72", "after_first_nul_printable": "..@h.r", "segment_complete": true, "contains_r_in_segment": true}
{"event": "lzopen_return", "monotonic_ns": 344593727494199, "close_count": 18, "pointer": "0x9a4958", "encoding": 0, "file": "0x6b1fe0", "internal": "0x925500"}
{"event": "cpio_header_entry", "monotonic_ns": 344593731499981, "close_count": 18, "cpio": "0x447000", "fd": "0x72ef68", "fps": "0x41ff18", "io": "0x40b1c564", "ioname": "xzdio", "name": "xz", "fp": "0x9a4958", "path": "./usr/lib/debug", "open_pointer": "0x9a4958", "equal_to_open": true}
{"event": "lzwrite_entry", "monotonic_ns": 344593733563634, "close_count": 18, "pointer": "0x9a4958", "length": 6, "open_pointer": "0x9a4958", "equal_to_open": true, "encoding": 0, "file": "0x6b1fe0", "internal": "0x925500"}
{"event": "lzclose_counter", "monotonic_ns": 344593738865351, "close_count": 19, "pointer": "0x9a4958", "encoding": 0, "file": "0x6b1fe0", "internal": "0x925500"}
[Inferior 1 (process 1010258) exited with code 01]
{"event": "gdb_continue_returned", "monotonic_ns": 344593797144388, "close_count": 19, "inferior_pid": 0}
