RPM progress/R100/downloads/static_archives/base/tensorflow2-lite-devel-2.18.0-1.1.aarch64.rpm
Name: tensorflow-lite
Description: This is a standalone package of TensorFlow Lite.
Version: 2.18.0
Libs: -L/usr/lib64 -ltensorflow2-lite
Cflags: -I/usr/include/tensorflow2/
RPM progress/R100/downloads/static_archives/base/tensorflow2-lite-devel-2.18.0-1.1.armv7l.rpm
Name: tensorflow-lite
Description: This is a standalone package of TensorFlow Lite.
Version: 2.18.0
Libs: -L/usr/lib -ltensorflow2-lite
Cflags: -I/usr/include/tensorflow2/
RPM progress/R100/downloads/static_archives/base/tensorflow2-lite-devel-2.18.0-1.1.x86_64.rpm
Name: tensorflow-lite
Description: This is a standalone package of TensorFlow Lite.
Version: 2.18.0
Libs: -L/usr/lib64 -ltensorflow2-lite
Cflags: -I/usr/include/tensorflow2/
RPM progress/R103/downloads/unified_tensorflow/tensorflow2-lite-devel-2.18.0-1.aarch64.rpm
Name: tensorflow-lite
Description: This is a standalone package of TensorFlow Lite.
Version: 2.18.0
Libs: -L/usr/lib64 -ltensorflow2-lite
Cflags: -I/usr/include/tensorflow2/
RPM progress/R103/downloads/unified_tensorflow/tensorflow2-lite-devel-2.18.0-1.armv7l.rpm
Name: tensorflow-lite
Description: This is a standalone package of TensorFlow Lite.
Version: 2.18.0
Libs: -L/usr/lib -ltensorflow2-lite
Cflags: -I/usr/include/tensorflow2/
RPM progress/R103/downloads/unified_tensorflow/tensorflow2-lite-devel-2.18.0-1.x86_64.rpm
Name: tensorflow-lite
Description: This is a standalone package of TensorFlow Lite.
Version: 2.18.0
Libs: -L/usr/lib64 -ltensorflow2-lite
Cflags: -I/usr/include/tensorflow2/
