COMMAND=/home/toolchain/.local/bin/sdb -s 192.168.108.26:26101 shell cd\ \'/var/tmp/r67_20260825\'\;\ sha256sum\ runtime/fixed/libc++.so.1\ runtime/fixed/libc++abi.so.1\ bin/facility_fixed\ bin/m2_lock_fixed\;\ LD_LIBRARY_PATH=\'/var/tmp/r67_20260825/runtime/fixed\'\ ldd\ bin/async_fixed\;\ LD_DEBUG=libs\ LD_LIBRARY_PATH=\'/var/tmp/r67_20260825/runtime/fixed\'\ bin/normal_fixed\ packaged_normal 
7c62ffed71d33f80ee03dd37c14e2c8e057412e2f14bc0a60dadb9f160fc6824  runtime/fixed/libc++.so.1
1f58fafb1598945ed0f5966178af64f5905e7ee1c5b6dba8a2c93b27fa098666  runtime/fixed/libc++abi.so.1
65bb129ecaf65013bc81acf8a66c8d60b70f6cd11bbe44bf9d30b7c5e00e3ccb  bin/facility_fixed
6fef6a52051036fd729d22f38e3913e97566ffd8ed8ab4398f123a01711dfe21  bin/m2_lock_fixed
	linux-vdso.so.1 (0xbe9ba000)
	libc++.so.1 => /var/tmp/r67_20260825/runtime/fixed/libc++.so.1 (0xb6f01000)
	libc++abi.so.1 => /var/tmp/r67_20260825/runtime/fixed/libc++abi.so.1 (0xb6ede000)
	libpthread.so.0 => /lib/libpthread.so.0 (0xb6ec8000)
	libdl.so.2 => /lib/libdl.so.2 (0xb6ec4000)
	libm.so.6 => /lib/libm.so.6 (0xb6e76000)
	libatomic.so.1 => /lib/libatomic.so.1 (0xb6e6f000)
	libc.so.6 => /lib/libc.so.6 (0xb6d0e000)
	libgcc_s.so.1 => /lib/libgcc_s.so.1 (0xb6cf3000)
	/lib/ld-linux.so.3 (0xb6fcb000)
      1666:	find library=libc++.so.1 [0]; searching
      1666:	 search path=/var/tmp/r67_20260825/runtime/fixed		(LD_LIBRARY_PATH)
      1666:	  trying file=/var/tmp/r67_20260825/runtime/fixed/libc++.so.1
      1666:	
      1666:	find library=libc++abi.so.1 [0]; searching
      1666:	 search path=/var/tmp/r67_20260825/runtime/fixed		(LD_LIBRARY_PATH)
      1666:	  trying file=/var/tmp/r67_20260825/runtime/fixed/libc++abi.so.1
      1666:	
      1666:	find library=libpthread.so.0 [0]; searching
      1666:	 search path=/var/tmp/r67_20260825/runtime/fixed		(LD_LIBRARY_PATH)
      1666:	  trying file=/var/tmp/r67_20260825/runtime/fixed/libpthread.so.0
      1666:	 search cache=/etc/ld.so.cache
      1666:	  trying file=/lib/libpthread.so.0
      1666:	Found entry: /lib/libpthread.so.0 for /opt/var/tmp/r67_20260825/bin/normal_fixed libpthread.so.0
      1666:	
      1666:	find library=libdl.so.2 [0]; searching
      1666:	 search path=/var/tmp/r67_20260825/runtime/fixed		(LD_LIBRARY_PATH)
      1666:	  trying file=/var/tmp/r67_20260825/runtime/fixed/libdl.so.2
      1666:	 search cache=/etc/ld.so.cache
      1666:	  trying file=/lib/libdl.so.2
      1666:	Found entry: /lib/libdl.so.2 for /opt/var/tmp/r67_20260825/bin/normal_fixed libdl.so.2
      1666:	
      1666:	find library=libm.so.6 [0]; searching
      1666:	 search path=/var/tmp/r67_20260825/runtime/fixed		(LD_LIBRARY_PATH)
      1666:	  trying file=/var/tmp/r67_20260825/runtime/fixed/libm.so.6
      1666:	 search cache=/etc/ld.so.cache
      1666:	  trying file=/lib/libm.so.6
      1666:	Found entry: /lib/libm.so.6 for /opt/var/tmp/r67_20260825/bin/normal_fixed libm.so.6
      1666:	
      1666:	find library=libatomic.so.1 [0]; searching
      1666:	 search path=/var/tmp/r67_20260825/runtime/fixed		(LD_LIBRARY_PATH)
      1666:	  trying file=/var/tmp/r67_20260825/runtime/fixed/libatomic.so.1
      1666:	 search cache=/etc/ld.so.cache
      1666:	  trying file=/lib/libatomic.so.1
      1666:	Found entry: /lib/libatomic.so.1 for /opt/var/tmp/r67_20260825/bin/normal_fixed libatomic.so.1
      1666:	
      1666:	find library=libc.so.6 [0]; searching
      1666:	 search path=/var/tmp/r67_20260825/runtime/fixed		(LD_LIBRARY_PATH)
      1666:	  trying file=/var/tmp/r67_20260825/runtime/fixed/libc.so.6
      1666:	 search cache=/etc/ld.so.cache
      1666:	  trying file=/lib/libc.so.6
      1666:	Found entry: /lib/libc.so.6 for /opt/var/tmp/r67_20260825/bin/normal_fixed libc.so.6
      1666:	
      1666:	find library=libgcc_s.so.1 [0]; searching
      1666:	 search path=/var/tmp/r67_20260825/runtime/fixed		(LD_LIBRARY_PATH)
      1666:	  trying file=/var/tmp/r67_20260825/runtime/fixed/libgcc_s.so.1
      1666:	 search cache=/etc/ld.so.cache
      1666:	  trying file=/lib/libgcc_s.so.1
      1666:	Found entry: /lib/libgcc_s.so.1 for /opt/var/tmp/r67_20260825/bin/normal_fixed libgcc_s.so.1
      1666:	
      1666:	
      1666:	calling init: /lib/ld-linux.so.3
      1666:	
      1666:	
      1666:	calling init: /lib/libc.so.6
      1666:	
      1666:	
      1666:	calling init: /lib/libgcc_s.so.1
      1666:	
      1666:	
      1666:	calling init: /lib/libpthread.so.0
      1666:	
      1666:	
      1666:	calling init: /lib/libatomic.so.1
      1666:	
      1666:	
      1666:	calling init: /lib/libm.so.6
      1666:	
      1666:	
      1666:	calling init: /lib/libdl.so.2
      1666:	
      1666:	
      1666:	calling init: /var/tmp/r67_20260825/runtime/fixed/libc++abi.so.1
      1666:	
      1666:	
      1666:	calling init: /var/tmp/r67_20260825/runtime/fixed/libc++.so.1
      1666:	
      1666:	
      1666:	initialize program: bin/normal_fixed
      1666:	
      1666:	
      1666:	transferring control: bin/normal_fixed
      1666:	
MODE=packaged_normal VALUE=24
      1666:	
      1666:	calling fini:  [0]
      1666:	
      1666:	
      1666:	calling fini: /var/tmp/r67_20260825/runtime/fixed/libc++.so.1 [0]
      1666:	
      1666:	
      1666:	calling fini: /var/tmp/r67_20260825/runtime/fixed/libc++abi.so.1 [0]
      1666:	
      1666:	
      1666:	calling fini: /lib/libdl.so.2 [0]
      1666:	
      1666:	
      1666:	calling fini: /lib/libm.so.6 [0]
      1666:	
      1666:	
      1666:	calling fini: /lib/libatomic.so.1 [0]
      1666:	
      1666:	
      1666:	calling fini: /lib/libpthread.so.0 [0]
      1666:	
      1666:	
      1666:	calling fini: /lib/libgcc_s.so.1 [0]
      1666:	
      1666:	
      1666:	calling fini: /lib/libc.so.6 [0]
      1666:	
      1666:	
      1666:	calling fini: /lib/ld-linux.so.3 [0]
      1666:	
