[1/197] Building C object compiler-rt/lib/builtins/CMakeFiles/clang_rt.builtins-x86_64.dir/absvdi2.c.o
[2/197] Building C object compiler-rt/lib/builtins/CMakeFiles/clang_rt.builtins-x86_64.dir/absvsi2.c.o
[3/197] Building C object compiler-rt/lib/builtins/CMakeFiles/clang_rt.builtins-x86_64.dir/absvti2.c.o
[4/197] Building C object compiler-rt/lib/builtins/CMakeFiles/clang_rt.builtins-x86_64.dir/addsf3.c.o
[5/197] Building C object compiler-rt/lib/builtins/CMakeFiles/clang_rt.builtins-x86_64.dir/adddf3.c.o
[6/197] Building C object compiler-rt/lib/builtins/CMakeFiles/clang_rt.builtins-x86_64.dir/addvsi3.c.o
[7/197] Building C object compiler-rt/lib/builtins/CMakeFiles/clang_rt.builtins-x86_64.dir/addvdi3.c.o
[8/197] Building C object compiler-rt/lib/builtins/CMakeFiles/clang_rt.builtins-x86_64.dir/apple_versioning.c.o
[9/197] Building C object compiler-rt/lib/builtins/CMakeFiles/clang_rt.builtins-x86_64.dir/addvti3.c.o
[10/197] Building C object compiler-rt/lib/builtins/CMakeFiles/clang_rt.builtins-x86_64.dir/ashldi3.c.o
[11/197] Building C object compiler-rt/lib/builtins/CMakeFiles/clang_rt.builtins-x86_64.dir/ashlti3.c.o
[12/197] Building C object compiler-rt/lib/builtins/CMakeFiles/clang_rt.builtins-x86_64.dir/ashrdi3.c.o
[13/197] Building C object compiler-rt/lib/builtins/CMakeFiles/clang_rt.builtins-x86_64.dir/ashrti3.c.o
[14/197] Building C object compiler-rt/lib/builtins/CMakeFiles/clang_rt.builtins-x86_64.dir/bswapsi2.c.o
[15/197] Building C object compiler-rt/lib/builtins/CMakeFiles/clang_rt.builtins-x86_64.dir/bswapdi2.c.o
[16/197] Building C object compiler-rt/lib/builtins/CMakeFiles/clang_rt.builtins-x86_64.dir/clzdi2.c.o
[17/197] Building C object compiler-rt/lib/builtins/CMakeFiles/clang_rt.builtins-x86_64.dir/clzsi2.c.o
[18/197] Building C object compiler-rt/lib/builtins/CMakeFiles/clang_rt.builtins-x86_64.dir/clzti2.c.o
[19/197] Building C object compiler-rt/lib/builtins/CMakeFiles/clang_rt.builtins-x86_64.dir/cmpdi2.c.o
[20/197] Building C object compiler-rt/lib/builtins/CMakeFiles/clang_rt.builtins-x86_64.dir/cmpti2.c.o
[21/197] Building C object compiler-rt/lib/builtins/CMakeFiles/clang_rt.builtins-x86_64.dir/comparedf2.c.o
[22/197] Building C object compiler-rt/lib/builtins/CMakeFiles/clang_rt.builtins-x86_64.dir/ctzdi2.c.o
[23/197] Building C object compiler-rt/lib/builtins/CMakeFiles/clang_rt.builtins-x86_64.dir/ctzsi2.c.o
[24/197] Building C object compiler-rt/lib/builtins/CMakeFiles/clang_rt.builtins-x86_64.dir/comparesf2.c.o
[25/197] Building C object compiler-rt/lib/builtins/CMakeFiles/clang_rt.builtins-x86_64.dir/ctzti2.c.o
[26/197] Building C object compiler-rt/lib/builtins/CMakeFiles/clang_rt.builtins-x86_64.dir/divdc3.c.o
[27/197] Building C object compiler-rt/lib/builtins/CMakeFiles/clang_rt.builtins-x86_64.dir/divdi3.c.o
[28/197] Building C object compiler-rt/lib/builtins/CMakeFiles/clang_rt.builtins-x86_64.dir/divdf3.c.o
[29/197] Building C object compiler-rt/lib/builtins/CMakeFiles/clang_rt.builtins-x86_64.dir/divmoddi4.c.o
[30/197] Building C object compiler-rt/lib/builtins/CMakeFiles/clang_rt.builtins-x86_64.dir/divmodsi4.c.o
[31/197] Building C object compiler-rt/lib/builtins/CMakeFiles/clang_rt.builtins-x86_64.dir/divmodti4.c.o
[32/197] Building C object compiler-rt/lib/builtins/CMakeFiles/clang_rt.builtins-x86_64.dir/divsc3.c.o
[33/197] Building C object compiler-rt/lib/builtins/CMakeFiles/clang_rt.builtins-x86_64.dir/divsf3.c.o
[34/197] Building C object compiler-rt/lib/builtins/CMakeFiles/clang_rt.builtins-x86_64.dir/divti3.c.o
[35/197] Building C object compiler-rt/lib/builtins/CMakeFiles/clang_rt.builtins-x86_64.dir/divsi3.c.o
[36/197] Building C object compiler-rt/lib/builtins/CMakeFiles/clang_rt.builtins-x86_64.dir/extendsfdf2.c.o
[37/197] Building C object compiler-rt/lib/builtins/CMakeFiles/clang_rt.builtins-x86_64.dir/extendhfsf2.c.o
[38/197] Building C object compiler-rt/lib/builtins/CMakeFiles/clang_rt.builtins-x86_64.dir/extendhfdf2.c.o
[39/197] Building C object compiler-rt/lib/builtins/CMakeFiles/clang_rt.builtins-x86_64.dir/ffsdi2.c.o
[40/197] Building C object compiler-rt/lib/builtins/CMakeFiles/clang_rt.builtins-x86_64.dir/ffssi2.c.o
[41/197] Building C object compiler-rt/lib/builtins/CMakeFiles/clang_rt.builtins-x86_64.dir/ffsti2.c.o
[42/197] Building C object compiler-rt/lib/builtins/CMakeFiles/clang_rt.builtins-x86_64.dir/fixdfdi.c.o
[43/197] Building C object compiler-rt/lib/builtins/CMakeFiles/clang_rt.builtins-x86_64.dir/fixdfsi.c.o
[44/197] Building C object compiler-rt/lib/builtins/CMakeFiles/clang_rt.builtins-x86_64.dir/fixdfti.c.o
[45/197] Building C object compiler-rt/lib/builtins/CMakeFiles/clang_rt.builtins-x86_64.dir/fixsfdi.c.o
[46/197] Building C object compiler-rt/lib/builtins/CMakeFiles/clang_rt.builtins-x86_64.dir/fixsfsi.c.o
[47/197] Building C object compiler-rt/lib/builtins/CMakeFiles/clang_rt.builtins-x86_64.dir/fixsfti.c.o
[48/197] Building C object compiler-rt/lib/builtins/CMakeFiles/clang_rt.builtins-x86_64.dir/fixunsdfsi.c.o
[49/197] Building C object compiler-rt/lib/builtins/CMakeFiles/clang_rt.builtins-x86_64.dir/fixunsdfdi.c.o
[50/197] Building C object compiler-rt/lib/builtins/CMakeFiles/clang_rt.builtins-x86_64.dir/fixunssfdi.c.o
[51/197] Building C object compiler-rt/lib/builtins/CMakeFiles/clang_rt.builtins-x86_64.dir/fixunsdfti.c.o
[52/197] Building C object compiler-rt/lib/builtins/CMakeFiles/clang_rt.builtins-x86_64.dir/fixunssfsi.c.o
[53/197] Building C object compiler-rt/lib/builtins/CMakeFiles/clang_rt.builtins-x86_64.dir/fixunssfti.c.o
[54/197] Building C object compiler-rt/lib/builtins/CMakeFiles/clang_rt.builtins-x86_64.dir/floatsisf.c.o
[55/197] Building C object compiler-rt/lib/builtins/CMakeFiles/clang_rt.builtins-x86_64.dir/floatsidf.c.o
[56/197] Building C object compiler-rt/lib/builtins/CMakeFiles/clang_rt.builtins-x86_64.dir/floattisf.c.o
[57/197] Building C object compiler-rt/lib/builtins/CMakeFiles/clang_rt.builtins-x86_64.dir/floattidf.c.o
[58/197] Building C object compiler-rt/lib/builtins/CMakeFiles/clang_rt.builtins-x86_64.dir/floatunsisf.c.o
[59/197] Building C object compiler-rt/lib/builtins/CMakeFiles/clang_rt.builtins-x86_64.dir/floatunsidf.c.o
[60/197] Building C object compiler-rt/lib/builtins/CMakeFiles/clang_rt.builtins-x86_64.dir/floatuntisf.c.o
[61/197] Building C object compiler-rt/lib/builtins/CMakeFiles/clang_rt.builtins-x86_64.dir/floatuntidf.c.o
[62/197] Building C object compiler-rt/lib/builtins/CMakeFiles/clang_rt.builtins-x86_64.dir/int_util.c.o
[63/197] Building C object compiler-rt/lib/builtins/CMakeFiles/clang_rt.builtins-x86_64.dir/lshrdi3.c.o
[64/197] Building C object compiler-rt/lib/builtins/CMakeFiles/clang_rt.builtins-x86_64.dir/lshrti3.c.o
[65/197] Building C object compiler-rt/lib/builtins/CMakeFiles/clang_rt.builtins-x86_64.dir/moddi3.c.o
[66/197] Building C object compiler-rt/lib/builtins/CMakeFiles/clang_rt.builtins-x86_64.dir/modsi3.c.o
[67/197] Building C object compiler-rt/lib/builtins/CMakeFiles/clang_rt.builtins-x86_64.dir/modti3.c.o
[68/197] Building C object compiler-rt/lib/builtins/CMakeFiles/clang_rt.builtins-x86_64.dir/muldc3.c.o
[69/197] Building C object compiler-rt/lib/builtins/CMakeFiles/clang_rt.builtins-x86_64.dir/muldf3.c.o
[70/197] Building C object compiler-rt/lib/builtins/CMakeFiles/clang_rt.builtins-x86_64.dir/muldi3.c.o
[71/197] Building C object compiler-rt/lib/builtins/CMakeFiles/clang_rt.builtins-x86_64.dir/mulodi4.c.o
[72/197] Building C object compiler-rt/lib/builtins/CMakeFiles/clang_rt.builtins-x86_64.dir/mulosi4.c.o
[73/197] Building C object compiler-rt/lib/builtins/CMakeFiles/clang_rt.builtins-x86_64.dir/muloti4.c.o
[74/197] Building C object compiler-rt/lib/builtins/CMakeFiles/clang_rt.builtins-x86_64.dir/mulsc3.c.o
[75/197] Building C object compiler-rt/lib/builtins/CMakeFiles/clang_rt.builtins-x86_64.dir/mulsf3.c.o
[76/197] Building C object compiler-rt/lib/builtins/CMakeFiles/clang_rt.builtins-x86_64.dir/multi3.c.o
[77/197] Building C object compiler-rt/lib/builtins/CMakeFiles/clang_rt.builtins-x86_64.dir/mulvdi3.c.o
[78/197] Building C object compiler-rt/lib/builtins/CMakeFiles/clang_rt.builtins-x86_64.dir/mulvsi3.c.o
[79/197] Building C object compiler-rt/lib/builtins/CMakeFiles/clang_rt.builtins-x86_64.dir/mulvti3.c.o
[80/197] Building C object compiler-rt/lib/builtins/CMakeFiles/clang_rt.builtins-x86_64.dir/negdi2.c.o
[81/197] Building C object compiler-rt/lib/builtins/CMakeFiles/clang_rt.builtins-x86_64.dir/negdf2.c.o
[82/197] Building C object compiler-rt/lib/builtins/CMakeFiles/clang_rt.builtins-x86_64.dir/negti2.c.o
[83/197] Building C object compiler-rt/lib/builtins/CMakeFiles/clang_rt.builtins-x86_64.dir/negsf2.c.o
[84/197] Building C object compiler-rt/lib/builtins/CMakeFiles/clang_rt.builtins-x86_64.dir/negvdi2.c.o
[85/197] Building C object compiler-rt/lib/builtins/CMakeFiles/clang_rt.builtins-x86_64.dir/negvsi2.c.o
[86/197] Building C object compiler-rt/lib/builtins/CMakeFiles/clang_rt.builtins-x86_64.dir/os_version_check.c.o
[87/197] Building C object compiler-rt/lib/builtins/CMakeFiles/clang_rt.builtins-x86_64.dir/negvti2.c.o
[88/197] Building C object compiler-rt/lib/builtins/CMakeFiles/clang_rt.builtins-x86_64.dir/paritydi2.c.o
[89/197] Building C object compiler-rt/lib/builtins/CMakeFiles/clang_rt.builtins-x86_64.dir/paritysi2.c.o
[90/197] Building C object compiler-rt/lib/builtins/CMakeFiles/clang_rt.builtins-x86_64.dir/parityti2.c.o
[91/197] Building C object compiler-rt/lib/builtins/CMakeFiles/clang_rt.builtins-x86_64.dir/popcountdi2.c.o
[92/197] Building C object compiler-rt/lib/builtins/CMakeFiles/clang_rt.builtins-x86_64.dir/popcountsi2.c.o
[93/197] Building C object compiler-rt/lib/builtins/CMakeFiles/clang_rt.builtins-x86_64.dir/popcountti2.c.o
[94/197] Building C object compiler-rt/lib/builtins/CMakeFiles/clang_rt.builtins-x86_64.dir/powidf2.c.o
[95/197] Building C object compiler-rt/lib/builtins/CMakeFiles/clang_rt.builtins-x86_64.dir/powisf2.c.o
[96/197] Building C object compiler-rt/lib/builtins/CMakeFiles/clang_rt.builtins-x86_64.dir/subdf3.c.o
[97/197] Building C object compiler-rt/lib/builtins/CMakeFiles/clang_rt.builtins-x86_64.dir/subsf3.c.o
[98/197] Building C object compiler-rt/lib/builtins/CMakeFiles/clang_rt.builtins-x86_64.dir/subvsi3.c.o
[99/197] Building C object compiler-rt/lib/builtins/CMakeFiles/clang_rt.builtins-x86_64.dir/subvdi3.c.o
[100/197] Building C object compiler-rt/lib/builtins/CMakeFiles/clang_rt.builtins-x86_64.dir/trampoline_setup.c.o
[101/197] Building C object compiler-rt/lib/builtins/CMakeFiles/clang_rt.builtins-x86_64.dir/subvti3.c.o
[102/197] Building C object compiler-rt/lib/builtins/CMakeFiles/clang_rt.builtins-x86_64.dir/truncdfhf2.c.o
[103/197] Building C object compiler-rt/lib/builtins/CMakeFiles/clang_rt.builtins-x86_64.dir/truncdfsf2.c.o
[104/197] Building C object compiler-rt/lib/builtins/CMakeFiles/clang_rt.builtins-x86_64.dir/ucmpdi2.c.o
[105/197] Building C object compiler-rt/lib/builtins/CMakeFiles/clang_rt.builtins-x86_64.dir/truncsfhf2.c.o
[106/197] Building C object compiler-rt/lib/builtins/CMakeFiles/clang_rt.builtins-x86_64.dir/ucmpti2.c.o
[107/197] Building C object compiler-rt/lib/builtins/CMakeFiles/clang_rt.builtins-x86_64.dir/udivdi3.c.o
[108/197] Building C object compiler-rt/lib/builtins/CMakeFiles/clang_rt.builtins-x86_64.dir/udivmodsi4.c.o
[109/197] Building C object compiler-rt/lib/builtins/CMakeFiles/clang_rt.builtins-x86_64.dir/udivmoddi4.c.o
[110/197] Building C object compiler-rt/lib/builtins/CMakeFiles/clang_rt.builtins-x86_64.dir/udivmodti4.c.o
[111/197] Building C object compiler-rt/lib/builtins/CMakeFiles/clang_rt.builtins-x86_64.dir/udivsi3.c.o
[112/197] Building C object compiler-rt/lib/builtins/CMakeFiles/clang_rt.builtins-x86_64.dir/udivti3.c.o
[113/197] Building C object compiler-rt/lib/builtins/CMakeFiles/clang_rt.builtins-x86_64.dir/umoddi3.c.o
[114/197] Building C object compiler-rt/lib/builtins/CMakeFiles/clang_rt.builtins-x86_64.dir/umodsi3.c.o
[115/197] Building C object compiler-rt/lib/builtins/CMakeFiles/clang_rt.builtins-x86_64.dir/umodti3.c.o
[116/197] Building C object compiler-rt/lib/builtins/CMakeFiles/clang_rt.builtins-x86_64.dir/emutls.c.o
[117/197] Building C object compiler-rt/lib/builtins/CMakeFiles/clang_rt.builtins-x86_64.dir/enable_execute_stack.c.o
[118/197] Building C object compiler-rt/lib/builtins/CMakeFiles/clang_rt.builtins-x86_64.dir/eprintf.c.o
[119/197] Building C object compiler-rt/lib/builtins/CMakeFiles/clang_rt.builtins-x86_64.dir/gcc_personality_v0.c.o
[120/197] Building C object compiler-rt/lib/builtins/CMakeFiles/clang_rt.builtins-x86_64.dir/clear_cache.c.o
[121/197] Building C object compiler-rt/lib/builtins/CMakeFiles/clang_rt.builtins-x86_64.dir/addtf3.c.o
[122/197] Building C object compiler-rt/lib/builtins/CMakeFiles/clang_rt.builtins-x86_64.dir/comparetf2.c.o
[123/197] Building C object compiler-rt/lib/builtins/CMakeFiles/clang_rt.builtins-x86_64.dir/divtc3.c.o
[124/197] Building C object compiler-rt/lib/builtins/CMakeFiles/clang_rt.builtins-x86_64.dir/divtf3.c.o
[125/197] Building C object compiler-rt/lib/builtins/CMakeFiles/clang_rt.builtins-x86_64.dir/extenddftf2.c.o
[126/197] Building C object compiler-rt/lib/builtins/CMakeFiles/clang_rt.builtins-x86_64.dir/extendhftf2.c.o
[127/197] Building C object compiler-rt/lib/builtins/CMakeFiles/clang_rt.builtins-x86_64.dir/extendsftf2.c.o
[128/197] Building C object compiler-rt/lib/builtins/CMakeFiles/clang_rt.builtins-x86_64.dir/fixtfdi.c.o
[129/197] Building C object compiler-rt/lib/builtins/CMakeFiles/clang_rt.builtins-x86_64.dir/fixtfsi.c.o
[130/197] Building C object compiler-rt/lib/builtins/CMakeFiles/clang_rt.builtins-x86_64.dir/fixtfti.c.o
[131/197] Building C object compiler-rt/lib/builtins/CMakeFiles/clang_rt.builtins-x86_64.dir/fixunstfdi.c.o
[132/197] Building C object compiler-rt/lib/builtins/CMakeFiles/clang_rt.builtins-x86_64.dir/fixunstfsi.c.o
[133/197] Building C object compiler-rt/lib/builtins/CMakeFiles/clang_rt.builtins-x86_64.dir/fixunstfti.c.o
[134/197] Building C object compiler-rt/lib/builtins/CMakeFiles/clang_rt.builtins-x86_64.dir/floatditf.c.o
[135/197] Building C object compiler-rt/lib/builtins/CMakeFiles/clang_rt.builtins-x86_64.dir/floatsitf.c.o
[136/197] Building C object compiler-rt/lib/builtins/CMakeFiles/clang_rt.builtins-x86_64.dir/floatunditf.c.o
[137/197] Building C object compiler-rt/lib/builtins/CMakeFiles/clang_rt.builtins-x86_64.dir/floattitf.c.o
[138/197] Building C object compiler-rt/lib/builtins/CMakeFiles/clang_rt.builtins-x86_64.dir/floatunsitf.c.o
[139/197] Building C object compiler-rt/lib/builtins/CMakeFiles/clang_rt.builtins-x86_64.dir/floatuntitf.c.o
[140/197] Building C object compiler-rt/lib/builtins/CMakeFiles/clang_rt.builtins-x86_64.dir/multc3.c.o
[141/197] Building C object compiler-rt/lib/builtins/CMakeFiles/clang_rt.builtins-x86_64.dir/multf3.c.o
[142/197] Building C object compiler-rt/lib/builtins/CMakeFiles/clang_rt.builtins-x86_64.dir/powitf2.c.o
[143/197] Building C object compiler-rt/lib/builtins/CMakeFiles/clang_rt.builtins-x86_64.dir/subtf3.c.o
[144/197] Building C object compiler-rt/lib/builtins/CMakeFiles/clang_rt.builtins-x86_64.dir/trunctfdf2.c.o
[145/197] Building C object compiler-rt/lib/builtins/CMakeFiles/clang_rt.builtins-x86_64.dir/trunctfhf2.c.o
[146/197] Building C object compiler-rt/lib/builtins/CMakeFiles/clang_rt.builtins-x86_64.dir/trunctfsf2.c.o
[147/197] Building C object compiler-rt/lib/builtins/CMakeFiles/clang_rt.builtins-x86_64.dir/i386/fp_mode.c.o
[148/197] Building C object compiler-rt/lib/builtins/CMakeFiles/clang_rt.builtins-x86_64.dir/x86_64/floatdidf.c.o
[149/197] Building C object compiler-rt/lib/builtins/CMakeFiles/clang_rt.builtins-x86_64.dir/x86_64/floatdisf.c.o
[150/197] Building C object compiler-rt/lib/builtins/CMakeFiles/clang_rt.builtins-x86_64.dir/cpu_model/x86.c.o
[151/197] Building ASM object compiler-rt/lib/builtins/CMakeFiles/clang_rt.builtins-x86_64.dir/x86_64/floatundidf.S.o
[152/197] Building ASM object compiler-rt/lib/builtins/CMakeFiles/clang_rt.builtins-x86_64.dir/x86_64/floatundisf.S.o
[153/197] Building C object compiler-rt/lib/builtins/CMakeFiles/clang_rt.builtins-x86_64.dir/divxc3.c.o
[154/197] Building C object compiler-rt/lib/builtins/CMakeFiles/clang_rt.builtins-x86_64.dir/extendhfxf2.c.o
[155/197] Building C object compiler-rt/lib/builtins/CMakeFiles/clang_rt.builtins-x86_64.dir/extendxftf2.c.o
[156/197] Building C object compiler-rt/lib/builtins/CMakeFiles/clang_rt.builtins-x86_64.dir/fixxfdi.c.o
[157/197] Building C object compiler-rt/lib/builtins/CMakeFiles/clang_rt.builtins-x86_64.dir/fixxfti.c.o
[158/197] Building C object compiler-rt/lib/builtins/CMakeFiles/clang_rt.builtins-x86_64.dir/fixunsxfdi.c.o
[159/197] Building C object compiler-rt/lib/builtins/CMakeFiles/clang_rt.builtins-x86_64.dir/fixunsxfsi.c.o
[160/197] Building C object compiler-rt/lib/builtins/CMakeFiles/clang_rt.builtins-x86_64.dir/fixunsxfti.c.o
[161/197] Building C object compiler-rt/lib/builtins/CMakeFiles/clang_rt.builtins-x86_64.dir/floattixf.c.o
[162/197] Building C object compiler-rt/lib/builtins/CMakeFiles/clang_rt.builtins-x86_64.dir/floatuntixf.c.o
[163/197] Building C object compiler-rt/lib/builtins/CMakeFiles/clang_rt.builtins-x86_64.dir/powixf2.c.o
[164/197] Building C object compiler-rt/lib/builtins/CMakeFiles/clang_rt.builtins-x86_64.dir/mulxc3.c.o
[165/197] Building C object compiler-rt/lib/builtins/CMakeFiles/clang_rt.builtins-x86_64.dir/truncxfhf2.c.o
[166/197] Building C object compiler-rt/lib/builtins/CMakeFiles/clang_rt.builtins-x86_64.dir/trunctfxf2.c.o
[167/197] Building C object compiler-rt/lib/builtins/CMakeFiles/clang_rt.builtins-x86_64.dir/x86_64/floatdixf.c.o
[168/197] Building ASM object compiler-rt/lib/builtins/CMakeFiles/clang_rt.builtins-x86_64.dir/x86_64/floatundixf.S.o
[169/197] Building C object compiler-rt/lib/builtins/CMakeFiles/clang_rt.builtins-x86_64.dir/extendbfsf2.c.o
[170/197] Building C object compiler-rt/lib/builtins/CMakeFiles/clang_rt.builtins-x86_64.dir/truncdfbf2.c.o
[171/197] Building C object compiler-rt/lib/builtins/CMakeFiles/clang_rt.builtins-x86_64.dir/truncxfbf2.c.o
[172/197] Building C object compiler-rt/lib/builtins/CMakeFiles/clang_rt.builtins-x86_64.dir/truncsfbf2.c.o
[173/197] cd /home/toolchain/development/libcxx_runtime_validation/tmp/R116/build-native && /home/toolchain/development/libc++_replacement/progress/R33/tools/tizen-clang -E -xc /home/toolchain/development/libcxx_runtime_validation/codes/llvm/llvm-libgcc/gcc_s.ver.in -o /home/toolchain/development/libcxx_runtime_validation/tmp/R116/build-native/gcc_s.ver
[174/197] Building C object compiler-rt/lib/builtins/CMakeFiles/clang_rt.builtins-x86_64.dir/trunctfbf2.c.o
[175/197] Linking C static library compiler-rt/lib/linux/libclang_rt.builtins-x86_64.a
[176/197] Building CXX object libunwind/src/CMakeFiles/unwind_shared_objects.dir/Unwind-EHABI.cpp.o
[177/197] Building CXX object libunwind/src/CMakeFiles/unwind_shared_objects.dir/Unwind-seh.cpp.o
[178/197] Building C object libunwind/src/CMakeFiles/unwind_shared_objects.dir/UnwindLevel1.c.o
[179/197] Building C object libunwind/src/CMakeFiles/unwind_shared_objects.dir/UnwindLevel1-gcc-ext.c.o
[180/197] Building C object libunwind/src/CMakeFiles/unwind_shared_objects.dir/Unwind-sjlj.c.o
[181/197] Building C object libunwind/src/CMakeFiles/unwind_shared_objects.dir/Unwind-wasm.c.o
[182/197] Building ASM object libunwind/src/CMakeFiles/unwind_shared_objects.dir/UnwindRegistersRestore.S.o
[183/197] Building CXX object libunwind/src/CMakeFiles/unwind_shared_objects.dir/libunwind.cpp.o
[184/197] Building ASM object libunwind/src/CMakeFiles/unwind_shared_objects.dir/UnwindRegistersSave.S.o
[185/197] Linking C shared library lib/libunwind.so.1.0
FAILED: [code=1] lib/libunwind.so.1.0 
: && /home/toolchain/development/libc++_replacement/progress/R33/tools/tizen-clang --target=x86_64-tizen-linux-gnu -fPIC -O3 -DNDEBUG  -shared --unwindlib=none -Wl,--version-script,/home/toolchain/development/libcxx_runtime_validation/tmp/R116/build-native/gcc_s.ver -Wl,-soname,libunwind.so.1 -o lib/libunwind.so.1.0 libunwind/src/CMakeFiles/unwind_shared_objects.dir/libunwind.cpp.o libunwind/src/CMakeFiles/unwind_shared_objects.dir/Unwind-EHABI.cpp.o libunwind/src/CMakeFiles/unwind_shared_objects.dir/Unwind-seh.cpp.o libunwind/src/CMakeFiles/unwind_shared_objects.dir/UnwindLevel1.c.o libunwind/src/CMakeFiles/unwind_shared_objects.dir/UnwindLevel1-gcc-ext.c.o libunwind/src/CMakeFiles/unwind_shared_objects.dir/Unwind-sjlj.c.o libunwind/src/CMakeFiles/unwind_shared_objects.dir/Unwind-wasm.c.o libunwind/src/CMakeFiles/unwind_shared_objects.dir/UnwindRegistersRestore.S.o libunwind/src/CMakeFiles/unwind_shared_objects.dir/UnwindRegistersSave.S.o  compiler-rt/lib/builtins/CMakeFiles/clang_rt.builtins-x86_64.dir/./absvdi2.c.o  compiler-rt/lib/builtins/CMakeFiles/clang_rt.builtins-x86_64.dir/./absvsi2.c.o  compiler-rt/lib/builtins/CMakeFiles/clang_rt.builtins-x86_64.dir/./absvti2.c.o  compiler-rt/lib/builtins/CMakeFiles/clang_rt.builtins-x86_64.dir/./adddf3.c.o  compiler-rt/lib/builtins/CMakeFiles/clang_rt.builtins-x86_64.dir/./addsf3.c.o  compiler-rt/lib/builtins/CMakeFiles/clang_rt.builtins-x86_64.dir/./addvdi3.c.o  compiler-rt/lib/builtins/CMakeFiles/clang_rt.builtins-x86_64.dir/./addvsi3.c.o  compiler-rt/lib/builtins/CMakeFiles/clang_rt.builtins-x86_64.dir/./addvti3.c.o  compiler-rt/lib/builtins/CMakeFiles/clang_rt.builtins-x86_64.dir/./apple_versioning.c.o  compiler-rt/lib/builtins/CMakeFiles/clang_rt.builtins-x86_64.dir/./ashldi3.c.o  compiler-rt/lib/builtins/CMakeFiles/clang_rt.builtins-x86_64.dir/./ashlti3.c.o  compiler-rt/lib/builtins/CMakeFiles/clang_rt.builtins-x86_64.dir/./ashrdi3.c.o  compiler-rt/lib/builtins/CMakeFiles/clang_rt.builtins-x86_64.dir/./ashrti3.c.o  compiler-rt/lib/builtins/CMakeFiles/clang_rt.builtins-x86_64.dir/./bswapdi2.c.o  compiler-rt/lib/builtins/CMakeFiles/clang_rt.builtins-x86_64.dir/./bswapsi2.c.o  compiler-rt/lib/builtins/CMakeFiles/clang_rt.builtins-x86_64.dir/./clzdi2.c.o  compiler-rt/lib/builtins/CMakeFiles/clang_rt.builtins-x86_64.dir/./clzsi2.c.o  compiler-rt/lib/builtins/CMakeFiles/clang_rt.builtins-x86_64.dir/./clzti2.c.o  compiler-rt/lib/builtins/CMakeFiles/clang_rt.builtins-x86_64.dir/./cmpdi2.c.o  compiler-rt/lib/builtins/CMakeFiles/clang_rt.builtins-x86_64.dir/./cmpti2.c.o  compiler-rt/lib/builtins/CMakeFiles/clang_rt.builtins-x86_64.dir/./comparedf2.c.o  compiler-rt/lib/builtins/CMakeFiles/clang_rt.builtins-x86_64.dir/./comparesf2.c.o  compiler-rt/lib/builtins/CMakeFiles/clang_rt.builtins-x86_64.dir/./ctzdi2.c.o  compiler-rt/lib/builtins/CMakeFiles/clang_rt.builtins-x86_64.dir/./ctzsi2.c.o  compiler-rt/lib/builtins/CMakeFiles/clang_rt.builtins-x86_64.dir/./ctzti2.c.o  compiler-rt/lib/builtins/CMakeFiles/clang_rt.builtins-x86_64.dir/./divdc3.c.o  compiler-rt/lib/builtins/CMakeFiles/clang_rt.builtins-x86_64.dir/./divdf3.c.o  compiler-rt/lib/builtins/CMakeFiles/clang_rt.builtins-x86_64.dir/./divdi3.c.o  compiler-rt/lib/builtins/CMakeFiles/clang_rt.builtins-x86_64.dir/./divmoddi4.c.o  compiler-rt/lib/builtins/CMakeFiles/clang_rt.builtins-x86_64.dir/./divmodsi4.c.o  compiler-rt/lib/builtins/CMakeFiles/clang_rt.builtins-x86_64.dir/./divmodti4.c.o  compiler-rt/lib/builtins/CMakeFiles/clang_rt.builtins-x86_64.dir/./divsc3.c.o  compiler-rt/lib/builtins/CMakeFiles/clang_rt.builtins-x86_64.dir/./divsf3.c.o  compiler-rt/lib/builtins/CMakeFiles/clang_rt.builtins-x86_64.dir/./divsi3.c.o  compiler-rt/lib/builtins/CMakeFiles/clang_rt.builtins-x86_64.dir/./divti3.c.o  compiler-rt/lib/builtins/CMakeFiles/clang_rt.builtins-x86_64.dir/./extendsfdf2.c.o  compiler-rt/lib/builtins/CMakeFiles/clang_rt.builtins-x86_64.dir/./extendhfsf2.c.o  compiler-rt/lib/builtins/CMakeFiles/clang_rt.builtins-x86_64.dir/./extendhfdf2.c.o  compiler-rt/lib/builtins/CMakeFiles/clang_rt.builtins-x86_64.dir/./ffsdi2.c.o  compiler-rt/lib/builtins/CMakeFiles/clang_rt.builtins-x86_64.dir/./ffssi2.c.o  compiler-rt/lib/builtins/CMakeFiles/clang_rt.builtins-x86_64.dir/./ffsti2.c.o  compiler-rt/lib/builtins/CMakeFiles/clang_rt.builtins-x86_64.dir/./fixdfdi.c.o  compiler-rt/lib/builtins/CMakeFiles/clang_rt.builtins-x86_64.dir/./fixdfsi.c.o  compiler-rt/lib/builtins/CMakeFiles/clang_rt.builtins-x86_64.dir/./fixdfti.c.o  compiler-rt/lib/builtins/CMakeFiles/clang_rt.builtins-x86_64.dir/./fixsfdi.c.o  compiler-rt/lib/builtins/CMakeFiles/clang_rt.builtins-x86_64.dir/./fixsfsi.c.o  compiler-rt/lib/builtins/CMakeFiles/clang_rt.builtins-x86_64.dir/./fixsfti.c.o  compiler-rt/lib/builtins/CMakeFiles/clang_rt.builtins-x86_64.dir/./fixunsdfdi.c.o  compiler-rt/lib/builtins/CMakeFiles/clang_rt.builtins-x86_64.dir/./fixunsdfsi.c.o  compiler-rt/lib/builtins/CMakeFiles/clang_rt.builtins-x86_64.dir/./fixunsdfti.c.o  compiler-rt/lib/builtins/CMakeFiles/clang_rt.builtins-x86_64.dir/./fixunssfdi.c.o  compiler-rt/lib/builtins/CMakeFiles/clang_rt.builtins-x86_64.dir/./fixunssfsi.c.o  compiler-rt/lib/builtins/CMakeFiles/clang_rt.builtins-x86_64.dir/./fixunssfti.c.o  compiler-rt/lib/builtins/CMakeFiles/clang_rt.builtins-x86_64.dir/./floatsidf.c.o  compiler-rt/lib/builtins/CMakeFiles/clang_rt.builtins-x86_64.dir/./floatsisf.c.o  compiler-rt/lib/builtins/CMakeFiles/clang_rt.builtins-x86_64.dir/./floattidf.c.o  compiler-rt/lib/builtins/CMakeFiles/clang_rt.builtins-x86_64.dir/./floattisf.c.o  compiler-rt/lib/builtins/CMakeFiles/clang_rt.builtins-x86_64.dir/./floatunsidf.c.o  compiler-rt/lib/builtins/CMakeFiles/clang_rt.builtins-x86_64.dir/./floatunsisf.c.o  compiler-rt/lib/builtins/CMakeFiles/clang_rt.builtins-x86_64.dir/./floatuntidf.c.o  compiler-rt/lib/builtins/CMakeFiles/clang_rt.builtins-x86_64.dir/./floatuntisf.c.o  compiler-rt/lib/builtins/CMakeFiles/clang_rt.builtins-x86_64.dir/./int_util.c.o  compiler-rt/lib/builtins/CMakeFiles/clang_rt.builtins-x86_64.dir/./lshrdi3.c.o  compiler-rt/lib/builtins/CMakeFiles/clang_rt.builtins-x86_64.dir/./lshrti3.c.o  compiler-rt/lib/builtins/CMakeFiles/clang_rt.builtins-x86_64.dir/./moddi3.c.o  compiler-rt/lib/builtins/CMakeFiles/clang_rt.builtins-x86_64.dir/./modsi3.c.o  compiler-rt/lib/builtins/CMakeFiles/clang_rt.builtins-x86_64.dir/./modti3.c.o  compiler-rt/lib/builtins/CMakeFiles/clang_rt.builtins-x86_64.dir/./muldc3.c.o  compiler-rt/lib/builtins/CMakeFiles/clang_rt.builtins-x86_64.dir/./muldf3.c.o  compiler-rt/lib/builtins/CMakeFiles/clang_rt.builtins-x86_64.dir/./muldi3.c.o  compiler-rt/lib/builtins/CMakeFiles/clang_rt.builtins-x86_64.dir/./mulodi4.c.o  compiler-rt/lib/builtins/CMakeFiles/clang_rt.builtins-x86_64.dir/./mulosi4.c.o  compiler-rt/lib/builtins/CMakeFiles/clang_rt.builtins-x86_64.dir/./muloti4.c.o  compiler-rt/lib/builtins/CMakeFiles/clang_rt.builtins-x86_64.dir/./mulsc3.c.o  compiler-rt/lib/builtins/CMakeFiles/clang_rt.builtins-x86_64.dir/./mulsf3.c.o  compiler-rt/lib/builtins/CMakeFiles/clang_rt.builtins-x86_64.dir/./multi3.c.o  compiler-rt/lib/builtins/CMakeFiles/clang_rt.builtins-x86_64.dir/./mulvdi3.c.o  compiler-rt/lib/builtins/CMakeFiles/clang_rt.builtins-x86_64.dir/./mulvsi3.c.o  compiler-rt/lib/builtins/CMakeFiles/clang_rt.builtins-x86_64.dir/./mulvti3.c.o  compiler-rt/lib/builtins/CMakeFiles/clang_rt.builtins-x86_64.dir/./negdf2.c.o  compiler-rt/lib/builtins/CMakeFiles/clang_rt.builtins-x86_64.dir/./negdi2.c.o  compiler-rt/lib/builtins/CMakeFiles/clang_rt.builtins-x86_64.dir/./negsf2.c.o  compiler-rt/lib/builtins/CMakeFiles/clang_rt.builtins-x86_64.dir/./negti2.c.o  compiler-rt/lib/builtins/CMakeFiles/clang_rt.builtins-x86_64.dir/./negvdi2.c.o  compiler-rt/lib/builtins/CMakeFiles/clang_rt.builtins-x86_64.dir/./negvsi2.c.o  compiler-rt/lib/builtins/CMakeFiles/clang_rt.builtins-x86_64.dir/./negvti2.c.o  compiler-rt/lib/builtins/CMakeFiles/clang_rt.builtins-x86_64.dir/./os_version_check.c.o  compiler-rt/lib/builtins/CMakeFiles/clang_rt.builtins-x86_64.dir/./paritydi2.c.o  compiler-rt/lib/builtins/CMakeFiles/clang_rt.builtins-x86_64.dir/./paritysi2.c.o  compiler-rt/lib/builtins/CMakeFiles/clang_rt.builtins-x86_64.dir/./parityti2.c.o  compiler-rt/lib/builtins/CMakeFiles/clang_rt.builtins-x86_64.dir/./popcountdi2.c.o  compiler-rt/lib/builtins/CMakeFiles/clang_rt.builtins-x86_64.dir/./popcountsi2.c.o  compiler-rt/lib/builtins/CMakeFiles/clang_rt.builtins-x86_64.dir/./popcountti2.c.o  compiler-rt/lib/builtins/CMakeFiles/clang_rt.builtins-x86_64.dir/./powidf2.c.o  compiler-rt/lib/builtins/CMakeFiles/clang_rt.builtins-x86_64.dir/./powisf2.c.o  compiler-rt/lib/builtins/CMakeFiles/clang_rt.builtins-x86_64.dir/./subdf3.c.o  compiler-rt/lib/builtins/CMakeFiles/clang_rt.builtins-x86_64.dir/./subsf3.c.o  compiler-rt/lib/builtins/CMakeFiles/clang_rt.builtins-x86_64.dir/./subvdi3.c.o  compiler-rt/lib/builtins/CMakeFiles/clang_rt.builtins-x86_64.dir/./subvsi3.c.o  compiler-rt/lib/builtins/CMakeFiles/clang_rt.builtins-x86_64.dir/./subvti3.c.o  compiler-rt/lib/builtins/CMakeFiles/clang_rt.builtins-x86_64.dir/./trampoline_setup.c.o  compiler-rt/lib/builtins/CMakeFiles/clang_rt.builtins-x86_64.dir/./truncdfhf2.c.o  compiler-rt/lib/builtins/CMakeFiles/clang_rt.builtins-x86_64.dir/./truncdfsf2.c.o  compiler-rt/lib/builtins/CMakeFiles/clang_rt.builtins-x86_64.dir/./truncsfhf2.c.o  compiler-rt/lib/builtins/CMakeFiles/clang_rt.builtins-x86_64.dir/./ucmpdi2.c.o  compiler-rt/lib/builtins/CMakeFiles/clang_rt.builtins-x86_64.dir/./ucmpti2.c.o  compiler-rt/lib/builtins/CMakeFiles/clang_rt.builtins-x86_64.dir/./udivdi3.c.o  compiler-rt/lib/builtins/CMakeFiles/clang_rt.builtins-x86_64.dir/./udivmoddi4.c.o  compiler-rt/lib/builtins/CMakeFiles/clang_rt.builtins-x86_64.dir/./udivmodsi4.c.o  compiler-rt/lib/builtins/CMakeFiles/clang_rt.builtins-x86_64.dir/./udivmodti4.c.o  compiler-rt/lib/builtins/CMakeFiles/clang_rt.builtins-x86_64.dir/./udivsi3.c.o  compiler-rt/lib/builtins/CMakeFiles/clang_rt.builtins-x86_64.dir/./udivti3.c.o  compiler-rt/lib/builtins/CMakeFiles/clang_rt.builtins-x86_64.dir/./umoddi3.c.o  compiler-rt/lib/builtins/CMakeFiles/clang_rt.builtins-x86_64.dir/./umodsi3.c.o  compiler-rt/lib/builtins/CMakeFiles/clang_rt.builtins-x86_64.dir/./umodti3.c.o  compiler-rt/lib/builtins/CMakeFiles/clang_rt.builtins-x86_64.dir/./emutls.c.o  compiler-rt/lib/builtins/CMakeFiles/clang_rt.builtins-x86_64.dir/./enable_execute_stack.c.o  compiler-rt/lib/builtins/CMakeFiles/clang_rt.builtins-x86_64.dir/./eprintf.c.o  compiler-rt/lib/builtins/CMakeFiles/clang_rt.builtins-x86_64.dir/./gcc_personality_v0.c.o  compiler-rt/lib/builtins/CMakeFiles/clang_rt.builtins-x86_64.dir/./clear_cache.c.o  compiler-rt/lib/builtins/CMakeFiles/clang_rt.builtins-x86_64.dir/./addtf3.c.o  compiler-rt/lib/builtins/CMakeFiles/clang_rt.builtins-x86_64.dir/./comparetf2.c.o  compiler-rt/lib/builtins/CMakeFiles/clang_rt.builtins-x86_64.dir/./divtc3.c.o  compiler-rt/lib/builtins/CMakeFiles/clang_rt.builtins-x86_64.dir/./divtf3.c.o  compiler-rt/lib/builtins/CMakeFiles/clang_rt.builtins-x86_64.dir/./extenddftf2.c.o  compiler-rt/lib/builtins/CMakeFiles/clang_rt.builtins-x86_64.dir/./extendhftf2.c.o  compiler-rt/lib/builtins/CMakeFiles/clang_rt.builtins-x86_64.dir/./extendsftf2.c.o  compiler-rt/lib/builtins/CMakeFiles/clang_rt.builtins-x86_64.dir/./fixtfdi.c.o  compiler-rt/lib/builtins/CMakeFiles/clang_rt.builtins-x86_64.dir/./fixtfsi.c.o  compiler-rt/lib/builtins/CMakeFiles/clang_rt.builtins-x86_64.dir/./fixtfti.c.o  compiler-rt/lib/builtins/CMakeFiles/clang_rt.builtins-x86_64.dir/./fixunstfdi.c.o  compiler-rt/lib/builtins/CMakeFiles/clang_rt.builtins-x86_64.dir/./fixunstfsi.c.o  compiler-rt/lib/builtins/CMakeFiles/clang_rt.builtins-x86_64.dir/./fixunstfti.c.o  compiler-rt/lib/builtins/CMakeFiles/clang_rt.builtins-x86_64.dir/./floatditf.c.o  compiler-rt/lib/builtins/CMakeFiles/clang_rt.builtins-x86_64.dir/./floatsitf.c.o  compiler-rt/lib/builtins/CMakeFiles/clang_rt.builtins-x86_64.dir/./floattitf.c.o  compiler-rt/lib/builtins/CMakeFiles/clang_rt.builtins-x86_64.dir/./floatunditf.c.o  compiler-rt/lib/builtins/CMakeFiles/clang_rt.builtins-x86_64.dir/./floatunsitf.c.o  compiler-rt/lib/builtins/CMakeFiles/clang_rt.builtins-x86_64.dir/./floatuntitf.c.o  compiler-rt/lib/builtins/CMakeFiles/clang_rt.builtins-x86_64.dir/./multc3.c.o  compiler-rt/lib/builtins/CMakeFiles/clang_rt.builtins-x86_64.dir/./multf3.c.o  compiler-rt/lib/builtins/CMakeFiles/clang_rt.builtins-x86_64.dir/./powitf2.c.o  compiler-rt/lib/builtins/CMakeFiles/clang_rt.builtins-x86_64.dir/./subtf3.c.o  compiler-rt/lib/builtins/CMakeFiles/clang_rt.builtins-x86_64.dir/./trunctfdf2.c.o  compiler-rt/lib/builtins/CMakeFiles/clang_rt.builtins-x86_64.dir/./trunctfhf2.c.o  compiler-rt/lib/builtins/CMakeFiles/clang_rt.builtins-x86_64.dir/./trunctfsf2.c.o  compiler-rt/lib/builtins/CMakeFiles/clang_rt.builtins-x86_64.dir/./cpu_model/x86.c.o  compiler-rt/lib/builtins/CMakeFiles/clang_rt.builtins-x86_64.dir/./i386/fp_mode.c.o  compiler-rt/lib/builtins/CMakeFiles/clang_rt.builtins-x86_64.dir/./x86_64/floatdidf.c.o  compiler-rt/lib/builtins/CMakeFiles/clang_rt.builtins-x86_64.dir/./x86_64/floatdisf.c.o  compiler-rt/lib/builtins/CMakeFiles/clang_rt.builtins-x86_64.dir/./x86_64/floatundidf.S.o  compiler-rt/lib/builtins/CMakeFiles/clang_rt.builtins-x86_64.dir/./x86_64/floatundisf.S.o  compiler-rt/lib/builtins/CMakeFiles/clang_rt.builtins-x86_64.dir/./divxc3.c.o  compiler-rt/lib/builtins/CMakeFiles/clang_rt.builtins-x86_64.dir/./extendhfxf2.c.o  compiler-rt/lib/builtins/CMakeFiles/clang_rt.builtins-x86_64.dir/./extendxftf2.c.o  compiler-rt/lib/builtins/CMakeFiles/clang_rt.builtins-x86_64.dir/./fixxfdi.c.o  compiler-rt/lib/builtins/CMakeFiles/clang_rt.builtins-x86_64.dir/./fixxfti.c.o  compiler-rt/lib/builtins/CMakeFiles/clang_rt.builtins-x86_64.dir/./fixunsxfdi.c.o  compiler-rt/lib/builtins/CMakeFiles/clang_rt.builtins-x86_64.dir/./fixunsxfsi.c.o  compiler-rt/lib/builtins/CMakeFiles/clang_rt.builtins-x86_64.dir/./fixunsxfti.c.o  compiler-rt/lib/builtins/CMakeFiles/clang_rt.builtins-x86_64.dir/./floattixf.c.o  compiler-rt/lib/builtins/CMakeFiles/clang_rt.builtins-x86_64.dir/./floatuntixf.c.o  compiler-rt/lib/builtins/CMakeFiles/clang_rt.builtins-x86_64.dir/./mulxc3.c.o  compiler-rt/lib/builtins/CMakeFiles/clang_rt.builtins-x86_64.dir/./powixf2.c.o  compiler-rt/lib/builtins/CMakeFiles/clang_rt.builtins-x86_64.dir/./trunctfxf2.c.o  compiler-rt/lib/builtins/CMakeFiles/clang_rt.builtins-x86_64.dir/./truncxfhf2.c.o  compiler-rt/lib/builtins/CMakeFiles/clang_rt.builtins-x86_64.dir/./x86_64/floatdixf.c.o  compiler-rt/lib/builtins/CMakeFiles/clang_rt.builtins-x86_64.dir/./x86_64/floatundixf.S.o  compiler-rt/lib/builtins/CMakeFiles/clang_rt.builtins-x86_64.dir/./extendbfsf2.c.o  compiler-rt/lib/builtins/CMakeFiles/clang_rt.builtins-x86_64.dir/./truncdfbf2.c.o  compiler-rt/lib/builtins/CMakeFiles/clang_rt.builtins-x86_64.dir/./truncxfbf2.c.o  compiler-rt/lib/builtins/CMakeFiles/clang_rt.builtins-x86_64.dir/./truncsfbf2.c.o  compiler-rt/lib/builtins/CMakeFiles/clang_rt.builtins-x86_64.dir/./trunctfbf2.c.o  -lm  -ldl  -lpthread && :
/home/toolchain/development/libc++_replacement/tmp/GBS-ROOT/R32-candidates-libcxx-x86_64-20260813-02/local/BUILD-ROOTS/scratch.x86_64.0/usr/bin/ld: duplicate version tag `GCC_3.0'
/home/toolchain/development/libc++_replacement/tmp/GBS-ROOT/R32-candidates-libcxx-x86_64-20260813-02/local/BUILD-ROOTS/scratch.x86_64.0/usr/bin/ld: duplicate version tag `GCC_3.4'
/home/toolchain/development/libc++_replacement/tmp/GBS-ROOT/R32-candidates-libcxx-x86_64-20260813-02/local/BUILD-ROOTS/scratch.x86_64.0/usr/bin/ld: duplicate version tag `GCC_3.0'
/home/toolchain/development/libc++_replacement/tmp/GBS-ROOT/R32-candidates-libcxx-x86_64-20260813-02/local/BUILD-ROOTS/scratch.x86_64.0/usr/bin/ld: duplicate version tag `GCC_3.0'
/home/toolchain/development/libc++_replacement/tmp/GBS-ROOT/R32-candidates-libcxx-x86_64-20260813-02/local/BUILD-ROOTS/scratch.x86_64.0/usr/bin/ld: duplicate version tag `GCC_4.0.0'
/home/toolchain/development/libc++_replacement/tmp/GBS-ROOT/R32-candidates-libcxx-x86_64-20260813-02/local/BUILD-ROOTS/scratch.x86_64.0/usr/bin/ld: duplicate version tag `GCC_3.0'
/home/toolchain/development/libc++_replacement/tmp/GBS-ROOT/R32-candidates-libcxx-x86_64-20260813-02/local/BUILD-ROOTS/scratch.x86_64.0/usr/bin/ld: duplicate version tag `GCC_3.0'
/home/toolchain/development/libc++_replacement/tmp/GBS-ROOT/R32-candidates-libcxx-x86_64-20260813-02/local/BUILD-ROOTS/scratch.x86_64.0/usr/bin/ld: duplicate version tag `GCC_3.0'
/home/toolchain/development/libc++_replacement/tmp/GBS-ROOT/R32-candidates-libcxx-x86_64-20260813-02/local/BUILD-ROOTS/scratch.x86_64.0/usr/bin/ld: duplicate version tag `GCC_3.3'
/home/toolchain/development/libc++_replacement/tmp/GBS-ROOT/R32-candidates-libcxx-x86_64-20260813-02/local/BUILD-ROOTS/scratch.x86_64.0/usr/bin/ld: duplicate version tag `GCC_4.2.0'
/home/toolchain/development/libc++_replacement/tmp/GBS-ROOT/R32-candidates-libcxx-x86_64-20260813-02/local/BUILD-ROOTS/scratch.x86_64.0/usr/bin/ld: duplicate version tag `GCC_3.0'
/home/toolchain/development/libc++_replacement/tmp/GBS-ROOT/R32-candidates-libcxx-x86_64-20260813-02/local/BUILD-ROOTS/scratch.x86_64.0/usr/bin/ld: duplicate version tag `GCC_3.0'
/home/toolchain/development/libc++_replacement/tmp/GBS-ROOT/R32-candidates-libcxx-x86_64-20260813-02/local/BUILD-ROOTS/scratch.x86_64.0/usr/bin/ld: duplicate version tag `GCC_3.0'
/home/toolchain/development/libc++_replacement/tmp/GBS-ROOT/R32-candidates-libcxx-x86_64-20260813-02/local/BUILD-ROOTS/scratch.x86_64.0/usr/bin/ld: duplicate version tag `GCC_3.0'
/home/toolchain/development/libc++_replacement/tmp/GBS-ROOT/R32-candidates-libcxx-x86_64-20260813-02/local/BUILD-ROOTS/scratch.x86_64.0/usr/bin/ld: duplicate version tag `GCC_4.2.0'
/home/toolchain/development/libc++_replacement/tmp/GBS-ROOT/R32-candidates-libcxx-x86_64-20260813-02/local/BUILD-ROOTS/scratch.x86_64.0/usr/bin/ld: duplicate version tag `GCC_4.2.0'
/home/toolchain/development/libc++_replacement/tmp/GBS-ROOT/R32-candidates-libcxx-x86_64-20260813-02/local/BUILD-ROOTS/scratch.x86_64.0/usr/bin/ld: duplicate version tag `GCC_4.3.0'
clang: error: linker command failed with exit code 1 (use -v to see invocation)
[186/197] Building CXX object libunwind/src/CMakeFiles/unwind_static_objects.dir/libunwind.cpp.o
ninja: build stopped: subcommand failed.
