-- Could NOT find FFI (missing: FFI_LIBRARIES HAVE_FFI_CALL) 
-- Could NOT find LibEdit (missing: LibEdit_INCLUDE_DIRS LibEdit_LIBRARIES) 
-- Could NOT find Terminfo (missing: Terminfo_LIBRARIES Terminfo_LINKABLE) 
-- Could NOT find ZLIB (missing: ZLIB_LIBRARY) (found version "1.3")
-- Could NOT find zstd (missing: zstd_LIBRARY zstd_INCLUDE_DIR) 
-- Could NOT find CURL (missing: CURL_LIBRARY CURL_INCLUDE_DIR) 
-- LLVM_MAIN_SRC_DIR: "/home/toolchain/development/libcxx_runtime_validation/codes/llvm/llvm"
-- cmake c compiler target: x86_64-tizen-linux-gnu
-- Compiler-RT supported architectures: x86_64
-- Builtin supported architectures: x86_64
-- Performing additional configure checks with target flags:  -nodefaultlibs -Werror=array-bounds -Werror=uninitialized -Werror=shadow -Werror=empty-body -Werror=sizeof-pointer-memaccess -Werror=sizeof-array-argument -Werror=suspicious-memaccess -Werror=builtin-memcpy-chk-size -Werror=array-bounds-pointer-arithmetic -Werror=return-stack-address -Werror=sizeof-array-decay -Werror=format-insufficient-args -Wformat -nostdinc++ -Wno-c2y-extensions -fPIC -fno-builtin -fomit-frame-pointer
-- For x86_64 builtins preferring i386/fp_mode.c to fp_mode.c
-- For x86_64 builtins preferring x86_64/floatdidf.c to floatdidf.c
-- For x86_64 builtins preferring x86_64/floatdisf.c to floatdisf.c
-- For x86_64 builtins preferring x86_64/floatundidf.S to floatundidf.c
-- For x86_64 builtins preferring x86_64/floatundisf.S to floatundisf.c
-- For x86_64 builtins preferring x86_64/floatdixf.c to floatdixf.c
-- For x86_64 builtins preferring x86_64/floatundixf.S to floatundixf.c
-- Using libunwind testing configuration: /home/toolchain/development/libcxx_runtime_validation/codes/llvm/libunwind/test/configs/llvm-libunwind-shared.cfg.in
-- cmake c compiler target: x86_64-tizen-linux-gnu
-- Configuring done (0.3s)
-- Generating done (0.0s)
-- Build files have been written to: /home/toolchain/development/libcxx_runtime_validation/tmp/R116/build-native
