== logger artifacts ==
-rw-rw-r-- 1 toolchain toolchain 409 Aug 31 20:09 progress/R83/raw/015_sandbox_gbs_export.command.txt
-rw-rw-r-- 1 toolchain toolchain   2 Aug 31 20:10 progress/R83/raw/015_sandbox_gbs_export.exitcode
-rw-rw-r-- 1 toolchain toolchain   0 Aug 31 20:09 progress/R83/raw/015_sandbox_gbs_export.stderr
-rw-rw-r-- 1 toolchain toolchain 375 Aug 31 20:10 progress/R83/raw/015_sandbox_gbs_export.stdout
== export logs ==
info: tracking branch: origin/upstream -> upstream
info: Generating patches from git (upstream/22.1.8..HEAD)
info: llvm-22.1.8.tar.gz does not exist, creating from 'upstream/22.1.8'
info: Generating patches from git (upstream/22.1.8..HEAD)
info: package files have been exported to:
     /home/toolchain/development/libc++_replacement/tmp/R83/export/libcxx-runtimes-22.1.8-1
== exported files ==
0001-Add-support-for-Tizen-toolchain-vendor.patch	5537
0002-Link-libclang_rt.asan.so-against-libatomic-when-nece.patch	1122
0003-Fix-armv7l-build-when-compiler-is-clang.patch	1408
0004-clang-add-support-for-LLVM-gold-plugin-in-case-of-ac.patch	2175
0005-Merge-MLGO-AOT-compilation-support-and-optimization-.patch	5546
0006-libcxxabi-declare-__gnu_unwind_frame-in-cxa_personal.patch	1389
0007-libc-abi-preserve-foreign-forced-unwind-state.patch	3873
0008-libc-abi-expose-GNU-forced-unwind-marker-type.patch	3885
0009-libcxx-preserve-forced-unwind-in-consumer-instantiat.patch	17762
0010-libcxx-preserve-forced-unwind-in-library-delivered-h.patch	9483
SOURCE_PROVENANCE	3662
libcxx-llvm22.map	30
libcxx-runtimes.manifest	71
libcxx-runtimes.spec	6517
llvm-22.1.8.tar.gz	258009434
llvm.manifest	189
llvm.spec	21380
mlgo_aarch_model.tar.gz	30461764
mlgo_arm_model.tar.gz	28477748
mlgo_x86_model.tar.gz	28652731
== exported patch directives ==
17:# Patches auto-generated by git-buildpackage:
18:Patch0:     0001-Add-support-for-Tizen-toolchain-vendor.patch
19:Patch1:     0002-Link-libclang_rt.asan.so-against-libatomic-when-nece.patch
20:Patch2:     0003-Fix-armv7l-build-when-compiler-is-clang.patch
21:Patch3:     0004-clang-add-support-for-LLVM-gold-plugin-in-case-of-ac.patch
22:Patch4:     0005-Merge-MLGO-AOT-compilation-support-and-optimization-.patch
23:Patch5:     0006-libcxxabi-declare-__gnu_unwind_frame-in-cxa_personal.patch
24:Patch6:     0007-libc-abi-preserve-foreign-forced-unwind-state.patch
25:Patch7:     0008-libc-abi-expose-GNU-forced-unwind-marker-type.patch
26:Patch8:     0009-libcxx-preserve-forced-unwind-in-consumer-instantiat.patch
27:Patch9:     0010-libcxx-preserve-forced-unwind-in-library-delivered-h.patch
74:%patch0 -p1
76:%patch1 -p1
78:%patch2 -p1
80:%patch3 -p1
82:%patch4 -p1
84:%patch5 -p1
86:%patch6 -p1
88:%patch7 -p1
90:%patch8 -p1
92:%patch9 -p1
== patch commit identities/subjects ==
0001-Add-support-for-Tizen-toolchain-vendor.patch	0002-Link-libclang_rt.asan.so-against-libatomic-when-nece.patch	0003-Fix-armv7l-build-when-compiler-is-clang.patch	0004-clang-add-support-for-LLVM-gold-plugin-in-case-of-ac.patch	0005-Merge-MLGO-AOT-compilation-support-and-optimization-.patch	0006-libcxxabi-declare-__gnu_unwind_frame-in-cxa_personal.patch	0007-libc-abi-preserve-foreign-forced-unwind-state.patch	0008-libc-abi-expose-GNU-forced-unwind-marker-type.patch	0009-libcxx-preserve-forced-unwind-in-consumer-instantiat.patch	0010-libcxx-preserve-forced-unwind-in-library-delivered-h.patch	== SHA256 ==
a71a7503e851f4ebe1c192326d832c28f79a81ff1c9db43696d0487c118d587c  tmp/R83/export/libcxx-runtimes-22.1.8-1/0001-Add-support-for-Tizen-toolchain-vendor.patch
cefb73ec25a64f8c70cc0e585dfc688a23eb44b740093755ffaf8ee86f7e716e  tmp/R83/export/libcxx-runtimes-22.1.8-1/0002-Link-libclang_rt.asan.so-against-libatomic-when-nece.patch
9ce436eb2f73e01b112cfeb10d6108e33c719b1db54a8fc404abdc10c367102b  tmp/R83/export/libcxx-runtimes-22.1.8-1/0003-Fix-armv7l-build-when-compiler-is-clang.patch
45d68e84754f93ebe10ba80725e6cbb28826890e344f0ae910e061690105e944  tmp/R83/export/libcxx-runtimes-22.1.8-1/0004-clang-add-support-for-LLVM-gold-plugin-in-case-of-ac.patch
da2cacae22ef8ececf808596b14ff53b6741db23e3f34d7fc5e07a75fa3543c2  tmp/R83/export/libcxx-runtimes-22.1.8-1/0005-Merge-MLGO-AOT-compilation-support-and-optimization-.patch
b9fdf66418276bbb97183be952aab96606c0662b17b95de077e99fecc7d2d79c  tmp/R83/export/libcxx-runtimes-22.1.8-1/0006-libcxxabi-declare-__gnu_unwind_frame-in-cxa_personal.patch
59ff37635de59c0877945ed786c55620f49ecc753143a826fae155fce0656f1c  tmp/R83/export/libcxx-runtimes-22.1.8-1/0007-libc-abi-preserve-foreign-forced-unwind-state.patch
df075c7701b6270e8c7b5f99537de123fa43362f1ba661e723e9c8586096b95d  tmp/R83/export/libcxx-runtimes-22.1.8-1/0008-libc-abi-expose-GNU-forced-unwind-marker-type.patch
735796215763b7fac4a8aa3c65be59bcb82b758c57ba766017d73a2ae03b16d6  tmp/R83/export/libcxx-runtimes-22.1.8-1/0009-libcxx-preserve-forced-unwind-in-consumer-instantiat.patch
d01190373185b2e6b6682b61da12614852ead4344c1da412f491388b4a971a4c  tmp/R83/export/libcxx-runtimes-22.1.8-1/0010-libcxx-preserve-forced-unwind-in-library-delivered-h.patch
1cd5a45ea027d8f22b8dc5812eebbcf56f6c52e42446ad531729ce80289e7a37  tmp/R83/export/libcxx-runtimes-22.1.8-1/SOURCE_PROVENANCE
e806ab237e86bbe1e1d25c9bedbb129016ed67e9e72acb9259154b4b51a1304d  tmp/R83/export/libcxx-runtimes-22.1.8-1/libcxx-llvm22.map
db262cd0f01ca668a019b79bf1bb1a9731a100205ff4d4b256d071b3d5304dc3  tmp/R83/export/libcxx-runtimes-22.1.8-1/libcxx-runtimes.manifest
3dfbc4ab1db16eaea149d0cfc0e85319dff4e328357a204a488acbcf4ab9e487  tmp/R83/export/libcxx-runtimes-22.1.8-1/libcxx-runtimes.spec
1f5fe8da0a18255a63cde36f1570c88265bb8ffc6458deae06d04e77abc6f7d2  tmp/R83/export/libcxx-runtimes-22.1.8-1/llvm-22.1.8.tar.gz
55449a170ea90537532d2fd52a2e2f7c9a53dbcb6b1894c8a321c53a8685524d  tmp/R83/export/libcxx-runtimes-22.1.8-1/llvm.manifest
2df869d62be43491ccf594d9be345c4ef53db084aefbbf9ab8db75460a393ddb  tmp/R83/export/libcxx-runtimes-22.1.8-1/llvm.spec
76f896dfdce3fa19d0ed467554ed3a643f062f52b4a4db81f576d04c469014a1  tmp/R83/export/libcxx-runtimes-22.1.8-1/mlgo_aarch_model.tar.gz
dd468cce897c7f578b38668e9d869c6785f3fdbcf97879fd7775b430bd0a3a9a  tmp/R83/export/libcxx-runtimes-22.1.8-1/mlgo_arm_model.tar.gz
6c221a08aa63f80c3d82713ba968125797f16351c258a174fc0eec6fdffdbf43  tmp/R83/export/libcxx-runtimes-22.1.8-1/mlgo_x86_model.tar.gz
