0000000000004db0 T _ZN5delta11DeltaParser13ParseManifestERKNSt10filesystem7__cxx114pathE
0000000000004d80 T _ZN5delta11DeltaParser15GetManifestDataERKNSt7__cxx1112basic_stringIcSt11char_traitsIcESaIcEEE
0000000000004a10 T _ZN5delta11DeltaParserC1Ev
0000000000004a10 T _ZN5delta11DeltaParserC2Ev
00000000000033c0 T _ZN5delta12DeltaHandler5ParseERKN6parser8ManifestEPSt10shared_ptrINS1_12ManifestDataEEPNSt7__cxx1112basic_stringIcSt11char_traitsIcESaIcEEE
0000000000004130 W _ZN5delta12DeltaHandlerD0Ev
0000000000006000 R _ZN5delta13kDeltaInfoKeyE
00000000000042b0 W _ZN5delta9DeltaInfoD0Ev
0000000000004160 W _ZN5delta9DeltaInfoD2Ev
0000000000004d90 T _ZNK5delta11DeltaParser15GetErrorMessageB5cxx11Ev
0000000000004010 T _ZNK5delta12DeltaHandler3KeyB5cxx11Ev
0000000000005070 W _ZNSt10unique_ptrIN6parser14ManifestParserESt14default_deleteIS1_EED2Ev
0000000000004f60 W _ZNSt10unique_ptrIN6parser23ManifestHandlerRegistryESt14default_deleteIS1_EED2Ev
0000000000004ee0 W _ZNSt12__shared_ptrIN5delta12DeltaHandlerELN9__gnu_cxx12_Lock_policyE2EED2Ev
00000000000040b0 W _ZNSt12__shared_ptrIN5delta9DeltaInfoELN9__gnu_cxx12_Lock_policyE2EED2Ev
0000000000004e60 W _ZNSt12__shared_ptrIN6parser15ManifestHandlerELN9__gnu_cxx12_Lock_policyE2EED2Ev
00000000000050b0 W _ZNSt12__shared_ptrIN6parser19ManifestConstraintsELN9__gnu_cxx12_Lock_policyE2EED2Ev
00000000000049f0 W _ZNSt15_Sp_counted_ptrIPN5delta9DeltaInfoELN9__gnu_cxx12_Lock_policyE2EE10_M_destroyEv
00000000000049e0 W _ZNSt15_Sp_counted_ptrIPN5delta9DeltaInfoELN9__gnu_cxx12_Lock_policyE2EE10_M_disposeEv
0000000000004a00 W _ZNSt15_Sp_counted_ptrIPN5delta9DeltaInfoELN9__gnu_cxx12_Lock_policyE2EE14_M_get_deleterERKSt9type_info
00000000000049d0 W _ZNSt15_Sp_counted_ptrIPN5delta9DeltaInfoELN9__gnu_cxx12_Lock_policyE2EED0Ev
0000000000004970 W _ZNSt16_Sp_counted_baseILN9__gnu_cxx12_Lock_policyE2EE24_M_release_last_use_coldEv
00000000000049c0 W _ZNSt16_Sp_counted_baseILN9__gnu_cxx12_Lock_policyE2EED2Ev
0000000000005150 W _ZNSt23_Sp_counted_ptr_inplaceIN5delta12DeltaHandlerESaIvELN9__gnu_cxx12_Lock_policyE2EE10_M_destroyEv
0000000000005140 W _ZNSt23_Sp_counted_ptr_inplaceIN5delta12DeltaHandlerESaIvELN9__gnu_cxx12_Lock_policyE2EE10_M_disposeEv
0000000000005160 W _ZNSt23_Sp_counted_ptr_inplaceIN5delta12DeltaHandlerESaIvELN9__gnu_cxx12_Lock_policyE2EE14_M_get_deleterERKSt9type_info
0000000000005130 W _ZNSt23_Sp_counted_ptr_inplaceIN5delta12DeltaHandlerESaIvELN9__gnu_cxx12_Lock_policyE2EED0Ev
00000000000042f0 W _ZNSt6vectorINSt7__cxx1112basic_stringIcSt11char_traitsIcESaIcEEESaIS5_EE17_M_realloc_appendIJRKS5_EEEvDpOT_
00000000000046a0 W _ZNSt6vectorINSt7__cxx1112basic_stringIcSt11char_traitsIcESaIcEEESaIS5_EE20_M_allocate_and_copyIN9__gnu_cxx17__normal_iteratorIPKS5_S7_EEEEPS5_mT_SF_
0000000000004030 W _ZNSt6vectorINSt7__cxx1112basic_stringIcSt11char_traitsIcESaIcEEESaIS5_EED2Ev
00000000000044c0 W _ZNSt6vectorINSt7__cxx1112basic_stringIcSt11char_traitsIcESaIcEEESaIS5_EEaSERKS7_
0000000000004fa0 W _ZNSt6vectorISt10shared_ptrIN6parser15ManifestHandlerEESaIS3_EED2Ev
0000000000004740 W _ZSt16__do_uninit_copyIN9__gnu_cxx17__normal_iteratorIPKNSt7__cxx1112basic_stringIcSt11char_traitsIcESaIcEEESt6vectorIS7_SaIS7_EEEEPS7_ET0_T_SG_SF_
0000000000004880 W _ZSt16__do_uninit_copyIPNSt7__cxx1112basic_stringIcSt11char_traitsIcESaIcEEES6_ET0_T_S8_S7_
0000000000004830 W _ZSt8_DestroyIPNSt7__cxx1112basic_stringIcSt11char_traitsIcESaIcEEEEvT_S7_
0000000000007c78 D _ZTIN5delta12DeltaHandlerE
0000000000007cb0 V _ZTIN5delta9DeltaInfoE
0000000000007cc8 V _ZTIN6parser12ManifestDataE
0000000000007d40 V _ZTISt11_Mutex_baseILN9__gnu_cxx12_Lock_policyE2EE
0000000000007d10 V _ZTISt15_Sp_counted_ptrIPN5delta9DeltaInfoELN9__gnu_cxx12_Lock_policyE2EE
0000000000007d28 V _ZTISt16_Sp_counted_baseILN9__gnu_cxx12_Lock_policyE2EE
0000000000007d88 V _ZTISt23_Sp_counted_ptr_inplaceIN5delta12DeltaHandlerESaIvELN9__gnu_cxx12_Lock_policyE2EE
0000000000006006 R _ZTSN5delta12DeltaHandlerE
00000000000060be V _ZTSN5delta9DeltaInfoE
00000000000060d1 V _ZTSN6parser12ManifestDataE
0000000000006163 V _ZTSSt11_Mutex_baseILN9__gnu_cxx12_Lock_policyE2EE
00000000000060e9 V _ZTSSt15_Sp_counted_ptrIPN5delta9DeltaInfoELN9__gnu_cxx12_Lock_policyE2EE
000000000000612f V _ZTSSt16_Sp_counted_baseILN9__gnu_cxx12_Lock_policyE2EE
00000000000061e8 V _ZTSSt19_Sp_make_shared_tag
0000000000006192 V _ZTSSt23_Sp_counted_ptr_inplaceIN5delta12DeltaHandlerESaIvELN9__gnu_cxx12_Lock_policyE2EE
0000000000007c30 D _ZTVN5delta12DeltaHandlerE
0000000000007c90 V _ZTVN5delta9DeltaInfoE
0000000000007cd8 V _ZTVSt15_Sp_counted_ptrIPN5delta9DeltaInfoELN9__gnu_cxx12_Lock_policyE2EE
0000000000007d50 V _ZTVSt23_Sp_counted_ptr_inplaceIN5delta12DeltaHandlerESaIvELN9__gnu_cxx12_Lock_policyE2EE
0000000000006200 V _ZZNSt19_Sp_make_shared_tag5_S_tiEvE5__tag
