/usr/bin/dali-invoke-method-generator
/usr/include/dali/doc/dali-core-doc.h
/usr/include/dali/public-api/actors
/usr/include/dali/public-api/actors/actor-enumerations.h
/usr/include/dali/public-api/actors/actor.h
/usr/include/dali/public-api/actors/camera-actor.h
/usr/include/dali/public-api/actors/custom-actor-impl.h
/usr/include/dali/public-api/actors/custom-actor.h
/usr/include/dali/public-api/actors/layer.h
/usr/include/dali/public-api/animation
/usr/include/dali/public-api/animation/alpha-function.h
/usr/include/dali/public-api/animation/animation.h
/usr/include/dali/public-api/animation/constraint-source.h
/usr/include/dali/public-api/animation/constraint-tag-ranges.h
/usr/include/dali/public-api/animation/constraint.h
/usr/include/dali/public-api/animation/constraints.h
/usr/include/dali/public-api/animation/key-frames.h
/usr/include/dali/public-api/animation/linear-constrainer.h
/usr/include/dali/public-api/animation/path.h
/usr/include/dali/public-api/animation/spring-data.h
/usr/include/dali/public-api/animation/time-period.h
/usr/include/dali/public-api/common
/usr/include/dali/public-api/common/capabilities.h
/usr/include/dali/public-api/common/constants.h
/usr/include/dali/public-api/common/dali-common.h
/usr/include/dali/public-api/common/dali-pair.h
/usr/include/dali/public-api/common/dali-string-view.h
/usr/include/dali/public-api/common/dali-string.h
/usr/include/dali/public-api/common/dali-utility.h
/usr/include/dali/public-api/common/dali-vector-base.h
/usr/include/dali/public-api/common/dali-vector-complex-types.h
/usr/include/dali/public-api/common/dali-vector-trivial-types.h
/usr/include/dali/public-api/common/dali-vector.h
/usr/include/dali/public-api/common/extents.h
/usr/include/dali/public-api/common/insets.h
/usr/include/dali/public-api/common/intrusive-ptr.h
/usr/include/dali/public-api/common/open-hash-map-managed.h
/usr/include/dali/public-api/common/platform-defines.h
/usr/include/dali/public-api/common/shared-ptr.h
/usr/include/dali/public-api/common/type-traits.h
/usr/include/dali/public-api/common/unique-ptr.h
/usr/include/dali/public-api/dali-core-version.h
/usr/include/dali/public-api/dali-core.h
/usr/include/dali/public-api/events
/usr/include/dali/public-api/events/device.h
/usr/include/dali/public-api/events/gesture-detector.h
/usr/include/dali/public-api/events/gesture-enumerations.h
/usr/include/dali/public-api/events/gesture.h
/usr/include/dali/public-api/events/hover-event.h
/usr/include/dali/public-api/events/key-event.h
/usr/include/dali/public-api/events/long-press-gesture-detector.h
/usr/include/dali/public-api/events/long-press-gesture.h
/usr/include/dali/public-api/events/mouse-button.h
/usr/include/dali/public-api/events/pan-gesture-detector.h
/usr/include/dali/public-api/events/pan-gesture.h
/usr/include/dali/public-api/events/pinch-gesture-detector.h
/usr/include/dali/public-api/events/pinch-gesture.h
/usr/include/dali/public-api/events/point-state.h
/usr/include/dali/public-api/events/rotation-gesture-detector.h
/usr/include/dali/public-api/events/rotation-gesture.h
/usr/include/dali/public-api/events/tap-gesture-detector.h
/usr/include/dali/public-api/events/tap-gesture.h
/usr/include/dali/public-api/events/touch-event.h
/usr/include/dali/public-api/events/wheel-event.h
/usr/include/dali/public-api/images
/usr/include/dali/public-api/images/native-image-interface.h
/usr/include/dali/public-api/images/pixel-data.h
/usr/include/dali/public-api/images/pixel.h
/usr/include/dali/public-api/math
/usr/include/dali/public-api/math/angle-axis.h
/usr/include/dali/public-api/math/compile-time-math.h
/usr/include/dali/public-api/math/degree.h
/usr/include/dali/public-api/math/int-pair.h
/usr/include/dali/public-api/math/math-utils.h
/usr/include/dali/public-api/math/matrix.h
/usr/include/dali/public-api/math/matrix3.h
/usr/include/dali/public-api/math/quaternion.h
/usr/include/dali/public-api/math/radian.h
/usr/include/dali/public-api/math/random.h
/usr/include/dali/public-api/math/rect.h
/usr/include/dali/public-api/math/vector2.h
/usr/include/dali/public-api/math/vector3.h
/usr/include/dali/public-api/math/vector4.h
/usr/include/dali/public-api/math/viewport.h
/usr/include/dali/public-api/object
/usr/include/dali/public-api/object/any.h
/usr/include/dali/public-api/object/base-handle.h
/usr/include/dali/public-api/object/base-object.h
/usr/include/dali/public-api/object/handle.h
/usr/include/dali/public-api/object/indirect-value.h
/usr/include/dali/public-api/object/invoke-method.h
/usr/include/dali/public-api/object/object-registry.h
/usr/include/dali/public-api/object/property-array.h
/usr/include/dali/public-api/object/property-conditions.h
/usr/include/dali/public-api/object/property-index-ranges.h
/usr/include/dali/public-api/object/property-input.h
/usr/include/dali/public-api/object/property-key.h
/usr/include/dali/public-api/object/property-map.h
/usr/include/dali/public-api/object/property-notification-declarations.h
/usr/include/dali/public-api/object/property-notification.h
/usr/include/dali/public-api/object/property-types.h
/usr/include/dali/public-api/object/property-value.h
/usr/include/dali/public-api/object/property.h
/usr/include/dali/public-api/object/ref-object.h
/usr/include/dali/public-api/object/type-info-id.h
/usr/include/dali/public-api/object/weak-handle.h
/usr/include/dali/public-api/render-tasks
/usr/include/dali/public-api/render-tasks/render-task-list.h
/usr/include/dali/public-api/render-tasks/render-task.h
/usr/include/dali/public-api/rendering
/usr/include/dali/public-api/rendering/frame-buffer.h
/usr/include/dali/public-api/rendering/geometry.h
/usr/include/dali/public-api/rendering/renderer.h
/usr/include/dali/public-api/rendering/sampler.h
/usr/include/dali/public-api/rendering/sampling.h
/usr/include/dali/public-api/rendering/shader.h
/usr/include/dali/public-api/rendering/texture-set.h
/usr/include/dali/public-api/rendering/texture.h
/usr/include/dali/public-api/rendering/uniform-block.h
/usr/include/dali/public-api/rendering/vertex-buffer.h
/usr/include/dali/public-api/signals
/usr/include/dali/public-api/signals/base-signal.h
/usr/include/dali/public-api/signals/callback.h
/usr/include/dali/public-api/signals/connection-tracker-interface.h
/usr/include/dali/public-api/signals/connection-tracker.h
/usr/include/dali/public-api/signals/dali-signal.h
/usr/include/dali/public-api/signals/functor-delegate.h
/usr/include/dali/public-api/signals/signal-connection-pool.h
/usr/include/dali/public-api/signals/signal-slot-connections.h
/usr/include/dali/public-api/signals/signal-slot-observers.h
/usr/include/dali/public-api/signals/slot-delegate.h
/usr/include/dali/public-api/update
/usr/include/dali/public-api/update/frame-callback-interface.h
/usr/include/dali/public-api/update/update-proxy.h
/usr/lib64/pkgconfig/dali2-core.pc
