
Dynamic section at offset 0x3a63d8 contains 75 entries:
  Tag        Type                         Name/Value
 0x0000000000000001 (NEEDED)             Shared library: [libdali2-core.so.2]
 0x0000000000000001 (NEEDED)             Shared library: [libfreetype.so.6]
 0x0000000000000001 (NEEDED)             Shared library: [libfontconfig.so.1]
 0x0000000000000001 (NEEDED)             Shared library: [libthorvg.so.1]
 0x0000000000000001 (NEEDED)             Shared library: [libpng16.so.16]
 0x0000000000000001 (NEEDED)             Shared library: [libwebp.so.7]
 0x0000000000000001 (NEEDED)             Shared library: [libwebpdemux.so.2]
 0x0000000000000001 (NEEDED)             Shared library: [libdlog.so.0]
 0x0000000000000001 (NEEDED)             Shared library: [libvconf.so.0]
 0x0000000000000001 (NEEDED)             Shared library: [libtts.so]
 0x0000000000000001 (NEEDED)             Shared library: [libglib-2.0.so.0]
 0x0000000000000001 (NEEDED)             Shared library: [libcapi-system-sensor.so.0]
 0x0000000000000001 (NEEDED)             Shared library: [libgio-2.0.so.0]
 0x0000000000000001 (NEEDED)             Shared library: [libgobject-2.0.so.0]
 0x0000000000000001 (NEEDED)             Shared library: [libcapi-base-common.so.0]
 0x0000000000000001 (NEEDED)             Shared library: [libexif.so.12]
 0x0000000000000001 (NEEDED)             Shared library: [libharfbuzz.so.0]
 0x0000000000000001 (NEEDED)             Shared library: [libgif.so.7]
 0x0000000000000001 (NEEDED)             Shared library: [libturbojpeg.so.0]
 0x0000000000000001 (NEEDED)             Shared library: [libjpeg.so.8]
 0x0000000000000001 (NEEDED)             Shared library: [libhyphen.so.0]
 0x0000000000000001 (NEEDED)             Shared library: [libeina.so.1]
 0x0000000000000001 (NEEDED)             Shared library: [libm.so.6]
 0x0000000000000001 (NEEDED)             Shared library: [libeldbus.so.1]
 0x0000000000000001 (NEEDED)             Shared library: [libcapi-appfw-app-common.so.0]
 0x0000000000000001 (NEEDED)             Shared library: [libapp-core-cpp.so.1]
 0x0000000000000001 (NEEDED)             Shared library: [libapp-core-ui-cpp.so.1]
 0x0000000000000001 (NEEDED)             Shared library: [libcapi-system-system-settings.so.0]
 0x0000000000000001 (NEEDED)             Shared library: [libcapi-system-info.so.0]
 0x0000000000000001 (NEEDED)             Shared library: [libcynara-client.so.0]
 0x0000000000000001 (NEEDED)             Shared library: [libcynara-creds-self.so.0]
 0x0000000000000001 (NEEDED)             Shared library: [libbundle.so.0]
 0x0000000000000001 (NEEDED)             Shared library: [libaul.so.0]
 0x0000000000000001 (NEEDED)             Shared library: [libecore_imf.so.1]
 0x0000000000000001 (NEEDED)             Shared library: [libecore_input.so.1]
 0x0000000000000001 (NEEDED)             Shared library: [libfribidi.so.0]
 0x0000000000000001 (NEEDED)             Shared library: [libecore_wl2.so.1]
 0x0000000000000001 (NEEDED)             Shared library: [libecore.so.1]
 0x0000000000000001 (NEEDED)             Shared library: [libscreen_connector_provider.so.1]
 0x0000000000000001 (NEEDED)             Shared library: [libwayland-egl.so.1]
 0x0000000000000001 (NEEDED)             Shared library: [libwayland-egl-tizen.so.1]
 0x0000000000000001 (NEEDED)             Shared library: [libinput-method-client.so.0]
 0x0000000000000001 (NEEDED)             Shared library: [libwayland-client.so.0]
 0x0000000000000001 (NEEDED)             Shared library: [libxkbcommon.so.0]
 0x0000000000000001 (NEEDED)             Shared library: [libtbm.so.1]
 0x0000000000000001 (NEEDED)             Shared library: [librpc-port.so.1]
 0x0000000000000001 (NEEDED)             Shared library: [libstdc++.so.6]
 0x0000000000000001 (NEEDED)             Shared library: [libgcc_s.so.1]
 0x0000000000000001 (NEEDED)             Shared library: [libc.so.6]
 0x0000000000000001 (NEEDED)             Shared library: [ld-linux-x86-64.so.2]
 0x000000000000000e (SONAME)             Library soname: [libdali2-adaptor.so.2]
 0x000000000000001d (RUNPATH)            Library runpath: [/usr/lib64]
 0x000000000000000c (INIT)               0x7f000
 0x000000000000000d (FINI)               0x2b6ec0
 0x0000000000000019 (INIT_ARRAY)         0x3971c0
 0x000000000000001b (INIT_ARRAYSZ)       432 (bytes)
 0x000000000000001a (FINI_ARRAY)         0x397370
 0x000000000000001c (FINI_ARRAYSZ)       8 (bytes)
 0x000000006ffffef5 (GNU_HASH)           0x238
 0x0000000000000005 (STRTAB)             0x1d218
 0x0000000000000006 (SYMTAB)             0x5380
 0x000000000000000a (STRSZ)              213670 (bytes)
 0x000000000000000b (SYMENT)             24 (bytes)
 0x0000000000000003 (PLTGOT)             0x3a6fe8
 0x0000000000000002 (PLTRELSZ)           31632 (bytes)
 0x0000000000000014 (PLTREL)             RELA
 0x0000000000000017 (JMPREL)             0x77038
 0x0000000000000007 (RELA)               0x53800
 0x0000000000000008 (RELASZ)             145464 (bytes)
 0x0000000000000009 (RELAENT)            24 (bytes)
 0x000000006ffffffe (VERNEED)            0x534a0
 0x000000006fffffff (VERNEEDNUM)         10
 0x000000006ffffff0 (VERSYM)             0x514be
 0x000000006ffffff9 (RELACOUNT)          3817
 0x0000000000000000 (NULL)               0x0
