/usr/include/dali/dali.h
/usr/include/dali/doc/dali-adaptor-doc.h
/usr/include/dali/extension-api/adaptor-framework
/usr/include/dali/extension-api/adaptor-framework/adaptor-extension.h
/usr/include/dali/extension-api/adaptor-framework/key-extension.h
/usr/include/dali/extension-api/adaptor-framework/key-lookup-entry.h
/usr/include/dali/extension-api/adaptor-framework/window-extension.h
/usr/include/dali/public-api/adaptor-framework
/usr/include/dali/public-api/adaptor-framework/application.h
/usr/include/dali/public-api/adaptor-framework/canvas-renderer
/usr/include/dali/public-api/adaptor-framework/canvas-renderer/canvas-renderer-drawable-group.h
/usr/include/dali/public-api/adaptor-framework/canvas-renderer/canvas-renderer-drawable.h
/usr/include/dali/public-api/adaptor-framework/canvas-renderer/canvas-renderer-gradient.h
/usr/include/dali/public-api/adaptor-framework/canvas-renderer/canvas-renderer-linear-gradient.h
/usr/include/dali/public-api/adaptor-framework/canvas-renderer/canvas-renderer-picture.h
/usr/include/dali/public-api/adaptor-framework/canvas-renderer/canvas-renderer-radial-gradient.h
/usr/include/dali/public-api/adaptor-framework/canvas-renderer/canvas-renderer-shape.h
/usr/include/dali/public-api/adaptor-framework/canvas-renderer/canvas-renderer.h
/usr/include/dali/public-api/adaptor-framework/capture.h
/usr/include/dali/public-api/adaptor-framework/clipboard-data.h
/usr/include/dali/public-api/adaptor-framework/clipboard.h
/usr/include/dali/public-api/adaptor-framework/device-status.h
/usr/include/dali/public-api/adaptor-framework/drag-and-drop.h
/usr/include/dali/public-api/adaptor-framework/drag-data.h
/usr/include/dali/public-api/adaptor-framework/drag-event.h
/usr/include/dali/public-api/adaptor-framework/encoded-image-buffer.h
/usr/include/dali/public-api/adaptor-framework/image-loading.h
/usr/include/dali/public-api/adaptor-framework/image-options.h
/usr/include/dali/public-api/adaptor-framework/input-method-context.h
/usr/include/dali/public-api/adaptor-framework/input-method.h
/usr/include/dali/public-api/adaptor-framework/key-grab.h
/usr/include/dali/public-api/adaptor-framework/key.h
/usr/include/dali/public-api/adaptor-framework/keyboard.h
/usr/include/dali/public-api/adaptor-framework/mouse-in-out-event.h
/usr/include/dali/public-api/adaptor-framework/native-image.h
/usr/include/dali/public-api/adaptor-framework/pixel-buffer.h
/usr/include/dali/public-api/adaptor-framework/style-change.h
/usr/include/dali/public-api/adaptor-framework/timer.h
/usr/include/dali/public-api/adaptor-framework/ui-context.h
/usr/include/dali/public-api/adaptor-framework/video-source-descriptor.h
/usr/include/dali/public-api/adaptor-framework/window-data.h
/usr/include/dali/public-api/adaptor-framework/window-definitions.h
/usr/include/dali/public-api/adaptor-framework/window.h
/usr/include/dali/public-api/dali-adaptor-common.h
/usr/include/dali/public-api/dali-adaptor-version.h
/usr/include/dali/public-api/text-abstraction
/usr/include/dali/public-api/text-abstraction/text-abstraction.h
/usr/lib64/pkgconfig/dali2-adaptor.pc
