/usr/include/dali/devel-api/actors
/usr/include/dali/devel-api/actors/actor-devel.h
/usr/include/dali/devel-api/actors/actor-enumerations-devel.h
/usr/include/dali/devel-api/actors/camera-actor-devel.h
/usr/include/dali/devel-api/actors/custom-actor-devel.h
/usr/include/dali/devel-api/actors/drawable-actor.h
/usr/include/dali/devel-api/actors/layer-devel.h
/usr/include/dali/devel-api/actors/size-negotiated-actor.h
/usr/include/dali/devel-api/addons
/usr/include/dali/devel-api/addons/addon-base.h
/usr/include/dali/devel-api/addons/addon-dispatch-table.h
/usr/include/dali/devel-api/animation
/usr/include/dali/devel-api/animation/animation-data.h
/usr/include/dali/devel-api/animation/animation-devel.h
/usr/include/dali/devel-api/animation/key-frames-devel.h
/usr/include/dali/devel-api/animation/path-constrainer.h
/usr/include/dali/devel-api/common
/usr/include/dali/devel-api/common/addon-binder.h
/usr/include/dali/devel-api/common/bitwise-enum.h
/usr/include/dali/devel-api/common/circular-queue.h
/usr/include/dali/devel-api/common/free-list.h
/usr/include/dali/devel-api/common/hash.h
/usr/include/dali/devel-api/common/list-wrapper.h
/usr/include/dali/devel-api/common/map-wrapper.h
/usr/include/dali/devel-api/common/owner-container.h
/usr/include/dali/devel-api/common/ref-counted-dali-vector.h
/usr/include/dali/devel-api/common/set-wrapper.h
/usr/include/dali/devel-api/common/singleton-service.h
/usr/include/dali/devel-api/common/stage.h
/usr/include/dali/devel-api/common/vector-wrapper.h
/usr/include/dali/devel-api/events
/usr/include/dali/devel-api/events/hit-test-algorithm.h
/usr/include/dali/devel-api/events/key-event-devel.h
/usr/include/dali/devel-api/events/long-press-gesture-detector-devel.h
/usr/include/dali/devel-api/events/long-press-gesture-devel.h
/usr/include/dali/devel-api/events/pan-gesture-devel.h
/usr/include/dali/devel-api/events/pinch-gesture-devel.h
/usr/include/dali/devel-api/events/rotation-gesture-devel.h
/usr/include/dali/devel-api/events/tap-gesture-devel.h
/usr/include/dali/devel-api/events/touch-point.h
/usr/include/dali/devel-api/images
/usr/include/dali/devel-api/images/distance-field.h
/usr/include/dali/devel-api/object
/usr/include/dali/devel-api/object/base-object-observer.h
/usr/include/dali/devel-api/object/csharp-type-info.h
/usr/include/dali/devel-api/object/csharp-type-registry.h
/usr/include/dali/devel-api/object/handle-devel.h
/usr/include/dali/devel-api/object/property-array-devel.h
/usr/include/dali/devel-api/object/property-helper-devel.h
/usr/include/dali/devel-api/object/property-map-devel.h
/usr/include/dali/devel-api/object/property-value-devel.h
/usr/include/dali/devel-api/object/type-info.h
/usr/include/dali/devel-api/object/type-registry-helper.h
/usr/include/dali/devel-api/object/type-registry.h
/usr/include/dali/devel-api/rendering
/usr/include/dali/devel-api/rendering/frame-buffer-devel.h
/usr/include/dali/devel-api/rendering/renderer-devel.h
/usr/include/dali/devel-api/rendering/texture-devel.h
/usr/include/dali/devel-api/rendering/vertex-buffer-devel.h
/usr/include/dali/devel-api/scripting
/usr/include/dali/devel-api/scripting/enum-helper.h
/usr/include/dali/devel-api/scripting/scripting.h
/usr/include/dali/devel-api/signals
/usr/include/dali/devel-api/signals/render-callback.h
/usr/include/dali/devel-api/signals/signal-delegate.h
/usr/include/dali/devel-api/signals/vertex-buffer-update-callback.h
/usr/include/dali/devel-api/size-negotiation
/usr/include/dali/devel-api/size-negotiation/relayout-container.h
/usr/include/dali/devel-api/threading
/usr/include/dali/devel-api/threading/conditional-wait.h
/usr/include/dali/devel-api/threading/mutex.h
/usr/include/dali/devel-api/threading/semaphore.h
/usr/include/dali/devel-api/threading/thread-pool.h
/usr/include/dali/devel-api/threading/thread.h
/usr/include/dali/graphics-api/graphics-buffer-create-info.h
/usr/include/dali/graphics-api/graphics-buffer.h
/usr/include/dali/graphics-api/graphics-command-buffer-create-info.h
/usr/include/dali/graphics-api/graphics-command-buffer.h
/usr/include/dali/graphics-api/graphics-controller.h
/usr/include/dali/graphics-api/graphics-debug.h
/usr/include/dali/graphics-api/graphics-framebuffer-create-info.h
/usr/include/dali/graphics-api/graphics-framebuffer.h
/usr/include/dali/graphics-api/graphics-memory.h
/usr/include/dali/graphics-api/graphics-pipeline-create-info.h
/usr/include/dali/graphics-api/graphics-pipeline.h
/usr/include/dali/graphics-api/graphics-program-create-info.h
/usr/include/dali/graphics-api/graphics-program.h
/usr/include/dali/graphics-api/graphics-reflection.h
/usr/include/dali/graphics-api/graphics-render-pass-create-info.h
/usr/include/dali/graphics-api/graphics-render-pass.h
/usr/include/dali/graphics-api/graphics-render-target-create-info.h
/usr/include/dali/graphics-api/graphics-render-target.h
/usr/include/dali/graphics-api/graphics-sampler-create-info.h
/usr/include/dali/graphics-api/graphics-sampler.h
/usr/include/dali/graphics-api/graphics-shader-create-info.h
/usr/include/dali/graphics-api/graphics-shader.h
/usr/include/dali/graphics-api/graphics-sync-object-create-info.h
/usr/include/dali/graphics-api/graphics-sync-object.h
/usr/include/dali/graphics-api/graphics-texture-create-info.h
/usr/include/dali/graphics-api/graphics-texture-upload-helper.h
/usr/include/dali/graphics-api/graphics-texture.h
/usr/include/dali/graphics-api/graphics-types.h
/usr/include/dali/integration-api/addon-manager.h
/usr/include/dali/integration-api/constraint-integ.h
/usr/include/dali/integration-api/core-enumerations.h
/usr/include/dali/integration-api/core.h
/usr/include/dali/integration-api/dali-string-impl.h
/usr/include/dali/integration-api/debug.h
/usr/include/dali/integration-api/events
/usr/include/dali/integration-api/events/event.h
/usr/include/dali/integration-api/events/hover-event-integ.h
/usr/include/dali/integration-api/events/key-event-integ.h
/usr/include/dali/integration-api/events/multi-point-event-integ.h
/usr/include/dali/integration-api/events/point.h
/usr/include/dali/integration-api/events/touch-event-combiner.h
/usr/include/dali/integration-api/events/touch-event-integ.h
/usr/include/dali/integration-api/events/touch-integ.h
/usr/include/dali/integration-api/events/wheel-event-integ.h
/usr/include/dali/integration-api/gl-abstraction.h
/usr/include/dali/integration-api/gl-defines.h
/usr/include/dali/integration-api/graphics-config.h
/usr/include/dali/integration-api/graphics-sync-abstraction.h
/usr/include/dali/integration-api/input-options.h
/usr/include/dali/integration-api/locale-numeric-guard.h
/usr/include/dali/integration-api/lockless-buffer.h
/usr/include/dali/integration-api/open-hash-map.h
/usr/include/dali/integration-api/ordered-set.h
/usr/include/dali/integration-api/pixel-data-integ.h
/usr/include/dali/integration-api/platform-abstraction.h
/usr/include/dali/integration-api/processor-interface.h
/usr/include/dali/integration-api/profiling.h
/usr/include/dali/integration-api/queue
/usr/include/dali/integration-api/queue/queue-benchmark-instrumentation.h
/usr/include/dali/integration-api/render-controller.h
/usr/include/dali/integration-api/render-task-list-integ.h
/usr/include/dali/integration-api/rendering
/usr/include/dali/integration-api/rendering/decorated-visual-renderer.h
/usr/include/dali/integration-api/rendering/visual-renderer.h
/usr/include/dali/integration-api/scene-pre-render-status.h
/usr/include/dali/integration-api/scene.h
/usr/include/dali/integration-api/shader-integ.h
/usr/include/dali/integration-api/stream-operators.h
/usr/include/dali/integration-api/string-utils.h
/usr/include/dali/integration-api/testing.h
/usr/include/dali/integration-api/texture-integ.h
/usr/include/dali/integration-api/trace.h
