
Dynamic section at offset 0x2df8 contains 25 entries:
  Tag        Type                         Name/Value
 0x0000000000000001 (NEEDED)             Shared library: [libc.so.6]
 0x000000000000000e (SONAME)             Library soname: [libabsl_spinlock_wait.so.2508.0.0]
 0x000000000000000c (INIT)               0x1000
 0x000000000000000d (FINI)               0x1250
 0x0000000000000019 (INIT_ARRAY)         0x3de8
 0x000000000000001b (INIT_ARRAYSZ)       8 (bytes)
 0x000000000000001a (FINI_ARRAY)         0x3df0
 0x000000000000001c (FINI_ARRAYSZ)       8 (bytes)
 0x000000006ffffef5 (GNU_HASH)           0x200
 0x0000000000000005 (STRTAB)             0x340
 0x0000000000000006 (SYMTAB)             0x238
 0x000000000000000a (STRSZ)              428 (bytes)
 0x000000000000000b (SYMENT)             24 (bytes)
 0x0000000000000003 (PLTGOT)             0x3fe8
 0x0000000000000002 (PLTRELSZ)           72 (bytes)
 0x0000000000000014 (PLTREL)             RELA
 0x0000000000000017 (JMPREL)             0x5d0
 0x0000000000000007 (RELA)               0x528
 0x0000000000000008 (RELASZ)             168 (bytes)
 0x0000000000000009 (RELAENT)            24 (bytes)
 0x000000006ffffffe (VERNEED)            0x508
 0x000000006fffffff (VERNEEDNUM)         1
 0x000000006ffffff0 (VERSYM)             0x4ec
 0x000000006ffffff9 (RELACOUNT)          3
 0x0000000000000000 (NULL)               0x0
