	linux-vdso.so.1 (0x00007d446b742000)
	libaul.so.0 => /home/toolchain/development/libcxx_runtime_validation/tmp/EDGE_FIXTURE_0927/root/usr/lib64/libaul.so.0 (0x00007d446b5d8000)
	libbundle.so.0 => /home/toolchain/development/libcxx_runtime_validation/tmp/EDGE_FIXTURE_0927/root/usr/lib64/libbundle.so.0 (0x00007d446b5b5000)
	libglib-2.0.so.0 => /home/toolchain/development/libcxx_runtime_validation/tmp/EDGE_FIXTURE_0927/root/usr/lib64/libglib-2.0.so.0 (0x00007d446b490000)
	libvconf.so.0 => /home/toolchain/development/libcxx_runtime_validation/tmp/EDGE_FIXTURE_0927/root/usr/lib64/libvconf.so.0 (0x00007d446b485000)
	libdlog.so.0 => /home/toolchain/development/libcxx_runtime_validation/tmp/EDGE_FIXTURE_0927/root/usr/lib64/libdlog.so.0 (0x00007d446b46b000)
	libcapi-appfw-app-common.so.0 => /home/toolchain/development/libcxx_runtime_validation/tmp/EDGE_FIXTURE_0927/root/usr/lib64/libcapi-appfw-app-common.so.0 (0x00007d446b460000)
	libcapi-appfw-app-control.so.0 => /home/toolchain/development/libcxx_runtime_validation/tmp/EDGE_FIXTURE_0927/root/usr/lib64/libcapi-appfw-app-control.so.0 (0x00007d446b43c000)
	libcapi-appfw-package-manager.so.0 => /home/toolchain/development/libcxx_runtime_validation/tmp/EDGE_FIXTURE_0927/root/usr/lib64/libcapi-appfw-package-manager.so.0 (0x00007d446b429000)
	libgio-2.0.so.0 => /home/toolchain/development/libcxx_runtime_validation/tmp/EDGE_FIXTURE_0927/root/usr/lib64/libgio-2.0.so.0 (0x00007d446b27f000)
	libgobject-2.0.so.0 => /home/toolchain/development/libcxx_runtime_validation/tmp/EDGE_FIXTURE_0927/root/usr/lib64/libgobject-2.0.so.0 (0x00007d446b228000)
	libtzplatform-config-2.0.so.2 => /home/toolchain/development/libcxx_runtime_validation/tmp/EDGE_FIXTURE_0927/root/usr/lib64/libtzplatform-config-2.0.so.2 (0x00007d446b214000)
	libpkgmgr-info.so.0 => /home/toolchain/development/libcxx_runtime_validation/tmp/EDGE_FIXTURE_0927/root/usr/lib64/libpkgmgr-info.so.0 (0x00007d446b15e000)
	libsecurity-manager-client.so.3 => /home/toolchain/development/libcxx_runtime_validation/tmp/EDGE_FIXTURE_0927/root/usr/lib64/libsecurity-manager-client.so.3 (0x00007d446b112000)
	libsqlite3.so.0 => /home/toolchain/development/libcxx_runtime_validation/tmp/EDGE_FIXTURE_0927/root/usr/lib64/libsqlite3.so.0 (0x00007d446afe0000)
	libuuid.so.1 => /home/toolchain/development/libcxx_runtime_validation/tmp/EDGE_FIXTURE_0927/root/usr/lib64/libuuid.so.1 (0x00007d446afd5000)
	libstdc++.so.6 => /home/toolchain/development/libcxx_runtime_validation/tmp/EDGE_FIXTURE_0927/root/usr/lib64/libstdc++.so.6 (0x00007d446ac00000)
	libgcc_s.so.1 => /home/toolchain/development/libcxx_runtime_validation/tmp/EDGE_FIXTURE_0927/root/usr/lib64/libgcc_s.so.1 (0x00007d446afa9000)
	libc.so.6 => /home/toolchain/development/libcxx_runtime_validation/tmp/EDGE_FIXTURE_0927/root/lib64/libc.so.6 (0x00007d446aa24000)
	libcapi-base-common.so.0 => /home/toolchain/development/libcxx_runtime_validation/tmp/EDGE_FIXTURE_0927/root/usr/lib64/libcapi-base-common.so.0 (0x00007d446af90000)
	libcapi-system-resource.so.1 => /home/toolchain/development/libcxx_runtime_validation/tmp/EDGE_FIXTURE_0927/root/usr/lib64/libcapi-system-resource.so.1 (0x00007d446af89000)
	libcynara-uid.so.0 => /home/toolchain/development/libcxx_runtime_validation/tmp/EDGE_FIXTURE_0927/root/usr/lib64/libcynara-uid.so.0 (0x00007d446af84000)
	libparcel.so.0 => /home/toolchain/development/libcxx_runtime_validation/tmp/EDGE_FIXTURE_0927/root/usr/lib64/libparcel.so.0 (0x00007d446af79000)
	libttrace.so.1 => /home/toolchain/development/libcxx_runtime_validation/tmp/EDGE_FIXTURE_0927/root/usr/lib64/libttrace.so.1 (0x00007d446af73000)
	libxdgmime.so.1 => /home/toolchain/development/libcxx_runtime_validation/tmp/EDGE_FIXTURE_0927/root/usr/lib64/libxdgmime.so.1 (0x00007d446af67000)
	libunwind-ptrace.so.0 => /home/toolchain/development/libcxx_runtime_validation/tmp/EDGE_FIXTURE_0927/root/usr/lib64/libunwind-ptrace.so.0 (0x00007d446af60000)
	libunwind-x86_64.so.8 => /home/toolchain/development/libcxx_runtime_validation/tmp/EDGE_FIXTURE_0927/root/usr/lib64/libunwind-x86_64.so.8 (0x00007d446af45000)
	libaul-blink.so.0 => /home/toolchain/development/libcxx_runtime_validation/tmp/EDGE_FIXTURE_0927/root/usr/lib64/libaul-blink.so.0 (0x00007d446af40000)
	libm.so.6 => /home/toolchain/development/libcxx_runtime_validation/tmp/EDGE_FIXTURE_0927/root/lib64/libm.so.6 (0x00007d446a941000)
	/home/toolchain/development/libcxx_runtime_validation/tmp/EDGE_FIXTURE_0927/root/lib64/ld-linux-x86-64.so.2 (0x00007d446b744000)
	libjson-glib-1.0.so.0 => /home/toolchain/development/libcxx_runtime_validation/tmp/EDGE_FIXTURE_0927/root/usr/lib64/libjson-glib-1.0.so.0 (0x00007d446af18000)
	libpcre2-8.so.0 => /home/toolchain/development/libcxx_runtime_validation/tmp/EDGE_FIXTURE_0927/root/usr/lib64/libpcre2-8.so.0 (0x00007d446ae81000)
	libpthread.so.0 => /home/toolchain/development/libcxx_runtime_validation/tmp/EDGE_FIXTURE_0927/root/lib64/libpthread.so.0 (0x00007d446ae7c000)
	libbuxton2.so.1 => /home/toolchain/development/libcxx_runtime_validation/tmp/EDGE_FIXTURE_0927/root/usr/lib64/libbuxton2.so.1 (0x00007d446ae6c000)
	libapp-core-cpp.so.1 => /home/toolchain/development/libcxx_runtime_validation/tmp/EDGE_FIXTURE_0927/root/usr/lib64/libapp-core-cpp.so.1 (0x00007d446a926000)
	libcapi-appfw-app-control-uri.so.0 => /home/toolchain/development/libcxx_runtime_validation/tmp/EDGE_FIXTURE_0927/root/usr/lib64/libcapi-appfw-app-control-uri.so.0 (0x00007d446a91d000)
	libpkgmgr-client.so.0 => /home/toolchain/development/libcxx_runtime_validation/tmp/EDGE_FIXTURE_0927/root/usr/lib64/libpkgmgr-client.so.0 (0x00007d446a8dc000)
	libpkgmgr_common.so.0 => /home/toolchain/development/libcxx_runtime_validation/tmp/EDGE_FIXTURE_0927/root/usr/lib64/libpkgmgr_common.so.0 (0x00007d446a8d6000)
	libpkgmgr_installer.so.0 => /home/toolchain/development/libcxx_runtime_validation/tmp/EDGE_FIXTURE_0927/root/usr/lib64/libpkgmgr_installer.so.0 (0x00007d446a882000)
	libcynara-client.so.0 => /home/toolchain/development/libcxx_runtime_validation/tmp/EDGE_FIXTURE_0927/root/usr/lib64/libcynara-client.so.0 (0x00007d446a874000)
	libcynara-session.so.0 => /home/toolchain/development/libcxx_runtime_validation/tmp/EDGE_FIXTURE_0927/root/usr/lib64/libcynara-session.so.0 (0x00007d446a86f000)
	libcynara-creds-pid.so.0 => /home/toolchain/development/libcxx_runtime_validation/tmp/EDGE_FIXTURE_0927/root/usr/lib64/libcynara-creds-pid.so.0 (0x00007d446a867000)
	libgmodule-2.0.so.0 => /home/toolchain/development/libcxx_runtime_validation/tmp/EDGE_FIXTURE_0927/root/usr/lib64/libgmodule-2.0.so.0 (0x00007d446a861000)
	libz.so.1 => /home/toolchain/development/libcxx_runtime_validation/tmp/EDGE_FIXTURE_0927/root/lib64/libz.so.1 (0x00007d446a84a000)
	libmount.so.1 => /home/toolchain/development/libcxx_runtime_validation/tmp/EDGE_FIXTURE_0927/root/usr/lib64/libmount.so.1 (0x00007d446a7fe000)
	libffi.so.8 => /home/toolchain/development/libcxx_runtime_validation/tmp/EDGE_FIXTURE_0927/root/usr/lib64/libffi.so.8 (0x00007d446a7f0000)
	libsystemd.so.0 => /home/toolchain/development/libcxx_runtime_validation/tmp/EDGE_FIXTURE_0927/root/usr/lib64/libsystemd.so.0 (0x00007d446a72f000)
	libxml2.so.16 => /home/toolchain/development/libcxx_runtime_validation/tmp/EDGE_FIXTURE_0927/root/usr/lib64/libxml2.so.16 (0x00007d446a5eb000)
	libminizip.so.1 => /home/toolchain/development/libcxx_runtime_validation/tmp/EDGE_FIXTURE_0927/root/usr/lib64/libminizip.so.1 (0x00007d446a5df000)
	libsecurity-manager-commons.so.1 => /home/toolchain/development/libcxx_runtime_validation/tmp/EDGE_FIXTURE_0927/root/usr/lib64/libsecurity-manager-commons.so.1 (0x00007d446a4ae000)
	libcap.so.2 => /home/toolchain/development/libcxx_runtime_validation/tmp/EDGE_FIXTURE_0927/root/usr/lib64/libcap.so.2 (0x00007d446a4a3000)
	libunwind.so.8 => /home/toolchain/development/libcxx_runtime_validation/tmp/EDGE_FIXTURE_0927/root/usr/lib64/libunwind.so.8 (0x00007d446a489000)
	libsessiond.so.0 => /home/toolchain/development/libcxx_runtime_validation/tmp/EDGE_FIXTURE_0927/root/usr/lib64/libsessiond.so.0 (0x00007d446a47a000)
	librpc-port.so.1 => /home/toolchain/development/libcxx_runtime_validation/tmp/EDGE_FIXTURE_0927/root/usr/lib64/librpc-port.so.1 (0x00007d446a409000)
	libtizen-core.so.0 => /home/toolchain/development/libcxx_runtime_validation/tmp/EDGE_FIXTURE_0927/root/usr/lib64/libtizen-core.so.0 (0x00007d446a3de000)
	libcynara-client-commons.so.0 => /home/toolchain/development/libcxx_runtime_validation/tmp/EDGE_FIXTURE_0927/root/usr/lib64/libcynara-client-commons.so.0 (0x00007d446a3d0000)
	libcynara-commons.so.0 => /home/toolchain/development/libcxx_runtime_validation/tmp/EDGE_FIXTURE_0927/root/usr/lib64/libcynara-commons.so.0 (0x00007d446a35f000)
	libcynara-uid-creds.so.0 => /home/toolchain/development/libcxx_runtime_validation/tmp/EDGE_FIXTURE_0927/root/usr/lib64/libcynara-uid-creds.so.0 (0x00007d446a358000)
	libcynara-creds-commons.so.0 => /home/toolchain/development/libcxx_runtime_validation/tmp/EDGE_FIXTURE_0927/root/usr/lib64/libcynara-creds-commons.so.0 (0x00007d446a34e000)
	libblkid.so.1 => /home/toolchain/development/libcxx_runtime_validation/tmp/EDGE_FIXTURE_0927/root/usr/lib64/libblkid.so.1 (0x00007d446a317000)
	liblzma.so.5 => /home/toolchain/development/libcxx_runtime_validation/tmp/EDGE_FIXTURE_0927/root/usr/lib64/liblzma.so.5 (0x00007d446a2ea000)
	libcynara-admin.so.0 => /home/toolchain/development/libcxx_runtime_validation/tmp/EDGE_FIXTURE_0927/root/usr/lib64/libcynara-admin.so.0 (0x00007d446a2c9000)
	libcynara-creds-socket.so.0 => /home/toolchain/development/libcxx_runtime_validation/tmp/EDGE_FIXTURE_0927/root/usr/lib64/libcynara-creds-socket.so.0 (0x00007d446a2c3000)
	libsecurity-privilege-manager.so.1 => /home/toolchain/development/libcxx_runtime_validation/tmp/EDGE_FIXTURE_0927/root/usr/lib64/libsecurity-privilege-manager.so.1 (0x00007d446a2b0000)
	libacl.so.1 => /home/toolchain/development/libcxx_runtime_validation/tmp/EDGE_FIXTURE_0927/root/usr/lib64/libacl.so.1 (0x00007d446a2a7000)
	libsmack.so.1 => /home/toolchain/development/libcxx_runtime_validation/tmp/EDGE_FIXTURE_0927/root/usr/lib64/libsmack.so.1 (0x00007d446a29a000)
	libboost_filesystem.so.1.83.0 => /home/toolchain/development/libcxx_runtime_validation/tmp/EDGE_FIXTURE_0927/root/usr/lib64/libboost_filesystem.so.1.83.0 (0x00007d446a27e000)
	libcrypt.so.1 => /home/toolchain/development/libcxx_runtime_validation/tmp/EDGE_FIXTURE_0927/root/usr/lib64/libcrypt.so.1 (0x00007d446a245000)
	libcynara-storage.so.0 => /home/toolchain/development/libcxx_runtime_validation/tmp/EDGE_FIXTURE_0927/root/usr/lib64/libcynara-storage.so.0 (0x00007d446a210000)
	libiniparser.so.4 => /home/toolchain/development/libcxx_runtime_validation/tmp/EDGE_FIXTURE_0927/root/usr/lib64/libiniparser.so.4 (0x00007d446a206000)
	libattr.so.1 => /home/toolchain/development/libcxx_runtime_validation/tmp/EDGE_FIXTURE_0927/root/usr/lib64/libattr.so.1 (0x00007d446a1fe000)
