In file included from /home/toolchain/development/libcxx_runtime_validation/docs/progress/EDGE_FIXTURE_0927/fixtures/edge19.cpp:2:
In file included from /home/toolchain/development/libcxx_runtime_validation/tmp/EDGE_FIXTURE_0927/root/usr/include/zypp/ResPool.h:18:
In file included from /home/toolchain/development/libcxx_runtime_validation/tmp/EDGE_FIXTURE_0927/root/usr/include/zypp/base/Iterator.h:21:
/home/toolchain/development/libcxx_runtime_validation/tmp/EDGE_FIXTURE_0927/root/usr/include/boost/function_output_iterator.hpp:14:1: warning: This header is deprecated. Use <boost/iterator/function_output_iterator.hpp> instead. [-W#pragma-messages]
   14 | BOOST_HEADER_DEPRECATED("<boost/iterator/function_output_iterator.hpp>")
      | ^
/home/toolchain/development/libcxx_runtime_validation/tmp/EDGE_FIXTURE_0927/root/usr/include/boost/config/header_deprecated.hpp:23:37: note: expanded from macro 'BOOST_HEADER_DEPRECATED'
   23 | # define BOOST_HEADER_DEPRECATED(a) BOOST_PRAGMA_MESSAGE("This header is deprecated. Use " a " instead.")
      |                                     ^
/home/toolchain/development/libcxx_runtime_validation/tmp/EDGE_FIXTURE_0927/root/usr/include/boost/config/pragma_message.hpp:24:34: note: expanded from macro 'BOOST_PRAGMA_MESSAGE'
   24 | # define BOOST_PRAGMA_MESSAGE(x) _Pragma(BOOST_STRINGIZE(message(x)))
      |                                  ^
<scratch space>:35:2: note: expanded from here
   35 |  message("This header is deprecated. Use " "<boost/iterator/function_output_iterator.hpp>" " instead.")
      |  ^
In file included from /home/toolchain/development/libcxx_runtime_validation/docs/progress/EDGE_FIXTURE_0927/fixtures/edge19.cpp:2:
In file included from /home/toolchain/development/libcxx_runtime_validation/tmp/EDGE_FIXTURE_0927/root/usr/include/zypp/ResPool.h:20:
In file included from /home/toolchain/development/libcxx_runtime_validation/tmp/EDGE_FIXTURE_0927/root/usr/include/zypp/pool/PoolTraits.h:23:
In file included from /home/toolchain/development/libcxx_runtime_validation/tmp/EDGE_FIXTURE_0927/root/usr/include/zypp/PoolItem.h:19:
In file included from /home/toolchain/development/libcxx_runtime_validation/tmp/EDGE_FIXTURE_0927/root/usr/include/zypp/ResObject.h:17:
In file included from /home/toolchain/development/libcxx_runtime_validation/tmp/EDGE_FIXTURE_0927/root/usr/include/zypp/Resolvable.h:24:
In file included from /home/toolchain/development/libcxx_runtime_validation/tmp/EDGE_FIXTURE_0927/root/usr/include/zypp/sat/SolvableType.h:16:
In file included from /home/toolchain/development/libcxx_runtime_validation/tmp/EDGE_FIXTURE_0927/root/usr/include/zypp/sat/Solvable.h:17:
In file included from /home/toolchain/development/libcxx_runtime_validation/tmp/EDGE_FIXTURE_0927/root/usr/include/zypp/sat/detail/PoolMember.h:17:
In file included from /home/toolchain/development/libcxx_runtime_validation/tmp/EDGE_FIXTURE_0927/root/usr/include/zypp/base/String.h:26:
In file included from /home/toolchain/development/libcxx_runtime_validation/tmp/EDGE_FIXTURE_0927/root/usr/include/zypp/base/Function.h:16:
/home/toolchain/development/libcxx_runtime_validation/tmp/EDGE_FIXTURE_0927/root/usr/include/boost/bind.hpp:36:1: warning: The practice of declaring the Bind placeholders (_1, _2, ...) in the global namespace is deprecated. Please use <boost/bind/bind.hpp> + using namespace boost::placeholders, or define BOOST_BIND_GLOBAL_PLACEHOLDERS to retain the current behavior. [-W#pragma-messages]
   36 | BOOST_PRAGMA_MESSAGE(
      | ^
/home/toolchain/development/libcxx_runtime_validation/tmp/EDGE_FIXTURE_0927/root/usr/include/boost/config/pragma_message.hpp:24:34: note: expanded from macro 'BOOST_PRAGMA_MESSAGE'
   24 | # define BOOST_PRAGMA_MESSAGE(x) _Pragma(BOOST_STRINGIZE(message(x)))
      |                                  ^
<scratch space>:223:2: note: expanded from here
  223 |  message("The practice of declaring the Bind placeholders (_1, _2, ...) " "in the global namespace is deprecated. Please use " "<boost/bind/bind.hpp> + using namespace boost::placeholders, " "or define BOOST_BIND_GLOBAL_PLACEHOLDERS to retain the current behavior.")
      |  ^
In file included from /home/toolchain/development/libcxx_runtime_validation/docs/progress/EDGE_FIXTURE_0927/fixtures/edge19.cpp:2:
In file included from /home/toolchain/development/libcxx_runtime_validation/tmp/EDGE_FIXTURE_0927/root/usr/include/zypp/ResPool.h:20:
In file included from /home/toolchain/development/libcxx_runtime_validation/tmp/EDGE_FIXTURE_0927/root/usr/include/zypp/pool/PoolTraits.h:23:
In file included from /home/toolchain/development/libcxx_runtime_validation/tmp/EDGE_FIXTURE_0927/root/usr/include/zypp/PoolItem.h:19:
In file included from /home/toolchain/development/libcxx_runtime_validation/tmp/EDGE_FIXTURE_0927/root/usr/include/zypp/ResObject.h:17:
In file included from /home/toolchain/development/libcxx_runtime_validation/tmp/EDGE_FIXTURE_0927/root/usr/include/zypp/Resolvable.h:24:
In file included from /home/toolchain/development/libcxx_runtime_validation/tmp/EDGE_FIXTURE_0927/root/usr/include/zypp/sat/SolvableType.h:16:
In file included from /home/toolchain/development/libcxx_runtime_validation/tmp/EDGE_FIXTURE_0927/root/usr/include/zypp/sat/Solvable.h:21:
/home/toolchain/development/libcxx_runtime_validation/tmp/EDGE_FIXTURE_0927/root/usr/include/zypp/Edition.h:160:33: warning: 'binary_function<zypp::Edition, zypp::Edition, int>' is deprecated [-Wdeprecated-declarations]
  160 |       struct Match: public std::binary_function<Edition,Edition,int>
      |                                 ^
/home/toolchain/development/libc++_replacement/tmp/GBS-ROOT/R32-candidates-libcxx-x86_64-20260813-02/local/BUILD-ROOTS/scratch.x86_64.0/lib64/gcc/x86_64-tizen-linux-gnu/14.2.0/../../../gcc/x86_64-tizen-linux-gnu/14.2.0/include/c++/bits/stl_function.h:141:7: note: 'binary_function<zypp::Edition, zypp::Edition, int>' has been explicitly marked deprecated here
  141 |     } _GLIBCXX11_DEPRECATED;
      |       ^
/home/toolchain/development/libc++_replacement/tmp/GBS-ROOT/R32-candidates-libcxx-x86_64-20260813-02/local/BUILD-ROOTS/scratch.x86_64.0/lib64/gcc/x86_64-tizen-linux-gnu/14.2.0/../../../gcc/x86_64-tizen-linux-gnu/14.2.0/include/c++//x86_64-tizen-linux-gnu/bits/c++config.h:107:32: note: expanded from macro '_GLIBCXX11_DEPRECATED'
  107 | # define _GLIBCXX11_DEPRECATED _GLIBCXX_DEPRECATED
      |                                ^
/home/toolchain/development/libc++_replacement/tmp/GBS-ROOT/R32-candidates-libcxx-x86_64-20260813-02/local/BUILD-ROOTS/scratch.x86_64.0/lib64/gcc/x86_64-tizen-linux-gnu/14.2.0/../../../gcc/x86_64-tizen-linux-gnu/14.2.0/include/c++//x86_64-tizen-linux-gnu/bits/c++config.h:98:46: note: expanded from macro '_GLIBCXX_DEPRECATED'
   98 | # define _GLIBCXX_DEPRECATED __attribute__ ((__deprecated__))
      |                                              ^
In file included from /home/toolchain/development/libcxx_runtime_validation/docs/progress/EDGE_FIXTURE_0927/fixtures/edge19.cpp:2:
In file included from /home/toolchain/development/libcxx_runtime_validation/tmp/EDGE_FIXTURE_0927/root/usr/include/zypp/ResPool.h:20:
In file included from /home/toolchain/development/libcxx_runtime_validation/tmp/EDGE_FIXTURE_0927/root/usr/include/zypp/pool/PoolTraits.h:23:
In file included from /home/toolchain/development/libcxx_runtime_validation/tmp/EDGE_FIXTURE_0927/root/usr/include/zypp/PoolItem.h:19:
In file included from /home/toolchain/development/libcxx_runtime_validation/tmp/EDGE_FIXTURE_0927/root/usr/include/zypp/ResObject.h:17:
In file included from /home/toolchain/development/libcxx_runtime_validation/tmp/EDGE_FIXTURE_0927/root/usr/include/zypp/Resolvable.h:24:
In file included from /home/toolchain/development/libcxx_runtime_validation/tmp/EDGE_FIXTURE_0927/root/usr/include/zypp/sat/SolvableType.h:16:
In file included from /home/toolchain/development/libcxx_runtime_validation/tmp/EDGE_FIXTURE_0927/root/usr/include/zypp/sat/Solvable.h:21:
In file included from /home/toolchain/development/libcxx_runtime_validation/tmp/EDGE_FIXTURE_0927/root/usr/include/zypp/Edition.h:20:
/home/toolchain/development/libcxx_runtime_validation/tmp/EDGE_FIXTURE_0927/root/usr/include/zypp/RelCompare.h:199:38: warning: 'binary_function<zypp::Arch, zypp::Arch, bool>' is deprecated [-Wdeprecated-declarations]
  199 |     struct CompareByGT : public std::binary_function<Tp,Tp,bool>
      |                                      ^
/home/toolchain/development/libc++_replacement/tmp/GBS-ROOT/R32-candidates-libcxx-x86_64-20260813-02/local/BUILD-ROOTS/scratch.x86_64.0/lib64/gcc/x86_64-tizen-linux-gnu/14.2.0/../../../gcc/x86_64-tizen-linux-gnu/14.2.0/include/c++/bits/stl_tree.h:656:41: note: in instantiation of template class 'zypp::CompareByGT<zypp::Arch>' requested here
  656 |                bool /* _Is_pod_comparator */ = __is_pod(_Key_compare)>
      |                                                ^
/home/toolchain/development/libc++_replacement/tmp/GBS-ROOT/R32-candidates-libcxx-x86_64-20260813-02/local/BUILD-ROOTS/scratch.x86_64.0/lib64/gcc/x86_64-tizen-linux-gnu/14.2.0/../../../gcc/x86_64-tizen-linux-gnu/14.2.0/include/c++/bits/stl_tree.h:704:7: note: in instantiation of default argument for '_Rb_tree_impl<zypp::CompareByGT<zypp::Arch>>' required here
  704 |       _Rb_tree_impl<_Compare> _M_impl;
      |       ^~~~~~~~~~~~~~~~~~~~~~~
/home/toolchain/development/libc++_replacement/tmp/GBS-ROOT/R32-candidates-libcxx-x86_64-20260813-02/local/BUILD-ROOTS/scratch.x86_64.0/lib64/gcc/x86_64-tizen-linux-gnu/14.2.0/../../../gcc/x86_64-tizen-linux-gnu/14.2.0/include/c++/bits/stl_set.h:135:17: note: in instantiation of template class 'std::_Rb_tree<zypp::Arch, zypp::Arch, std::_Identity<zypp::Arch>, zypp::CompareByGT<zypp::Arch>>' requested here
  135 |       _Rep_type _M_t;  // Red-black tree representing set.
      |                 ^
/home/toolchain/development/libcxx_runtime_validation/tmp/EDGE_FIXTURE_0927/root/usr/include/zypp/Arch.h:137:54: note: in instantiation of template class 'std::set<zypp::Arch, zypp::CompareByGT<zypp::Arch>>' requested here
  137 |       return str::join( make_transform_iterator( cset.begin(), std::mem_fun_ref(&Arch::asString) ),
      |                                                      ^
/home/toolchain/development/libc++_replacement/tmp/GBS-ROOT/R32-candidates-libcxx-x86_64-20260813-02/local/BUILD-ROOTS/scratch.x86_64.0/lib64/gcc/x86_64-tizen-linux-gnu/14.2.0/../../../gcc/x86_64-tizen-linux-gnu/14.2.0/include/c++/bits/stl_function.h:141:7: note: 'binary_function<zypp::Arch, zypp::Arch, bool>' has been explicitly marked deprecated here
  141 |     } _GLIBCXX11_DEPRECATED;
      |       ^
/home/toolchain/development/libc++_replacement/tmp/GBS-ROOT/R32-candidates-libcxx-x86_64-20260813-02/local/BUILD-ROOTS/scratch.x86_64.0/lib64/gcc/x86_64-tizen-linux-gnu/14.2.0/../../../gcc/x86_64-tizen-linux-gnu/14.2.0/include/c++//x86_64-tizen-linux-gnu/bits/c++config.h:107:32: note: expanded from macro '_GLIBCXX11_DEPRECATED'
  107 | # define _GLIBCXX11_DEPRECATED _GLIBCXX_DEPRECATED
      |                                ^
/home/toolchain/development/libc++_replacement/tmp/GBS-ROOT/R32-candidates-libcxx-x86_64-20260813-02/local/BUILD-ROOTS/scratch.x86_64.0/lib64/gcc/x86_64-tizen-linux-gnu/14.2.0/../../../gcc/x86_64-tizen-linux-gnu/14.2.0/include/c++//x86_64-tizen-linux-gnu/bits/c++config.h:98:46: note: expanded from macro '_GLIBCXX_DEPRECATED'
   98 | # define _GLIBCXX_DEPRECATED __attribute__ ((__deprecated__))
      |                                              ^
In file included from /home/toolchain/development/libcxx_runtime_validation/docs/progress/EDGE_FIXTURE_0927/fixtures/edge19.cpp:2:
In file included from /home/toolchain/development/libcxx_runtime_validation/tmp/EDGE_FIXTURE_0927/root/usr/include/zypp/ResPool.h:20:
In file included from /home/toolchain/development/libcxx_runtime_validation/tmp/EDGE_FIXTURE_0927/root/usr/include/zypp/pool/PoolTraits.h:23:
In file included from /home/toolchain/development/libcxx_runtime_validation/tmp/EDGE_FIXTURE_0927/root/usr/include/zypp/PoolItem.h:19:
In file included from /home/toolchain/development/libcxx_runtime_validation/tmp/EDGE_FIXTURE_0927/root/usr/include/zypp/ResObject.h:17:
In file included from /home/toolchain/development/libcxx_runtime_validation/tmp/EDGE_FIXTURE_0927/root/usr/include/zypp/Resolvable.h:24:
In file included from /home/toolchain/development/libcxx_runtime_validation/tmp/EDGE_FIXTURE_0927/root/usr/include/zypp/sat/SolvableType.h:16:
In file included from /home/toolchain/development/libcxx_runtime_validation/tmp/EDGE_FIXTURE_0927/root/usr/include/zypp/sat/Solvable.h:22:
/home/toolchain/development/libcxx_runtime_validation/tmp/EDGE_FIXTURE_0927/root/usr/include/zypp/Arch.h:137:69: warning: 'mem_fun_ref<const std::basic_string<char> &, zypp::Arch>' is deprecated: use 'std::mem_fn' instead [-Wdeprecated-declarations]
  137 |       return str::join( make_transform_iterator( cset.begin(), std::mem_fun_ref(&Arch::asString) ),
      |                                                                     ^
/home/toolchain/development/libc++_replacement/tmp/GBS-ROOT/R32-candidates-libcxx-x86_64-20260813-02/local/BUILD-ROOTS/scratch.x86_64.0/lib64/gcc/x86_64-tizen-linux-gnu/14.2.0/../../../gcc/x86_64-tizen-linux-gnu/14.2.0/include/c++/bits/stl_function.h:1384:5: note: 'mem_fun_ref<const std::basic_string<char> &, zypp::Arch>' has been explicitly marked deprecated here
 1384 |     _GLIBCXX11_DEPRECATED_SUGGEST("std::mem_fn")
      |     ^
/home/toolchain/development/libc++_replacement/tmp/GBS-ROOT/R32-candidates-libcxx-x86_64-20260813-02/local/BUILD-ROOTS/scratch.x86_64.0/lib64/gcc/x86_64-tizen-linux-gnu/14.2.0/../../../gcc/x86_64-tizen-linux-gnu/14.2.0/include/c++//x86_64-tizen-linux-gnu/bits/c++config.h:108:45: note: expanded from macro '_GLIBCXX11_DEPRECATED_SUGGEST'
  108 | # define _GLIBCXX11_DEPRECATED_SUGGEST(ALT) _GLIBCXX_DEPRECATED_SUGGEST(ALT)
      |                                             ^
/home/toolchain/development/libc++_replacement/tmp/GBS-ROOT/R32-candidates-libcxx-x86_64-20260813-02/local/BUILD-ROOTS/scratch.x86_64.0/lib64/gcc/x86_64-tizen-linux-gnu/14.2.0/../../../gcc/x86_64-tizen-linux-gnu/14.2.0/include/c++//x86_64-tizen-linux-gnu/bits/c++config.h:100:19: note: expanded from macro '_GLIBCXX_DEPRECATED_SUGGEST'
  100 |   __attribute__ ((__deprecated__ ("use '" ALT "' instead")))
      |                   ^
In file included from /home/toolchain/development/libcxx_runtime_validation/docs/progress/EDGE_FIXTURE_0927/fixtures/edge19.cpp:2:
In file included from /home/toolchain/development/libcxx_runtime_validation/tmp/EDGE_FIXTURE_0927/root/usr/include/zypp/ResPool.h:20:
In file included from /home/toolchain/development/libcxx_runtime_validation/tmp/EDGE_FIXTURE_0927/root/usr/include/zypp/pool/PoolTraits.h:23:
In file included from /home/toolchain/development/libcxx_runtime_validation/tmp/EDGE_FIXTURE_0927/root/usr/include/zypp/PoolItem.h:19:
In file included from /home/toolchain/development/libcxx_runtime_validation/tmp/EDGE_FIXTURE_0927/root/usr/include/zypp/ResObject.h:17:
In file included from /home/toolchain/development/libcxx_runtime_validation/tmp/EDGE_FIXTURE_0927/root/usr/include/zypp/Resolvable.h:24:
In file included from /home/toolchain/development/libcxx_runtime_validation/tmp/EDGE_FIXTURE_0927/root/usr/include/zypp/sat/SolvableType.h:16:
In file included from /home/toolchain/development/libcxx_runtime_validation/tmp/EDGE_FIXTURE_0927/root/usr/include/zypp/sat/Solvable.h:22:
/home/toolchain/development/libcxx_runtime_validation/tmp/EDGE_FIXTURE_0927/root/usr/include/zypp/Arch.h:138:67: warning: 'mem_fun_ref<const std::basic_string<char> &, zypp::Arch>' is deprecated: use 'std::mem_fn' instead [-Wdeprecated-declarations]
  138 |                         make_transform_iterator( cset.end(), std::mem_fun_ref(&Arch::asString) ) );
      |                                                                   ^
/home/toolchain/development/libc++_replacement/tmp/GBS-ROOT/R32-candidates-libcxx-x86_64-20260813-02/local/BUILD-ROOTS/scratch.x86_64.0/lib64/gcc/x86_64-tizen-linux-gnu/14.2.0/../../../gcc/x86_64-tizen-linux-gnu/14.2.0/include/c++/bits/stl_function.h:1384:5: note: 'mem_fun_ref<const std::basic_string<char> &, zypp::Arch>' has been explicitly marked deprecated here
 1384 |     _GLIBCXX11_DEPRECATED_SUGGEST("std::mem_fn")
      |     ^
/home/toolchain/development/libc++_replacement/tmp/GBS-ROOT/R32-candidates-libcxx-x86_64-20260813-02/local/BUILD-ROOTS/scratch.x86_64.0/lib64/gcc/x86_64-tizen-linux-gnu/14.2.0/../../../gcc/x86_64-tizen-linux-gnu/14.2.0/include/c++//x86_64-tizen-linux-gnu/bits/c++config.h:108:45: note: expanded from macro '_GLIBCXX11_DEPRECATED_SUGGEST'
  108 | # define _GLIBCXX11_DEPRECATED_SUGGEST(ALT) _GLIBCXX_DEPRECATED_SUGGEST(ALT)
      |                                             ^
/home/toolchain/development/libc++_replacement/tmp/GBS-ROOT/R32-candidates-libcxx-x86_64-20260813-02/local/BUILD-ROOTS/scratch.x86_64.0/lib64/gcc/x86_64-tizen-linux-gnu/14.2.0/../../../gcc/x86_64-tizen-linux-gnu/14.2.0/include/c++//x86_64-tizen-linux-gnu/bits/c++config.h:100:19: note: expanded from macro '_GLIBCXX_DEPRECATED_SUGGEST'
  100 |   __attribute__ ((__deprecated__ ("use '" ALT "' instead")))
      |                   ^
In file included from /home/toolchain/development/libcxx_runtime_validation/docs/progress/EDGE_FIXTURE_0927/fixtures/edge19.cpp:2:
In file included from /home/toolchain/development/libcxx_runtime_validation/tmp/EDGE_FIXTURE_0927/root/usr/include/zypp/ResPool.h:20:
In file included from /home/toolchain/development/libcxx_runtime_validation/tmp/EDGE_FIXTURE_0927/root/usr/include/zypp/pool/PoolTraits.h:23:
In file included from /home/toolchain/development/libcxx_runtime_validation/tmp/EDGE_FIXTURE_0927/root/usr/include/zypp/PoolItem.h:19:
In file included from /home/toolchain/development/libcxx_runtime_validation/tmp/EDGE_FIXTURE_0927/root/usr/include/zypp/ResObject.h:17:
In file included from /home/toolchain/development/libcxx_runtime_validation/tmp/EDGE_FIXTURE_0927/root/usr/include/zypp/Resolvable.h:24:
In file included from /home/toolchain/development/libcxx_runtime_validation/tmp/EDGE_FIXTURE_0927/root/usr/include/zypp/sat/SolvableType.h:16:
In file included from /home/toolchain/development/libcxx_runtime_validation/tmp/EDGE_FIXTURE_0927/root/usr/include/zypp/sat/Solvable.h:22:
/home/toolchain/development/libcxx_runtime_validation/tmp/EDGE_FIXTURE_0927/root/usr/include/zypp/Arch.h:329:43: warning: 'unary_function<zypp::Arch, bool>' is deprecated [-Wdeprecated-declarations]
  329 |   struct ArchCompatibleWith : public std::unary_function<Arch,bool>
      |                                           ^
/home/toolchain/development/libc++_replacement/tmp/GBS-ROOT/R32-candidates-libcxx-x86_64-20260813-02/local/BUILD-ROOTS/scratch.x86_64.0/lib64/gcc/x86_64-tizen-linux-gnu/14.2.0/../../../gcc/x86_64-tizen-linux-gnu/14.2.0/include/c++/bits/stl_function.h:124:7: note: 'unary_function<zypp::Arch, bool>' has been explicitly marked deprecated here
  124 |     } _GLIBCXX11_DEPRECATED;
      |       ^
/home/toolchain/development/libc++_replacement/tmp/GBS-ROOT/R32-candidates-libcxx-x86_64-20260813-02/local/BUILD-ROOTS/scratch.x86_64.0/lib64/gcc/x86_64-tizen-linux-gnu/14.2.0/../../../gcc/x86_64-tizen-linux-gnu/14.2.0/include/c++//x86_64-tizen-linux-gnu/bits/c++config.h:107:32: note: expanded from macro '_GLIBCXX11_DEPRECATED'
  107 | # define _GLIBCXX11_DEPRECATED _GLIBCXX_DEPRECATED
      |                                ^
/home/toolchain/development/libc++_replacement/tmp/GBS-ROOT/R32-candidates-libcxx-x86_64-20260813-02/local/BUILD-ROOTS/scratch.x86_64.0/lib64/gcc/x86_64-tizen-linux-gnu/14.2.0/../../../gcc/x86_64-tizen-linux-gnu/14.2.0/include/c++//x86_64-tizen-linux-gnu/bits/c++config.h:98:46: note: expanded from macro '_GLIBCXX_DEPRECATED'
   98 | # define _GLIBCXX_DEPRECATED __attribute__ ((__deprecated__))
      |                                              ^
In file included from /home/toolchain/development/libcxx_runtime_validation/docs/progress/EDGE_FIXTURE_0927/fixtures/edge19.cpp:2:
In file included from /home/toolchain/development/libcxx_runtime_validation/tmp/EDGE_FIXTURE_0927/root/usr/include/zypp/ResPool.h:20:
In file included from /home/toolchain/development/libcxx_runtime_validation/tmp/EDGE_FIXTURE_0927/root/usr/include/zypp/pool/PoolTraits.h:23:
In file included from /home/toolchain/development/libcxx_runtime_validation/tmp/EDGE_FIXTURE_0927/root/usr/include/zypp/PoolItem.h:19:
In file included from /home/toolchain/development/libcxx_runtime_validation/tmp/EDGE_FIXTURE_0927/root/usr/include/zypp/ResObject.h:17:
In file included from /home/toolchain/development/libcxx_runtime_validation/tmp/EDGE_FIXTURE_0927/root/usr/include/zypp/Resolvable.h:24:
In file included from /home/toolchain/development/libcxx_runtime_validation/tmp/EDGE_FIXTURE_0927/root/usr/include/zypp/sat/SolvableType.h:16:
In file included from /home/toolchain/development/libcxx_runtime_validation/tmp/EDGE_FIXTURE_0927/root/usr/include/zypp/sat/Solvable.h:24:
In file included from /home/toolchain/development/libcxx_runtime_validation/tmp/EDGE_FIXTURE_0927/root/usr/include/zypp/Capabilities.h:19:
/home/toolchain/development/libcxx_runtime_validation/tmp/EDGE_FIXTURE_0927/root/usr/include/zypp/Capability.h:204:35: warning: 'binary_function<zypp::Capability, zypp::Capability, zypp::CapMatch>' is deprecated [-Wdeprecated-declarations]
  204 |       struct Matches: public std::binary_function<Capability,Capability,CapMatch>
      |                                   ^
/home/toolchain/development/libc++_replacement/tmp/GBS-ROOT/R32-candidates-libcxx-x86_64-20260813-02/local/BUILD-ROOTS/scratch.x86_64.0/lib64/gcc/x86_64-tizen-linux-gnu/14.2.0/../../../gcc/x86_64-tizen-linux-gnu/14.2.0/include/c++/bits/stl_function.h:141:7: note: 'binary_function<zypp::Capability, zypp::Capability, zypp::CapMatch>' has been explicitly marked deprecated here
  141 |     } _GLIBCXX11_DEPRECATED;
      |       ^
/home/toolchain/development/libc++_replacement/tmp/GBS-ROOT/R32-candidates-libcxx-x86_64-20260813-02/local/BUILD-ROOTS/scratch.x86_64.0/lib64/gcc/x86_64-tizen-linux-gnu/14.2.0/../../../gcc/x86_64-tizen-linux-gnu/14.2.0/include/c++//x86_64-tizen-linux-gnu/bits/c++config.h:107:32: note: expanded from macro '_GLIBCXX11_DEPRECATED'
  107 | # define _GLIBCXX11_DEPRECATED _GLIBCXX_DEPRECATED
      |                                ^
/home/toolchain/development/libc++_replacement/tmp/GBS-ROOT/R32-candidates-libcxx-x86_64-20260813-02/local/BUILD-ROOTS/scratch.x86_64.0/lib64/gcc/x86_64-tizen-linux-gnu/14.2.0/../../../gcc/x86_64-tizen-linux-gnu/14.2.0/include/c++//x86_64-tizen-linux-gnu/bits/c++config.h:98:46: note: expanded from macro '_GLIBCXX_DEPRECATED'
   98 | # define _GLIBCXX_DEPRECATED __attribute__ ((__deprecated__))
      |                                              ^
In file included from /home/toolchain/development/libcxx_runtime_validation/docs/progress/EDGE_FIXTURE_0927/fixtures/edge19.cpp:2:
In file included from /home/toolchain/development/libcxx_runtime_validation/tmp/EDGE_FIXTURE_0927/root/usr/include/zypp/ResPool.h:20:
In file included from /home/toolchain/development/libcxx_runtime_validation/tmp/EDGE_FIXTURE_0927/root/usr/include/zypp/pool/PoolTraits.h:23:
In file included from /home/toolchain/development/libcxx_runtime_validation/tmp/EDGE_FIXTURE_0927/root/usr/include/zypp/PoolItem.h:19:
In file included from /home/toolchain/development/libcxx_runtime_validation/tmp/EDGE_FIXTURE_0927/root/usr/include/zypp/ResObject.h:17:
In file included from /home/toolchain/development/libcxx_runtime_validation/tmp/EDGE_FIXTURE_0927/root/usr/include/zypp/Resolvable.h:24:
In file included from /home/toolchain/development/libcxx_runtime_validation/tmp/EDGE_FIXTURE_0927/root/usr/include/zypp/sat/SolvableType.h:17:
In file included from /home/toolchain/development/libcxx_runtime_validation/tmp/EDGE_FIXTURE_0927/root/usr/include/zypp/Repository.h:21:
In file included from /home/toolchain/development/libcxx_runtime_validation/tmp/EDGE_FIXTURE_0927/root/usr/include/zypp/RepoInfo.h:25:
/home/toolchain/development/libcxx_runtime_validation/tmp/EDGE_FIXTURE_0927/root/usr/include/zypp/repo/RepoVariables.h:105:54: warning: 'unary_function<const std::basic_string<char> &, std::basic_string<char>>' is deprecated [-Wdeprecated-declarations]
  105 |     struct RepoVariablesStringReplacer : public std::unary_function<const std::string &, std::string>
      |                                                      ^
/home/toolchain/development/libc++_replacement/tmp/GBS-ROOT/R32-candidates-libcxx-x86_64-20260813-02/local/BUILD-ROOTS/scratch.x86_64.0/lib64/gcc/x86_64-tizen-linux-gnu/14.2.0/../../../gcc/x86_64-tizen-linux-gnu/14.2.0/include/c++/bits/stl_function.h:124:7: note: 'unary_function<const std::basic_string<char> &, std::basic_string<char>>' has been explicitly marked deprecated here
  124 |     } _GLIBCXX11_DEPRECATED;
      |       ^
/home/toolchain/development/libc++_replacement/tmp/GBS-ROOT/R32-candidates-libcxx-x86_64-20260813-02/local/BUILD-ROOTS/scratch.x86_64.0/lib64/gcc/x86_64-tizen-linux-gnu/14.2.0/../../../gcc/x86_64-tizen-linux-gnu/14.2.0/include/c++//x86_64-tizen-linux-gnu/bits/c++config.h:107:32: note: expanded from macro '_GLIBCXX11_DEPRECATED'
  107 | # define _GLIBCXX11_DEPRECATED _GLIBCXX_DEPRECATED
      |                                ^
/home/toolchain/development/libc++_replacement/tmp/GBS-ROOT/R32-candidates-libcxx-x86_64-20260813-02/local/BUILD-ROOTS/scratch.x86_64.0/lib64/gcc/x86_64-tizen-linux-gnu/14.2.0/../../../gcc/x86_64-tizen-linux-gnu/14.2.0/include/c++//x86_64-tizen-linux-gnu/bits/c++config.h:98:46: note: expanded from macro '_GLIBCXX_DEPRECATED'
   98 | # define _GLIBCXX_DEPRECATED __attribute__ ((__deprecated__))
      |                                              ^
In file included from /home/toolchain/development/libcxx_runtime_validation/docs/progress/EDGE_FIXTURE_0927/fixtures/edge19.cpp:2:
In file included from /home/toolchain/development/libcxx_runtime_validation/tmp/EDGE_FIXTURE_0927/root/usr/include/zypp/ResPool.h:20:
In file included from /home/toolchain/development/libcxx_runtime_validation/tmp/EDGE_FIXTURE_0927/root/usr/include/zypp/pool/PoolTraits.h:23:
In file included from /home/toolchain/development/libcxx_runtime_validation/tmp/EDGE_FIXTURE_0927/root/usr/include/zypp/PoolItem.h:19:
In file included from /home/toolchain/development/libcxx_runtime_validation/tmp/EDGE_FIXTURE_0927/root/usr/include/zypp/ResObject.h:17:
In file included from /home/toolchain/development/libcxx_runtime_validation/tmp/EDGE_FIXTURE_0927/root/usr/include/zypp/Resolvable.h:24:
In file included from /home/toolchain/development/libcxx_runtime_validation/tmp/EDGE_FIXTURE_0927/root/usr/include/zypp/sat/SolvableType.h:17:
In file included from /home/toolchain/development/libcxx_runtime_validation/tmp/EDGE_FIXTURE_0927/root/usr/include/zypp/Repository.h:21:
In file included from /home/toolchain/development/libcxx_runtime_validation/tmp/EDGE_FIXTURE_0927/root/usr/include/zypp/RepoInfo.h:25:
/home/toolchain/development/libcxx_runtime_validation/tmp/EDGE_FIXTURE_0927/root/usr/include/zypp/repo/RepoVariables.h:119:51: warning: 'unary_function<const zypp::Url &, zypp::Url>' is deprecated [-Wdeprecated-declarations]
  119 |     struct RepoVariablesUrlReplacer : public std::unary_function<const Url &, Url>
      |                                                   ^
/home/toolchain/development/libc++_replacement/tmp/GBS-ROOT/R32-candidates-libcxx-x86_64-20260813-02/local/BUILD-ROOTS/scratch.x86_64.0/lib64/gcc/x86_64-tizen-linux-gnu/14.2.0/../../../gcc/x86_64-tizen-linux-gnu/14.2.0/include/c++/bits/stl_function.h:124:7: note: 'unary_function<const zypp::Url &, zypp::Url>' has been explicitly marked deprecated here
  124 |     } _GLIBCXX11_DEPRECATED;
      |       ^
/home/toolchain/development/libc++_replacement/tmp/GBS-ROOT/R32-candidates-libcxx-x86_64-20260813-02/local/BUILD-ROOTS/scratch.x86_64.0/lib64/gcc/x86_64-tizen-linux-gnu/14.2.0/../../../gcc/x86_64-tizen-linux-gnu/14.2.0/include/c++//x86_64-tizen-linux-gnu/bits/c++config.h:107:32: note: expanded from macro '_GLIBCXX11_DEPRECATED'
  107 | # define _GLIBCXX11_DEPRECATED _GLIBCXX_DEPRECATED
      |                                ^
/home/toolchain/development/libc++_replacement/tmp/GBS-ROOT/R32-candidates-libcxx-x86_64-20260813-02/local/BUILD-ROOTS/scratch.x86_64.0/lib64/gcc/x86_64-tizen-linux-gnu/14.2.0/../../../gcc/x86_64-tizen-linux-gnu/14.2.0/include/c++//x86_64-tizen-linux-gnu/bits/c++config.h:98:46: note: expanded from macro '_GLIBCXX_DEPRECATED'
   98 | # define _GLIBCXX_DEPRECATED __attribute__ ((__deprecated__))
      |                                              ^
In file included from /home/toolchain/development/libcxx_runtime_validation/docs/progress/EDGE_FIXTURE_0927/fixtures/edge19.cpp:2:
In file included from /home/toolchain/development/libcxx_runtime_validation/tmp/EDGE_FIXTURE_0927/root/usr/include/zypp/ResPool.h:20:
In file included from /home/toolchain/development/libcxx_runtime_validation/tmp/EDGE_FIXTURE_0927/root/usr/include/zypp/pool/PoolTraits.h:25:
In file included from /home/toolchain/development/libcxx_runtime_validation/tmp/EDGE_FIXTURE_0927/root/usr/include/zypp/sat/Pool.h:21:
In file included from /home/toolchain/development/libcxx_runtime_validation/tmp/EDGE_FIXTURE_0927/root/usr/include/zypp/sat/WhatProvides.h:21:
In file included from /home/toolchain/development/libcxx_runtime_validation/tmp/EDGE_FIXTURE_0927/root/usr/include/zypp/sat/SolvIterMixin.h:23:
In file included from /home/toolchain/development/libcxx_runtime_validation/tmp/EDGE_FIXTURE_0927/root/usr/include/zypp/ui/Selectable.h:22:
/home/toolchain/development/libcxx_runtime_validation/tmp/EDGE_FIXTURE_0927/root/usr/include/zypp/ui/SelectableTraits.h:44:36: warning: 'binary_function<zypp::PoolItem, zypp::PoolItem, bool>' is deprecated [-Wdeprecated-declarations]
   44 |       struct AVOrder : public std::binary_function<PoolItem,PoolItem,bool>
      |                                    ^
/home/toolchain/development/libc++_replacement/tmp/GBS-ROOT/R32-candidates-libcxx-x86_64-20260813-02/local/BUILD-ROOTS/scratch.x86_64.0/lib64/gcc/x86_64-tizen-linux-gnu/14.2.0/../../../gcc/x86_64-tizen-linux-gnu/14.2.0/include/c++/bits/stl_function.h:141:7: note: 'binary_function<zypp::PoolItem, zypp::PoolItem, bool>' has been explicitly marked deprecated here
  141 |     } _GLIBCXX11_DEPRECATED;
      |       ^
/home/toolchain/development/libc++_replacement/tmp/GBS-ROOT/R32-candidates-libcxx-x86_64-20260813-02/local/BUILD-ROOTS/scratch.x86_64.0/lib64/gcc/x86_64-tizen-linux-gnu/14.2.0/../../../gcc/x86_64-tizen-linux-gnu/14.2.0/include/c++//x86_64-tizen-linux-gnu/bits/c++config.h:107:32: note: expanded from macro '_GLIBCXX11_DEPRECATED'
  107 | # define _GLIBCXX11_DEPRECATED _GLIBCXX_DEPRECATED
      |                                ^
/home/toolchain/development/libc++_replacement/tmp/GBS-ROOT/R32-candidates-libcxx-x86_64-20260813-02/local/BUILD-ROOTS/scratch.x86_64.0/lib64/gcc/x86_64-tizen-linux-gnu/14.2.0/../../../gcc/x86_64-tizen-linux-gnu/14.2.0/include/c++//x86_64-tizen-linux-gnu/bits/c++config.h:98:46: note: expanded from macro '_GLIBCXX_DEPRECATED'
   98 | # define _GLIBCXX_DEPRECATED __attribute__ ((__deprecated__))
      |                                              ^
In file included from /home/toolchain/development/libcxx_runtime_validation/docs/progress/EDGE_FIXTURE_0927/fixtures/edge19.cpp:2:
In file included from /home/toolchain/development/libcxx_runtime_validation/tmp/EDGE_FIXTURE_0927/root/usr/include/zypp/ResPool.h:20:
In file included from /home/toolchain/development/libcxx_runtime_validation/tmp/EDGE_FIXTURE_0927/root/usr/include/zypp/pool/PoolTraits.h:25:
In file included from /home/toolchain/development/libcxx_runtime_validation/tmp/EDGE_FIXTURE_0927/root/usr/include/zypp/sat/Pool.h:21:
In file included from /home/toolchain/development/libcxx_runtime_validation/tmp/EDGE_FIXTURE_0927/root/usr/include/zypp/sat/WhatProvides.h:21:
In file included from /home/toolchain/development/libcxx_runtime_validation/tmp/EDGE_FIXTURE_0927/root/usr/include/zypp/sat/SolvIterMixin.h:23:
In file included from /home/toolchain/development/libcxx_runtime_validation/tmp/EDGE_FIXTURE_0927/root/usr/include/zypp/ui/Selectable.h:22:
/home/toolchain/development/libcxx_runtime_validation/tmp/EDGE_FIXTURE_0927/root/usr/include/zypp/ui/SelectableTraits.h:94:35: warning: 'binary_function<zypp::PoolItem, zypp::PoolItem, bool>' is deprecated [-Wdeprecated-declarations]
   94 |       struct IOrder : public std::binary_function<PoolItem,PoolItem,bool>
      |                                   ^
/home/toolchain/development/libc++_replacement/tmp/GBS-ROOT/R32-candidates-libcxx-x86_64-20260813-02/local/BUILD-ROOTS/scratch.x86_64.0/lib64/gcc/x86_64-tizen-linux-gnu/14.2.0/../../../gcc/x86_64-tizen-linux-gnu/14.2.0/include/c++/bits/stl_function.h:141:7: note: 'binary_function<zypp::PoolItem, zypp::PoolItem, bool>' has been explicitly marked deprecated here
  141 |     } _GLIBCXX11_DEPRECATED;
      |       ^
/home/toolchain/development/libc++_replacement/tmp/GBS-ROOT/R32-candidates-libcxx-x86_64-20260813-02/local/BUILD-ROOTS/scratch.x86_64.0/lib64/gcc/x86_64-tizen-linux-gnu/14.2.0/../../../gcc/x86_64-tizen-linux-gnu/14.2.0/include/c++//x86_64-tizen-linux-gnu/bits/c++config.h:107:32: note: expanded from macro '_GLIBCXX11_DEPRECATED'
  107 | # define _GLIBCXX11_DEPRECATED _GLIBCXX_DEPRECATED
      |                                ^
/home/toolchain/development/libc++_replacement/tmp/GBS-ROOT/R32-candidates-libcxx-x86_64-20260813-02/local/BUILD-ROOTS/scratch.x86_64.0/lib64/gcc/x86_64-tizen-linux-gnu/14.2.0/../../../gcc/x86_64-tizen-linux-gnu/14.2.0/include/c++//x86_64-tizen-linux-gnu/bits/c++config.h:98:46: note: expanded from macro '_GLIBCXX_DEPRECATED'
   98 | # define _GLIBCXX_DEPRECATED __attribute__ ((__deprecated__))
      |                                              ^
In file included from /home/toolchain/development/libcxx_runtime_validation/docs/progress/EDGE_FIXTURE_0927/fixtures/edge19.cpp:2:
In file included from /home/toolchain/development/libcxx_runtime_validation/tmp/EDGE_FIXTURE_0927/root/usr/include/zypp/ResPool.h:22:
In file included from /home/toolchain/development/libcxx_runtime_validation/tmp/EDGE_FIXTURE_0927/root/usr/include/zypp/Filter.h:216:
/home/toolchain/development/libcxx_runtime_validation/tmp/EDGE_FIXTURE_0927/root/usr/include/zypp/ResFilters.h:151:18: warning: 'unary_function<boost::intrusive_ptr<const zypp::ResObject>, bool>' is deprecated [-Wdeprecated-declarations]
  151 |     typedef std::unary_function<ResObject::constPtr, bool> ResObjectFilterFunctor;
      |                  ^
/home/toolchain/development/libc++_replacement/tmp/GBS-ROOT/R32-candidates-libcxx-x86_64-20260813-02/local/BUILD-ROOTS/scratch.x86_64.0/lib64/gcc/x86_64-tizen-linux-gnu/14.2.0/../../../gcc/x86_64-tizen-linux-gnu/14.2.0/include/c++/bits/stl_function.h:124:7: note: 'unary_function<boost::intrusive_ptr<const zypp::ResObject>, bool>' has been explicitly marked deprecated here
  124 |     } _GLIBCXX11_DEPRECATED;
      |       ^
/home/toolchain/development/libc++_replacement/tmp/GBS-ROOT/R32-candidates-libcxx-x86_64-20260813-02/local/BUILD-ROOTS/scratch.x86_64.0/lib64/gcc/x86_64-tizen-linux-gnu/14.2.0/../../../gcc/x86_64-tizen-linux-gnu/14.2.0/include/c++//x86_64-tizen-linux-gnu/bits/c++config.h:107:32: note: expanded from macro '_GLIBCXX11_DEPRECATED'
  107 | # define _GLIBCXX11_DEPRECATED _GLIBCXX_DEPRECATED
      |                                ^
/home/toolchain/development/libc++_replacement/tmp/GBS-ROOT/R32-candidates-libcxx-x86_64-20260813-02/local/BUILD-ROOTS/scratch.x86_64.0/lib64/gcc/x86_64-tizen-linux-gnu/14.2.0/../../../gcc/x86_64-tizen-linux-gnu/14.2.0/include/c++//x86_64-tizen-linux-gnu/bits/c++config.h:98:46: note: expanded from macro '_GLIBCXX_DEPRECATED'
   98 | # define _GLIBCXX_DEPRECATED __attribute__ ((__deprecated__))
      |                                              ^
In file included from /home/toolchain/development/libcxx_runtime_validation/docs/progress/EDGE_FIXTURE_0927/fixtures/edge19.cpp:2:
In file included from /home/toolchain/development/libcxx_runtime_validation/tmp/EDGE_FIXTURE_0927/root/usr/include/zypp/ResPool.h:22:
In file included from /home/toolchain/development/libcxx_runtime_validation/tmp/EDGE_FIXTURE_0927/root/usr/include/zypp/Filter.h:216:
/home/toolchain/development/libcxx_runtime_validation/tmp/EDGE_FIXTURE_0927/root/usr/include/zypp/ResFilters.h:160:28: warning: 'ResObjectFilterFunctor' is deprecated [-Wdeprecated-declarations]
  160 |     struct ByName : public ResObjectFilterFunctor
      |                            ^
/home/toolchain/development/libc++_replacement/tmp/GBS-ROOT/R32-candidates-libcxx-x86_64-20260813-02/local/BUILD-ROOTS/scratch.x86_64.0/lib64/gcc/x86_64-tizen-linux-gnu/14.2.0/../../../gcc/x86_64-tizen-linux-gnu/14.2.0/include/c++/bits/stl_function.h:124:7: note: 'unary_function<boost::intrusive_ptr<const zypp::ResObject>, bool>' has been explicitly marked deprecated here
  124 |     } _GLIBCXX11_DEPRECATED;
      |       ^
/home/toolchain/development/libc++_replacement/tmp/GBS-ROOT/R32-candidates-libcxx-x86_64-20260813-02/local/BUILD-ROOTS/scratch.x86_64.0/lib64/gcc/x86_64-tizen-linux-gnu/14.2.0/../../../gcc/x86_64-tizen-linux-gnu/14.2.0/include/c++//x86_64-tizen-linux-gnu/bits/c++config.h:107:32: note: expanded from macro '_GLIBCXX11_DEPRECATED'
  107 | # define _GLIBCXX11_DEPRECATED _GLIBCXX_DEPRECATED
      |                                ^
/home/toolchain/development/libc++_replacement/tmp/GBS-ROOT/R32-candidates-libcxx-x86_64-20260813-02/local/BUILD-ROOTS/scratch.x86_64.0/lib64/gcc/x86_64-tizen-linux-gnu/14.2.0/../../../gcc/x86_64-tizen-linux-gnu/14.2.0/include/c++//x86_64-tizen-linux-gnu/bits/c++config.h:98:46: note: expanded from macro '_GLIBCXX_DEPRECATED'
   98 | # define _GLIBCXX_DEPRECATED __attribute__ ((__deprecated__))
      |                                              ^
In file included from /home/toolchain/development/libcxx_runtime_validation/docs/progress/EDGE_FIXTURE_0927/fixtures/edge19.cpp:2:
In file included from /home/toolchain/development/libcxx_runtime_validation/tmp/EDGE_FIXTURE_0927/root/usr/include/zypp/ResPool.h:22:
In file included from /home/toolchain/development/libcxx_runtime_validation/tmp/EDGE_FIXTURE_0927/root/usr/include/zypp/Filter.h:216:
/home/toolchain/development/libcxx_runtime_validation/tmp/EDGE_FIXTURE_0927/root/usr/include/zypp/ResFilters.h:178:34: warning: 'ResObjectFilterFunctor' is deprecated [-Wdeprecated-declarations]
  178 |     struct ByRepository : public ResObjectFilterFunctor
      |                                  ^
/home/toolchain/development/libc++_replacement/tmp/GBS-ROOT/R32-candidates-libcxx-x86_64-20260813-02/local/BUILD-ROOTS/scratch.x86_64.0/lib64/gcc/x86_64-tizen-linux-gnu/14.2.0/../../../gcc/x86_64-tizen-linux-gnu/14.2.0/include/c++/bits/stl_function.h:124:7: note: 'unary_function<boost::intrusive_ptr<const zypp::ResObject>, bool>' has been explicitly marked deprecated here
  124 |     } _GLIBCXX11_DEPRECATED;
      |       ^
/home/toolchain/development/libc++_replacement/tmp/GBS-ROOT/R32-candidates-libcxx-x86_64-20260813-02/local/BUILD-ROOTS/scratch.x86_64.0/lib64/gcc/x86_64-tizen-linux-gnu/14.2.0/../../../gcc/x86_64-tizen-linux-gnu/14.2.0/include/c++//x86_64-tizen-linux-gnu/bits/c++config.h:107:32: note: expanded from macro '_GLIBCXX11_DEPRECATED'
  107 | # define _GLIBCXX11_DEPRECATED _GLIBCXX_DEPRECATED
      |                                ^
/home/toolchain/development/libc++_replacement/tmp/GBS-ROOT/R32-candidates-libcxx-x86_64-20260813-02/local/BUILD-ROOTS/scratch.x86_64.0/lib64/gcc/x86_64-tizen-linux-gnu/14.2.0/../../../gcc/x86_64-tizen-linux-gnu/14.2.0/include/c++//x86_64-tizen-linux-gnu/bits/c++config.h:98:46: note: expanded from macro '_GLIBCXX_DEPRECATED'
   98 | # define _GLIBCXX_DEPRECATED __attribute__ ((__deprecated__))
      |                                              ^
In file included from /home/toolchain/development/libcxx_runtime_validation/docs/progress/EDGE_FIXTURE_0927/fixtures/edge19.cpp:2:
In file included from /home/toolchain/development/libcxx_runtime_validation/tmp/EDGE_FIXTURE_0927/root/usr/include/zypp/ResPool.h:22:
In file included from /home/toolchain/development/libcxx_runtime_validation/tmp/EDGE_FIXTURE_0927/root/usr/include/zypp/Filter.h:216:
/home/toolchain/development/libcxx_runtime_validation/tmp/EDGE_FIXTURE_0927/root/usr/include/zypp/ResFilters.h:209:33: warning: 'ResObjectFilterFunctor' is deprecated [-Wdeprecated-declarations]
  209 |       struct ByEdition : public ResObjectFilterFunctor
      |                                 ^
/home/toolchain/development/libc++_replacement/tmp/GBS-ROOT/R32-candidates-libcxx-x86_64-20260813-02/local/BUILD-ROOTS/scratch.x86_64.0/lib64/gcc/x86_64-tizen-linux-gnu/14.2.0/../../../gcc/x86_64-tizen-linux-gnu/14.2.0/include/c++/bits/stl_function.h:124:7: note: 'unary_function<boost::intrusive_ptr<const zypp::ResObject>, bool>' has been explicitly marked deprecated here
  124 |     } _GLIBCXX11_DEPRECATED;
      |       ^
/home/toolchain/development/libc++_replacement/tmp/GBS-ROOT/R32-candidates-libcxx-x86_64-20260813-02/local/BUILD-ROOTS/scratch.x86_64.0/lib64/gcc/x86_64-tizen-linux-gnu/14.2.0/../../../gcc/x86_64-tizen-linux-gnu/14.2.0/include/c++//x86_64-tizen-linux-gnu/bits/c++config.h:107:32: note: expanded from macro '_GLIBCXX11_DEPRECATED'
  107 | # define _GLIBCXX11_DEPRECATED _GLIBCXX_DEPRECATED
      |                                ^
/home/toolchain/development/libc++_replacement/tmp/GBS-ROOT/R32-candidates-libcxx-x86_64-20260813-02/local/BUILD-ROOTS/scratch.x86_64.0/lib64/gcc/x86_64-tizen-linux-gnu/14.2.0/../../../gcc/x86_64-tizen-linux-gnu/14.2.0/include/c++//x86_64-tizen-linux-gnu/bits/c++config.h:98:46: note: expanded from macro '_GLIBCXX_DEPRECATED'
   98 | # define _GLIBCXX_DEPRECATED __attribute__ ((__deprecated__))
      |                                              ^
In file included from /home/toolchain/development/libcxx_runtime_validation/docs/progress/EDGE_FIXTURE_0927/fixtures/edge19.cpp:2:
In file included from /home/toolchain/development/libcxx_runtime_validation/tmp/EDGE_FIXTURE_0927/root/usr/include/zypp/ResPool.h:22:
In file included from /home/toolchain/development/libcxx_runtime_validation/tmp/EDGE_FIXTURE_0927/root/usr/include/zypp/Filter.h:216:
/home/toolchain/development/libcxx_runtime_validation/tmp/EDGE_FIXTURE_0927/root/usr/include/zypp/ResFilters.h:249:30: warning: 'ResObjectFilterFunctor' is deprecated [-Wdeprecated-declarations]
  249 |       struct ByArch : public ResObjectFilterFunctor
      |                              ^
/home/toolchain/development/libc++_replacement/tmp/GBS-ROOT/R32-candidates-libcxx-x86_64-20260813-02/local/BUILD-ROOTS/scratch.x86_64.0/lib64/gcc/x86_64-tizen-linux-gnu/14.2.0/../../../gcc/x86_64-tizen-linux-gnu/14.2.0/include/c++/bits/stl_function.h:124:7: note: 'unary_function<boost::intrusive_ptr<const zypp::ResObject>, bool>' has been explicitly marked deprecated here
  124 |     } _GLIBCXX11_DEPRECATED;
      |       ^
/home/toolchain/development/libc++_replacement/tmp/GBS-ROOT/R32-candidates-libcxx-x86_64-20260813-02/local/BUILD-ROOTS/scratch.x86_64.0/lib64/gcc/x86_64-tizen-linux-gnu/14.2.0/../../../gcc/x86_64-tizen-linux-gnu/14.2.0/include/c++//x86_64-tizen-linux-gnu/bits/c++config.h:107:32: note: expanded from macro '_GLIBCXX11_DEPRECATED'
  107 | # define _GLIBCXX11_DEPRECATED _GLIBCXX_DEPRECATED
      |                                ^
/home/toolchain/development/libc++_replacement/tmp/GBS-ROOT/R32-candidates-libcxx-x86_64-20260813-02/local/BUILD-ROOTS/scratch.x86_64.0/lib64/gcc/x86_64-tizen-linux-gnu/14.2.0/../../../gcc/x86_64-tizen-linux-gnu/14.2.0/include/c++//x86_64-tizen-linux-gnu/bits/c++config.h:98:46: note: expanded from macro '_GLIBCXX_DEPRECATED'
   98 | # define _GLIBCXX_DEPRECATED __attribute__ ((__deprecated__))
      |                                              ^
In file included from /home/toolchain/development/libcxx_runtime_validation/docs/progress/EDGE_FIXTURE_0927/fixtures/edge19.cpp:2:
In file included from /home/toolchain/development/libcxx_runtime_validation/tmp/EDGE_FIXTURE_0927/root/usr/include/zypp/ResPool.h:22:
In file included from /home/toolchain/development/libcxx_runtime_validation/tmp/EDGE_FIXTURE_0927/root/usr/include/zypp/Filter.h:216:
/home/toolchain/development/libcxx_runtime_validation/tmp/EDGE_FIXTURE_0927/root/usr/include/zypp/ResFilters.h:285:18: warning: 'unary_function<zypp::PoolItem, bool>' is deprecated [-Wdeprecated-declarations]
  285 |     typedef std::unary_function<PoolItem, bool> PoolItemFilterFunctor;
      |                  ^
/home/toolchain/development/libc++_replacement/tmp/GBS-ROOT/R32-candidates-libcxx-x86_64-20260813-02/local/BUILD-ROOTS/scratch.x86_64.0/lib64/gcc/x86_64-tizen-linux-gnu/14.2.0/../../../gcc/x86_64-tizen-linux-gnu/14.2.0/include/c++/bits/stl_function.h:124:7: note: 'unary_function<zypp::PoolItem, bool>' has been explicitly marked deprecated here
  124 |     } _GLIBCXX11_DEPRECATED;
      |       ^
/home/toolchain/development/libc++_replacement/tmp/GBS-ROOT/R32-candidates-libcxx-x86_64-20260813-02/local/BUILD-ROOTS/scratch.x86_64.0/lib64/gcc/x86_64-tizen-linux-gnu/14.2.0/../../../gcc/x86_64-tizen-linux-gnu/14.2.0/include/c++//x86_64-tizen-linux-gnu/bits/c++config.h:107:32: note: expanded from macro '_GLIBCXX11_DEPRECATED'
  107 | # define _GLIBCXX11_DEPRECATED _GLIBCXX_DEPRECATED
      |                                ^
/home/toolchain/development/libc++_replacement/tmp/GBS-ROOT/R32-candidates-libcxx-x86_64-20260813-02/local/BUILD-ROOTS/scratch.x86_64.0/lib64/gcc/x86_64-tizen-linux-gnu/14.2.0/../../../gcc/x86_64-tizen-linux-gnu/14.2.0/include/c++//x86_64-tizen-linux-gnu/bits/c++config.h:98:46: note: expanded from macro '_GLIBCXX_DEPRECATED'
   98 | # define _GLIBCXX_DEPRECATED __attribute__ ((__deprecated__))
      |                                              ^
In file included from /home/toolchain/development/libcxx_runtime_validation/docs/progress/EDGE_FIXTURE_0927/fixtures/edge19.cpp:2:
In file included from /home/toolchain/development/libcxx_runtime_validation/tmp/EDGE_FIXTURE_0927/root/usr/include/zypp/ResPool.h:22:
In file included from /home/toolchain/development/libcxx_runtime_validation/tmp/EDGE_FIXTURE_0927/root/usr/include/zypp/Filter.h:216:
/home/toolchain/development/libcxx_runtime_validation/tmp/EDGE_FIXTURE_0927/root/usr/include/zypp/ResFilters.h:288:33: warning: 'PoolItemFilterFunctor' is deprecated [-Wdeprecated-declarations]
  288 |     struct ByInstalled : public PoolItemFilterFunctor
      |                                 ^
/home/toolchain/development/libc++_replacement/tmp/GBS-ROOT/R32-candidates-libcxx-x86_64-20260813-02/local/BUILD-ROOTS/scratch.x86_64.0/lib64/gcc/x86_64-tizen-linux-gnu/14.2.0/../../../gcc/x86_64-tizen-linux-gnu/14.2.0/include/c++/bits/stl_function.h:124:7: note: 'unary_function<zypp::PoolItem, bool>' has been explicitly marked deprecated here
  124 |     } _GLIBCXX11_DEPRECATED;
      |       ^
/home/toolchain/development/libc++_replacement/tmp/GBS-ROOT/R32-candidates-libcxx-x86_64-20260813-02/local/BUILD-ROOTS/scratch.x86_64.0/lib64/gcc/x86_64-tizen-linux-gnu/14.2.0/../../../gcc/x86_64-tizen-linux-gnu/14.2.0/include/c++//x86_64-tizen-linux-gnu/bits/c++config.h:107:32: note: expanded from macro '_GLIBCXX11_DEPRECATED'
  107 | # define _GLIBCXX11_DEPRECATED _GLIBCXX_DEPRECATED
      |                                ^
/home/toolchain/development/libc++_replacement/tmp/GBS-ROOT/R32-candidates-libcxx-x86_64-20260813-02/local/BUILD-ROOTS/scratch.x86_64.0/lib64/gcc/x86_64-tizen-linux-gnu/14.2.0/../../../gcc/x86_64-tizen-linux-gnu/14.2.0/include/c++//x86_64-tizen-linux-gnu/bits/c++config.h:98:46: note: expanded from macro '_GLIBCXX_DEPRECATED'
   98 | # define _GLIBCXX_DEPRECATED __attribute__ ((__deprecated__))
      |                                              ^
In file included from /home/toolchain/development/libcxx_runtime_validation/docs/progress/EDGE_FIXTURE_0927/fixtures/edge19.cpp:2:
In file included from /home/toolchain/development/libcxx_runtime_validation/tmp/EDGE_FIXTURE_0927/root/usr/include/zypp/ResPool.h:22:
In file included from /home/toolchain/development/libcxx_runtime_validation/tmp/EDGE_FIXTURE_0927/root/usr/include/zypp/Filter.h:216:
/home/toolchain/development/libcxx_runtime_validation/tmp/EDGE_FIXTURE_0927/root/usr/include/zypp/ResFilters.h:297:35: warning: 'PoolItemFilterFunctor' is deprecated [-Wdeprecated-declarations]
  297 |     struct ByUninstalled : public PoolItemFilterFunctor
      |                                   ^
/home/toolchain/development/libc++_replacement/tmp/GBS-ROOT/R32-candidates-libcxx-x86_64-20260813-02/local/BUILD-ROOTS/scratch.x86_64.0/lib64/gcc/x86_64-tizen-linux-gnu/14.2.0/../../../gcc/x86_64-tizen-linux-gnu/14.2.0/include/c++/bits/stl_function.h:124:7: note: 'unary_function<zypp::PoolItem, bool>' has been explicitly marked deprecated here
  124 |     } _GLIBCXX11_DEPRECATED;
      |       ^
/home/toolchain/development/libc++_replacement/tmp/GBS-ROOT/R32-candidates-libcxx-x86_64-20260813-02/local/BUILD-ROOTS/scratch.x86_64.0/lib64/gcc/x86_64-tizen-linux-gnu/14.2.0/../../../gcc/x86_64-tizen-linux-gnu/14.2.0/include/c++//x86_64-tizen-linux-gnu/bits/c++config.h:107:32: note: expanded from macro '_GLIBCXX11_DEPRECATED'
  107 | # define _GLIBCXX11_DEPRECATED _GLIBCXX_DEPRECATED
      |                                ^
/home/toolchain/development/libc++_replacement/tmp/GBS-ROOT/R32-candidates-libcxx-x86_64-20260813-02/local/BUILD-ROOTS/scratch.x86_64.0/lib64/gcc/x86_64-tizen-linux-gnu/14.2.0/../../../gcc/x86_64-tizen-linux-gnu/14.2.0/include/c++//x86_64-tizen-linux-gnu/bits/c++config.h:98:46: note: expanded from macro '_GLIBCXX_DEPRECATED'
   98 | # define _GLIBCXX_DEPRECATED __attribute__ ((__deprecated__))
      |                                              ^
In file included from /home/toolchain/development/libcxx_runtime_validation/docs/progress/EDGE_FIXTURE_0927/fixtures/edge19.cpp:2:
In file included from /home/toolchain/development/libcxx_runtime_validation/tmp/EDGE_FIXTURE_0927/root/usr/include/zypp/ResPool.h:22:
In file included from /home/toolchain/development/libcxx_runtime_validation/tmp/EDGE_FIXTURE_0927/root/usr/include/zypp/Filter.h:216:
/home/toolchain/development/libcxx_runtime_validation/tmp/EDGE_FIXTURE_0927/root/usr/include/zypp/ResFilters.h:306:32: warning: 'PoolItemFilterFunctor' is deprecated [-Wdeprecated-declarations]
  306 |     struct ByTransact : public PoolItemFilterFunctor
      |                                ^
/home/toolchain/development/libc++_replacement/tmp/GBS-ROOT/R32-candidates-libcxx-x86_64-20260813-02/local/BUILD-ROOTS/scratch.x86_64.0/lib64/gcc/x86_64-tizen-linux-gnu/14.2.0/../../../gcc/x86_64-tizen-linux-gnu/14.2.0/include/c++/bits/stl_function.h:124:7: note: 'unary_function<zypp::PoolItem, bool>' has been explicitly marked deprecated here
  124 |     } _GLIBCXX11_DEPRECATED;
      |       ^
/home/toolchain/development/libc++_replacement/tmp/GBS-ROOT/R32-candidates-libcxx-x86_64-20260813-02/local/BUILD-ROOTS/scratch.x86_64.0/lib64/gcc/x86_64-tizen-linux-gnu/14.2.0/../../../gcc/x86_64-tizen-linux-gnu/14.2.0/include/c++//x86_64-tizen-linux-gnu/bits/c++config.h:107:32: note: expanded from macro '_GLIBCXX11_DEPRECATED'
  107 | # define _GLIBCXX11_DEPRECATED _GLIBCXX_DEPRECATED
      |                                ^
/home/toolchain/development/libc++_replacement/tmp/GBS-ROOT/R32-candidates-libcxx-x86_64-20260813-02/local/BUILD-ROOTS/scratch.x86_64.0/lib64/gcc/x86_64-tizen-linux-gnu/14.2.0/../../../gcc/x86_64-tizen-linux-gnu/14.2.0/include/c++//x86_64-tizen-linux-gnu/bits/c++config.h:98:46: note: expanded from macro '_GLIBCXX_DEPRECATED'
   98 | # define _GLIBCXX_DEPRECATED __attribute__ ((__deprecated__))
      |                                              ^
In file included from /home/toolchain/development/libcxx_runtime_validation/docs/progress/EDGE_FIXTURE_0927/fixtures/edge19.cpp:2:
In file included from /home/toolchain/development/libcxx_runtime_validation/tmp/EDGE_FIXTURE_0927/root/usr/include/zypp/ResPool.h:22:
In file included from /home/toolchain/development/libcxx_runtime_validation/tmp/EDGE_FIXTURE_0927/root/usr/include/zypp/Filter.h:216:
/home/toolchain/development/libcxx_runtime_validation/tmp/EDGE_FIXTURE_0927/root/usr/include/zypp/ResFilters.h:315:28: warning: 'PoolItemFilterFunctor' is deprecated [-Wdeprecated-declarations]
  315 |     struct ByLock : public PoolItemFilterFunctor
      |                            ^
/home/toolchain/development/libc++_replacement/tmp/GBS-ROOT/R32-candidates-libcxx-x86_64-20260813-02/local/BUILD-ROOTS/scratch.x86_64.0/lib64/gcc/x86_64-tizen-linux-gnu/14.2.0/../../../gcc/x86_64-tizen-linux-gnu/14.2.0/include/c++/bits/stl_function.h:124:7: note: 'unary_function<zypp::PoolItem, bool>' has been explicitly marked deprecated here
  124 |     } _GLIBCXX11_DEPRECATED;
      |       ^
/home/toolchain/development/libc++_replacement/tmp/GBS-ROOT/R32-candidates-libcxx-x86_64-20260813-02/local/BUILD-ROOTS/scratch.x86_64.0/lib64/gcc/x86_64-tizen-linux-gnu/14.2.0/../../../gcc/x86_64-tizen-linux-gnu/14.2.0/include/c++//x86_64-tizen-linux-gnu/bits/c++config.h:107:32: note: expanded from macro '_GLIBCXX11_DEPRECATED'
  107 | # define _GLIBCXX11_DEPRECATED _GLIBCXX_DEPRECATED
      |                                ^
/home/toolchain/development/libc++_replacement/tmp/GBS-ROOT/R32-candidates-libcxx-x86_64-20260813-02/local/BUILD-ROOTS/scratch.x86_64.0/lib64/gcc/x86_64-tizen-linux-gnu/14.2.0/../../../gcc/x86_64-tizen-linux-gnu/14.2.0/include/c++//x86_64-tizen-linux-gnu/bits/c++config.h:98:46: note: expanded from macro '_GLIBCXX_DEPRECATED'
   98 | # define _GLIBCXX_DEPRECATED __attribute__ ((__deprecated__))
      |                                              ^
In file included from /home/toolchain/development/libcxx_runtime_validation/docs/progress/EDGE_FIXTURE_0927/fixtures/edge19.cpp:2:
In file included from /home/toolchain/development/libcxx_runtime_validation/tmp/EDGE_FIXTURE_0927/root/usr/include/zypp/ResPool.h:22:
In file included from /home/toolchain/development/libcxx_runtime_validation/tmp/EDGE_FIXTURE_0927/root/usr/include/zypp/Filter.h:216:
/home/toolchain/development/libcxx_runtime_validation/tmp/EDGE_FIXTURE_0927/root/usr/include/zypp/ResFilters.h:324:28: warning: 'PoolItemFilterFunctor' is deprecated [-Wdeprecated-declarations]
  324 |     struct ByKeep : public PoolItemFilterFunctor
      |                            ^
/home/toolchain/development/libc++_replacement/tmp/GBS-ROOT/R32-candidates-libcxx-x86_64-20260813-02/local/BUILD-ROOTS/scratch.x86_64.0/lib64/gcc/x86_64-tizen-linux-gnu/14.2.0/../../../gcc/x86_64-tizen-linux-gnu/14.2.0/include/c++/bits/stl_function.h:124:7: note: 'unary_function<zypp::PoolItem, bool>' has been explicitly marked deprecated here
  124 |     } _GLIBCXX11_DEPRECATED;
      |       ^
/home/toolchain/development/libc++_replacement/tmp/GBS-ROOT/R32-candidates-libcxx-x86_64-20260813-02/local/BUILD-ROOTS/scratch.x86_64.0/lib64/gcc/x86_64-tizen-linux-gnu/14.2.0/../../../gcc/x86_64-tizen-linux-gnu/14.2.0/include/c++//x86_64-tizen-linux-gnu/bits/c++config.h:107:32: note: expanded from macro '_GLIBCXX11_DEPRECATED'
  107 | # define _GLIBCXX11_DEPRECATED _GLIBCXX_DEPRECATED
      |                                ^
/home/toolchain/development/libc++_replacement/tmp/GBS-ROOT/R32-candidates-libcxx-x86_64-20260813-02/local/BUILD-ROOTS/scratch.x86_64.0/lib64/gcc/x86_64-tizen-linux-gnu/14.2.0/../../../gcc/x86_64-tizen-linux-gnu/14.2.0/include/c++//x86_64-tizen-linux-gnu/bits/c++config.h:98:46: note: expanded from macro '_GLIBCXX_DEPRECATED'
   98 | # define _GLIBCXX_DEPRECATED __attribute__ ((__deprecated__))
      |                                              ^
In file included from /home/toolchain/development/libcxx_runtime_validation/docs/progress/EDGE_FIXTURE_0927/fixtures/edge19.cpp:2:
In file included from /home/toolchain/development/libcxx_runtime_validation/tmp/EDGE_FIXTURE_0927/root/usr/include/zypp/ResPool.h:22:
In file included from /home/toolchain/development/libcxx_runtime_validation/tmp/EDGE_FIXTURE_0927/root/usr/include/zypp/Filter.h:216:
/home/toolchain/development/libcxx_runtime_validation/tmp/EDGE_FIXTURE_0927/root/usr/include/zypp/ResFilters.h:333:35: warning: 'PoolItemFilterFunctor' is deprecated [-Wdeprecated-declarations]
  333 |     struct ByRecommended : public PoolItemFilterFunctor
      |                                   ^
/home/toolchain/development/libc++_replacement/tmp/GBS-ROOT/R32-candidates-libcxx-x86_64-20260813-02/local/BUILD-ROOTS/scratch.x86_64.0/lib64/gcc/x86_64-tizen-linux-gnu/14.2.0/../../../gcc/x86_64-tizen-linux-gnu/14.2.0/include/c++/bits/stl_function.h:124:7: note: 'unary_function<zypp::PoolItem, bool>' has been explicitly marked deprecated here
  124 |     } _GLIBCXX11_DEPRECATED;
      |       ^
/home/toolchain/development/libc++_replacement/tmp/GBS-ROOT/R32-candidates-libcxx-x86_64-20260813-02/local/BUILD-ROOTS/scratch.x86_64.0/lib64/gcc/x86_64-tizen-linux-gnu/14.2.0/../../../gcc/x86_64-tizen-linux-gnu/14.2.0/include/c++//x86_64-tizen-linux-gnu/bits/c++config.h:107:32: note: expanded from macro '_GLIBCXX11_DEPRECATED'
  107 | # define _GLIBCXX11_DEPRECATED _GLIBCXX_DEPRECATED
      |                                ^
/home/toolchain/development/libc++_replacement/tmp/GBS-ROOT/R32-candidates-libcxx-x86_64-20260813-02/local/BUILD-ROOTS/scratch.x86_64.0/lib64/gcc/x86_64-tizen-linux-gnu/14.2.0/../../../gcc/x86_64-tizen-linux-gnu/14.2.0/include/c++//x86_64-tizen-linux-gnu/bits/c++config.h:98:46: note: expanded from macro '_GLIBCXX_DEPRECATED'
   98 | # define _GLIBCXX_DEPRECATED __attribute__ ((__deprecated__))
      |                                              ^
In file included from /home/toolchain/development/libcxx_runtime_validation/docs/progress/EDGE_FIXTURE_0927/fixtures/edge19.cpp:2:
In file included from /home/toolchain/development/libcxx_runtime_validation/tmp/EDGE_FIXTURE_0927/root/usr/include/zypp/ResPool.h:22:
In file included from /home/toolchain/development/libcxx_runtime_validation/tmp/EDGE_FIXTURE_0927/root/usr/include/zypp/Filter.h:216:
/home/toolchain/development/libcxx_runtime_validation/tmp/EDGE_FIXTURE_0927/root/usr/include/zypp/ResFilters.h:342:33: warning: 'PoolItemFilterFunctor' is deprecated [-Wdeprecated-declarations]
  342 |     struct BySuggested : public PoolItemFilterFunctor
      |                                 ^
/home/toolchain/development/libc++_replacement/tmp/GBS-ROOT/R32-candidates-libcxx-x86_64-20260813-02/local/BUILD-ROOTS/scratch.x86_64.0/lib64/gcc/x86_64-tizen-linux-gnu/14.2.0/../../../gcc/x86_64-tizen-linux-gnu/14.2.0/include/c++/bits/stl_function.h:124:7: note: 'unary_function<zypp::PoolItem, bool>' has been explicitly marked deprecated here
  124 |     } _GLIBCXX11_DEPRECATED;
      |       ^
/home/toolchain/development/libc++_replacement/tmp/GBS-ROOT/R32-candidates-libcxx-x86_64-20260813-02/local/BUILD-ROOTS/scratch.x86_64.0/lib64/gcc/x86_64-tizen-linux-gnu/14.2.0/../../../gcc/x86_64-tizen-linux-gnu/14.2.0/include/c++//x86_64-tizen-linux-gnu/bits/c++config.h:107:32: note: expanded from macro '_GLIBCXX11_DEPRECATED'
  107 | # define _GLIBCXX11_DEPRECATED _GLIBCXX_DEPRECATED
      |                                ^
/home/toolchain/development/libc++_replacement/tmp/GBS-ROOT/R32-candidates-libcxx-x86_64-20260813-02/local/BUILD-ROOTS/scratch.x86_64.0/lib64/gcc/x86_64-tizen-linux-gnu/14.2.0/../../../gcc/x86_64-tizen-linux-gnu/14.2.0/include/c++//x86_64-tizen-linux-gnu/bits/c++config.h:98:46: note: expanded from macro '_GLIBCXX_DEPRECATED'
   98 | # define _GLIBCXX_DEPRECATED __attribute__ ((__deprecated__))
      |                                              ^
In file included from /home/toolchain/development/libcxx_runtime_validation/docs/progress/EDGE_FIXTURE_0927/fixtures/edge19.cpp:2:
In file included from /home/toolchain/development/libcxx_runtime_validation/tmp/EDGE_FIXTURE_0927/root/usr/include/zypp/ResPool.h:20:
/home/toolchain/development/libcxx_runtime_validation/tmp/EDGE_FIXTURE_0927/root/usr/include/zypp/pool/PoolTraits.h:49:38: warning: 'unary_function<std::pair<const int, zypp::PoolItem>, zypp::PoolItem>' is deprecated [-Wdeprecated-declarations]
   49 |     struct P_Select2nd : public std::unary_function<TPair, typename TPair::second_type>
      |                                      ^
/home/toolchain/development/libcxx_runtime_validation/tmp/EDGE_FIXTURE_0927/root/usr/include/boost/utility/detail/result_of_variadic.hpp:129:33: note: in instantiation of template class 'zypp::pool::P_Select2nd<std::pair<const int, zypp::PoolItem>>' requested here
  129 |                                 boost::declval<F>()(
      |                                 ^
/home/toolchain/development/libcxx_runtime_validation/tmp/EDGE_FIXTURE_0927/root/usr/include/boost/utility/detail/result_of_variadic.hpp:52:7: note: during template argument deduction for class template partial specialization 'cpp0x_result_of_impl<F (Args...), typename result_of_always_void<decltype(boost::declval<F>()(boost::declval<Args>()...))>::type>' [with F = const zypp::pool::P_Select2nd<std::pair<const int, zypp::PoolItem>> &, Args = <const std::pair<const int, zypp::PoolItem> &>]
   52 |     : conditional<
      |       ^
/home/toolchain/development/libcxx_runtime_validation/tmp/EDGE_FIXTURE_0927/root/usr/include/boost/utility/detail/result_of_variadic.hpp:52:7: note: in instantiation of template class 'boost::detail::cpp0x_result_of_impl<const zypp::pool::P_Select2nd<std::pair<const int, zypp::PoolItem>> &(const std::pair<const int, zypp::PoolItem> &)>' requested here
/home/toolchain/development/libcxx_runtime_validation/tmp/EDGE_FIXTURE_0927/root/usr/include/boost/utility/detail/result_of_variadic.hpp:35:7: note: in instantiation of template class 'boost::detail::cpp0x_result_of<const zypp::pool::P_Select2nd<std::pair<const int, zypp::PoolItem>> &(const std::pair<const int, zypp::PoolItem> &)>' requested here
   35 |     : detail::cpp0x_result_of<F(Args...)> { };
      |       ^
/home/toolchain/development/libcxx_runtime_validation/tmp/EDGE_FIXTURE_0927/root/usr/include/boost/mpl/eval_if.hpp:38:22: note: in instantiation of template class 'boost::result_of<const zypp::pool::P_Select2nd<std::pair<const int, zypp::PoolItem>> &(const std::pair<const int, zypp::PoolItem> &)>' requested here
   38 |     typedef typename f_::type type;
      |                      ^
/home/toolchain/development/libcxx_runtime_validation/tmp/EDGE_FIXTURE_0927/root/usr/include/boost/iterator/iterator_adaptor.hpp:149:9: note: in instantiation of template class 'boost::mpl::eval_if<boost::is_same<boost::use_default, boost::use_default>, boost::result_of<const zypp::pool::P_Select2nd<std::pair<const int, zypp::PoolItem>> &(const std::pair<const int, zypp::PoolItem> &)>, boost::mpl::identity<boost::use_default>>' requested here
  149 |       : mpl::eval_if<
      |         ^
/home/toolchain/development/libcxx_runtime_validation/tmp/EDGE_FIXTURE_0927/root/usr/include/boost/iterator/transform_iterator.hpp:52:26: note: in instantiation of template class 'boost::iterators::detail::ia_dflt_help<boost::use_default, boost::result_of<const zypp::pool::P_Select2nd<std::pair<const int, zypp::PoolItem>> &(const std::pair<const int, zypp::PoolItem> &)>>' requested here
   52 |         typedef typename ia_dflt_help<
      |                          ^
/home/toolchain/development/libcxx_runtime_validation/tmp/EDGE_FIXTURE_0927/root/usr/include/boost/iterator/transform_iterator.hpp:84:14: note: in instantiation of template class 'boost::iterators::detail::transform_iterator_base<zypp::pool::P_Select2nd<std::pair<const int, zypp::PoolItem>>, std::__detail::_Node_const_iterator<std::pair<const int, zypp::PoolItem>, false, false>, boost::use_default, boost::use_default>' requested here
   84 |     : public boost::iterators::detail::transform_iterator_base<UnaryFunc, Iterator, Reference, Value>::type
      |              ^
/home/toolchain/development/libcxx_runtime_validation/tmp/EDGE_FIXTURE_0927/root/usr/include/zypp/ResPool.h:166:24: note: in instantiation of template class 'boost::iterators::transform_iterator<zypp::pool::P_Select2nd<std::pair<const int, zypp::PoolItem>>, std::__detail::_Node_const_iterator<std::pair<const int, zypp::PoolItem>, false, false>>' requested here
  166 |       byIdent_iterator byIdentBegin( const ByIdent & ident_r ) const
      |                        ^
/home/toolchain/development/libc++_replacement/tmp/GBS-ROOT/R32-candidates-libcxx-x86_64-20260813-02/local/BUILD-ROOTS/scratch.x86_64.0/lib64/gcc/x86_64-tizen-linux-gnu/14.2.0/../../../gcc/x86_64-tizen-linux-gnu/14.2.0/include/c++/bits/stl_function.h:124:7: note: 'unary_function<std::pair<const int, zypp::PoolItem>, zypp::PoolItem>' has been explicitly marked deprecated here
  124 |     } _GLIBCXX11_DEPRECATED;
      |       ^
/home/toolchain/development/libc++_replacement/tmp/GBS-ROOT/R32-candidates-libcxx-x86_64-20260813-02/local/BUILD-ROOTS/scratch.x86_64.0/lib64/gcc/x86_64-tizen-linux-gnu/14.2.0/../../../gcc/x86_64-tizen-linux-gnu/14.2.0/include/c++//x86_64-tizen-linux-gnu/bits/c++config.h:107:32: note: expanded from macro '_GLIBCXX11_DEPRECATED'
  107 | # define _GLIBCXX11_DEPRECATED _GLIBCXX_DEPRECATED
      |                                ^
/home/toolchain/development/libc++_replacement/tmp/GBS-ROOT/R32-candidates-libcxx-x86_64-20260813-02/local/BUILD-ROOTS/scratch.x86_64.0/lib64/gcc/x86_64-tizen-linux-gnu/14.2.0/../../../gcc/x86_64-tizen-linux-gnu/14.2.0/include/c++//x86_64-tizen-linux-gnu/bits/c++config.h:98:46: note: expanded from macro '_GLIBCXX_DEPRECATED'
   98 | # define _GLIBCXX_DEPRECATED __attribute__ ((__deprecated__))
      |                                              ^
In file included from /home/toolchain/development/libcxx_runtime_validation/docs/progress/EDGE_FIXTURE_0927/fixtures/edge19.cpp:2:
In file included from /home/toolchain/development/libcxx_runtime_validation/tmp/EDGE_FIXTURE_0927/root/usr/include/zypp/ResPool.h:482:
In file included from /home/toolchain/development/libcxx_runtime_validation/tmp/EDGE_FIXTURE_0927/root/usr/include/zypp/ResPoolProxy.h:21:
/home/toolchain/development/libcxx_runtime_validation/tmp/EDGE_FIXTURE_0927/root/usr/include/zypp/ui/SelFilters.h:30:20: warning: 'unary_function<boost::intrusive_ptr<const zypp::ui::Selectable>, bool>' is deprecated [-Wdeprecated-declarations]
   30 |       typedef std::unary_function<Selectable::constPtr,bool> SelectableFilterFunctor;
      |                    ^
/home/toolchain/development/libc++_replacement/tmp/GBS-ROOT/R32-candidates-libcxx-x86_64-20260813-02/local/BUILD-ROOTS/scratch.x86_64.0/lib64/gcc/x86_64-tizen-linux-gnu/14.2.0/../../../gcc/x86_64-tizen-linux-gnu/14.2.0/include/c++/bits/stl_function.h:124:7: note: 'unary_function<boost::intrusive_ptr<const zypp::ui::Selectable>, bool>' has been explicitly marked deprecated here
  124 |     } _GLIBCXX11_DEPRECATED;
      |       ^
/home/toolchain/development/libc++_replacement/tmp/GBS-ROOT/R32-candidates-libcxx-x86_64-20260813-02/local/BUILD-ROOTS/scratch.x86_64.0/lib64/gcc/x86_64-tizen-linux-gnu/14.2.0/../../../gcc/x86_64-tizen-linux-gnu/14.2.0/include/c++//x86_64-tizen-linux-gnu/bits/c++config.h:107:32: note: expanded from macro '_GLIBCXX11_DEPRECATED'
  107 | # define _GLIBCXX11_DEPRECATED _GLIBCXX_DEPRECATED
      |                                ^
/home/toolchain/development/libc++_replacement/tmp/GBS-ROOT/R32-candidates-libcxx-x86_64-20260813-02/local/BUILD-ROOTS/scratch.x86_64.0/lib64/gcc/x86_64-tizen-linux-gnu/14.2.0/../../../gcc/x86_64-tizen-linux-gnu/14.2.0/include/c++//x86_64-tizen-linux-gnu/bits/c++config.h:98:46: note: expanded from macro '_GLIBCXX_DEPRECATED'
   98 | # define _GLIBCXX_DEPRECATED __attribute__ ((__deprecated__))
      |                                              ^
In file included from /home/toolchain/development/libcxx_runtime_validation/docs/progress/EDGE_FIXTURE_0927/fixtures/edge19.cpp:2:
In file included from /home/toolchain/development/libcxx_runtime_validation/tmp/EDGE_FIXTURE_0927/root/usr/include/zypp/ResPool.h:482:
In file included from /home/toolchain/development/libcxx_runtime_validation/tmp/EDGE_FIXTURE_0927/root/usr/include/zypp/ResPoolProxy.h:21:
/home/toolchain/development/libcxx_runtime_validation/tmp/EDGE_FIXTURE_0927/root/usr/include/zypp/ui/SelFilters.h:33:30: warning: 'SelectableFilterFunctor' is deprecated [-Wdeprecated-declarations]
   33 |       struct ByKind : public SelectableFilterFunctor
      |                              ^
/home/toolchain/development/libc++_replacement/tmp/GBS-ROOT/R32-candidates-libcxx-x86_64-20260813-02/local/BUILD-ROOTS/scratch.x86_64.0/lib64/gcc/x86_64-tizen-linux-gnu/14.2.0/../../../gcc/x86_64-tizen-linux-gnu/14.2.0/include/c++/bits/stl_function.h:124:7: note: 'unary_function<boost::intrusive_ptr<const zypp::ui::Selectable>, bool>' has been explicitly marked deprecated here
  124 |     } _GLIBCXX11_DEPRECATED;
      |       ^
/home/toolchain/development/libc++_replacement/tmp/GBS-ROOT/R32-candidates-libcxx-x86_64-20260813-02/local/BUILD-ROOTS/scratch.x86_64.0/lib64/gcc/x86_64-tizen-linux-gnu/14.2.0/../../../gcc/x86_64-tizen-linux-gnu/14.2.0/include/c++//x86_64-tizen-linux-gnu/bits/c++config.h:107:32: note: expanded from macro '_GLIBCXX11_DEPRECATED'
  107 | # define _GLIBCXX11_DEPRECATED _GLIBCXX_DEPRECATED
      |                                ^
/home/toolchain/development/libc++_replacement/tmp/GBS-ROOT/R32-candidates-libcxx-x86_64-20260813-02/local/BUILD-ROOTS/scratch.x86_64.0/lib64/gcc/x86_64-tizen-linux-gnu/14.2.0/../../../gcc/x86_64-tizen-linux-gnu/14.2.0/include/c++//x86_64-tizen-linux-gnu/bits/c++config.h:98:46: note: expanded from macro '_GLIBCXX_DEPRECATED'
   98 | # define _GLIBCXX_DEPRECATED __attribute__ ((__deprecated__))
      |                                              ^
In file included from /home/toolchain/development/libcxx_runtime_validation/docs/progress/EDGE_FIXTURE_0927/fixtures/edge19.cpp:2:
In file included from /home/toolchain/development/libcxx_runtime_validation/tmp/EDGE_FIXTURE_0927/root/usr/include/zypp/ResPool.h:482:
In file included from /home/toolchain/development/libcxx_runtime_validation/tmp/EDGE_FIXTURE_0927/root/usr/include/zypp/ResPoolProxy.h:21:
/home/toolchain/development/libcxx_runtime_validation/tmp/EDGE_FIXTURE_0927/root/usr/include/zypp/ui/SelFilters.h:48:30: warning: 'SelectableFilterFunctor' is deprecated [-Wdeprecated-declarations]
   48 |       struct ByName : public SelectableFilterFunctor
      |                              ^
/home/toolchain/development/libc++_replacement/tmp/GBS-ROOT/R32-candidates-libcxx-x86_64-20260813-02/local/BUILD-ROOTS/scratch.x86_64.0/lib64/gcc/x86_64-tizen-linux-gnu/14.2.0/../../../gcc/x86_64-tizen-linux-gnu/14.2.0/include/c++/bits/stl_function.h:124:7: note: 'unary_function<boost::intrusive_ptr<const zypp::ui::Selectable>, bool>' has been explicitly marked deprecated here
  124 |     } _GLIBCXX11_DEPRECATED;
      |       ^
/home/toolchain/development/libc++_replacement/tmp/GBS-ROOT/R32-candidates-libcxx-x86_64-20260813-02/local/BUILD-ROOTS/scratch.x86_64.0/lib64/gcc/x86_64-tizen-linux-gnu/14.2.0/../../../gcc/x86_64-tizen-linux-gnu/14.2.0/include/c++//x86_64-tizen-linux-gnu/bits/c++config.h:107:32: note: expanded from macro '_GLIBCXX11_DEPRECATED'
  107 | # define _GLIBCXX11_DEPRECATED _GLIBCXX_DEPRECATED
      |                                ^
/home/toolchain/development/libc++_replacement/tmp/GBS-ROOT/R32-candidates-libcxx-x86_64-20260813-02/local/BUILD-ROOTS/scratch.x86_64.0/lib64/gcc/x86_64-tizen-linux-gnu/14.2.0/../../../gcc/x86_64-tizen-linux-gnu/14.2.0/include/c++//x86_64-tizen-linux-gnu/bits/c++config.h:98:46: note: expanded from macro '_GLIBCXX_DEPRECATED'
   98 | # define _GLIBCXX_DEPRECATED __attribute__ ((__deprecated__))
      |                                              ^
In file included from /home/toolchain/development/libcxx_runtime_validation/docs/progress/EDGE_FIXTURE_0927/fixtures/edge19.cpp:2:
In file included from /home/toolchain/development/libcxx_runtime_validation/tmp/EDGE_FIXTURE_0927/root/usr/include/zypp/ResPool.h:482:
In file included from /home/toolchain/development/libcxx_runtime_validation/tmp/EDGE_FIXTURE_0927/root/usr/include/zypp/ResPoolProxy.h:21:
/home/toolchain/development/libcxx_runtime_validation/tmp/EDGE_FIXTURE_0927/root/usr/include/zypp/ui/SelFilters.h:61:41: warning: 'SelectableFilterFunctor' is deprecated [-Wdeprecated-declarations]
   61 |       struct ByHasInstalledObj : public SelectableFilterFunctor
      |                                         ^
/home/toolchain/development/libc++_replacement/tmp/GBS-ROOT/R32-candidates-libcxx-x86_64-20260813-02/local/BUILD-ROOTS/scratch.x86_64.0/lib64/gcc/x86_64-tizen-linux-gnu/14.2.0/../../../gcc/x86_64-tizen-linux-gnu/14.2.0/include/c++/bits/stl_function.h:124:7: note: 'unary_function<boost::intrusive_ptr<const zypp::ui::Selectable>, bool>' has been explicitly marked deprecated here
  124 |     } _GLIBCXX11_DEPRECATED;
      |       ^
/home/toolchain/development/libc++_replacement/tmp/GBS-ROOT/R32-candidates-libcxx-x86_64-20260813-02/local/BUILD-ROOTS/scratch.x86_64.0/lib64/gcc/x86_64-tizen-linux-gnu/14.2.0/../../../gcc/x86_64-tizen-linux-gnu/14.2.0/include/c++//x86_64-tizen-linux-gnu/bits/c++config.h:107:32: note: expanded from macro '_GLIBCXX11_DEPRECATED'
  107 | # define _GLIBCXX11_DEPRECATED _GLIBCXX_DEPRECATED
      |                                ^
/home/toolchain/development/libc++_replacement/tmp/GBS-ROOT/R32-candidates-libcxx-x86_64-20260813-02/local/BUILD-ROOTS/scratch.x86_64.0/lib64/gcc/x86_64-tizen-linux-gnu/14.2.0/../../../gcc/x86_64-tizen-linux-gnu/14.2.0/include/c++//x86_64-tizen-linux-gnu/bits/c++config.h:98:46: note: expanded from macro '_GLIBCXX_DEPRECATED'
   98 | # define _GLIBCXX_DEPRECATED __attribute__ ((__deprecated__))
      |                                              ^
In file included from /home/toolchain/development/libcxx_runtime_validation/docs/progress/EDGE_FIXTURE_0927/fixtures/edge19.cpp:2:
In file included from /home/toolchain/development/libcxx_runtime_validation/tmp/EDGE_FIXTURE_0927/root/usr/include/zypp/ResPool.h:482:
In file included from /home/toolchain/development/libcxx_runtime_validation/tmp/EDGE_FIXTURE_0927/root/usr/include/zypp/ResPoolProxy.h:21:
/home/toolchain/development/libcxx_runtime_validation/tmp/EDGE_FIXTURE_0927/root/usr/include/zypp/ui/SelFilters.h:68:41: warning: 'SelectableFilterFunctor' is deprecated [-Wdeprecated-declarations]
   68 |       struct ByHasCandidateObj : public SelectableFilterFunctor
      |                                         ^
/home/toolchain/development/libc++_replacement/tmp/GBS-ROOT/R32-candidates-libcxx-x86_64-20260813-02/local/BUILD-ROOTS/scratch.x86_64.0/lib64/gcc/x86_64-tizen-linux-gnu/14.2.0/../../../gcc/x86_64-tizen-linux-gnu/14.2.0/include/c++/bits/stl_function.h:124:7: note: 'unary_function<boost::intrusive_ptr<const zypp::ui::Selectable>, bool>' has been explicitly marked deprecated here
  124 |     } _GLIBCXX11_DEPRECATED;
      |       ^
/home/toolchain/development/libc++_replacement/tmp/GBS-ROOT/R32-candidates-libcxx-x86_64-20260813-02/local/BUILD-ROOTS/scratch.x86_64.0/lib64/gcc/x86_64-tizen-linux-gnu/14.2.0/../../../gcc/x86_64-tizen-linux-gnu/14.2.0/include/c++//x86_64-tizen-linux-gnu/bits/c++config.h:107:32: note: expanded from macro '_GLIBCXX11_DEPRECATED'
  107 | # define _GLIBCXX11_DEPRECATED _GLIBCXX_DEPRECATED
      |                                ^
/home/toolchain/development/libc++_replacement/tmp/GBS-ROOT/R32-candidates-libcxx-x86_64-20260813-02/local/BUILD-ROOTS/scratch.x86_64.0/lib64/gcc/x86_64-tizen-linux-gnu/14.2.0/../../../gcc/x86_64-tizen-linux-gnu/14.2.0/include/c++//x86_64-tizen-linux-gnu/bits/c++config.h:98:46: note: expanded from macro '_GLIBCXX_DEPRECATED'
   98 | # define _GLIBCXX_DEPRECATED __attribute__ ((__deprecated__))
      |                                              ^
In file included from /home/toolchain/development/libcxx_runtime_validation/docs/progress/EDGE_FIXTURE_0927/fixtures/edge19.cpp:2:
In file included from /home/toolchain/development/libcxx_runtime_validation/tmp/EDGE_FIXTURE_0927/root/usr/include/zypp/ResPool.h:482:
In file included from /home/toolchain/development/libcxx_runtime_validation/tmp/EDGE_FIXTURE_0927/root/usr/include/zypp/ResPoolProxy.h:21:
/home/toolchain/development/libcxx_runtime_validation/tmp/EDGE_FIXTURE_0927/root/usr/include/zypp/ui/SelFilters.h:74:32: warning: 'SelectableFilterFunctor' is deprecated [-Wdeprecated-declarations]
   74 |       struct ByStatus : public SelectableFilterFunctor
      |                                ^
/home/toolchain/development/libc++_replacement/tmp/GBS-ROOT/R32-candidates-libcxx-x86_64-20260813-02/local/BUILD-ROOTS/scratch.x86_64.0/lib64/gcc/x86_64-tizen-linux-gnu/14.2.0/../../../gcc/x86_64-tizen-linux-gnu/14.2.0/include/c++/bits/stl_function.h:124:7: note: 'unary_function<boost::intrusive_ptr<const zypp::ui::Selectable>, bool>' has been explicitly marked deprecated here
  124 |     } _GLIBCXX11_DEPRECATED;
      |       ^
/home/toolchain/development/libc++_replacement/tmp/GBS-ROOT/R32-candidates-libcxx-x86_64-20260813-02/local/BUILD-ROOTS/scratch.x86_64.0/lib64/gcc/x86_64-tizen-linux-gnu/14.2.0/../../../gcc/x86_64-tizen-linux-gnu/14.2.0/include/c++//x86_64-tizen-linux-gnu/bits/c++config.h:107:32: note: expanded from macro '_GLIBCXX11_DEPRECATED'
  107 | # define _GLIBCXX11_DEPRECATED _GLIBCXX_DEPRECATED
      |                                ^
/home/toolchain/development/libc++_replacement/tmp/GBS-ROOT/R32-candidates-libcxx-x86_64-20260813-02/local/BUILD-ROOTS/scratch.x86_64.0/lib64/gcc/x86_64-tizen-linux-gnu/14.2.0/../../../gcc/x86_64-tizen-linux-gnu/14.2.0/include/c++//x86_64-tizen-linux-gnu/bits/c++config.h:98:46: note: expanded from macro '_GLIBCXX_DEPRECATED'
   98 | # define _GLIBCXX_DEPRECATED __attribute__ ((__deprecated__))
      |                                              ^
In file included from /home/toolchain/development/libcxx_runtime_validation/docs/progress/EDGE_FIXTURE_0927/fixtures/edge19.cpp:2:
In file included from /home/toolchain/development/libcxx_runtime_validation/tmp/EDGE_FIXTURE_0927/root/usr/include/zypp/ResPool.h:18:
/home/toolchain/development/libcxx_runtime_validation/tmp/EDGE_FIXTURE_0927/root/usr/include/zypp/base/Iterator.h:165:40: warning: 'unary_function<std::pair<const zypp::ResKind, boost::intrusive_ptr<zypp::ui::Selectable>>, const boost::intrusive_ptr<zypp::ui::Selectable> &>' is deprecated [-Wdeprecated-declarations]
  165 |     struct GetPairSecond : public std::unary_function<TPair, const typename TPair::second_type &>
      |                                        ^
/home/toolchain/development/libcxx_runtime_validation/tmp/EDGE_FIXTURE_0927/root/usr/include/boost/utility/detail/result_of_variadic.hpp:129:33: note: in instantiation of template class 'zypp::GetPairSecond<std::pair<const zypp::ResKind, boost::intrusive_ptr<zypp::ui::Selectable>>>' requested here
  129 |                                 boost::declval<F>()(
      |                                 ^
/home/toolchain/development/libcxx_runtime_validation/tmp/EDGE_FIXTURE_0927/root/usr/include/boost/utility/detail/result_of_variadic.hpp:52:7: note: during template argument deduction for class template partial specialization 'cpp0x_result_of_impl<F (Args...), typename result_of_always_void<decltype(boost::declval<F>()(boost::declval<Args>()...))>::type>' [with F = const zypp::GetPairSecond<std::pair<const zypp::ResKind, boost::intrusive_ptr<zypp::ui::Selectable>>> &, Args = <const std::pair<const zypp::ResKind, boost::intrusive_ptr<zypp::ui::Selectable>> &>]
   52 |     : conditional<
      |       ^
/home/toolchain/development/libcxx_runtime_validation/tmp/EDGE_FIXTURE_0927/root/usr/include/boost/utility/detail/result_of_variadic.hpp:52:7: note: in instantiation of template class 'boost::detail::cpp0x_result_of_impl<const zypp::GetPairSecond<std::pair<const zypp::ResKind, boost::intrusive_ptr<zypp::ui::Selectable>>> &(const std::pair<const zypp::ResKind, boost::intrusive_ptr<zypp::ui::Selectable>> &)>' requested here
/home/toolchain/development/libcxx_runtime_validation/tmp/EDGE_FIXTURE_0927/root/usr/include/boost/utility/detail/result_of_variadic.hpp:35:7: note: in instantiation of template class 'boost::detail::cpp0x_result_of<const zypp::GetPairSecond<std::pair<const zypp::ResKind, boost::intrusive_ptr<zypp::ui::Selectable>>> &(const std::pair<const zypp::ResKind, boost::intrusive_ptr<zypp::ui::Selectable>> &)>' requested here
   35 |     : detail::cpp0x_result_of<F(Args...)> { };
      |       ^
/home/toolchain/development/libcxx_runtime_validation/tmp/EDGE_FIXTURE_0927/root/usr/include/boost/mpl/eval_if.hpp:38:22: note: in instantiation of template class 'boost::result_of<const zypp::GetPairSecond<std::pair<const zypp::ResKind, boost::intrusive_ptr<zypp::ui::Selectable>>> &(const std::pair<const zypp::ResKind, boost::intrusive_ptr<zypp::ui::Selectable>> &)>' requested here
   38 |     typedef typename f_::type type;
      |                      ^
/home/toolchain/development/libcxx_runtime_validation/tmp/EDGE_FIXTURE_0927/root/usr/include/boost/iterator/iterator_adaptor.hpp:149:9: note: in instantiation of template class 'boost::mpl::eval_if<boost::is_same<boost::use_default, boost::use_default>, boost::result_of<const zypp::GetPairSecond<std::pair<const zypp::ResKind, boost::intrusive_ptr<zypp::ui::Selectable>>> &(const std::pair<const zypp::ResKind, boost::intrusive_ptr<zypp::ui::Selectable>> &)>, boost::mpl::identity<boost::use_default>>' requested here
  149 |       : mpl::eval_if<
      |         ^
/home/toolchain/development/libcxx_runtime_validation/tmp/EDGE_FIXTURE_0927/root/usr/include/boost/iterator/transform_iterator.hpp:52:26: note: in instantiation of template class 'boost::iterators::detail::ia_dflt_help<boost::use_default, boost::result_of<const zypp::GetPairSecond<std::pair<const zypp::ResKind, boost::intrusive_ptr<zypp::ui::Selectable>>> &(const std::pair<const zypp::ResKind, boost::intrusive_ptr<zypp::ui::Selectable>> &)>>' requested here
   52 |         typedef typename ia_dflt_help<
      |                          ^
/home/toolchain/development/libcxx_runtime_validation/tmp/EDGE_FIXTURE_0927/root/usr/include/boost/iterator/transform_iterator.hpp:84:14: note: in instantiation of template class 'boost::iterators::detail::transform_iterator_base<zypp::GetPairSecond<std::pair<const zypp::ResKind, boost::intrusive_ptr<zypp::ui::Selectable>>>, std::_Rb_tree_const_iterator<std::pair<const zypp::ResKind, boost::intrusive_ptr<zypp::ui::Selectable>>>, boost::use_default, boost::use_default>' requested here
   84 |     : public boost::iterators::detail::transform_iterator_base<UnaryFunc, Iterator, Reference, Value>::type
      |              ^
/home/toolchain/development/libcxx_runtime_validation/tmp/EDGE_FIXTURE_0927/root/usr/include/zypp/ResPoolProxy.h:112:22: note: in instantiation of template class 'boost::iterators::transform_iterator<zypp::GetPairSecond<std::pair<const zypp::ResKind, boost::intrusive_ptr<zypp::ui::Selectable>>>, std::_Rb_tree_const_iterator<std::pair<const zypp::ResKind, boost::intrusive_ptr<zypp::ui::Selectable>>>>' requested here
  112 |       const_iterator byKindBegin() const
      |                      ^
/home/toolchain/development/libc++_replacement/tmp/GBS-ROOT/R32-candidates-libcxx-x86_64-20260813-02/local/BUILD-ROOTS/scratch.x86_64.0/lib64/gcc/x86_64-tizen-linux-gnu/14.2.0/../../../gcc/x86_64-tizen-linux-gnu/14.2.0/include/c++/bits/stl_function.h:124:7: note: 'unary_function<std::pair<const zypp::ResKind, boost::intrusive_ptr<zypp::ui::Selectable>>, const boost::intrusive_ptr<zypp::ui::Selectable> &>' has been explicitly marked deprecated here
  124 |     } _GLIBCXX11_DEPRECATED;
      |       ^
/home/toolchain/development/libc++_replacement/tmp/GBS-ROOT/R32-candidates-libcxx-x86_64-20260813-02/local/BUILD-ROOTS/scratch.x86_64.0/lib64/gcc/x86_64-tizen-linux-gnu/14.2.0/../../../gcc/x86_64-tizen-linux-gnu/14.2.0/include/c++//x86_64-tizen-linux-gnu/bits/c++config.h:107:32: note: expanded from macro '_GLIBCXX11_DEPRECATED'
  107 | # define _GLIBCXX11_DEPRECATED _GLIBCXX_DEPRECATED
      |                                ^
/home/toolchain/development/libc++_replacement/tmp/GBS-ROOT/R32-candidates-libcxx-x86_64-20260813-02/local/BUILD-ROOTS/scratch.x86_64.0/lib64/gcc/x86_64-tizen-linux-gnu/14.2.0/../../../gcc/x86_64-tizen-linux-gnu/14.2.0/include/c++//x86_64-tizen-linux-gnu/bits/c++config.h:98:46: note: expanded from macro '_GLIBCXX_DEPRECATED'
   98 | # define _GLIBCXX_DEPRECATED __attribute__ ((__deprecated__))
      |                                              ^
/home/toolchain/development/libcxx_runtime_validation/docs/progress/EDGE_FIXTURE_0927/fixtures/edge19.cpp:6:35: error: no member named 'p' in 'Owned<std::unordered_set<zypp::Locale>>'
    6 |  pool.setRequestedLocales(*wanted.p);auto actual=pool.getRequestedLocales();
      |                            ~~~~~~ ^
/home/toolchain/development/libcxx_runtime_validation/docs/progress/EDGE_FIXTURE_0927/fixtures/edge19.cpp:7:25: error: no member named 'p' in 'Owned<std::unordered_set<zypp::Locale>>'
    7 |  assert(actual==*wanted.p);assert(pool.isRequestedLocale(zypp::Locale("en")));assert(pool.isRequestedLocale(zypp::Locale("de")));
      |                  ~~~~~~ ^
33 warnings and 2 errors generated.
