PWD=/home/toolchain/development/libc++_replacement
COMMAND= progress/R37/tools/finalize_curation.sh
./EXCLUDED.tsv: OK
./R37_report.md: OK
./commands/001_workspace_and_prior_identity.log: OK
./commands/002_board_connect.log: OK
./commands/003_board_identity.log: OK
./commands/004_board_residue.log: OK
./commands/005_board_residue_corrected.log: OK
./commands/006_board_integrity.log: OK
./commands/007_board_runtime_integrity.log: OK
./commands/008_board_rpm_verify_retry.log: OK
./commands/009_board_key_runtime_verify.log: OK
./commands/010_collect_r36_originals.log: OK
./commands/011_generate_requested_diff.log: OK
./commands/012_board_residual_process.log: OK
./commands/013_generate_tables.log: OK
./commands/014_regenerate_tables_corrected.log: OK
./commands/015_board_package_identity.log: OK
./commands/016_collect_r36_code_delivery_originals.log: OK
./commands/017_regenerate_material_index.log: OK
./commands/018_regenerate_rpm_classification.log: OK
./commands/019_verify_material_copies.log: OK
./commands/020_finalize_curation.log: OK
./materials/R34B/src/s1_rethrow_probe.cpp: OK
./materials/R36/build/CMakeCache.txt: OK
./materials/R36/code_tests/r34b_to_r36_probe.diff: OK
./materials/R36/code_tests/s1_rethrow_probe_nostdlib.cpp: OK
./materials/R36/code_tests/s1_rethrow_probe_r34b_original.cpp: OK
./materials/R36/code_tests/s1_rethrow_probe_r36_ehabi_field_adaptation.cpp: OK
./materials/R36/commands/015_cross_toolchain_identity.log: OK
./materials/R36/commands/016_host_cross_compiler_search.log: OK
./materials/R36/commands/017_known_host_compiler.log: OK
./materials/R36/commands/018_board_runtime_inventory.log: OK
./materials/R36/commands/019_board_runtime_inventory_retry.log: OK
./materials/R36/commands/020_cross_compiler_wrapper_test.log: OK
./materials/R36/commands/021_cross_compiler_diagnosis.log: OK
./materials/R36/commands/022_cross_compiler_wrapper_retest.log: OK
./materials/R36/commands/023_cross_compiler_wrapper_final_test.log: OK
./materials/R36/commands/024_resource_gate.log: OK
./materials/R36/commands/025_configure_armv7l_libcxxabi.log: OK
./materials/R36/commands/026_build_armv7l_libcxxabi.log: OK
./materials/R36/commands/027_build_output_identity_and_s1_diff.log: OK
./materials/R36/commands/028_compile_armv7l_probes.log: OK
./materials/R36/commands/029_board_base64_stdin_transfer_test.log: OK
./materials/R36/commands/030_cleanup_failed_transfer_probe.log: OK
./materials/R36/commands/031_deploy_board_artifacts.log: OK
./materials/R36/commands/032_cleanup_failed_deploy_and_chsmack_probe.log: OK
./materials/R36/commands/033_deploy_board_artifacts_chunked.log: OK
./materials/R36/commands/034_cleanup_second_failed_deploy.log: OK
./materials/R36/commands/035_deploy_board_artifacts_gzip_chunked.log: OK
./materials/R36/commands/036_board_runtime_identity.log: OK
./materials/R36/commands/037_board_native_matrix.log: OK
./materials/R36/commands/038_board_native_matrix_retry.log: OK
./materials/R36/commands/039_board_post_failure_and_cleanup.log: OK
./materials/R36/commands/040_resource_gate_parser_correction_post_build.log: OK
./materials/R36/evidence/baseline_identity.txt: OK
./materials/R36/libcxxabi/include/cxxabi.h: OK
./materials/R36/libcxxabi/r34b_s1_complete.diff: OK
./materials/R36/libcxxabi/src/cxa_exception.cpp: OK
./materials/R36/libcxxabi/src/cxa_personality.cpp: OK
./materials/R36/src/r34b_to_r36_actual_board_source.diff: OK
./materials/R36/src/s1_rethrow_probe.cpp: OK
./materials/R36/src/s1_rethrow_probe_nostdlib.cpp: OK
./materials/R36/tools/armv7l-clang: OK
./materials/R36/tools/armv7l-clang++: OK
./materials/R36/tools/armv7l-ld: OK
./materials/R36/tools/board_runtime_inventory.sh: OK
./materials/R36/tools/build_with_resource_monitor.sh: OK
./materials/R36/tools/deploy_board_artifacts.sh: OK
./materials/R36/tools/probe_board_paths.sh: OK
./materials/R36/tools/run_board_matrix.sh: OK
./materials/R36/tools/run_board_matrix_host.sh: OK
./materials/R36/tools/run_logged.sh: OK
./tables/generated_table_identity.tsv: OK
./tables/identity_comparison.tsv: OK
./tables/material_gaps.tsv: OK
./tables/material_index.tsv: OK
./tables/residue_findings.tsv: OK
./tables/rpm_binary_content_mismatches.tsv: OK
./tables/rpm_binary_flag_counts.tsv: OK
./tables/rpm_verify_flagged.tsv: OK
./tables/rpm_verify_summary.tsv: OK
./tables/testcase_equivalence.tsv: OK
./tables/toolchain_identity.tsv: OK
./tools/board_identity_readonly.sh: OK
./tools/board_integrity_readonly.sh: OK
./tools/board_key_runtime_verify_readonly.sh: OK
./tools/board_package_identity_readonly.sh: OK
./tools/board_residual_process_readonly.sh: OK
./tools/board_residue_readonly.sh: OK
./tools/board_rpm_verify_readonly.sh: OK
./tools/board_runtime_integrity_readonly.sh: OK
./tools/finalize_curation.sh: OK
./tools/generate_tables.sh: OK
./tools/run_board_readonly.sh: OK
./tools/run_logged.sh: OK
PROGRESS_FILES=96
CURATED_FILES=96
MAX_PROGRESS_FILE_BYTES=3605737
EXIT_CODE=0
