===== codes/llvm/libcxx/include/__locale_dir/wbuffer_convert.h =====
73be26e86222438221cb69cddb52a0efe80a897651b5beeeaf2f8c87209e8d1d  codes/llvm/libcxx/include/__locale_dir/wbuffer_convert.h
    35	  typedef _Elem char_type;
    36	  typedef _Tr traits_type;
    37	  typedef typename traits_type::int_type int_type;
    38	  typedef typename traits_type::pos_type pos_type;
    39	  typedef typename traits_type::off_type off_type;
    40	  typedef typename _Codecvt::state_type state_type;
    41	
    42	private:
    43	  char* __extbuf_;
    44	  const char* __extbufnext_;
    45	  const char* __extbufend_;
    46	  char __extbuf_min_[8];
    47	  size_t __ebs_;
    48	  char_type* __intbuf_;
    49	  size_t __ibs_;
    50	  streambuf* __bufptr_;
    51	  _Codecvt* __cv_;
    52	  state_type __st_;
    53	  ios_base::openmode __cm_;
    54	  bool __owns_eb_;
    55	  bool __owns_ib_;
    56	  bool __always_noconv_;
    57	
    58	public:
    59	#    ifndef _LIBCPP_CXX03_LANG
    60	  _LIBCPP_HIDE_FROM_ABI wbuffer_convert() : wbuffer_convert(nullptr) {}
    61	  explicit _LIBCPP_HIDE_FROM_ABI
    62	  wbuffer_convert(streambuf* __bytebuf, _Codecvt* __pcvt = new _Codecvt, state_type __state = state_type());
    63	#    else
    64	  _LIBCPP_EXPLICIT_SINCE_CXX14 _LIBCPP_HIDE_FROM_ABI
    65	  wbuffer_convert(streambuf* __bytebuf = nullptr, _Codecvt* __pcvt = new _Codecvt, state_type __state = state_type());
    66	#    endif
    67	
    68	  _LIBCPP_HIDE_FROM_ABI ~wbuffer_convert();
    69	
    70	  _LIBCPP_HIDE_FROM_ABI streambuf* rdbuf() const { return __bufptr_; }
    71	  _LIBCPP_HIDE_FROM_ABI streambuf* rdbuf(streambuf* __bytebuf) {
    72	    streambuf* __r = __bufptr_;
    73	    __bufptr_      = __bytebuf;
    74	    return __r;
    75	  }
    76	
    77	  wbuffer_convert(const wbuffer_convert&)            = delete;
    78	  wbuffer_convert& operator=(const wbuffer_convert&) = delete;
    79	
    80	  _LIBCPP_HIDE_FROM_ABI state_type state() const { return __st_; }
    81	
    82	protected:
    83	  _LIBCPP_HIDE_FROM_ABI_VIRTUAL virtual int_type underflow();
    84	  _LIBCPP_HIDE_FROM_ABI_VIRTUAL virtual int_type pbackfail(int_type __c = traits_type::eof());
    85	  _LIBCPP_HIDE_FROM_ABI_VIRTUAL virtual int_type overflow(int_type __c = traits_type::eof());
    86	  _LIBCPP_HIDE_FROM_ABI_VIRTUAL virtual basic_streambuf<char_type, traits_type>* setbuf(char_type* __s, streamsize __n);
    87	  _LIBCPP_HIDE_FROM_ABI_VIRTUAL virtual pos_type
    88	  seekoff(off_type __off, ios_base::seekdir __way, ios_base::openmode __wch = ios_base::in | ios_base::out);
    89	  _LIBCPP_HIDE_FROM_ABI_VIRTUAL virtual pos_type
    90	  seekpos(pos_type __sp, ios_base::openmode __wch = ios_base::in | ios_base::out);
    91	  _LIBCPP_HIDE_FROM_ABI_VIRTUAL virtual int sync();
    92	
    93	private:
    94	  _LIBCPP_HIDE_FROM_ABI_VIRTUAL bool __read_mode();
    95	  _LIBCPP_HIDE_FROM_ABI_VIRTUAL void __write_mode();
    96	  _LIBCPP_HIDE_FROM_ABI_VIRTUAL wbuffer_convert* __close();
    97	};
    98	
    99	_LIBCPP_SUPPRESS_DEPRECATED_PUSH
   100	template <class _Codecvt, class _Elem, class _Tr>
   101	wbuffer_convert<_Codecvt, _Elem, _Tr>::wbuffer_convert(streambuf* __bytebuf, _Codecvt* __pcvt, state_type __state)
   102	    : __extbuf_(nullptr),
   103	      __extbufnext_(nullptr),
   104	      __extbufend_(nullptr),
   105	      __ebs_(0),
   106	      __intbuf_(0),
   107	      __ibs_(0),
   108	      __bufptr_(__bytebuf),
   109	      __cv_(__pcvt),
   110	      __st_(__state),
   111	      __cm_(0),
   112	      __owns_eb_(false),
   113	      __owns_ib_(false),
   114	      __always_noconv_(__cv_ ? __cv_->always_noconv() : false) {
   115	  setbuf(0, 4096);
   116	}
   117	
   118	template <class _Codecvt, class _Elem, class _Tr>
   119	wbuffer_convert<_Codecvt, _Elem, _Tr>::~wbuffer_convert() {
   120	  __close();
   121	  delete __cv_;
   122	  if (__owns_eb_)
   123	    delete[] __extbuf_;
   124	  if (__owns_ib_)
   125	    delete[] __intbuf_;
   126	}
   127	
   128	template <class _Codecvt, class _Elem, class _Tr>
   129	typename wbuffer_convert<_Codecvt, _Elem, _Tr>::int_type wbuffer_convert<_Codecvt, _Elem, _Tr>::underflow() {
   130	  _LIBCPP_SUPPRESS_DEPRECATED_POP
   131	  if (__cv_ == 0 || __bufptr_ == nullptr)
   132	    return traits_type::eof();
   133	  bool __initial = __read_mode();
   134	  char_type __1buf;
   135	  if (this->gptr() == 0)
   136	    this->setg(std::addressof(__1buf), std::addressof(__1buf) + 1, std::addressof(__1buf) + 1);
   137	  const size_t __unget_sz = __initial ? 0 : std::min<size_t>((this->egptr() - this->eback()) / 2, 4);
   138	  int_type __c            = traits_type::eof();
   139	  if (this->gptr() == this->egptr()) {
   140	    std::memmove(this->eback(), this->egptr() - __unget_sz, __unget_sz * sizeof(char_type));
   141	    if (__always_noconv_) {
   142	      streamsize __nmemb = static_cast<streamsize>(this->egptr() - this->eback() - __unget_sz);
   143	      __nmemb            = __bufptr_->sgetn((char*)this->eback() + __unget_sz, __nmemb);
   144	      if (__nmemb != 0) {
   145	        this->setg(this->eback(), this->eback() + __unget_sz, this->eback() + __unget_sz + __nmemb);
   146	        __c = *this->gptr();
   147	      }
   148	    } else {
   149	      if (__extbufend_ != __extbufnext_) {
   150	        _LIBCPP_ASSERT_NON_NULL(__extbufnext_ != nullptr, "underflow moving from nullptr");
   151	        _LIBCPP_ASSERT_NON_NULL(__extbuf_ != nullptr, "underflow moving into nullptr");
   152	        std::memmove(__extbuf_, __extbufnext_, __extbufend_ - __extbufnext_);
   153	      }
   154	      __extbufnext_      = __extbuf_ + (__extbufend_ - __extbufnext_);
   155	      __extbufend_       = __extbuf_ + (__extbuf_ == __extbuf_min_ ? sizeof(__extbuf_min_) : __ebs_);
   156	      streamsize __nmemb = std::min(static_cast<streamsize>(this->egptr() - this->eback() - __unget_sz),
   157	                                    static_cast<streamsize>(__extbufend_ - __extbufnext_));
   158	      codecvt_base::result __r;
   159	      // FIXME: Do we ever need to restore the state here?
   160	      // state_type __svs = __st_;
   161	      streamsize __nr = __bufptr_->sgetn(const_cast<char*>(__extbufnext_), __nmemb);
   162	      if (__nr != 0) {
   163	        __extbufend_ = __extbufnext_ + __nr;
   164	        char_type* __inext;
   165	        __r = __cv_->in(
   166	            __st_, __extbuf_, __extbufend_, __extbufnext_, this->eback() + __unget_sz, this->egptr(), __inext);
   167	        if (__r == codecvt_base::noconv) {
   168	          this->setg((char_type*)__extbuf_, (char_type*)__extbuf_, (char_type*)const_cast<char*>(__extbufend_));
   169	          __c = *this->gptr();
   170	        } else if (__inext != this->eback() + __unget_sz) {
   171	          this->setg(this->eback(), this->eback() + __unget_sz, __inext);
   172	          __c = *this->gptr();
   173	        }
   174	      }
   175	    }
   176	  } else
   177	    __c = *this->gptr();
   178	  if (this->eback() == std::addressof(__1buf))
   179	    this->setg(0, 0, 0);
   180	  return __c;
   181	}
   182	
   183	_LIBCPP_SUPPRESS_DEPRECATED_PUSH
   184	template <class _Codecvt, class _Elem, class _Tr>
   185	typename wbuffer_convert<_Codecvt, _Elem, _Tr>::int_type
   186	wbuffer_convert<_Codecvt, _Elem, _Tr>::pbackfail(int_type __c) {
   187	  _LIBCPP_SUPPRESS_DEPRECATED_POP
   188	  if (__cv_ != 0 && __bufptr_ && this->eback() < this->gptr()) {
   189	    if (traits_type::eq_int_type(__c, traits_type::eof())) {
   190	      this->gbump(-1);
   191	      return traits_type::not_eof(__c);
   192	    }
   193	    if (traits_type::eq(traits_type::to_char_type(__c), this->gptr()[-1])) {
   194	      this->gbump(-1);
   195	      *this->gptr() = traits_type::to_char_type(__c);
   196	      return __c;
   197	    }
   198	  }
   199	  return traits_type::eof();
   200	}
   201	
   202	_LIBCPP_SUPPRESS_DEPRECATED_PUSH
   203	template <class _Codecvt, class _Elem, class _Tr>
   204	typename wbuffer_convert<_Codecvt, _Elem, _Tr>::int_type wbuffer_convert<_Codecvt, _Elem, _Tr>::overflow(int_type __c) {
   205	  _LIBCPP_SUPPRESS_DEPRECATED_POP
   206	  if (__cv_ == 0 || !__bufptr_)
   207	    return traits_type::eof();
   208	  __write_mode();
   209	  char_type __1buf;
   210	  char_type* __pb_save  = this->pbase();
   211	  char_type* __epb_save = this->epptr();
   212	  if (!traits_type::eq_int_type(__c, traits_type::eof())) {
   213	    if (this->pptr() == 0)
   214	      this->setp(std::addressof(__1buf), std::addressof(__1buf) + 1);
   215	    *this->pptr() = traits_type::to_char_type(__c);
   216	    this->pbump(1);
   217	  }
   218	  if (this->pptr() != this->pbase()) {
   219	    if (__always_noconv_) {
   220	      streamsize __nmemb = static_cast<streamsize>(this->pptr() - this->pbase());
   221	      if (__bufptr_->sputn((const char*)this->pbase(), __nmemb) != __nmemb)
   222	        return traits_type::eof();
   223	    } else {
   224	      char* __extbe = __extbuf_;
   225	      codecvt_base::result __r;
   226	      do {
   227	        const char_type* __e;
   228	        __r = __cv_->out(__st_, this->pbase(), this->pptr(), __e, __extbuf_, __extbuf_ + __ebs_, __extbe);
   229	        if (__e == this->pbase())
   230	          return traits_type::eof();
   231	        if (__r == codecvt_base::noconv) {
   232	          streamsize __nmemb = static_cast<size_t>(this->pptr() - this->pbase());
   233	          if (__bufptr_->sputn((const char*)this->pbase(), __nmemb) != __nmemb)
   234	            return traits_type::eof();
   235	        } else if (__r == codecvt_base::ok || __r == codecvt_base::partial) {
   236	          streamsize __nmemb = static_cast<size_t>(__extbe - __extbuf_);
   237	          if (__bufptr_->sputn(__extbuf_, __nmemb) != __nmemb)
   238	            return traits_type::eof();
   239	          if (__r == codecvt_base::partial) {
   240	            this->setp(const_cast<char_type*>(__e), this->pptr());
   241	            this->__pbump(this->epptr() - this->pbase());
   242	          }
   243	        } else
   244	          return traits_type::eof();
   245	      } while (__r == codecvt_base::partial);
   246	    }
   247	    this->setp(__pb_save, __epb_save);
   248	  }
   249	  return traits_type::not_eof(__c);
   250	}
   251	
   252	_LIBCPP_SUPPRESS_DEPRECATED_PUSH
   253	template <class _Codecvt, class _Elem, class _Tr>
   254	basic_streambuf<_Elem, _Tr>* wbuffer_convert<_Codecvt, _Elem, _Tr>::setbuf(char_type* __s, streamsize __n) {
   255	  _LIBCPP_SUPPRESS_DEPRECATED_POP
   256	  this->setg(0, 0, 0);
   257	  this->setp(0, 0);
   258	  if (__owns_eb_)
   259	    delete[] __extbuf_;
   260	  if (__owns_ib_)
   261	    delete[] __intbuf_;
   262	  __ebs_ = __n;
   263	  if (__ebs_ > sizeof(__extbuf_min_)) {
   264	    if (__always_noconv_ && __s) {
   265	      __extbuf_  = (char*)__s;
   266	      __owns_eb_ = false;
   267	    } else {
   268	      __extbuf_  = new char[__ebs_];
   269	      __owns_eb_ = true;
   270	    }
   271	  } else {
   272	    __extbuf_  = __extbuf_min_;
   273	    __ebs_     = sizeof(__extbuf_min_);
   274	    __owns_eb_ = false;
   275	  }
   276	  if (!__always_noconv_) {
   277	    __ibs_ = max<streamsize>(__n, sizeof(__extbuf_min_));
   278	    if (__s && __ibs_ >= sizeof(__extbuf_min_)) {
   279	      __intbuf_  = __s;
   280	      __owns_ib_ = false;
   281	    } else {
   282	      __intbuf_  = new char_type[__ibs_];
   283	      __owns_ib_ = true;
   284	    }
   285	  } else {
   286	    __ibs_     = 0;
   287	    __intbuf_  = 0;
   288	    __owns_ib_ = false;
   289	  }
   290	  return this;
   291	}
   292	
   293	_LIBCPP_SUPPRESS_DEPRECATED_PUSH
   294	template <class _Codecvt, class _Elem, class _Tr>
   295	typename wbuffer_convert<_Codecvt, _Elem, _Tr>::pos_type
   296	wbuffer_convert<_Codecvt, _Elem, _Tr>::seekoff(off_type __off, ios_base::seekdir __way, ios_base::openmode __om) {
   297	  int __width = __cv_->encoding();
   298	  if (__cv_ == 0 || !__bufptr_ || (__width <= 0 && __off != 0) || sync())
   299	    return pos_type(off_type(-1));
   300	  // __width > 0 || __off == 0, now check __way
   301	  if (__way != ios_base::beg && __way != ios_base::cur && __way != ios_base::end)
   302	    return pos_type(off_type(-1));
   303	  pos_type __r = __bufptr_->pubseekoff(__width * __off, __way, __om);
   304	  __r.state(__st_);
   305	  return __r;
   306	}
   307	
   308	template <class _Codecvt, class _Elem, class _Tr>
   309	typename wbuffer_convert<_Codecvt, _Elem, _Tr>::pos_type
   310	wbuffer_convert<_Codecvt, _Elem, _Tr>::seekpos(pos_type __sp, ios_base::openmode __wch) {
   311	  if (__cv_ == 0 || !__bufptr_ || sync())
   312	    return pos_type(off_type(-1));
   313	  if (__bufptr_->pubseekpos(__sp, __wch) == pos_type(off_type(-1)))
   314	    return pos_type(off_type(-1));
   315	  return __sp;
   316	}
   317	
   318	template <class _Codecvt, class _Elem, class _Tr>
   319	int wbuffer_convert<_Codecvt, _Elem, _Tr>::sync() {
   320	  _LIBCPP_SUPPRESS_DEPRECATED_POP
   321	  if (__cv_ == 0 || !__bufptr_)
   322	    return 0;
   323	  if (__cm_ & ios_base::out) {
   324	    if (this->pptr() != this->pbase())
   325	      if (overflow() == traits_type::eof())
   326	        return -1;
   327	    codecvt_base::result __r;
   328	    do {
   329	      char* __extbe;
   330	      __r                = __cv_->unshift(__st_, __extbuf_, __extbuf_ + __ebs_, __extbe);
   331	      streamsize __nmemb = static_cast<streamsize>(__extbe - __extbuf_);
   332	      if (__bufptr_->sputn(__extbuf_, __nmemb) != __nmemb)
   333	        return -1;
   334	    } while (__r == codecvt_base::partial);
   335	    if (__r == codecvt_base::error)
   336	      return -1;
   337	    if (__bufptr_->pubsync())
   338	      return -1;
   339	  } else if (__cm_ & ios_base::in) {
   340	    off_type __c;
   341	    if (__always_noconv_)
   342	      __c = this->egptr() - this->gptr();
   343	    else {
   344	      int __width = __cv_->encoding();
   345	      __c         = __extbufend_ - __extbufnext_;
   346	      if (__width > 0)
   347	        __c += __width * (this->egptr() - this->gptr());
   348	      else {
   349	        if (this->gptr() != this->egptr()) {
   350	          std::reverse(this->gptr(), this->egptr());
   351	          codecvt_base::result __r;
   352	          const char_type* __e = this->gptr();
   353	          char* __extbe;
   354	          do {
   355	            __r = __cv_->out(__st_, __e, this->egptr(), __e, __extbuf_, __extbuf_ + __ebs_, __extbe);
   356	            switch (__r) {
   357	            case codecvt_base::noconv:
   358	              __c += this->egptr() - this->gptr();
   359	              break;
   360	            case codecvt_base::ok:
   361	            case codecvt_base::partial:
   362	              __c += __extbe - __extbuf_;
   363	              break;
   364	            default:
   365	              return -1;
   366	            }
   367	          } while (__r == codecvt_base::partial);
   368	        }
   369	      }
   370	    }
   371	    if (__bufptr_->pubseekoff(-__c, ios_base::cur, __cm_) == pos_type(off_type(-1)))
   372	      return -1;
   373	    this->setg(0, 0, 0);
   374	    __cm_ = 0;
   375	  }
   376	  return 0;
   377	}
   378	
   379	_LIBCPP_SUPPRESS_DEPRECATED_PUSH
   380	template <class _Codecvt, class _Elem, class _Tr>
   381	bool wbuffer_convert<_Codecvt, _Elem, _Tr>::__read_mode() {
   382	  if (!(__cm_ & ios_base::in)) {
   383	    this->setp(0, 0);
   384	    if (__always_noconv_)
   385	      this->setg((char_type*)__extbuf_, (char_type*)__extbuf_ + __ebs_, (char_type*)__extbuf_ + __ebs_);
   386	    else
   387	      this->setg(__intbuf_, __intbuf_ + __ibs_, __intbuf_ + __ibs_);
   388	    __cm_ = ios_base::in;
   389	    return true;
   390	  }
   391	  return false;
   392	}
   393	
   394	template <class _Codecvt, class _Elem, class _Tr>
   395	void wbuffer_convert<_Codecvt, _Elem, _Tr>::__write_mode() {
   396	  if (!(__cm_ & ios_base::out)) {
   397	    this->setg(0, 0, 0);
   398	    if (__ebs_ > sizeof(__extbuf_min_)) {
   399	      if (__always_noconv_)
   400	        this->setp((char_type*)__extbuf_, (char_type*)__extbuf_ + (__ebs_ - 1));
   401	      else
   402	        this->setp(__intbuf_, __intbuf_ + (__ibs_ - 1));
   403	    } else
   404	      this->setp(0, 0);
   405	    __cm_ = ios_base::out;
   406	  }
   407	}
   408	
   409	template <class _Codecvt, class _Elem, class _Tr>
   410	wbuffer_convert<_Codecvt, _Elem, _Tr>* wbuffer_convert<_Codecvt, _Elem, _Tr>::__close() {
   411	  wbuffer_convert* __rt = nullptr;
   412	  if (__cv_ != nullptr && __bufptr_ != nullptr) {
   413	    __rt = this;
   414	    if ((__cm_ & ios_base::out) && sync())
   415	      __rt = nullptr;
   416	  }
   417	  return __rt;
   418	}
   419	
   420	_LIBCPP_SUPPRESS_DEPRECATED_POP
   421	
   422	_LIBCPP_END_NAMESPACE_STD
   423	
   424	_LIBCPP_POP_MACROS
   425	
   426	#  endif // _LIBCPP_STD_VER < 26 || defined(_LIBCPP_ENABLE_CXX26_REMOVED_WSTRING_CONVERT)
   427	
   428	#endif // _LIBCPP_HAS_LOCALIZATION
   429	
   430	#endif // _LIBCPP___LOCALE_DIR_WBUFFER_CONVERT_H
===== codes/llvm/libcxx/include/__locale_dir/wstring_convert.h =====
e69bb0754715e5fc318273fec9323e4580c91c3a93929e9a1d8e5decb18f0d6f  codes/llvm/libcxx/include/__locale_dir/wstring_convert.h
    35	public:
    36	  typedef basic_string<char, char_traits<char>, _ByteAlloc> byte_string;
    37	  typedef basic_string<_Elem, char_traits<_Elem>, _WideAlloc> wide_string;
    38	  typedef typename _Codecvt::state_type state_type;
    39	  typedef typename wide_string::traits_type::int_type int_type;
    40	
    41	private:
    42	  byte_string __byte_err_string_;
    43	  wide_string __wide_err_string_;
    44	  _Codecvt* __cvtptr_;
    45	  state_type __cvtstate_;
    46	  size_t __cvtcount_;
    47	
    48	public:
    49	#    ifndef _LIBCPP_CXX03_LANG
    50	  _LIBCPP_HIDE_FROM_ABI wstring_convert() : wstring_convert(new _Codecvt) {}
    51	  _LIBCPP_HIDE_FROM_ABI explicit wstring_convert(_Codecvt* __pcvt);
    52	#    else
    53	  _LIBCPP_HIDE_FROM_ABI _LIBCPP_EXPLICIT_SINCE_CXX14 wstring_convert(_Codecvt* __pcvt = new _Codecvt);
    54	#    endif
    55	
    56	  _LIBCPP_HIDE_FROM_ABI wstring_convert(_Codecvt* __pcvt, state_type __state);
    57	  _LIBCPP_EXPLICIT_SINCE_CXX14 _LIBCPP_HIDE_FROM_ABI
    58	  wstring_convert(const byte_string& __byte_err, const wide_string& __wide_err = wide_string());
    59	#    ifndef _LIBCPP_CXX03_LANG
    60	  _LIBCPP_HIDE_FROM_ABI wstring_convert(wstring_convert&& __wc);
    61	#    endif
    62	  _LIBCPP_HIDE_FROM_ABI ~wstring_convert();
    63	
    64	  wstring_convert(const wstring_convert& __wc)            = delete;
    65	  wstring_convert& operator=(const wstring_convert& __wc) = delete;
    66	
    67	  _LIBCPP_HIDE_FROM_ABI wide_string from_bytes(char __byte) { return from_bytes(&__byte, &__byte + 1); }
    68	  _LIBCPP_HIDE_FROM_ABI wide_string from_bytes(const char* __ptr) {
    69	    return from_bytes(__ptr, __ptr + char_traits<char>::length(__ptr));
    70	  }
    71	  _LIBCPP_HIDE_FROM_ABI wide_string from_bytes(const byte_string& __str) {
    72	    return from_bytes(__str.data(), __str.data() + __str.size());
    73	  }
    74	  _LIBCPP_HIDE_FROM_ABI wide_string from_bytes(const char* __first, const char* __last);
    75	
    76	  _LIBCPP_HIDE_FROM_ABI byte_string to_bytes(_Elem __wchar) {
    77	    return to_bytes(std::addressof(__wchar), std::addressof(__wchar) + 1);
    78	  }
    79	  _LIBCPP_HIDE_FROM_ABI byte_string to_bytes(const _Elem* __wptr) {
    80	    return to_bytes(__wptr, __wptr + char_traits<_Elem>::length(__wptr));
    81	  }
    82	  _LIBCPP_HIDE_FROM_ABI byte_string to_bytes(const wide_string& __wstr) {
    83	    return to_bytes(__wstr.data(), __wstr.data() + __wstr.size());
    84	  }
    85	  _LIBCPP_HIDE_FROM_ABI byte_string to_bytes(const _Elem* __first, const _Elem* __last);
    86	
    87	  _LIBCPP_HIDE_FROM_ABI size_t converted() const _NOEXCEPT { return __cvtcount_; }
    88	  _LIBCPP_HIDE_FROM_ABI state_type state() const { return __cvtstate_; }
    89	};
    90	
    91	_LIBCPP_SUPPRESS_DEPRECATED_PUSH
    92	template <class _Codecvt, class _Elem, class _WideAlloc, class _ByteAlloc>
    93	inline wstring_convert<_Codecvt, _Elem, _WideAlloc, _ByteAlloc>::wstring_convert(_Codecvt* __pcvt)
    94	    : __cvtptr_(__pcvt), __cvtstate_(), __cvtcount_(0) {}
    95	_LIBCPP_SUPPRESS_DEPRECATED_POP
    96	
    97	template <class _Codecvt, class _Elem, class _WideAlloc, class _ByteAlloc>
    98	inline wstring_convert<_Codecvt, _Elem, _WideAlloc, _ByteAlloc>::wstring_convert(_Codecvt* __pcvt, state_type __state)
    99	    : __cvtptr_(__pcvt), __cvtstate_(__state), __cvtcount_(0) {}
   100	
   101	template <class _Codecvt, class _Elem, class _WideAlloc, class _ByteAlloc>
   102	wstring_convert<_Codecvt, _Elem, _WideAlloc, _ByteAlloc>::wstring_convert(
   103	    const byte_string& __byte_err, const wide_string& __wide_err)
   104	    : __byte_err_string_(__byte_err), __wide_err_string_(__wide_err), __cvtstate_(), __cvtcount_(0) {
   105	  __cvtptr_ = new _Codecvt;
   106	}
   107	
   108	#    ifndef _LIBCPP_CXX03_LANG
   109	
   110	template <class _Codecvt, class _Elem, class _WideAlloc, class _ByteAlloc>
   111	inline wstring_convert<_Codecvt, _Elem, _WideAlloc, _ByteAlloc>::wstring_convert(wstring_convert&& __wc)
   112	    : __byte_err_string_(std::move(__wc.__byte_err_string_)),
   113	      __wide_err_string_(std::move(__wc.__wide_err_string_)),
   114	      __cvtptr_(__wc.__cvtptr_),
   115	      __cvtstate_(__wc.__cvtstate_),
   116	      __cvtcount_(__wc.__cvtcount_) {
   117	  __wc.__cvtptr_ = nullptr;
   118	}
   119	
   120	#    endif // _LIBCPP_CXX03_LANG
   121	
   122	_LIBCPP_SUPPRESS_DEPRECATED_PUSH
   123	template <class _Codecvt, class _Elem, class _WideAlloc, class _ByteAlloc>
   124	wstring_convert<_Codecvt, _Elem, _WideAlloc, _ByteAlloc>::~wstring_convert() {
   125	  delete __cvtptr_;
   126	}
   127	
   128	template <class _Codecvt, class _Elem, class _WideAlloc, class _ByteAlloc>
   129	typename wstring_convert<_Codecvt, _Elem, _WideAlloc, _ByteAlloc>::wide_string
   130	wstring_convert<_Codecvt, _Elem, _WideAlloc, _ByteAlloc>::from_bytes(const char* __frm, const char* __frm_end) {
   131	  _LIBCPP_SUPPRESS_DEPRECATED_POP
   132	  __cvtcount_ = 0;
   133	  if (__cvtptr_ != nullptr) {
   134	    wide_string __ws(2 * (__frm_end - __frm), _Elem());
   135	    if (__frm != __frm_end)
   136	      __ws.resize(__ws.capacity());
   137	    codecvt_base::result __r = codecvt_base::ok;
   138	    state_type __st          = __cvtstate_;
   139	    if (__frm != __frm_end) {
   140	      _Elem* __to     = std::addressof(__ws[0]);
   141	      _Elem* __to_end = __to + __ws.size();
   142	      const char* __frm_nxt;
   143	      do {
   144	        _Elem* __to_nxt;
   145	        __r = __cvtptr_->in(__st, __frm, __frm_end, __frm_nxt, __to, __to_end, __to_nxt);
   146	        __cvtcount_ += __frm_nxt - __frm;
   147	        if (__frm_nxt == __frm) {
   148	          __r = codecvt_base::error;
   149	        } else if (__r == codecvt_base::noconv) {
   150	          __ws.resize(__to - std::addressof(__ws[0]));
   151	          // This only gets executed if _Elem is char
   152	          __ws.append((const _Elem*)__frm, (const _Elem*)__frm_end);
   153	          __frm = __frm_nxt;
   154	          __r   = codecvt_base::ok;
   155	        } else if (__r == codecvt_base::ok) {
   156	          __ws.resize(__to_nxt - std::addressof(__ws[0]));
   157	          __frm = __frm_nxt;
   158	        } else if (__r == codecvt_base::partial) {
   159	          ptrdiff_t __s = __to_nxt - std::addressof(__ws[0]);
   160	          __ws.resize(2 * __s);
   161	          __to     = std::addressof(__ws[0]) + __s;
   162	          __to_end = std::addressof(__ws[0]) + __ws.size();
   163	          __frm    = __frm_nxt;
   164	        }
   165	      } while (__r == codecvt_base::partial && __frm_nxt < __frm_end);
   166	    }
   167	    if (__r == codecvt_base::ok)
   168	      return __ws;
   169	  }
   170	
   171	  if (__wide_err_string_.empty())
   172	    std::__throw_range_error("wstring_convert: from_bytes error");
   173	
   174	  return __wide_err_string_;
   175	}
   176	
   177	template <class _Codecvt, class _Elem, class _WideAlloc, class _ByteAlloc>
   178	typename wstring_convert<_Codecvt, _Elem, _WideAlloc, _ByteAlloc>::byte_string
   179	wstring_convert<_Codecvt, _Elem, _WideAlloc, _ByteAlloc>::to_bytes(const _Elem* __frm, const _Elem* __frm_end) {
   180	  __cvtcount_ = 0;
   181	  if (__cvtptr_ != nullptr) {
   182	    byte_string __bs(2 * (__frm_end - __frm), char());
   183	    if (__frm != __frm_end)
   184	      __bs.resize(__bs.capacity());
   185	    codecvt_base::result __r = codecvt_base::ok;
   186	    state_type __st          = __cvtstate_;
   187	    if (__frm != __frm_end) {
   188	      char* __to     = std::addressof(__bs[0]);
   189	      char* __to_end = __to + __bs.size();
   190	      const _Elem* __frm_nxt;
   191	      do {
   192	        char* __to_nxt;
   193	        __r = __cvtptr_->out(__st, __frm, __frm_end, __frm_nxt, __to, __to_end, __to_nxt);
   194	        __cvtcount_ += __frm_nxt - __frm;
   195	        if (__frm_nxt == __frm) {
   196	          __r = codecvt_base::error;
   197	        } else if (__r == codecvt_base::noconv) {
   198	          __bs.resize(__to - std::addressof(__bs[0]));
   199	          // This only gets executed if _Elem is char
   200	          __bs.append((const char*)__frm, (const char*)__frm_end);
   201	          __frm = __frm_nxt;
   202	          __r   = codecvt_base::ok;
   203	        } else if (__r == codecvt_base::ok) {
   204	          __bs.resize(__to_nxt - std::addressof(__bs[0]));
   205	          __frm = __frm_nxt;
   206	        } else if (__r == codecvt_base::partial) {
   207	          ptrdiff_t __s = __to_nxt - std::addressof(__bs[0]);
   208	          __bs.resize(2 * __s);
   209	          __to     = std::addressof(__bs[0]) + __s;
   210	          __to_end = std::addressof(__bs[0]) + __bs.size();
   211	          __frm    = __frm_nxt;
   212	        }
   213	      } while (__r == codecvt_base::partial && __frm_nxt < __frm_end);
   214	    }
   215	    if (__r == codecvt_base::ok) {
   216	      size_t __s = __bs.size();
   217	      __bs.resize(__bs.capacity());
   218	      char* __to     = std::addressof(__bs[0]) + __s;
   219	      char* __to_end = __to + __bs.size();
   220	      do {
   221	        char* __to_nxt;
   222	        __r = __cvtptr_->unshift(__st, __to, __to_end, __to_nxt);
   223	        if (__r == codecvt_base::noconv) {
   224	          __bs.resize(__to - std::addressof(__bs[0]));
   225	          __r = codecvt_base::ok;
   226	        } else if (__r == codecvt_base::ok) {
   227	          __bs.resize(__to_nxt - std::addressof(__bs[0]));
   228	        } else if (__r == codecvt_base::partial) {
   229	          ptrdiff_t __sp = __to_nxt - std::addressof(__bs[0]);
   230	          __bs.resize(2 * __sp);
   231	          __to     = std::addressof(__bs[0]) + __sp;
   232	          __to_end = std::addressof(__bs[0]) + __bs.size();
   233	        }
   234	      } while (__r == codecvt_base::partial);
   235	      if (__r == codecvt_base::ok)
   236	        return __bs;
   237	    }
   238	  }
   239	
   240	  if (__byte_err_string_.empty())
   241	    std::__throw_range_error("wstring_convert: to_bytes error");
   242	
   243	  return __byte_err_string_;
   244	}
   245	
   246	_LIBCPP_END_NAMESPACE_STD
   247	
   248	_LIBCPP_POP_MACROS
   249	
   250	#  endif // _LIBCPP_STD_VER < 26 || defined(_LIBCPP_ENABLE_CXX26_REMOVED_WSTRING_CONVERT)
   251	
   252	#endif // _LIBCPP_HAS_LOCALIZATION
   253	
   254	#endif // _LIBCPP___LOCALE_DIR_WSTRING_CONVERT_H
===== cxx03 mirror relevant span =====
eb57479202431004b84678944d60f14ff5cd7132be8a62a2e41a16ab4c999ef2  codes/llvm/libcxx/include/__cxx03/locale
  3180	_LIBCPP_SUPPRESS_DEPRECATED_PUSH
  3181	template <class _Codecvt, class _Elem, class _WideAlloc, class _ByteAlloc>
  3182	inline wstring_convert<_Codecvt, _Elem, _WideAlloc, _ByteAlloc>::wstring_convert(_Codecvt* __pcvt)
  3183	    : __cvtptr_(__pcvt), __cvtstate_(), __cvtcount_(0) {}
  3184	_LIBCPP_SUPPRESS_DEPRECATED_POP
  3185	
  3186	template <class _Codecvt, class _Elem, class _WideAlloc, class _ByteAlloc>
  3187	inline wstring_convert<_Codecvt, _Elem, _WideAlloc, _ByteAlloc>::wstring_convert(_Codecvt* __pcvt, state_type __state)
  3188	    : __cvtptr_(__pcvt), __cvtstate_(__state), __cvtcount_(0) {}
  3189	
  3190	template <class _Codecvt, class _Elem, class _WideAlloc, class _ByteAlloc>
  3191	wstring_convert<_Codecvt, _Elem, _WideAlloc, _ByteAlloc>::wstring_convert(
  3192	    const byte_string& __byte_err, const wide_string& __wide_err)
  3193	    : __byte_err_string_(__byte_err), __wide_err_string_(__wide_err), __cvtstate_(), __cvtcount_(0) {
  3194	  __cvtptr_ = new _Codecvt;
  3195	}
  3196	
  3197	_LIBCPP_SUPPRESS_DEPRECATED_PUSH
  3198	template <class _Codecvt, class _Elem, class _WideAlloc, class _ByteAlloc>
  3199	wstring_convert<_Codecvt, _Elem, _WideAlloc, _ByteAlloc>::~wstring_convert() {
  3200	  delete __cvtptr_;
  3201	}
  3202	
  3203	template <class _Codecvt, class _Elem, class _WideAlloc, class _ByteAlloc>
  3204	typename wstring_convert<_Codecvt, _Elem, _WideAlloc, _ByteAlloc>::wide_string
  3205	wstring_convert<_Codecvt, _Elem, _WideAlloc, _ByteAlloc>::from_bytes(const char* __frm, const char* __frm_end) {
  3206	  _LIBCPP_SUPPRESS_DEPRECATED_POP
  3207	  __cvtcount_ = 0;
  3208	  if (__cvtptr_ != nullptr) {
  3209	    wide_string __ws(2 * (__frm_end - __frm), _Elem());
  3210	    if (__frm != __frm_end)
  3211	      __ws.resize(__ws.capacity());
  3212	    codecvt_base::result __r = codecvt_base::ok;
  3213	    state_type __st          = __cvtstate_;
  3214	    if (__frm != __frm_end) {
  3215	      _Elem* __to     = &__ws[0];
  3216	      _Elem* __to_end = __to + __ws.size();
  3217	      const char* __frm_nxt;
  3218	      do {
  3219	        _Elem* __to_nxt;
  3220	        __r = __cvtptr_->in(__st, __frm, __frm_end, __frm_nxt, __to, __to_end, __to_nxt);
  3221	        __cvtcount_ += __frm_nxt - __frm;
  3222	        if (__frm_nxt == __frm) {
  3223	          __r = codecvt_base::error;
  3224	        } else if (__r == codecvt_base::noconv) {
  3225	          __ws.resize(__to - &__ws[0]);
  3226	          // This only gets executed if _Elem is char
  3227	          __ws.append((const _Elem*)__frm, (const _Elem*)__frm_end);
  3228	          __frm = __frm_nxt;
  3229	          __r   = codecvt_base::ok;
  3230	        } else if (__r == codecvt_base::ok) {
  3231	          __ws.resize(__to_nxt - &__ws[0]);
  3232	          __frm = __frm_nxt;
  3233	        } else if (__r == codecvt_base::partial) {
  3234	          ptrdiff_t __s = __to_nxt - &__ws[0];
  3235	          __ws.resize(2 * __s);
  3236	          __to     = &__ws[0] + __s;
  3237	          __to_end = &__ws[0] + __ws.size();
  3238	          __frm    = __frm_nxt;
  3239	        }
  3240	      } while (__r == codecvt_base::partial && __frm_nxt < __frm_end);
  3241	    }
  3242	    if (__r == codecvt_base::ok)
  3243	      return __ws;
  3244	  }
  3245	
  3246	  if (__wide_err_string_.empty())
  3247	    __throw_range_error("wstring_convert: from_bytes error");
  3248	
  3249	  return __wide_err_string_;
  3250	}
  3251	
  3252	template <class _Codecvt, class _Elem, class _WideAlloc, class _ByteAlloc>
  3253	typename wstring_convert<_Codecvt, _Elem, _WideAlloc, _ByteAlloc>::byte_string
  3254	wstring_convert<_Codecvt, _Elem, _WideAlloc, _ByteAlloc>::to_bytes(const _Elem* __frm, const _Elem* __frm_end) {
  3255	  __cvtcount_ = 0;
  3256	  if (__cvtptr_ != nullptr) {
  3257	    byte_string __bs(2 * (__frm_end - __frm), char());
  3258	    if (__frm != __frm_end)
  3259	      __bs.resize(__bs.capacity());
  3260	    codecvt_base::result __r = codecvt_base::ok;
  3261	    state_type __st          = __cvtstate_;
  3262	    if (__frm != __frm_end) {
  3263	      char* __to     = &__bs[0];
  3264	      char* __to_end = __to + __bs.size();
  3265	      const _Elem* __frm_nxt;
  3266	      do {
  3267	        char* __to_nxt;
  3268	        __r = __cvtptr_->out(__st, __frm, __frm_end, __frm_nxt, __to, __to_end, __to_nxt);
  3269	        __cvtcount_ += __frm_nxt - __frm;
  3270	        if (__frm_nxt == __frm) {
  3271	          __r = codecvt_base::error;
  3272	        } else if (__r == codecvt_base::noconv) {
  3273	          __bs.resize(__to - &__bs[0]);
  3274	          // This only gets executed if _Elem is char
  3275	          __bs.append((const char*)__frm, (const char*)__frm_end);
  3276	          __frm = __frm_nxt;
  3277	          __r   = codecvt_base::ok;
  3278	        } else if (__r == codecvt_base::ok) {
  3279	          __bs.resize(__to_nxt - &__bs[0]);
  3280	          __frm = __frm_nxt;
  3281	        } else if (__r == codecvt_base::partial) {
  3282	          ptrdiff_t __s = __to_nxt - &__bs[0];
  3283	          __bs.resize(2 * __s);
  3284	          __to     = &__bs[0] + __s;
  3285	          __to_end = &__bs[0] + __bs.size();
  3286	          __frm    = __frm_nxt;
  3287	        }
  3288	      } while (__r == codecvt_base::partial && __frm_nxt < __frm_end);
  3289	    }
  3290	    if (__r == codecvt_base::ok) {
  3291	      size_t __s = __bs.size();
  3292	      __bs.resize(__bs.capacity());
  3293	      char* __to     = &__bs[0] + __s;
  3294	      char* __to_end = __to + __bs.size();
  3295	      do {
  3296	        char* __to_nxt;
  3297	        __r = __cvtptr_->unshift(__st, __to, __to_end, __to_nxt);
  3298	        if (__r == codecvt_base::noconv) {
  3299	          __bs.resize(__to - &__bs[0]);
  3300	          __r = codecvt_base::ok;
  3301	        } else if (__r == codecvt_base::ok) {
  3302	          __bs.resize(__to_nxt - &__bs[0]);
  3303	        } else if (__r == codecvt_base::partial) {
  3304	          ptrdiff_t __sp = __to_nxt - &__bs[0];
  3305	          __bs.resize(2 * __sp);
  3306	          __to     = &__bs[0] + __sp;
  3307	          __to_end = &__bs[0] + __bs.size();
  3308	        }
  3309	      } while (__r == codecvt_base::partial);
  3310	      if (__r == codecvt_base::ok)
  3311	        return __bs;
  3312	    }
  3313	  }
  3314	
  3315	  if (__byte_err_string_.empty())
  3316	    __throw_range_error("wstring_convert: to_bytes error");
  3317	
  3318	  return __byte_err_string_;
  3319	}
  3320	
  3321	template <class _Codecvt, class _Elem = wchar_t, class _Tr = char_traits<_Elem> >
  3322	class _LIBCPP_TEMPLATE_VIS wbuffer_convert : public basic_streambuf<_Elem, _Tr> {
  3323	public:
  3324	  // types:
  3325	  typedef _Elem char_type;
  3326	  typedef _Tr traits_type;
  3327	  typedef typename traits_type::int_type int_type;
  3328	  typedef typename traits_type::pos_type pos_type;
  3329	  typedef typename traits_type::off_type off_type;
  3330	  typedef typename _Codecvt::state_type state_type;
  3331	
  3332	private:
  3333	  char* __extbuf_;
  3334	  const char* __extbufnext_;
  3335	  const char* __extbufend_;
  3336	  char __extbuf_min_[8];
  3337	  size_t __ebs_;
  3338	  char_type* __intbuf_;
  3339	  size_t __ibs_;
  3340	  streambuf* __bufptr_;
  3341	  _Codecvt* __cv_;
  3342	  state_type __st_;
  3343	  ios_base::openmode __cm_;
  3344	  bool __owns_eb_;
  3345	  bool __owns_ib_;
  3346	  bool __always_noconv_;
  3347	
  3348	public:
  3349	  _LIBCPP_HIDE_FROM_ABI
  3350	  wbuffer_convert(streambuf* __bytebuf = nullptr, _Codecvt* __pcvt = new _Codecvt, state_type __state = state_type());
  3351	
  3352	  _LIBCPP_HIDE_FROM_ABI ~wbuffer_convert();
  3353	
  3354	  _LIBCPP_HIDE_FROM_ABI streambuf* rdbuf() const { return __bufptr_; }
  3355	  _LIBCPP_HIDE_FROM_ABI streambuf* rdbuf(streambuf* __bytebuf) {
  3356	    streambuf* __r = __bufptr_;
  3357	    __bufptr_      = __bytebuf;
  3358	    return __r;
  3359	  }
  3360	
  3361	  wbuffer_convert(const wbuffer_convert&)            = delete;
  3362	  wbuffer_convert& operator=(const wbuffer_convert&) = delete;
  3363	
  3364	  _LIBCPP_HIDE_FROM_ABI state_type state() const { return __st_; }
  3365	
  3366	protected:
  3367	  _LIBCPP_HIDE_FROM_ABI_VIRTUAL virtual int_type underflow();
  3368	  _LIBCPP_HIDE_FROM_ABI_VIRTUAL virtual int_type pbackfail(int_type __c = traits_type::eof());
  3369	  _LIBCPP_HIDE_FROM_ABI_VIRTUAL virtual int_type overflow(int_type __c = traits_type::eof());
  3370	  _LIBCPP_HIDE_FROM_ABI_VIRTUAL virtual basic_streambuf<char_type, traits_type>* setbuf(char_type* __s, streamsize __n);
  3371	  _LIBCPP_HIDE_FROM_ABI_VIRTUAL virtual pos_type
  3372	  seekoff(off_type __off, ios_base::seekdir __way, ios_base::openmode __wch = ios_base::in | ios_base::out);
  3373	  _LIBCPP_HIDE_FROM_ABI_VIRTUAL virtual pos_type
  3374	  seekpos(pos_type __sp, ios_base::openmode __wch = ios_base::in | ios_base::out);
  3375	  _LIBCPP_HIDE_FROM_ABI_VIRTUAL virtual int sync();
  3376	
  3377	private:
  3378	  _LIBCPP_HIDE_FROM_ABI_VIRTUAL bool __read_mode();
  3379	  _LIBCPP_HIDE_FROM_ABI_VIRTUAL void __write_mode();
  3380	  _LIBCPP_HIDE_FROM_ABI_VIRTUAL wbuffer_convert* __close();
  3381	};
  3382	
  3383	_LIBCPP_SUPPRESS_DEPRECATED_PUSH
  3384	template <class _Codecvt, class _Elem, class _Tr>
  3385	wbuffer_convert<_Codecvt, _Elem, _Tr>::wbuffer_convert(streambuf* __bytebuf, _Codecvt* __pcvt, state_type __state)
  3386	    : __extbuf_(nullptr),
  3387	      __extbufnext_(nullptr),
  3388	      __extbufend_(nullptr),
  3389	      __ebs_(0),
  3390	      __intbuf_(0),
  3391	      __ibs_(0),
  3392	      __bufptr_(__bytebuf),
  3393	      __cv_(__pcvt),
  3394	      __st_(__state),
  3395	      __cm_(0),
  3396	      __owns_eb_(false),
  3397	      __owns_ib_(false),
  3398	      __always_noconv_(__cv_ ? __cv_->always_noconv() : false) {
  3399	  setbuf(0, 4096);
  3400	}
  3401	
  3402	template <class _Codecvt, class _Elem, class _Tr>
  3403	wbuffer_convert<_Codecvt, _Elem, _Tr>::~wbuffer_convert() {
  3404	  __close();
  3405	  delete __cv_;
  3406	  if (__owns_eb_)
  3407	    delete[] __extbuf_;
  3408	  if (__owns_ib_)
  3409	    delete[] __intbuf_;
  3410	}
  3411	
  3412	template <class _Codecvt, class _Elem, class _Tr>
  3413	typename wbuffer_convert<_Codecvt, _Elem, _Tr>::int_type wbuffer_convert<_Codecvt, _Elem, _Tr>::underflow() {
  3414	  _LIBCPP_SUPPRESS_DEPRECATED_POP
  3415	  if (__cv_ == 0 || __bufptr_ == nullptr)
  3416	    return traits_type::eof();
  3417	  bool __initial = __read_mode();
  3418	  char_type __1buf;
  3419	  if (this->gptr() == 0)
  3420	    this->setg(&__1buf, &__1buf + 1, &__1buf + 1);
  3421	  const size_t __unget_sz = __initial ? 0 : std::min<size_t>((this->egptr() - this->eback()) / 2, 4);
  3422	  int_type __c            = traits_type::eof();
  3423	  if (this->gptr() == this->egptr()) {
  3424	    std::memmove(this->eback(), this->egptr() - __unget_sz, __unget_sz * sizeof(char_type));
  3425	    if (__always_noconv_) {
  3426	      streamsize __nmemb = static_cast<streamsize>(this->egptr() - this->eback() - __unget_sz);
  3427	      __nmemb            = __bufptr_->sgetn((char*)this->eback() + __unget_sz, __nmemb);
  3428	      if (__nmemb != 0) {
  3429	        this->setg(this->eback(), this->eback() + __unget_sz, this->eback() + __unget_sz + __nmemb);
  3430	        __c = *this->gptr();
  3431	      }
  3432	    } else {
  3433	      if (__extbufend_ != __extbufnext_) {
  3434	        _LIBCPP_ASSERT_NON_NULL(__extbufnext_ != nullptr, "underflow moving from nullptr");
  3435	        _LIBCPP_ASSERT_NON_NULL(__extbuf_ != nullptr, "underflow moving into nullptr");
  3436	        std::memmove(__extbuf_, __extbufnext_, __extbufend_ - __extbufnext_);
  3437	      }
  3438	      __extbufnext_      = __extbuf_ + (__extbufend_ - __extbufnext_);
  3439	      __extbufend_       = __extbuf_ + (__extbuf_ == __extbuf_min_ ? sizeof(__extbuf_min_) : __ebs_);
  3440	      streamsize __nmemb = std::min(static_cast<streamsize>(this->egptr() - this->eback() - __unget_sz),
  3441	                                    static_cast<streamsize>(__extbufend_ - __extbufnext_));
  3442	      codecvt_base::result __r;
  3443	      // FIXME: Do we ever need to restore the state here?
  3444	      // state_type __svs = __st_;
  3445	      streamsize __nr = __bufptr_->sgetn(const_cast<char*>(__extbufnext_), __nmemb);
  3446	      if (__nr != 0) {
  3447	        __extbufend_ = __extbufnext_ + __nr;
  3448	        char_type* __inext;
  3449	        __r = __cv_->in(
  3450	            __st_, __extbuf_, __extbufend_, __extbufnext_, this->eback() + __unget_sz, this->egptr(), __inext);
  3451	        if (__r == codecvt_base::noconv) {
  3452	          this->setg((char_type*)__extbuf_, (char_type*)__extbuf_, (char_type*)const_cast<char*>(__extbufend_));
  3453	          __c = *this->gptr();
  3454	        } else if (__inext != this->eback() + __unget_sz) {
  3455	          this->setg(this->eback(), this->eback() + __unget_sz, __inext);
  3456	          __c = *this->gptr();
  3457	        }
  3458	      }
  3459	    }
  3460	  } else
  3461	    __c = *this->gptr();
  3462	  if (this->eback() == &__1buf)
  3463	    this->setg(0, 0, 0);
  3464	  return __c;
  3465	}
  3466	
  3467	_LIBCPP_SUPPRESS_DEPRECATED_PUSH
  3468	template <class _Codecvt, class _Elem, class _Tr>
  3469	typename wbuffer_convert<_Codecvt, _Elem, _Tr>::int_type
  3470	wbuffer_convert<_Codecvt, _Elem, _Tr>::pbackfail(int_type __c) {
  3471	  _LIBCPP_SUPPRESS_DEPRECATED_POP
  3472	  if (__cv_ != 0 && __bufptr_ && this->eback() < this->gptr()) {
  3473	    if (traits_type::eq_int_type(__c, traits_type::eof())) {
  3474	      this->gbump(-1);
  3475	      return traits_type::not_eof(__c);
  3476	    }
  3477	    if (traits_type::eq(traits_type::to_char_type(__c), this->gptr()[-1])) {
  3478	      this->gbump(-1);
  3479	      *this->gptr() = traits_type::to_char_type(__c);
  3480	      return __c;
  3481	    }
  3482	  }
  3483	  return traits_type::eof();
  3484	}
  3485	
  3486	_LIBCPP_SUPPRESS_DEPRECATED_PUSH
  3487	template <class _Codecvt, class _Elem, class _Tr>
  3488	typename wbuffer_convert<_Codecvt, _Elem, _Tr>::int_type wbuffer_convert<_Codecvt, _Elem, _Tr>::overflow(int_type __c) {
  3489	  _LIBCPP_SUPPRESS_DEPRECATED_POP
  3490	  if (__cv_ == 0 || !__bufptr_)
  3491	    return traits_type::eof();
  3492	  __write_mode();
  3493	  char_type __1buf;
  3494	  char_type* __pb_save  = this->pbase();
  3495	  char_type* __epb_save = this->epptr();
  3496	  if (!traits_type::eq_int_type(__c, traits_type::eof())) {
  3497	    if (this->pptr() == 0)
  3498	      this->setp(&__1buf, &__1buf + 1);
  3499	    *this->pptr() = traits_type::to_char_type(__c);
  3500	    this->pbump(1);
  3501	  }
  3502	  if (this->pptr() != this->pbase()) {
  3503	    if (__always_noconv_) {
  3504	      streamsize __nmemb = static_cast<streamsize>(this->pptr() - this->pbase());
  3505	      if (__bufptr_->sputn((const char*)this->pbase(), __nmemb) != __nmemb)
  3506	        return traits_type::eof();
  3507	    } else {
  3508	      char* __extbe = __extbuf_;
  3509	      codecvt_base::result __r;
  3510	      do {
  3511	        const char_type* __e;
  3512	        __r = __cv_->out(__st_, this->pbase(), this->pptr(), __e, __extbuf_, __extbuf_ + __ebs_, __extbe);
  3513	        if (__e == this->pbase())
  3514	          return traits_type::eof();
  3515	        if (__r == codecvt_base::noconv) {
  3516	          streamsize __nmemb = static_cast<size_t>(this->pptr() - this->pbase());
  3517	          if (__bufptr_->sputn((const char*)this->pbase(), __nmemb) != __nmemb)
  3518	            return traits_type::eof();
  3519	        } else if (__r == codecvt_base::ok || __r == codecvt_base::partial) {
  3520	          streamsize __nmemb = static_cast<size_t>(__extbe - __extbuf_);
  3521	          if (__bufptr_->sputn(__extbuf_, __nmemb) != __nmemb)
  3522	            return traits_type::eof();
  3523	          if (__r == codecvt_base::partial) {
  3524	            this->setp(const_cast<char_type*>(__e), this->pptr());
  3525	            this->__pbump(this->epptr() - this->pbase());
  3526	          }
  3527	        } else
  3528	          return traits_type::eof();
  3529	      } while (__r == codecvt_base::partial);
  3530	    }
  3531	    this->setp(__pb_save, __epb_save);
  3532	  }
  3533	  return traits_type::not_eof(__c);
  3534	}
  3535	
  3536	_LIBCPP_SUPPRESS_DEPRECATED_PUSH
  3537	template <class _Codecvt, class _Elem, class _Tr>
  3538	basic_streambuf<_Elem, _Tr>* wbuffer_convert<_Codecvt, _Elem, _Tr>::setbuf(char_type* __s, streamsize __n) {
  3539	  _LIBCPP_SUPPRESS_DEPRECATED_POP
  3540	  this->setg(0, 0, 0);
  3541	  this->setp(0, 0);
  3542	  if (__owns_eb_)
  3543	    delete[] __extbuf_;
  3544	  if (__owns_ib_)
  3545	    delete[] __intbuf_;
  3546	  __ebs_ = __n;
  3547	  if (__ebs_ > sizeof(__extbuf_min_)) {
  3548	    if (__always_noconv_ && __s) {
  3549	      __extbuf_  = (char*)__s;
  3550	      __owns_eb_ = false;
  3551	    } else {
  3552	      __extbuf_  = new char[__ebs_];
  3553	      __owns_eb_ = true;
  3554	    }
  3555	  } else {
  3556	    __extbuf_  = __extbuf_min_;
  3557	    __ebs_     = sizeof(__extbuf_min_);
  3558	    __owns_eb_ = false;
  3559	  }
  3560	  if (!__always_noconv_) {
  3561	    __ibs_ = max<streamsize>(__n, sizeof(__extbuf_min_));
  3562	    if (__s && __ibs_ >= sizeof(__extbuf_min_)) {
  3563	      __intbuf_  = __s;
  3564	      __owns_ib_ = false;
  3565	    } else {
  3566	      __intbuf_  = new char_type[__ibs_];
  3567	      __owns_ib_ = true;
  3568	    }
  3569	  } else {
  3570	    __ibs_     = 0;
  3571	    __intbuf_  = 0;
  3572	    __owns_ib_ = false;
  3573	  }
  3574	  return this;
  3575	}
  3576	
  3577	_LIBCPP_SUPPRESS_DEPRECATED_PUSH
  3578	template <class _Codecvt, class _Elem, class _Tr>
  3579	typename wbuffer_convert<_Codecvt, _Elem, _Tr>::pos_type
  3580	wbuffer_convert<_Codecvt, _Elem, _Tr>::seekoff(off_type __off, ios_base::seekdir __way, ios_base::openmode __om) {
  3581	  int __width = __cv_->encoding();
  3582	  if (__cv_ == 0 || !__bufptr_ || (__width <= 0 && __off != 0) || sync())
  3583	    return pos_type(off_type(-1));
  3584	  // __width > 0 || __off == 0, now check __way
  3585	  if (__way != ios_base::beg && __way != ios_base::cur && __way != ios_base::end)
  3586	    return pos_type(off_type(-1));
  3587	  pos_type __r = __bufptr_->pubseekoff(__width * __off, __way, __om);
  3588	  __r.state(__st_);
  3589	  return __r;
  3590	}
  3591	
  3592	template <class _Codecvt, class _Elem, class _Tr>
  3593	typename wbuffer_convert<_Codecvt, _Elem, _Tr>::pos_type
  3594	wbuffer_convert<_Codecvt, _Elem, _Tr>::seekpos(pos_type __sp, ios_base::openmode __wch) {
  3595	  if (__cv_ == 0 || !__bufptr_ || sync())
  3596	    return pos_type(off_type(-1));
  3597	  if (__bufptr_->pubseekpos(__sp, __wch) == pos_type(off_type(-1)))
  3598	    return pos_type(off_type(-1));
  3599	  return __sp;
  3600	}
  3601	
  3602	template <class _Codecvt, class _Elem, class _Tr>
  3603	int wbuffer_convert<_Codecvt, _Elem, _Tr>::sync() {
  3604	  _LIBCPP_SUPPRESS_DEPRECATED_POP
  3605	  if (__cv_ == 0 || !__bufptr_)
  3606	    return 0;
  3607	  if (__cm_ & ios_base::out) {
  3608	    if (this->pptr() != this->pbase())
  3609	      if (overflow() == traits_type::eof())
  3610	        return -1;
  3611	    codecvt_base::result __r;
  3612	    do {
  3613	      char* __extbe;
  3614	      __r                = __cv_->unshift(__st_, __extbuf_, __extbuf_ + __ebs_, __extbe);
  3615	      streamsize __nmemb = static_cast<streamsize>(__extbe - __extbuf_);
  3616	      if (__bufptr_->sputn(__extbuf_, __nmemb) != __nmemb)
  3617	        return -1;
  3618	    } while (__r == codecvt_base::partial);
  3619	    if (__r == codecvt_base::error)
  3620	      return -1;
  3621	    if (__bufptr_->pubsync())
  3622	      return -1;
  3623	  } else if (__cm_ & ios_base::in) {
  3624	    off_type __c;
  3625	    if (__always_noconv_)
  3626	      __c = this->egptr() - this->gptr();
  3627	    else {
  3628	      int __width = __cv_->encoding();
  3629	      __c         = __extbufend_ - __extbufnext_;
  3630	      if (__width > 0)
  3631	        __c += __width * (this->egptr() - this->gptr());
  3632	      else {
  3633	        if (this->gptr() != this->egptr()) {
  3634	          std::reverse(this->gptr(), this->egptr());
  3635	          codecvt_base::result __r;
  3636	          const char_type* __e = this->gptr();
  3637	          char* __extbe;
  3638	          do {
  3639	            __r = __cv_->out(__st_, __e, this->egptr(), __e, __extbuf_, __extbuf_ + __ebs_, __extbe);
  3640	            switch (__r) {
  3641	            case codecvt_base::noconv:
  3642	              __c += this->egptr() - this->gptr();
  3643	              break;
  3644	            case codecvt_base::ok:
  3645	            case codecvt_base::partial:
  3646	              __c += __extbe - __extbuf_;
  3647	              break;
  3648	            default:
  3649	              return -1;
  3650	            }
  3651	          } while (__r == codecvt_base::partial);
  3652	        }
  3653	      }
  3654	    }
  3655	    if (__bufptr_->pubseekoff(-__c, ios_base::cur, __cm_) == pos_type(off_type(-1)))
  3656	      return -1;
  3657	    this->setg(0, 0, 0);
  3658	    __cm_ = 0;
  3659	  }
  3660	  return 0;
  3661	}
  3662	
  3663	_LIBCPP_SUPPRESS_DEPRECATED_PUSH
  3664	template <class _Codecvt, class _Elem, class _Tr>
  3665	bool wbuffer_convert<_Codecvt, _Elem, _Tr>::__read_mode() {
  3666	  if (!(__cm_ & ios_base::in)) {
  3667	    this->setp(0, 0);
  3668	    if (__always_noconv_)
  3669	      this->setg((char_type*)__extbuf_, (char_type*)__extbuf_ + __ebs_, (char_type*)__extbuf_ + __ebs_);
  3670	    else
  3671	      this->setg(__intbuf_, __intbuf_ + __ibs_, __intbuf_ + __ibs_);
  3672	    __cm_ = ios_base::in;
  3673	    return true;
  3674	  }
  3675	  return false;
  3676	}
  3677	
  3678	template <class _Codecvt, class _Elem, class _Tr>
  3679	void wbuffer_convert<_Codecvt, _Elem, _Tr>::__write_mode() {
  3680	  if (!(__cm_ & ios_base::out)) {
  3681	    this->setg(0, 0, 0);
  3682	    if (__ebs_ > sizeof(__extbuf_min_)) {
  3683	      if (__always_noconv_)
  3684	        this->setp((char_type*)__extbuf_, (char_type*)__extbuf_ + (__ebs_ - 1));
  3685	      else
  3686	        this->setp(__intbuf_, __intbuf_ + (__ibs_ - 1));
  3687	    } else
  3688	      this->setp(0, 0);
  3689	    __cm_ = ios_base::out;
  3690	  }
  3691	}
  3692	
  3693	template <class _Codecvt, class _Elem, class _Tr>
  3694	wbuffer_convert<_Codecvt, _Elem, _Tr>* wbuffer_convert<_Codecvt, _Elem, _Tr>::__close() {
  3695	  wbuffer_convert* __rt = nullptr;
  3696	  if (__cv_ != nullptr && __bufptr_ != nullptr) {
  3697	    __rt = this;
  3698	    if ((__cm_ & ios_base::out) && sync())
  3699	      __rt = nullptr;
  3700	  }
  3701	  return __rt;
  3702	}
  3703	
  3704	_LIBCPP_SUPPRESS_DEPRECATED_POP
  3705	
  3706	_LIBCPP_END_NAMESPACE_STD
  3707	
  3708	_LIBCPP_POP_MACROS
  3709	
  3710	// NOLINTEND(libcpp-robust-against-adl)
  3711	
  3712	#endif // !defined(_LIBCPP_HAS_NO_LOCALIZATION)
  3713	
  3714	#if !defined(_LIBCPP_REMOVE_TRANSITIVE_INCLUDES)
  3715	#  include <__cxx03/atomic>
  3716	#  include <__cxx03/cstdarg>
  3717	#  include <__cxx03/iterator>
  3718	#  include <__cxx03/mutex>
  3719	#  include <__cxx03/stdexcept>
  3720	#  include <__cxx03/type_traits>
