qemu=/usr/bin/qemu-arm-static
===== /home/toolchain/development/libc++_replacement/tmp/GBS-ROOT/R94-with-override-armv7l/local/BUILD-ROOTS/scratch.armv7l.0/usr/bin/armv7l-tizen-linux-gnueabi-gcc =====
armv7l-tizen-linux-gnueabi-gcc (Tizen GCC 14.2.0 20240801 4.13) 14.2.0
Copyright (C) 2024 Free Software Foundation, Inc.
This is free software; see the source for copying conditions.  There is NO
warranty; not even for MERCHANTABILITY or FITNESS FOR A PARTICULAR PURPOSE.

version_rc=0
===== /home/toolchain/development/libc++_replacement/tmp/GBS-ROOT/R94-with-override-armv7l/local/BUILD-ROOTS/scratch.armv7l.0/usr/bin/armv7l-tizen-linux-gnueabi-g++ =====
armv7l-tizen-linux-gnueabi-g++ (Tizen GCC 14.2.0 20240801 4.13) 14.2.0
Copyright (C) 2024 Free Software Foundation, Inc.
This is free software; see the source for copying conditions.  There is NO
warranty; not even for MERCHANTABILITY or FITNESS FOR A PARTICULAR PURPOSE.

version_rc=0
===== /home/toolchain/development/libc++_replacement/tmp/GBS-ROOT/R94-with-override-armv7l/local/BUILD-ROOTS/scratch.armv7l.0/usr/bin/armv7l-tizen-linux-gnueabi-clang =====
clang version 22.1.8
Target: armv7l-tizen-linux-gnueabi
Thread model: posix
InstalledDir: /home/toolchain/development/libc++_replacement/tmp/GBS-ROOT/R94-with-override-armv7l/local/BUILD-ROOTS/scratch.armv7l.0/usr/bin
Configuration file: /home/toolchain/development/libc++_replacement/tmp/GBS-ROOT/R94-with-override-armv7l/local/BUILD-ROOTS/scratch.armv7l.0/usr/bin/clang.cfg
version_rc=0
===== /home/toolchain/development/libc++_replacement/tmp/GBS-ROOT/R94-with-override-armv7l/local/BUILD-ROOTS/scratch.armv7l.0/usr/bin/armv7l-tizen-linux-gnueabi-clang++ =====
clang version 22.1.8
Target: armv7l-tizen-linux-gnueabi
Thread model: posix
InstalledDir: /home/toolchain/development/libc++_replacement/tmp/GBS-ROOT/R94-with-override-armv7l/local/BUILD-ROOTS/scratch.armv7l.0/usr/bin
Configuration file: /home/toolchain/development/libc++_replacement/tmp/GBS-ROOT/R94-with-override-armv7l/local/BUILD-ROOTS/scratch.armv7l.0/usr/bin/clang++.cfg
version_rc=0
[GCC without rtlib]
gcc_plain_rc=1
[GCC with rtlib]
gcc_rtlib_rc=1
[Clang with rtlib]
clang_rtlib_rc=0
[Clang++ with rtlib]
clangxx_rtlib_rc=0
[version-string detector]
/home/toolchain/development/libc++_replacement/tmp/GBS-ROOT/R94-with-override-armv7l/local/BUILD-ROOTS/scratch.armv7l.0/usr/bin/armv7l-tizen-linux-gnueabi-gcc => not_clang; first_line=
/home/toolchain/development/libc++_replacement/tmp/GBS-ROOT/R94-with-override-armv7l/local/BUILD-ROOTS/scratch.armv7l.0/usr/bin/armv7l-tizen-linux-gnueabi-clang => clang; first_line=
