{
  "side": "cxx",
  "object": "/home/toolchain/development/libcxx_runtime_validation/tmp/P12/build_P13/vector_gnu_to_cxx_back.o",
  "before_sha256": "98de069f4c5a2b1ca97e2857701db16a514c3531a889d1b71d0f4afc2ecd0260",
  "after_sha256": "4e2c5b9f55be332c72b9608df00a8eaa1c20c533d22fdaeccff4d9ff01d36943",
  "runtime_sha256": {
    "/home/toolchain/development/libcxx_runtime_validation/tmp/IMPL_0908/build-native/lib/libc++.so.1": "e3560a240739c47a1c2eca462e9ad14bdd7877889a4c249e73e1b9998e27c513",
    "/home/toolchain/development/libcxx_runtime_validation/tmp/IMPL_0908/build-native/lib/libc++abi.so.1": "143789a5384dd522db4ede6ccd17147164f6242f6727d09e1297ca1862166902"
  },
  "mapping": {
    "DW.ref.__gxx_personality_v0": "DW.ref.__gxx_personality_v0.p13_cxx",
    "_ZN10p12_loader7resolveERNS_5StateEPKcS3_": "_ZN10p12_loader7resolveERNS_5StateEPKcS3_.p13_cxx",
    "_ZTISt12length_error": "_ZTISt12length_error@LLVM_22",
    "_ZTISt16invalid_argument": "_ZTISt16invalid_argument@LLVM_22",
    "_ZTISt9bad_alloc": "_ZTISt9bad_alloc@LLVM_22",
    "_ZTISt9exception": "_ZTISt9exception@LLVM_22",
    "_ZdlPvm": "_ZdlPvm@LLVM_22",
    "_Znwm": "_Znwm@LLVM_22",
    "__cxa_begin_catch": "__cxa_begin_catch@LLVM_22",
    "__cxa_end_catch": "__cxa_end_catch@LLVM_22",
    "__gxx_personality_v0": "__gxx_personality_v0@LLVM_22"
  },
  "command": [
    "objcopy",
    "--redefine-sym",
    "DW.ref.__gxx_personality_v0=DW.ref.__gxx_personality_v0.p13_cxx",
    "--redefine-sym",
    "_ZN10p12_loader7resolveERNS_5StateEPKcS3_=_ZN10p12_loader7resolveERNS_5StateEPKcS3_.p13_cxx",
    "--redefine-sym",
    "_ZTISt12length_error=_ZTISt12length_error@LLVM_22",
    "--redefine-sym",
    "_ZTISt16invalid_argument=_ZTISt16invalid_argument@LLVM_22",
    "--redefine-sym",
    "_ZTISt9bad_alloc=_ZTISt9bad_alloc@LLVM_22",
    "--redefine-sym",
    "_ZTISt9exception=_ZTISt9exception@LLVM_22",
    "--redefine-sym",
    "_ZdlPvm=_ZdlPvm@LLVM_22",
    "--redefine-sym",
    "_Znwm=_Znwm@LLVM_22",
    "--redefine-sym",
    "__cxa_begin_catch=__cxa_begin_catch@LLVM_22",
    "--redefine-sym",
    "__cxa_end_catch=__cxa_end_catch@LLVM_22",
    "--redefine-sym",
    "__gxx_personality_v0=__gxx_personality_v0@LLVM_22",
    "/home/toolchain/development/libcxx_runtime_validation/tmp/P12/build_P13/vector_gnu_to_cxx_back.o"
  ],
  "exit": 0
}
