555592609000-55559262a000 rw-p 00000000 00:00 0                          [heap]
7b7f20cf2000-7b7f20cf4000 rw-p 00000000 00:00 0 
7b7f20cf4000-7b7f20cf6000 r--p 00000000 103:01 24643894                  /usr/lib/x86_64-linux-gnu/libatomic.so.1.2.0
7b7f20cf6000-7b7f20cfa000 r-xp 00002000 103:01 24643894                  /usr/lib/x86_64-linux-gnu/libatomic.so.1.2.0
7b7f20cfa000-7b7f20cfc000 r--p 00006000 103:01 24643894                  /usr/lib/x86_64-linux-gnu/libatomic.so.1.2.0
7b7f20cfc000-7b7f20cfd000 r--p 00007000 103:01 24643894                  /usr/lib/x86_64-linux-gnu/libatomic.so.1.2.0
7b7f20cfd000-7b7f20cfe000 rw-p 00008000 103:01 24643894                  /usr/lib/x86_64-linux-gnu/libatomic.so.1.2.0
7b7f20cfe000-7b7f20cff000 rw-p 00000000 00:00 0 
7b7f20d06000-7b7f20d07000 r-xp 00000000 08:01 68734969                   /home/toolchain/development/libcxx_runtime_validation/tmp/P12/build_P13/vector_provider_gnu.so
7b7f20d07000-7b7f20d08000 r--p 00000000 08:01 68734969                   /home/toolchain/development/libcxx_runtime_validation/tmp/P12/build_P13/vector_provider_gnu.so
7b7f20d08000-7b7f20d09000 rw-p 00001000 08:01 68734969                   /home/toolchain/development/libcxx_runtime_validation/tmp/P12/build_P13/vector_provider_gnu.so
7b7f20d09000-7b7f20d0b000 r-xp 00000000 08:01 68734981                   /home/toolchain/development/libcxx_runtime_validation/tmp/P12/build_P13/vector_cxx_to_gnu.so
7b7f20d0b000-7b7f20d0c000 r--p 00001000 08:01 68734981                   /home/toolchain/development/libcxx_runtime_validation/tmp/P12/build_P13/vector_cxx_to_gnu.so
7b7f20d0c000-7b7f20d0d000 rw-p 00002000 08:01 68734981                   /home/toolchain/development/libcxx_runtime_validation/tmp/P12/build_P13/vector_cxx_to_gnu.so
7b7f20d0d000-7b7f20d10000 rw-p 00000000 00:00 0 
7b7f20d10000-7b7f20d38000 r--p 00000000 08:01 23608330                   /home/toolchain/development/libc++_replacement/tmp/R11/extracted/bb/bb95acf2989fecd8ed536d259eb6ce43109882f58a219adcd440fd826537dda7/lib64/libc.so.6
7b7f20d38000-7b7f20e88000 r-xp 00028000 08:01 23608330                   /home/toolchain/development/libc++_replacement/tmp/R11/extracted/bb/bb95acf2989fecd8ed536d259eb6ce43109882f58a219adcd440fd826537dda7/lib64/libc.so.6
7b7f20e88000-7b7f20ede000 r--p 00178000 08:01 23608330                   /home/toolchain/development/libc++_replacement/tmp/R11/extracted/bb/bb95acf2989fecd8ed536d259eb6ce43109882f58a219adcd440fd826537dda7/lib64/libc.so.6
7b7f20ede000-7b7f20ee2000 r--p 001ce000 08:01 23608330                   /home/toolchain/development/libc++_replacement/tmp/R11/extracted/bb/bb95acf2989fecd8ed536d259eb6ce43109882f58a219adcd440fd826537dda7/lib64/libc.so.6
7b7f20ee2000-7b7f20ee4000 rw-p 001d2000 08:01 23608330                   /home/toolchain/development/libc++_replacement/tmp/R11/extracted/bb/bb95acf2989fecd8ed536d259eb6ce43109882f58a219adcd440fd826537dda7/lib64/libc.so.6
7b7f20ee4000-7b7f20eec000 rw-p 00000000 00:00 0 
7b7f20eec000-7b7f20eed000 r--p 00000000 08:01 23608461                   /home/toolchain/development/libc++_replacement/tmp/R11/extracted/bb/bb95acf2989fecd8ed536d259eb6ce43109882f58a219adcd440fd826537dda7/lib64/libpthread.so.0
7b7f20eed000-7b7f20eee000 r-xp 00001000 08:01 23608461                   /home/toolchain/development/libc++_replacement/tmp/R11/extracted/bb/bb95acf2989fecd8ed536d259eb6ce43109882f58a219adcd440fd826537dda7/lib64/libpthread.so.0
7b7f20eee000-7b7f20eef000 r--p 00002000 08:01 23608461                   /home/toolchain/development/libc++_replacement/tmp/R11/extracted/bb/bb95acf2989fecd8ed536d259eb6ce43109882f58a219adcd440fd826537dda7/lib64/libpthread.so.0
7b7f20eef000-7b7f20ef0000 r--p 00002000 08:01 23608461                   /home/toolchain/development/libc++_replacement/tmp/R11/extracted/bb/bb95acf2989fecd8ed536d259eb6ce43109882f58a219adcd440fd826537dda7/lib64/libpthread.so.0
7b7f20ef0000-7b7f20ef1000 rw-p 00003000 08:01 23608461                   /home/toolchain/development/libc++_replacement/tmp/R11/extracted/bb/bb95acf2989fecd8ed536d259eb6ce43109882f58a219adcd440fd826537dda7/lib64/libpthread.so.0
7b7f20ef1000-7b7f20ef5000 r--p 00000000 08:01 23621385                   /home/toolchain/development/libc++_replacement/tmp/R11/extracted/fe/fe622fb74e245c939c61ea5cca98dcbfc342fa7e12b1de0d8602be19ed35c441/usr/lib64/libgcc_s.so.1
7b7f20ef5000-7b7f20f18000 r-xp 00004000 08:01 23621385                   /home/toolchain/development/libc++_replacement/tmp/R11/extracted/fe/fe622fb74e245c939c61ea5cca98dcbfc342fa7e12b1de0d8602be19ed35c441/usr/lib64/libgcc_s.so.1
7b7f20f18000-7b7f20f1c000 r--p 00027000 08:01 23621385                   /home/toolchain/development/libc++_replacement/tmp/R11/extracted/fe/fe622fb74e245c939c61ea5cca98dcbfc342fa7e12b1de0d8602be19ed35c441/usr/lib64/libgcc_s.so.1
7b7f20f1c000-7b7f20f1d000 rw-p 0002b000 08:01 23621385                   /home/toolchain/development/libc++_replacement/tmp/R11/extracted/fe/fe622fb74e245c939c61ea5cca98dcbfc342fa7e12b1de0d8602be19ed35c441/usr/lib64/libgcc_s.so.1
7b7f20f1d000-7b7f20f2d000 r--p 00000000 08:01 23608339                   /home/toolchain/development/libc++_replacement/tmp/R11/extracted/bb/bb95acf2989fecd8ed536d259eb6ce43109882f58a219adcd440fd826537dda7/lib64/libm.so.6
7b7f20f2d000-7b7f20fa3000 r-xp 00010000 08:01 23608339                   /home/toolchain/development/libc++_replacement/tmp/R11/extracted/bb/bb95acf2989fecd8ed536d259eb6ce43109882f58a219adcd440fd826537dda7/lib64/libm.so.6
7b7f20fa3000-7b7f20ffe000 r--p 00086000 08:01 23608339                   /home/toolchain/development/libc++_replacement/tmp/R11/extracted/bb/bb95acf2989fecd8ed536d259eb6ce43109882f58a219adcd440fd826537dda7/lib64/libm.so.6
7b7f20ffe000-7b7f20fff000 r--p 000e0000 08:01 23608339                   /home/toolchain/development/libc++_replacement/tmp/R11/extracted/bb/bb95acf2989fecd8ed536d259eb6ce43109882f58a219adcd440fd826537dda7/lib64/libm.so.6
7b7f20fff000-7b7f21000000 rw-p 000e1000 08:01 23608339                   /home/toolchain/development/libc++_replacement/tmp/R11/extracted/bb/bb95acf2989fecd8ed536d259eb6ce43109882f58a219adcd440fd826537dda7/lib64/libm.so.6
7b7f21000000-7b7f210a5000 r--p 00000000 08:01 23622988                   /home/toolchain/development/libc++_replacement/tmp/R11/extracted/b8/b8155206a459a575f0f701c66a553cd2029728963fa3938768131e9028e4ee6b/usr/lib64/libstdc++.so.6.0.33
7b7f210a5000-7b7f211cd000 r-xp 000a5000 08:01 23622988                   /home/toolchain/development/libc++_replacement/tmp/R11/extracted/b8/b8155206a459a575f0f701c66a553cd2029728963fa3938768131e9028e4ee6b/usr/lib64/libstdc++.so.6.0.33
7b7f211cd000-7b7f21254000 r--p 001cd000 08:01 23622988                   /home/toolchain/development/libc++_replacement/tmp/R11/extracted/b8/b8155206a459a575f0f701c66a553cd2029728963fa3938768131e9028e4ee6b/usr/lib64/libstdc++.so.6.0.33
7b7f21254000-7b7f2125f000 r--p 00254000 08:01 23622988                   /home/toolchain/development/libc++_replacement/tmp/R11/extracted/b8/b8155206a459a575f0f701c66a553cd2029728963fa3938768131e9028e4ee6b/usr/lib64/libstdc++.so.6.0.33
7b7f2125f000-7b7f21262000 rw-p 0025f000 08:01 23622988                   /home/toolchain/development/libc++_replacement/tmp/R11/extracted/b8/b8155206a459a575f0f701c66a553cd2029728963fa3938768131e9028e4ee6b/usr/lib64/libstdc++.so.6.0.33
7b7f21262000-7b7f21266000 rw-p 00000000 00:00 0 
7b7f21267000-7b7f21269000 rw-p 00000000 00:00 0 
7b7f21269000-7b7f2126a000 r--p 00000000 08:01 23608338                   /home/toolchain/development/libc++_replacement/tmp/R11/extracted/bb/bb95acf2989fecd8ed536d259eb6ce43109882f58a219adcd440fd826537dda7/lib64/libdl.so.2
7b7f2126a000-7b7f2126b000 r-xp 00001000 08:01 23608338                   /home/toolchain/development/libc++_replacement/tmp/R11/extracted/bb/bb95acf2989fecd8ed536d259eb6ce43109882f58a219adcd440fd826537dda7/lib64/libdl.so.2
7b7f2126b000-7b7f2126c000 r--p 00002000 08:01 23608338                   /home/toolchain/development/libc++_replacement/tmp/R11/extracted/bb/bb95acf2989fecd8ed536d259eb6ce43109882f58a219adcd440fd826537dda7/lib64/libdl.so.2
7b7f2126c000-7b7f2126d000 r--p 00002000 08:01 23608338                   /home/toolchain/development/libc++_replacement/tmp/R11/extracted/bb/bb95acf2989fecd8ed536d259eb6ce43109882f58a219adcd440fd826537dda7/lib64/libdl.so.2
7b7f2126d000-7b7f2126e000 rw-p 00003000 08:01 23608338                   /home/toolchain/development/libc++_replacement/tmp/R11/extracted/bb/bb95acf2989fecd8ed536d259eb6ce43109882f58a219adcd440fd826537dda7/lib64/libdl.so.2
7b7f2126e000-7b7f2127f000 r--p 00000000 08:01 72160044                   /home/toolchain/development/libcxx_runtime_validation/tmp/IMPL_0908/build-native/lib/libc++abi.so.1.0
7b7f2127f000-7b7f2129c000 r-xp 00011000 08:01 72160044                   /home/toolchain/development/libcxx_runtime_validation/tmp/IMPL_0908/build-native/lib/libc++abi.so.1.0
7b7f2129c000-7b7f212a6000 r--p 0002e000 08:01 72160044                   /home/toolchain/development/libcxx_runtime_validation/tmp/IMPL_0908/build-native/lib/libc++abi.so.1.0
7b7f212a6000-7b7f212ab000 r--p 00038000 08:01 72160044                   /home/toolchain/development/libcxx_runtime_validation/tmp/IMPL_0908/build-native/lib/libc++abi.so.1.0
7b7f212ab000-7b7f212ac000 rw-p 0003d000 08:01 72160044                   /home/toolchain/development/libcxx_runtime_validation/tmp/IMPL_0908/build-native/lib/libc++abi.so.1.0
7b7f212ac000-7b7f212e8000 r--p 00000000 08:01 72160099                   /home/toolchain/development/libcxx_runtime_validation/tmp/IMPL_0908/build-native/lib/libc++.so.1.0
7b7f212e8000-7b7f21362000 r-xp 0003c000 08:01 72160099                   /home/toolchain/development/libcxx_runtime_validation/tmp/IMPL_0908/build-native/lib/libc++.so.1.0
7b7f21362000-7b7f213a5000 r--p 000b6000 08:01 72160099                   /home/toolchain/development/libcxx_runtime_validation/tmp/IMPL_0908/build-native/lib/libc++.so.1.0
7b7f213a5000-7b7f213ac000 r--p 000f8000 08:01 72160099                   /home/toolchain/development/libcxx_runtime_validation/tmp/IMPL_0908/build-native/lib/libc++.so.1.0
7b7f213ac000-7b7f213ad000 rw-p 000ff000 08:01 72160099                   /home/toolchain/development/libcxx_runtime_validation/tmp/IMPL_0908/build-native/lib/libc++.so.1.0
7b7f213ad000-7b7f213ba000 rw-p 00000000 00:00 0 
7b7f213ba000-7b7f213bc000 r-xp 00000000 08:01 68734973                   /home/toolchain/development/libcxx_runtime_validation/tmp/P12/build_P13/vector_app_cxx
7b7f213bc000-7b7f213bd000 r--p 00001000 08:01 68734973                   /home/toolchain/development/libcxx_runtime_validation/tmp/P12/build_P13/vector_app_cxx
7b7f213bd000-7b7f213be000 rw-p 00002000 08:01 68734973                   /home/toolchain/development/libcxx_runtime_validation/tmp/P12/build_P13/vector_app_cxx
7b7f213be000-7b7f213c2000 r--p 00000000 00:00 0                          [vvar]
7b7f213c2000-7b7f213c4000 r--p 00000000 00:00 0                          [vvar_vclock]
7b7f213c4000-7b7f213c6000 r-xp 00000000 00:00 0                          [vdso]
7b7f213c6000-7b7f213c7000 r--p 00000000 08:01 23608327                   /home/toolchain/development/libc++_replacement/tmp/R11/extracted/bb/bb95acf2989fecd8ed536d259eb6ce43109882f58a219adcd440fd826537dda7/lib64/ld-linux-x86-64.so.2
7b7f213c7000-7b7f213f4000 r-xp 00001000 08:01 23608327                   /home/toolchain/development/libc++_replacement/tmp/R11/extracted/bb/bb95acf2989fecd8ed536d259eb6ce43109882f58a219adcd440fd826537dda7/lib64/ld-linux-x86-64.so.2
7b7f213f4000-7b7f21400000 r--p 0002e000 08:01 23608327                   /home/toolchain/development/libc++_replacement/tmp/R11/extracted/bb/bb95acf2989fecd8ed536d259eb6ce43109882f58a219adcd440fd826537dda7/lib64/ld-linux-x86-64.so.2
7b7f21400000-7b7f21402000 r--p 0003a000 08:01 23608327                   /home/toolchain/development/libc++_replacement/tmp/R11/extracted/bb/bb95acf2989fecd8ed536d259eb6ce43109882f58a219adcd440fd826537dda7/lib64/ld-linux-x86-64.so.2
7b7f21402000-7b7f21404000 rw-p 0003c000 08:01 23608327                   /home/toolchain/development/libc++_replacement/tmp/R11/extracted/bb/bb95acf2989fecd8ed536d259eb6ce43109882f58a219adcd440fd826537dda7/lib64/ld-linux-x86-64.so.2
7ffd191c4000-7ffd191e6000 rw-p 00000000 00:00 0                          [stack]
ffffffffff600000-ffffffffff601000 --xp 00000000 00:00 0                  [vsyscall]
MAP_ASSERT gnu=1 cxx=1 entry=1 provider=1
CASE=0 INSTANCE=100 LENGTH=0 EXACT=1 RESET=1
CASE=1 INSTANCE=101 LENGTH=1 EXACT=1 RESET=1
CASE=2 INSTANCE=102 LENGTH=1 EXACT=1 RESET=1
CASE=3 INSTANCE=103 LENGTH=256 EXACT=1 RESET=1
CASE=4 INSTANCE=104 LENGTH=65536 EXACT=1 RESET=1
CASE=5 INSTANCE=105 LENGTH=6 EXACT=1 RESET=1
CASE=6 INSTANCE=106 LENGTH=3 EXACT=1 RESET=1
CASE=7 INSTANCE=107 LENGTH=0 EXACT=1 RESET=1
SUMMARY EXACT=8/8 DESTROYED=8/8
