PWD=/home/toolchain/development/libc++_replacement
COMMAND=bash -lc $'\nset -e\nprintf "%s\\n" "# libcynara-commons status"\ngit -C codes/libcynara-commons status --porcelain\nprintf "%s\\n" "# libcynara-commons diff"\ngit -C codes/libcynara-commons diff --no-ext-diff -- src/common/exceptions/TryCatch.h\nprintf "%s\\n" "# security-manager status"\ngit -C codes/security-manager status --porcelain\nprintf "%s\\n" "# security-manager diff"\ngit -C codes/security-manager diff --no-ext-diff -- src/common/include/utils.h\nprintf "%s\\n" "# postpatch hashes"\nsha256sum codes/libcynara-commons/src/common/exceptions/TryCatch.h codes/security-manager/src/common/include/utils.h\n' 
# libcynara-commons status
 M src/common/exceptions/TryCatch.h
# libcynara-commons diff
diff --git a/src/common/exceptions/TryCatch.h b/src/common/exceptions/TryCatch.h
index 8eac4e1..ea0c529 100644
--- a/src/common/exceptions/TryCatch.h
+++ b/src/common/exceptions/TryCatch.h
@@ -62,6 +62,7 @@ int tryCatch(F &&f) {
     } catch (const std::exception &e) {
         LOGE_NOTHROW("%s", e.what());
         return CYNARA_API_UNKNOWN_ERROR;
+#if defined(__GLIBCXX__)
     } catch (const abi::__forced_unwind &) {
         /**
          * workaround for pthread_cancel, which cancels thread using this exception
@@ -69,6 +70,7 @@ int tryCatch(F &&f) {
          */
         LOGD_NOTHROW("We are 'gracefully' stopped by pthread_cancel");
         throw;
+#endif
     } catch (...) {
         LOGE_NOTHROW("Unexpected exception");
         return CYNARA_API_UNKNOWN_ERROR;
# security-manager status
 M src/common/include/utils.h
# security-manager diff
diff --git a/src/common/include/utils.h b/src/common/include/utils.h
index 9bc66196..aa5c638d 100644
--- a/src/common/include/utils.h
+++ b/src/common/include/utils.h
@@ -67,8 +67,10 @@ template <class F>
 int try_catch(F &&f) {
     try {
         return std::forward<F>(f)();
+#if defined(__GLIBCXX__)
     } catch (abi::__forced_unwind &) {
         throw;
+#endif
     } catch (const Exception &e) {
         LogError("SecurityManager::Exception " << e.DumpToString());
         std::cerr << "SecurityManager::Exception " << e.DumpToString() << std::endl;
# postpatch hashes
562266f5952c21938a5dd9fa7e77282f3dfdc8cf1e1a61cc5808bf95fabad61d  codes/libcynara-commons/src/common/exceptions/TryCatch.h
311caa4e4cc528325da08a742c16a9d4d68c17857216e1a45acb86f8cd37995a  codes/security-manager/src/common/include/utils.h
EXIT_CODE=0
