PWD=/home/toolchain/development/libc++_replacement
COMMAND=bash -lc $'\nset -e\nroot=tmp/GBS-ROOT/R30-baseline-libcynara-armv7l-20260812-02\nout=artifacts/R30/baseline/libcynara-commons/armv7l\nmkdir -p "$out/RPMS" "$out/SRPMS" "$out/logs" "$out/config"\ncp -a "$root/local/repos/tizen_unified_standard/armv7l/RPMS/." "$out/RPMS/"\ncp -a "$root/local/repos/tizen_unified_standard/armv7l/SRPMS/." "$out/SRPMS/"\ncp -a "$root/local/repos/tizen_unified_standard/armv7l/logs/success/." "$out/logs/"\ncp -a artifacts/rebuild_2218_c2/armv7l/gbs_llvm.conf artifacts/rebuild_2218_c2/armv7l/tizen_unified_standard.conf "$out/config/"\ncp -a "$root/RETIRED_SINGLE_USE" "$out/"\nfind "$out" -type f -print0 | sort -z | xargs -0 sha256sum\n' 
3efdd3c0e114c4a7922c4e256204d870e23db771d812731cd9e3846474a3bae8  artifacts/R30/baseline/libcynara-commons/armv7l/RETIRED_SINGLE_USE
cb4d94ee0027ec04c6d5613c7cf06594b3cbb4d7af512d84d022c2eee57a159a  artifacts/R30/baseline/libcynara-commons/armv7l/RPMS/cyad-0.26.0-1.armv7l.rpm
a5fe5b95479635bf52483a82d7a3c061e427d68ef021e07540b014d5dcc17724  artifacts/R30/baseline/libcynara-commons/armv7l/RPMS/cyad-debuginfo-0.26.0-1.armv7l.rpm
191adc91aecf06a90e82000e9c7dbe44e79247037554249a73289e87042f6af4  artifacts/R30/baseline/libcynara-commons/armv7l/RPMS/cynara-commons-tests-0.26.0-1.armv7l.rpm
3bbd86c0674414e42cea09db135268dbe71952662904feef6f08b8a4dd7d3564  artifacts/R30/baseline/libcynara-commons/armv7l/RPMS/cynara-commons-tests-debuginfo-0.26.0-1.armv7l.rpm
a74e1a48da43b5a0fd091ed47a9bcf16c2115cd12f931c5fdcd237afbe3d9c6d  artifacts/R30/baseline/libcynara-commons/armv7l/RPMS/cynara-db-migration-0.26.0-1.armv7l.rpm
36e0e2b8ea752eab15f91626fa3e3721d67127d6266ce2c82421043fad6bae79  artifacts/R30/baseline/libcynara-commons/armv7l/RPMS/cynara-db-migration-debuginfo-0.26.0-1.armv7l.rpm
8fcdddacc88cbaecf9a93e576a3edd81632b971935b2ea298acf927974cff5ae  artifacts/R30/baseline/libcynara-commons/armv7l/RPMS/cynara-devel-0.26.0-1.armv7l.rpm
297fd5cefb551437a4dec60f6c3a778bfd05d3be7e343adb4beff1fc56f4f2cc  artifacts/R30/baseline/libcynara-commons/armv7l/RPMS/libcynara-admin-0.26.0-1.armv7l.rpm
3ae0aa6803d5f9b72054097b11fc9b287c326e76609b1d84d118b4b55d27e834  artifacts/R30/baseline/libcynara-commons/armv7l/RPMS/libcynara-admin-debuginfo-0.26.0-1.armv7l.rpm
d90a1068e45b213b02b014c57479887f4c1f9165ed2c4e77d64ca551dcd7792e  artifacts/R30/baseline/libcynara-commons/armv7l/RPMS/libcynara-agent-0.26.0-1.armv7l.rpm
9e822722a70228862f56aa2d685d67c92614b369df3d4c705543cc3eb17531a4  artifacts/R30/baseline/libcynara-commons/armv7l/RPMS/libcynara-agent-debuginfo-0.26.0-1.armv7l.rpm
23385d3d3ab00a7c1533dd2ebddf63bce5173727b3f95039948605f6e5b985f8  artifacts/R30/baseline/libcynara-commons/armv7l/RPMS/libcynara-client-0.26.0-1.armv7l.rpm
09d3120079c2883028c17dec351386567941c985d678822104ffbb7ec8aa73a9  artifacts/R30/baseline/libcynara-commons/armv7l/RPMS/libcynara-client-debuginfo-0.26.0-1.armv7l.rpm
ed13518819f61c58324bb2c379c653daff1f323470d02bec23b6aab4eedd26cc  artifacts/R30/baseline/libcynara-commons/armv7l/RPMS/libcynara-commons-0.26.0-1.armv7l.rpm
1f827ac91aa25052ae536135ac4a4720a62e5e369160b393ccabc3dd3aa225d4  artifacts/R30/baseline/libcynara-commons/armv7l/RPMS/libcynara-commons-debuginfo-0.26.0-1.armv7l.rpm
298c318fc651ae75eb0038d360fdf0bdb7cb11be7eb77d00b88cfc749bc52eb7  artifacts/R30/baseline/libcynara-commons/armv7l/RPMS/libcynara-commons-debugsource-0.26.0-1.armv7l.rpm
a16287b8ce88cc138e3cefd4c34be41f6902b0d8bad2aaa17a748ef338c8824d  artifacts/R30/baseline/libcynara-commons/armv7l/RPMS/libcynara-creds-commons-0.26.0-1.armv7l.rpm
f2e20ce57c1bf6a790c74d4dd49019d145b7ad4c1149b0abf851b91de1b62c43  artifacts/R30/baseline/libcynara-commons/armv7l/RPMS/libcynara-creds-commons-debuginfo-0.26.0-1.armv7l.rpm
dedb95af2de5b021211152bf2589dcf4c4585dd8207ffd1f404541bce77babff  artifacts/R30/baseline/libcynara-commons/armv7l/RPMS/libcynara-creds-pid-0.26.0-1.armv7l.rpm
dc25d7407643bd621d18f702cb6296114d8f5c03a5cb53561843e8894fbde088  artifacts/R30/baseline/libcynara-commons/armv7l/RPMS/libcynara-creds-pid-debuginfo-0.26.0-1.armv7l.rpm
f57286d459044d044d9dd8191c0f09b76bb2f43f5a9472a24263f3667de53d72  artifacts/R30/baseline/libcynara-commons/armv7l/RPMS/libcynara-creds-self-0.26.0-1.armv7l.rpm
771e5b4ca365c26c92e691a31081c3510f5134ca2f73289c9f1e1444742af664  artifacts/R30/baseline/libcynara-commons/armv7l/RPMS/libcynara-creds-self-debuginfo-0.26.0-1.armv7l.rpm
317e4e55e9606d12f926411abf49823fcbc6c0d340cad7e15edd4de99ebbd3af  artifacts/R30/baseline/libcynara-commons/armv7l/RPMS/libcynara-creds-socket-0.26.0-1.armv7l.rpm
5e33c3ce6c6a20286d9d6076b4bf35218ac9c033484360d228e65f676a5019e3  artifacts/R30/baseline/libcynara-commons/armv7l/RPMS/libcynara-creds-socket-debuginfo-0.26.0-1.armv7l.rpm
e53bf975817ab4067505a85de0c211bbcc8a2f520232e7eb754875d95dc760e5  artifacts/R30/baseline/libcynara-commons/armv7l/RPMS/libcynara-monitor-0.26.0-1.armv7l.rpm
fe802fe2e47b2404b1f8e842d4b2cec06b08b37b082bd231e570becab6af7438  artifacts/R30/baseline/libcynara-commons/armv7l/RPMS/libcynara-monitor-debuginfo-0.26.0-1.armv7l.rpm
52ba72a96a522c22dc3488a72e94e370321f7f7c262719df1dc7902cfacd9fcd  artifacts/R30/baseline/libcynara-commons/armv7l/RPMS/libcynara-session-0.26.0-1.armv7l.rpm
2d79966124a41f46c2f813a6b0ed6ea2562f5107fe5ace29bd133eb1a79f93ec  artifacts/R30/baseline/libcynara-commons/armv7l/RPMS/libcynara-session-debuginfo-0.26.0-1.armv7l.rpm
cb13f76c72d1eaa86b16e3c77a3b0a64583aab7fc3e957f569cc0e11f104f22a  artifacts/R30/baseline/libcynara-commons/armv7l/RPMS/libcynara-uid-0.26.0-1.armv7l.rpm
7ba2c6e5eafa27d828fc4935e1dbb26d3c434ea7996fd82d59bc82e4bfbc7da8  artifacts/R30/baseline/libcynara-commons/armv7l/RPMS/libcynara-uid-creds-0.26.0-1.armv7l.rpm
d62c7df80360aba32ce0b2cc591c193d3285026e874a136e675993e062423e67  artifacts/R30/baseline/libcynara-commons/armv7l/RPMS/libcynara-uid-creds-debuginfo-0.26.0-1.armv7l.rpm
a229a58d5669ba89142568d7ea82f1b8dba8a465ed5d5c14ac414dd1c622df13  artifacts/R30/baseline/libcynara-commons/armv7l/RPMS/libcynara-uid-debuginfo-0.26.0-1.armv7l.rpm
25209b7e216bf42012a1c1a26d3801c9e7fe60cc90a3968f475b0fbf2c119b0e  artifacts/R30/baseline/libcynara-commons/armv7l/SRPMS/libcynara-commons-0.26.0-1.src.rpm
8fab16c1ca9db28d45f6b269881af47a71ef3d111d93527b602f57e1e37d49cf  artifacts/R30/baseline/libcynara-commons/armv7l/config/gbs_llvm.conf
9eac0e23968b9bd7dabd463d400f0281d2464815fc2299431052f7b8cfb736a5  artifacts/R30/baseline/libcynara-commons/armv7l/config/tizen_unified_standard.conf
a69cbefbe4eded1adbf598c21cdaad3b41933fc9ed24ac646649aac2f02be997  artifacts/R30/baseline/libcynara-commons/armv7l/logs/libcynara-commons-0.26.0-1/log.txt
EXIT_CODE=0
