COMMAND_BEGIN
bash progress/T3R/commands/03_armv7l_failure_archive.sh
COMMAND_END
OUTPUT_BEGIN
FAILURE_CLASSIFICATION_EVIDENCE
22:gbs:debug: running command: depanneur --arch=armv7l --clean --repository=https://download.tizen.org/snapshots/TIZEN/Tizen/Tizen-Base-Toolchain/reference/repos/standard/packages/ --repository=https://download.tizen.org/snapshots/TIZEN/Tizen/Tizen-Unified-Toolchain/reference/repos/standard/packages/ --dist='tizen_unified_standard' --configdir='/var/tmp/toolchain-gbs' --path='/home/toolchain/development/libc++_replacement' --debug --style=obs --threads=1 --packaging-dir=packaging --spec=libcxx-runtimes.spec
23:info: start building packages from: /home/toolchain/development/libc++_replacement (obs)
663:warning: circle found: gcc->gettext->gcc
664:info: circle found in 389 packages, exit...
673:    raise GbsError('some packages failed to be built')
674:gitbuildsys.errors.GbsError: <gbs>some packages failed to be built
677:EXIT_CODE=1
ARCHIVED_CONFIG_SHA256
8fab16c1ca9db28d45f6b269881af47a71ef3d111d93527b602f57e1e37d49cf  /home/toolchain/development/libc++_replacement/artifacts/rebuild_2218/armv7l/gbs_llvm.conf
9eac0e23968b9bd7dabd463d400f0281d2464815fc2299431052f7b8cfb736a5  /home/toolchain/development/libc++_replacement/artifacts/rebuild_2218/armv7l/tizen_unified_standard.conf
REPOSITORY_SET
10:gbs:debug: fetching https://download.tizen.org/snapshots/TIZEN/Tizen/Tizen-Base-Toolchain/reference/repos/standard/packages/repodata/repomd.xml => /var/tmp/toolchain-gbs/gbscacheqv1yl_k6/repomd.xml
12:gbs:debug: fetching https://download.tizen.org/snapshots/TIZEN/Tizen/Tizen-Base-Toolchain/reference/repos/standard/packages/repodata/repomd.xml => /var/tmp/toolchain-gbs/gbscacheqv1yl_k6/repomd.xml
15:gbs:debug: fetching https://download.tizen.org/snapshots/TIZEN/Tizen/Tizen-Unified-Toolchain/reference/repos/standard/packages/repodata/repomd.xml => /var/tmp/toolchain-gbs/gbscacheqv1yl_k6/repomd.xml
17:gbs:debug: fetching https://download.tizen.org/snapshots/TIZEN/Tizen/Tizen-Unified-Toolchain/reference/repos/standard/packages/repodata/repomd.xml => /var/tmp/toolchain-gbs/gbscacheqv1yl_k6/repomd.xml
22:gbs:debug: running command: depanneur --arch=armv7l --clean --repository=https://download.tizen.org/snapshots/TIZEN/Tizen/Tizen-Base-Toolchain/reference/repos/standard/packages/ --repository=https://download.tizen.org/snapshots/TIZEN/Tizen/Tizen-Unified-Toolchain/reference/repos/standard/packages/ --dist='tizen_unified_standard' --configdir='/var/tmp/toolchain-gbs' --path='/home/toolchain/development/libc++_replacement' --debug --style=obs --threads=1 --packaging-dir=packaging --spec=libcxx-runtimes.spec
570d6910a1d8619c4ffc057c02767760edde893f2f1d4c87716516c3e48e9701  /home/toolchain/development/libc++_replacement/tmp/GBS-ROOT/LIBCXX-2218-armv7l-20260804/RETIRED_SINGLE_USE
arch	build_exit	status	red_class	artifacts	toolchain_resolution	buildroot
armv7l	1	FAILED	UNCLASSIFIED	NONE	NOT_RESOLVED_BEFORE_SINGLE_PACKAGE_BUILDROOT	/tmp/GBS-ROOT/LIBCXX-2218-armv7l-20260804
ARMV7L_FAILURE_ARCHIVE=PASS
OUTPUT_END
EXIT_CODE=0
