7194ea999000-7194ea9aa000 r--p 00000000 08:01 72160044                   /home/toolchain/development/libcxx_runtime_validation/tmp/IMPL_0908/build-native/lib/libc++abi.so.1.0
7194ea9aa000-7194ea9c7000 r-xp 00011000 08:01 72160044                   /home/toolchain/development/libcxx_runtime_validation/tmp/IMPL_0908/build-native/lib/libc++abi.so.1.0
7194ea9c7000-7194ea9d1000 r--p 0002e000 08:01 72160044                   /home/toolchain/development/libcxx_runtime_validation/tmp/IMPL_0908/build-native/lib/libc++abi.so.1.0
7194ea9d1000-7194ea9d6000 r--p 00038000 08:01 72160044                   /home/toolchain/development/libcxx_runtime_validation/tmp/IMPL_0908/build-native/lib/libc++abi.so.1.0
7194ea9d6000-7194ea9d7000 rw-p 0003d000 08:01 72160044                   /home/toolchain/development/libcxx_runtime_validation/tmp/IMPL_0908/build-native/lib/libc++abi.so.1.0
7194ea9d7000-7194eaa13000 r--p 00000000 08:01 72160099                   /home/toolchain/development/libcxx_runtime_validation/tmp/IMPL_0908/build-native/lib/libc++.so.1.0
7194eaa13000-7194eaa8d000 r-xp 0003c000 08:01 72160099                   /home/toolchain/development/libcxx_runtime_validation/tmp/IMPL_0908/build-native/lib/libc++.so.1.0
7194eaa8d000-7194eaad0000 r--p 000b6000 08:01 72160099                   /home/toolchain/development/libcxx_runtime_validation/tmp/IMPL_0908/build-native/lib/libc++.so.1.0
7194eaad0000-7194eaad7000 r--p 000f8000 08:01 72160099                   /home/toolchain/development/libcxx_runtime_validation/tmp/IMPL_0908/build-native/lib/libc++.so.1.0
7194eaad7000-7194eaad8000 rw-p 000ff000 08:01 72160099                   /home/toolchain/development/libcxx_runtime_validation/tmp/IMPL_0908/build-native/lib/libc++.so.1.0
RUNTIME_MAPS cxx=1 abi=1 wrong=0
RUNTIME_IDENTITY=PASS
event=create rc=0
event=worker_ready_observed
event=wait_confirmed
event=joined cancel_rc=0 join_rc=0 canceled=1 frame_cleanup=0 target_unlock=0
event=trylock rc=16 errno_busy=16
event=contender rc=110 errno_busy=16 errno_timeout=110
event=contender_join create_rc=0 join_rc=0 contender_rc=110
event=assert expected=1
