PWD=/home/toolchain/development/libc++_replacement
COMMAND=python3 progress/R27/tools/curate_outputs.py && python3 progress/R27/tools/validate_outputs.py && (cd progress/R27 && sha256sum -c MANIFEST.sha256 >/tmp/r27_progress_manifest_check.log) && (cd docs/progress/R27 && sha256sum -c MANIFEST.sha256 >/tmp/r27_docs_manifest_check.log) && diff -qr --exclude=MANIFEST.sha256 progress/R27 docs/progress/R27 && find docs/progress/R27 -type f -size +5M -print && wc -l progress/R27/tables/seed_providers_75.tsv progress/R27/tables/closure_members.tsv progress/R27/tables/permanent_edges_12.tsv progress/R27/tables/permanent_closure_members.tsv
curated_files=35
analyzer_assertions_all_pass	[]	PASS
closure_summary_75_76_76	['75', '76', '76']	PASS
closure_members_76	76	PASS
only_one_nonseed	['libcynara-commons-0.26.0-1.src.rpm']	PASS
full_graph_1234	1234	PASS
full_graph_partition	Counter({'CXX_SEMANTICS': 1221, 'UNDETERMINED': 13})	PASS
permanent_edges_12_all_vendor_and_CXX	12	PASS
permanent_members_6	6	PASS
permanent_all_in_main_closure	[]	PASS
progress_required_files	[]	PASS
curated_matches_progress	[]	PASS
curated_files_le_5MiB	1266468	PASS
   76 progress/R27/tables/seed_providers_75.tsv
   77 progress/R27/tables/closure_members.tsv
   13 progress/R27/tables/permanent_edges_12.tsv
    7 progress/R27/tables/permanent_closure_members.tsv
  173 total
EXIT_CODE=0
