PWD=/home/toolchain/development/libc++_replacement
COMMAND=bash -lc set\ -e\;\ rpm=tmp/GBS-ROOT/R30-semantic-revised-libcxx-x86_64-20260812-01/local/repos/r30_semantic_libcxx_x86_64/x86_64/RPMS/r30-pthread-cancel-probe-1-1.x86_64.rpm\;\ run=tmp/R30/semantic-run/revised-libcxx-x86_64\;\ root=tmp/GBS-ROOT/R30-semantic-revised-libcxx-x86_64-20260812-01/local/BUILD-ROOTS/scratch.x86_64.0\;\ mkdir\ -p\ \"\$run\"\;\ \(cd\ \"\$run\"\ \&\&\ rpm2cpio\ \"\$OLDPWD/\$rpm\"\ \|\ cpio\ -idmv\)\;\ sha256sum\ \"\$rpm\"\ \"\$run/usr/bin/pthread_cancel_probe\"\;\ readelf\ -dW\ \"\$run/usr/bin/pthread_cancel_probe\"\;\ readelf\ --dyn-syms\ -W\ \"\$run/usr/bin/pthread_cancel_probe\"\ \|\ c++filt\ \|\ rg\ \"UND.\*\(_Unwind\|__cxa_\)\"\ \|\|\ true\;\ printf\ \"%s\\n\"\ \"RUN_COMMAND=\$root/lib64/ld-linux-x86-64.so.2\ --library-path\ \$root/usr/lib64:\$root/lib64\ \$run/usr/bin/pthread_cancel_probe\"\;\ \"\$root/lib64/ld-linux-x86-64.so.2\"\ --library-path\ \"\$root/usr/lib64:\$root/lib64\"\ \"\$run/usr/bin/pthread_cancel_probe\" 
./usr/bin/pthread_cancel_probe
29 blocks
fc1e8ba2ce25ba7f972a1682d6e353f9a0fa9ace29bf0a0aea100b6bd45294aa  tmp/GBS-ROOT/R30-semantic-revised-libcxx-x86_64-20260812-01/local/repos/r30_semantic_libcxx_x86_64/x86_64/RPMS/r30-pthread-cancel-probe-1-1.x86_64.rpm
f6871dafe4d5b36aaf9f8161da8215180e4a7ec28e924cd55e52136146203461  tmp/R30/semantic-run/revised-libcxx-x86_64/usr/bin/pthread_cancel_probe

Dynamic section at offset 0x2dc0 contains 28 entries:
  Tag        Type                         Name/Value
 0x0000000000000001 (NEEDED)             Shared library: [libc++abi.so.1]
 0x0000000000000001 (NEEDED)             Shared library: [libgcc_s.so.1]
 0x0000000000000001 (NEEDED)             Shared library: [libc.so.6]
 0x000000000000000c (INIT)               0x1000
 0x000000000000000d (FINI)               0x1448
 0x0000000000000019 (INIT_ARRAY)         0x3db0
 0x000000000000001b (INIT_ARRAYSZ)       8 (bytes)
 0x000000000000001a (FINI_ARRAY)         0x3db8
 0x000000000000001c (FINI_ARRAYSZ)       8 (bytes)
 0x000000006ffffef5 (GNU_HASH)           0x378
 0x0000000000000005 (STRTAB)             0x580
 0x0000000000000006 (SYMTAB)             0x3a0
 0x000000000000000a (STRSZ)              410 (bytes)
 0x000000000000000b (SYMENT)             24 (bytes)
 0x0000000000000015 (DEBUG)              0x0
 0x0000000000000003 (PLTGOT)             0x3fe8
 0x0000000000000002 (PLTRELSZ)           312 (bytes)
 0x0000000000000014 (PLTREL)             RELA
 0x0000000000000017 (JMPREL)             0x8a0
 0x0000000000000007 (RELA)               0x7c8
 0x0000000000000008 (RELASZ)             216 (bytes)
 0x0000000000000009 (RELAENT)            24 (bytes)
 0x000000006ffffffb (FLAGS_1)            Flags: PIE
 0x000000006ffffffe (VERNEED)            0x748
 0x000000006fffffff (VERNEEDNUM)         3
 0x000000006ffffff0 (VERSYM)             0x71a
 0x000000006ffffff9 (RELACOUNT)          3
 0x0000000000000000 (NULL)               0x0
     9: 0000000000000000     0 FUNC    GLOBAL DEFAULT  UND __cxa_begin_catch@LLVM_22 (5)
    11: 0000000000000000     0 FUNC    GLOBAL DEFAULT  UND __cxa_end_catch@LLVM_22 (5)
    12: 0000000000000000     0 FUNC    GLOBAL DEFAULT  UND __cxa_current_exception_type@LLVM_22 (5)
    15: 0000000000000000     0 FUNC    GLOBAL DEFAULT  UND __cxa_rethrow@LLVM_22 (5)
    18: 0000000000000000     0 FUNC    GLOBAL DEFAULT  UND _Unwind_Resume@GCC_3.0 (6)
    19: 0000000000000000     0 FUNC    WEAK   DEFAULT  UND __cxa_finalize@GLIBC_2.2.5 (4)
RUN_COMMAND=tmp/GBS-ROOT/R30-semantic-revised-libcxx-x86_64-20260812-01/local/BUILD-ROOTS/scratch.x86_64.0/lib64/ld-linux-x86-64.so.2 --library-path tmp/GBS-ROOT/R30-semantic-revised-libcxx-x86_64-20260812-01/local/BUILD-ROOTS/scratch.x86_64.0/usr/lib64:tmp/GBS-ROOT/R30-semantic-revised-libcxx-x86_64-20260812-01/local/BUILD-ROOTS/scratch.x86_64.0/lib64 tmp/R30/semantic-run/revised-libcxx-x86_64/usr/bin/pthread_cancel_probe
libc++abi: terminating due to uncaught foreign exception
EXIT_CODE=134
