===== codes/qb/TIZEN/Tizen/Tizen-Base/project_config =====
bedf413caa4df2c7262408d50e498380f44b4744ee9cfd3e70b5e8c79a334e0f  codes/qb/TIZEN/Tizen/Tizen-Base/project_config
254-Substitute: libgcc_s1-32bit libgcc-32bit
255-%else
256-Substitute: glibc-devel-32bit
257-%endif
258-
259-########## compilation flags ##########
260-%define __global_cflags -O2 -fno-inline-functions -g2 -gdwarf-4 -pipe -Wall -Wp,-D_FORTIFY_SOURCE=2 -fexceptions -fstack-protector-strong -Wformat-security -fmessage-length=0 -frecord-gcc-switches -Wl,-z,relro,--as-needed
261-
262:Optflags: armv7l %{__global_cflags} --param=ssp-buffer-size=4 -march=armv7-a -mtune=cortex-a8 -mlittle-endian -mfpu=neon -mfloat-abi=softfp -mthumb -Wp,-D__SOFTFP__ -Wl,-O1 -Wl,--hash-style=gnu -Wa,-mimplicit-it=thumb -D_FILE_OFFSET_BITS=64
263:Optflags: armv7hl %{__global_cflags} --param=ssp-buffer-size=4 -march=armv7-a -mtune=cortex-a8 -mlittle-endian -mfpu=neon -mfloat-abi=hard -mthumb -Wl,-O1 -Wl,--hash-style=gnu -Wa,-mimplicit-it=thumb -D_FILE_OFFSET_BITS=64
264:Optflags: aarch64 %{__global_cflags} -feliminate-unused-debug-types -Wformat -march=armv8-a+fp+simd+crc+crypto -mtune=cortex-a57.cortex-a53
265:Optflags: i686 %{__global_cflags} -feliminate-unused-debug-types --param=ssp-buffer-size=4 -fdiagnostics-color=never -m32 -march=i686 -mtune=i686 -msse4.2 -mfpmath=sse -fasynchronous-unwind-tables -fno-omit-frame-pointer -mstackrealign -Wl,-z,noseparate-code
266:Optflags: x86_64 %{__global_cflags} -feliminate-unused-debug-types --param=ssp-buffer-size=4 -fdiagnostics-color=never -m64 -march=nehalem -msse4.2 -mfpmath=sse -fasynchronous-unwind-tables -fno-omit-frame-pointer
267:Optflags: riscv64 %{__global_cflags} -feliminate-unused-debug-types -Wformat -mabi=lp64d -march=rv64gc
===== codes/qb/TIZEN/Tizen/Tizen-Unified/project_config =====
079eaa828bfb233bdbf2b69584ae83437451d5d4b254d3527832617c6abaf28c  codes/qb/TIZEN/Tizen/Tizen-Unified/project_config
===== codes/qb/TIZEN/Tizen/Tizen-Base-Toolchain/project_config =====
aa7e0ad85c9decbb5b53f822b2414c1ed4569a2b2b39930c08c3f69e011fa209  codes/qb/TIZEN/Tizen/Tizen-Base-Toolchain/project_config
95-%_with_mlgo 1
96-%mlgo_build_jobs 6
97-%mlgo_verify_configure_only 0
98-:Macros
99-%endif
100-
101-%ifarch armv7l armv7hl
102-Macros:
103:%___optflags_toolchain_gcc --param=ssp-buffer-size=4
104-:Macros
105-%endif
106-%ifarch aarch64 riscv64
107-Macros:
108:%___optflags_toolchain_gcc -feliminate-unused-debug-types
109-:Macros
110-%endif
111-%ifarch i686 x86_64
112-Macros:
113:%___optflags_toolchain_gcc --param=ssp-buffer-size=4 -feliminate-unused-debug-types
114:%___optflags_toolchain_clang -momit-leaf-frame-pointer %{?_with_mlgo:-mllvm=-regalloc-enable-advisor=release -mllvm=-enable-ml-inliner=release}
115-:Macros
116-%endif
117-
118-Macros:
119-# clang utils
120-%__ar_clang llvm-ar
121-%__ranlib_clang llvm-ranlib
122:%__cc_clang %{_host}-clang
123-%__cxx_clang %{_host}-clang++
124:%__optflags_toolchain_clang -Os -fstack-protector -Wno-unused-command-line-argument -Wno-error=unused-but-set-variable -Wno-error=unused-command-line-argument %{?___optflags_toolchain_clang:%{___optflags_toolchain_clang}}
125-
126-# gcc utils
127-%__ar_gcc gcc-ar
128-%__ranlib_gcc gcc-ranlib
129:%__cc_gcc %{_host}-gcc
130-%__cxx_gcc %{_host}-g++
131:%__optflags_toolchain_gcc -O2 -fno-inline-functions -fstack-protector-strong %{?___optflags_toolchain_gcc:%{___optflags_toolchain_gcc}}
132-
133:%_toolchain %{?_toolchain_override}%{!?_toolchain_override:clang}
134:%toolchain_is() %((echo "%_toolchain" | %{__grep} -qE "%{1}") && echo 1 || echo 0)
135-
136:%__ar %{expand:%%{__ar_%{_toolchain}}}
137:%__ranlib %{expand:%%{__ranlib_%{_toolchain}}}
138:%__cc %{expand:%%{__cc_%{_toolchain}}}
139:%__cxx %{expand:%%{__cxx_%{_toolchain}}}
140:%__optflags_toolchain %{expand:%%{__optflags_toolchain_%{_toolchain}}}
141-
142-%prep %%prep\
143-export AR=%{__ar} RANLIB=%{__ranlib};\
144-%{nil}
145-
146-%build %%build\
147-export AR=%{__ar} RANLIB=%{__ranlib};\
148:export CC=%{__cc} CXX=%{__cxx};\
149-%{nil}
150-
151-%install %{?_enable_debug_packages:%{?buildsubdir:%{debug_package}}}\
152-%%install\
153-export AR=%{__ar} RANLIB=%{__ranlib};\
154:export CC=%{__cc} CXX=%{__cxx};\
155-%{nil}
156-:Macros
157-
158-########## targets ##########
159-
160-%ifarch i586
161-Target: i686-tizen-linux
162-%endif
--
320-%ifarch x86_64
321-Substitute: glibc-devel-32bit glibc-devel-32bit glibc-32bit
322-Substitute: libgcc_s1-32bit libgcc-32bit
323-%else
324-Substitute: glibc-devel-32bit
325-%endif
326-
327-########## compilation flags ##########
328:%define __optflags %{__optflags_toolchain} -g2 -gdwarf-4 -pipe -Wall -Wp,-D_FORTIFY_SOURCE=2 -fexceptions -Wformat -Wformat-security -fmessage-length=0 -frecord-gcc-switches
329-
330:Optflags: armv7l %{__optflags} -march=armv7-a -mtune=cortex-a8 -mlittle-endian -mfpu=neon -mfloat-abi=softfp -mthumb -Wp,-D__SOFTFP__ -D_FILE_OFFSET_BITS=64
331:Optflags: armv7hl %{__optflags} -march=armv7-a -mtune=cortex-a8 -mlittle-endian -mfpu=neon -mfloat-abi=hard -mthumb -D_FILE_OFFSET_BITS=64
332:Optflags: aarch64 %{__optflags} -march=armv8-a+fp+simd+crc+crypto -mtune=cortex-a53
333:Optflags: i686 %{__optflags} -fdiagnostics-color=never -m32 -march=i686 -mtune=i686 -msse4.2 -mfpmath=sse -fasynchronous-unwind-tables -fno-omit-frame-pointer -mstackrealign
334:Optflags: x86_64 %{__optflags} -fdiagnostics-color=never -m64 -march=nehalem -msse4.2 -mfpmath=sse -fasynchronous-unwind-tables -fno-omit-frame-pointer
335:Optflags: riscv64 %{__optflags} -mabi=lp64d -march=rv64gc
336-
337-%ifarch armv7l armv7hl
338-Macros:
339-%_ldflags_arch_extra ,-O1,--hash-style=gnu
340-:Macros
341-%endif
342-%ifarch i686
343-Macros:
===== codes/qb/TIZEN/Tizen/Tizen-Unified-Toolchain/project_config =====
a5abe9c7a6dcf2909799e6bbc6cca6349c2fe94d9cf74132db74eebc30f34086  codes/qb/TIZEN/Tizen/Tizen-Unified-Toolchain/project_config
146-
147-Macros:
148-%_with_introspection 1
149-:Macros
150-
151-Macros:
152-%build %%build\
153-export AR=%{__ar} RANLIB=%{__ranlib};\
154:export CC=%{__cc} CXX=%{__cxx};\
155-export MAKEFLAGS+=" -k";\
156-%{nil}
157-:Macros
158-
159-############################# other config #####################################
160-# derived from Tizen:Base
161-################################################################################
