===== tmp/GBS-ROOT/R96-armv7l-gcc-env/local/BUILD-ROOTS/scratch.armv7l.0 =====
root_exists=yes
armv7l-tizen-linux-gnueabi-clang -> clang
armv7l-tizen-linux-gnueabi-clang++ -> clang++
clang-22 -> 
qemu-aarch64 -> 
qemu-aarch64-binfmt -> qemu-binfmt
qemu-aarch64-static -> qemu-aarch64
qemu-aarch64_be -> 
qemu-aarch64_be-binfmt -> qemu-binfmt
qemu-alpha -> 
qemu-alpha-binfmt -> qemu-binfmt
qemu-arm -> 
qemu-arm-binfmt -> qemu-binfmt
qemu-arm-static -> qemu-arm
qemu-arm64 -> qemu-aarch64
qemu-arm64-binfmt -> qemu-aarch64-binfmt
qemu-arm64-static -> 
qemu-armeb -> 
qemu-armeb-binfmt -> qemu-binfmt
qemu-binfmt -> 
qemu-cris-binfmt -> qemu-binfmt
qemu-hexagon -> 
qemu-hexagon-binfmt -> qemu-binfmt
qemu-hppa -> 
qemu-hppa-binfmt -> qemu-binfmt
qemu-i386 -> 
qemu-i386-binfmt -> qemu-binfmt
qemu-loongarch64 -> 
qemu-loongarch64-binfmt -> qemu-binfmt
qemu-m68k -> 
qemu-m68k-binfmt -> qemu-binfmt
qemu-microblaze -> 
qemu-microblaze-binfmt -> qemu-binfmt
qemu-microblazeel -> 
qemu-microblazeel-binfmt -> qemu-binfmt
qemu-mips -> 
qemu-mips-binfmt -> qemu-binfmt
qemu-mips64 -> 
qemu-mips64-binfmt -> qemu-binfmt
qemu-mips64el -> 
qemu-mips64el-binfmt -> qemu-binfmt
qemu-mipsel -> 
qemu-mipsel-binfmt -> qemu-binfmt
qemu-mipsn32 -> 
qemu-mipsn32-binfmt -> qemu-binfmt
qemu-mipsn32el -> 
qemu-mipsn32el-binfmt -> qemu-binfmt
qemu-or1k -> 
qemu-or1k-binfmt -> qemu-binfmt
qemu-ppc -> 
qemu-ppc-binfmt -> qemu-binfmt
qemu-ppc64 -> 
qemu-ppc64-binfmt -> qemu-binfmt
qemu-ppc64le -> 
qemu-ppc64le-binfmt -> qemu-binfmt
qemu-riscv32 -> 
qemu-riscv32-binfmt -> qemu-binfmt
qemu-riscv32-static -> 
qemu-riscv64 -> 
qemu-riscv64-binfmt -> qemu-binfmt
qemu-riscv64-static -> 
qemu-s390x -> 
qemu-s390x-binfmt -> qemu-binfmt
qemu-sh4 -> 
qemu-sh4-binfmt -> qemu-binfmt
qemu-sh4eb -> 
qemu-sh4eb-binfmt -> qemu-binfmt
qemu-sparc -> 
qemu-sparc-binfmt -> qemu-binfmt
qemu-sparc32plus -> 
qemu-sparc32plus-binfmt -> qemu-binfmt
qemu-sparc64 -> 
qemu-sparc64-binfmt -> qemu-binfmt
qemu-x86_64 -> 
qemu-x86_64-binfmt -> qemu-binfmt
qemu-xtensa -> 
qemu-xtensa-binfmt -> qemu-binfmt
qemu-xtensaeb -> 
qemu-xtensaeb-binfmt -> qemu-binfmt
tmp/GBS-ROOT/R96-armv7l-gcc-env/local/BUILD-ROOTS/scratch.armv7l.0/emul/bin: symbolic link to usr/bin
tmp/GBS-ROOT/R96-armv7l-gcc-env/local/BUILD-ROOTS/scratch.armv7l.0/emul/home: directory
tmp/GBS-ROOT/R96-armv7l-gcc-env/local/BUILD-ROOTS/scratch.armv7l.0/emul/lib64: symbolic link to usr/lib64
tmp/GBS-ROOT/R96-armv7l-gcc-env/local/BUILD-ROOTS/scratch.armv7l.0/emul/usr: directory
tmp/GBS-ROOT/R96-armv7l-gcc-env/local/BUILD-ROOTS/scratch.armv7l.0/usr/bin/qemu-aarch64: ELF 64-bit LSB executable, x86-64, version 1 (GNU/Linux), statically linked, BuildID[sha1]=114e98fbf972328a56ba9ebcd69614476ff578f1, for GNU/Linux 4.3.0, not stripped
tmp/GBS-ROOT/R96-armv7l-gcc-env/local/BUILD-ROOTS/scratch.armv7l.0/usr/bin/qemu-aarch64-binfmt: symbolic link to qemu-binfmt
tmp/GBS-ROOT/R96-armv7l-gcc-env/local/BUILD-ROOTS/scratch.armv7l.0/usr/bin/qemu-aarch64-static: symbolic link to qemu-aarch64
tmp/GBS-ROOT/R96-armv7l-gcc-env/local/BUILD-ROOTS/scratch.armv7l.0/usr/bin/qemu-aarch64_be: ELF 64-bit LSB executable, x86-64, version 1 (GNU/Linux), statically linked, BuildID[sha1]=25223c49ef880396899f0a0332efb7a0623b4a98, for GNU/Linux 4.3.0, not stripped
tmp/GBS-ROOT/R96-armv7l-gcc-env/local/BUILD-ROOTS/scratch.armv7l.0/usr/bin/qemu-aarch64_be-binfmt: symbolic link to qemu-binfmt
tmp/GBS-ROOT/R96-armv7l-gcc-env/local/BUILD-ROOTS/scratch.armv7l.0/usr/bin/qemu-alpha: ELF 64-bit LSB executable, x86-64, version 1 (GNU/Linux), statically linked, BuildID[sha1]=5cb99cb814cfc2a599a228a4ff94784872b3a3bd, for GNU/Linux 4.3.0, not stripped
tmp/GBS-ROOT/R96-armv7l-gcc-env/local/BUILD-ROOTS/scratch.armv7l.0/usr/bin/qemu-alpha-binfmt: symbolic link to qemu-binfmt
tmp/GBS-ROOT/R96-armv7l-gcc-env/local/BUILD-ROOTS/scratch.armv7l.0/usr/bin/qemu-arm: ELF 64-bit LSB executable, x86-64, version 1 (GNU/Linux), statically linked, BuildID[sha1]=aa64e2c4456eb2dcf419a405c396447dcc1ffcb5, for GNU/Linux 4.3.0, not stripped
tmp/GBS-ROOT/R96-armv7l-gcc-env/local/BUILD-ROOTS/scratch.armv7l.0/usr/bin/qemu-arm-binfmt: symbolic link to qemu-binfmt
tmp/GBS-ROOT/R96-armv7l-gcc-env/local/BUILD-ROOTS/scratch.armv7l.0/usr/bin/qemu-arm-static: symbolic link to qemu-arm
tmp/GBS-ROOT/R96-armv7l-gcc-env/local/BUILD-ROOTS/scratch.armv7l.0/usr/bin/qemu-arm64: symbolic link to qemu-aarch64
tmp/GBS-ROOT/R96-armv7l-gcc-env/local/BUILD-ROOTS/scratch.armv7l.0/usr/bin/qemu-arm64-binfmt: symbolic link to qemu-aarch64-binfmt
tmp/GBS-ROOT/R96-armv7l-gcc-env/local/BUILD-ROOTS/scratch.armv7l.0/usr/bin/qemu-arm64-static: ELF 64-bit LSB executable, x86-64, version 1 (GNU/Linux), statically linked, BuildID[sha1]=18f2f11a1088d844671854ba5f60d4c12c0a81d0, for GNU/Linux 3.2.0, stripped
tmp/GBS-ROOT/R96-armv7l-gcc-env/local/BUILD-ROOTS/scratch.armv7l.0/usr/bin/qemu-armeb: ELF 64-bit LSB executable, x86-64, version 1 (GNU/Linux), statically linked, BuildID[sha1]=a0af135c26d0500155028be554131880c530a6ad, for GNU/Linux 4.3.0, not stripped
tmp/GBS-ROOT/R96-armv7l-gcc-env/local/BUILD-ROOTS/scratch.armv7l.0/usr/bin/qemu-armeb-binfmt: symbolic link to qemu-binfmt
tmp/GBS-ROOT/R96-armv7l-gcc-env/local/BUILD-ROOTS/scratch.armv7l.0/usr/bin/qemu-binfmt: ELF 64-bit LSB executable, x86-64, version 1 (GNU/Linux), statically linked, BuildID[sha1]=adae345e3117e56a61bdc67eb928ef2523641ef2, for GNU/Linux 4.3.0, not stripped
tmp/GBS-ROOT/R96-armv7l-gcc-env/local/BUILD-ROOTS/scratch.armv7l.0/usr/bin/qemu-cris-binfmt: symbolic link to qemu-binfmt
tmp/GBS-ROOT/R96-armv7l-gcc-env/local/BUILD-ROOTS/scratch.armv7l.0/usr/bin/qemu-hexagon: ELF 64-bit LSB executable, x86-64, version 1 (GNU/Linux), statically linked, BuildID[sha1]=daf3c592c77c51804a86a8bc24eb8a3da3496388, for GNU/Linux 4.3.0, not stripped
tmp/GBS-ROOT/R96-armv7l-gcc-env/local/BUILD-ROOTS/scratch.armv7l.0/usr/bin/qemu-hexagon-binfmt: symbolic link to qemu-binfmt
tmp/GBS-ROOT/R96-armv7l-gcc-env/local/BUILD-ROOTS/scratch.armv7l.0/usr/bin/qemu-hppa: ELF 64-bit LSB executable, x86-64, version 1 (GNU/Linux), statically linked, BuildID[sha1]=cdc3284b09ba99b334fd36cfdbb4835b64503348, for GNU/Linux 4.3.0, not stripped
tmp/GBS-ROOT/R96-armv7l-gcc-env/local/BUILD-ROOTS/scratch.armv7l.0/usr/bin/qemu-hppa-binfmt: symbolic link to qemu-binfmt
tmp/GBS-ROOT/R96-armv7l-gcc-env/local/BUILD-ROOTS/scratch.armv7l.0/usr/bin/qemu-i386: ELF 64-bit LSB executable, x86-64, version 1 (GNU/Linux), statically linked, BuildID[sha1]=bb84a3868e8e239f12fcc275586fe5aaf8626abf, for GNU/Linux 4.3.0, not stripped
tmp/GBS-ROOT/R96-armv7l-gcc-env/local/BUILD-ROOTS/scratch.armv7l.0/usr/bin/qemu-i386-binfmt: symbolic link to qemu-binfmt
tmp/GBS-ROOT/R96-armv7l-gcc-env/local/BUILD-ROOTS/scratch.armv7l.0/usr/bin/qemu-loongarch64: ELF 64-bit LSB executable, x86-64, version 1 (GNU/Linux), statically linked, BuildID[sha1]=b1f63ea1738dd0c7bebd801d2c98bc89cce0c003, for GNU/Linux 4.3.0, not stripped
tmp/GBS-ROOT/R96-armv7l-gcc-env/local/BUILD-ROOTS/scratch.armv7l.0/usr/bin/qemu-loongarch64-binfmt: symbolic link to qemu-binfmt
tmp/GBS-ROOT/R96-armv7l-gcc-env/local/BUILD-ROOTS/scratch.armv7l.0/usr/bin/qemu-m68k: ELF 64-bit LSB executable, x86-64, version 1 (GNU/Linux), statically linked, BuildID[sha1]=007dc1e50db64501a924f065896ac90829005189, for GNU/Linux 4.3.0, not stripped
tmp/GBS-ROOT/R96-armv7l-gcc-env/local/BUILD-ROOTS/scratch.armv7l.0/usr/bin/qemu-m68k-binfmt: symbolic link to qemu-binfmt
tmp/GBS-ROOT/R96-armv7l-gcc-env/local/BUILD-ROOTS/scratch.armv7l.0/usr/bin/qemu-microblaze: ELF 64-bit LSB executable, x86-64, version 1 (GNU/Linux), statically linked, BuildID[sha1]=0d338c27fcde25fc8ebe15cca8e0ddd59cd56e00, for GNU/Linux 4.3.0, not stripped
tmp/GBS-ROOT/R96-armv7l-gcc-env/local/BUILD-ROOTS/scratch.armv7l.0/usr/bin/qemu-microblaze-binfmt: symbolic link to qemu-binfmt
tmp/GBS-ROOT/R96-armv7l-gcc-env/local/BUILD-ROOTS/scratch.armv7l.0/usr/bin/qemu-microblazeel: ELF 64-bit LSB executable, x86-64, version 1 (GNU/Linux), statically linked, BuildID[sha1]=2f73e04bf922f517b4c062d4164fcf00b940a7be, for GNU/Linux 4.3.0, not stripped
tmp/GBS-ROOT/R96-armv7l-gcc-env/local/BUILD-ROOTS/scratch.armv7l.0/usr/bin/qemu-microblazeel-binfmt: symbolic link to qemu-binfmt
tmp/GBS-ROOT/R96-armv7l-gcc-env/local/BUILD-ROOTS/scratch.armv7l.0/usr/bin/qemu-mips: ELF 64-bit LSB executable, x86-64, version 1 (GNU/Linux), statically linked, BuildID[sha1]=0d48f0548969cf7c9cdae37d04fc67de0d89be08, for GNU/Linux 4.3.0, not stripped
tmp/GBS-ROOT/R96-armv7l-gcc-env/local/BUILD-ROOTS/scratch.armv7l.0/usr/bin/qemu-mips-binfmt: symbolic link to qemu-binfmt
tmp/GBS-ROOT/R96-armv7l-gcc-env/local/BUILD-ROOTS/scratch.armv7l.0/usr/bin/qemu-mips64: ELF 64-bit LSB executable, x86-64, version 1 (GNU/Linux), statically linked, BuildID[sha1]=0f640fd736453170414a35703566b69effc94a81, for GNU/Linux 4.3.0, not stripped
tmp/GBS-ROOT/R96-armv7l-gcc-env/local/BUILD-ROOTS/scratch.armv7l.0/usr/bin/qemu-mips64-binfmt: symbolic link to qemu-binfmt
tmp/GBS-ROOT/R96-armv7l-gcc-env/local/BUILD-ROOTS/scratch.armv7l.0/usr/bin/qemu-mips64el: ELF 64-bit LSB executable, x86-64, version 1 (GNU/Linux), statically linked, BuildID[sha1]=318ca9c2a10182af0bcd7f9aab76fded13cc7176, for GNU/Linux 4.3.0, not stripped
tmp/GBS-ROOT/R96-armv7l-gcc-env/local/BUILD-ROOTS/scratch.armv7l.0/usr/bin/qemu-mips64el-binfmt: symbolic link to qemu-binfmt
tmp/GBS-ROOT/R96-armv7l-gcc-env/local/BUILD-ROOTS/scratch.armv7l.0/usr/bin/qemu-mipsel: ELF 64-bit LSB executable, x86-64, version 1 (GNU/Linux), statically linked, BuildID[sha1]=1a40046ed4d0bbfce9db7aec85ee9f0e4be003f8, for GNU/Linux 4.3.0, not stripped
tmp/GBS-ROOT/R96-armv7l-gcc-env/local/BUILD-ROOTS/scratch.armv7l.0/usr/bin/qemu-mipsel-binfmt: symbolic link to qemu-binfmt
tmp/GBS-ROOT/R96-armv7l-gcc-env/local/BUILD-ROOTS/scratch.armv7l.0/usr/bin/qemu-mipsn32: ELF 64-bit LSB executable, x86-64, version 1 (GNU/Linux), statically linked, BuildID[sha1]=7e90e0d4531739927527c86e33f87e3eb1bb5d45, for GNU/Linux 4.3.0, not stripped
tmp/GBS-ROOT/R96-armv7l-gcc-env/local/BUILD-ROOTS/scratch.armv7l.0/usr/bin/qemu-mipsn32-binfmt: symbolic link to qemu-binfmt
tmp/GBS-ROOT/R96-armv7l-gcc-env/local/BUILD-ROOTS/scratch.armv7l.0/usr/bin/qemu-mipsn32el: ELF 64-bit LSB executable, x86-64, version 1 (GNU/Linux), statically linked, BuildID[sha1]=98ac77d7a75f9b9a084c0d6780147eb6d41ec893, for GNU/Linux 4.3.0, not stripped
tmp/GBS-ROOT/R96-armv7l-gcc-env/local/BUILD-ROOTS/scratch.armv7l.0/usr/bin/qemu-mipsn32el-binfmt: symbolic link to qemu-binfmt
tmp/GBS-ROOT/R96-armv7l-gcc-env/local/BUILD-ROOTS/scratch.armv7l.0/usr/bin/qemu-or1k: ELF 64-bit LSB executable, x86-64, version 1 (GNU/Linux), statically linked, BuildID[sha1]=1dada614e16ca876476c32263c0f7e08ecc6117e, for GNU/Linux 4.3.0, not stripped
tmp/GBS-ROOT/R96-armv7l-gcc-env/local/BUILD-ROOTS/scratch.armv7l.0/usr/bin/qemu-or1k-binfmt: symbolic link to qemu-binfmt
tmp/GBS-ROOT/R96-armv7l-gcc-env/local/BUILD-ROOTS/scratch.armv7l.0/usr/bin/qemu-ppc: ELF 64-bit LSB executable, x86-64, version 1 (GNU/Linux), statically linked, BuildID[sha1]=41516665a87ae9ee9f96b4c922f8690e0661bd38, for GNU/Linux 4.3.0, not stripped
tmp/GBS-ROOT/R96-armv7l-gcc-env/local/BUILD-ROOTS/scratch.armv7l.0/usr/bin/qemu-ppc-binfmt: symbolic link to qemu-binfmt
tmp/GBS-ROOT/R96-armv7l-gcc-env/local/BUILD-ROOTS/scratch.armv7l.0/usr/bin/qemu-ppc64: ELF 64-bit LSB executable, x86-64, version 1 (GNU/Linux), statically linked, BuildID[sha1]=51eacdb2af7be5d4588d7df4d71f52e99746b3f4, for GNU/Linux 4.3.0, not stripped
tmp/GBS-ROOT/R96-armv7l-gcc-env/local/BUILD-ROOTS/scratch.armv7l.0/usr/bin/qemu-ppc64-binfmt: symbolic link to qemu-binfmt
tmp/GBS-ROOT/R96-armv7l-gcc-env/local/BUILD-ROOTS/scratch.armv7l.0/usr/bin/qemu-ppc64le: ELF 64-bit LSB executable, x86-64, version 1 (GNU/Linux), statically linked, BuildID[sha1]=6c5bfe192c0f63c8a6df8f41d287b95d9f0d0441, for GNU/Linux 4.3.0, not stripped
tmp/GBS-ROOT/R96-armv7l-gcc-env/local/BUILD-ROOTS/scratch.armv7l.0/usr/bin/qemu-ppc64le-binfmt: symbolic link to qemu-binfmt
tmp/GBS-ROOT/R96-armv7l-gcc-env/local/BUILD-ROOTS/scratch.armv7l.0/usr/bin/qemu-riscv32: ELF 64-bit LSB executable, x86-64, version 1 (GNU/Linux), statically linked, BuildID[sha1]=c6041559c696b7e28b8fa6f96535ce37c30a5683, for GNU/Linux 4.3.0, not stripped
tmp/GBS-ROOT/R96-armv7l-gcc-env/local/BUILD-ROOTS/scratch.armv7l.0/usr/bin/qemu-riscv32-binfmt: symbolic link to qemu-binfmt
tmp/GBS-ROOT/R96-armv7l-gcc-env/local/BUILD-ROOTS/scratch.armv7l.0/usr/bin/qemu-riscv32-static: ELF 64-bit LSB executable, x86-64, version 1 (GNU/Linux), statically linked, BuildID[sha1]=1eb25860ddee2ee8023c6c563eda6c84fbed51b4, for GNU/Linux 3.2.0, stripped
tmp/GBS-ROOT/R96-armv7l-gcc-env/local/BUILD-ROOTS/scratch.armv7l.0/usr/bin/qemu-riscv64: ELF 64-bit LSB executable, x86-64, version 1 (GNU/Linux), statically linked, BuildID[sha1]=24e5a56b069e9e417feae66af2d675a7a7e4276f, for GNU/Linux 4.3.0, not stripped
tmp/GBS-ROOT/R96-armv7l-gcc-env/local/BUILD-ROOTS/scratch.armv7l.0/usr/bin/qemu-riscv64-binfmt: symbolic link to qemu-binfmt
tmp/GBS-ROOT/R96-armv7l-gcc-env/local/BUILD-ROOTS/scratch.armv7l.0/usr/bin/qemu-riscv64-static: ELF 64-bit LSB executable, x86-64, version 1 (GNU/Linux), statically linked, BuildID[sha1]=a72e3957f7f570fdc70e63c446b68c10f9eb4cdf, for GNU/Linux 3.2.0, stripped
tmp/GBS-ROOT/R96-armv7l-gcc-env/local/BUILD-ROOTS/scratch.armv7l.0/usr/bin/qemu-s390x: ELF 64-bit LSB executable, x86-64, version 1 (GNU/Linux), statically linked, BuildID[sha1]=d6e59d41c6021ee31933827f9b5037a5c9568041, for GNU/Linux 4.3.0, not stripped
tmp/GBS-ROOT/R96-armv7l-gcc-env/local/BUILD-ROOTS/scratch.armv7l.0/usr/bin/qemu-s390x-binfmt: symbolic link to qemu-binfmt
tmp/GBS-ROOT/R96-armv7l-gcc-env/local/BUILD-ROOTS/scratch.armv7l.0/usr/bin/qemu-sh4: ELF 64-bit LSB executable, x86-64, version 1 (GNU/Linux), statically linked, BuildID[sha1]=c7e327e695ed57ceda308f9897d15531c63b7d8c, for GNU/Linux 4.3.0, not stripped
tmp/GBS-ROOT/R96-armv7l-gcc-env/local/BUILD-ROOTS/scratch.armv7l.0/usr/bin/qemu-sh4-binfmt: symbolic link to qemu-binfmt
tmp/GBS-ROOT/R96-armv7l-gcc-env/local/BUILD-ROOTS/scratch.armv7l.0/usr/bin/qemu-sh4eb: ELF 64-bit LSB executable, x86-64, version 1 (GNU/Linux), statically linked, BuildID[sha1]=9ceb68d64dfd62c4855520d684a3030f500d01b1, for GNU/Linux 4.3.0, not stripped
tmp/GBS-ROOT/R96-armv7l-gcc-env/local/BUILD-ROOTS/scratch.armv7l.0/usr/bin/qemu-sh4eb-binfmt: symbolic link to qemu-binfmt
tmp/GBS-ROOT/R96-armv7l-gcc-env/local/BUILD-ROOTS/scratch.armv7l.0/usr/bin/qemu-sparc: ELF 64-bit LSB executable, x86-64, version 1 (GNU/Linux), statically linked, BuildID[sha1]=84c08fa5116ec20c4d23598df1edf68d8c9cf9d5, for GNU/Linux 4.3.0, not stripped
tmp/GBS-ROOT/R96-armv7l-gcc-env/local/BUILD-ROOTS/scratch.armv7l.0/usr/bin/qemu-sparc-binfmt: symbolic link to qemu-binfmt
tmp/GBS-ROOT/R96-armv7l-gcc-env/local/BUILD-ROOTS/scratch.armv7l.0/usr/bin/qemu-sparc32plus: ELF 64-bit LSB executable, x86-64, version 1 (GNU/Linux), statically linked, BuildID[sha1]=ee87261b4079825068eaca05bd386f9c4c5d3014, for GNU/Linux 4.3.0, not stripped
tmp/GBS-ROOT/R96-armv7l-gcc-env/local/BUILD-ROOTS/scratch.armv7l.0/usr/bin/qemu-sparc32plus-binfmt: symbolic link to qemu-binfmt
tmp/GBS-ROOT/R96-armv7l-gcc-env/local/BUILD-ROOTS/scratch.armv7l.0/usr/bin/qemu-sparc64: ELF 64-bit LSB executable, x86-64, version 1 (GNU/Linux), statically linked, BuildID[sha1]=8917b6979e40806c1b90c8ca5063cabffca96644, for GNU/Linux 4.3.0, not stripped
tmp/GBS-ROOT/R96-armv7l-gcc-env/local/BUILD-ROOTS/scratch.armv7l.0/usr/bin/qemu-sparc64-binfmt: symbolic link to qemu-binfmt
tmp/GBS-ROOT/R96-armv7l-gcc-env/local/BUILD-ROOTS/scratch.armv7l.0/usr/bin/qemu-x86_64: ELF 64-bit LSB executable, x86-64, version 1 (GNU/Linux), statically linked, BuildID[sha1]=b04ed5ec3b608df7d22465750768a0ca88b0b8f3, for GNU/Linux 4.3.0, not stripped
tmp/GBS-ROOT/R96-armv7l-gcc-env/local/BUILD-ROOTS/scratch.armv7l.0/usr/bin/qemu-x86_64-binfmt: symbolic link to qemu-binfmt
tmp/GBS-ROOT/R96-armv7l-gcc-env/local/BUILD-ROOTS/scratch.armv7l.0/usr/bin/qemu-xtensa: ELF 64-bit LSB executable, x86-64, version 1 (GNU/Linux), statically linked, BuildID[sha1]=c0e3691879d77b767603714fa7ed7345ff25cd88, for GNU/Linux 4.3.0, not stripped
tmp/GBS-ROOT/R96-armv7l-gcc-env/local/BUILD-ROOTS/scratch.armv7l.0/usr/bin/qemu-xtensa-binfmt: symbolic link to qemu-binfmt
tmp/GBS-ROOT/R96-armv7l-gcc-env/local/BUILD-ROOTS/scratch.armv7l.0/usr/bin/qemu-xtensaeb: ELF 64-bit LSB executable, x86-64, version 1 (GNU/Linux), statically linked, BuildID[sha1]=5da6bb45aac1624aced214f45a79a766a0f6d3fb, for GNU/Linux 4.3.0, not stripped
tmp/GBS-ROOT/R96-armv7l-gcc-env/local/BUILD-ROOTS/scratch.armv7l.0/usr/bin/qemu-xtensaeb-binfmt: symbolic link to qemu-binfmt
===== tmp/GBS-ROOT/R96-armv7l-llvm-env/local/BUILD-ROOTS/scratch.armv7l.0 =====
root_exists=yes
armv7l-tizen-linux-gnueabi-clang -> clang
armv7l-tizen-linux-gnueabi-clang++ -> clang++
clang-22 -> 
qemu-aarch64 -> 
qemu-aarch64-binfmt -> qemu-binfmt
qemu-aarch64-static -> qemu-aarch64
qemu-aarch64_be -> 
qemu-aarch64_be-binfmt -> qemu-binfmt
qemu-alpha -> 
qemu-alpha-binfmt -> qemu-binfmt
qemu-arm -> 
qemu-arm-binfmt -> qemu-binfmt
qemu-arm-static -> qemu-arm
qemu-arm64 -> qemu-aarch64
qemu-arm64-binfmt -> qemu-aarch64-binfmt
qemu-arm64-static -> 
qemu-armeb -> 
qemu-armeb-binfmt -> qemu-binfmt
qemu-binfmt -> 
qemu-cris-binfmt -> qemu-binfmt
qemu-hexagon -> 
qemu-hexagon-binfmt -> qemu-binfmt
qemu-hppa -> 
qemu-hppa-binfmt -> qemu-binfmt
qemu-i386 -> 
qemu-i386-binfmt -> qemu-binfmt
qemu-loongarch64 -> 
qemu-loongarch64-binfmt -> qemu-binfmt
qemu-m68k -> 
qemu-m68k-binfmt -> qemu-binfmt
qemu-microblaze -> 
qemu-microblaze-binfmt -> qemu-binfmt
qemu-microblazeel -> 
qemu-microblazeel-binfmt -> qemu-binfmt
qemu-mips -> 
qemu-mips-binfmt -> qemu-binfmt
qemu-mips64 -> 
qemu-mips64-binfmt -> qemu-binfmt
qemu-mips64el -> 
qemu-mips64el-binfmt -> qemu-binfmt
qemu-mipsel -> 
qemu-mipsel-binfmt -> qemu-binfmt
qemu-mipsn32 -> 
qemu-mipsn32-binfmt -> qemu-binfmt
qemu-mipsn32el -> 
qemu-mipsn32el-binfmt -> qemu-binfmt
qemu-or1k -> 
qemu-or1k-binfmt -> qemu-binfmt
qemu-ppc -> 
qemu-ppc-binfmt -> qemu-binfmt
qemu-ppc64 -> 
qemu-ppc64-binfmt -> qemu-binfmt
qemu-ppc64le -> 
qemu-ppc64le-binfmt -> qemu-binfmt
qemu-riscv32 -> 
qemu-riscv32-binfmt -> qemu-binfmt
qemu-riscv32-static -> 
qemu-riscv64 -> 
qemu-riscv64-binfmt -> qemu-binfmt
qemu-riscv64-static -> 
qemu-s390x -> 
qemu-s390x-binfmt -> qemu-binfmt
qemu-sh4 -> 
qemu-sh4-binfmt -> qemu-binfmt
qemu-sh4eb -> 
qemu-sh4eb-binfmt -> qemu-binfmt
qemu-sparc -> 
qemu-sparc-binfmt -> qemu-binfmt
qemu-sparc32plus -> 
qemu-sparc32plus-binfmt -> qemu-binfmt
qemu-sparc64 -> 
qemu-sparc64-binfmt -> qemu-binfmt
qemu-x86_64 -> 
qemu-x86_64-binfmt -> qemu-binfmt
qemu-xtensa -> 
qemu-xtensa-binfmt -> qemu-binfmt
qemu-xtensaeb -> 
qemu-xtensaeb-binfmt -> qemu-binfmt
tmp/GBS-ROOT/R96-armv7l-llvm-env/local/BUILD-ROOTS/scratch.armv7l.0/emul/bin: symbolic link to usr/bin
tmp/GBS-ROOT/R96-armv7l-llvm-env/local/BUILD-ROOTS/scratch.armv7l.0/emul/home: directory
tmp/GBS-ROOT/R96-armv7l-llvm-env/local/BUILD-ROOTS/scratch.armv7l.0/emul/lib64: symbolic link to usr/lib64
tmp/GBS-ROOT/R96-armv7l-llvm-env/local/BUILD-ROOTS/scratch.armv7l.0/emul/usr: directory
tmp/GBS-ROOT/R96-armv7l-llvm-env/local/BUILD-ROOTS/scratch.armv7l.0/usr/bin/qemu-aarch64: ELF 64-bit LSB executable, x86-64, version 1 (GNU/Linux), statically linked, BuildID[sha1]=114e98fbf972328a56ba9ebcd69614476ff578f1, for GNU/Linux 4.3.0, not stripped
tmp/GBS-ROOT/R96-armv7l-llvm-env/local/BUILD-ROOTS/scratch.armv7l.0/usr/bin/qemu-aarch64-binfmt: symbolic link to qemu-binfmt
tmp/GBS-ROOT/R96-armv7l-llvm-env/local/BUILD-ROOTS/scratch.armv7l.0/usr/bin/qemu-aarch64-static: symbolic link to qemu-aarch64
tmp/GBS-ROOT/R96-armv7l-llvm-env/local/BUILD-ROOTS/scratch.armv7l.0/usr/bin/qemu-aarch64_be: ELF 64-bit LSB executable, x86-64, version 1 (GNU/Linux), statically linked, BuildID[sha1]=25223c49ef880396899f0a0332efb7a0623b4a98, for GNU/Linux 4.3.0, not stripped
tmp/GBS-ROOT/R96-armv7l-llvm-env/local/BUILD-ROOTS/scratch.armv7l.0/usr/bin/qemu-aarch64_be-binfmt: symbolic link to qemu-binfmt
tmp/GBS-ROOT/R96-armv7l-llvm-env/local/BUILD-ROOTS/scratch.armv7l.0/usr/bin/qemu-alpha: ELF 64-bit LSB executable, x86-64, version 1 (GNU/Linux), statically linked, BuildID[sha1]=5cb99cb814cfc2a599a228a4ff94784872b3a3bd, for GNU/Linux 4.3.0, not stripped
tmp/GBS-ROOT/R96-armv7l-llvm-env/local/BUILD-ROOTS/scratch.armv7l.0/usr/bin/qemu-alpha-binfmt: symbolic link to qemu-binfmt
tmp/GBS-ROOT/R96-armv7l-llvm-env/local/BUILD-ROOTS/scratch.armv7l.0/usr/bin/qemu-arm: ELF 64-bit LSB executable, x86-64, version 1 (GNU/Linux), statically linked, BuildID[sha1]=aa64e2c4456eb2dcf419a405c396447dcc1ffcb5, for GNU/Linux 4.3.0, not stripped
tmp/GBS-ROOT/R96-armv7l-llvm-env/local/BUILD-ROOTS/scratch.armv7l.0/usr/bin/qemu-arm-binfmt: symbolic link to qemu-binfmt
tmp/GBS-ROOT/R96-armv7l-llvm-env/local/BUILD-ROOTS/scratch.armv7l.0/usr/bin/qemu-arm-static: symbolic link to qemu-arm
tmp/GBS-ROOT/R96-armv7l-llvm-env/local/BUILD-ROOTS/scratch.armv7l.0/usr/bin/qemu-arm64: symbolic link to qemu-aarch64
tmp/GBS-ROOT/R96-armv7l-llvm-env/local/BUILD-ROOTS/scratch.armv7l.0/usr/bin/qemu-arm64-binfmt: symbolic link to qemu-aarch64-binfmt
tmp/GBS-ROOT/R96-armv7l-llvm-env/local/BUILD-ROOTS/scratch.armv7l.0/usr/bin/qemu-arm64-static: ELF 64-bit LSB executable, x86-64, version 1 (GNU/Linux), statically linked, BuildID[sha1]=18f2f11a1088d844671854ba5f60d4c12c0a81d0, for GNU/Linux 3.2.0, stripped
tmp/GBS-ROOT/R96-armv7l-llvm-env/local/BUILD-ROOTS/scratch.armv7l.0/usr/bin/qemu-armeb: ELF 64-bit LSB executable, x86-64, version 1 (GNU/Linux), statically linked, BuildID[sha1]=a0af135c26d0500155028be554131880c530a6ad, for GNU/Linux 4.3.0, not stripped
tmp/GBS-ROOT/R96-armv7l-llvm-env/local/BUILD-ROOTS/scratch.armv7l.0/usr/bin/qemu-armeb-binfmt: symbolic link to qemu-binfmt
tmp/GBS-ROOT/R96-armv7l-llvm-env/local/BUILD-ROOTS/scratch.armv7l.0/usr/bin/qemu-binfmt: ELF 64-bit LSB executable, x86-64, version 1 (GNU/Linux), statically linked, BuildID[sha1]=adae345e3117e56a61bdc67eb928ef2523641ef2, for GNU/Linux 4.3.0, not stripped
tmp/GBS-ROOT/R96-armv7l-llvm-env/local/BUILD-ROOTS/scratch.armv7l.0/usr/bin/qemu-cris-binfmt: symbolic link to qemu-binfmt
tmp/GBS-ROOT/R96-armv7l-llvm-env/local/BUILD-ROOTS/scratch.armv7l.0/usr/bin/qemu-hexagon: ELF 64-bit LSB executable, x86-64, version 1 (GNU/Linux), statically linked, BuildID[sha1]=daf3c592c77c51804a86a8bc24eb8a3da3496388, for GNU/Linux 4.3.0, not stripped
tmp/GBS-ROOT/R96-armv7l-llvm-env/local/BUILD-ROOTS/scratch.armv7l.0/usr/bin/qemu-hexagon-binfmt: symbolic link to qemu-binfmt
tmp/GBS-ROOT/R96-armv7l-llvm-env/local/BUILD-ROOTS/scratch.armv7l.0/usr/bin/qemu-hppa: ELF 64-bit LSB executable, x86-64, version 1 (GNU/Linux), statically linked, BuildID[sha1]=cdc3284b09ba99b334fd36cfdbb4835b64503348, for GNU/Linux 4.3.0, not stripped
tmp/GBS-ROOT/R96-armv7l-llvm-env/local/BUILD-ROOTS/scratch.armv7l.0/usr/bin/qemu-hppa-binfmt: symbolic link to qemu-binfmt
tmp/GBS-ROOT/R96-armv7l-llvm-env/local/BUILD-ROOTS/scratch.armv7l.0/usr/bin/qemu-i386: ELF 64-bit LSB executable, x86-64, version 1 (GNU/Linux), statically linked, BuildID[sha1]=bb84a3868e8e239f12fcc275586fe5aaf8626abf, for GNU/Linux 4.3.0, not stripped
tmp/GBS-ROOT/R96-armv7l-llvm-env/local/BUILD-ROOTS/scratch.armv7l.0/usr/bin/qemu-i386-binfmt: symbolic link to qemu-binfmt
tmp/GBS-ROOT/R96-armv7l-llvm-env/local/BUILD-ROOTS/scratch.armv7l.0/usr/bin/qemu-loongarch64: ELF 64-bit LSB executable, x86-64, version 1 (GNU/Linux), statically linked, BuildID[sha1]=b1f63ea1738dd0c7bebd801d2c98bc89cce0c003, for GNU/Linux 4.3.0, not stripped
tmp/GBS-ROOT/R96-armv7l-llvm-env/local/BUILD-ROOTS/scratch.armv7l.0/usr/bin/qemu-loongarch64-binfmt: symbolic link to qemu-binfmt
tmp/GBS-ROOT/R96-armv7l-llvm-env/local/BUILD-ROOTS/scratch.armv7l.0/usr/bin/qemu-m68k: ELF 64-bit LSB executable, x86-64, version 1 (GNU/Linux), statically linked, BuildID[sha1]=007dc1e50db64501a924f065896ac90829005189, for GNU/Linux 4.3.0, not stripped
tmp/GBS-ROOT/R96-armv7l-llvm-env/local/BUILD-ROOTS/scratch.armv7l.0/usr/bin/qemu-m68k-binfmt: symbolic link to qemu-binfmt
tmp/GBS-ROOT/R96-armv7l-llvm-env/local/BUILD-ROOTS/scratch.armv7l.0/usr/bin/qemu-microblaze: ELF 64-bit LSB executable, x86-64, version 1 (GNU/Linux), statically linked, BuildID[sha1]=0d338c27fcde25fc8ebe15cca8e0ddd59cd56e00, for GNU/Linux 4.3.0, not stripped
tmp/GBS-ROOT/R96-armv7l-llvm-env/local/BUILD-ROOTS/scratch.armv7l.0/usr/bin/qemu-microblaze-binfmt: symbolic link to qemu-binfmt
tmp/GBS-ROOT/R96-armv7l-llvm-env/local/BUILD-ROOTS/scratch.armv7l.0/usr/bin/qemu-microblazeel: ELF 64-bit LSB executable, x86-64, version 1 (GNU/Linux), statically linked, BuildID[sha1]=2f73e04bf922f517b4c062d4164fcf00b940a7be, for GNU/Linux 4.3.0, not stripped
tmp/GBS-ROOT/R96-armv7l-llvm-env/local/BUILD-ROOTS/scratch.armv7l.0/usr/bin/qemu-microblazeel-binfmt: symbolic link to qemu-binfmt
tmp/GBS-ROOT/R96-armv7l-llvm-env/local/BUILD-ROOTS/scratch.armv7l.0/usr/bin/qemu-mips: ELF 64-bit LSB executable, x86-64, version 1 (GNU/Linux), statically linked, BuildID[sha1]=0d48f0548969cf7c9cdae37d04fc67de0d89be08, for GNU/Linux 4.3.0, not stripped
tmp/GBS-ROOT/R96-armv7l-llvm-env/local/BUILD-ROOTS/scratch.armv7l.0/usr/bin/qemu-mips-binfmt: symbolic link to qemu-binfmt
tmp/GBS-ROOT/R96-armv7l-llvm-env/local/BUILD-ROOTS/scratch.armv7l.0/usr/bin/qemu-mips64: ELF 64-bit LSB executable, x86-64, version 1 (GNU/Linux), statically linked, BuildID[sha1]=0f640fd736453170414a35703566b69effc94a81, for GNU/Linux 4.3.0, not stripped
tmp/GBS-ROOT/R96-armv7l-llvm-env/local/BUILD-ROOTS/scratch.armv7l.0/usr/bin/qemu-mips64-binfmt: symbolic link to qemu-binfmt
tmp/GBS-ROOT/R96-armv7l-llvm-env/local/BUILD-ROOTS/scratch.armv7l.0/usr/bin/qemu-mips64el: ELF 64-bit LSB executable, x86-64, version 1 (GNU/Linux), statically linked, BuildID[sha1]=318ca9c2a10182af0bcd7f9aab76fded13cc7176, for GNU/Linux 4.3.0, not stripped
tmp/GBS-ROOT/R96-armv7l-llvm-env/local/BUILD-ROOTS/scratch.armv7l.0/usr/bin/qemu-mips64el-binfmt: symbolic link to qemu-binfmt
tmp/GBS-ROOT/R96-armv7l-llvm-env/local/BUILD-ROOTS/scratch.armv7l.0/usr/bin/qemu-mipsel: ELF 64-bit LSB executable, x86-64, version 1 (GNU/Linux), statically linked, BuildID[sha1]=1a40046ed4d0bbfce9db7aec85ee9f0e4be003f8, for GNU/Linux 4.3.0, not stripped
tmp/GBS-ROOT/R96-armv7l-llvm-env/local/BUILD-ROOTS/scratch.armv7l.0/usr/bin/qemu-mipsel-binfmt: symbolic link to qemu-binfmt
tmp/GBS-ROOT/R96-armv7l-llvm-env/local/BUILD-ROOTS/scratch.armv7l.0/usr/bin/qemu-mipsn32: ELF 64-bit LSB executable, x86-64, version 1 (GNU/Linux), statically linked, BuildID[sha1]=7e90e0d4531739927527c86e33f87e3eb1bb5d45, for GNU/Linux 4.3.0, not stripped
tmp/GBS-ROOT/R96-armv7l-llvm-env/local/BUILD-ROOTS/scratch.armv7l.0/usr/bin/qemu-mipsn32-binfmt: symbolic link to qemu-binfmt
tmp/GBS-ROOT/R96-armv7l-llvm-env/local/BUILD-ROOTS/scratch.armv7l.0/usr/bin/qemu-mipsn32el: ELF 64-bit LSB executable, x86-64, version 1 (GNU/Linux), statically linked, BuildID[sha1]=98ac77d7a75f9b9a084c0d6780147eb6d41ec893, for GNU/Linux 4.3.0, not stripped
tmp/GBS-ROOT/R96-armv7l-llvm-env/local/BUILD-ROOTS/scratch.armv7l.0/usr/bin/qemu-mipsn32el-binfmt: symbolic link to qemu-binfmt
tmp/GBS-ROOT/R96-armv7l-llvm-env/local/BUILD-ROOTS/scratch.armv7l.0/usr/bin/qemu-or1k: ELF 64-bit LSB executable, x86-64, version 1 (GNU/Linux), statically linked, BuildID[sha1]=1dada614e16ca876476c32263c0f7e08ecc6117e, for GNU/Linux 4.3.0, not stripped
tmp/GBS-ROOT/R96-armv7l-llvm-env/local/BUILD-ROOTS/scratch.armv7l.0/usr/bin/qemu-or1k-binfmt: symbolic link to qemu-binfmt
tmp/GBS-ROOT/R96-armv7l-llvm-env/local/BUILD-ROOTS/scratch.armv7l.0/usr/bin/qemu-ppc: ELF 64-bit LSB executable, x86-64, version 1 (GNU/Linux), statically linked, BuildID[sha1]=41516665a87ae9ee9f96b4c922f8690e0661bd38, for GNU/Linux 4.3.0, not stripped
tmp/GBS-ROOT/R96-armv7l-llvm-env/local/BUILD-ROOTS/scratch.armv7l.0/usr/bin/qemu-ppc-binfmt: symbolic link to qemu-binfmt
tmp/GBS-ROOT/R96-armv7l-llvm-env/local/BUILD-ROOTS/scratch.armv7l.0/usr/bin/qemu-ppc64: ELF 64-bit LSB executable, x86-64, version 1 (GNU/Linux), statically linked, BuildID[sha1]=51eacdb2af7be5d4588d7df4d71f52e99746b3f4, for GNU/Linux 4.3.0, not stripped
tmp/GBS-ROOT/R96-armv7l-llvm-env/local/BUILD-ROOTS/scratch.armv7l.0/usr/bin/qemu-ppc64-binfmt: symbolic link to qemu-binfmt
tmp/GBS-ROOT/R96-armv7l-llvm-env/local/BUILD-ROOTS/scratch.armv7l.0/usr/bin/qemu-ppc64le: ELF 64-bit LSB executable, x86-64, version 1 (GNU/Linux), statically linked, BuildID[sha1]=6c5bfe192c0f63c8a6df8f41d287b95d9f0d0441, for GNU/Linux 4.3.0, not stripped
tmp/GBS-ROOT/R96-armv7l-llvm-env/local/BUILD-ROOTS/scratch.armv7l.0/usr/bin/qemu-ppc64le-binfmt: symbolic link to qemu-binfmt
tmp/GBS-ROOT/R96-armv7l-llvm-env/local/BUILD-ROOTS/scratch.armv7l.0/usr/bin/qemu-riscv32: ELF 64-bit LSB executable, x86-64, version 1 (GNU/Linux), statically linked, BuildID[sha1]=c6041559c696b7e28b8fa6f96535ce37c30a5683, for GNU/Linux 4.3.0, not stripped
tmp/GBS-ROOT/R96-armv7l-llvm-env/local/BUILD-ROOTS/scratch.armv7l.0/usr/bin/qemu-riscv32-binfmt: symbolic link to qemu-binfmt
tmp/GBS-ROOT/R96-armv7l-llvm-env/local/BUILD-ROOTS/scratch.armv7l.0/usr/bin/qemu-riscv32-static: ELF 64-bit LSB executable, x86-64, version 1 (GNU/Linux), statically linked, BuildID[sha1]=1eb25860ddee2ee8023c6c563eda6c84fbed51b4, for GNU/Linux 3.2.0, stripped
tmp/GBS-ROOT/R96-armv7l-llvm-env/local/BUILD-ROOTS/scratch.armv7l.0/usr/bin/qemu-riscv64: ELF 64-bit LSB executable, x86-64, version 1 (GNU/Linux), statically linked, BuildID[sha1]=24e5a56b069e9e417feae66af2d675a7a7e4276f, for GNU/Linux 4.3.0, not stripped
tmp/GBS-ROOT/R96-armv7l-llvm-env/local/BUILD-ROOTS/scratch.armv7l.0/usr/bin/qemu-riscv64-binfmt: symbolic link to qemu-binfmt
tmp/GBS-ROOT/R96-armv7l-llvm-env/local/BUILD-ROOTS/scratch.armv7l.0/usr/bin/qemu-riscv64-static: ELF 64-bit LSB executable, x86-64, version 1 (GNU/Linux), statically linked, BuildID[sha1]=a72e3957f7f570fdc70e63c446b68c10f9eb4cdf, for GNU/Linux 3.2.0, stripped
tmp/GBS-ROOT/R96-armv7l-llvm-env/local/BUILD-ROOTS/scratch.armv7l.0/usr/bin/qemu-s390x: ELF 64-bit LSB executable, x86-64, version 1 (GNU/Linux), statically linked, BuildID[sha1]=d6e59d41c6021ee31933827f9b5037a5c9568041, for GNU/Linux 4.3.0, not stripped
tmp/GBS-ROOT/R96-armv7l-llvm-env/local/BUILD-ROOTS/scratch.armv7l.0/usr/bin/qemu-s390x-binfmt: symbolic link to qemu-binfmt
tmp/GBS-ROOT/R96-armv7l-llvm-env/local/BUILD-ROOTS/scratch.armv7l.0/usr/bin/qemu-sh4: ELF 64-bit LSB executable, x86-64, version 1 (GNU/Linux), statically linked, BuildID[sha1]=c7e327e695ed57ceda308f9897d15531c63b7d8c, for GNU/Linux 4.3.0, not stripped
tmp/GBS-ROOT/R96-armv7l-llvm-env/local/BUILD-ROOTS/scratch.armv7l.0/usr/bin/qemu-sh4-binfmt: symbolic link to qemu-binfmt
tmp/GBS-ROOT/R96-armv7l-llvm-env/local/BUILD-ROOTS/scratch.armv7l.0/usr/bin/qemu-sh4eb: ELF 64-bit LSB executable, x86-64, version 1 (GNU/Linux), statically linked, BuildID[sha1]=9ceb68d64dfd62c4855520d684a3030f500d01b1, for GNU/Linux 4.3.0, not stripped
tmp/GBS-ROOT/R96-armv7l-llvm-env/local/BUILD-ROOTS/scratch.armv7l.0/usr/bin/qemu-sh4eb-binfmt: symbolic link to qemu-binfmt
tmp/GBS-ROOT/R96-armv7l-llvm-env/local/BUILD-ROOTS/scratch.armv7l.0/usr/bin/qemu-sparc: ELF 64-bit LSB executable, x86-64, version 1 (GNU/Linux), statically linked, BuildID[sha1]=84c08fa5116ec20c4d23598df1edf68d8c9cf9d5, for GNU/Linux 4.3.0, not stripped
tmp/GBS-ROOT/R96-armv7l-llvm-env/local/BUILD-ROOTS/scratch.armv7l.0/usr/bin/qemu-sparc-binfmt: symbolic link to qemu-binfmt
tmp/GBS-ROOT/R96-armv7l-llvm-env/local/BUILD-ROOTS/scratch.armv7l.0/usr/bin/qemu-sparc32plus: ELF 64-bit LSB executable, x86-64, version 1 (GNU/Linux), statically linked, BuildID[sha1]=ee87261b4079825068eaca05bd386f9c4c5d3014, for GNU/Linux 4.3.0, not stripped
tmp/GBS-ROOT/R96-armv7l-llvm-env/local/BUILD-ROOTS/scratch.armv7l.0/usr/bin/qemu-sparc32plus-binfmt: symbolic link to qemu-binfmt
tmp/GBS-ROOT/R96-armv7l-llvm-env/local/BUILD-ROOTS/scratch.armv7l.0/usr/bin/qemu-sparc64: ELF 64-bit LSB executable, x86-64, version 1 (GNU/Linux), statically linked, BuildID[sha1]=8917b6979e40806c1b90c8ca5063cabffca96644, for GNU/Linux 4.3.0, not stripped
tmp/GBS-ROOT/R96-armv7l-llvm-env/local/BUILD-ROOTS/scratch.armv7l.0/usr/bin/qemu-sparc64-binfmt: symbolic link to qemu-binfmt
tmp/GBS-ROOT/R96-armv7l-llvm-env/local/BUILD-ROOTS/scratch.armv7l.0/usr/bin/qemu-x86_64: ELF 64-bit LSB executable, x86-64, version 1 (GNU/Linux), statically linked, BuildID[sha1]=b04ed5ec3b608df7d22465750768a0ca88b0b8f3, for GNU/Linux 4.3.0, not stripped
tmp/GBS-ROOT/R96-armv7l-llvm-env/local/BUILD-ROOTS/scratch.armv7l.0/usr/bin/qemu-x86_64-binfmt: symbolic link to qemu-binfmt
tmp/GBS-ROOT/R96-armv7l-llvm-env/local/BUILD-ROOTS/scratch.armv7l.0/usr/bin/qemu-xtensa: ELF 64-bit LSB executable, x86-64, version 1 (GNU/Linux), statically linked, BuildID[sha1]=c0e3691879d77b767603714fa7ed7345ff25cd88, for GNU/Linux 4.3.0, not stripped
tmp/GBS-ROOT/R96-armv7l-llvm-env/local/BUILD-ROOTS/scratch.armv7l.0/usr/bin/qemu-xtensa-binfmt: symbolic link to qemu-binfmt
tmp/GBS-ROOT/R96-armv7l-llvm-env/local/BUILD-ROOTS/scratch.armv7l.0/usr/bin/qemu-xtensaeb: ELF 64-bit LSB executable, x86-64, version 1 (GNU/Linux), statically linked, BuildID[sha1]=5da6bb45aac1624aced214f45a79a766a0f6d3fb, for GNU/Linux 4.3.0, not stripped
tmp/GBS-ROOT/R96-armv7l-llvm-env/local/BUILD-ROOTS/scratch.armv7l.0/usr/bin/qemu-xtensaeb-binfmt: symbolic link to qemu-binfmt
===== tmp/GBS-ROOT/R96-aarch64-gcc-env/local/BUILD-ROOTS/scratch.aarch64.0 =====
root_exists=yes
aarch64-tizen-linux-gnu-clang -> clang
aarch64-tizen-linux-gnu-clang++ -> clang++
clang-22 -> 
qemu-aarch64 -> 
qemu-aarch64-binfmt -> qemu-binfmt
qemu-aarch64-static -> qemu-aarch64
qemu-aarch64_be -> 
qemu-aarch64_be-binfmt -> qemu-binfmt
qemu-alpha -> 
qemu-alpha-binfmt -> qemu-binfmt
qemu-arm -> 
qemu-arm-binfmt -> qemu-binfmt
qemu-arm-static -> qemu-arm
qemu-arm64 -> qemu-aarch64
qemu-arm64-binfmt -> qemu-aarch64-binfmt
qemu-arm64-static -> 
qemu-armeb -> 
qemu-armeb-binfmt -> qemu-binfmt
qemu-binfmt -> 
qemu-cris-binfmt -> qemu-binfmt
qemu-hexagon -> 
qemu-hexagon-binfmt -> qemu-binfmt
qemu-hppa -> 
qemu-hppa-binfmt -> qemu-binfmt
qemu-i386 -> 
qemu-i386-binfmt -> qemu-binfmt
qemu-loongarch64 -> 
qemu-loongarch64-binfmt -> qemu-binfmt
qemu-m68k -> 
qemu-m68k-binfmt -> qemu-binfmt
qemu-microblaze -> 
qemu-microblaze-binfmt -> qemu-binfmt
qemu-microblazeel -> 
qemu-microblazeel-binfmt -> qemu-binfmt
qemu-mips -> 
qemu-mips-binfmt -> qemu-binfmt
qemu-mips64 -> 
qemu-mips64-binfmt -> qemu-binfmt
qemu-mips64el -> 
qemu-mips64el-binfmt -> qemu-binfmt
qemu-mipsel -> 
qemu-mipsel-binfmt -> qemu-binfmt
qemu-mipsn32 -> 
qemu-mipsn32-binfmt -> qemu-binfmt
qemu-mipsn32el -> 
qemu-mipsn32el-binfmt -> qemu-binfmt
qemu-or1k -> 
qemu-or1k-binfmt -> qemu-binfmt
qemu-ppc -> 
qemu-ppc-binfmt -> qemu-binfmt
qemu-ppc64 -> 
qemu-ppc64-binfmt -> qemu-binfmt
qemu-ppc64le -> 
qemu-ppc64le-binfmt -> qemu-binfmt
qemu-riscv32 -> 
qemu-riscv32-binfmt -> qemu-binfmt
qemu-riscv32-static -> 
qemu-riscv64 -> 
qemu-riscv64-binfmt -> qemu-binfmt
qemu-riscv64-static -> 
qemu-s390x -> 
qemu-s390x-binfmt -> qemu-binfmt
qemu-sh4 -> 
qemu-sh4-binfmt -> qemu-binfmt
qemu-sh4eb -> 
qemu-sh4eb-binfmt -> qemu-binfmt
qemu-sparc -> 
qemu-sparc-binfmt -> qemu-binfmt
qemu-sparc32plus -> 
qemu-sparc32plus-binfmt -> qemu-binfmt
qemu-sparc64 -> 
qemu-sparc64-binfmt -> qemu-binfmt
qemu-x86_64 -> 
qemu-x86_64-binfmt -> qemu-binfmt
qemu-xtensa -> 
qemu-xtensa-binfmt -> qemu-binfmt
qemu-xtensaeb -> 
qemu-xtensaeb-binfmt -> qemu-binfmt
tmp/GBS-ROOT/R96-aarch64-gcc-env/local/BUILD-ROOTS/scratch.aarch64.0/emul/bin: symbolic link to usr/bin
tmp/GBS-ROOT/R96-aarch64-gcc-env/local/BUILD-ROOTS/scratch.aarch64.0/emul/home: directory
tmp/GBS-ROOT/R96-aarch64-gcc-env/local/BUILD-ROOTS/scratch.aarch64.0/emul/lib64: symbolic link to usr/lib64
tmp/GBS-ROOT/R96-aarch64-gcc-env/local/BUILD-ROOTS/scratch.aarch64.0/emul/usr: directory
tmp/GBS-ROOT/R96-aarch64-gcc-env/local/BUILD-ROOTS/scratch.aarch64.0/usr/bin/qemu-aarch64: ELF 64-bit LSB executable, x86-64, version 1 (GNU/Linux), statically linked, BuildID[sha1]=114e98fbf972328a56ba9ebcd69614476ff578f1, for GNU/Linux 4.3.0, not stripped
tmp/GBS-ROOT/R96-aarch64-gcc-env/local/BUILD-ROOTS/scratch.aarch64.0/usr/bin/qemu-aarch64-binfmt: symbolic link to qemu-binfmt
tmp/GBS-ROOT/R96-aarch64-gcc-env/local/BUILD-ROOTS/scratch.aarch64.0/usr/bin/qemu-aarch64-static: symbolic link to qemu-aarch64
tmp/GBS-ROOT/R96-aarch64-gcc-env/local/BUILD-ROOTS/scratch.aarch64.0/usr/bin/qemu-aarch64_be: ELF 64-bit LSB executable, x86-64, version 1 (GNU/Linux), statically linked, BuildID[sha1]=25223c49ef880396899f0a0332efb7a0623b4a98, for GNU/Linux 4.3.0, not stripped
tmp/GBS-ROOT/R96-aarch64-gcc-env/local/BUILD-ROOTS/scratch.aarch64.0/usr/bin/qemu-aarch64_be-binfmt: symbolic link to qemu-binfmt
tmp/GBS-ROOT/R96-aarch64-gcc-env/local/BUILD-ROOTS/scratch.aarch64.0/usr/bin/qemu-alpha: ELF 64-bit LSB executable, x86-64, version 1 (GNU/Linux), statically linked, BuildID[sha1]=5cb99cb814cfc2a599a228a4ff94784872b3a3bd, for GNU/Linux 4.3.0, not stripped
tmp/GBS-ROOT/R96-aarch64-gcc-env/local/BUILD-ROOTS/scratch.aarch64.0/usr/bin/qemu-alpha-binfmt: symbolic link to qemu-binfmt
tmp/GBS-ROOT/R96-aarch64-gcc-env/local/BUILD-ROOTS/scratch.aarch64.0/usr/bin/qemu-arm: ELF 64-bit LSB executable, x86-64, version 1 (GNU/Linux), statically linked, BuildID[sha1]=aa64e2c4456eb2dcf419a405c396447dcc1ffcb5, for GNU/Linux 4.3.0, not stripped
tmp/GBS-ROOT/R96-aarch64-gcc-env/local/BUILD-ROOTS/scratch.aarch64.0/usr/bin/qemu-arm-binfmt: symbolic link to qemu-binfmt
tmp/GBS-ROOT/R96-aarch64-gcc-env/local/BUILD-ROOTS/scratch.aarch64.0/usr/bin/qemu-arm-static: symbolic link to qemu-arm
tmp/GBS-ROOT/R96-aarch64-gcc-env/local/BUILD-ROOTS/scratch.aarch64.0/usr/bin/qemu-arm64: symbolic link to qemu-aarch64
tmp/GBS-ROOT/R96-aarch64-gcc-env/local/BUILD-ROOTS/scratch.aarch64.0/usr/bin/qemu-arm64-binfmt: symbolic link to qemu-aarch64-binfmt
tmp/GBS-ROOT/R96-aarch64-gcc-env/local/BUILD-ROOTS/scratch.aarch64.0/usr/bin/qemu-arm64-static: ELF 64-bit LSB executable, x86-64, version 1 (GNU/Linux), statically linked, BuildID[sha1]=18f2f11a1088d844671854ba5f60d4c12c0a81d0, for GNU/Linux 3.2.0, stripped
tmp/GBS-ROOT/R96-aarch64-gcc-env/local/BUILD-ROOTS/scratch.aarch64.0/usr/bin/qemu-armeb: ELF 64-bit LSB executable, x86-64, version 1 (GNU/Linux), statically linked, BuildID[sha1]=a0af135c26d0500155028be554131880c530a6ad, for GNU/Linux 4.3.0, not stripped
tmp/GBS-ROOT/R96-aarch64-gcc-env/local/BUILD-ROOTS/scratch.aarch64.0/usr/bin/qemu-armeb-binfmt: symbolic link to qemu-binfmt
tmp/GBS-ROOT/R96-aarch64-gcc-env/local/BUILD-ROOTS/scratch.aarch64.0/usr/bin/qemu-binfmt: ELF 64-bit LSB executable, x86-64, version 1 (GNU/Linux), statically linked, BuildID[sha1]=adae345e3117e56a61bdc67eb928ef2523641ef2, for GNU/Linux 4.3.0, not stripped
tmp/GBS-ROOT/R96-aarch64-gcc-env/local/BUILD-ROOTS/scratch.aarch64.0/usr/bin/qemu-cris-binfmt: symbolic link to qemu-binfmt
tmp/GBS-ROOT/R96-aarch64-gcc-env/local/BUILD-ROOTS/scratch.aarch64.0/usr/bin/qemu-hexagon: ELF 64-bit LSB executable, x86-64, version 1 (GNU/Linux), statically linked, BuildID[sha1]=daf3c592c77c51804a86a8bc24eb8a3da3496388, for GNU/Linux 4.3.0, not stripped
tmp/GBS-ROOT/R96-aarch64-gcc-env/local/BUILD-ROOTS/scratch.aarch64.0/usr/bin/qemu-hexagon-binfmt: symbolic link to qemu-binfmt
tmp/GBS-ROOT/R96-aarch64-gcc-env/local/BUILD-ROOTS/scratch.aarch64.0/usr/bin/qemu-hppa: ELF 64-bit LSB executable, x86-64, version 1 (GNU/Linux), statically linked, BuildID[sha1]=cdc3284b09ba99b334fd36cfdbb4835b64503348, for GNU/Linux 4.3.0, not stripped
tmp/GBS-ROOT/R96-aarch64-gcc-env/local/BUILD-ROOTS/scratch.aarch64.0/usr/bin/qemu-hppa-binfmt: symbolic link to qemu-binfmt
tmp/GBS-ROOT/R96-aarch64-gcc-env/local/BUILD-ROOTS/scratch.aarch64.0/usr/bin/qemu-i386: ELF 64-bit LSB executable, x86-64, version 1 (GNU/Linux), statically linked, BuildID[sha1]=bb84a3868e8e239f12fcc275586fe5aaf8626abf, for GNU/Linux 4.3.0, not stripped
tmp/GBS-ROOT/R96-aarch64-gcc-env/local/BUILD-ROOTS/scratch.aarch64.0/usr/bin/qemu-i386-binfmt: symbolic link to qemu-binfmt
tmp/GBS-ROOT/R96-aarch64-gcc-env/local/BUILD-ROOTS/scratch.aarch64.0/usr/bin/qemu-loongarch64: ELF 64-bit LSB executable, x86-64, version 1 (GNU/Linux), statically linked, BuildID[sha1]=b1f63ea1738dd0c7bebd801d2c98bc89cce0c003, for GNU/Linux 4.3.0, not stripped
tmp/GBS-ROOT/R96-aarch64-gcc-env/local/BUILD-ROOTS/scratch.aarch64.0/usr/bin/qemu-loongarch64-binfmt: symbolic link to qemu-binfmt
tmp/GBS-ROOT/R96-aarch64-gcc-env/local/BUILD-ROOTS/scratch.aarch64.0/usr/bin/qemu-m68k: ELF 64-bit LSB executable, x86-64, version 1 (GNU/Linux), statically linked, BuildID[sha1]=007dc1e50db64501a924f065896ac90829005189, for GNU/Linux 4.3.0, not stripped
tmp/GBS-ROOT/R96-aarch64-gcc-env/local/BUILD-ROOTS/scratch.aarch64.0/usr/bin/qemu-m68k-binfmt: symbolic link to qemu-binfmt
tmp/GBS-ROOT/R96-aarch64-gcc-env/local/BUILD-ROOTS/scratch.aarch64.0/usr/bin/qemu-microblaze: ELF 64-bit LSB executable, x86-64, version 1 (GNU/Linux), statically linked, BuildID[sha1]=0d338c27fcde25fc8ebe15cca8e0ddd59cd56e00, for GNU/Linux 4.3.0, not stripped
tmp/GBS-ROOT/R96-aarch64-gcc-env/local/BUILD-ROOTS/scratch.aarch64.0/usr/bin/qemu-microblaze-binfmt: symbolic link to qemu-binfmt
tmp/GBS-ROOT/R96-aarch64-gcc-env/local/BUILD-ROOTS/scratch.aarch64.0/usr/bin/qemu-microblazeel: ELF 64-bit LSB executable, x86-64, version 1 (GNU/Linux), statically linked, BuildID[sha1]=2f73e04bf922f517b4c062d4164fcf00b940a7be, for GNU/Linux 4.3.0, not stripped
tmp/GBS-ROOT/R96-aarch64-gcc-env/local/BUILD-ROOTS/scratch.aarch64.0/usr/bin/qemu-microblazeel-binfmt: symbolic link to qemu-binfmt
tmp/GBS-ROOT/R96-aarch64-gcc-env/local/BUILD-ROOTS/scratch.aarch64.0/usr/bin/qemu-mips: ELF 64-bit LSB executable, x86-64, version 1 (GNU/Linux), statically linked, BuildID[sha1]=0d48f0548969cf7c9cdae37d04fc67de0d89be08, for GNU/Linux 4.3.0, not stripped
tmp/GBS-ROOT/R96-aarch64-gcc-env/local/BUILD-ROOTS/scratch.aarch64.0/usr/bin/qemu-mips-binfmt: symbolic link to qemu-binfmt
tmp/GBS-ROOT/R96-aarch64-gcc-env/local/BUILD-ROOTS/scratch.aarch64.0/usr/bin/qemu-mips64: ELF 64-bit LSB executable, x86-64, version 1 (GNU/Linux), statically linked, BuildID[sha1]=0f640fd736453170414a35703566b69effc94a81, for GNU/Linux 4.3.0, not stripped
tmp/GBS-ROOT/R96-aarch64-gcc-env/local/BUILD-ROOTS/scratch.aarch64.0/usr/bin/qemu-mips64-binfmt: symbolic link to qemu-binfmt
tmp/GBS-ROOT/R96-aarch64-gcc-env/local/BUILD-ROOTS/scratch.aarch64.0/usr/bin/qemu-mips64el: ELF 64-bit LSB executable, x86-64, version 1 (GNU/Linux), statically linked, BuildID[sha1]=318ca9c2a10182af0bcd7f9aab76fded13cc7176, for GNU/Linux 4.3.0, not stripped
tmp/GBS-ROOT/R96-aarch64-gcc-env/local/BUILD-ROOTS/scratch.aarch64.0/usr/bin/qemu-mips64el-binfmt: symbolic link to qemu-binfmt
tmp/GBS-ROOT/R96-aarch64-gcc-env/local/BUILD-ROOTS/scratch.aarch64.0/usr/bin/qemu-mipsel: ELF 64-bit LSB executable, x86-64, version 1 (GNU/Linux), statically linked, BuildID[sha1]=1a40046ed4d0bbfce9db7aec85ee9f0e4be003f8, for GNU/Linux 4.3.0, not stripped
tmp/GBS-ROOT/R96-aarch64-gcc-env/local/BUILD-ROOTS/scratch.aarch64.0/usr/bin/qemu-mipsel-binfmt: symbolic link to qemu-binfmt
tmp/GBS-ROOT/R96-aarch64-gcc-env/local/BUILD-ROOTS/scratch.aarch64.0/usr/bin/qemu-mipsn32: ELF 64-bit LSB executable, x86-64, version 1 (GNU/Linux), statically linked, BuildID[sha1]=7e90e0d4531739927527c86e33f87e3eb1bb5d45, for GNU/Linux 4.3.0, not stripped
tmp/GBS-ROOT/R96-aarch64-gcc-env/local/BUILD-ROOTS/scratch.aarch64.0/usr/bin/qemu-mipsn32-binfmt: symbolic link to qemu-binfmt
tmp/GBS-ROOT/R96-aarch64-gcc-env/local/BUILD-ROOTS/scratch.aarch64.0/usr/bin/qemu-mipsn32el: ELF 64-bit LSB executable, x86-64, version 1 (GNU/Linux), statically linked, BuildID[sha1]=98ac77d7a75f9b9a084c0d6780147eb6d41ec893, for GNU/Linux 4.3.0, not stripped
tmp/GBS-ROOT/R96-aarch64-gcc-env/local/BUILD-ROOTS/scratch.aarch64.0/usr/bin/qemu-mipsn32el-binfmt: symbolic link to qemu-binfmt
tmp/GBS-ROOT/R96-aarch64-gcc-env/local/BUILD-ROOTS/scratch.aarch64.0/usr/bin/qemu-or1k: ELF 64-bit LSB executable, x86-64, version 1 (GNU/Linux), statically linked, BuildID[sha1]=1dada614e16ca876476c32263c0f7e08ecc6117e, for GNU/Linux 4.3.0, not stripped
tmp/GBS-ROOT/R96-aarch64-gcc-env/local/BUILD-ROOTS/scratch.aarch64.0/usr/bin/qemu-or1k-binfmt: symbolic link to qemu-binfmt
tmp/GBS-ROOT/R96-aarch64-gcc-env/local/BUILD-ROOTS/scratch.aarch64.0/usr/bin/qemu-ppc: ELF 64-bit LSB executable, x86-64, version 1 (GNU/Linux), statically linked, BuildID[sha1]=41516665a87ae9ee9f96b4c922f8690e0661bd38, for GNU/Linux 4.3.0, not stripped
tmp/GBS-ROOT/R96-aarch64-gcc-env/local/BUILD-ROOTS/scratch.aarch64.0/usr/bin/qemu-ppc-binfmt: symbolic link to qemu-binfmt
tmp/GBS-ROOT/R96-aarch64-gcc-env/local/BUILD-ROOTS/scratch.aarch64.0/usr/bin/qemu-ppc64: ELF 64-bit LSB executable, x86-64, version 1 (GNU/Linux), statically linked, BuildID[sha1]=51eacdb2af7be5d4588d7df4d71f52e99746b3f4, for GNU/Linux 4.3.0, not stripped
tmp/GBS-ROOT/R96-aarch64-gcc-env/local/BUILD-ROOTS/scratch.aarch64.0/usr/bin/qemu-ppc64-binfmt: symbolic link to qemu-binfmt
tmp/GBS-ROOT/R96-aarch64-gcc-env/local/BUILD-ROOTS/scratch.aarch64.0/usr/bin/qemu-ppc64le: ELF 64-bit LSB executable, x86-64, version 1 (GNU/Linux), statically linked, BuildID[sha1]=6c5bfe192c0f63c8a6df8f41d287b95d9f0d0441, for GNU/Linux 4.3.0, not stripped
tmp/GBS-ROOT/R96-aarch64-gcc-env/local/BUILD-ROOTS/scratch.aarch64.0/usr/bin/qemu-ppc64le-binfmt: symbolic link to qemu-binfmt
tmp/GBS-ROOT/R96-aarch64-gcc-env/local/BUILD-ROOTS/scratch.aarch64.0/usr/bin/qemu-riscv32: ELF 64-bit LSB executable, x86-64, version 1 (GNU/Linux), statically linked, BuildID[sha1]=c6041559c696b7e28b8fa6f96535ce37c30a5683, for GNU/Linux 4.3.0, not stripped
tmp/GBS-ROOT/R96-aarch64-gcc-env/local/BUILD-ROOTS/scratch.aarch64.0/usr/bin/qemu-riscv32-binfmt: symbolic link to qemu-binfmt
tmp/GBS-ROOT/R96-aarch64-gcc-env/local/BUILD-ROOTS/scratch.aarch64.0/usr/bin/qemu-riscv32-static: ELF 64-bit LSB executable, x86-64, version 1 (GNU/Linux), statically linked, BuildID[sha1]=1eb25860ddee2ee8023c6c563eda6c84fbed51b4, for GNU/Linux 3.2.0, stripped
tmp/GBS-ROOT/R96-aarch64-gcc-env/local/BUILD-ROOTS/scratch.aarch64.0/usr/bin/qemu-riscv64: ELF 64-bit LSB executable, x86-64, version 1 (GNU/Linux), statically linked, BuildID[sha1]=24e5a56b069e9e417feae66af2d675a7a7e4276f, for GNU/Linux 4.3.0, not stripped
tmp/GBS-ROOT/R96-aarch64-gcc-env/local/BUILD-ROOTS/scratch.aarch64.0/usr/bin/qemu-riscv64-binfmt: symbolic link to qemu-binfmt
tmp/GBS-ROOT/R96-aarch64-gcc-env/local/BUILD-ROOTS/scratch.aarch64.0/usr/bin/qemu-riscv64-static: ELF 64-bit LSB executable, x86-64, version 1 (GNU/Linux), statically linked, BuildID[sha1]=a72e3957f7f570fdc70e63c446b68c10f9eb4cdf, for GNU/Linux 3.2.0, stripped
tmp/GBS-ROOT/R96-aarch64-gcc-env/local/BUILD-ROOTS/scratch.aarch64.0/usr/bin/qemu-s390x: ELF 64-bit LSB executable, x86-64, version 1 (GNU/Linux), statically linked, BuildID[sha1]=d6e59d41c6021ee31933827f9b5037a5c9568041, for GNU/Linux 4.3.0, not stripped
tmp/GBS-ROOT/R96-aarch64-gcc-env/local/BUILD-ROOTS/scratch.aarch64.0/usr/bin/qemu-s390x-binfmt: symbolic link to qemu-binfmt
tmp/GBS-ROOT/R96-aarch64-gcc-env/local/BUILD-ROOTS/scratch.aarch64.0/usr/bin/qemu-sh4: ELF 64-bit LSB executable, x86-64, version 1 (GNU/Linux), statically linked, BuildID[sha1]=c7e327e695ed57ceda308f9897d15531c63b7d8c, for GNU/Linux 4.3.0, not stripped
tmp/GBS-ROOT/R96-aarch64-gcc-env/local/BUILD-ROOTS/scratch.aarch64.0/usr/bin/qemu-sh4-binfmt: symbolic link to qemu-binfmt
tmp/GBS-ROOT/R96-aarch64-gcc-env/local/BUILD-ROOTS/scratch.aarch64.0/usr/bin/qemu-sh4eb: ELF 64-bit LSB executable, x86-64, version 1 (GNU/Linux), statically linked, BuildID[sha1]=9ceb68d64dfd62c4855520d684a3030f500d01b1, for GNU/Linux 4.3.0, not stripped
tmp/GBS-ROOT/R96-aarch64-gcc-env/local/BUILD-ROOTS/scratch.aarch64.0/usr/bin/qemu-sh4eb-binfmt: symbolic link to qemu-binfmt
tmp/GBS-ROOT/R96-aarch64-gcc-env/local/BUILD-ROOTS/scratch.aarch64.0/usr/bin/qemu-sparc: ELF 64-bit LSB executable, x86-64, version 1 (GNU/Linux), statically linked, BuildID[sha1]=84c08fa5116ec20c4d23598df1edf68d8c9cf9d5, for GNU/Linux 4.3.0, not stripped
tmp/GBS-ROOT/R96-aarch64-gcc-env/local/BUILD-ROOTS/scratch.aarch64.0/usr/bin/qemu-sparc-binfmt: symbolic link to qemu-binfmt
tmp/GBS-ROOT/R96-aarch64-gcc-env/local/BUILD-ROOTS/scratch.aarch64.0/usr/bin/qemu-sparc32plus: ELF 64-bit LSB executable, x86-64, version 1 (GNU/Linux), statically linked, BuildID[sha1]=ee87261b4079825068eaca05bd386f9c4c5d3014, for GNU/Linux 4.3.0, not stripped
tmp/GBS-ROOT/R96-aarch64-gcc-env/local/BUILD-ROOTS/scratch.aarch64.0/usr/bin/qemu-sparc32plus-binfmt: symbolic link to qemu-binfmt
tmp/GBS-ROOT/R96-aarch64-gcc-env/local/BUILD-ROOTS/scratch.aarch64.0/usr/bin/qemu-sparc64: ELF 64-bit LSB executable, x86-64, version 1 (GNU/Linux), statically linked, BuildID[sha1]=8917b6979e40806c1b90c8ca5063cabffca96644, for GNU/Linux 4.3.0, not stripped
tmp/GBS-ROOT/R96-aarch64-gcc-env/local/BUILD-ROOTS/scratch.aarch64.0/usr/bin/qemu-sparc64-binfmt: symbolic link to qemu-binfmt
tmp/GBS-ROOT/R96-aarch64-gcc-env/local/BUILD-ROOTS/scratch.aarch64.0/usr/bin/qemu-x86_64: ELF 64-bit LSB executable, x86-64, version 1 (GNU/Linux), statically linked, BuildID[sha1]=b04ed5ec3b608df7d22465750768a0ca88b0b8f3, for GNU/Linux 4.3.0, not stripped
tmp/GBS-ROOT/R96-aarch64-gcc-env/local/BUILD-ROOTS/scratch.aarch64.0/usr/bin/qemu-x86_64-binfmt: symbolic link to qemu-binfmt
tmp/GBS-ROOT/R96-aarch64-gcc-env/local/BUILD-ROOTS/scratch.aarch64.0/usr/bin/qemu-xtensa: ELF 64-bit LSB executable, x86-64, version 1 (GNU/Linux), statically linked, BuildID[sha1]=c0e3691879d77b767603714fa7ed7345ff25cd88, for GNU/Linux 4.3.0, not stripped
tmp/GBS-ROOT/R96-aarch64-gcc-env/local/BUILD-ROOTS/scratch.aarch64.0/usr/bin/qemu-xtensa-binfmt: symbolic link to qemu-binfmt
tmp/GBS-ROOT/R96-aarch64-gcc-env/local/BUILD-ROOTS/scratch.aarch64.0/usr/bin/qemu-xtensaeb: ELF 64-bit LSB executable, x86-64, version 1 (GNU/Linux), statically linked, BuildID[sha1]=5da6bb45aac1624aced214f45a79a766a0f6d3fb, for GNU/Linux 4.3.0, not stripped
tmp/GBS-ROOT/R96-aarch64-gcc-env/local/BUILD-ROOTS/scratch.aarch64.0/usr/bin/qemu-xtensaeb-binfmt: symbolic link to qemu-binfmt
===== tmp/GBS-ROOT/LIBCXX-2218-aarch64-20260804-r2/local/BUILD-ROOTS/scratch.aarch64.0 =====
root_exists=yes
aarch64-tizen-linux-gnu-clang -> clang
aarch64-tizen-linux-gnu-clang++ -> clang++
clang-22 -> 
qemu-aarch64 -> 
qemu-aarch64-binfmt -> qemu-binfmt
qemu-aarch64-static -> qemu-aarch64
qemu-aarch64_be -> 
qemu-aarch64_be-binfmt -> qemu-binfmt
qemu-alpha -> 
qemu-alpha-binfmt -> qemu-binfmt
qemu-arm -> 
qemu-arm-binfmt -> qemu-binfmt
qemu-arm-static -> qemu-arm
qemu-arm64 -> qemu-aarch64
qemu-arm64-binfmt -> qemu-aarch64-binfmt
qemu-arm64-static -> 
qemu-armeb -> 
qemu-armeb-binfmt -> qemu-binfmt
qemu-binfmt -> 
qemu-cris-binfmt -> qemu-binfmt
qemu-hexagon -> 
qemu-hexagon-binfmt -> qemu-binfmt
qemu-hppa -> 
qemu-hppa-binfmt -> qemu-binfmt
qemu-i386 -> 
qemu-i386-binfmt -> qemu-binfmt
qemu-loongarch64 -> 
qemu-loongarch64-binfmt -> qemu-binfmt
qemu-m68k -> 
qemu-m68k-binfmt -> qemu-binfmt
qemu-microblaze -> 
qemu-microblaze-binfmt -> qemu-binfmt
qemu-microblazeel -> 
qemu-microblazeel-binfmt -> qemu-binfmt
qemu-mips -> 
qemu-mips-binfmt -> qemu-binfmt
qemu-mips64 -> 
qemu-mips64-binfmt -> qemu-binfmt
qemu-mips64el -> 
qemu-mips64el-binfmt -> qemu-binfmt
qemu-mipsel -> 
qemu-mipsel-binfmt -> qemu-binfmt
qemu-mipsn32 -> 
qemu-mipsn32-binfmt -> qemu-binfmt
qemu-mipsn32el -> 
qemu-mipsn32el-binfmt -> qemu-binfmt
qemu-or1k -> 
qemu-or1k-binfmt -> qemu-binfmt
qemu-ppc -> 
qemu-ppc-binfmt -> qemu-binfmt
qemu-ppc64 -> 
qemu-ppc64-binfmt -> qemu-binfmt
qemu-ppc64le -> 
qemu-ppc64le-binfmt -> qemu-binfmt
qemu-riscv32 -> 
qemu-riscv32-binfmt -> qemu-binfmt
qemu-riscv32-static -> 
qemu-riscv64 -> 
qemu-riscv64-binfmt -> qemu-binfmt
qemu-riscv64-static -> 
qemu-s390x -> 
qemu-s390x-binfmt -> qemu-binfmt
qemu-sh4 -> 
qemu-sh4-binfmt -> qemu-binfmt
qemu-sh4eb -> 
qemu-sh4eb-binfmt -> qemu-binfmt
qemu-sparc -> 
qemu-sparc-binfmt -> qemu-binfmt
qemu-sparc32plus -> 
qemu-sparc32plus-binfmt -> qemu-binfmt
qemu-sparc64 -> 
qemu-sparc64-binfmt -> qemu-binfmt
qemu-x86_64 -> 
qemu-x86_64-binfmt -> qemu-binfmt
qemu-xtensa -> 
qemu-xtensa-binfmt -> qemu-binfmt
qemu-xtensaeb -> 
qemu-xtensaeb-binfmt -> qemu-binfmt
tmp/GBS-ROOT/LIBCXX-2218-aarch64-20260804-r2/local/BUILD-ROOTS/scratch.aarch64.0/emul/bin: symbolic link to usr/bin
tmp/GBS-ROOT/LIBCXX-2218-aarch64-20260804-r2/local/BUILD-ROOTS/scratch.aarch64.0/emul/home: directory
tmp/GBS-ROOT/LIBCXX-2218-aarch64-20260804-r2/local/BUILD-ROOTS/scratch.aarch64.0/emul/lib64: symbolic link to usr/lib64
tmp/GBS-ROOT/LIBCXX-2218-aarch64-20260804-r2/local/BUILD-ROOTS/scratch.aarch64.0/emul/usr: directory
tmp/GBS-ROOT/LIBCXX-2218-aarch64-20260804-r2/local/BUILD-ROOTS/scratch.aarch64.0/usr/bin/qemu-aarch64: ELF 64-bit LSB executable, x86-64, version 1 (GNU/Linux), statically linked, BuildID[sha1]=114e98fbf972328a56ba9ebcd69614476ff578f1, for GNU/Linux 4.3.0, not stripped
tmp/GBS-ROOT/LIBCXX-2218-aarch64-20260804-r2/local/BUILD-ROOTS/scratch.aarch64.0/usr/bin/qemu-aarch64-binfmt: symbolic link to qemu-binfmt
tmp/GBS-ROOT/LIBCXX-2218-aarch64-20260804-r2/local/BUILD-ROOTS/scratch.aarch64.0/usr/bin/qemu-aarch64-static: symbolic link to qemu-aarch64
tmp/GBS-ROOT/LIBCXX-2218-aarch64-20260804-r2/local/BUILD-ROOTS/scratch.aarch64.0/usr/bin/qemu-aarch64_be: ELF 64-bit LSB executable, x86-64, version 1 (GNU/Linux), statically linked, BuildID[sha1]=25223c49ef880396899f0a0332efb7a0623b4a98, for GNU/Linux 4.3.0, not stripped
tmp/GBS-ROOT/LIBCXX-2218-aarch64-20260804-r2/local/BUILD-ROOTS/scratch.aarch64.0/usr/bin/qemu-aarch64_be-binfmt: symbolic link to qemu-binfmt
tmp/GBS-ROOT/LIBCXX-2218-aarch64-20260804-r2/local/BUILD-ROOTS/scratch.aarch64.0/usr/bin/qemu-alpha: ELF 64-bit LSB executable, x86-64, version 1 (GNU/Linux), statically linked, BuildID[sha1]=5cb99cb814cfc2a599a228a4ff94784872b3a3bd, for GNU/Linux 4.3.0, not stripped
tmp/GBS-ROOT/LIBCXX-2218-aarch64-20260804-r2/local/BUILD-ROOTS/scratch.aarch64.0/usr/bin/qemu-alpha-binfmt: symbolic link to qemu-binfmt
tmp/GBS-ROOT/LIBCXX-2218-aarch64-20260804-r2/local/BUILD-ROOTS/scratch.aarch64.0/usr/bin/qemu-arm: ELF 64-bit LSB executable, x86-64, version 1 (GNU/Linux), statically linked, BuildID[sha1]=aa64e2c4456eb2dcf419a405c396447dcc1ffcb5, for GNU/Linux 4.3.0, not stripped
tmp/GBS-ROOT/LIBCXX-2218-aarch64-20260804-r2/local/BUILD-ROOTS/scratch.aarch64.0/usr/bin/qemu-arm-binfmt: symbolic link to qemu-binfmt
tmp/GBS-ROOT/LIBCXX-2218-aarch64-20260804-r2/local/BUILD-ROOTS/scratch.aarch64.0/usr/bin/qemu-arm-static: symbolic link to qemu-arm
tmp/GBS-ROOT/LIBCXX-2218-aarch64-20260804-r2/local/BUILD-ROOTS/scratch.aarch64.0/usr/bin/qemu-arm64: symbolic link to qemu-aarch64
tmp/GBS-ROOT/LIBCXX-2218-aarch64-20260804-r2/local/BUILD-ROOTS/scratch.aarch64.0/usr/bin/qemu-arm64-binfmt: symbolic link to qemu-aarch64-binfmt
tmp/GBS-ROOT/LIBCXX-2218-aarch64-20260804-r2/local/BUILD-ROOTS/scratch.aarch64.0/usr/bin/qemu-arm64-static: ELF 64-bit LSB executable, x86-64, version 1 (GNU/Linux), statically linked, BuildID[sha1]=18f2f11a1088d844671854ba5f60d4c12c0a81d0, for GNU/Linux 3.2.0, stripped
tmp/GBS-ROOT/LIBCXX-2218-aarch64-20260804-r2/local/BUILD-ROOTS/scratch.aarch64.0/usr/bin/qemu-armeb: ELF 64-bit LSB executable, x86-64, version 1 (GNU/Linux), statically linked, BuildID[sha1]=a0af135c26d0500155028be554131880c530a6ad, for GNU/Linux 4.3.0, not stripped
tmp/GBS-ROOT/LIBCXX-2218-aarch64-20260804-r2/local/BUILD-ROOTS/scratch.aarch64.0/usr/bin/qemu-armeb-binfmt: symbolic link to qemu-binfmt
tmp/GBS-ROOT/LIBCXX-2218-aarch64-20260804-r2/local/BUILD-ROOTS/scratch.aarch64.0/usr/bin/qemu-binfmt: ELF 64-bit LSB executable, x86-64, version 1 (GNU/Linux), statically linked, BuildID[sha1]=adae345e3117e56a61bdc67eb928ef2523641ef2, for GNU/Linux 4.3.0, not stripped
tmp/GBS-ROOT/LIBCXX-2218-aarch64-20260804-r2/local/BUILD-ROOTS/scratch.aarch64.0/usr/bin/qemu-cris-binfmt: symbolic link to qemu-binfmt
tmp/GBS-ROOT/LIBCXX-2218-aarch64-20260804-r2/local/BUILD-ROOTS/scratch.aarch64.0/usr/bin/qemu-hexagon: ELF 64-bit LSB executable, x86-64, version 1 (GNU/Linux), statically linked, BuildID[sha1]=daf3c592c77c51804a86a8bc24eb8a3da3496388, for GNU/Linux 4.3.0, not stripped
tmp/GBS-ROOT/LIBCXX-2218-aarch64-20260804-r2/local/BUILD-ROOTS/scratch.aarch64.0/usr/bin/qemu-hexagon-binfmt: symbolic link to qemu-binfmt
tmp/GBS-ROOT/LIBCXX-2218-aarch64-20260804-r2/local/BUILD-ROOTS/scratch.aarch64.0/usr/bin/qemu-hppa: ELF 64-bit LSB executable, x86-64, version 1 (GNU/Linux), statically linked, BuildID[sha1]=cdc3284b09ba99b334fd36cfdbb4835b64503348, for GNU/Linux 4.3.0, not stripped
tmp/GBS-ROOT/LIBCXX-2218-aarch64-20260804-r2/local/BUILD-ROOTS/scratch.aarch64.0/usr/bin/qemu-hppa-binfmt: symbolic link to qemu-binfmt
tmp/GBS-ROOT/LIBCXX-2218-aarch64-20260804-r2/local/BUILD-ROOTS/scratch.aarch64.0/usr/bin/qemu-i386: ELF 64-bit LSB executable, x86-64, version 1 (GNU/Linux), statically linked, BuildID[sha1]=bb84a3868e8e239f12fcc275586fe5aaf8626abf, for GNU/Linux 4.3.0, not stripped
tmp/GBS-ROOT/LIBCXX-2218-aarch64-20260804-r2/local/BUILD-ROOTS/scratch.aarch64.0/usr/bin/qemu-i386-binfmt: symbolic link to qemu-binfmt
tmp/GBS-ROOT/LIBCXX-2218-aarch64-20260804-r2/local/BUILD-ROOTS/scratch.aarch64.0/usr/bin/qemu-loongarch64: ELF 64-bit LSB executable, x86-64, version 1 (GNU/Linux), statically linked, BuildID[sha1]=b1f63ea1738dd0c7bebd801d2c98bc89cce0c003, for GNU/Linux 4.3.0, not stripped
tmp/GBS-ROOT/LIBCXX-2218-aarch64-20260804-r2/local/BUILD-ROOTS/scratch.aarch64.0/usr/bin/qemu-loongarch64-binfmt: symbolic link to qemu-binfmt
tmp/GBS-ROOT/LIBCXX-2218-aarch64-20260804-r2/local/BUILD-ROOTS/scratch.aarch64.0/usr/bin/qemu-m68k: ELF 64-bit LSB executable, x86-64, version 1 (GNU/Linux), statically linked, BuildID[sha1]=007dc1e50db64501a924f065896ac90829005189, for GNU/Linux 4.3.0, not stripped
tmp/GBS-ROOT/LIBCXX-2218-aarch64-20260804-r2/local/BUILD-ROOTS/scratch.aarch64.0/usr/bin/qemu-m68k-binfmt: symbolic link to qemu-binfmt
tmp/GBS-ROOT/LIBCXX-2218-aarch64-20260804-r2/local/BUILD-ROOTS/scratch.aarch64.0/usr/bin/qemu-microblaze: ELF 64-bit LSB executable, x86-64, version 1 (GNU/Linux), statically linked, BuildID[sha1]=0d338c27fcde25fc8ebe15cca8e0ddd59cd56e00, for GNU/Linux 4.3.0, not stripped
tmp/GBS-ROOT/LIBCXX-2218-aarch64-20260804-r2/local/BUILD-ROOTS/scratch.aarch64.0/usr/bin/qemu-microblaze-binfmt: symbolic link to qemu-binfmt
tmp/GBS-ROOT/LIBCXX-2218-aarch64-20260804-r2/local/BUILD-ROOTS/scratch.aarch64.0/usr/bin/qemu-microblazeel: ELF 64-bit LSB executable, x86-64, version 1 (GNU/Linux), statically linked, BuildID[sha1]=2f73e04bf922f517b4c062d4164fcf00b940a7be, for GNU/Linux 4.3.0, not stripped
tmp/GBS-ROOT/LIBCXX-2218-aarch64-20260804-r2/local/BUILD-ROOTS/scratch.aarch64.0/usr/bin/qemu-microblazeel-binfmt: symbolic link to qemu-binfmt
tmp/GBS-ROOT/LIBCXX-2218-aarch64-20260804-r2/local/BUILD-ROOTS/scratch.aarch64.0/usr/bin/qemu-mips: ELF 64-bit LSB executable, x86-64, version 1 (GNU/Linux), statically linked, BuildID[sha1]=0d48f0548969cf7c9cdae37d04fc67de0d89be08, for GNU/Linux 4.3.0, not stripped
tmp/GBS-ROOT/LIBCXX-2218-aarch64-20260804-r2/local/BUILD-ROOTS/scratch.aarch64.0/usr/bin/qemu-mips-binfmt: symbolic link to qemu-binfmt
tmp/GBS-ROOT/LIBCXX-2218-aarch64-20260804-r2/local/BUILD-ROOTS/scratch.aarch64.0/usr/bin/qemu-mips64: ELF 64-bit LSB executable, x86-64, version 1 (GNU/Linux), statically linked, BuildID[sha1]=0f640fd736453170414a35703566b69effc94a81, for GNU/Linux 4.3.0, not stripped
tmp/GBS-ROOT/LIBCXX-2218-aarch64-20260804-r2/local/BUILD-ROOTS/scratch.aarch64.0/usr/bin/qemu-mips64-binfmt: symbolic link to qemu-binfmt
tmp/GBS-ROOT/LIBCXX-2218-aarch64-20260804-r2/local/BUILD-ROOTS/scratch.aarch64.0/usr/bin/qemu-mips64el: ELF 64-bit LSB executable, x86-64, version 1 (GNU/Linux), statically linked, BuildID[sha1]=318ca9c2a10182af0bcd7f9aab76fded13cc7176, for GNU/Linux 4.3.0, not stripped
tmp/GBS-ROOT/LIBCXX-2218-aarch64-20260804-r2/local/BUILD-ROOTS/scratch.aarch64.0/usr/bin/qemu-mips64el-binfmt: symbolic link to qemu-binfmt
tmp/GBS-ROOT/LIBCXX-2218-aarch64-20260804-r2/local/BUILD-ROOTS/scratch.aarch64.0/usr/bin/qemu-mipsel: ELF 64-bit LSB executable, x86-64, version 1 (GNU/Linux), statically linked, BuildID[sha1]=1a40046ed4d0bbfce9db7aec85ee9f0e4be003f8, for GNU/Linux 4.3.0, not stripped
tmp/GBS-ROOT/LIBCXX-2218-aarch64-20260804-r2/local/BUILD-ROOTS/scratch.aarch64.0/usr/bin/qemu-mipsel-binfmt: symbolic link to qemu-binfmt
tmp/GBS-ROOT/LIBCXX-2218-aarch64-20260804-r2/local/BUILD-ROOTS/scratch.aarch64.0/usr/bin/qemu-mipsn32: ELF 64-bit LSB executable, x86-64, version 1 (GNU/Linux), statically linked, BuildID[sha1]=7e90e0d4531739927527c86e33f87e3eb1bb5d45, for GNU/Linux 4.3.0, not stripped
tmp/GBS-ROOT/LIBCXX-2218-aarch64-20260804-r2/local/BUILD-ROOTS/scratch.aarch64.0/usr/bin/qemu-mipsn32-binfmt: symbolic link to qemu-binfmt
tmp/GBS-ROOT/LIBCXX-2218-aarch64-20260804-r2/local/BUILD-ROOTS/scratch.aarch64.0/usr/bin/qemu-mipsn32el: ELF 64-bit LSB executable, x86-64, version 1 (GNU/Linux), statically linked, BuildID[sha1]=98ac77d7a75f9b9a084c0d6780147eb6d41ec893, for GNU/Linux 4.3.0, not stripped
tmp/GBS-ROOT/LIBCXX-2218-aarch64-20260804-r2/local/BUILD-ROOTS/scratch.aarch64.0/usr/bin/qemu-mipsn32el-binfmt: symbolic link to qemu-binfmt
tmp/GBS-ROOT/LIBCXX-2218-aarch64-20260804-r2/local/BUILD-ROOTS/scratch.aarch64.0/usr/bin/qemu-or1k: ELF 64-bit LSB executable, x86-64, version 1 (GNU/Linux), statically linked, BuildID[sha1]=1dada614e16ca876476c32263c0f7e08ecc6117e, for GNU/Linux 4.3.0, not stripped
tmp/GBS-ROOT/LIBCXX-2218-aarch64-20260804-r2/local/BUILD-ROOTS/scratch.aarch64.0/usr/bin/qemu-or1k-binfmt: symbolic link to qemu-binfmt
tmp/GBS-ROOT/LIBCXX-2218-aarch64-20260804-r2/local/BUILD-ROOTS/scratch.aarch64.0/usr/bin/qemu-ppc: ELF 64-bit LSB executable, x86-64, version 1 (GNU/Linux), statically linked, BuildID[sha1]=41516665a87ae9ee9f96b4c922f8690e0661bd38, for GNU/Linux 4.3.0, not stripped
tmp/GBS-ROOT/LIBCXX-2218-aarch64-20260804-r2/local/BUILD-ROOTS/scratch.aarch64.0/usr/bin/qemu-ppc-binfmt: symbolic link to qemu-binfmt
tmp/GBS-ROOT/LIBCXX-2218-aarch64-20260804-r2/local/BUILD-ROOTS/scratch.aarch64.0/usr/bin/qemu-ppc64: ELF 64-bit LSB executable, x86-64, version 1 (GNU/Linux), statically linked, BuildID[sha1]=51eacdb2af7be5d4588d7df4d71f52e99746b3f4, for GNU/Linux 4.3.0, not stripped
tmp/GBS-ROOT/LIBCXX-2218-aarch64-20260804-r2/local/BUILD-ROOTS/scratch.aarch64.0/usr/bin/qemu-ppc64-binfmt: symbolic link to qemu-binfmt
tmp/GBS-ROOT/LIBCXX-2218-aarch64-20260804-r2/local/BUILD-ROOTS/scratch.aarch64.0/usr/bin/qemu-ppc64le: ELF 64-bit LSB executable, x86-64, version 1 (GNU/Linux), statically linked, BuildID[sha1]=6c5bfe192c0f63c8a6df8f41d287b95d9f0d0441, for GNU/Linux 4.3.0, not stripped
tmp/GBS-ROOT/LIBCXX-2218-aarch64-20260804-r2/local/BUILD-ROOTS/scratch.aarch64.0/usr/bin/qemu-ppc64le-binfmt: symbolic link to qemu-binfmt
tmp/GBS-ROOT/LIBCXX-2218-aarch64-20260804-r2/local/BUILD-ROOTS/scratch.aarch64.0/usr/bin/qemu-riscv32: ELF 64-bit LSB executable, x86-64, version 1 (GNU/Linux), statically linked, BuildID[sha1]=c6041559c696b7e28b8fa6f96535ce37c30a5683, for GNU/Linux 4.3.0, not stripped
tmp/GBS-ROOT/LIBCXX-2218-aarch64-20260804-r2/local/BUILD-ROOTS/scratch.aarch64.0/usr/bin/qemu-riscv32-binfmt: symbolic link to qemu-binfmt
tmp/GBS-ROOT/LIBCXX-2218-aarch64-20260804-r2/local/BUILD-ROOTS/scratch.aarch64.0/usr/bin/qemu-riscv32-static: ELF 64-bit LSB executable, x86-64, version 1 (GNU/Linux), statically linked, BuildID[sha1]=1eb25860ddee2ee8023c6c563eda6c84fbed51b4, for GNU/Linux 3.2.0, stripped
tmp/GBS-ROOT/LIBCXX-2218-aarch64-20260804-r2/local/BUILD-ROOTS/scratch.aarch64.0/usr/bin/qemu-riscv64: ELF 64-bit LSB executable, x86-64, version 1 (GNU/Linux), statically linked, BuildID[sha1]=24e5a56b069e9e417feae66af2d675a7a7e4276f, for GNU/Linux 4.3.0, not stripped
tmp/GBS-ROOT/LIBCXX-2218-aarch64-20260804-r2/local/BUILD-ROOTS/scratch.aarch64.0/usr/bin/qemu-riscv64-binfmt: symbolic link to qemu-binfmt
tmp/GBS-ROOT/LIBCXX-2218-aarch64-20260804-r2/local/BUILD-ROOTS/scratch.aarch64.0/usr/bin/qemu-riscv64-static: ELF 64-bit LSB executable, x86-64, version 1 (GNU/Linux), statically linked, BuildID[sha1]=a72e3957f7f570fdc70e63c446b68c10f9eb4cdf, for GNU/Linux 3.2.0, stripped
tmp/GBS-ROOT/LIBCXX-2218-aarch64-20260804-r2/local/BUILD-ROOTS/scratch.aarch64.0/usr/bin/qemu-s390x: ELF 64-bit LSB executable, x86-64, version 1 (GNU/Linux), statically linked, BuildID[sha1]=d6e59d41c6021ee31933827f9b5037a5c9568041, for GNU/Linux 4.3.0, not stripped
tmp/GBS-ROOT/LIBCXX-2218-aarch64-20260804-r2/local/BUILD-ROOTS/scratch.aarch64.0/usr/bin/qemu-s390x-binfmt: symbolic link to qemu-binfmt
tmp/GBS-ROOT/LIBCXX-2218-aarch64-20260804-r2/local/BUILD-ROOTS/scratch.aarch64.0/usr/bin/qemu-sh4: ELF 64-bit LSB executable, x86-64, version 1 (GNU/Linux), statically linked, BuildID[sha1]=c7e327e695ed57ceda308f9897d15531c63b7d8c, for GNU/Linux 4.3.0, not stripped
tmp/GBS-ROOT/LIBCXX-2218-aarch64-20260804-r2/local/BUILD-ROOTS/scratch.aarch64.0/usr/bin/qemu-sh4-binfmt: symbolic link to qemu-binfmt
tmp/GBS-ROOT/LIBCXX-2218-aarch64-20260804-r2/local/BUILD-ROOTS/scratch.aarch64.0/usr/bin/qemu-sh4eb: ELF 64-bit LSB executable, x86-64, version 1 (GNU/Linux), statically linked, BuildID[sha1]=9ceb68d64dfd62c4855520d684a3030f500d01b1, for GNU/Linux 4.3.0, not stripped
tmp/GBS-ROOT/LIBCXX-2218-aarch64-20260804-r2/local/BUILD-ROOTS/scratch.aarch64.0/usr/bin/qemu-sh4eb-binfmt: symbolic link to qemu-binfmt
tmp/GBS-ROOT/LIBCXX-2218-aarch64-20260804-r2/local/BUILD-ROOTS/scratch.aarch64.0/usr/bin/qemu-sparc: ELF 64-bit LSB executable, x86-64, version 1 (GNU/Linux), statically linked, BuildID[sha1]=84c08fa5116ec20c4d23598df1edf68d8c9cf9d5, for GNU/Linux 4.3.0, not stripped
tmp/GBS-ROOT/LIBCXX-2218-aarch64-20260804-r2/local/BUILD-ROOTS/scratch.aarch64.0/usr/bin/qemu-sparc-binfmt: symbolic link to qemu-binfmt
tmp/GBS-ROOT/LIBCXX-2218-aarch64-20260804-r2/local/BUILD-ROOTS/scratch.aarch64.0/usr/bin/qemu-sparc32plus: ELF 64-bit LSB executable, x86-64, version 1 (GNU/Linux), statically linked, BuildID[sha1]=ee87261b4079825068eaca05bd386f9c4c5d3014, for GNU/Linux 4.3.0, not stripped
tmp/GBS-ROOT/LIBCXX-2218-aarch64-20260804-r2/local/BUILD-ROOTS/scratch.aarch64.0/usr/bin/qemu-sparc32plus-binfmt: symbolic link to qemu-binfmt
tmp/GBS-ROOT/LIBCXX-2218-aarch64-20260804-r2/local/BUILD-ROOTS/scratch.aarch64.0/usr/bin/qemu-sparc64: ELF 64-bit LSB executable, x86-64, version 1 (GNU/Linux), statically linked, BuildID[sha1]=8917b6979e40806c1b90c8ca5063cabffca96644, for GNU/Linux 4.3.0, not stripped
tmp/GBS-ROOT/LIBCXX-2218-aarch64-20260804-r2/local/BUILD-ROOTS/scratch.aarch64.0/usr/bin/qemu-sparc64-binfmt: symbolic link to qemu-binfmt
tmp/GBS-ROOT/LIBCXX-2218-aarch64-20260804-r2/local/BUILD-ROOTS/scratch.aarch64.0/usr/bin/qemu-x86_64: ELF 64-bit LSB executable, x86-64, version 1 (GNU/Linux), statically linked, BuildID[sha1]=b04ed5ec3b608df7d22465750768a0ca88b0b8f3, for GNU/Linux 4.3.0, not stripped
tmp/GBS-ROOT/LIBCXX-2218-aarch64-20260804-r2/local/BUILD-ROOTS/scratch.aarch64.0/usr/bin/qemu-x86_64-binfmt: symbolic link to qemu-binfmt
tmp/GBS-ROOT/LIBCXX-2218-aarch64-20260804-r2/local/BUILD-ROOTS/scratch.aarch64.0/usr/bin/qemu-xtensa: ELF 64-bit LSB executable, x86-64, version 1 (GNU/Linux), statically linked, BuildID[sha1]=c0e3691879d77b767603714fa7ed7345ff25cd88, for GNU/Linux 4.3.0, not stripped
tmp/GBS-ROOT/LIBCXX-2218-aarch64-20260804-r2/local/BUILD-ROOTS/scratch.aarch64.0/usr/bin/qemu-xtensa-binfmt: symbolic link to qemu-binfmt
tmp/GBS-ROOT/LIBCXX-2218-aarch64-20260804-r2/local/BUILD-ROOTS/scratch.aarch64.0/usr/bin/qemu-xtensaeb: ELF 64-bit LSB executable, x86-64, version 1 (GNU/Linux), statically linked, BuildID[sha1]=5da6bb45aac1624aced214f45a79a766a0f6d3fb, for GNU/Linux 4.3.0, not stripped
tmp/GBS-ROOT/LIBCXX-2218-aarch64-20260804-r2/local/BUILD-ROOTS/scratch.aarch64.0/usr/bin/qemu-xtensaeb-binfmt: symbolic link to qemu-binfmt
===== tmp/GBS-ROOT/LIBCXX-R91-x86_64-retry1/local/BUILD-ROOTS/scratch.x86_64.0 =====
root_exists=yes
clang-22 -> 
qemu-arm-binfmt -> 
qemu-arm-static -> 
qemu-arm64-binfmt -> 
qemu-arm64-static -> 
qemu-riscv32-binfmt -> 
qemu-riscv32-static -> 
qemu-riscv64-binfmt -> 
qemu-riscv64-static -> 
x86_64-tizen-linux-gnu-clang -> clang
x86_64-tizen-linux-gnu-clang++ -> clang++
tmp/GBS-ROOT/LIBCXX-R91-x86_64-retry1/local/BUILD-ROOTS/scratch.x86_64.0/usr/bin/qemu-arm-binfmt: ELF 64-bit LSB executable, x86-64, version 1 (GNU/Linux), statically linked, BuildID[sha1]=7d85e8c7088da92c833c0e287d3a5acc92b9fd7a, for GNU/Linux 3.2.0, stripped
tmp/GBS-ROOT/LIBCXX-R91-x86_64-retry1/local/BUILD-ROOTS/scratch.x86_64.0/usr/bin/qemu-arm-static: ELF 64-bit LSB executable, x86-64, version 1 (GNU/Linux), statically linked, BuildID[sha1]=3c08af98d30876db1dc35a442d67841dd665b8df, for GNU/Linux 3.2.0, stripped
tmp/GBS-ROOT/LIBCXX-R91-x86_64-retry1/local/BUILD-ROOTS/scratch.x86_64.0/usr/bin/qemu-arm64-binfmt: ELF 64-bit LSB executable, x86-64, version 1 (GNU/Linux), statically linked, BuildID[sha1]=7d85e8c7088da92c833c0e287d3a5acc92b9fd7a, for GNU/Linux 3.2.0, stripped
tmp/GBS-ROOT/LIBCXX-R91-x86_64-retry1/local/BUILD-ROOTS/scratch.x86_64.0/usr/bin/qemu-arm64-static: ELF 64-bit LSB executable, x86-64, version 1 (GNU/Linux), statically linked, BuildID[sha1]=18f2f11a1088d844671854ba5f60d4c12c0a81d0, for GNU/Linux 3.2.0, stripped
tmp/GBS-ROOT/LIBCXX-R91-x86_64-retry1/local/BUILD-ROOTS/scratch.x86_64.0/usr/bin/qemu-riscv32-binfmt: ELF 64-bit LSB executable, x86-64, version 1 (GNU/Linux), statically linked, BuildID[sha1]=7d85e8c7088da92c833c0e287d3a5acc92b9fd7a, for GNU/Linux 3.2.0, stripped
tmp/GBS-ROOT/LIBCXX-R91-x86_64-retry1/local/BUILD-ROOTS/scratch.x86_64.0/usr/bin/qemu-riscv32-static: ELF 64-bit LSB executable, x86-64, version 1 (GNU/Linux), statically linked, BuildID[sha1]=1eb25860ddee2ee8023c6c563eda6c84fbed51b4, for GNU/Linux 3.2.0, stripped
tmp/GBS-ROOT/LIBCXX-R91-x86_64-retry1/local/BUILD-ROOTS/scratch.x86_64.0/usr/bin/qemu-riscv64-binfmt: ELF 64-bit LSB executable, x86-64, version 1 (GNU/Linux), statically linked, BuildID[sha1]=7d85e8c7088da92c833c0e287d3a5acc92b9fd7a, for GNU/Linux 3.2.0, stripped
tmp/GBS-ROOT/LIBCXX-R91-x86_64-retry1/local/BUILD-ROOTS/scratch.x86_64.0/usr/bin/qemu-riscv64-static: ELF 64-bit LSB executable, x86-64, version 1 (GNU/Linux), statically linked, BuildID[sha1]=a72e3957f7f570fdc70e63c446b68c10f9eb4cdf, for GNU/Linux 3.2.0, stripped
===== R96 prior aarch64 retry =====
bash -lc $'\n  root=tmp/GBS-ROOT/LIBCXX-2218-aarch64-20260804-r2/local/BUILD-ROOTS/scratch.aarch64.0\n  echo "root=$root"\n  rg -n "^%_host[[:space:]]|^%__cc[[:space:]]|^%__cxx[[:space:]]" "$root/usr/lib/rpm/macros"\n  host=$(sed -n "s/^%_host[[:space:]]*//p" "$root/usr/lib/rpm/macros" | head -n 1)\n  echo "expanded_host=$host"\n  echo "expected_cc=${host}-clang"\n  echo "expected_cxx=${host}-clang++"\n  test "$host" = "aarch64-tizen-linux-gnu" || exit 3\n  test -e "$root/usr/bin/${host}-clang" || exit 4\n  test -e "$root/usr/bin/${host}-clang++" || exit 5\n  ls -l "$root/usr/bin/${host}-clang" "$root/usr/bin/${host}-clang++"\n  file -L "$root/usr/bin/${host}-clang" "$root/usr/bin/${host}-clang++"\n  qemu=$(command -v qemu-arm64-static || command -v qemu-aarch64-static || true); echo "qemu=$qemu"\n  if test -n "$qemu"; then\n    "$qemu" -L "$root" "$root/usr/bin/${host}-clang" --version\n    "$qemu" -L "$root" "$root/usr/bin/${host}-clang++" --version\n  else\n    echo "qemu_version_check=NOT_AVAILABLE"\n  fi\n' 
root=tmp/GBS-ROOT/LIBCXX-2218-aarch64-20260804-r2/local/BUILD-ROOTS/scratch.aarch64.0
74:%__cc			aarch64-tizen-linux-gnu-clang
76:%__cxx			aarch64-tizen-linux-gnu-clang++
1029:%_host			aarch64-tizen-linux-gnu
expanded_host=aarch64-tizen-linux-gnu
expected_cc=aarch64-tizen-linux-gnu-clang
expected_cxx=aarch64-tizen-linux-gnu-clang++
lrwxrwxrwx 1 root root 5 Jul 22 14:49 tmp/GBS-ROOT/LIBCXX-2218-aarch64-20260804-r2/local/BUILD-ROOTS/scratch.aarch64.0/usr/bin/aarch64-tizen-linux-gnu-clang -> clang
lrwxrwxrwx 1 root root 7 Jul 22 14:49 tmp/GBS-ROOT/LIBCXX-2218-aarch64-20260804-r2/local/BUILD-ROOTS/scratch.aarch64.0/usr/bin/aarch64-tizen-linux-gnu-clang++ -> clang++
tmp/GBS-ROOT/LIBCXX-2218-aarch64-20260804-r2/local/BUILD-ROOTS/scratch.aarch64.0/usr/bin/aarch64-tizen-linux-gnu-clang:   ELF 64-bit LSB pie executable, ARM aarch64, version 1 (SYSV), dynamically linked, interpreter /lib/ld-linux-aarch64.so.1, for GNU/Linux 3.7.0, stripped
tmp/GBS-ROOT/LIBCXX-2218-aarch64-20260804-r2/local/BUILD-ROOTS/scratch.aarch64.0/usr/bin/aarch64-tizen-linux-gnu-clang++: ELF 64-bit LSB pie executable, ARM aarch64, version 1 (SYSV), dynamically linked, interpreter /lib/ld-linux-aarch64.so.1, for GNU/Linux 3.7.0, stripped
qemu=/usr/bin/qemu-arm64-static
qemu-arm64-static: Could not open '/lib/ld-linux-aarch64.so.1': No such file or directory
qemu-arm64-static: Could not open '/lib/ld-linux-aarch64.so.1': No such file or directory
prior_exit=255
