555558e9e000-555558ebf000 rw-p 00000000 00:00 0                          [heap]
7454e3608000-7454e360a000 r--p 00000000 103:01 24643894                  /usr/lib/x86_64-linux-gnu/libatomic.so.1.2.0
7454e360a000-7454e360e000 r-xp 00002000 103:01 24643894                  /usr/lib/x86_64-linux-gnu/libatomic.so.1.2.0
7454e360e000-7454e3610000 r--p 00006000 103:01 24643894                  /usr/lib/x86_64-linux-gnu/libatomic.so.1.2.0
7454e3610000-7454e3611000 r--p 00007000 103:01 24643894                  /usr/lib/x86_64-linux-gnu/libatomic.so.1.2.0
7454e3611000-7454e3612000 rw-p 00008000 103:01 24643894                  /usr/lib/x86_64-linux-gnu/libatomic.so.1.2.0
7454e3612000-7454e3613000 rw-p 00000000 00:00 0 
7454e361f000-7454e3620000 r--p 00000000 08:01 69229891                   /home/toolchain/development/libcxx_runtime_validation/tmp/P12/replay_verified/build/vector_provider_cxx.so
7454e3620000-7454e3621000 r-xp 00001000 08:01 69229891                   /home/toolchain/development/libcxx_runtime_validation/tmp/P12/replay_verified/build/vector_provider_cxx.so
7454e3621000-7454e3622000 r--p 00002000 08:01 69229891                   /home/toolchain/development/libcxx_runtime_validation/tmp/P12/replay_verified/build/vector_provider_cxx.so
7454e3622000-7454e3623000 r--p 00002000 08:01 69229891                   /home/toolchain/development/libcxx_runtime_validation/tmp/P12/replay_verified/build/vector_provider_cxx.so
7454e3623000-7454e3624000 rw-p 00003000 08:01 69229891                   /home/toolchain/development/libcxx_runtime_validation/tmp/P12/replay_verified/build/vector_provider_cxx.so
7454e3624000-7454e364c000 r--p 00000000 08:01 23608330                   /home/toolchain/development/libc++_replacement/tmp/R11/extracted/bb/bb95acf2989fecd8ed536d259eb6ce43109882f58a219adcd440fd826537dda7/lib64/libc.so.6
7454e364c000-7454e379c000 r-xp 00028000 08:01 23608330                   /home/toolchain/development/libc++_replacement/tmp/R11/extracted/bb/bb95acf2989fecd8ed536d259eb6ce43109882f58a219adcd440fd826537dda7/lib64/libc.so.6
7454e379c000-7454e37f2000 r--p 00178000 08:01 23608330                   /home/toolchain/development/libc++_replacement/tmp/R11/extracted/bb/bb95acf2989fecd8ed536d259eb6ce43109882f58a219adcd440fd826537dda7/lib64/libc.so.6
7454e37f2000-7454e37f6000 r--p 001ce000 08:01 23608330                   /home/toolchain/development/libc++_replacement/tmp/R11/extracted/bb/bb95acf2989fecd8ed536d259eb6ce43109882f58a219adcd440fd826537dda7/lib64/libc.so.6
7454e37f6000-7454e37f8000 rw-p 001d2000 08:01 23608330                   /home/toolchain/development/libc++_replacement/tmp/R11/extracted/bb/bb95acf2989fecd8ed536d259eb6ce43109882f58a219adcd440fd826537dda7/lib64/libc.so.6
7454e37f8000-7454e3800000 rw-p 00000000 00:00 0 
7454e3800000-7454e38a5000 r--p 00000000 08:01 23622988                   /home/toolchain/development/libc++_replacement/tmp/R11/extracted/b8/b8155206a459a575f0f701c66a553cd2029728963fa3938768131e9028e4ee6b/usr/lib64/libstdc++.so.6.0.33
7454e38a5000-7454e39cd000 r-xp 000a5000 08:01 23622988                   /home/toolchain/development/libc++_replacement/tmp/R11/extracted/b8/b8155206a459a575f0f701c66a553cd2029728963fa3938768131e9028e4ee6b/usr/lib64/libstdc++.so.6.0.33
7454e39cd000-7454e3a54000 r--p 001cd000 08:01 23622988                   /home/toolchain/development/libc++_replacement/tmp/R11/extracted/b8/b8155206a459a575f0f701c66a553cd2029728963fa3938768131e9028e4ee6b/usr/lib64/libstdc++.so.6.0.33
7454e3a54000-7454e3a5f000 r--p 00254000 08:01 23622988                   /home/toolchain/development/libc++_replacement/tmp/R11/extracted/b8/b8155206a459a575f0f701c66a553cd2029728963fa3938768131e9028e4ee6b/usr/lib64/libstdc++.so.6.0.33
7454e3a5f000-7454e3a62000 rw-p 0025f000 08:01 23622988                   /home/toolchain/development/libc++_replacement/tmp/R11/extracted/b8/b8155206a459a575f0f701c66a553cd2029728963fa3938768131e9028e4ee6b/usr/lib64/libstdc++.so.6.0.33
7454e3a62000-7454e3a66000 rw-p 00000000 00:00 0 
7454e3a67000-7454e3a6c000 rw-p 00000000 00:00 0 
7454e3a6c000-7454e3a6d000 r--p 00000000 08:01 23608461                   /home/toolchain/development/libc++_replacement/tmp/R11/extracted/bb/bb95acf2989fecd8ed536d259eb6ce43109882f58a219adcd440fd826537dda7/lib64/libpthread.so.0
7454e3a6d000-7454e3a6e000 r-xp 00001000 08:01 23608461                   /home/toolchain/development/libc++_replacement/tmp/R11/extracted/bb/bb95acf2989fecd8ed536d259eb6ce43109882f58a219adcd440fd826537dda7/lib64/libpthread.so.0
7454e3a6e000-7454e3a6f000 r--p 00002000 08:01 23608461                   /home/toolchain/development/libc++_replacement/tmp/R11/extracted/bb/bb95acf2989fecd8ed536d259eb6ce43109882f58a219adcd440fd826537dda7/lib64/libpthread.so.0
7454e3a6f000-7454e3a70000 r--p 00002000 08:01 23608461                   /home/toolchain/development/libc++_replacement/tmp/R11/extracted/bb/bb95acf2989fecd8ed536d259eb6ce43109882f58a219adcd440fd826537dda7/lib64/libpthread.so.0
7454e3a70000-7454e3a71000 rw-p 00003000 08:01 23608461                   /home/toolchain/development/libc++_replacement/tmp/R11/extracted/bb/bb95acf2989fecd8ed536d259eb6ce43109882f58a219adcd440fd826537dda7/lib64/libpthread.so.0
7454e3a71000-7454e3a75000 r--p 00000000 08:01 23621385                   /home/toolchain/development/libc++_replacement/tmp/R11/extracted/fe/fe622fb74e245c939c61ea5cca98dcbfc342fa7e12b1de0d8602be19ed35c441/usr/lib64/libgcc_s.so.1
7454e3a75000-7454e3a98000 r-xp 00004000 08:01 23621385                   /home/toolchain/development/libc++_replacement/tmp/R11/extracted/fe/fe622fb74e245c939c61ea5cca98dcbfc342fa7e12b1de0d8602be19ed35c441/usr/lib64/libgcc_s.so.1
7454e3a98000-7454e3a9c000 r--p 00027000 08:01 23621385                   /home/toolchain/development/libc++_replacement/tmp/R11/extracted/fe/fe622fb74e245c939c61ea5cca98dcbfc342fa7e12b1de0d8602be19ed35c441/usr/lib64/libgcc_s.so.1
7454e3a9c000-7454e3a9d000 rw-p 0002b000 08:01 23621385                   /home/toolchain/development/libc++_replacement/tmp/R11/extracted/fe/fe622fb74e245c939c61ea5cca98dcbfc342fa7e12b1de0d8602be19ed35c441/usr/lib64/libgcc_s.so.1
7454e3a9d000-7454e3aad000 r--p 00000000 08:01 23608339                   /home/toolchain/development/libc++_replacement/tmp/R11/extracted/bb/bb95acf2989fecd8ed536d259eb6ce43109882f58a219adcd440fd826537dda7/lib64/libm.so.6
7454e3aad000-7454e3b23000 r-xp 00010000 08:01 23608339                   /home/toolchain/development/libc++_replacement/tmp/R11/extracted/bb/bb95acf2989fecd8ed536d259eb6ce43109882f58a219adcd440fd826537dda7/lib64/libm.so.6
7454e3b23000-7454e3b7e000 r--p 00086000 08:01 23608339                   /home/toolchain/development/libc++_replacement/tmp/R11/extracted/bb/bb95acf2989fecd8ed536d259eb6ce43109882f58a219adcd440fd826537dda7/lib64/libm.so.6
7454e3b7e000-7454e3b7f000 r--p 000e0000 08:01 23608339                   /home/toolchain/development/libc++_replacement/tmp/R11/extracted/bb/bb95acf2989fecd8ed536d259eb6ce43109882f58a219adcd440fd826537dda7/lib64/libm.so.6
7454e3b7f000-7454e3b80000 rw-p 000e1000 08:01 23608339                   /home/toolchain/development/libc++_replacement/tmp/R11/extracted/bb/bb95acf2989fecd8ed536d259eb6ce43109882f58a219adcd440fd826537dda7/lib64/libm.so.6
7454e3b80000-7454e3b82000 rw-p 00000000 00:00 0 
7454e3b82000-7454e3b83000 r--p 00000000 08:01 23608338                   /home/toolchain/development/libc++_replacement/tmp/R11/extracted/bb/bb95acf2989fecd8ed536d259eb6ce43109882f58a219adcd440fd826537dda7/lib64/libdl.so.2
7454e3b83000-7454e3b84000 r-xp 00001000 08:01 23608338                   /home/toolchain/development/libc++_replacement/tmp/R11/extracted/bb/bb95acf2989fecd8ed536d259eb6ce43109882f58a219adcd440fd826537dda7/lib64/libdl.so.2
7454e3b84000-7454e3b85000 r--p 00002000 08:01 23608338                   /home/toolchain/development/libc++_replacement/tmp/R11/extracted/bb/bb95acf2989fecd8ed536d259eb6ce43109882f58a219adcd440fd826537dda7/lib64/libdl.so.2
7454e3b85000-7454e3b86000 r--p 00002000 08:01 23608338                   /home/toolchain/development/libc++_replacement/tmp/R11/extracted/bb/bb95acf2989fecd8ed536d259eb6ce43109882f58a219adcd440fd826537dda7/lib64/libdl.so.2
7454e3b86000-7454e3b87000 rw-p 00003000 08:01 23608338                   /home/toolchain/development/libc++_replacement/tmp/R11/extracted/bb/bb95acf2989fecd8ed536d259eb6ce43109882f58a219adcd440fd826537dda7/lib64/libdl.so.2
7454e3b87000-7454e3b98000 r--p 00000000 08:01 72160044                   /home/toolchain/development/libcxx_runtime_validation/tmp/IMPL_0908/build-native/lib/libc++abi.so.1.0
7454e3b98000-7454e3bb5000 r-xp 00011000 08:01 72160044                   /home/toolchain/development/libcxx_runtime_validation/tmp/IMPL_0908/build-native/lib/libc++abi.so.1.0
7454e3bb5000-7454e3bbf000 r--p 0002e000 08:01 72160044                   /home/toolchain/development/libcxx_runtime_validation/tmp/IMPL_0908/build-native/lib/libc++abi.so.1.0
7454e3bbf000-7454e3bc4000 r--p 00038000 08:01 72160044                   /home/toolchain/development/libcxx_runtime_validation/tmp/IMPL_0908/build-native/lib/libc++abi.so.1.0
7454e3bc4000-7454e3bc5000 rw-p 0003d000 08:01 72160044                   /home/toolchain/development/libcxx_runtime_validation/tmp/IMPL_0908/build-native/lib/libc++abi.so.1.0
7454e3bc5000-7454e3c01000 r--p 00000000 08:01 72160099                   /home/toolchain/development/libcxx_runtime_validation/tmp/IMPL_0908/build-native/lib/libc++.so.1.0
7454e3c01000-7454e3c7b000 r-xp 0003c000 08:01 72160099                   /home/toolchain/development/libcxx_runtime_validation/tmp/IMPL_0908/build-native/lib/libc++.so.1.0
7454e3c7b000-7454e3cbe000 r--p 000b6000 08:01 72160099                   /home/toolchain/development/libcxx_runtime_validation/tmp/IMPL_0908/build-native/lib/libc++.so.1.0
7454e3cbe000-7454e3cc5000 r--p 000f8000 08:01 72160099                   /home/toolchain/development/libcxx_runtime_validation/tmp/IMPL_0908/build-native/lib/libc++.so.1.0
7454e3cc5000-7454e3cc6000 rw-p 000ff000 08:01 72160099                   /home/toolchain/development/libcxx_runtime_validation/tmp/IMPL_0908/build-native/lib/libc++.so.1.0
7454e3cc6000-7454e3cd3000 rw-p 00000000 00:00 0 
7454e3cd3000-7454e3cd4000 r--p 00000000 08:01 69229897                   /home/toolchain/development/libcxx_runtime_validation/tmp/P12/replay_verified/build/vector_app_cxx
7454e3cd4000-7454e3cd5000 r-xp 00001000 08:01 69229897                   /home/toolchain/development/libcxx_runtime_validation/tmp/P12/replay_verified/build/vector_app_cxx
7454e3cd5000-7454e3cd6000 r--p 00002000 08:01 69229897                   /home/toolchain/development/libcxx_runtime_validation/tmp/P12/replay_verified/build/vector_app_cxx
7454e3cd6000-7454e3cd7000 r--p 00002000 08:01 69229897                   /home/toolchain/development/libcxx_runtime_validation/tmp/P12/replay_verified/build/vector_app_cxx
7454e3cd7000-7454e3cd8000 rw-p 00003000 08:01 69229897                   /home/toolchain/development/libcxx_runtime_validation/tmp/P12/replay_verified/build/vector_app_cxx
7454e3cd8000-7454e3cdc000 r--p 00000000 00:00 0                          [vvar]
7454e3cdc000-7454e3cde000 r--p 00000000 00:00 0                          [vvar_vclock]
7454e3cde000-7454e3ce0000 r-xp 00000000 00:00 0                          [vdso]
7454e3ce0000-7454e3ce1000 r--p 00000000 08:01 23608327                   /home/toolchain/development/libc++_replacement/tmp/R11/extracted/bb/bb95acf2989fecd8ed536d259eb6ce43109882f58a219adcd440fd826537dda7/lib64/ld-linux-x86-64.so.2
7454e3ce1000-7454e3d0e000 r-xp 00001000 08:01 23608327                   /home/toolchain/development/libc++_replacement/tmp/R11/extracted/bb/bb95acf2989fecd8ed536d259eb6ce43109882f58a219adcd440fd826537dda7/lib64/ld-linux-x86-64.so.2
7454e3d0e000-7454e3d1a000 r--p 0002e000 08:01 23608327                   /home/toolchain/development/libc++_replacement/tmp/R11/extracted/bb/bb95acf2989fecd8ed536d259eb6ce43109882f58a219adcd440fd826537dda7/lib64/ld-linux-x86-64.so.2
7454e3d1a000-7454e3d1c000 r--p 0003a000 08:01 23608327                   /home/toolchain/development/libc++_replacement/tmp/R11/extracted/bb/bb95acf2989fecd8ed536d259eb6ce43109882f58a219adcd440fd826537dda7/lib64/ld-linux-x86-64.so.2
7454e3d1c000-7454e3d1e000 rw-p 0003c000 08:01 23608327                   /home/toolchain/development/libc++_replacement/tmp/R11/extracted/bb/bb95acf2989fecd8ed536d259eb6ce43109882f58a219adcd440fd826537dda7/lib64/ld-linux-x86-64.so.2
7ffecb00e000-7ffecb030000 rw-p 00000000 00:00 0                          [stack]
ffffffffff600000-ffffffffff601000 --xp 00000000 00:00 0                  [vsyscall]
MAP_ASSERT gnu=1 cxx=1 entry=1 provider=1
CASE=0 INSTANCE=100 LENGTH=0 EXACT=1 RESET=1
CASE=1 INSTANCE=101 LENGTH=1 EXACT=1 RESET=1
CASE=2 INSTANCE=102 LENGTH=1 EXACT=1 RESET=1
CASE=3 INSTANCE=103 LENGTH=256 EXACT=1 RESET=1
CASE=4 INSTANCE=104 LENGTH=65536 EXACT=1 RESET=1
CASE=5 INSTANCE=105 LENGTH=6 EXACT=1 RESET=1
CASE=6 INSTANCE=106 LENGTH=3 EXACT=1 RESET=1
CASE=7 INSTANCE=107 LENGTH=0 EXACT=1 RESET=1
SUMMARY EXACT=8/8 DESTROYED=8/8
