COMMAND=bash progress/R53/tools/create_format_patch.sh
hint: Using 'master' as the name for the initial branch. This default branch name
hint: is subject to change. To configure the initial branch name to use in all
hint: of your new repositories, which will suppress this warning, call:
hint: 
hint: 	git config --global init.defaultBranch <name>
hint: 
hint: Names commonly chosen instead of 'master' are 'main', 'trunk' and
hint: 'development'. The just-created branch can be renamed via this command:
hint: 
hint: 	git branch -m <name>
Initialized empty Git repository in /home/toolchain/development/libc++_replacement/tmp/R53/patch-repo/.git/
[master (root-commit) bed0b7e] baseline for library catch-site patch
 3 files changed, 2520 insertions(+)
 create mode 100644 libcxx/include/__ostream/basic_ostream.h
 create mode 100644 libcxx/include/istream
 create mode 100644 libcxx/src/ios.cpp
[master 21a9a20] libcxx: preserve forced unwind across library catch sites
 3 files changed, 90 insertions(+)
21a9a20 (HEAD -> master) libcxx: preserve forced unwind across library catch sites
 libcxx/include/__ostream/basic_ostream.h |  3 ++
 libcxx/include/istream                   | 74 ++++++++++++++++++++++++++++++++
 libcxx/src/ios.cpp                       | 13 ++++++
 3 files changed, 90 insertions(+)
fdcb004ca4cb6935efdc24c366757b50cb7916f1d5ad7cc8111dfbf5fd32d7d1  /home/toolchain/development/libc++_replacement/progress/R53/patches/0001-libcxx-preserve-forced-unwind-in-library-catch-sites.patch
EXIT_CODE=0
