./REPORT.md: OK
./code/INDEX.tsv: OK
./code/evidence/007_build_x86_64_retry.log: OK
./code/evidence/008_build_armv7l.log: OK
./code/evidence/041_board_cleanup.log: OK
./code/evidence/armv7l_noncancel.log: OK
./code/evidence/armv7l_r51_regression.log: OK
./code/evidence/armv7l_r52_recheck.log: OK
./code/evidence/armv7l_scenario_matrix_final.log: OK
./code/evidence/x86_64_noncancel.log: OK
./code/evidence/x86_64_r51_regression.log: OK
./code/evidence/x86_64_r52_recheck.log: OK
./code/evidence/x86_64_scenario_matrix.log: OK
./code/evidence/x86_64_selected_upstream_tests.log: OK
./code/libcxx/include/__ostream/basic_ostream.h: OK
./code/libcxx/include/istream: OK
./code/libcxx/src/ios.cpp: OK
./code/patches/0001-libcxx-preserve-forced-unwind-in-library-catch-sites.patch: OK
./code/patches/0001-prerequisite-header-batch-from-R52.patch: OK
./code/patches/COMMIT_MESSAGE.txt: OK
./code/tests/cout_probe_dso.cpp: OK
./code/tests/direct_launcher.c: OK
./code/tests/dso_launcher.c: OK
./code/tests/failbit_probe_dso.cpp: OK
./code/tests/istream_probe_dso.cpp: OK
./code/tools/board_preflight.sh: OK
./code/tools/build_arm_dsos.sh: OK
./code/tools/build_code_index.sh: OK
./code/tools/build_consumers.sh: OK
./code/tools/build_library_batch.sh: OK
./code/tools/cleanup_board.sh: OK
./code/tools/create_format_patch.sh: OK
./code/tools/deploy_board_payload.sh: OK
./code/tools/deploy_board_supplement.sh: OK
./code/tools/link_arm_executables.sh: OK
./code/tools/prepare_board_payload.sh: OK
./code/tools/prepare_board_supplement.sh: OK
./code/tools/run_board_matrix.sh: OK
./code/tools/run_board_matrix_direct.sh: OK
./code/tools/run_noncancel_board.sh: OK
./code/tools/run_noncancel_x86_64.sh: OK
./code/tools/run_r51_regression_board.sh: OK
./code/tools/run_r51_regression_x86_64.sh: OK
./code/tools/run_r52_matrix_board.sh: OK
./code/tools/run_r52_matrix_x86_64.sh: OK
./code/tools/run_selected_upstream_tests.sh: OK
./code/tools/run_x86_matrix.sh: OK
./commands/003_create_experiment_copy.log: OK
./commands/004_reference_and_diff_capture.log: OK
./commands/005_build_script_syntax.log: OK
./commands/006_build_x86_64.log: OK
./commands/007_build_x86_64_retry.log: OK
./commands/008_build_armv7l.log: OK
./commands/009_consumer_script_syntax.log: OK
./commands/010_build_consumers_x86_64.log: OK
./commands/012_build_consumers_x86_64_retry.log: OK
./commands/013_build_consumers_armv7l_retry.log: OK
./commands/014_build_consumers_armv7l_o0.log: OK
./commands/015_build_arm_dsos.log: OK
./commands/016_board_scripts_syntax.log: OK
./commands/017_prepare_board_payload.log: OK
./commands/018_board_preflight.log: OK
./commands/019_deploy_board_payload.log: OK
./commands/020_link_arm_executables.log: OK
./commands/021_deploy_arm_executables.log: OK
./commands/022_deploy_arm_executables_tar.log: OK
./commands/023_link_arm_executables_valid.log: OK
./commands/024_deploy_arm_executables_valid.log: OK
./commands/025_link_arm_executables_allow_undefined.log: OK
./commands/026_deploy_arm_executables_final.log: OK
./commands/027_r51_regression_x86_64.log: OK
./commands/028_r52_matrix_x86_64.log: OK
./commands/029_selected_upstream_tests_x86_64.log: OK
./commands/030_prepare_board_supplement.log: OK
./commands/031_deploy_board_supplement.log: OK
./commands/032_r51_regression_armv7l.log: OK
./commands/033_r52_matrix_armv7l.log: OK
./commands/034_noncancel_x86_64.log: OK
./commands/035_prepare_board_supplement_noncancel.log: OK
./commands/037_noncancel_armv7l.log: OK
./commands/038_create_format_patch.log: OK
./commands/039_deploy_board_supplement_noncancel.log: OK
./commands/040_noncancel_armv7l_valid.log: OK
./commands/041_board_cleanup.log: OK
./commands/042_patch_apply_check.log: OK
./commands/043_source_and_project_status.log: OK
./patches/0001-libcxx-preserve-forced-unwind-in-library-catch-sites.patch: OK
./patches/0001-prerequisite-header-batch-from-R52.patch: OK
./patches/COMMIT_MESSAGE.txt: OK
./raw/all_forced_handlers_after.txt: OK
./raw/armv7l_noncancel.log: OK
./raw/armv7l_object_symbols.txt: OK
./raw/armv7l_r51_regression.log: OK
./raw/armv7l_r52_recheck.log: OK
./raw/armv7l_scenario_matrix.log: OK
./raw/armv7l_scenario_matrix_direct.log: OK
./raw/armv7l_scenario_matrix_direct_final.log: OK
./raw/armv7l_scenario_matrix_direct_valid.log: OK
./raw/armv7l_scenario_matrix_final.log: OK
./raw/baseline_source_sha256.txt: OK
./raw/executables_archive_sha256.txt: OK
./raw/input_sha256.txt: OK
./raw/ios_before_numbered.txt: OK
./raw/ios_library_batch.diff: OK
./raw/istream_before_numbered.txt: OK
./raw/istream_library_batch.diff: OK
./raw/libstdcxx_references.txt: OK
./raw/ostream_library_batch.diff: OK
./raw/ostream_sentry_before_numbered.txt: OK
./raw/overlay_sha256.txt: OK
./raw/probe_copy_sha256_before_edit.txt: OK
./raw/resources/001_resource_gate_medium.log: OK
./raw/resources/002_top_and_git_status.log: OK
./raw/x86_64_noncancel.log: OK
./raw/x86_64_object_symbols.txt: OK
./raw/x86_64_r51_regression.log: OK
./raw/x86_64_r52_recheck.log: OK
./raw/x86_64_scenario_matrix.log: OK
./raw/x86_64_selected_upstream_tests.log: OK
./src/cout_probe_dso.cpp: OK
./src/direct_launcher.c: OK
./src/dso_launcher.c: OK
./src/failbit_probe_dso.cpp: OK
./src/istream_probe_dso.cpp: OK
./tables/core_scenario_matrix.tsv: OK
./tables/library_sites_34.tsv: OK
./tables/reachability_summary.tsv: OK
./tables/validation_summary.tsv: OK
./tools/board_preflight.sh: OK
./tools/build_arm_dsos.sh: OK
./tools/build_code_index.sh: OK
./tools/build_consumers.sh: OK
./tools/build_library_batch.sh: OK
./tools/cleanup_board.sh: OK
./tools/create_format_patch.sh: OK
./tools/deploy_board_payload.sh: OK
./tools/deploy_board_supplement.sh: OK
./tools/link_arm_executables.sh: OK
./tools/prepare_board_payload.sh: OK
./tools/prepare_board_supplement.sh: OK
./tools/run_board_matrix.sh: OK
./tools/run_board_matrix_direct.sh: OK
./tools/run_noncancel_board.sh: OK
./tools/run_noncancel_x86_64.sh: OK
./tools/run_r51_regression_board.sh: OK
./tools/run_r51_regression_x86_64.sh: OK
./tools/run_r52_matrix_board.sh: OK
./tools/run_r52_matrix_x86_64.sh: OK
./tools/run_selected_upstream_tests.sh: OK
./tools/run_x86_matrix.sh: OK
EXIT_CODE=0
