
Dynamic section at offset 0x1006c8 contains 34 entries:
  Tag        Type                         Name/Value
 0x0000000000000001 (NEEDED)             Shared library: [libatomic.so.1]
 0x0000000000000001 (NEEDED)             Shared library: [libc++abi.so.1]
 0x0000000000000001 (NEEDED)             Shared library: [libpthread.so.0]
 0x0000000000000001 (NEEDED)             Shared library: [libc.so.6]
 0x0000000000000001 (NEEDED)             Shared library: [libgcc_s.so.1]
 0x0000000000000001 (NEEDED)             Shared library: [libm.so.6]
 0x000000000000000e (SONAME)             Library soname: [libc++.so.1]
 0x000000000000000c (INIT)               0x3c000
 0x000000000000000d (FINI)               0xbcc9c
 0x0000000000000019 (INIT_ARRAY)         0xfc818
 0x000000000000001b (INIT_ARRAYSZ)       16 (bytes)
 0x000000000000001a (FINI_ARRAY)         0xfc828
 0x000000000000001c (FINI_ARRAYSZ)       8 (bytes)
 0x000000006ffffef5 (GNU_HASH)           0x1c8
 0x0000000000000005 (STRTAB)             0x106e8
 0x0000000000000006 (SYMTAB)             0x38c0
 0x000000000000000a (STRSZ)              108938 (bytes)
 0x000000000000000b (SYMENT)             24 (bytes)
 0x0000000000000003 (PLTGOT)             0x101938
 0x0000000000000002 (PLTRELSZ)           10200 (bytes)
 0x0000000000000014 (PLTREL)             RELA
 0x0000000000000017 (JMPREL)             0x39190
 0x0000000000000007 (RELA)               0x2c308
 0x0000000000000008 (RELASZ)             52872 (bytes)
 0x0000000000000009 (RELAENT)            24 (bytes)
 0x000000006ffffffc (VERDEF)             0x2c1a0
 0x000000006ffffffd (VERDEFNUM)          2
 0x000000000000001e (FLAGS)              BIND_NOW
 0x000000006ffffffb (FLAGS_1)            Flags: NOW NODELETE
 0x000000006ffffffe (VERNEED)            0x2c1d8
 0x000000006fffffff (VERNEEDNUM)         3
 0x000000006ffffff0 (VERSYM)             0x2b072
 0x000000006ffffff9 (RELACOUNT)          453
 0x0000000000000000 (NULL)               0x0
