COMMAND ["readelf", "--debug-dump=frames", "tmp/API_0911/W1/chromium_image/lib/libchromium-impl.so"]
READELF_EXIT 0
MATCHED_FDE
0003fa60 0000000000000044 0003fa64 FDE cie=00000000 pc=000000000603a1e6..000000000603a451
  DW_CFA_advance_loc: 2 to 000000000603a1e8
  DW_CFA_def_cfa_offset: 16
  DW_CFA_advance_loc: 2 to 000000000603a1ea
  DW_CFA_def_cfa_offset: 24
  DW_CFA_advance_loc: 2 to 000000000603a1ec
  DW_CFA_def_cfa_offset: 32
  DW_CFA_advance_loc: 1 to 000000000603a1ed
  DW_CFA_def_cfa_offset: 40
  DW_CFA_advance_loc: 7 to 000000000603a1f4
  DW_CFA_def_cfa_offset: 288
  DW_CFA_offset: r3 (rbx) at cfa-40
  DW_CFA_offset: r12 (r12) at cfa-32
  DW_CFA_offset: r14 (r14) at cfa-24
  DW_CFA_offset: r15 (r15) at cfa-16
  DW_CFA_advance_loc2: 419 to 000000000603a397
  DW_CFA_def_cfa_offset: 296
  DW_CFA_advance_loc: 1 to 000000000603a398
  DW_CFA_def_cfa_offset: 288
  DW_CFA_advance_loc1: 172 to 000000000603a444
  DW_CFA_def_cfa_offset: 40
  DW_CFA_advance_loc: 1 to 000000000603a445
  DW_CFA_def_cfa_offset: 32
  DW_CFA_advance_loc: 2 to 000000000603a447
  DW_CFA_def_cfa_offset: 24
  DW_CFA_advance_loc: 2 to 000000000603a449
  DW_CFA_def_cfa_offset: 16
  DW_CFA_advance_loc: 2 to 000000000603a44b
  DW_CFA_def_cfa_offset: 8
  DW_CFA_advance_loc: 1 to 000000000603a44c
  DW_CFA_def_cfa_offset: 288
  DW_CFA_nop

REFERENCED_CIE
00000000 0000000000000014 00000000 CIE
  Version:               1
  Augmentation:          "zR"
  Code alignment factor: 1
  Data alignment factor: -8
  Return address column: 16
  Augmentation data:     1b
  DW_CFA_def_cfa: r7 (rsp) ofs 8
  DW_CFA_offset: r16 (rip) at cfa-8
  DW_CFA_nop
  DW_CFA_nop

