
Dynamic section at offset 0x2c68 contains 37 entries:
  Tag        Type                         Name/Value
 0x0000000000000003 (PLTGOT)             0x3f38
 0x0000000000000002 (PLTRELSZ)           528 (bytes)
 0x0000000000000017 (JMPREL)             0xbd0
 0x0000000000000014 (PLTREL)             RELA
 0x0000000000000007 (RELA)               0xa20
 0x0000000000000008 (RELASZ)             432 (bytes)
 0x0000000000000009 (RELAENT)            24 (bytes)
 0x000000006ffffff9 (RELACOUNT)          3
 0x0000000000000006 (SYMTAB)             0x200
 0x000000000000000b (SYMENT)             24 (bytes)
 0x0000000000000005 (STRTAB)             0x560
 0x000000000000000a (STRSZ)              829 (bytes)
 0x000000006ffffef5 (GNU_HASH)           0x8a0
 0x0000000000000001 (NEEDED)             Shared library: [libc++.so.1]
 0x0000000000000001 (NEEDED)             Shared library: [libc++abi.so.1]
 0x0000000000000001 (NEEDED)             Shared library: [libstdc++.so.6]
 0x0000000000000001 (NEEDED)             Shared library: [libdl.so.2]
 0x0000000000000001 (NEEDED)             Shared library: [libm.so.6]
 0x0000000000000001 (NEEDED)             Shared library: [libgcc_s.so.1]
 0x0000000000000001 (NEEDED)             Shared library: [libpthread.so.0]
 0x0000000000000001 (NEEDED)             Shared library: [libc.so.6]
 0x0000000000000001 (NEEDED)             Shared library: [ld-linux-x86-64.so.2]
 0x000000000000000e (SONAME)             Library soname: [libewk-cookie-adaptor.so.1]
 0x000000000000000c (INIT)               0xde0
 0x000000000000000d (FINI)               0x1d2c
 0x000000000000001a (FINI_ARRAY)         0x3c58
 0x000000000000001c (FINI_ARRAYSZ)       8 (bytes)
 0x0000000000000019 (INIT_ARRAY)         0x3c60
 0x000000000000001b (INIT_ARRAYSZ)       8 (bytes)
 0x000000000000001e (FLAGS)              BIND_NOW
 0x000000006ffffffb (FLAGS_1)            Flags: NOW
 0x000000006ffffff0 (VERSYM)             0x8c8
 0x000000006ffffffc (VERDEF)             0x910
 0x000000006ffffffd (VERDEFNUM)          1
 0x000000006ffffffe (VERNEED)            0x92c
 0x000000006fffffff (VERNEEDNUM)         5
 0x0000000000000000 (NULL)               0x0

Symbol table '.dynsym' contains 36 entries:
   Num:    Value          Size Type    Bind   Vis      Ndx Name
     0: 0000000000000000     0 NOTYPE  LOCAL  DEFAULT  UND 
     1: 0000000000000000     0 NOTYPE  WEAK   DEFAULT  UND __gmon_start__
     2: 0000000000000000     0 FUNC    GLOBAL DEFAULT  UND _ZNSt7__cxx1112basic_stringIcSt11char_traitsIcESaIcEE9_M_createERmm@GLIBCXX_3.4.21 (2)
     3: 0000000000000000     0 FUNC    GLOBAL DEFAULT  UND _ZdlPvm@LLVM_22 (6)
     4: 0000000000000000     0 FUNC    GLOBAL DEFAULT  UND _ZNSt7__cxx1112basic_stringIcSt11char_traitsIcESaIcEE10_M_replaceEmmPKcm@GLIBCXX_3.4.21 (2)
     5: 0000000000000000     0 NOTYPE  WEAK   DEFAULT  UND _ITM_deregisterTMCloneTable
     6: 0000000000000000     0 NOTYPE  WEAK   DEFAULT  UND _ITM_registerTMCloneTable
     7: 0000000000000000     0 FUNC    WEAK   DEFAULT  UND __cxa_finalize@GLIBC_2.2.5 (7)
     8: 0000000000000000     0 FUNC    GLOBAL DEFAULT  UND __errno_location@GLIBC_2.2.5 (7)
     9: 0000000000000000     0 FUNC    GLOBAL DEFAULT  UND bcmp@GLIBC_2.2.5 (7)
    10: 0000000000000000     0 FUNC    GLOBAL DEFAULT  UND __cxa_begin_catch@LLVM_22 (6)
    11: 0000000000000000     0 FUNC    GLOBAL DEFAULT  UND __cxa_end_catch@LLVM_22 (6)
    12: 0000000000000000     0 FUNC    GLOBAL DEFAULT  UND _ZNSt3__112basic_stringIcNS_11char_traitsIcEENS_9allocatorIcEEE6assignEPKcm@LLVM_22 (10)
    13: 0000000000000000     0 OBJECT  GLOBAL DEFAULT  UND _ZTISt12length_error@LLVM_22 (6)
    14: 0000000000000000     0 FUNC    GLOBAL DEFAULT  UND memcpy@GLIBC_2.14 (8)
    15: 0000000000000000     0 OBJECT  GLOBAL DEFAULT  UND _ZTISt16invalid_argument@LLVM_22 (6)
    16: 0000000000000000     0 FUNC    GLOBAL DEFAULT  UND __gxx_personality_v0@LLVM_22 (6)
    17: 0000000000000000     0 OBJECT  GLOBAL DEFAULT  UND _ZTISt9bad_alloc@LLVM_22 (6)
    18: 0000000000000000     0 FUNC    GLOBAL DEFAULT  UND dladdr@GLIBC_2.34 (9)
    19: 0000000000000000     0 OBJECT  GLOBAL DEFAULT  UND _ZTISt9exception@LLVM_22 (6)
    20: 0000000000000000     0 FUNC    GLOBAL DEFAULT  UND pthread_once@GLIBC_2.34 (9)
    21: 0000000000000000     0 FUNC    GLOBAL DEFAULT  UND dlopen@GLIBC_2.34 (9)
    22: 0000000000000000     0 FUNC    GLOBAL DEFAULT  UND dlinfo@GLIBC_2.34 (9)
    23: 0000000000000000     0 FUNC    GLOBAL DEFAULT  UND __tls_get_addr@GLIBC_2.3 (11)
    24: 0000000000000000     0 FUNC    GLOBAL DEFAULT  UND _ZdlPvm@CXXABI_1.3.9 (3)
    25: 0000000000000000     0 FUNC    GLOBAL DEFAULT  UND __cxa_begin_catch@CXXABI_1.3 (4)
    26: 0000000000000000     0 FUNC    GLOBAL DEFAULT  UND __cxa_end_catch@CXXABI_1.3 (4)
    27: 0000000000000000     0 FUNC    GLOBAL DEFAULT  UND dlerror@GLIBC_2.34 (9)
    28: 0000000000000000     0 FUNC    GLOBAL DEFAULT  UND dlsym@GLIBC_2.34 (9)
    29: 0000000000000000     0 OBJECT  GLOBAL DEFAULT  UND _ZTISt12length_error@GLIBCXX_3.4 (5)
    30: 0000000000000000     0 OBJECT  GLOBAL DEFAULT  UND _ZTISt16invalid_argument@GLIBCXX_3.4 (5)
    31: 0000000000000000     0 OBJECT  GLOBAL DEFAULT  UND _ZTISt9bad_alloc@GLIBCXX_3.4 (5)
    32: 0000000000000000     0 OBJECT  GLOBAL DEFAULT  UND _ZTISt9exception@GLIBCXX_3.4 (5)
    33: 0000000000000000     0 FUNC    GLOBAL DEFAULT  UND __gxx_personality_v0@CXXABI_1.3 (4)
    34: 0000000000001030  1361 FUNC    GLOBAL DEFAULT   11 p12_ewk_parse_cookie
    35: 0000000000001030  1361 FUNC    GLOBAL DEFAULT   11 ewk_parse_cookie

Symbol table '.symtab' contains 70 entries:
   Num:    Value          Size Type    Bind   Vis      Ndx Name
     0: 0000000000000000     0 NOTYPE  LOCAL  DEFAULT  UND 
     1: 0000000000000000     0 FILE    LOCAL  DEFAULT  ABS crtstuff.c
     2: 0000000000004078     0 OBJECT  LOCAL  DEFAULT   24 __TMC_LIST__
     3: 0000000000000f70     0 FUNC    LOCAL  DEFAULT   11 deregister_tm_clones
     4: 0000000000000fa0     0 FUNC    LOCAL  DEFAULT   11 register_tm_clones
     5: 0000000000000fe0     0 FUNC    LOCAL  DEFAULT   11 __do_global_dtors_aux
     6: 0000000000004078     1 OBJECT  LOCAL  DEFAULT   25 completed.0
     7: 0000000000003c58     0 OBJECT  LOCAL  DEFAULT   18 __do_global_dtors_aux_fini_array_entry
     8: 0000000000001020     0 FUNC    LOCAL  DEFAULT   11 frame_dummy
     9: 0000000000003c60     0 OBJECT  LOCAL  DEFAULT   19 __frame_dummy_init_array_entry
    10: 0000000000000000     0 FILE    LOCAL  DEFAULT  ABS ewk_front.cpp
    11: 0000000000001590   142 FUNC    LOCAL  DEFAULT   11 _ZL4emitPvjPKcm
    12: 0000000000001d38     0 NOTYPE  LOCAL  DEFAULT   13 GCC_except_table0
    13: 0000000000001d68     0 NOTYPE  LOCAL  DEFAULT   13 GCC_except_table1
    14: 0000000000000000     0 FILE    LOCAL  DEFAULT  ABS ewk_back.cpp
    15: 0000000000000000     1 TLS     LOCAL  DEFAULT   17 _ZN12_GLOBAL__N_17openingE
    16: 0000000000004030    32 OBJECT  LOCAL  DEFAULT   23 _ZN12_GLOBAL__N_18providerE
    17: 0000000000001b60    35 FUNC    LOCAL  DEFAULT   11 _ZN12_GLOBAL__N_110initializeEv
    18: 0000000000001d94     0 NOTYPE  LOCAL  DEFAULT   13 GCC_except_table0
    19: 0000000000000000     0 FILE    LOCAL  DEFAULT  ABS crtstuff.c
    20: 0000000000002040     0 OBJECT  LOCAL  DEFAULT   15 __FRAME_END__
    21: 0000000000000de0     0 FUNC    LOCAL  HIDDEN     9 _init
    22: 0000000000001d2c     0 FUNC    LOCAL  HIDDEN    12 _fini
    23: 0000000000004000     0 OBJECT  LOCAL  HIDDEN    23 __dso_handle
    24: 0000000000004028     8 OBJECT  LOCAL  HIDDEN    23 DW.ref.__gxx_personality_v0.p13_cxx
    25: 0000000000001620  1334 FUNC    LOCAL  HIDDEN    11 p12_cookie_parse
    26: 0000000000001b90   103 FUNC    LOCAL  HIDDEN    11 _ZN17EWKCookieContentsD2Ev.p13_gnu
    27: 0000000000001c00   298 FUNC    LOCAL  HIDDEN    11 _ZN10p12_loader7resolveERNS_5StateEPKcS3_.p13_gnu
    28: 0000000000004070     8 OBJECT  LOCAL  HIDDEN    23 DW.ref.__gxx_personality_v0.p13_gnu
    29: 0000000000004078     0 OBJECT  LOCAL  HIDDEN    24 __TMC_END__
    30: 0000000000003c68   672 OBJECT  LOCAL  HIDDEN    20 _DYNAMIC
    31: 0000000000004078     0 NOTYPE  LOCAL  DEFAULT   17 _edata
    32: 0000000000004078     0 NOTYPE  LOCAL  DEFAULT   17 __bss_start
    33: 0000000000004079     0 NOTYPE  LOCAL  DEFAULT   17 _end
    34: 0000000000003f38   200 OBJECT  LOCAL  HIDDEN    22 _GLOBAL_OFFSET_TABLE_
    35: 0000000000000000     0 NOTYPE  WEAK   DEFAULT  UND __gmon_start__
    36: 0000000000000000     0 FUNC    GLOBAL DEFAULT  UND _ZNSt7__cxx1112basic_stringIcSt11char_traitsIcESaIcEE9_M_createERmm
    37: 0000000000000000     0 FUNC    GLOBAL DEFAULT  UND _ZdlPvm
    38: 0000000000000000     0 FUNC    GLOBAL DEFAULT  UND _ZNSt7__cxx1112basic_stringIcSt11char_traitsIcESaIcEE10_M_replaceEmmPKcm
    39: 0000000000000000     0 NOTYPE  WEAK   DEFAULT  UND _ITM_deregisterTMCloneTable
    40: 0000000000000000     0 NOTYPE  WEAK   DEFAULT  UND _ITM_registerTMCloneTable
    41: 0000000000000000     0 FUNC    WEAK   DEFAULT  UND __cxa_finalize
    42: 0000000000001030  1361 FUNC    GLOBAL DEFAULT   11 p12_ewk_parse_cookie
    43: 0000000000000000     0 FUNC    GLOBAL DEFAULT  UND __errno_location
    44: 0000000000000000     0 FUNC    GLOBAL DEFAULT  UND bcmp
    45: 0000000000000000     0 FUNC    GLOBAL DEFAULT  UND __cxa_begin_catch
    46: 0000000000000000     0 FUNC    GLOBAL DEFAULT  UND __cxa_end_catch
    47: 0000000000000000     0 FUNC    GLOBAL DEFAULT  UND _ZNSt3__112basic_stringIcNS_11char_traitsIcEENS_9allocatorIcEEE6assignEPKcm
    48: 0000000000000000     0 OBJECT  GLOBAL DEFAULT  UND _ZTISt12length_error
    49: 0000000000000000     0 FUNC    GLOBAL DEFAULT  UND memcpy
    50: 0000000000000000     0 OBJECT  GLOBAL DEFAULT  UND _ZTISt16invalid_argument
    51: 0000000000000000     0 FUNC    GLOBAL DEFAULT  UND __gxx_personality_v0
    52: 0000000000000000     0 OBJECT  GLOBAL DEFAULT  UND _ZTISt9bad_alloc
    53: 0000000000000000     0 FUNC    GLOBAL DEFAULT  UND dladdr
    54: 0000000000000000     0 OBJECT  GLOBAL DEFAULT  UND _ZTISt9exception
    55: 0000000000000000     0 FUNC    GLOBAL DEFAULT  UND pthread_once
    56: 0000000000000000     0 FUNC    GLOBAL DEFAULT  UND dlopen
    57: 0000000000001030  1361 FUNC    GLOBAL DEFAULT   11 ewk_parse_cookie
    58: 0000000000000000     0 FUNC    GLOBAL DEFAULT  UND dlinfo
    59: 0000000000000000     0 FUNC    GLOBAL DEFAULT  UND __tls_get_addr
    60: 0000000000000000     0 FUNC    GLOBAL DEFAULT  UND _ZdlPvm
    61: 0000000000000000     0 FUNC    GLOBAL DEFAULT  UND __cxa_begin_catch
    62: 0000000000000000     0 FUNC    GLOBAL DEFAULT  UND __cxa_end_catch
    63: 0000000000000000     0 FUNC    GLOBAL DEFAULT  UND dlerror
    64: 0000000000000000     0 FUNC    GLOBAL DEFAULT  UND dlsym
    65: 0000000000000000     0 OBJECT  GLOBAL DEFAULT  UND _ZTISt12length_error
    66: 0000000000000000     0 OBJECT  GLOBAL DEFAULT  UND _ZTISt16invalid_argument
    67: 0000000000000000     0 OBJECT  GLOBAL DEFAULT  UND _ZTISt9bad_alloc
    68: 0000000000000000     0 OBJECT  GLOBAL DEFAULT  UND _ZTISt9exception
    69: 0000000000000000     0 FUNC    GLOBAL DEFAULT  UND __gxx_personality_v0
