memory_basis=[('MemTotal', 33072918528)]
RLIMIT_AS_bytes=9921875558; parallelism=1; nice=19; ionice=3

CANDIDATE 101 std::chrono::steady_clock::time_point total_unique_contexts 38
tensorflow2-2.18.0-1.2.src.rpm /usr/include/tensorflow2/aot/include/external/nccl_archive/_virtual_includes/include_hdrs/debug.h:40  | #ifdef ENABLE_TRACE | #define TRACE(FLAGS, ...) ncclDebugLog(NCCL_LOG_TRACE, (FLAGS), __func__, __LINE__, __VA_ARGS__) | extern std::chrono::steady_clock::time_point ncclEpoch; | #else | #define TRACE(...) | #endif | 
nnfw-1.28.0-1.src.rpm /usr/include/onert/util/ITimer.h:53   }; |  | private: |   std::chrono::steady_clock::time_point _start_time; // in microseconds | }; |  | } // namespace util | } // namespace onert
boost-1.83.0-2.2.src.rpm /usr/include/boost/asio/detail/impl/null_event.ipp:43 void null_event::do_wait() | { | #if defined(BOOST_ASIO_WINDOWS_RUNTIME) |   std::this_thread::sleep_until((std::chrono::steady_clock::time_point::max)()); | #elif defined(BOOST_ASIO_WINDOWS) || defined(__CYGWIN__) |   ::Sleep(INFINITE); | #else |   ::pause();
LIMIT: 限定名样本与符号定位队列不是定界结果。

CANDIDATE 102 std::bitset total_unique_contexts 74
cereal-1.3.2-1.1.src.rpm /usr/include/cereal/types/bitset.hpp:56   template <class Archive, size_t N, |             traits::EnableIf<traits::is_output_serializable<BinaryData<std::uint32_t>, Archive>::value> |             = traits::sfinae> inline |   void CEREAL_SAVE_FUNCTION_NAME( Archive & ar, std::bitset<N> const & bits ) |   { |     ar( CEREAL_NVP_("type", bitset_detail::type::bits) ); |  |     // Serialize 8 bit chunks
tensorflow2-2.18.0-1.2.src.rpm /usr/include/tensorflow2/aot/include/tensorflow/compiler/xla/hlo/evaluator/hlo_evaluator_typed_visitor.h:1284       TF_ASSIGN_OR_RETURN( |           parent_->evaluated_[popcnt], |           ElementWiseUnaryOp(popcnt, [](ElementwiseT elem_operand) { |             return std::bitset<CHAR_BIT * sizeof(ReturnT)>(elem_operand) |                 .count(); |           })); |       return OkStatus(); |     }
nntrainer-0.5.0-0.src.rpm /usr/include/nntrainer/tensor_dim.h:120    * @param dyn_dim_flag_ dynamic dimension flag (1 means it's unspecified) |    */ |   TensorDim(TensorDim::Format fm, TensorDim::DataType d_type, |             const std::bitset<MAXDIM> &eff_dim_flag_ = 0b1111, |             const std::bitset<MAXDIM> &dyn_dim_flag_ = 0b0000); |  |   /** |    * @brief Construct a new Tensor Dim object
LIMIT: 限定名样本与符号定位队列不是定界结果。

CANDIDATE 103 std::locale total_unique_contexts 482
Open3D-0.17-2.src.rpm /usr/include/open3d/3rdparty/fmt/chrono.h:598  |   void format_localized(const tm& time, const char* format) { |     if (isnan(val)) return write_nan(); |     auto locale = context.locale().template get<std::locale>(); |     auto& facet = std::use_facet<std::time_put<char_type>>(locale); |     std::basic_ostringstream<char_type> os; |     os.imbue(locale); |     facet.put(os, os, ' ', &time, format, format + std::strlen(format));
app-rootstrap-10.0.0-1.src.rpm /opt/data/app-rootstrap/usr/include/node/util-inl.h:194 } |  | char ToLower(char c) { |   return std::tolower(c, std::locale::classic()); | } |  | template <typename T> | std::string ToLower(const T& in) {
dali2-csharp-binder-2.5.26-1.src.rpm /usr/include/dali-csharp-binder/common.h:359   if(!(arg_name))                                                                                              \ |   {                                                                                                            \ |     std::stringstream output;                                                                                  \ |     output.imbue(std::locale::classic());                                                                      \ |     output << __FUNCTION__ << " is not allowed to take nullptr as " << #arg_name;                              \ |     SWIG_CSharpSetPendingExceptionArgument(SWIG_CSharpArgumentNullException, output.str().c_str(), #arg_name); \ |     return;                                                                                                    \ |   }
LIMIT: 限定名样本与符号定位队列不是定界结果。

CANDIDATE 104 std::once_flag total_unique_contexts 27
tensorflow2-2.18.0-1.2.src.rpm /usr/include/tensorflow2/aot/include/external/onednn/src/common/cache_blob_id.hpp:48  | private: |     serialization_stream_t sstream_; |     std::once_flag flag_; |  |     // The `std::once_flag` is neither copyable nor movable therefore we |     // define a copy constructor that skips copying the `flag_`. To be able |     // to carry over the `flag_`'s state from the `other` object we introduce
aurum-1.0.24-1.src.rpm /usr/include/UiDevice.h:487 private: |     IDevice *mDeviceImpl; |     const Waiter *mWaiter; |     static std::once_flag mOnceFlag; | }; |  | } | 
hal-api-codec-1.9.4-0.src.rpm /usr/include/hal/CodecIPCBufferFactory.h:37 	CodecIPCBufferFactory& operator=(CodecIPCBufferFactory&) = delete; |  | 	static std::unique_ptr<CodecIPCBufferFactory> __instance; | 	static std::once_flag __onceFlag; |  | public: | 	static CodecIPCBufferFactory* getInstance(); | 	CodecIPCBuffer* create(hal_codec_type_e type);
LIMIT: 限定名样本与符号定位队列不是定界结果。

CANDIDATE 105 std::fstream total_unique_contexts 7
tensorflow2-2.18.0-1.2.src.rpm /usr/include/tensorflow2/aot/include/external/llvm-project/mlir/include/mlir/ExecutionEngine/SparseTensor/File.h:369   const auto &elements = coo.getElements(); |   const uint64_t dimRank = coo.getRank(); |   const uint64_t nse = elements.size(); |   std::fstream file; |   file.open(filename, std::ios_base::out | std::ios_base::trunc); |   assert(file.is_open()); |   file << "; extended FROSTT format\n" << dimRank << " " << nse << std::endl; |   for (uint64_t d = 0; d < dimRank - 1; ++d)
srt-1.5.0-1.src.rpm /usr/include/srt/udt.h:192 SRT_API int recvmsg(SRTSOCKET u, char* buf, int len, uint64_t& srctime); | SRT_API int recvmsg(SRTSOCKET u, char* buf, int len); |  | SRT_API int64_t sendfile(SRTSOCKET u, std::fstream& ifs, int64_t& offset, int64_t size, int block = 364000); | SRT_API int64_t recvfile(SRTSOCKET u, std::fstream& ofs, int64_t& offset, int64_t size, int block = 7280000); | SRT_API int64_t sendfile2(SRTSOCKET u, const char* path, int64_t* offset, int64_t size, int block = 364000); | SRT_API int64_t recvfile2(SRTSOCKET u, const char* path, int64_t* offset, int64_t size, int block = 7280000); | 
boost-1.83.0-2.2.src.rpm /usr/include/boost/polygon/detail/scan_arbitrary.hpp:2614       property_merge_data tmp_pmd; |       //#define BOOST_POLYGON_DEBUG_FILE | #ifdef BOOST_POLYGON_DEBUG_FILE |       std::fstream debug_file; |       debug_file.open("gtl_debug.txt", std::ios::out); |       property_merge<Unit, property_type, std::vector<property_type> >::print(debug_file, pmd); |       debug_file.close(); | #endif
LIMIT: 限定名样本与符号定位队列不是定界结果。

CANDIDATE 106 std::is_floating_point total_unique_contexts 334
abseil-cpp-20250814.1-1.2.src.rpm /usr/include/absl/random/beta_distribution.h:199     // Whether alpha_ != a_, i.e. true iff alpha_ > beta_. |     bool inverted_{}; |  |     static_assert(std::is_floating_point<RealType>::value, |                   "Class-template absl::beta_distribution<> must be " |                   "parameterized using a floating-point type."); |   }; | 
cereal-1.3.2-1.1.src.rpm /usr/include/cereal/archives/portable_binary.hpp:269   typename std::enable_if<std::is_arithmetic<T>::value, void>::type |   CEREAL_SAVE_FUNCTION_NAME(PortableBinaryOutputArchive & ar, T const & t) |   { |     static_assert( !std::is_floating_point<T>::value || |                    (std::is_floating_point<T>::value && std::numeric_limits<T>::is_iec559), |                    "Portable binary only supports IEEE 754 standardized floating point" ); |     ar.template saveBinary<sizeof(T)>(std::addressof(t), sizeof(t)); |   }
tensorflow2-2.18.0-1.2.src.rpm /usr/include/tensorflow2/aot/include/absl/random/beta_distribution.h:197     // Whether alpha_ != a_, i.e. true iff alpha_ > beta_. |     bool inverted_; |  |     static_assert(std::is_floating_point<RealType>::value, |                   "Class-template absl::beta_distribution<> must be " |                   "parameterized using a floating-point type."); |   }; | 
LIMIT: 限定名样本与符号定位队列不是定界结果。

CANDIDATE 107 std::is_trivially_destructible total_unique_contexts 75
abseil-cpp-20250814.1-1.2.src.rpm /usr/include/absl/base/no_destructor.h:178   // potential once-init runtime initialization. It somewhat defeats the |   // purpose of NoDestructor in this case, but this makes the class more |   // friendly to generic code. |   std::conditional_t<std::is_trivially_destructible<T>::value, DirectImpl, |                      PlacementImpl> |       impl_; | }; | 
tensorflow2-2.18.0-1.2.src.rpm /usr/include/tensorflow2/aot/include/absl/meta/type_traits.h:290 template <typename T> | struct is_trivially_destructible | #ifdef ABSL_HAVE_STD_IS_TRIVIALLY_DESTRUCTIBLE |     : std::is_trivially_destructible<T> { | #else |     : std::integral_constant<bool, __has_trivial_destructor(T) && |                                    std::is_destructible<T>::value> { | #endif
Open3D-0.17-2.src.rpm /usr/include/open3d/core/SmallVector.h:367 template <typename T, |           bool = (std::is_trivially_copy_constructible<T>::value) && |                  (std::is_trivially_move_constructible<T>::value) && |                  std::is_trivially_destructible<T>::value> | class SmallVectorTemplateBase : public SmallVectorTemplateCommon<T> { |     friend class SmallVectorTemplateCommon<T>; |  | protected:
LIMIT: 限定名样本与符号定位队列不是定界结果。

CANDIDATE 108 std::reference_wrapper total_unique_contexts 121
abseil-cpp-20250814.1-1.2.src.rpm /usr/include/absl/functional/any_invocable.h:263       class F, |       typename = absl::enable_if_t< |           internal_any_invocable::CanAssignReferenceWrapper<Sig, F>::value>> |   AnyInvocable& operator=(std::reference_wrapper<F> f) noexcept { |     *this = AnyInvocable(f); |     return *this; |   } | 
libsigc++-2.12.1-1.1.src.rpm /usr/include/sigc++-2.0/sigc++/adaptors/bound_argument.h:155  * @e T_wrapped The type of the bound argument. |  */ | template <class T_wrapped> | class bound_argument< std::reference_wrapper<T_wrapped> > | { | public: |   /** Constructor. |    * @param _A_argument The argument to bind.
tensorflow2-2.18.0-1.2.src.rpm /usr/include/tensorflow2/aot/include/Eigen/src/Core/arch/GPU/Tuple.h:212 struct unwrap_reference_wrapper { using type = T; }; |   | template <typename T> | struct unwrap_reference_wrapper<std::reference_wrapper<T> > { using type = T&; }; |  | // For use in make_tuple, decays a type and unwraps a reference_wrapper. | template <typename T> | struct unwrap_decay {
LIMIT: 限定名样本与符号定位队列不是定界结果。

CANDIDATE 109 std::tuple_element total_unique_contexts 173
tensorflow2-2.18.0-1.2.src.rpm /usr/include/tensorflow2/aot/include/external/pybind11/_virtual_includes/pybind11/pybind11/numpy.h:1826     // with "/permissive-" flag when arg_call_types is manually inlined. |     using arg_call_types = std::tuple<typename vectorize_arg<Args>::call_type...>; |     template <size_t Index> |     using param_n_t = typename std::tuple_element<Index, arg_call_types>::type; |  |     using returned_array = vectorize_returned_array<Func, Return, Args...>; |  |     // Runs a vectorized function given arguments tuple and three index sequences:
Open3D-0.17-2.src.rpm /usr/include/open3d/3rdparty/fmt/ranges.h:109   template <typename U> |   static auto check(U* p) |       -> decltype(std::tuple_size<U>::value, |                   (void)std::declval<typename std::tuple_element<0, U>::type>(), |                   int()); |   template <typename> static void check(...); |  |  public:
app-rootstrap-10.0.0-1.src.rpm /opt/data/app-rootstrap/usr/include/vulkan/vulkan.hpp:589   template <size_t Index, typename T, typename... ChainElements> |   struct StructureChainContains |   { |     static const bool value = std::is_same<T, typename std::tuple_element<Index, std::tuple<ChainElements...>>::type>::value || |                               StructureChainContains<Index - 1, T, ChainElements...>::value; |   }; |  |   template <typename T, typename... ChainElements>
LIMIT: 限定名样本与符号定位队列不是定界结果。

CANDIDATE 110 std::type_info total_unique_contexts 437
cereal-1.3.2-1.1.src.rpm /usr/include/cereal/details/polymorphic_impl.hpp:202  |       //! Performs a downcast to the derived type using a registered mapping |       template <class Derived> inline |       static const Derived * downcast( const void * dptr, std::type_info const & baseInfo ) |       { |         auto const & mapping = lookup( baseInfo, typeid(Derived), [&](){ UNREGISTERED_POLYMORPHIC_CAST_EXCEPTION(save) } ); |  |         for( auto const * dmap : mapping )
tensorflow2-2.18.0-1.2.src.rpm /usr/include/tensorflow2/aot/include/external/pybind11/_virtual_includes/pybind11/pybind11/attr.h:278     const char *name = nullptr; |  |     // Pointer to RTTI type_info data structure |     const std::type_info *type = nullptr; |  |     /// How large is the underlying C++ type? |     size_t type_size = 0; | 
app-rootstrap-10.0.0-1.src.rpm /opt/data/app-rootstrap/usr/include/opencv2/flann/any.h:51     virtual void* get_value(void** src) = 0; |     virtual const void* get_value(void* const * src) = 0; |     virtual ::size_t get_size() = 0; |     virtual const std::type_info& type() = 0; |     virtual void print(std::ostream& out, void* const* src) = 0; |     virtual ~base_any_policy() {} | }; | 
SYMBOL_CANDIDATE 2675 2395 dali2-csharp-binder-2.5.26-1.src.rpm -> dali2-2.5.26-1.src.rpm Dali::CSharpTypeRegistry::RegisterType(std::__cxx11::basic_string<char, std::char_traits<char>, std::allocator<char> > const&, std::type_info const&, Dali::BaseHandle* (*)(char const*))
SYMBOL_CANDIDATE 2049 2395 dali2-toolkit-2.5.26-1.src.rpm -> dali2-2.5.26-1.src.rpm Dali::SingletonService::GetSingleton(std::type_info const&) const
SYMBOL_CANDIDATE 2804 2395 dali2-adaptor-2.5.26-1.src.rpm -> dali2-2.5.26-1.src.rpm Dali::SingletonService::GetSingleton(std::type_info const&) const
LIMIT: 限定名样本与符号定位队列不是定界结果。

CANDIDATE 111 std::allocator_traits total_unique_contexts 219
abseil-cpp-20250814.1-1.2.src.rpm /usr/include/absl/container/fixed_array.h:86  |   static constexpr size_t kInlineBytesDefault = 256; |  |   using AllocatorTraits = std::allocator_traits<A>; |   // std::iterator_traits isn't guaranteed to be SFINAE-friendly until C++17, |   // but this seems to be mostly pedantic. |   template <typename Iterator> |   using EnableIfForwardIterator = std::enable_if_t<
openfst-1.8.4-2.2.src.rpm /usr/include/fst/cache.h:97   using Weight = typename Arc::Weight; |  |   using ArcAllocator = M; |   using StateAllocator = typename std::allocator_traits< |       ArcAllocator>::template rebind_alloc<CacheState<A, M>>; |  |   // Provides STL allocator for arcs. |   explicit CacheState(const ArcAllocator &alloc)
tensorflow2-2.18.0-1.2.src.rpm /usr/include/tensorflow2/aot/include/absl/container/fixed_array.h:83  |   static constexpr size_t kInlineBytesDefault = 256; |  |   using AllocatorTraits = std::allocator_traits<A>; |   // std::iterator_traits isn't guaranteed to be SFINAE-friendly until C++17, |   // but this seems to be mostly pedantic. |   template <typename Iterator> |   using EnableIfForwardIterator = absl::enable_if_t<std::is_convertible<
LIMIT: 限定名样本与符号定位队列不是定界结果。

CANDIDATE 112 std::atomic_bool total_unique_contexts 26
tensorflow2-2.18.0-1.2.src.rpm /usr/include/tensorflow2/aot/include/external/com_github_grpc_grpc/include/grpcpp/impl/codegen/server_context_impl.h:470     } |  |     ::grpc_impl::ServerUnaryReactor* const reactor_; |     std::atomic_bool status_set_{false}; |     ::grpc::Status status_; |     const std::function<void(::grpc::Status s)> func_; |   }; | 
app-rootstrap-10.0.0-1.src.rpm /opt/data/app-rootstrap/usr/include/node/env.h:1101   int64_t task_queues_async_refs_ = 0; |  |   // These may be read by ctors and should be listed before complex fields. |   std::atomic_bool is_stopping_{false}; |   std::atomic_bool can_call_into_js_{true}; |  |   AsyncHooks async_hooks_; |   ImmediateInfo immediate_info_;
behaviortree_cpp_v3-3.6.1-0.src.rpm /usr/include/behaviortree_cpp_v3/action_node.h:138   private: |  |     std::exception_ptr exptr_; |     std::atomic_bool halt_requested_; |     std::future<NodeStatus> thread_handle_; |     std::mutex m_; | }; | 
LIMIT: 限定名样本与符号定位队列不是定界结果。

CANDIDATE 113 std::basic_ostream total_unique_contexts 1137
abseil-cpp-20250814.1-1.2.src.rpm /usr/include/absl/random/bernoulli_distribution.h:110 }; |  | template <typename CharT, typename Traits> | std::basic_ostream<CharT, Traits>& operator<<( |     std::basic_ostream<CharT, Traits>& os,  // NOLINT(runtime/references) |     const bernoulli_distribution& x) { |   auto saver = random_internal::make_ostream_state_saver(os); |   os.precision(random_internal::stream_precision_helper<double>::kPrecision);
cereal-1.3.2-1.1.src.rpm /usr/include/cereal/external/rapidxml/rapidxml_print.hpp:407     //! \param flags Flags controlling how XML is printed. |     //! \return Output stream. |     template<class Ch> |     inline std::basic_ostream<Ch> &print(std::basic_ostream<Ch> &out, const xml_node<Ch> &node, int flags = 0) |     { |         print(std::ostream_iterator<Ch>(out), node, flags); |         return out; |     }
tensorflow2-2.18.0-1.2.src.rpm /usr/include/tensorflow2/aot/include/absl/random/bernoulli_distribution.h:108 }; |  | template <typename CharT, typename Traits> | std::basic_ostream<CharT, Traits>& operator<<( |     std::basic_ostream<CharT, Traits>& os,  // NOLINT(runtime/references) |     const bernoulli_distribution& x) { |   auto saver = random_internal::make_ostream_state_saver(os); |   os.precision(random_internal::stream_precision_helper<double>::kPrecision);
LIMIT: 限定名样本与符号定位队列不是定界结果。

CANDIDATE 114 std::is_arithmetic total_unique_contexts 188
abseil-cpp-20250814.1-1.2.src.rpm /usr/include/absl/strings/numbers.h:131  | template <typename int_type> | constexpr bool is_signed() { |   if constexpr (std::is_arithmetic<int_type>::value) { |     // Use std::numeric_limits<T>::is_signed where it's defined to work. |     return std::numeric_limits<int_type>::is_signed; |   } |   // TODO(jorg): This signed-ness check is used because it works correctly
cereal-1.3.2-1.1.src.rpm /usr/include/cereal/archives/binary.hpp:117  |   //! Saving for POD types to binary |   template<class T> inline |   typename std::enable_if<std::is_arithmetic<T>::value, void>::type |   CEREAL_SAVE_FUNCTION_NAME(BinaryOutputArchive & ar, T const & t) |   { |     ar.saveBinary(std::addressof(t), sizeof(t)); |   }
tensorflow2-2.18.0-1.2.src.rpm /usr/include/tensorflow2/aot/include/external/cudnn_frontend_archive/_virtual_includes/cudnn_frontend/third_party/cudnn_frontend/include/contrib/nlohmann/json/json.hpp:3852  | // overloads for basic_json template parameters | template < typename BasicJsonType, typename ArithmeticType, |            enable_if_t < std::is_arithmetic<ArithmeticType>::value&& |                          !std::is_same<ArithmeticType, typename BasicJsonType::boolean_t>::value, |                          int > = 0 > | void get_arithmetic_value(const BasicJsonType& j, ArithmeticType& val) | {
LIMIT: 限定名样本与符号定位队列不是定界结果。

CANDIDATE 115 std::unordered_multimap total_unique_contexts 37
cereal-1.3.2-1.1.src.rpm /usr/include/cereal/details/polymorphic_impl.hpp:323  |           while( !parentStack.empty() ) |           { |             using Relations = std::unordered_multimap<std::type_index, std::pair<std::type_index, std::vector<PolymorphicCaster const *>>>; |             Relations unregisteredRelations; // Defer insertions until after main loop to prevent iterator invalidation |  |             const auto parent = parentStack.top(); |             parentStack.pop();
openfst-1.8.4-2.2.src.rpm /usr/include/fst/matcher.h:527  |   bool Search(Label match_label); |  |   using LabelTable = std::unordered_multimap<Label, size_t>; |   using StateTable = std::unordered_map<StateId, std::unique_ptr<LabelTable>>; |  |   std::unique_ptr<const FST> owned_fst_;  // ptr to FST if owned. |   const FST &fst_;                        // FST for matching.
tensorflow2-2.18.0-1.2.src.rpm /usr/include/tensorflow2/aot/include/external/onednn/src/cpu/x64/xbyak/xbyak.h:92 	#define XBYAK_STD_UNORDERED_SET std::unordered_set | 	#include <unordered_map> | 	#define XBYAK_STD_UNORDERED_MAP std::unordered_map | 	#define XBYAK_STD_UNORDERED_MULTIMAP std::unordered_multimap |  | /* | 	Clang/llvm-gcc and ICC-EDG in 'GCC-mode' always claim to be GCC 4.2, using | 	libstdcxx 20070719 (from GCC 4.2.1, the last GPL 2 version).
LIMIT: 限定名样本与符号定位队列不是定界结果。

CANDIDATE 116 std::is_const total_unique_contexts 111
abseil-cpp-20250814.1-1.2.src.rpm /usr/include/absl/types/span.h:196   // Used to SFINAE-enable a function when the slice elements are const. |   template <typename U> |   using EnableIfValueIsConst = |       typename std::enable_if<std::is_const<T>::value, U>::type; |  |   // Used to SFINAE-enable a function when the slice elements are mutable. |   template <typename U> |   using EnableIfValueIsMutable =
cereal-1.3.2-1.1.src.rpm /usr/include/cereal/details/helpers.hpp:215   { |     //! Internally store the pointer as a void *, keeping const if created with |     //! a const pointer |     using PT = typename std::conditional<std::is_const<typename std::remove_pointer<typename std::remove_reference<T>::type>::type>::value, |                                          const void *, |                                          void *>::type; |  |     BinaryData( T && d, uint64_t s ) : data(std::forward<T>(d)), size(s) {}
tensorflow2-2.18.0-1.2.src.rpm /usr/include/tensorflow2/aot/include/absl/meta/type_traits.h:271 struct is_function |     : std::integral_constant< |           bool, !(std::is_reference<T>::value || |                   std::is_const<typename std::add_const<T>::type>::value)> {}; |  | // is_trivially_destructible() | // | // Determines whether the passed type `T` is trivially destructible.
LIMIT: 限定名样本与符号定位队列不是定界结果。

CANDIDATE 117 std::is_scalar total_unique_contexts 54
tensorflow2-2.18.0-1.2.src.rpm /usr/include/tensorflow2/aot/include/absl/types/optional.h:291                 absl::negation< |                     std::is_same<optional<T>, typename std::decay<U>::type> >, |                 absl::negation<absl::conjunction< |                     std::is_scalar<T>, |                     std::is_same<T, typename std::decay<U>::type> > >, |                 std::is_constructible<T, U>, |                 std::is_assignable<T&, U> >::value>::type> |   optional& operator=(U&& v) {
Open3D-0.17-2.src.rpm /usr/include/open3d/utility/Optional.h:410             std::is_constructible<T, U>::value && |                     !std::is_same<typename std::decay<U>::type, |                                   optional<T>>::value && |                     (std::is_scalar<T>::value || |                      std::is_same<typename std::decay<U>::type, T>::value) && |                     std::is_assignable<T&, U>::value, |             optional&>::type { |         if (initialized()) {
behaviortree_cpp_v3-3.6.1-0.src.rpm /usr/include/behaviortree_cpp_v3/flatbuffers/stl_emulation.h:157  | #if defined(FLATBUFFERS_TEMPLATES_ALIASES) |   #ifndef FLATBUFFERS_CPP98_STL |     template <typename T> using is_scalar = std::is_scalar<T>; |     template <typename T, typename U> using is_same = std::is_same<T,U>; |     template <typename T> using is_floating_point = std::is_floating_point<T>; |     template <typename T> using is_unsigned = std::is_unsigned<T>; |     template <typename T> using is_enum = std::is_enum<T>;
LIMIT: 限定名样本与符号定位队列不是定界结果。

CANDIDATE 118 std::is_standard_layout total_unique_contexts 1132
tensorflow2-2.18.0-1.2.src.rpm /usr/include/tensorflow2/aot/include/Eigen/src/Core/util/Serializer.h:33 template<typename T> | class Serializer<T, typename std::enable_if_t< |                       std::is_trivial<T>::value  |                       && std::is_standard_layout<T>::value>> { |  public: |   |   /** |    * Determines the required size of the serialization buffer for a value.
Open3D-0.17-2.src.rpm /usr/include/open3d/3rdparty/Eigen/src/Core/util/Serializer.h:33 template<typename T> | class Serializer<T, typename std::enable_if< |                       std::is_trivial<T>::value  |                       && std::is_standard_layout<T>::value>::type > { |  public: |   |   /** |    * Determines the required size of the serialization buffer for a value.
app-rootstrap-10.0.0-1.src.rpm /opt/data/app-rootstrap/usr/include/vulkan/vulkan_static_assertions.hpp:20 //=== VK_VERSION_1_0 === |  | VULKAN_HPP_STATIC_ASSERT( sizeof( VULKAN_HPP_NAMESPACE::Extent2D ) == sizeof( VkExtent2D ), "struct and wrapper have different size!" ); | VULKAN_HPP_STATIC_ASSERT( std::is_standard_layout<VULKAN_HPP_NAMESPACE::Extent2D>::value, "struct wrapper is not a standard layout!" ); | VULKAN_HPP_STATIC_ASSERT( std::is_nothrow_move_constructible<VULKAN_HPP_NAMESPACE::Extent2D>::value, "Extent2D is not nothrow_move_constructible!" ); |  | VULKAN_HPP_STATIC_ASSERT( sizeof( VULKAN_HPP_NAMESPACE::Extent3D ) == sizeof( VkExtent3D ), "struct and wrapper have different size!" ); | VULKAN_HPP_STATIC_ASSERT( std::is_standard_layout<VULKAN_HPP_NAMESPACE::Extent3D>::value, "struct wrapper is not a standard layout!" );
LIMIT: 限定名样本与符号定位队列不是定界结果。

CANDIDATE 119 std::is_trivial total_unique_contexts 49
tensorflow2-2.18.0-1.2.src.rpm /usr/include/tensorflow2/aot/include/Eigen/src/Core/util/Serializer.h:32 // Specialization for POD types. | template<typename T> | class Serializer<T, typename std::enable_if_t< |                       std::is_trivial<T>::value  |                       && std::is_standard_layout<T>::value>> { |  public: |   |   /**
Open3D-0.17-2.src.rpm /usr/include/open3d/3rdparty/Eigen/src/Core/util/Serializer.h:32 // Specialization for POD types. | template<typename T> | class Serializer<T, typename std::enable_if< |                       std::is_trivial<T>::value  |                       && std::is_standard_layout<T>::value>::type > { |  public: |   |   /**
tvm-runtime-0.7.0-0.src.rpm /usr/include/tvm/runtime/container.h:168    * \brief Destroy the Inplace Array Base object |    */ |   ~InplaceArrayBase() { |     if (!(std::is_standard_layout<ElemType>::value && std::is_trivial<ElemType>::value)) { |       size_t size = Self()->GetSize(); |       for (size_t i = 0; i < size; ++i) { |         ElemType* fp = reinterpret_cast<ElemType*>(AddressOf(i)); |         fp->ElemType::~ElemType();
LIMIT: 限定名样本与符号定位队列不是定界结果。

CANDIDATE 120 std::make_unsigned total_unique_contexts 60
tensorflow2-2.18.0-1.2.src.rpm /usr/include/tensorflow2/aot/include/Eigen/src/Core/util/Meta.h:164 template<> struct is_arithmetic<unsigned long long> { enum { value = true }; }; | using std::is_integral; |  | using std::make_unsigned; |  | template <typename T> struct is_const { enum { value = 0 }; }; | template <typename T> struct is_const<T const> { enum { value = 1 }; }; | 
Open3D-0.17-2.src.rpm /usr/include/open3d/3rdparty/Eigen/src/Core/util/Meta.h:181 #endif |  | #if EIGEN_HAS_CXX11 | using std::make_unsigned; | #else | // TODO: Possibly improve this implementation of make_unsigned. | // It is currently used only by | // template<typename Scalar> struct random_default_impl<Scalar, false, true>.
behaviortree_cpp_v3-3.6.1-0.src.rpm /usr/include/behaviortree_cpp_v3/flatbuffers/stl_emulation.h:162     template <typename T> using is_floating_point = std::is_floating_point<T>; |     template <typename T> using is_unsigned = std::is_unsigned<T>; |     template <typename T> using is_enum = std::is_enum<T>; |     template <typename T> using make_unsigned = std::make_unsigned<T>; |     template<bool B, class T, class F> |     using conditional = std::conditional<B, T, F>; |     template<class T, T v> |     using integral_constant = std::integral_constant<T, v>;
LIMIT: 限定名样本与符号定位队列不是定界结果。

CANDIDATE 121 std::chrono::high_resolution_clock total_unique_contexts 10
tensorflow2-2.18.0-1.2.src.rpm /usr/include/tensorflow2/aot/include/external/com_github_grpc_grpc/include/grpcpp/impl/codegen/time.h:70 void Timepoint2Timespec(const std::chrono::system_clock::time_point& from, |                         gpr_timespec* to); | void TimepointHR2Timespec( |     const std::chrono::high_resolution_clock::time_point& from, |     gpr_timespec* to); |  | std::chrono::system_clock::time_point Timespec2Timepoint(gpr_timespec t); | 
behaviortree_cpp_v3-3.6.1-0.src.rpm /usr/include/behaviortree_cpp_v3/basic_types.h:339     return {}; | } |  | typedef std::chrono::high_resolution_clock::time_point TimePoint; | typedef std::chrono::high_resolution_clock::duration Duration; |  | } // end namespace | 
grpc-1.76.0-0.src.rpm /usr/include/grpcpp/support/time.h:69 void Timepoint2Timespec(const std::chrono::system_clock::time_point& from, |                         gpr_timespec* to); | void TimepointHR2Timespec( |     const std::chrono::high_resolution_clock::time_point& from, |     gpr_timespec* to); |  | std::chrono::system_clock::time_point Timespec2Timepoint(gpr_timespec t); | 
LIMIT: 限定名样本与符号定位队列不是定界结果。

CANDIDATE 122 std::chrono::nanoseconds total_unique_contexts 39
abseil-cpp-20250814.1-1.2.src.rpm /usr/include/absl/time/time.h:662 //   std::chrono::milliseconds ms(123); | //   absl::Duration d = absl::FromChrono(ms); | ABSL_ATTRIBUTE_PURE_FUNCTION constexpr Duration FromChrono( |     const std::chrono::nanoseconds& d); | ABSL_ATTRIBUTE_PURE_FUNCTION constexpr Duration FromChrono( |     const std::chrono::microseconds& d); | ABSL_ATTRIBUTE_PURE_FUNCTION constexpr Duration FromChrono( |     const std::chrono::milliseconds& d);
tensorflow2-2.18.0-1.2.src.rpm /usr/include/tensorflow2/aot/include/absl/time/time.h:561 //   std::chrono::milliseconds ms(123); | //   absl::Duration d = absl::FromChrono(ms); | ABSL_ATTRIBUTE_PURE_FUNCTION constexpr Duration FromChrono( |     const std::chrono::nanoseconds& d); | ABSL_ATTRIBUTE_PURE_FUNCTION constexpr Duration FromChrono( |     const std::chrono::microseconds& d); | ABSL_ATTRIBUTE_PURE_FUNCTION constexpr Duration FromChrono( |     const std::chrono::milliseconds& d);
app-rootstrap-10.0.0-1.src.rpm /opt/data/app-rootstrap/usr/include/opencv2/core/async.hpp:79     template<typename _Rep, typename _Period> |     inline bool get(OutputArray dst, const std::chrono::duration<_Rep, _Period>& timeout) |     { |         return get(dst, (int64)(std::chrono::nanoseconds(timeout).count())); |     } |  |     template<typename _Rep, typename _Period> |     inline bool wait_for(const std::chrono::duration<_Rep, _Period>& timeout)
LIMIT: 限定名样本与符号定位队列不是定界结果。

CANDIDATE 123 std::chrono::system_clock::time_point total_unique_contexts 22
abseil-cpp-20250814.1-1.2.src.rpm /usr/include/absl/time/time.h:1031 //   absl::Time t = absl::FromChrono(tp); | //   // t == absl::FromTimeT(123) | ABSL_ATTRIBUTE_PURE_FUNCTION Time | FromChrono(const std::chrono::system_clock::time_point& tp); |  | // ToChronoTime() | // | // Converts an absl::Time to a std::chrono::system_clock::time_point. If
tensorflow2-2.18.0-1.2.src.rpm /usr/include/tensorflow2/aot/include/absl/time/time.h:904 //   absl::Time t = absl::FromChrono(tp); | //   // t == absl::FromTimeT(123) | ABSL_ATTRIBUTE_PURE_FUNCTION Time | FromChrono(const std::chrono::system_clock::time_point& tp); |  | // ToChronoTime() | // | // Converts an absl::Time to a std::chrono::system_clock::time_point. If
grpc-1.76.0-0.src.rpm /usr/include/grpcpp/client_context.h:293   void set_fail_fast(bool fail_fast) { set_wait_for_ready(!fail_fast); } |  |   /// Return the deadline for the client call. |   std::chrono::system_clock::time_point deadline() const { |     return grpc::Timespec2Timepoint(deadline_); |   } |  |   /// Return a \a gpr_timespec representation of the client call's deadline.
LIMIT: 限定名样本与符号定位队列不是定界结果。

CANDIDATE 124 std::error_code total_unique_contexts 829
tensorflow2-2.18.0-1.2.src.rpm /usr/include/tensorflow2/aot/include/external/tf_runtime/include/tfrt/support/error_util.h:144     return os.str(); |   } |  |   std::error_code convertToErrorCode() const override { |     return llvm::inconvertibleErrorCode(); |   } |  |  private:
app-rootstrap-10.0.0-1.src.rpm /opt/data/app-rootstrap/usr/include/node/env-inl.h:789   isolate()->ThrowException(fun(OneByteString(isolate(), errmsg), {})); | } |  | inline void Environment::ThrowStdErrException(std::error_code error_code, |                                               const char* syscall, |                                               const char* path) { |   ThrowErrnoException( |       error_code.value(), syscall, error_code.message().c_str(), path);
behaviortree_cpp_v3-3.6.1-0.src.rpm /usr/include/behaviortree_cpp_v3/utils/expected.hpp:808 }; |  | template<> | struct error_traits< std::error_code > | { |     static void rethrow( std::error_code const & e ) |     { |         throw std::system_error( e );
SYMBOL_CANDIDATE 1582 1892 rust-1.90.0-1.src.rpm -> llvm-22.1.8-19.1.src.rpm llvm::StringError::StringError(llvm::Twine const&, std::error_code)
SYMBOL_CANDIDATE 2150 2039 llvm-22.1.8-19.1.src.rpm -> rust-1.90.0-1.src.rpm llvm::StringError::StringError(llvm::Twine const&, std::error_code)
SYMBOL_CANDIDATE 2720 2039 llvm-22.1.8-19.1.src.rpm -> rust-1.90.0-1.src.rpm llvm::StringError::StringError(std::__cxx11::basic_string<char, std::char_traits<char>, std::allocator<char> >&&, std::error_code, bool)
LIMIT: 限定名样本与符号定位队列不是定界结果。

CANDIDATE 125 std::system_error total_unique_contexts 39
app-rootstrap-10.0.0-1.src.rpm /opt/data/app-rootstrap/usr/include/vulkan/vulkan.hpp:6302  |   class SystemError |     : public Error |     , public std::system_error |   { |   public: |     SystemError( std::error_code ec ) : Error(), std::system_error( ec ) {} | 
behaviortree_cpp_v3-3.6.1-0.src.rpm /usr/include/behaviortree_cpp_v3/utils/expected.hpp:812 { |     static void rethrow( std::error_code const & e ) |     { |         throw std::system_error( e ); |     } | }; |  | } // namespace expected_lite
boost-1.83.0-2.2.src.rpm /usr/include/boost/compat/detail/throw_system_error.hpp:18  | BOOST_NORETURN BOOST_NOINLINE inline void throw_system_error( std::errc e, boost::source_location const& loc = BOOST_CURRENT_LOCATION ) | { |     boost::throw_exception( std::system_error( std::make_error_code( e ) ), loc ); | } |  | } // namespace detail | } // namespace compat
LIMIT: 限定名样本与符号定位队列不是定界结果。
