memory_basis=[('MemTotal', 33072918528)]
RLIMIT_AS_bytes=9921875558; parallelism=1; nice=19; ionice=3
codes/gcc/libstdc++-v3/include/std/atomic-1058-    };
codes/gcc/libstdc++-v3/include/std/atomic-1059-
codes/gcc/libstdc++-v3/include/std/atomic-1060-
codes/gcc/libstdc++-v3/include/std/atomic:1061:  /// atomic_bool
codes/gcc/libstdc++-v3/include/std/atomic:1062:  typedef atomic<bool>			atomic_bool;
codes/gcc/libstdc++-v3/include/std/atomic-1063-
codes/gcc/libstdc++-v3/include/std/atomic-1064-  /// atomic_char
codes/gcc/libstdc++-v3/include/std/atomic-1065-  typedef atomic<char>			atomic_char;
--
codes/gcc/libstdc++-v3/include/bits/chrono.h-1018-      __enable_if_t<__is_duration<_ToDur>::value, time_point<_Clock, _ToDur>>
codes/gcc/libstdc++-v3/include/bits/chrono.h-1019-      time_point_cast(const time_point<_Clock, _Dur>& __t)
codes/gcc/libstdc++-v3/include/bits/chrono.h-1020-      {
codes/gcc/libstdc++-v3/include/bits/chrono.h:1021:	typedef time_point<_Clock, _ToDur>			__time_point;
codes/gcc/libstdc++-v3/include/bits/chrono.h-1022-	return __time_point(duration_cast<_ToDur>(__t.time_since_epoch()));
codes/gcc/libstdc++-v3/include/bits/chrono.h-1023-      }
codes/gcc/libstdc++-v3/include/bits/chrono.h-1024-
--
codes/gcc/libstdc++-v3/include/bits/chrono.h-1103-      {
codes/gcc/libstdc++-v3/include/bits/chrono.h-1104-	typedef duration<_Rep2, _Period2>			__dur2;
codes/gcc/libstdc++-v3/include/bits/chrono.h-1105-	typedef typename common_type<_Dur1,__dur2>::type	__ct;
codes/gcc/libstdc++-v3/include/bits/chrono.h:1106:	typedef time_point<_Clock, __ct>			__time_point;
codes/gcc/libstdc++-v3/include/bits/chrono.h-1107-	return __time_point(__lhs.time_since_epoch() + __rhs);
codes/gcc/libstdc++-v3/include/bits/chrono.h-1108-      }
codes/gcc/libstdc++-v3/include/bits/chrono.h-1109-
--
codes/gcc/libstdc++-v3/include/bits/chrono.h-1117-      {
codes/gcc/libstdc++-v3/include/bits/chrono.h-1118-	typedef duration<_Rep1, _Period1>			__dur1;
codes/gcc/libstdc++-v3/include/bits/chrono.h-1119-	typedef typename common_type<__dur1,_Dur2>::type	__ct;
codes/gcc/libstdc++-v3/include/bits/chrono.h:1120:	typedef time_point<_Clock, __ct>			__time_point;
codes/gcc/libstdc++-v3/include/bits/chrono.h-1121-	return __time_point(__rhs.time_since_epoch() + __lhs);
codes/gcc/libstdc++-v3/include/bits/chrono.h-1122-      }
codes/gcc/libstdc++-v3/include/bits/chrono.h-1123-
--
codes/gcc/libstdc++-v3/include/bits/chrono.h-1131-      {
codes/gcc/libstdc++-v3/include/bits/chrono.h-1132-	typedef duration<_Rep2, _Period2>			__dur2;
codes/gcc/libstdc++-v3/include/bits/chrono.h-1133-	typedef typename common_type<_Dur1,__dur2>::type	__ct;
codes/gcc/libstdc++-v3/include/bits/chrono.h:1134:	typedef time_point<_Clock, __ct>			__time_point;
codes/gcc/libstdc++-v3/include/bits/chrono.h-1135-	return __time_point(__lhs.time_since_epoch() -__rhs);
codes/gcc/libstdc++-v3/include/bits/chrono.h-1136-      }
codes/gcc/libstdc++-v3/include/bits/chrono.h-1137-
--
codes/gcc/libstdc++-v3/include/bits/chrono.h-1224-    */
codes/gcc/libstdc++-v3/include/bits/chrono.h-1225-    struct system_clock
codes/gcc/libstdc++-v3/include/bits/chrono.h-1226-    {
codes/gcc/libstdc++-v3/include/bits/chrono.h:1227:      typedef chrono::nanoseconds				duration;
codes/gcc/libstdc++-v3/include/bits/chrono.h-1228-      typedef duration::rep					rep;
codes/gcc/libstdc++-v3/include/bits/chrono.h-1229-      typedef duration::period					period;
codes/gcc/libstdc++-v3/include/bits/chrono.h:1230:      typedef chrono::time_point<system_clock, duration> 	time_point;
codes/gcc/libstdc++-v3/include/bits/chrono.h-1231-
codes/gcc/libstdc++-v3/include/bits/chrono.h-1232-      static_assert(system_clock::duration::min()
codes/gcc/libstdc++-v3/include/bits/chrono.h-1233-		    < system_clock::duration::zero(),
--
codes/gcc/libstdc++-v3/include/bits/chrono.h-1264-    */
codes/gcc/libstdc++-v3/include/bits/chrono.h-1265-    struct steady_clock
codes/gcc/libstdc++-v3/include/bits/chrono.h-1266-    {
codes/gcc/libstdc++-v3/include/bits/chrono.h:1267:      typedef chrono::nanoseconds				duration;
codes/gcc/libstdc++-v3/include/bits/chrono.h-1268-      typedef duration::rep					rep;
codes/gcc/libstdc++-v3/include/bits/chrono.h-1269-      typedef duration::period					period;
codes/gcc/libstdc++-v3/include/bits/chrono.h:1270:      typedef chrono::time_point<steady_clock, duration>	time_point;
codes/gcc/libstdc++-v3/include/bits/chrono.h-1271-
codes/gcc/libstdc++-v3/include/bits/chrono.h-1272-      static constexpr bool is_steady = true;
codes/gcc/libstdc++-v3/include/bits/chrono.h-1273-
--
codes/gcc/libstdc++-v3/include/bits/ios_base.h-645-    _M_grow_words(int __index, bool __iword);
codes/gcc/libstdc++-v3/include/bits/ios_base.h-646-
codes/gcc/libstdc++-v3/include/bits/ios_base.h-647-    // Members for locale and locale caching.
codes/gcc/libstdc++-v3/include/bits/ios_base.h:648:    locale		_M_ios_locale;
codes/gcc/libstdc++-v3/include/bits/ios_base.h-649-
codes/gcc/libstdc++-v3/include/bits/ios_base.h-650-    void
codes/gcc/libstdc++-v3/include/bits/ios_base.h-651-    _M_init() throw();
--
codes/gcc/libstdc++-v3/include/bits/ios_base.h-824-    */
codes/gcc/libstdc++-v3/include/bits/ios_base.h-825-    locale
codes/gcc/libstdc++-v3/include/bits/ios_base.h-826-    getloc() const
codes/gcc/libstdc++-v3/include/bits/ios_base.h:827:    { return _M_ios_locale; }
codes/gcc/libstdc++-v3/include/bits/ios_base.h-828-
codes/gcc/libstdc++-v3/include/bits/ios_base.h-829-    /**
codes/gcc/libstdc++-v3/include/bits/ios_base.h-830-     *  @brief  Locale access
--
codes/gcc/libstdc++-v3/include/bits/ios_base.h-835-    */
codes/gcc/libstdc++-v3/include/bits/ios_base.h-836-    const locale&
codes/gcc/libstdc++-v3/include/bits/ios_base.h-837-    _M_getloc() const
codes/gcc/libstdc++-v3/include/bits/ios_base.h:838:    { return _M_ios_locale; }
codes/gcc/libstdc++-v3/include/bits/ios_base.h-839-
codes/gcc/libstdc++-v3/include/bits/ios_base.h-840-    // [27.4.2.5] ios_base storage functions
codes/gcc/libstdc++-v3/include/bits/ios_base.h-841-    /**
