memory_basis=[('MemTotal', 33072918528)]
RLIMIT_AS_bytes=9921875558; parallelism=1; nice=19; ionice=3

CANDIDATE 126 std::thread::id total_unique_contexts 48
tensorflow2-2.18.0-1.2.src.rpm /usr/include/tensorflow2/aot/include/Eigen/src/ThreadPool/NonBlockingThreadPool.h:455   } |  |   static EIGEN_STRONG_INLINE uint64_t GlobalThreadIdHash() { |     return std::hash<std::thread::id>()(std::this_thread::get_id()); |   } |  |   EIGEN_STRONG_INLINE PerThread* GetPerThread() { | #ifndef EIGEN_THREAD_LOCAL
eigen-3.4.0-0.src.rpm /usr/include/eigen3/unsupported/Eigen/CXX11/src/Tensor/TensorContractionThreadPool.h:529     } |  |    private: |     std::thread::id created_by_thread_id_; |  |     // This notification is specialized on the type of DoneCallback and can be |     // blocking or non-blocking. |     EvalParallelNotification<DoneCallback, EvalParallelContext> done_;
iotivity-1.2.1-0.src.rpm /usr/include/service/resource-encapsulation/RCSResourceObject.h:87         { |         private: |  |             typedef AtomicWrapper< std::thread::id > AtomicThreadId; |  |         //! @cond |         class WeakGuard |         {
LIMIT: 限定名样本与符号定位队列不是定界结果。

CANDIDATE 127 std::is_void total_unique_contexts 160
abseil-cpp-20250814.1-1.2.src.rpm /usr/include/absl/functional/function_ref.h:92   // signature of this FunctionRef. |   template <typename F, typename FR = std::invoke_result_t<F, Args&&...>> |   using EnableIfCompatible = |       typename std::enable_if<std::is_void<R>::value || |                               std::is_convertible<FR, R>::value>::type; |  |  public: |   // Constructs a FunctionRef from any invocable type.
tensorflow2-2.18.0-1.2.src.rpm /usr/include/tensorflow2/aot/include/absl/functional/function_ref.h:97   template <typename F, |             typename FR = absl::base_internal::invoke_result_t<F, Args&&...>> |   using EnableIfCompatible = |       typename std::enable_if<std::is_void<R>::value || |                               std::is_convertible<FR, R>::value>::type; |  |  public: |   // Constructs a FunctionRef from any invokable type.
Open3D-0.17-2.src.rpm /usr/include/open3d/3rdparty/fmt/format.h:348 // An output iterator that truncates the output and counts the number of objects | // written to it. | template <typename OutputIt, |           typename Enable = typename std::is_void< |               typename std::iterator_traits<OutputIt>::value_type>::type> | class truncating_iterator; |  | template <typename OutputIt>
LIMIT: 限定名样本与符号定位队列不是定界结果。

CANDIDATE 128 std::is_nothrow_move_constructible total_unique_contexts 1260
abseil-cpp-20250814.1-1.2.src.rpm /usr/include/absl/container/fixed_array.h:97            absl::allocator_is_nothrow<allocator_type>::value; |   } |   static constexpr bool NoexceptMovable() { |     return std::is_nothrow_move_constructible<StorageElement>::value && |            absl::allocator_is_nothrow<allocator_type>::value; |   } |   static constexpr bool DefaultConstructorIsNonTrivial() { |     return !absl::is_trivially_default_constructible<StorageElement>::value;
tensorflow2-2.18.0-1.2.src.rpm /usr/include/tensorflow2/aot/include/Eigen/src/Core/Array.h:151 #endif |  |     EIGEN_DEVICE_FUNC |     Array(Array&& other) EIGEN_NOEXCEPT_IF(std::is_nothrow_move_constructible<Scalar>::value) |       : Base(std::move(other)) |     { |     } |     EIGEN_DEVICE_FUNC
Open3D-0.17-2.src.rpm /usr/include/open3d/3rdparty/Eigen/src/Core/Array.h:152  | #if EIGEN_HAS_RVALUE_REFERENCES |     EIGEN_DEVICE_FUNC |     Array(Array&& other) EIGEN_NOEXCEPT_IF(std::is_nothrow_move_constructible<Scalar>::value) |       : Base(std::move(other)) |     { |     } |     EIGEN_DEVICE_FUNC
LIMIT: 限定名样本与符号定位队列不是定界结果。

CANDIDATE 129 std::is_trivially_copyable total_unique_contexts 65
abseil-cpp-20250814.1-1.2.src.rpm /usr/include/absl/base/casts.h:155 template < |     typename Dest, typename Source, |     typename std::enable_if<sizeof(Dest) == sizeof(Source) && |                                 std::is_trivially_copyable<Source>::value && |                                 std::is_trivially_copyable<Dest>::value | #if !ABSL_HAVE_BUILTIN(__builtin_bit_cast) |                                 && std::is_default_constructible<Dest>::value | #endif  // !ABSL_HAVE_BUILTIN(__builtin_bit_cast)
tensorflow2-2.18.0-1.2.src.rpm /usr/include/tensorflow2/aot/include/Eigen/src/Core/NumTraits.h:118 template <typename Tgt, typename Src> | EIGEN_STRONG_INLINE EIGEN_DEVICE_FUNC Tgt bit_cast(const Src& src) { |   // The behaviour of memcpy is not specified for non-trivially copyable types |   EIGEN_STATIC_ASSERT(std::is_trivially_copyable<Src>::value, THIS_TYPE_IS_NOT_SUPPORTED); |   EIGEN_STATIC_ASSERT(std::is_trivially_copyable<Tgt>::value && std::is_default_constructible<Tgt>::value, |                       THIS_TYPE_IS_NOT_SUPPORTED); |   EIGEN_STATIC_ASSERT(sizeof(Src) == sizeof(Tgt), THIS_TYPE_IS_NOT_SUPPORTED); | 
Open3D-0.17-2.src.rpm /usr/include/open3d/3rdparty/Eigen/src/Core/NumTraits.h:90 EIGEN_STRONG_INLINE EIGEN_DEVICE_FUNC Tgt bit_cast(const Src& src) { | #if EIGEN_HAS_TYPE_TRAITS |   // The behaviour of memcpy is not specified for non-trivially copyable types |   EIGEN_STATIC_ASSERT(std::is_trivially_copyable<Src>::value, THIS_TYPE_IS_NOT_SUPPORTED); |   EIGEN_STATIC_ASSERT(std::is_trivially_copyable<Tgt>::value && std::is_default_constructible<Tgt>::value, |                       THIS_TYPE_IS_NOT_SUPPORTED); | #endif |   EIGEN_STATIC_ASSERT(sizeof(Src) == sizeof(Tgt), THIS_TYPE_IS_NOT_SUPPORTED);
LIMIT: 限定名样本与符号定位队列不是定界结果。

CANDIDATE 130 std::launch total_unique_contexts 25
bundle-0.18.15-0.src.rpm /usr/include/tizen-database/database.hpp:791   } |  |   std::future<Result> ExecAsync(const Sql& sql) const { |     return std::async(std::launch::async, [=]() { return Exec(sql); }); |   } |  |   void OneStepExec(const Sql& sql) const { |     char* errmsg = nullptr;
boost-1.83.0-2.2.src.rpm /usr/include/boost/math/quadrature/naive_monte_carlo.hpp:206         // Set done to false in case we wish to restart: |         m_done.store(false); // relaxed store, no worker threads yet |         m_start = std::chrono::system_clock::now(); |         return std::async(std::launch::async, |                           &naive_monte_carlo::m_integrate, this); |     } |  |     void cancel()
LIMIT: 限定名样本与符号定位队列不是定界结果。

CANDIDATE 131 std::priority_queue total_unique_contexts 58
cereal-1.3.2-1.1.src.rpm /usr/include/cereal/types/queue.hpp:64     //! Allows access to the protected container in priority queue |     /*! @internal */ |     template <class T, class C, class Comp> inline |     C const & container( std::priority_queue<T, C, Comp> const & priority_queue ) |     { |       struct H : public std::priority_queue<T, C, Comp> |       { |         static C const & get( std::priority_queue<T, C, Comp> const & pq )
openfst-1.8.4-2.2.src.rpm /usr/include/fst/minimize.h:185   }; |  |   using ArcIterQueue = |       std::priority_queue<RevArcIterPtr, std::vector<RevArcIterPtr>, |                           ArcIterCompare>; |  |  private: |   // Prepartitions the space into equivalence classes. We ensure that final and
tensorflow2-2.18.0-1.2.src.rpm /usr/include/tensorflow2/aot/include/external/tf_runtime/include/tfrt/host_context/timer_queue.h:98   condition_variable cv_; |   std::thread timer_thread_; |   std::atomic<bool> stop_{false}; |   std::priority_queue<RCReference<TimerEntry>, |                       std::vector<RCReference<TimerEntry>>, |                       TimerEntry::TimerEntryCompare> |       timers_ TFRT_GUARDED_BY(mu_); | };
LIMIT: 限定名样本与符号定位队列不是定界结果。

CANDIDATE 132 std::promise total_unique_contexts 61
tensorflow2-2.18.0-1.2.src.rpm /usr/include/tensorflow2/aot/include/external/onednn/src/common/cache_utils.hpp:75     // returned object is added to the cache on a cache miss. |     cache_object_t get_or_create( |             const key_t &key, create_func_t create, void *create_context) { |         std::promise<cache_object_t> p_promise; |         // Try to get the shared future from the cache, if it's missing then a |         // shared future with no shared state is returned and the passed shared |         // future is added, otherwise a valid shared future is returned and no |         // insertion is performed.
Open3D-0.17-2.src.rpm /usr/include/open3d/visualization/webrtc_server/PeerConnectionManager.h:98     public: |         static SetSessionDescriptionObserver* Create( |                 webrtc::PeerConnectionInterface* pc, |                 std::promise<const webrtc::SessionDescriptionInterface*>& |                         promise) { |             return new rtc::RefCountedObject<SetSessionDescriptionObserver>( |                     pc, promise); |         }
klay-0.0.2-0.src.rpm /usr/include/klay/gmainloop.h:81 			return; |  | 		try { | 			std::promise<void> barrier; | 			std::future<void> future = barrier.get_future(); |  | 			{ | 				std::lock_guard<std::mutex> l(queuelock);
LIMIT: 限定名样本与符号定位队列不是定界结果。

CANDIDATE 133 std::uniform_real_distribution total_unique_contexts 21
openfst-1.8.4-2.2.src.rpm /usr/include/fst/randgen.h:114     } |     sum = Plus(sum, to_log_weight_(fst.Final(s))); |     const double threshold = |         std::uniform_real_distribution<>(0, exp(-sum.Value()))(rand_); |     auto p = Log64Weight::Zero(); |     size_t n = 0; |     for (aiter.Reset(); !aiter.Done(); aiter.Next(), ++n) { |       p = Plus(p, to_log_weight_(aiter.Value().weight));
tensorflow2-2.18.0-1.2.src.rpm /usr/include/tensorflow2/aot/include/tensorflow/compiler/xla/hlo/evaluator/hlo_evaluator_typed_visitor.h:1481           // [2] http://open-std.org/JTC1/SC22/WG21/docs/lwg-active.html#2524 |           const ReturnT low_val = low.Get<ReturnT>({}); |           const ReturnT high_val = high.Get<ReturnT>({}); |           std::uniform_real_distribution<ElementwiseT> generator( |               static_cast<ElementwiseT>(low_val), |               static_cast<ElementwiseT>(high_val)); |           TF_RETURN_IF_ERROR(result.Populate<ReturnT>( |               [&](absl::Span<const int64_t> /*indexes*/) {
Open3D-0.17-2.src.rpm /usr/include/open3d/utility/Random.h:130     } |  | protected: |     std::uniform_real_distribution<T> distribution_; | }; |  | /// Generate normally distributed floating point values with mean and std. | /// This class is globally seeded by utility::random::Seed().
LIMIT: 限定名样本与符号定位队列不是定界结果。

CANDIDATE 134 std::index_sequence total_unique_contexts 311
abseil-cpp-20250814.1-1.2.src.rpm /usr/include/absl/utility/utility.h:44 using std::in_place_t; | using std::in_place_type; | using std::in_place_type_t; | using std::index_sequence; | using std::index_sequence_for; | using std::integer_sequence; | using std::make_from_tuple; | using std::make_index_sequence;
tensorflow2-2.18.0-1.2.src.rpm /usr/include/tensorflow2/aot/include/Eigen/src/Core/arch/GPU/Tuple.h:168   // then recursively calls again. |   template<typename Tuple1, size_t... I1s, typename Tuple2, size_t... I2s, typename... MoreTuples> |   static EIGEN_CONSTEXPR EIGEN_DEVICE_FUNC EIGEN_STRONG_INLINE |   ReturnType run(Tuple1&& tuple1, std::index_sequence<I1s...>, |                  Tuple2&& tuple2, std::index_sequence<I2s...>, |                  MoreTuples&&... tuples) { |     return tuple_cat_impl<NTuples-1, MergedTupleType, Tuples...>::run( |         MergedTupleType(tuple_get_impl<I1s, Args1...>::run(std::forward<Tuple1>(tuple1))...,
Open3D-0.17-2.src.rpm /usr/include/open3d/3rdparty/Eigen/src/Core/util/Meta.h:661 using std::integer_sequence; | using std::make_integer_sequence; |  | using std::index_sequence; | using std::make_index_sequence; |  | #else  | 
LIMIT: 限定名样本与符号定位队列不是定界结果。

CANDIDATE 135 std::is_array total_unique_contexts 34
abseil-cpp-20250814.1-1.2.src.rpm /usr/include/absl/container/fixed_array.h:81 template <typename T, size_t N = kFixedArrayUseDefault, |           typename A = std::allocator<T>> | class ABSL_ATTRIBUTE_WARN_UNUSED FixedArray { |   static_assert(!std::is_array<T>::value || std::extent<T>::value > 0, |                 "Arrays with unknown bounds cannot be used with FixedArray."); |  |   static constexpr size_t kInlineBytesDefault = 256; | 
cereal-1.3.2-1.1.src.rpm /usr/include/cereal/details/helpers.hpp:144     private: |       // If we get passed an array, keep the type as is, otherwise store |       // a reference if we were passed an l value reference, else copy the value |       using Type = typename std::conditional<std::is_array<typename std::remove_reference<T>::type>::value, |                                              typename std::remove_cv<T>::type, |                                              typename std::conditional<std::is_lvalue_reference<T>::value, |                                                                        T, |                                                                        typename std::decay<T>::type>::type>::type;
tensorflow2-2.18.0-1.2.src.rpm /usr/include/tensorflow2/aot/include/absl/container/fixed_array.h:78 template <typename T, size_t N = kFixedArrayUseDefault, |           typename A = std::allocator<T>> | class FixedArray { |   static_assert(!std::is_array<T>::value || std::extent<T>::value > 0, |                 "Arrays with unknown bounds cannot be used with FixedArray."); |  |   static constexpr size_t kInlineBytesDefault = 256; | 
LIMIT: 限定名样本与符号定位队列不是定界结果。

CANDIDATE 136 std::greater total_unique_contexts 96
openfst-1.8.4-2.2.src.rpm /usr/include/fst/accumulator.h:586     if (weights_) { |       Extend(fst_->NumArcs(s_), aiter); |       return std::lower_bound(weights_->begin() + pos + 1, weights_->end(), f, |                               std::greater<double>()) - |              weights_->begin() - 1; |     } else { |       size_t n = 0; |       auto x = FloatLimits<double>::PosInfinity();
tensorflow2-2.18.0-1.2.src.rpm /usr/include/tensorflow2/aot/include/Eigen/src/Core/functors/StlFunctors.h:53 { enum { Cost = 1, PacketAccess = false }; }; |  | template<typename T> | struct functor_traits<std::greater<T> > | { enum { Cost = 1, PacketAccess = false }; }; |  | template<typename T> | struct functor_traits<std::less<T> >
Open3D-0.17-2.src.rpm /usr/include/open3d/3rdparty/Eigen/src/Core/functors/StlFunctors.h:76 { enum { Cost = 1, PacketAccess = false }; }; |  | template<typename T> | struct functor_traits<std::greater<T> > | { enum { Cost = 1, PacketAccess = false }; }; |  | template<typename T> | struct functor_traits<std::less<T> >
LIMIT: 限定名样本与符号定位队列不是定界结果。

CANDIDATE 137 std::is_default_constructible total_unique_contexts 44
abseil-cpp-20250814.1-1.2.src.rpm /usr/include/absl/base/casts.h:158                                 std::is_trivially_copyable<Source>::value && |                                 std::is_trivially_copyable<Dest>::value | #if !ABSL_HAVE_BUILTIN(__builtin_bit_cast) |                                 && std::is_default_constructible<Dest>::value | #endif  // !ABSL_HAVE_BUILTIN(__builtin_bit_cast) |                             , |                             int>::type = 0> | #if ABSL_HAVE_BUILTIN(__builtin_bit_cast)
cereal-1.3.2-1.1.src.rpm /usr/include/cereal/types/boost_variant.hpp:130       template<class Variant, class Archive> |       static void load_variant(Archive & ar, Variant & variant) |       { |         load_variant_impl( ar, variant, typename std::is_default_constructible<T>::type() ); |       } |     }; |   } // namespace boost_variant_detail | 
tensorflow2-2.18.0-1.2.src.rpm /usr/include/tensorflow2/aot/include/Eigen/src/Core/NumTraits.h:119 EIGEN_STRONG_INLINE EIGEN_DEVICE_FUNC Tgt bit_cast(const Src& src) { |   // The behaviour of memcpy is not specified for non-trivially copyable types |   EIGEN_STATIC_ASSERT(std::is_trivially_copyable<Src>::value, THIS_TYPE_IS_NOT_SUPPORTED); |   EIGEN_STATIC_ASSERT(std::is_trivially_copyable<Tgt>::value && std::is_default_constructible<Tgt>::value, |                       THIS_TYPE_IS_NOT_SUPPORTED); |   EIGEN_STATIC_ASSERT(sizeof(Src) == sizeof(Tgt), THIS_TYPE_IS_NOT_SUPPORTED); |  |   Tgt tgt;
LIMIT: 限定名样本与符号定位队列不是定界结果。

CANDIDATE 138 std::make_index_sequence total_unique_contexts 181
abseil-cpp-20250814.1-1.2.src.rpm /usr/include/absl/utility/utility.h:48 using std::index_sequence_for; | using std::integer_sequence; | using std::make_from_tuple; | using std::make_index_sequence; | using std::make_integer_sequence; | using std::move; |  | ABSL_NAMESPACE_END
tensorflow2-2.18.0-1.2.src.rpm /usr/include/tensorflow2/aot/include/Eigen/src/Core/arch/GPU/Tuple.h:181   template<typename Tuple1, typename Tuple2, typename... MoreTuples> |   static EIGEN_CONSTEXPR EIGEN_DEVICE_FUNC EIGEN_STRONG_INLINE |   ReturnType run(Tuple1&& tuple1, Tuple2&& tuple2, MoreTuples&&... tuples) { |     return run(std::forward<Tuple1>(tuple1), std::make_index_sequence<N1>{}, |                std::forward<Tuple2>(tuple2), std::make_index_sequence<N2>{}, |                std::forward<MoreTuples>(tuples)...); |   } | };
Open3D-0.17-2.src.rpm /usr/include/open3d/3rdparty/Eigen/src/Core/util/Meta.h:662 using std::make_integer_sequence; |  | using std::index_sequence; | using std::make_index_sequence; |  | #else  |  | template <typename T, T... Ints>
LIMIT: 限定名样本与符号定位队列不是定界结果。

CANDIDATE 139 std::multiset total_unique_contexts 37
cereal-1.3.2-1.1.src.rpm /usr/include/cereal/types/set.hpp:90  |   //! Saving for std::multiset |   template <class Archive, class K, class C, class A> inline |   void CEREAL_SAVE_FUNCTION_NAME( Archive & ar, std::multiset<K, C, A> const & multiset ) |   { |     set_detail::save( ar, multiset ); |   } | 
glog-0.3.5-1.src.rpm /usr/include/glog/stl_logging.h:119 } |  | OUTPUT_THREE_ARG_CONTAINER(std::set) | OUTPUT_THREE_ARG_CONTAINER(std::multiset) |  | #undef OUTPUT_THREE_ARG_CONTAINER |  | #define OUTPUT_FOUR_ARG_CONTAINER(Sequence) \
libzypp-17.23.7-1.src.rpm /usr/include/zypp/base/LogTools.h:177     { return dumpRange( str, obj.begin(), obj.end() ); } |  |   template<class Tp> |     std::ostream & operator<<( std::ostream & str, const std::multiset<Tp> & obj ) |     { return dumpRange( str, obj.begin(), obj.end() ); } |  |   template<class Tp> |     std::ostream & operator<<( std::ostream & str, const std::list<Tp> & obj )
LIMIT: 限定名样本与符号定位队列不是定界结果。

CANDIDATE 140 std::conditional_t total_unique_contexts 545
abseil-cpp-20250814.1-1.2.src.rpm /usr/include/absl/base/no_destructor.h:178   // potential once-init runtime initialization. It somewhat defeats the |   // purpose of NoDestructor in this case, but this makes the class more |   // friendly to generic code. |   std::conditional_t<std::is_trivially_destructible<T>::value, DirectImpl, |                      PlacementImpl> |       impl_; | }; | 
icu-78.1-1.4.src.rpm /usr/include/unicode/utfiterator.h:1119     /** C++ iterator boilerplate @internal */ |     using difference_type = prv::iter_difference_t<UnitIter>; |     /** C++ iterator boilerplate @internal */ |     using iterator_category = std::conditional_t< |         prv::bidirectional_iterator<UnitIter>, |         std::bidirectional_iterator_tag, |         std::forward_iterator_tag>; | 
openfst-1.8.4-2.2.src.rpm /usr/include/fst/arc-map.h:368   using Arc = B; |   using StateId = typename Arc::StateId; |   using Weight = typename Arc::Weight; |   using FromFst = std::conditional_t<is_expanded, ExpandedFst<A>, Fst<A>>; |  |   using FstImpl<B>::SetType; |   using FstImpl<B>::SetProperties; |   using FstImpl<B>::SetInputSymbols;
LIMIT: 限定名样本与符号定位队列不是定界结果。

CANDIDATE 141 std::ostream_iterator total_unique_contexts 11
cereal-1.3.2-1.1.src.rpm /usr/include/cereal/external/rapidxml/rapidxml_print.hpp:409     template<class Ch> |     inline std::basic_ostream<Ch> &print(std::basic_ostream<Ch> &out, const xml_node<Ch> &node, int flags = 0) |     { |         print(std::ostream_iterator<Ch>(out), node, flags); |         return out; |     } |  |     //! Prints formatted XML to given output stream. Uses default printing flags. Use print() function to customize printing process.
webapi-plugins-2.92-0.src.rpm /usr/include/webapi-plugins/src/common/picojson.h:1187 } |  | inline std::ostream &operator<<(std::ostream &os, const picojson::value &x) { |   x.serialize(std::ostream_iterator<char>(os)); |   return os; | } | #ifdef _MSC_VER | #pragma warning(pop)
boost-1.83.0-2.2.src.rpm /usr/include/boost/algorithm/hex.hpp:108 //  the underlying stream, the third is the character traits. | //      We only care about the first one. |     template<typename T, typename charType, typename traits> |     struct hex_iterator_traits< std::ostream_iterator<T, charType, traits> > { |         typedef T value_type; |     }; |  |     template <typename Iterator>
LIMIT: 限定名样本与符号定位队列不是定界结果。

CANDIDATE 142 std::remove_pointer_t total_unique_contexts 44
abseil-cpp-20250814.1-1.2.src.rpm /usr/include/absl/meta/type_traits.h:145 using std::remove_const_t; | using std::remove_cv_t; | using std::remove_extent_t; | using std::remove_pointer_t; | using std::remove_reference_t; | using std::remove_volatile_t; | using std::underlying_type_t; | 
tensorflow2-2.18.0-1.2.src.rpm /usr/include/tensorflow2/aot/include/external/llvm-project/mlir/lib/Target/LLVMIR/DebugTranslation.h:50   template <typename DIAttrT> |   auto translate(DIAttrT attr) { |     // Infer the LLVM type from the attribute type. |     using LLVMTypeT = std::remove_pointer_t<decltype(translateImpl(attr))>; |     return cast_or_null<LLVMTypeT>(translate(DINodeAttr(attr))); |   } |  | private:
protobuf-33.1-1.src.rpm /usr/include/google/protobuf/descriptor.h:2567     using ResultT = std::decay_t<decltype(func(descriptor))>; |     auto* pool = GetPool(descriptor); |     static_assert(std::is_empty_v<Func> || |                   std::is_function_v<std::remove_pointer_t<Func>>); |     // This static bool is unique per-Func, so its address can be used as a key. |     static bool type_key; |     auto key = std::pair<const void*, const void*>(descriptor, &type_key); |     {
LIMIT: 限定名样本与符号定位队列不是定界结果。

CANDIDATE 143 std::remove_reference_t total_unique_contexts 2349
abseil-cpp-20250814.1-1.2.src.rpm /usr/include/absl/meta/type_traits.h:146 using std::remove_cv_t; | using std::remove_extent_t; | using std::remove_pointer_t; | using std::remove_reference_t; | using std::remove_volatile_t; | using std::underlying_type_t; |  | #if defined(__cpp_lib_remove_cvref) && __cpp_lib_remove_cvref >= 201711L
icu-78.1-1.4.src.rpm /usr/include/unicode/char16ptr.h:429  * @internal |  */ | template <typename T, |           typename = typename std::enable_if_t<!std::is_pointer_v<std::remove_reference_t<T>>>> | inline std::u16string_view toU16StringViewNullable(const T& text) { |     return toU16StringView(text); | } | 
openfst-1.8.4-2.2.src.rpm /usr/include/fst/script/arg-packs.h:40 template <class Retval, class ArgTuple> | struct WithReturnValue { |   // Avoid reference-to-reference if ArgTuple is a reference. |   using Args = std::remove_reference_t<ArgTuple>; |  |   Retval retval; |   const Args &args; | 
LIMIT: 限定名样本与符号定位队列不是定界结果。

CANDIDATE 144 std::smatch total_unique_contexts 1
app-rootstrap-10.0.0-1.src.rpm /opt/data/app-rootstrap/usr/include/node/util-inl.h:711   // Regex to match the last extension part after the last dot, ignoring |   // trailing spaces and dots |   std::regex extension_regex(R"(\.([a-zA-Z0-9]+)\s*[\.\s]*$)"); |   std::smatch match; |   std::string extension; |  |   if (std::regex_search(file_with_extension, match, extension_regex)) { |     extension = ToLower(match[1].str());
LIMIT: 限定名样本与符号定位队列不是定界结果。

CANDIDATE 145 std::filesystem::directory_iterator total_unique_contexts 2
LIMIT: 限定名样本与符号定位队列不是定界结果。

CANDIDATE 146 std::forward_list total_unique_contexts 30
cereal-1.3.2-1.1.src.rpm /usr/include/cereal/types/forward_list.hpp:40 { |   //! Saving for std::forward_list all other types |   template <class Archive, class T, class A> inline |   void CEREAL_SAVE_FUNCTION_NAME( Archive & ar, std::forward_list<T, A> const & forward_list ) |   { |     // write the size - note that this is slow because we need to traverse |     // the entire list. there are ways we could avoid this but this was chosen |     // since it works in the most general fashion with any archive type
openfst-1.8.4-2.2.src.rpm /usr/include/fst/determinize.h:187 struct DeterminizeStateTuple { |   using Arc = A; |   using Element = DeterminizeElement<Arc>; |   using Subset = std::forward_list<Element>; |  |   DeterminizeStateTuple() : filter_state(FilterState::NoState()) {} |  |   inline bool operator==(const DeterminizeStateTuple &tuple) const {
tensorflow2-2.18.0-1.2.src.rpm /usr/include/tensorflow2/aot/include/external/cudnn_frontend_archive/_virtual_includes/cudnn_frontend/third_party/cudnn_frontend/include/contrib/nlohmann/json/json.hpp:3947 // forward_list doesn't have an insert method | template<typename BasicJsonType, typename T, typename Allocator, |          enable_if_t<is_getable<BasicJsonType, T>::value, int> = 0> | void from_json(const BasicJsonType& j, std::forward_list<T, Allocator>& l) | { |     if (JSON_HEDLEY_UNLIKELY(!j.is_array())) |     { |         JSON_THROW(type_error::create(302, "type must be array, but is " + std::string(j.type_name()), j));
LIMIT: 限定名样本与符号定位队列不是定界结果。

CANDIDATE 147 std::future_status total_unique_contexts 0
LIMIT: 限定名样本与符号定位队列不是定界结果。

CANDIDATE 148 std::input_iterator_tag total_unique_contexts 226
abseil-cpp-20250814.1-1.2.src.rpm /usr/include/absl/strings/cord.h:467   //     const reference instead of by value. |   class ChunkIterator { |    public: |     using iterator_category = std::input_iterator_tag; |     using value_type = absl::string_view; |     using difference_type = ptrdiff_t; |     using pointer = const value_type* absl_nonnull; |     using reference = value_type;
icu-78.1-1.4.src.rpm /usr/include/unicode/utfiterator.h:1422     using reference = value_type; |     using pointer = Proxy; |     using difference_type = prv::iter_difference_t<UnitIter>; |     using iterator_category = std::input_iterator_tag; |  |     U_FORCE_INLINE UTFIterator(UnitIter p, LimitIter limit) : p_(std::move(p)), limit_(std::move(limit)) {} |  |     // Constructs an iterator start or limit sentinel.
openfst-1.8.4-2.2.src.rpm /usr/include/fst/symbol-table.h:308    public: |     // TODO(wolfsonkin): Expand `SymbolTable::iterator` to be a random access |     // iterator. |     using iterator_category = std::input_iterator_tag; |  |     class value_type { |      public: |       // Return the label of the current symbol.
LIMIT: 限定名样本与符号定位队列不是定界结果。

CANDIDATE 149 std::is_copy_constructible total_unique_contexts 156
abseil-cpp-20250814.1-1.2.src.rpm /usr/include/absl/meta/type_traits.h:236         std::is_default_constructible<std::hash<Key>>::value, |         "std::hash<Key> must be default constructible when it is enabled"); |     static_assert( |         std::is_copy_constructible<std::hash<Key>>::value, |         "std::hash<Key> must be copy constructible when it is enabled"); |     static_assert(absl::is_copy_assignable<std::hash<Key>>::value, |                   "std::hash<Key> must be copy assignable when it is enabled"); |     // is_destructible is unchecked as it's implied by each of the
tensorflow2-2.18.0-1.2.src.rpm /usr/include/tensorflow2/aot/include/absl/meta/type_traits.h:97 template <class T> | struct IsTriviallyCopyConstructibleObject |     : std::integral_constant< |           bool, std::is_copy_constructible< |                     type_traits_internal::SingleMemberUnion<T>>::value && |                     absl::is_trivially_destructible<T>::value> {}; |  | template <class T>
app-rootstrap-10.0.0-1.src.rpm /opt/data/app-rootstrap/usr/include/vulkan/vulkan_static_assertions.hpp:108                           "ImageFormatProperties is not nothrow_move_constructible!" ); |  | VULKAN_HPP_STATIC_ASSERT( sizeof( VULKAN_HPP_NAMESPACE::Instance ) == sizeof( VkInstance ), "handle and wrapper have different size!" ); | VULKAN_HPP_STATIC_ASSERT( std::is_copy_constructible<VULKAN_HPP_NAMESPACE::Instance>::value, "Instance is not copy_constructible!" ); | VULKAN_HPP_STATIC_ASSERT( std::is_nothrow_move_constructible<VULKAN_HPP_NAMESPACE::Instance>::value, "Instance is not nothrow_move_constructible!" ); |  | VULKAN_HPP_STATIC_ASSERT( sizeof( VULKAN_HPP_NAMESPACE::InstanceCreateInfo ) == sizeof( VkInstanceCreateInfo ), "struct and wrapper have different size!" ); | VULKAN_HPP_STATIC_ASSERT( std::is_standard_layout<VULKAN_HPP_NAMESPACE::InstanceCreateInfo>::value, "struct wrapper is not a standard layout!" );
LIMIT: 限定名样本与符号定位队列不是定界结果。

CANDIDATE 150 std::is_move_assignable total_unique_contexts 41
abseil-cpp-20250814.1-1.2.src.rpm /usr/include/absl/meta/type_traits.h:131 using std::disjunction; | using std::is_copy_assignable; | using std::is_function; | using std::is_move_assignable; | using std::is_trivially_copy_assignable; | using std::is_trivially_copy_constructible; | using std::is_trivially_default_constructible; | using std::is_trivially_destructible;
tensorflow2-2.18.0-1.2.src.rpm /usr/include/tensorflow2/aot/include/absl/meta/type_traits.h:177 using is_copy_assignable = std::is_copy_assignable<T>; |  | template <typename T> | using is_move_assignable = std::is_move_assignable<T>; |  | #else |  | template <typename T>
openusd-24.03-0.src.rpm /usr/include/pxr/base/tf/pxrCLI11/CLI11.h:1108 #pragma diag_default 2361 | #endif |         , |         std::is_move_assignable<TT>()); |  |     template <typename TT, typename CC> static auto test(int, std::false_type) -> std::false_type; |  |     template <typename, typename> static auto test(...) -> std::false_type;
LIMIT: 限定名样本与符号定位队列不是定界结果。
