memory_basis=[('MemTotal', 33072918528)]
RLIMIT_AS_bytes=9921875558; parallelism=1; nice=19; ionice=3

CANDIDATE 151 std::is_move_constructible total_unique_contexts 89
tensorflow2-2.18.0-1.2.src.rpm /usr/include/tensorflow2/aot/include/absl/meta/type_traits.h:90 template <class T> | struct IsTriviallyMoveConstructibleObject |     : std::integral_constant< |           bool, std::is_move_constructible< |                     type_traits_internal::SingleMemberUnion<T>>::value && |                     absl::is_trivially_destructible<T>::value> {}; |  | template <class T>
behaviortree_cpp_v3-3.6.1-0.src.rpm /usr/include/behaviortree_cpp_v3/utils/any.hpp:420 { | #ifdef ANY_IMPL_ANY_CAST_MOVEABLE |     // https://cplusplus.github.io/LWG/lwg-active.html#2509 |     using can_move = std::integral_constant<bool, std::is_move_constructible<ValueType>::value && |                                                       !std::is_lvalue_reference<ValueType>::value>; | #else |     using can_move = std::false_type; | #endif
gtest-1.15.2-0.src.rpm /usr/include/gmock/gmock-actions.h:938                 negation<std::is_same<void, U>>,  // |                 negation<std::is_reference<U>>,   // |                 std::is_convertible<R, U>,        // |                 std::is_move_constructible<U>>::value>::type> |   operator OnceAction<U(Args...)>() && {  // NOLINT |     return Impl<U>(std::move(value_)); |   } | 
LIMIT: 限定名样本与符号定位队列不是定界结果。

CANDIDATE 152 std::default_random_engine total_unique_contexts 11
tensorflow2-2.18.0-1.2.src.rpm /usr/include/tensorflow2/aot/include/tensorflow/core/kernels/batching_util/adaptive_shared_batch_scheduler.h:258   int64_t in_flight_express_batches_ TF_GUARDED_BY(mu_) = 0; |  |   // RNG engine and distribution. |   std::default_random_engine rand_engine_; |   std::uniform_real_distribution<double> rand_double_; |  |   // Fields controlling the dynamic adjustment of in_flight_batches_limit_. |   // Number of batches since the last in_flight_batches_limit_ adjustment.
boost-1.83.0-2.2.src.rpm /usr/include/boost/compute/algorithm/random_shuffle.hpp:58     boost::iota(random_indices, 0); | #ifdef BOOST_COMPUTE_USE_CPP11 |     std::random_device nondeterministic_randomness; |     std::default_random_engine random_engine(nondeterministic_randomness()); |     std::shuffle(random_indices.begin(), random_indices.end(), random_engine); | #else |     std::random_shuffle(random_indices.begin(), random_indices.end()); | #endif
LIMIT: 限定名样本与符号定位队列不是定界结果。

CANDIDATE 153 std::is_copy_assignable total_unique_contexts 36
abseil-cpp-20250814.1-1.2.src.rpm /usr/include/absl/meta/type_traits.h:129 using std::decay_t; | using std::enable_if_t; | using std::disjunction; | using std::is_copy_assignable; | using std::is_function; | using std::is_move_assignable; | using std::is_trivially_copy_assignable; | using std::is_trivially_copy_constructible;
tensorflow2-2.18.0-1.2.src.rpm /usr/include/tensorflow2/aot/include/absl/meta/type_traits.h:174 #if defined(_MSC_VER) && !defined(__clang__) && (_MSC_VER >= 1920) |  | template <typename T> | using is_copy_assignable = std::is_copy_assignable<T>; |  | template <typename T> | using is_move_assignable = std::is_move_assignable<T>; | 
boost-1.83.0-2.2.src.rpm /usr/include/boost/hana/traits.hpp:103     BOOST_HANA_INLINE_VARIABLE constexpr auto is_trivially_assignable = detail::hana_trait<std::is_trivially_assignable>{}; |     BOOST_HANA_INLINE_VARIABLE constexpr auto is_nothrow_assignable = detail::hana_trait<std::is_nothrow_assignable>{}; |  |     BOOST_HANA_INLINE_VARIABLE constexpr auto is_copy_assignable = detail::hana_trait<std::is_copy_assignable>{}; |     BOOST_HANA_INLINE_VARIABLE constexpr auto is_trivially_copy_assignable = detail::hana_trait<std::is_trivially_copy_assignable>{}; |     BOOST_HANA_INLINE_VARIABLE constexpr auto is_nothrow_copy_assignable = detail::hana_trait<std::is_nothrow_copy_assignable>{}; |  |     BOOST_HANA_INLINE_VARIABLE constexpr auto is_move_assignable = detail::hana_trait<std::is_move_assignable>{};
LIMIT: 限定名样本与符号定位队列不是定界结果。

CANDIDATE 154 std::cv_status total_unique_contexts 14
tensorflow2-2.18.0-1.2.src.rpm /usr/include/tensorflow2/aot/include/external/nsync/platform/c++11/platform.h:62 } | static inline int nsync_pthread_cond_timedwait_ (nsync_pthread_cond_ *cv, nsync_pthread_mutex_ *mu, | 						const struct timespec *abstimeout) { | 	std::cv_status result = std::cv_status::no_timeout; | 	std::unique_lock<std::mutex> mu_mu (**mu, std::adopt_lock); | 	if (abstimeout == NULL || abstimeout->tv_sec >= 0x7fffffff) { | 		(*cv)->wait (mu_mu); | 	} else {
bundle-0.18.15-0.src.rpm /usr/include/tizen-shared-queue/shared-queue.hpp:70     } |  |     std::chrono::milliseconds duration(timeout); |     if (cond_var_.wait_for(lock, duration) == std::cv_status::timeout) |       return false; |  |     item = queue_.front(); |     queue_.pop();
dali2-2.5.26-1.src.rpm /usr/include/dali/devel-api/threading/semaphore.h:136     std::unique_lock<std::mutex> lock(mLock); |     while(mCount == 0) |     { |       if(mCondVar.wait_for(lock, relTime) == std::cv_status::timeout) |       { |         return false; |       } |     }
LIMIT: 限定名样本与符号定位队列不是定界结果。

CANDIDATE 155 std::ios_base::openmode total_unique_contexts 99
libcynara-commons-0.26.0-1.src.rpm /usr/include/cynara/storage/ChecksumStream.h:51     ChecksumStream& operator<<(const Type &item); |     ChecksumStream& operator<<(std::ostream& (*manip)(std::ostream&)); |  |     void open(const std::string &filename, std::ios_base::openmode mode); |     bool is_open(void) const; |     std::ios_base::fmtflags flags(void) const; |     std::ios_base::fmtflags flags(std::ios_base::fmtflags flags); |     ChecksumStream& flush(void);
libzypp-17.23.7-1.src.rpm /usr/include/zypp/base/GzStream.h:115       { return ( way_r == std::ios_base::beg || way_r == std::ios_base::cur ); } |  |     protected: |       bool openImpl( const char * name_r, std::ios_base::openmode mode_r ); |       bool closeImpl (); |  |       //! Tell the file position in the compressed file. |       //! Analogous to tell(2), complementary to gztell.
nntrainer-0.5.0-0.src.rpm /usr/include/nntrainer/util_func.h:200  * @return T created stream |  */ | template <typename T> | T checkedOpenStream(const std::string &path, std::ios_base::openmode mode) { |   T model_file(path, mode); |   if (!model_file.good()) { |     const size_t error_buflen = 100; |     char error_buf[error_buflen];
LIMIT: 限定名样本与符号定位队列不是定界结果。

CANDIDATE 156 std::is_function total_unique_contexts 28
abseil-cpp-20250814.1-1.2.src.rpm /usr/include/absl/functional/any_invocable.h:166     : private internal_any_invocable::Impl<Sig> { |  private: |   static_assert( |       std::is_function<Sig>::value, |       "The template argument of AnyInvocable must be a function type."); |  |   using Impl = internal_any_invocable::Impl<Sig>; | 
tensorflow2-2.18.0-1.2.src.rpm /usr/include/tensorflow2/aot/include/absl/functional/any_invocable.h:158 class AnyInvocable : private internal_any_invocable::Impl<Sig> { |  private: |   static_assert( |       std::is_function<Sig>::value, |       "The template argument of AnyInvocable must be a function type."); |  |   using Impl = internal_any_invocable::Impl<Sig>; | 
app-rootstrap-10.0.0-1.src.rpm /opt/data/app-rootstrap/usr/include/node/util.h:670 // Test whether some value can be called with (). | template <typename T> | concept is_callable = |     std::is_function<T>::value || requires { &T::operator(); }; |  | template <typename T, void (*function)(T*)> | struct FunctionDeleter { |   void operator()(T* pointer) const { function(pointer); }
LIMIT: 限定名样本与符号定位队列不是定界结果。

CANDIDATE 157 std::is_lvalue_reference total_unique_contexts 75
abseil-cpp-20250814.1-1.2.src.rpm /usr/include/absl/meta/type_traits.h:533 // to a "view" (such as std::string_view) to be a lifetime-bound assignment. | template <typename T, typename U> | using IsLifetimeBoundAssignment = absl::conjunction< |     std::integral_constant<bool, !std::is_lvalue_reference<U>::value>, |     IsOwner<absl::remove_cvref_t<U>>, IsView<absl::remove_cvref_t<T>>>; |  | }  // namespace type_traits_internal | 
cereal-1.3.2-1.1.src.rpm /usr/include/cereal/details/helpers.hpp:146       // a reference if we were passed an l value reference, else copy the value |       using Type = typename std::conditional<std::is_array<typename std::remove_reference<T>::type>::value, |                                              typename std::remove_cv<T>::type, |                                              typename std::conditional<std::is_lvalue_reference<T>::value, |                                                                        T, |                                                                        typename std::decay<T>::type>::type>::type; |  |       // prevent nested nvps
tensorflow2-2.18.0-1.2.src.rpm /usr/include/tensorflow2/aot/include/absl/meta/type_traits.h:422     : std::conditional< |           std::is_object<T>::value && !std::is_array<T>::value, |           type_traits_internal::IsTriviallyCopyConstructibleObject<T>, |           std::is_lvalue_reference<T>>::type::type { | #if defined(ABSL_HAVE_STD_IS_TRIVIALLY_CONSTRUCTIBLE) && \ |     !defined(                                            \ |         ABSL_META_INTERNAL_STD_CONSTRUCTION_TRAITS_DONT_CHECK_DESTRUCTION) |  private:
LIMIT: 限定名样本与符号定位队列不是定界结果。

CANDIDATE 158 std::istream_iterator total_unique_contexts 15
boost-1.83.0-2.2.src.rpm /usr/include/boost/date_time/gregorian/greg_facet.hpp:219   inline  |   std::basic_istream<charT>& operator>>(std::basic_istream<charT>& is, date& d) |   { |     std::istream_iterator<std::basic_string<charT>, charT> beg(is), eos; |     d = from_stream(beg, eos); |     return is; |   } | #endif // BOOST_NO_STD_ITERATOR_TRAITS
LIMIT: 限定名样本与符号定位队列不是定界结果。

CANDIDATE 159 std::length_error total_unique_contexts 140
gmp-4.2.1-1.13.src.rpm /usr/include/gmpxx.h:3738 		unsigned long int size) |   { |     if (f (state, size) == 0) |       throw std::length_error ("gmp_randinit_lc_2exp_size"); |   } |  |   ~gmp_randclass() { gmp_randclear(state); } | 
tensorflow2-2.18.0-1.2.src.rpm /usr/include/tensorflow2/aot/include/external/pybind11/_virtual_includes/pybind11/pybind11/detail/internals.h:378         handle_nested_exception(e, p); |         raise_err(PyExc_ValueError, e.what()); |         return; |     } catch (const std::length_error &e) { |         handle_nested_exception(e, p); |         raise_err(PyExc_ValueError, e.what()); |         return; |     } catch (const std::out_of_range &e) {
openusd-24.03-0.src.rpm /usr/include/pxr/base/tf/pxrTslRobinMap/robin_growth_policy.h:102    */ |   explicit power_of_two_growth_policy(std::size_t& min_bucket_count_in_out) { |     if (min_bucket_count_in_out > max_bucket_count()) { |       PXR_TSL_RH_THROW_OR_TERMINATE(std::length_error, |                                 "The hash table exceeds its maximum size."); |     } |  |     if (min_bucket_count_in_out > 0) {
LIMIT: 限定名样本与符号定位队列不是定界结果。

CANDIDATE 160 std::milli total_unique_contexts 12
abseil-cpp-20250814.1-1.2.src.rpm /usr/include/absl/time/time.h:548 } | template <typename T, time_internal::EnableIfIntegral<T> = 0> | ABSL_ATTRIBUTE_CONST_FUNCTION constexpr Duration Milliseconds(T n) { |   return time_internal::FromInt64(n, std::milli{}); | } | template <typename T, time_internal::EnableIfIntegral<T> = 0> | ABSL_ATTRIBUTE_CONST_FUNCTION constexpr Duration Seconds(T n) { |   return time_internal::FromInt64(n, std::ratio<1>{});
tensorflow2-2.18.0-1.2.src.rpm /usr/include/tensorflow2/aot/include/absl/time/time.h:448 } | template <typename T, time_internal::EnableIfIntegral<T> = 0> | ABSL_ATTRIBUTE_CONST_FUNCTION constexpr Duration Milliseconds(T n) { |   return time_internal::FromInt64(n, std::milli{}); | } | template <typename T, time_internal::EnableIfIntegral<T> = 0> | ABSL_ATTRIBUTE_CONST_FUNCTION constexpr Duration Seconds(T n) { |   return time_internal::FromInt64(n, std::ratio<1>{});
Open3D-0.17-2.src.rpm /usr/include/open3d/3rdparty/fmt/chrono.h:176 template <> FMT_CONSTEXPR const char* get_units<std::pico>() { return "ps"; } | template <> FMT_CONSTEXPR const char* get_units<std::nano>() { return "ns"; } | template <> FMT_CONSTEXPR const char* get_units<std::micro>() { return "µs"; } | template <> FMT_CONSTEXPR const char* get_units<std::milli>() { return "ms"; } | template <> FMT_CONSTEXPR const char* get_units<std::centi>() { return "cs"; } | template <> FMT_CONSTEXPR const char* get_units<std::deci>() { return "ds"; } | template <> FMT_CONSTEXPR const char* get_units<std::ratio<1>>() { return "s"; } | template <> FMT_CONSTEXPR const char* get_units<std::deca>() { return "das"; }
LIMIT: 限定名样本与符号定位队列不是定界结果。

CANDIDATE 161 std::decay_t total_unique_contexts 266
abseil-cpp-20250814.1-1.2.src.rpm /usr/include/absl/base/no_destructor.h:118   // Forwards arguments to the T's constructor: calls T(args...). |   template <typename... Ts, |             // Disable this overload when it might collide with copy/move. |             typename std::enable_if<!std::is_same<void(std::decay_t<Ts>&...), |                                                   void(NoDestructor&)>::value, |                                     int>::type = 0> |   explicit constexpr NoDestructor(Ts&&... args) |       : impl_(std::forward<Ts>(args)...) {}
icu-78.1-1.4.src.rpm /usr/include/unicode/utfiterator.h:2633 #if defined(__cpp_lib_ranges) && __cpp_lib_ranges >= 2021'10  // We need https://wg21.link/P2415R2. |         return UnsafeUTFStringCodePoints<CP32, std::ranges::views::all_t<Range>>(std::forward<Range>(unitRange)); | #else |         if constexpr (prv::is_basic_string_view_v<std::decay_t<Range>>) { |             // Take basic_string_view by copy, not by reference.  In C++20 this is handled by |             // all_t<Range>, which is Range if Range is a view. |             return UnsafeUTFStringCodePoints<CP32, std::decay_t<Range>>(std::forward<Range>(unitRange)); |         } else {
tensorflow2-2.18.0-1.2.src.rpm /usr/include/tensorflow2/aot/include/external/llvm-project/mlir/include/mlir/Bytecode/BytecodeImplementation.h:78     for (uint64_t i = 0; i < size; ++i) { |       // Check if the callback uses FailureOr, or populates the result by |       // reference. |       if constexpr (llvm::function_traits<std::decay_t<CallbackFn>>::num_args) { |         T element = {}; |         if (failed(callback(element))) |           return failure(); |         result.emplace_back(std::move(element));
LIMIT: 限定名样本与符号定位队列不是定界结果。

CANDIDATE 162 std::exception_ptr total_unique_contexts 212
tensorflow2-2.18.0-1.2.src.rpm /usr/include/tensorflow2/aot/include/external/pybind11/_virtual_includes/pybind11/pybind11/detail/internals.h:42  | PYBIND11_NAMESPACE_BEGIN(PYBIND11_NAMESPACE) |  | using ExceptionTranslator = void (*)(std::exception_ptr); |  | PYBIND11_NAMESPACE_BEGIN(detail) |  | constexpr const char *internals_function_record_capsule_name = "pybind11_function_record_capsule";
behaviortree_cpp_v3-3.6.1-0.src.rpm /usr/include/behaviortree_cpp_v3/action_node.h:137  |   private: |  |     std::exception_ptr exptr_; |     std::atomic_bool halt_requested_; |     std::future<NodeStatus> thread_handle_; |     std::mutex m_; | };
gtest-1.15.2-0.src.rpm /usr/include/gmock/gmock-actions.h:1751   } | }; | struct RethrowAction { |   std::exception_ptr exception; |   template <typename R, typename... Args> |   operator Action<R(Args...)>() const {  // NOLINT |     return [ex = exception](Args...) -> R { std::rethrow_exception(ex); }; |   }
LIMIT: 限定名样本与符号定位队列不是定界结果。

CANDIDATE 163 std::ios_base::fmtflags total_unique_contexts 61
libcynara-commons-0.26.0-1.src.rpm /usr/include/cynara/storage/ChecksumStream.h:53  |     void open(const std::string &filename, std::ios_base::openmode mode); |     bool is_open(void) const; |     std::ios_base::fmtflags flags(void) const; |     std::ios_base::fmtflags flags(std::ios_base::fmtflags flags); |     ChecksumStream& flush(void); |  | private:
boost-1.83.0-2.2.src.rpm /usr/include/boost/format/feed_args.hpp:35                  typename std::basic_string<Ch,Tr,Alloc>::size_type size, |                  std::streamsize w,  |                  const Ch fill_char, |                  std::ios_base::fmtflags f,  |                  const Ch prefix_space, // 0 if no space-padding |                  bool center)  |     // applies centered/left/right  padding  to the string  [beg, beg+size[ |     // Effects : the result is placed in res.
abseil-cpp-20250814.1-1.2.src.rpm /usr/include/absl/random/internal/iostream_state_saver.h:39 class null_state_saver { |  public: |   using stream_type = T; |   using flags_type = std::ios_base::fmtflags; |  |   null_state_saver(T&, flags_type) {} |   ~null_state_saver() {} | };
LIMIT: 限定名样本与符号定位队列不是定界结果。

CANDIDATE 164 std::is_trivially_copy_constructible total_unique_contexts 23
abseil-cpp-20250814.1-1.2.src.rpm /usr/include/absl/meta/type_traits.h:133 using std::is_function; | using std::is_move_assignable; | using std::is_trivially_copy_assignable; | using std::is_trivially_copy_constructible; | using std::is_trivially_default_constructible; | using std::is_trivially_destructible; | using std::is_trivially_move_assignable; | using std::is_trivially_move_constructible;
tensorflow2-2.18.0-1.2.src.rpm /usr/include/tensorflow2/aot/include/absl/meta/type_traits.h:428         ABSL_META_INTERNAL_STD_CONSTRUCTION_TRAITS_DONT_CHECK_DESTRUCTION) |  private: |   static constexpr bool compliant = |       std::is_trivially_copy_constructible<T>::value == |       is_trivially_copy_constructible::value; |   static_assert(compliant || std::is_trivially_copy_constructible<T>::value, |                 "Not compliant with std::is_trivially_copy_constructible; " |                 "Standard: false, Implementation: true");
Open3D-0.17-2.src.rpm /usr/include/open3d/core/SmallVector.h:365 /// This catches the important case of std::pair<POD, POD>, which is not | /// trivially assignable. | template <typename T, |           bool = (std::is_trivially_copy_constructible<T>::value) && |                  (std::is_trivially_move_constructible<T>::value) && |                  std::is_trivially_destructible<T>::value> | class SmallVectorTemplateBase : public SmallVectorTemplateCommon<T> { |     friend class SmallVectorTemplateCommon<T>;
LIMIT: 限定名样本与符号定位队列不是定界结果。

CANDIDATE 165 std::result_of total_unique_contexts 22
abseil-cpp-20250814.1-1.2.src.rpm /usr/include/absl/meta/type_traits.h:182 struct result_of<F(Args...)> : std::invoke_result<F, Args...> {}; | #else | template <typename F> | using result_of = std::result_of<F>; | #endif |  | }  // namespace type_traits_internal | 
tensorflow2-2.18.0-1.2.src.rpm /usr/include/tensorflow2/aot/include/Eigen/src/Core/util/Meta.h:282 }; | #else | template<typename T> struct result_of { |   typedef typename std::result_of<T>::type type1; |   typedef remove_all_t<type1> type; | }; |  | template<typename F, typename... ArgTypes>
Open3D-0.17-2.src.rpm /usr/include/open3d/3rdparty/Eigen/src/Core/util/Meta.h:513 }; | #elif EIGEN_HAS_STD_RESULT_OF | template<typename T> struct result_of { |   typedef typename std::result_of<T>::type type1; |   typedef typename remove_all<type1>::type type; | }; | #else | template<typename T> struct result_of { };
LIMIT: 限定名样本与符号定位队列不是定界结果。

CANDIDATE 166 std::underlying_type_t total_unique_contexts 52
abseil-cpp-20250814.1-1.2.src.rpm /usr/include/absl/meta/type_traits.h:148 using std::remove_pointer_t; | using std::remove_reference_t; | using std::remove_volatile_t; | using std::underlying_type_t; |  | #if defined(__cpp_lib_remove_cvref) && __cpp_lib_remove_cvref >= 201711L | template <typename T> | using remove_cvref = std::remove_cvref<T>;
openfst-1.8.4-2.2.src.rpm /usr/include/fst/script/shortest-distance.h:147     } |     default: { |       FSTERROR() << "ShortestDistance: Unknown arc filter type: " |                  << static_cast<std::underlying_type_t<ArcFilterType>>( |                         opts.arc_filter_type); |       distance->clear(); |       distance->resize(1, Arc::Weight::NoWeight()); |       return;
tensorflow2-2.18.0-1.2.src.rpm /usr/include/tensorflow2/aot/include/external/llvm-project/mlir/lib/Dialect/SparseTensor/IR/Detail/DimLvlMap.h:37  | // TODO(wrengr): still needs a better name.... | constexpr VarKind getVarKindAllowedInExpr(ExprKind ek) { |   using VK = std::underlying_type_t<VarKind>; |   return VarKind{2 * static_cast<VK>(!to_underlying(ek))}; | } | static_assert(getVarKindAllowedInExpr(ExprKind::Dimension) == VarKind::Level && |               getVarKindAllowedInExpr(ExprKind::Level) == VarKind::Dimension);
LIMIT: 限定名样本与符号定位队列不是定界结果。

CANDIDATE 167 std::add_lvalue_reference total_unique_contexts 52
tensorflow2-2.18.0-1.2.src.rpm /usr/include/tensorflow2/aot/include/absl/meta/type_traits.h:610 using remove_reference_t = typename std::remove_reference<T>::type; |  | template <typename T> | using add_lvalue_reference_t = typename std::add_lvalue_reference<T>::type; |  | template <typename T> | using add_rvalue_reference_t = typename std::add_rvalue_reference<T>::type; | 
Open3D-0.17-2.src.rpm /usr/include/open3d/3rdparty/fmt/ranges.h:217  |     formatting_tuple<Char>& formatting; |     std::size_t& i; |     typename std::add_lvalue_reference<decltype( |         std::declval<FormatContext>().out())>::type out; |   }; |  |  public:
app-rootstrap-10.0.0-1.src.rpm /opt/data/app-rootstrap/usr/include/opencv2/core/cvstd_wrapper.hpp:125     template<typename Y> inline Ptr& operator=(const Ptr<Y>& o) { std::shared_ptr<T>::operator =(o); return *this; } |  |     T* operator->() const CV_NOEXCEPT { return std::shared_ptr<T>::get();} |     typename std::add_lvalue_reference<T>::type operator*() const CV_NOEXCEPT { return *std::shared_ptr<T>::get(); } |  |     // OpenCV 3.x methods (not a part of standard C++ library) |     inline void release() { std::shared_ptr<T>::reset(); } |     inline operator T* () const { return std::shared_ptr<T>::get(); }
LIMIT: 限定名样本与符号定位队列不是定界结果。

CANDIDATE 168 std::atomic_int total_unique_contexts 14
tensorflow2-2.18.0-1.2.src.rpm /usr/include/tensorflow2/aot/include/external/com_github_grpc_grpc/include/grpcpp/impl/codegen/server_callback_impl.h:124                1, std::memory_order_acq_rel) == 1; |   } |  |   std::atomic_int on_cancel_conditions_remaining_{2}; |   std::atomic_int callbacks_outstanding_{ |       3};  // reserve for start, Finish, and CompletionOp | }; | 
grpc-1.76.0-0.src.rpm /usr/include/grpcpp/server.h:308       ABSL_GUARDED_BY(mu_);  // Was notify called on the shutdown_cv_ |   internal::CondVar shutdown_done_cv_; |   bool shutdown_done_ ABSL_GUARDED_BY(mu_) = false; |   std::atomic_int shutdown_refs_outstanding_{1}; |  |   internal::CondVar shutdown_cv_; |  |   std::shared_ptr<GlobalCallbacks> global_callbacks_;
openusd-24.03-0.src.rpm /usr/include/pxr/base/tf/refBase.h:129  | private: |     // For TfRefPtr's use. |     std::atomic_int &_GetRefCount() const { |         return _refCount; |     } |      |     // Note! Counts can be both positive or negative.  Negative counts indicate
LIMIT: 限定名样本与符号定位队列不是定界结果。

CANDIDATE 169 std::chrono::steady_clock::duration total_unique_contexts 4
behaviortree_cpp_v3-3.6.1-0.src.rpm /usr/include/behaviortree_cpp_v3/decorators/timeout_node.h:23  *    <KeepYourBreath/> |  * </Timeout> |  */ | template <typename _Clock = std::chrono::steady_clock, typename _Duration = std::chrono::steady_clock::duration> | class TimeoutNode : public DecoratorNode | { |   public: |     TimeoutNode(const std::string& name, unsigned milliseconds)
boost-1.83.0-2.2.src.rpm /usr/include/boost/beast/websocket/stream_base.hpp:29 { |     /// The type used to represent durations |     using duration = |         std::chrono::steady_clock::duration; |  |     /// The type used to represent time points |     using time_point = |         std::chrono::steady_clock::time_point;
LIMIT: 限定名样本与符号定位队列不是定界结果。

CANDIDATE 170 std::monostate total_unique_contexts 64
abseil-cpp-20250814.1-1.2.src.rpm /usr/include/absl/types/variant.h:37 using std::get; | using std::get_if; | using std::holds_alternative; | using std::monostate; | using std::variant; | using std::variant_alternative; | using std::variant_alternative_t; | using std::variant_npos;
cereal-1.3.2-1.1.src.rpm /usr/include/cereal/types/variant.hpp:105  |   //! Serializing a std::monostate |   template <class Archive> |   void CEREAL_SERIALIZE_FUNCTION_NAME( Archive &, std::monostate const & ) {} | } // namespace cereal |  | #endif // CEREAL_TYPES_STD_VARIANT_HPP_
tensorflow2-2.18.0-1.2.src.rpm /usr/include/tensorflow2/aot/include/absl/types/variant.h:58 using std::get; | using std::get_if; | using std::holds_alternative; | using std::monostate; | using std::variant; | using std::variant_alternative; | using std::variant_alternative_t; | using std::variant_npos;
LIMIT: 限定名样本与符号定位队列不是定界结果。

CANDIDATE 171 std::ratio total_unique_contexts 61
abseil-cpp-20250814.1-1.2.src.rpm /usr/include/absl/time/time.h:131 constexpr int64_t kTicksPerSecond = 1000 * 1000 * 1000 * kTicksPerNanosecond; | template <std::intmax_t N> | ABSL_ATTRIBUTE_CONST_FUNCTION constexpr Duration FromInt64(int64_t v, |                                                            std::ratio<1, N>); | ABSL_ATTRIBUTE_CONST_FUNCTION constexpr Duration FromInt64(int64_t v, |                                                            std::ratio<60>); | ABSL_ATTRIBUTE_CONST_FUNCTION constexpr Duration FromInt64(int64_t v, |                                                            std::ratio<3600>);
tensorflow2-2.18.0-1.2.src.rpm /usr/include/tensorflow2/aot/include/absl/time/time.h:114 constexpr int64_t kTicksPerSecond = 1000 * 1000 * 1000 * kTicksPerNanosecond; | template <std::intmax_t N> | ABSL_ATTRIBUTE_CONST_FUNCTION constexpr Duration FromInt64(int64_t v, |                                                            std::ratio<1, N>); | ABSL_ATTRIBUTE_CONST_FUNCTION constexpr Duration FromInt64(int64_t v, |                                                            std::ratio<60>); | ABSL_ATTRIBUTE_CONST_FUNCTION constexpr Duration FromInt64(int64_t v, |                                                            std::ratio<3600>);
Open3D-0.17-2.src.rpm /usr/include/open3d/3rdparty/fmt/chrono.h:179 template <> FMT_CONSTEXPR const char* get_units<std::milli>() { return "ms"; } | template <> FMT_CONSTEXPR const char* get_units<std::centi>() { return "cs"; } | template <> FMT_CONSTEXPR const char* get_units<std::deci>() { return "ds"; } | template <> FMT_CONSTEXPR const char* get_units<std::ratio<1>>() { return "s"; } | template <> FMT_CONSTEXPR const char* get_units<std::deca>() { return "das"; } | template <> FMT_CONSTEXPR const char* get_units<std::hecto>() { return "hs"; } | template <> FMT_CONSTEXPR const char* get_units<std::kilo>() { return "ks"; } | template <> FMT_CONSTEXPR const char* get_units<std::mega>() { return "Ms"; }
SYMBOL_CANDIDATE 2049 2395 dali2-toolkit-2.5.26-1.src.rpm -> dali2-2.5.26-1.src.rpm Dali::ConditionalWait::WaitUntil(Dali::ConditionalWait::ScopedLock const&, std::chrono::time_point<std::chrono::_V2::steady_clock, std::chrono::duration<long, std::ratio<1l, 1000000000l> > >)
SYMBOL_CANDIDATE 1693 2395 dali2-ui-foundation-2.5.14.10210-1.src.rpm -> dali2-2.5.26-1.src.rpm Dali::ConditionalWait::WaitUntil(Dali::ConditionalWait::ScopedLock const&, std::chrono::time_point<std::chrono::_V2::steady_clock, std::chrono::duration<long, std::ratio<1l, 1000000000l> > >)
SYMBOL_CANDIDATE 128 2618 org.tizen.stt-engine-default-1.100.3-1.src.rpm -> grpc-1.76.0-0.src.rpm grpc::Timepoint2Timespec(std::chrono::time_point<std::chrono::_V2::system_clock, std::chrono::duration<long, std::ratio<1l, 1000000000l> > > const&, gpr_timespec*)
LIMIT: 限定名样本与符号定位队列不是定界结果。

CANDIDATE 172 std::u16string total_unique_contexts 173
icu-78.1-1.4.src.rpm /usr/include/unicode/uset.h:1762     bool operator!=(const USetElementIterator &other) const { return !operator==(other); } |  |     /** @draft ICU 77 */ |     std::u16string operator*() const { |         if (c >= 0) { |             return c <= 0xffff ? |                 std::u16string({static_cast<char16_t>(c)}) : |                 std::u16string({U16_LEAD(c), U16_TRAIL(c)});
tensorflow2-2.18.0-1.2.src.rpm /usr/include/tensorflow2/aot/include/third_party/gpus/cuda/include/cuda/std/detail/libcxx/include/filesystem:1003     return string<wchar_t>(); |   } |   _LIBCUDACXX_INLINE_VISIBILITY std::string u8string() const { return __pn_; } |   _LIBCUDACXX_INLINE_VISIBILITY std::u16string u16string() const { |     return string<char16_t>(); |   } |   _LIBCUDACXX_INLINE_VISIBILITY std::u32string u32string() const { |     return string<char32_t>();
app-rootstrap-10.0.0-1.src.rpm /opt/data/app-rootstrap/usr/include/node/util.h:568  public: |   explicit TwoByteValue(v8::Isolate* isolate, v8::Local<v8::Value> value); |  |   inline std::u16string ToU16String() const { |     return std::u16string(reinterpret_cast<const char16_t*>(out()), length()); |   } |  |   inline std::u16string_view ToU16StringView() const {
LIMIT: 限定名样本与符号定位队列不是定界结果。

CANDIDATE 173 std::add_const total_unique_contexts 24
tensorflow2-2.18.0-1.2.src.rpm /usr/include/tensorflow2/aot/include/absl/meta/type_traits.h:271 struct is_function |     : std::integral_constant< |           bool, !(std::is_reference<T>::value || |                   std::is_const<typename std::add_const<T>::type>::value)> {}; |  | // is_trivially_destructible() | // | // Determines whether the passed type `T` is trivially destructible.
aurum-1.0.24-1.src.rpm /usr/include/rapidjson/allocators.h:523 #if RAPIDJSON_HAS_CXX11 |  |     typedef typename std::add_lvalue_reference<value_type>::type &reference; |     typedef typename std::add_lvalue_reference<typename std::add_const<value_type>::type>::type &const_reference; |  |     pointer address(reference r) const RAPIDJSON_NOEXCEPT |     { |         return std::addressof(r);
behaviortree_cpp_v3-3.6.1-0.src.rpm /usr/include/behaviortree_cpp_v3/utils/any.hpp:389 inline ValueType any_cast(const any& operand) | { |     auto p = |         any_cast<typename std::add_const<typename std::remove_reference<ValueType>::type>::type>( |             &operand); |     if (p == nullptr) |         throw bad_any_cast(); |     return *p;
LIMIT: 限定名样本与符号定位队列不是定界结果。

CANDIDATE 174 std::add_pointer total_unique_contexts 24
tensorflow2-2.18.0-1.2.src.rpm /usr/include/tensorflow2/aot/include/absl/meta/type_traits.h:619 using remove_pointer_t = typename std::remove_pointer<T>::type; |  | template <typename T> | using add_pointer_t = typename std::add_pointer<T>::type; |  | template <typename T> | using make_signed_t = typename std::make_signed<T>::type; | 
openusd-24.03-0.src.rpm /usr/include/pxr/base/tf/functionRef.h:149 private: |     template <class Fn> |     static Ret _InvokeFn(void const *fn, Args...args) { |         using FnPtr = typename std::add_pointer< |             typename std::add_const<Fn>::type>::type; |         return (*static_cast<FnPtr>(fn))(std::forward<Args>(args)...); |     } | 
boost-1.83.0-2.2.src.rpm /usr/include/boost/hana/traits.hpp:157  |     // Pointers |     BOOST_HANA_INLINE_VARIABLE constexpr auto remove_pointer = metafunction<std::remove_pointer>; |     BOOST_HANA_INLINE_VARIABLE constexpr auto add_pointer = metafunction<std::add_pointer>; |  |     // Sign modifiers |     BOOST_HANA_INLINE_VARIABLE constexpr auto make_signed = metafunction<std::make_signed>; |     BOOST_HANA_INLINE_VARIABLE constexpr auto make_unsigned = metafunction<std::make_unsigned>;
LIMIT: 限定名样本与符号定位队列不是定界结果。

CANDIDATE 175 std::aligned_storage total_unique_contexts 39
cereal-1.3.2-1.1.src.rpm /usr/include/cereal/types/boost_variant.hpp:67     template <class Archive, class T> |     struct LoadAndConstructLoadWrapper |     { |       using ST = typename std::aligned_storage<sizeof(T), CEREAL_ALIGNOF(T)>::type; |  |       LoadAndConstructLoadWrapper() : |         construct( reinterpret_cast<T *>( &st ) ) |       { }
tensorflow2-2.18.0-1.2.src.rpm /usr/include/tensorflow2/aot/include/absl/meta/type_traits.h:637 // This trick to retrieve a default alignment is necessary for our | // implementation of aligned_storage_t to be consistent with any | // implementation of std::aligned_storage. | template <size_t Len, typename T = std::aligned_storage<Len>> | struct default_alignment_of_aligned_storage; |  | template <size_t Len, size_t Align> | struct default_alignment_of_aligned_storage<
behaviortree_cpp_v3-3.6.1-0.src.rpm /usr/include/behaviortree_cpp_v3/utils/any.hpp:168     union storage_union |     { |         using stack_storage_t = |             typename std::aligned_storage<2 * sizeof(void*), std::alignment_of<void*>::value>::type; |  |         void* dynamic; |         stack_storage_t stack;   // 2 words for e.g. shared_ptr |     };
LIMIT: 限定名样本与符号定位队列不是定界结果。
