PWD=/home/toolchain/development/libc++_replacement
COMMAND=sha256sum -c progress/R25/MANIFEST.sha256 
sha256sum: EXCLUDED.tsv: No such file or directory
EXCLUDED.tsv: FAILED open or read
sha256sum: METHODOLOGY.md: No such file or directory
METHODOLOGY.md: FAILED open or read
README.md: FAILED
sha256sum: REPORT.md: No such file or directory
REPORT.md: FAILED open or read
sha256sum: commands/001_inventory.log: No such file or directory
commands/001_inventory.log: FAILED open or read
sha256sum: commands/002_analyze_r25.log: No such file or directory
commands/002_analyze_r25.log: FAILED open or read
sha256sum: commands/003_validate_local.log: No such file or directory
commands/003_validate_local.log: FAILED open or read
sha256sum: commands/004_input_method_audit.log: No such file or directory
commands/004_input_method_audit.log: FAILED open or read
sha256sum: commands/005_finalize_curated.log: No such file or directory
commands/005_finalize_curated.log: FAILED open or read
sha256sum: commands/006_validate_curated.log: No such file or directory
commands/006_validate_curated.log: FAILED open or read
sha256sum: inputs/input_identity.tsv: No such file or directory
inputs/input_identity.tsv: FAILED open or read
sha256sum: tables/atomic_component_size_distribution.tsv: No such file or directory
tables/atomic_component_size_distribution.tsv: FAILED open or read
sha256sum: tables/atomic_component_summary.tsv: No such file or directory
tables/atomic_component_summary.tsv: FAILED open or read
sha256sum: tables/atomic_components.tsv: No such file or directory
tables/atomic_components.tsv: FAILED open or read
sha256sum: tables/cross_boundary_edge_properties.tsv: No such file or directory
tables/cross_boundary_edge_properties.tsv: FAILED open or read
sha256sum: tables/cut_cross_boundary_edges.tsv: No such file or directory
tables/cut_cross_boundary_edges.tsv: FAILED open or read
sha256sum: tables/cut_property_summary.tsv: No such file or directory
tables/cut_property_summary.tsv: FAILED open or read
sha256sum: tables/cut_reverse_edges.tsv: No such file or directory
tables/cut_reverse_edges.tsv: FAILED open or read
sha256sum: tables/cut_summary.tsv: No such file or directory
tables/cut_summary.tsv: FAILED open or read
sha256sum: tables/cut_top20_providers.tsv: No such file or directory
tables/cut_top20_providers.tsv: FAILED open or read
sha256sum: tables/data_sources.tsv: No such file or directory
tables/data_sources.tsv: FAILED open or read
sha256sum: tables/gtest_consumers_153.tsv: No such file or directory
tables/gtest_consumers_153.tsv: FAILED open or read
sha256sum: tables/gtest_consumers_summary.tsv: No such file or directory
tables/gtest_consumers_summary.tsv: FAILED open or read
sha256sum: tables/migration_list_audit.tsv: No such file or directory
tables/migration_list_audit.tsv: FAILED open or read
sha256sum: tables/migration_list_field_distribution.tsv: No such file or directory
tables/migration_list_field_distribution.tsv: FAILED open or read
sha256sum: tables/strategy_scale.tsv: No such file or directory
tables/strategy_scale.tsv: FAILED open or read
sha256sum: tables/vendor_five_to_four_accounting.tsv: No such file or directory
tables/vendor_five_to_four_accounting.tsv: FAILED open or read
sha256sum: tools/analyze_r25.py: No such file or directory
tools/analyze_r25.py: FAILED open or read
sha256sum: tools/curate_outputs.py: No such file or directory
tools/curate_outputs.py: FAILED open or read
sha256sum: tools/finalize_curated.py: No such file or directory
tools/finalize_curated.py: FAILED open or read
sha256sum: tools/generate_manifests.py: No such file or directory
tools/generate_manifests.py: FAILED open or read
sha256sum: tools/run_logged.sh: No such file or directory
tools/run_logged.sh: FAILED open or read
sha256sum: tools/validate_outputs.py: No such file or directory
tools/validate_outputs.py: FAILED open or read
sha256sum: validation.tsv: No such file or directory
validation.tsv: FAILED open or read
sha256sum: WARNING: 33 listed files could not be read
sha256sum: WARNING: 1 computed checksum did NOT match
EXIT_CODE=1
