VALUE case=0 bytes=0 expected=0 exact=1 hex=
CALLER_OUTPUT_DESTROYED case=0
VALUE case=1 bytes=9 expected=9 exact=1 hex=41534349492d313233
CALLER_OUTPUT_DESTROYED case=1
VALUE case=2 bytes=11 expected=11 exact=1 hex=41e4b8ade69687f09f9982
CALLER_OUTPUT_DESTROYED case=2
VALUE case=3 bytes=3 expected=3 exact=1 hex=610062
CALLER_OUTPUT_DESTROYED case=3
VALUE case=4 bytes=257 expected=257 exact=1 hex=7878787878787878787878787878787878787878787878787878787878787878787878787878787878787878787878787878787878787878787878787878787878787878787878787878787878787878787878787878787878787878787878787878787878787878787878787878787878787878787878787878787878787878787878787878787878787878787878787878787878787878787878787878787878787878787878787878787878787878787878787878787878787878787878787878787878787878787878787878787878787878787878787878787878787878787878787878787878787878787878787878787878787878787878787878787878
CALLER_OUTPUT_DESTROYED case=4
614a30d6c000-614a30d6e000 r--p 00000000 08:01 68884841                   /home/toolchain/development/libcxx_runtime_validation/tmp/API_0911/W2/cxx_to_gnu_direct_control
614a30d6e000-614a30d70000 r-xp 00002000 08:01 68884841                   /home/toolchain/development/libcxx_runtime_validation/tmp/API_0911/W2/cxx_to_gnu_direct_control
614a30d70000-614a30d71000 r--p 00004000 08:01 68884841                   /home/toolchain/development/libcxx_runtime_validation/tmp/API_0911/W2/cxx_to_gnu_direct_control
614a30d71000-614a30d72000 r--p 00004000 08:01 68884841                   /home/toolchain/development/libcxx_runtime_validation/tmp/API_0911/W2/cxx_to_gnu_direct_control
614a30d72000-614a30d73000 rw-p 00005000 08:01 68884841                   /home/toolchain/development/libcxx_runtime_validation/tmp/API_0911/W2/cxx_to_gnu_direct_control
614a4fa5e000-614a4fa7f000 rw-p 00000000 00:00 0                          [heap]
74003cc00000-74003cc28000 r--p 00000000 103:01 24673697                  /usr/lib/x86_64-linux-gnu/libc.so.6
74003cc28000-74003cdb1000 r-xp 00028000 103:01 24673697                  /usr/lib/x86_64-linux-gnu/libc.so.6
74003cdb1000-74003ce00000 r--p 001b1000 103:01 24673697                  /usr/lib/x86_64-linux-gnu/libc.so.6
74003ce00000-74003ce04000 r--p 001ff000 103:01 24673697                  /usr/lib/x86_64-linux-gnu/libc.so.6
74003ce04000-74003ce06000 rw-p 00203000 103:01 24673697                  /usr/lib/x86_64-linux-gnu/libc.so.6
74003ce06000-74003ce13000 rw-p 00000000 00:00 0 
74003cf17000-74003cf27000 r--p 00000000 103:01 24673700                  /usr/lib/x86_64-linux-gnu/libm.so.6
74003cf27000-74003cfa6000 r-xp 00010000 103:01 24673700                  /usr/lib/x86_64-linux-gnu/libm.so.6
74003cfa6000-74003cffe000 r--p 0008f000 103:01 24673700                  /usr/lib/x86_64-linux-gnu/libm.so.6
74003cffe000-74003cfff000 r--p 000e7000 103:01 24673700                  /usr/lib/x86_64-linux-gnu/libm.so.6
74003cfff000-74003d000000 rw-p 000e8000 103:01 24673700                  /usr/lib/x86_64-linux-gnu/libm.so.6
74003d000000-74003d09d000 r--p 00000000 103:01 24643909                  /usr/lib/x86_64-linux-gnu/libstdc++.so.6.0.33
74003d09d000-74003d1e5000 r-xp 0009d000 103:01 24643909                  /usr/lib/x86_64-linux-gnu/libstdc++.so.6.0.33
74003d1e5000-74003d26c000 r--p 001e5000 103:01 24643909                  /usr/lib/x86_64-linux-gnu/libstdc++.so.6.0.33
74003d26c000-74003d277000 r--p 0026b000 103:01 24643909                  /usr/lib/x86_64-linux-gnu/libstdc++.so.6.0.33
74003d277000-74003d27a000 rw-p 00276000 103:01 24643909                  /usr/lib/x86_64-linux-gnu/libstdc++.so.6.0.33
74003d27a000-74003d27e000 rw-p 00000000 00:00 0 
74003d295000-74003d29a000 rw-p 00000000 00:00 0 
74003d29a000-74003d29b000 r--p 00000000 103:01 24673709                  /usr/lib/x86_64-linux-gnu/libpthread.so.0
74003d29b000-74003d29c000 r-xp 00001000 103:01 24673709                  /usr/lib/x86_64-linux-gnu/libpthread.so.0
74003d29c000-74003d29d000 r--p 00002000 103:01 24673709                  /usr/lib/x86_64-linux-gnu/libpthread.so.0
74003d29d000-74003d29e000 r--p 00002000 103:01 24673709                  /usr/lib/x86_64-linux-gnu/libpthread.so.0
74003d29e000-74003d29f000 rw-p 00003000 103:01 24673709                  /usr/lib/x86_64-linux-gnu/libpthread.so.0
74003d29f000-74003d2a1000 r--p 00000000 103:01 24643894                  /usr/lib/x86_64-linux-gnu/libatomic.so.1.2.0
74003d2a1000-74003d2a5000 r-xp 00002000 103:01 24643894                  /usr/lib/x86_64-linux-gnu/libatomic.so.1.2.0
74003d2a5000-74003d2a7000 r--p 00006000 103:01 24643894                  /usr/lib/x86_64-linux-gnu/libatomic.so.1.2.0
74003d2a7000-74003d2a8000 r--p 00007000 103:01 24643894                  /usr/lib/x86_64-linux-gnu/libatomic.so.1.2.0
74003d2a8000-74003d2a9000 rw-p 00008000 103:01 24643894                  /usr/lib/x86_64-linux-gnu/libatomic.so.1.2.0
74003d2a9000-74003d2aa000 rw-p 00000000 00:00 0 
74003d2aa000-74003d2ae000 r--p 00000000 103:01 24643908                  /usr/lib/x86_64-linux-gnu/libgcc_s.so.1
74003d2ae000-74003d2d2000 r-xp 00004000 103:01 24643908                  /usr/lib/x86_64-linux-gnu/libgcc_s.so.1
74003d2d2000-74003d2d6000 r--p 00028000 103:01 24643908                  /usr/lib/x86_64-linux-gnu/libgcc_s.so.1
74003d2d6000-74003d2d7000 r--p 0002b000 103:01 24643908                  /usr/lib/x86_64-linux-gnu/libgcc_s.so.1
74003d2d7000-74003d2d8000 rw-p 0002c000 103:01 24643908                  /usr/lib/x86_64-linux-gnu/libgcc_s.so.1
74003d2d8000-74003d2da000 rw-p 00000000 00:00 0 
74003d2eb000-74003d2fc000 r--p 00000000 08:01 72160044                   /home/toolchain/development/libcxx_runtime_validation/tmp/IMPL_0908/build-native/lib/libc++abi.so.1.0
74003d2fc000-74003d319000 r-xp 00011000 08:01 72160044                   /home/toolchain/development/libcxx_runtime_validation/tmp/IMPL_0908/build-native/lib/libc++abi.so.1.0
74003d319000-74003d323000 r--p 0002e000 08:01 72160044                   /home/toolchain/development/libcxx_runtime_validation/tmp/IMPL_0908/build-native/lib/libc++abi.so.1.0
74003d323000-74003d328000 r--p 00038000 08:01 72160044                   /home/toolchain/development/libcxx_runtime_validation/tmp/IMPL_0908/build-native/lib/libc++abi.so.1.0
74003d328000-74003d329000 rw-p 0003d000 08:01 72160044                   /home/toolchain/development/libcxx_runtime_validation/tmp/IMPL_0908/build-native/lib/libc++abi.so.1.0
74003d329000-74003d365000 r--p 00000000 08:01 72160099                   /home/toolchain/development/libcxx_runtime_validation/tmp/IMPL_0908/build-native/lib/libc++.so.1.0
74003d365000-74003d3df000 r-xp 0003c000 08:01 72160099                   /home/toolchain/development/libcxx_runtime_validation/tmp/IMPL_0908/build-native/lib/libc++.so.1.0
74003d3df000-74003d422000 r--p 000b6000 08:01 72160099                   /home/toolchain/development/libcxx_runtime_validation/tmp/IMPL_0908/build-native/lib/libc++.so.1.0
74003d422000-74003d429000 r--p 000f8000 08:01 72160099                   /home/toolchain/development/libcxx_runtime_validation/tmp/IMPL_0908/build-native/lib/libc++.so.1.0
74003d429000-74003d42a000 rw-p 000ff000 08:01 72160099                   /home/toolchain/development/libcxx_runtime_validation/tmp/IMPL_0908/build-native/lib/libc++.so.1.0
74003d42a000-74003d435000 rw-p 00000000 00:00 0 
74003d435000-74003d446000 r--p 00000000 08:01 29035311                   /home/toolchain/development/libc++_replacement/progress/R105/artifacts/boost_x86_64_libcxx/boost-program-options-1.83.0-105.10.7.x86_64/usr/lib64/libboost_program_options.so.1.83.0
74003d446000-74003d464000 r-xp 00011000 08:01 29035311                   /home/toolchain/development/libc++_replacement/progress/R105/artifacts/boost_x86_64_libcxx/boost-program-options-1.83.0-105.10.7.x86_64/usr/lib64/libboost_program_options.so.1.83.0
74003d464000-74003d471000 r--p 0002f000 08:01 29035311                   /home/toolchain/development/libc++_replacement/progress/R105/artifacts/boost_x86_64_libcxx/boost-program-options-1.83.0-105.10.7.x86_64/usr/lib64/libboost_program_options.so.1.83.0
74003d471000-74003d474000 r--p 0003b000 08:01 29035311                   /home/toolchain/development/libc++_replacement/progress/R105/artifacts/boost_x86_64_libcxx/boost-program-options-1.83.0-105.10.7.x86_64/usr/lib64/libboost_program_options.so.1.83.0
74003d474000-74003d475000 rw-p 0003e000 08:01 29035311                   /home/toolchain/development/libc++_replacement/progress/R105/artifacts/boost_x86_64_libcxx/boost-program-options-1.83.0-105.10.7.x86_64/usr/lib64/libboost_program_options.so.1.83.0
74003d475000-74003d477000 rw-p 00000000 00:00 0 
74003d477000-74003d47b000 r--p 00000000 00:00 0                          [vvar]
74003d47b000-74003d47d000 r--p 00000000 00:00 0                          [vvar_vclock]
74003d47d000-74003d47f000 r-xp 00000000 00:00 0                          [vdso]
74003d47f000-74003d480000 r--p 00000000 103:01 24673694                  /usr/lib/x86_64-linux-gnu/ld-linux-x86-64.so.2
74003d480000-74003d4ab000 r-xp 00001000 103:01 24673694                  /usr/lib/x86_64-linux-gnu/ld-linux-x86-64.so.2
74003d4ab000-74003d4b5000 r--p 0002c000 103:01 24673694                  /usr/lib/x86_64-linux-gnu/ld-linux-x86-64.so.2
74003d4b5000-74003d4b7000 r--p 00036000 103:01 24673694                  /usr/lib/x86_64-linux-gnu/ld-linux-x86-64.so.2
74003d4b7000-74003d4b9000 rw-p 00038000 103:01 24673694                  /usr/lib/x86_64-linux-gnu/ld-linux-x86-64.so.2
7ffc3df10000-7ffc3df32000 rw-p 00000000 00:00 0                          [stack]
ffffffffff600000-ffffffffff601000 --xp 00000000 00:00 0                  [vsyscall]
ASSERT values=1 maps_cxx=1 maps_gnu=1 maps_provider=1 sizeof_string=24 sizeof_vector=24
