REAL_CALLEE=/home/toolchain/development/libc++_replacement/progress/R105/artifacts/boost_x86_64_gcc/boost-program-options-1.83.0-105.10.8.x86_64/usr/lib64/libboost_program_options.so.1.83.0
VALUE case=0 bytes=0 expected=0 exact=1 hex=
CALLER_OUTPUT_DESTROYED case=0
REAL_CALLEE=/home/toolchain/development/libc++_replacement/progress/R105/artifacts/boost_x86_64_gcc/boost-program-options-1.83.0-105.10.8.x86_64/usr/lib64/libboost_program_options.so.1.83.0
VALUE case=1 bytes=9 expected=9 exact=1 hex=41534349492d313233
CALLER_OUTPUT_DESTROYED case=1
REAL_CALLEE=/home/toolchain/development/libc++_replacement/progress/R105/artifacts/boost_x86_64_gcc/boost-program-options-1.83.0-105.10.8.x86_64/usr/lib64/libboost_program_options.so.1.83.0
VALUE case=2 bytes=11 expected=11 exact=1 hex=41e4b8ade69687f09f9982
CALLER_OUTPUT_DESTROYED case=2
REAL_CALLEE=/home/toolchain/development/libc++_replacement/progress/R105/artifacts/boost_x86_64_gcc/boost-program-options-1.83.0-105.10.8.x86_64/usr/lib64/libboost_program_options.so.1.83.0
VALUE case=3 bytes=3 expected=3 exact=1 hex=610062
CALLER_OUTPUT_DESTROYED case=3
REAL_CALLEE=/home/toolchain/development/libc++_replacement/progress/R105/artifacts/boost_x86_64_gcc/boost-program-options-1.83.0-105.10.8.x86_64/usr/lib64/libboost_program_options.so.1.83.0
VALUE case=4 bytes=257 expected=257 exact=1 hex=7878787878787878787878787878787878787878787878787878787878787878787878787878787878787878787878787878787878787878787878787878787878787878787878787878787878787878787878787878787878787878787878787878787878787878787878787878787878787878787878787878787878787878787878787878787878787878787878787878787878787878787878787878787878787878787878787878787878787878787878787878787878787878787878787878787878787878787878787878787878787878787878787878787878787878787878787878787878787878787878787878787878787878787878787878787878
CALLER_OUTPUT_DESTROYED case=4
PROVIDER_SCOPES_COMPLETED=5
63348706b000-63348706d000 r--p 00000000 08:01 68884840                   /home/toolchain/development/libcxx_runtime_validation/tmp/API_0911/W2/cxx_to_gnu_shim
63348706d000-63348706f000 r-xp 00002000 08:01 68884840                   /home/toolchain/development/libcxx_runtime_validation/tmp/API_0911/W2/cxx_to_gnu_shim
63348706f000-633487070000 r--p 00004000 08:01 68884840                   /home/toolchain/development/libcxx_runtime_validation/tmp/API_0911/W2/cxx_to_gnu_shim
633487070000-633487071000 r--p 00004000 08:01 68884840                   /home/toolchain/development/libcxx_runtime_validation/tmp/API_0911/W2/cxx_to_gnu_shim
633487071000-633487072000 rw-p 00005000 08:01 68884840                   /home/toolchain/development/libcxx_runtime_validation/tmp/API_0911/W2/cxx_to_gnu_shim
6334bed51000-6334bed72000 rw-p 00000000 00:00 0                          [heap]
70d3f9800000-70d3f9828000 r--p 00000000 103:01 24673697                  /usr/lib/x86_64-linux-gnu/libc.so.6
70d3f9828000-70d3f99b1000 r-xp 00028000 103:01 24673697                  /usr/lib/x86_64-linux-gnu/libc.so.6
70d3f99b1000-70d3f9a00000 r--p 001b1000 103:01 24673697                  /usr/lib/x86_64-linux-gnu/libc.so.6
70d3f9a00000-70d3f9a04000 r--p 001ff000 103:01 24673697                  /usr/lib/x86_64-linux-gnu/libc.so.6
70d3f9a04000-70d3f9a06000 rw-p 00203000 103:01 24673697                  /usr/lib/x86_64-linux-gnu/libc.so.6
70d3f9a06000-70d3f9a13000 rw-p 00000000 00:00 0 
70d3f9ac3000-70d3f9ad4000 r--p 00000000 08:01 29557508                   /home/toolchain/development/libc++_replacement/progress/R105/artifacts/boost_x86_64_gcc/boost-program-options-1.83.0-105.10.8.x86_64/usr/lib64/libboost_program_options.so.1.83.0
70d3f9ad4000-70d3f9b07000 r-xp 00011000 08:01 29557508                   /home/toolchain/development/libc++_replacement/progress/R105/artifacts/boost_x86_64_gcc/boost-program-options-1.83.0-105.10.8.x86_64/usr/lib64/libboost_program_options.so.1.83.0
70d3f9b07000-70d3f9b13000 r--p 00044000 08:01 29557508                   /home/toolchain/development/libc++_replacement/progress/R105/artifacts/boost_x86_64_gcc/boost-program-options-1.83.0-105.10.8.x86_64/usr/lib64/libboost_program_options.so.1.83.0
70d3f9b13000-70d3f9b16000 r--p 0004f000 08:01 29557508                   /home/toolchain/development/libc++_replacement/progress/R105/artifacts/boost_x86_64_gcc/boost-program-options-1.83.0-105.10.8.x86_64/usr/lib64/libboost_program_options.so.1.83.0
70d3f9b16000-70d3f9b17000 rw-p 00052000 08:01 29557508                   /home/toolchain/development/libc++_replacement/progress/R105/artifacts/boost_x86_64_gcc/boost-program-options-1.83.0-105.10.8.x86_64/usr/lib64/libboost_program_options.so.1.83.0
70d3f9b17000-70d3f9b27000 r--p 00000000 103:01 24673700                  /usr/lib/x86_64-linux-gnu/libm.so.6
70d3f9b27000-70d3f9ba6000 r-xp 00010000 103:01 24673700                  /usr/lib/x86_64-linux-gnu/libm.so.6
70d3f9ba6000-70d3f9bfe000 r--p 0008f000 103:01 24673700                  /usr/lib/x86_64-linux-gnu/libm.so.6
70d3f9bfe000-70d3f9bff000 r--p 000e7000 103:01 24673700                  /usr/lib/x86_64-linux-gnu/libm.so.6
70d3f9bff000-70d3f9c00000 rw-p 000e8000 103:01 24673700                  /usr/lib/x86_64-linux-gnu/libm.so.6
70d3f9c00000-70d3f9c9d000 r--p 00000000 103:01 24643909                  /usr/lib/x86_64-linux-gnu/libstdc++.so.6.0.33
70d3f9c9d000-70d3f9de5000 r-xp 0009d000 103:01 24643909                  /usr/lib/x86_64-linux-gnu/libstdc++.so.6.0.33
70d3f9de5000-70d3f9e6c000 r--p 001e5000 103:01 24643909                  /usr/lib/x86_64-linux-gnu/libstdc++.so.6.0.33
70d3f9e6c000-70d3f9e77000 r--p 0026b000 103:01 24643909                  /usr/lib/x86_64-linux-gnu/libstdc++.so.6.0.33
70d3f9e77000-70d3f9e7a000 rw-p 00276000 103:01 24643909                  /usr/lib/x86_64-linux-gnu/libstdc++.so.6.0.33
70d3f9e7a000-70d3f9e7e000 rw-p 00000000 00:00 0 
70d3f9e8e000-70d3f9e92000 rw-p 00000000 00:00 0 
70d3f9e92000-70d3f9e93000 r--p 00000000 103:01 24673709                  /usr/lib/x86_64-linux-gnu/libpthread.so.0
70d3f9e93000-70d3f9e94000 r-xp 00001000 103:01 24673709                  /usr/lib/x86_64-linux-gnu/libpthread.so.0
70d3f9e94000-70d3f9e95000 r--p 00002000 103:01 24673709                  /usr/lib/x86_64-linux-gnu/libpthread.so.0
70d3f9e95000-70d3f9e96000 r--p 00002000 103:01 24673709                  /usr/lib/x86_64-linux-gnu/libpthread.so.0
70d3f9e96000-70d3f9e97000 rw-p 00003000 103:01 24673709                  /usr/lib/x86_64-linux-gnu/libpthread.so.0
70d3f9e97000-70d3f9e99000 rw-p 00000000 00:00 0 
70d3f9e99000-70d3f9e9b000 r--p 00000000 103:01 24643894                  /usr/lib/x86_64-linux-gnu/libatomic.so.1.2.0
70d3f9e9b000-70d3f9e9f000 r-xp 00002000 103:01 24643894                  /usr/lib/x86_64-linux-gnu/libatomic.so.1.2.0
70d3f9e9f000-70d3f9ea1000 r--p 00006000 103:01 24643894                  /usr/lib/x86_64-linux-gnu/libatomic.so.1.2.0
70d3f9ea1000-70d3f9ea2000 r--p 00007000 103:01 24643894                  /usr/lib/x86_64-linux-gnu/libatomic.so.1.2.0
70d3f9ea2000-70d3f9ea3000 rw-p 00008000 103:01 24643894                  /usr/lib/x86_64-linux-gnu/libatomic.so.1.2.0
70d3f9ea3000-70d3f9ea4000 rw-p 00000000 00:00 0 
70d3f9ea4000-70d3f9ea8000 r--p 00000000 103:01 24643908                  /usr/lib/x86_64-linux-gnu/libgcc_s.so.1
70d3f9ea8000-70d3f9ecc000 r-xp 00004000 103:01 24643908                  /usr/lib/x86_64-linux-gnu/libgcc_s.so.1
70d3f9ecc000-70d3f9ed0000 r--p 00028000 103:01 24643908                  /usr/lib/x86_64-linux-gnu/libgcc_s.so.1
70d3f9ed0000-70d3f9ed1000 r--p 0002b000 103:01 24643908                  /usr/lib/x86_64-linux-gnu/libgcc_s.so.1
70d3f9ed1000-70d3f9ed2000 rw-p 0002c000 103:01 24643908                  /usr/lib/x86_64-linux-gnu/libgcc_s.so.1
70d3f9ed2000-70d3f9ed4000 rw-p 00000000 00:00 0 
70d3f9ee5000-70d3f9ef6000 r--p 00000000 08:01 72160044                   /home/toolchain/development/libcxx_runtime_validation/tmp/IMPL_0908/build-native/lib/libc++abi.so.1.0
70d3f9ef6000-70d3f9f13000 r-xp 00011000 08:01 72160044                   /home/toolchain/development/libcxx_runtime_validation/tmp/IMPL_0908/build-native/lib/libc++abi.so.1.0
70d3f9f13000-70d3f9f1d000 r--p 0002e000 08:01 72160044                   /home/toolchain/development/libcxx_runtime_validation/tmp/IMPL_0908/build-native/lib/libc++abi.so.1.0
70d3f9f1d000-70d3f9f22000 r--p 00038000 08:01 72160044                   /home/toolchain/development/libcxx_runtime_validation/tmp/IMPL_0908/build-native/lib/libc++abi.so.1.0
70d3f9f22000-70d3f9f23000 rw-p 0003d000 08:01 72160044                   /home/toolchain/development/libcxx_runtime_validation/tmp/IMPL_0908/build-native/lib/libc++abi.so.1.0
70d3f9f23000-70d3f9f5f000 r--p 00000000 08:01 72160099                   /home/toolchain/development/libcxx_runtime_validation/tmp/IMPL_0908/build-native/lib/libc++.so.1.0
70d3f9f5f000-70d3f9fd9000 r-xp 0003c000 08:01 72160099                   /home/toolchain/development/libcxx_runtime_validation/tmp/IMPL_0908/build-native/lib/libc++.so.1.0
70d3f9fd9000-70d3fa01c000 r--p 000b6000 08:01 72160099                   /home/toolchain/development/libcxx_runtime_validation/tmp/IMPL_0908/build-native/lib/libc++.so.1.0
70d3fa01c000-70d3fa023000 r--p 000f8000 08:01 72160099                   /home/toolchain/development/libcxx_runtime_validation/tmp/IMPL_0908/build-native/lib/libc++.so.1.0
70d3fa023000-70d3fa024000 rw-p 000ff000 08:01 72160099                   /home/toolchain/development/libcxx_runtime_validation/tmp/IMPL_0908/build-native/lib/libc++.so.1.0
70d3fa024000-70d3fa02f000 rw-p 00000000 00:00 0 
70d3fa02f000-70d3fa030000 r--p 00000000 08:01 68884839                   /home/toolchain/development/libcxx_runtime_validation/tmp/API_0911/W2/libcxx_to_gnu.so
70d3fa030000-70d3fa031000 r-xp 00001000 08:01 68884839                   /home/toolchain/development/libcxx_runtime_validation/tmp/API_0911/W2/libcxx_to_gnu.so
70d3fa031000-70d3fa032000 r--p 00002000 08:01 68884839                   /home/toolchain/development/libcxx_runtime_validation/tmp/API_0911/W2/libcxx_to_gnu.so
70d3fa032000-70d3fa033000 r--p 00002000 08:01 68884839                   /home/toolchain/development/libcxx_runtime_validation/tmp/API_0911/W2/libcxx_to_gnu.so
70d3fa033000-70d3fa034000 rw-p 00003000 08:01 68884839                   /home/toolchain/development/libcxx_runtime_validation/tmp/API_0911/W2/libcxx_to_gnu.so
70d3fa034000-70d3fa036000 rw-p 00000000 00:00 0 
70d3fa036000-70d3fa03a000 r--p 00000000 00:00 0                          [vvar]
70d3fa03a000-70d3fa03c000 r--p 00000000 00:00 0                          [vvar_vclock]
70d3fa03c000-70d3fa03e000 r-xp 00000000 00:00 0                          [vdso]
70d3fa03e000-70d3fa03f000 r--p 00000000 103:01 24673694                  /usr/lib/x86_64-linux-gnu/ld-linux-x86-64.so.2
70d3fa03f000-70d3fa06a000 r-xp 00001000 103:01 24673694                  /usr/lib/x86_64-linux-gnu/ld-linux-x86-64.so.2
70d3fa06a000-70d3fa074000 r--p 0002c000 103:01 24673694                  /usr/lib/x86_64-linux-gnu/ld-linux-x86-64.so.2
70d3fa074000-70d3fa076000 r--p 00036000 103:01 24673694                  /usr/lib/x86_64-linux-gnu/ld-linux-x86-64.so.2
70d3fa076000-70d3fa078000 rw-p 00038000 103:01 24673694                  /usr/lib/x86_64-linux-gnu/ld-linux-x86-64.so.2
7fff3b5bb000-7fff3b5dd000 rw-p 00000000 00:00 0                          [stack]
ffffffffff600000-ffffffffff601000 --xp 00000000 00:00 0                  [vsyscall]
ASSERT values=1 maps_cxx=1 maps_gnu=1 maps_provider=1 sizeof_string=24 sizeof_vector=24
