REAL_CALLEE=/home/toolchain/development/libc++_replacement/progress/R105/artifacts/boost_x86_64_libcxx/boost-program-options-1.83.0-105.10.7.x86_64/usr/lib64/libboost_program_options.so.1.83.0
VALUE case=0 bytes=0 expected=0 exact=1 hex=
CALLER_OUTPUT_DESTROYED case=0
REAL_CALLEE=/home/toolchain/development/libc++_replacement/progress/R105/artifacts/boost_x86_64_libcxx/boost-program-options-1.83.0-105.10.7.x86_64/usr/lib64/libboost_program_options.so.1.83.0
VALUE case=1 bytes=9 expected=9 exact=1 hex=41534349492d313233
CALLER_OUTPUT_DESTROYED case=1
REAL_CALLEE=/home/toolchain/development/libc++_replacement/progress/R105/artifacts/boost_x86_64_libcxx/boost-program-options-1.83.0-105.10.7.x86_64/usr/lib64/libboost_program_options.so.1.83.0
VALUE case=2 bytes=11 expected=11 exact=1 hex=41e4b8ade69687f09f9982
CALLER_OUTPUT_DESTROYED case=2
REAL_CALLEE=/home/toolchain/development/libc++_replacement/progress/R105/artifacts/boost_x86_64_libcxx/boost-program-options-1.83.0-105.10.7.x86_64/usr/lib64/libboost_program_options.so.1.83.0
VALUE case=3 bytes=3 expected=3 exact=1 hex=610062
CALLER_OUTPUT_DESTROYED case=3
REAL_CALLEE=/home/toolchain/development/libc++_replacement/progress/R105/artifacts/boost_x86_64_libcxx/boost-program-options-1.83.0-105.10.7.x86_64/usr/lib64/libboost_program_options.so.1.83.0
VALUE case=4 bytes=257 expected=257 exact=1 hex=7878787878787878787878787878787878787878787878787878787878787878787878787878787878787878787878787878787878787878787878787878787878787878787878787878787878787878787878787878787878787878787878787878787878787878787878787878787878787878787878787878787878787878787878787878787878787878787878787878787878787878787878787878787878787878787878787878787878787878787878787878787878787878787878787878787878787878787878787878787878787878787878787878787878787878787878787878787878787878787878787878787878787878787878787878787878
CALLER_OUTPUT_DESTROYED case=4
PROVIDER_SCOPES_COMPLETED=5
5c2b0ba39000-5c2b0ba3b000 r--p 00000000 08:01 68884834                   /home/toolchain/development/libcxx_runtime_validation/tmp/API_0911/W2/gnu_to_cxx_shim
5c2b0ba3b000-5c2b0ba3d000 r-xp 00002000 08:01 68884834                   /home/toolchain/development/libcxx_runtime_validation/tmp/API_0911/W2/gnu_to_cxx_shim
5c2b0ba3d000-5c2b0ba3e000 r--p 00004000 08:01 68884834                   /home/toolchain/development/libcxx_runtime_validation/tmp/API_0911/W2/gnu_to_cxx_shim
5c2b0ba3e000-5c2b0ba3f000 r--p 00004000 08:01 68884834                   /home/toolchain/development/libcxx_runtime_validation/tmp/API_0911/W2/gnu_to_cxx_shim
5c2b0ba3f000-5c2b0ba40000 rw-p 00005000 08:01 68884834                   /home/toolchain/development/libcxx_runtime_validation/tmp/API_0911/W2/gnu_to_cxx_shim
5c2b28a4b000-5c2b28a6c000 rw-p 00000000 00:00 0                          [heap]
78ab9e600000-78ab9e628000 r--p 00000000 103:01 24673697                  /usr/lib/x86_64-linux-gnu/libc.so.6
78ab9e628000-78ab9e7b1000 r-xp 00028000 103:01 24673697                  /usr/lib/x86_64-linux-gnu/libc.so.6
78ab9e7b1000-78ab9e800000 r--p 001b1000 103:01 24673697                  /usr/lib/x86_64-linux-gnu/libc.so.6
78ab9e800000-78ab9e804000 r--p 001ff000 103:01 24673697                  /usr/lib/x86_64-linux-gnu/libc.so.6
78ab9e804000-78ab9e806000 rw-p 00203000 103:01 24673697                  /usr/lib/x86_64-linux-gnu/libc.so.6
78ab9e806000-78ab9e813000 rw-p 00000000 00:00 0 
78ab9e98d000-78ab9e98e000 r--p 00000000 103:01 24673709                  /usr/lib/x86_64-linux-gnu/libpthread.so.0
78ab9e98e000-78ab9e98f000 r-xp 00001000 103:01 24673709                  /usr/lib/x86_64-linux-gnu/libpthread.so.0
78ab9e98f000-78ab9e990000 r--p 00002000 103:01 24673709                  /usr/lib/x86_64-linux-gnu/libpthread.so.0
78ab9e990000-78ab9e991000 r--p 00002000 103:01 24673709                  /usr/lib/x86_64-linux-gnu/libpthread.so.0
78ab9e991000-78ab9e992000 rw-p 00003000 103:01 24673709                  /usr/lib/x86_64-linux-gnu/libpthread.so.0
78ab9e992000-78ab9e9a3000 r--p 00000000 08:01 29035311                   /home/toolchain/development/libc++_replacement/progress/R105/artifacts/boost_x86_64_libcxx/boost-program-options-1.83.0-105.10.7.x86_64/usr/lib64/libboost_program_options.so.1.83.0
78ab9e9a3000-78ab9e9c1000 r-xp 00011000 08:01 29035311                   /home/toolchain/development/libc++_replacement/progress/R105/artifacts/boost_x86_64_libcxx/boost-program-options-1.83.0-105.10.7.x86_64/usr/lib64/libboost_program_options.so.1.83.0
78ab9e9c1000-78ab9e9ce000 r--p 0002f000 08:01 29035311                   /home/toolchain/development/libc++_replacement/progress/R105/artifacts/boost_x86_64_libcxx/boost-program-options-1.83.0-105.10.7.x86_64/usr/lib64/libboost_program_options.so.1.83.0
78ab9e9ce000-78ab9e9d1000 r--p 0003b000 08:01 29035311                   /home/toolchain/development/libc++_replacement/progress/R105/artifacts/boost_x86_64_libcxx/boost-program-options-1.83.0-105.10.7.x86_64/usr/lib64/libboost_program_options.so.1.83.0
78ab9e9d1000-78ab9e9d2000 rw-p 0003e000 08:01 29035311                   /home/toolchain/development/libc++_replacement/progress/R105/artifacts/boost_x86_64_libcxx/boost-program-options-1.83.0-105.10.7.x86_64/usr/lib64/libboost_program_options.so.1.83.0
78ab9e9d2000-78ab9e9d6000 r--p 00000000 103:01 24643908                  /usr/lib/x86_64-linux-gnu/libgcc_s.so.1
78ab9e9d6000-78ab9e9fa000 r-xp 00004000 103:01 24643908                  /usr/lib/x86_64-linux-gnu/libgcc_s.so.1
78ab9e9fa000-78ab9e9fe000 r--p 00028000 103:01 24643908                  /usr/lib/x86_64-linux-gnu/libgcc_s.so.1
78ab9e9fe000-78ab9e9ff000 r--p 0002b000 103:01 24643908                  /usr/lib/x86_64-linux-gnu/libgcc_s.so.1
78ab9e9ff000-78ab9ea00000 rw-p 0002c000 103:01 24643908                  /usr/lib/x86_64-linux-gnu/libgcc_s.so.1
78ab9ea00000-78ab9ea9d000 r--p 00000000 103:01 24643909                  /usr/lib/x86_64-linux-gnu/libstdc++.so.6.0.33
78ab9ea9d000-78ab9ebe5000 r-xp 0009d000 103:01 24643909                  /usr/lib/x86_64-linux-gnu/libstdc++.so.6.0.33
78ab9ebe5000-78ab9ec6c000 r--p 001e5000 103:01 24643909                  /usr/lib/x86_64-linux-gnu/libstdc++.so.6.0.33
78ab9ec6c000-78ab9ec77000 r--p 0026b000 103:01 24643909                  /usr/lib/x86_64-linux-gnu/libstdc++.so.6.0.33
78ab9ec77000-78ab9ec7a000 rw-p 00276000 103:01 24643909                  /usr/lib/x86_64-linux-gnu/libstdc++.so.6.0.33
78ab9ec7a000-78ab9ec84000 rw-p 00000000 00:00 0 
78ab9ec84000-78ab9ec86000 r--p 00000000 103:01 24643894                  /usr/lib/x86_64-linux-gnu/libatomic.so.1.2.0
78ab9ec86000-78ab9ec8a000 r-xp 00002000 103:01 24643894                  /usr/lib/x86_64-linux-gnu/libatomic.so.1.2.0
78ab9ec8a000-78ab9ec8c000 r--p 00006000 103:01 24643894                  /usr/lib/x86_64-linux-gnu/libatomic.so.1.2.0
78ab9ec8c000-78ab9ec8d000 r--p 00007000 103:01 24643894                  /usr/lib/x86_64-linux-gnu/libatomic.so.1.2.0
78ab9ec8d000-78ab9ec8e000 rw-p 00008000 103:01 24643894                  /usr/lib/x86_64-linux-gnu/libatomic.so.1.2.0
78ab9ec8e000-78ab9ec8f000 rw-p 00000000 00:00 0 
78ab9ec8f000-78ab9ec9f000 r--p 00000000 103:01 24673700                  /usr/lib/x86_64-linux-gnu/libm.so.6
78ab9ec9f000-78ab9ed1e000 r-xp 00010000 103:01 24673700                  /usr/lib/x86_64-linux-gnu/libm.so.6
78ab9ed1e000-78ab9ed76000 r--p 0008f000 103:01 24673700                  /usr/lib/x86_64-linux-gnu/libm.so.6
78ab9ed76000-78ab9ed77000 r--p 000e7000 103:01 24673700                  /usr/lib/x86_64-linux-gnu/libm.so.6
78ab9ed77000-78ab9ed78000 rw-p 000e8000 103:01 24673700                  /usr/lib/x86_64-linux-gnu/libm.so.6
78ab9ed78000-78ab9ed7a000 rw-p 00000000 00:00 0 
78ab9ed8b000-78ab9ed9c000 r--p 00000000 08:01 72160044                   /home/toolchain/development/libcxx_runtime_validation/tmp/IMPL_0908/build-native/lib/libc++abi.so.1.0
78ab9ed9c000-78ab9edb9000 r-xp 00011000 08:01 72160044                   /home/toolchain/development/libcxx_runtime_validation/tmp/IMPL_0908/build-native/lib/libc++abi.so.1.0
78ab9edb9000-78ab9edc3000 r--p 0002e000 08:01 72160044                   /home/toolchain/development/libcxx_runtime_validation/tmp/IMPL_0908/build-native/lib/libc++abi.so.1.0
78ab9edc3000-78ab9edc8000 r--p 00038000 08:01 72160044                   /home/toolchain/development/libcxx_runtime_validation/tmp/IMPL_0908/build-native/lib/libc++abi.so.1.0
78ab9edc8000-78ab9edc9000 rw-p 0003d000 08:01 72160044                   /home/toolchain/development/libcxx_runtime_validation/tmp/IMPL_0908/build-native/lib/libc++abi.so.1.0
78ab9edc9000-78ab9ee05000 r--p 00000000 08:01 72160099                   /home/toolchain/development/libcxx_runtime_validation/tmp/IMPL_0908/build-native/lib/libc++.so.1.0
78ab9ee05000-78ab9ee7f000 r-xp 0003c000 08:01 72160099                   /home/toolchain/development/libcxx_runtime_validation/tmp/IMPL_0908/build-native/lib/libc++.so.1.0
78ab9ee7f000-78ab9eec2000 r--p 000b6000 08:01 72160099                   /home/toolchain/development/libcxx_runtime_validation/tmp/IMPL_0908/build-native/lib/libc++.so.1.0
78ab9eec2000-78ab9eec9000 r--p 000f8000 08:01 72160099                   /home/toolchain/development/libcxx_runtime_validation/tmp/IMPL_0908/build-native/lib/libc++.so.1.0
78ab9eec9000-78ab9eeca000 rw-p 000ff000 08:01 72160099                   /home/toolchain/development/libcxx_runtime_validation/tmp/IMPL_0908/build-native/lib/libc++.so.1.0
78ab9eeca000-78ab9eed5000 rw-p 00000000 00:00 0 
78ab9eed5000-78ab9eed6000 r--p 00000000 08:01 68884833                   /home/toolchain/development/libcxx_runtime_validation/tmp/API_0911/W2/libgnu_to_cxx.so
78ab9eed6000-78ab9eed7000 r-xp 00001000 08:01 68884833                   /home/toolchain/development/libcxx_runtime_validation/tmp/API_0911/W2/libgnu_to_cxx.so
78ab9eed7000-78ab9eed8000 r--p 00002000 08:01 68884833                   /home/toolchain/development/libcxx_runtime_validation/tmp/API_0911/W2/libgnu_to_cxx.so
78ab9eed8000-78ab9eed9000 r--p 00002000 08:01 68884833                   /home/toolchain/development/libcxx_runtime_validation/tmp/API_0911/W2/libgnu_to_cxx.so
78ab9eed9000-78ab9eeda000 rw-p 00003000 08:01 68884833                   /home/toolchain/development/libcxx_runtime_validation/tmp/API_0911/W2/libgnu_to_cxx.so
78ab9eeda000-78ab9eedc000 rw-p 00000000 00:00 0 
78ab9eedc000-78ab9eee0000 r--p 00000000 00:00 0                          [vvar]
78ab9eee0000-78ab9eee2000 r--p 00000000 00:00 0                          [vvar_vclock]
78ab9eee2000-78ab9eee4000 r-xp 00000000 00:00 0                          [vdso]
78ab9eee4000-78ab9eee5000 r--p 00000000 103:01 24673694                  /usr/lib/x86_64-linux-gnu/ld-linux-x86-64.so.2
78ab9eee5000-78ab9ef10000 r-xp 00001000 103:01 24673694                  /usr/lib/x86_64-linux-gnu/ld-linux-x86-64.so.2
78ab9ef10000-78ab9ef1a000 r--p 0002c000 103:01 24673694                  /usr/lib/x86_64-linux-gnu/ld-linux-x86-64.so.2
78ab9ef1a000-78ab9ef1c000 r--p 00036000 103:01 24673694                  /usr/lib/x86_64-linux-gnu/ld-linux-x86-64.so.2
78ab9ef1c000-78ab9ef1e000 rw-p 00038000 103:01 24673694                  /usr/lib/x86_64-linux-gnu/ld-linux-x86-64.so.2
7ffebe383000-7ffebe3a5000 rw-p 00000000 00:00 0                          [stack]
ffffffffff600000-ffffffffff601000 --xp 00000000 00:00 0                  [vsyscall]
ASSERT values=1 maps_cxx=1 maps_gnu=1 maps_provider=1 sizeof_string=32 sizeof_vector=24
