
Dynamic section at offset 0x51ae0 contains 28 entries:
  Tag        Type                         Name/Value
 0x0000000000000001 (NEEDED)             Shared library: [libstdc++.so.6]
 0x0000000000000001 (NEEDED)             Shared library: [libgcc_s.so.1]
 0x0000000000000001 (NEEDED)             Shared library: [libc.so.6]
 0x000000000000000e (SONAME)             Library soname: [libboost_program_options.so.1.83.0]
 0x000000000000000c (INIT)               0x11000
 0x000000000000000d (FINI)               0x43680
 0x0000000000000019 (INIT_ARRAY)         0x50fd0
 0x000000000000001b (INIT_ARRAYSZ)       24 (bytes)
 0x000000000000001a (FINI_ARRAY)         0x50fe8
 0x000000000000001c (FINI_ARRAYSZ)       8 (bytes)
 0x0000000000000004 (HASH)               0x300
 0x000000006ffffef5 (GNU_HASH)           0xe10
 0x0000000000000005 (STRTAB)             0x4180
 0x0000000000000006 (SYMTAB)             0x1810
 0x000000000000000a (STRSZ)              28549 (bytes)
 0x000000000000000b (SYMENT)             24 (bytes)
 0x0000000000000003 (PLTGOT)             0x52fe8
 0x0000000000000002 (PLTRELSZ)           3960 (bytes)
 0x0000000000000014 (PLTREL)             RELA
 0x0000000000000017 (JMPREL)             0x10050
 0x0000000000000007 (RELA)               0xb580
 0x0000000000000008 (RELASZ)             19152 (bytes)
 0x0000000000000009 (RELAENT)            24 (bytes)
 0x000000006ffffffe (VERNEED)            0xb480
 0x000000006fffffff (VERNEEDNUM)         3
 0x000000006ffffff0 (VERSYM)             0xb106
 0x000000006ffffff9 (RELACOUNT)          322
 0x0000000000000000 (NULL)               0x0
