/home/toolchain/development/libcxx_runtime_validation/docs/progress/R118/raw/vector_upload_cxx23_append_range_extension_cxx: exit=0
/home/toolchain/development/libcxx_runtime_validation/docs/progress/R118/raw/vector_board_hashes_attempt4: exit=0
/home/toolchain/development/libcxx_runtime_validation/docs/progress/R118/raw/vector_board_chmod_attempt4: exit=0
/home/toolchain/development/libcxx_runtime_validation/docs/progress/R118/raw/vector_armv7l_cxx23_append_range_extension_cxx_run1: exit=0
/home/toolchain/development/libcxx_runtime_validation/docs/progress/R118/raw/vector_armv7l_cxx23_append_range_extension_cxx_run2: exit=0
/home/toolchain/development/libcxx_runtime_validation/docs/progress/R118/raw/vector_armv7l_cxx23_append_range_extension_cxx_run3: exit=0
/home/toolchain/development/libcxx_runtime_validation/docs/progress/R118/raw/vector_armv7l_cxx23_append_range_extension_cxx_run4: exit=0
/home/toolchain/development/libcxx_runtime_validation/docs/progress/R118/raw/vector_armv7l_cxx23_append_range_extension_cxx_run5: exit=0
/home/toolchain/development/libcxx_runtime_validation/docs/progress/R118/raw/vector_cleanup_attempt4: exit=0
/home/toolchain/development/libcxx_runtime_validation/docs/progress/R118/code/string/cxx23_from_range_extension.cpp:3:68: error: no matching constructor for initialization of 'std::string' (aka 'basic_string<char>')
    3 | int main(){identity();std::array<char,3>a{'a','b','c'};std::string s(std::from_range,a);bytes("range",s);assert(s=="abc");}
      |                                                                    ^ ~~~~~~~~~~~~~~~~~
/home/toolchain/development/libcxx_runtime_validation/tmp/API_0911/W1_CONT/gnu14_sdk/usr/lib64/gcc/x86_64-tizen-linux-gnu/14.2.0/include/c++/bits/basic_string.h:181:7: note: candidate constructor not viable: no known conversion from 'const from_range_t' to '__sv_wrapper' for 1st argument
  181 |       basic_string(__sv_wrapper __svw, const _Alloc& __a)
      |       ^            ~~~~~~~~~~~~~~~~~~
/home/toolchain/development/libcxx_runtime_validation/tmp/API_0911/W1_CONT/gnu14_sdk/usr/lib64/gcc/x86_64-tizen-linux-gnu/14.2.0/include/c++/bits/basic_string.h:569:7: note: candidate constructor not viable: no known conversion from 'const from_range_t' to 'const basic_string<char>' for 1st argument
  569 |       basic_string(const basic_string& __str, size_type __pos,
      |       ^            ~~~~~~~~~~~~~~~~~~~~~~~~~
/home/toolchain/development/libcxx_runtime_validation/tmp/API_0911/W1_CONT/gnu14_sdk/usr/lib64/gcc/x86_64-tizen-linux-gnu/14.2.0/include/c++/bits/basic_string.h:624:7: note: candidate constructor not viable: no known conversion from 'const from_range_t' to 'const char *' for 1st argument
/home/toolchain/development/libcxx_runtime_validation/docs/progress/R118/code/vector/cxx23_append_range_extension.cpp:4:70: error: no member named 'append_range' in 'std::vector<int>'
    4 | int main(){identity();std::array<int,2>a{5,9};std::vector<int>v{2};v.append_range(a);printf("size=%zu values=%d,%d,%d\n",v.size(),v[0],v[1],v[2]);assert(v==std::vector<int>({2,5,9}));}
      |                                                                    ~ ^
1 error generated.
