LIB=libc++ VERSION=220108 ABI=1
CPLUSPLUS=201703 POINTER_BYTES=4
MAP b6c4c000-b6de0000 r-xp 00000000 b3:05 19642      /opt/usr/home/owner/share/tmp/r118/libstdc++.so.6
MAP b6de0000-b6de5000 r--p 00194000 b3:05 19642      /opt/usr/home/owner/share/tmp/r118/libstdc++.so.6
MAP b6de5000-b6de7000 rw-p 00199000 b3:05 19642      /opt/usr/home/owner/share/tmp/r118/libstdc++.so.6
MAP b6dea000-b6e0a000 r-xp 00000000 b3:05 19641      /opt/usr/home/owner/share/tmp/r118/libc++abi.so.1
MAP b6e0a000-b6e0d000 r--p 00020000 b3:05 19641      /opt/usr/home/owner/share/tmp/r118/libc++abi.so.1
MAP b6e0d000-b6e0e000 rw-p 00023000 b3:05 19641      /opt/usr/home/owner/share/tmp/r118/libc++abi.so.1
MAP b6e0e000-b6ebe000 r-xp 00000000 b3:05 19639      /opt/usr/home/owner/share/tmp/r118/libc++.so.1
MAP b6ebe000-b6ec2000 r--p 000b0000 b3:05 19639      /opt/usr/home/owner/share/tmp/r118/libc++.so.1
MAP b6ec2000-b6ec3000 rw-p 000b4000 b3:05 19639      /opt/usr/home/owner/share/tmp/r118/libc++.so.1
PROVIDER_MAP b6ecc000-b6ef2000 r-xp 00000000 b3:05 19646      /opt/usr/home/owner/share/tmp/r118/libboost_program_options.so.1.83.0
PROVIDER_MAP b6ef2000-b6ef3000 r--p 00026000 b3:05 19646      /opt/usr/home/owner/share/tmp/r118/libboost_program_options.so.1.83.0
PROVIDER_MAP b6ef3000-b6ef4000 rw-p 00027000 b3:05 19646      /opt/usr/home/owner/share/tmp/r118/libboost_program_options.so.1.83.0
size=3
element size=5 hex=616c706861
element size=9 hex=74776f20776f726473
element size=5 hex=6f6d656761
consumer_destroy_completed=1

R118_TARGET_EXIT=0
