LIB=libc++ VERSION=220108 ABI=1
CPLUSPLUS=201703 POINTER_BYTES=8
MAP 7ce0f6de2000-7ce0f6de3000 r--p 00000000 08:01 23608461                   /home/toolchain/development/libc++_replacement/tmp/R11/extracted/bb/bb95acf2989fecd8ed536d259eb6ce43109882f58a219adcd440fd826537dda7/lib64/libpthread.so.0
MAP 7ce0f6de3000-7ce0f6de4000 r-xp 00001000 08:01 23608461                   /home/toolchain/development/libc++_replacement/tmp/R11/extracted/bb/bb95acf2989fecd8ed536d259eb6ce43109882f58a219adcd440fd826537dda7/lib64/libpthread.so.0
MAP 7ce0f6de4000-7ce0f6de5000 r--p 00002000 08:01 23608461                   /home/toolchain/development/libc++_replacement/tmp/R11/extracted/bb/bb95acf2989fecd8ed536d259eb6ce43109882f58a219adcd440fd826537dda7/lib64/libpthread.so.0
MAP 7ce0f6de5000-7ce0f6de6000 r--p 00002000 08:01 23608461                   /home/toolchain/development/libc++_replacement/tmp/R11/extracted/bb/bb95acf2989fecd8ed536d259eb6ce43109882f58a219adcd440fd826537dda7/lib64/libpthread.so.0
MAP 7ce0f6de6000-7ce0f6de7000 rw-p 00003000 08:01 23608461                   /home/toolchain/development/libc++_replacement/tmp/R11/extracted/bb/bb95acf2989fecd8ed536d259eb6ce43109882f58a219adcd440fd826537dda7/lib64/libpthread.so.0
MAP 7ce0f6df8000-7ce0f6e20000 r--p 00000000 08:01 23608330                   /home/toolchain/development/libc++_replacement/tmp/R11/extracted/bb/bb95acf2989fecd8ed536d259eb6ce43109882f58a219adcd440fd826537dda7/lib64/libc.so.6
MAP 7ce0f6e20000-7ce0f6f70000 r-xp 00028000 08:01 23608330                   /home/toolchain/development/libc++_replacement/tmp/R11/extracted/bb/bb95acf2989fecd8ed536d259eb6ce43109882f58a219adcd440fd826537dda7/lib64/libc.so.6
MAP 7ce0f6f70000-7ce0f6fc6000 r--p 00178000 08:01 23608330                   /home/toolchain/development/libc++_replacement/tmp/R11/extracted/bb/bb95acf2989fecd8ed536d259eb6ce43109882f58a219adcd440fd826537dda7/lib64/libc.so.6
MAP 7ce0f6fc6000-7ce0f6fca000 r--p 001ce000 08:01 23608330                   /home/toolchain/development/libc++_replacement/tmp/R11/extracted/bb/bb95acf2989fecd8ed536d259eb6ce43109882f58a219adcd440fd826537dda7/lib64/libc.so.6
MAP 7ce0f6fca000-7ce0f6fcc000 rw-p 001d2000 08:01 23608330                   /home/toolchain/development/libc++_replacement/tmp/R11/extracted/bb/bb95acf2989fecd8ed536d259eb6ce43109882f58a219adcd440fd826537dda7/lib64/libc.so.6
MAP 7ce0f6fd4000-7ce0f6fd8000 r--p 00000000 08:01 23621385                   /home/toolchain/development/libc++_replacement/tmp/R11/extracted/fe/fe622fb74e245c939c61ea5cca98dcbfc342fa7e12b1de0d8602be19ed35c441/usr/lib64/libgcc_s.so.1
MAP 7ce0f6fd8000-7ce0f6ffb000 r-xp 00004000 08:01 23621385                   /home/toolchain/development/libc++_replacement/tmp/R11/extracted/fe/fe622fb74e245c939c61ea5cca98dcbfc342fa7e12b1de0d8602be19ed35c441/usr/lib64/libgcc_s.so.1
MAP 7ce0f6ffb000-7ce0f6fff000 r--p 00027000 08:01 23621385                   /home/toolchain/development/libc++_replacement/tmp/R11/extracted/fe/fe622fb74e245c939c61ea5cca98dcbfc342fa7e12b1de0d8602be19ed35c441/usr/lib64/libgcc_s.so.1
MAP 7ce0f6fff000-7ce0f7000000 rw-p 0002b000 08:01 23621385                   /home/toolchain/development/libc++_replacement/tmp/R11/extracted/fe/fe622fb74e245c939c61ea5cca98dcbfc342fa7e12b1de0d8602be19ed35c441/usr/lib64/libgcc_s.so.1
MAP 7ce0f7000000-7ce0f70a5000 r--p 00000000 08:01 23622988                   /home/toolchain/development/libc++_replacement/tmp/R11/extracted/b8/b8155206a459a575f0f701c66a553cd2029728963fa3938768131e9028e4ee6b/usr/lib64/libstdc++.so.6.0.33
MAP 7ce0f70a5000-7ce0f71cd000 r-xp 000a5000 08:01 23622988                   /home/toolchain/development/libc++_replacement/tmp/R11/extracted/b8/b8155206a459a575f0f701c66a553cd2029728963fa3938768131e9028e4ee6b/usr/lib64/libstdc++.so.6.0.33
MAP 7ce0f71cd000-7ce0f7254000 r--p 001cd000 08:01 23622988                   /home/toolchain/development/libc++_replacement/tmp/R11/extracted/b8/b8155206a459a575f0f701c66a553cd2029728963fa3938768131e9028e4ee6b/usr/lib64/libstdc++.so.6.0.33
MAP 7ce0f7254000-7ce0f725f000 r--p 00254000 08:01 23622988                   /home/toolchain/development/libc++_replacement/tmp/R11/extracted/b8/b8155206a459a575f0f701c66a553cd2029728963fa3938768131e9028e4ee6b/usr/lib64/libstdc++.so.6.0.33
MAP 7ce0f725f000-7ce0f7262000 rw-p 0025f000 08:01 23622988                   /home/toolchain/development/libc++_replacement/tmp/R11/extracted/b8/b8155206a459a575f0f701c66a553cd2029728963fa3938768131e9028e4ee6b/usr/lib64/libstdc++.so.6.0.33
MAP 7ce0f7274000-7ce0f7284000 r--p 00000000 08:01 23608339                   /home/toolchain/development/libc++_replacement/tmp/R11/extracted/bb/bb95acf2989fecd8ed536d259eb6ce43109882f58a219adcd440fd826537dda7/lib64/libm.so.6
MAP 7ce0f7284000-7ce0f72fa000 r-xp 00010000 08:01 23608339                   /home/toolchain/development/libc++_replacement/tmp/R11/extracted/bb/bb95acf2989fecd8ed536d259eb6ce43109882f58a219adcd440fd826537dda7/lib64/libm.so.6
MAP 7ce0f72fa000-7ce0f7355000 r--p 00086000 08:01 23608339                   /home/toolchain/development/libc++_replacement/tmp/R11/extracted/bb/bb95acf2989fecd8ed536d259eb6ce43109882f58a219adcd440fd826537dda7/lib64/libm.so.6
MAP 7ce0f7355000-7ce0f7356000 r--p 000e0000 08:01 23608339                   /home/toolchain/development/libc++_replacement/tmp/R11/extracted/bb/bb95acf2989fecd8ed536d259eb6ce43109882f58a219adcd440fd826537dda7/lib64/libm.so.6
MAP 7ce0f7356000-7ce0f7357000 rw-p 000e1000 08:01 23608339                   /home/toolchain/development/libc++_replacement/tmp/R11/extracted/bb/bb95acf2989fecd8ed536d259eb6ce43109882f58a219adcd440fd826537dda7/lib64/libm.so.6
MAP 7ce0f7357000-7ce0f7358000 r--p 00000000 08:01 23608338                   /home/toolchain/development/libc++_replacement/tmp/R11/extracted/bb/bb95acf2989fecd8ed536d259eb6ce43109882f58a219adcd440fd826537dda7/lib64/libdl.so.2
MAP 7ce0f7358000-7ce0f7359000 r-xp 00001000 08:01 23608338                   /home/toolchain/development/libc++_replacement/tmp/R11/extracted/bb/bb95acf2989fecd8ed536d259eb6ce43109882f58a219adcd440fd826537dda7/lib64/libdl.so.2
MAP 7ce0f7359000-7ce0f735a000 r--p 00002000 08:01 23608338                   /home/toolchain/development/libc++_replacement/tmp/R11/extracted/bb/bb95acf2989fecd8ed536d259eb6ce43109882f58a219adcd440fd826537dda7/lib64/libdl.so.2
MAP 7ce0f735a000-7ce0f735b000 r--p 00002000 08:01 23608338                   /home/toolchain/development/libc++_replacement/tmp/R11/extracted/bb/bb95acf2989fecd8ed536d259eb6ce43109882f58a219adcd440fd826537dda7/lib64/libdl.so.2
MAP 7ce0f735b000-7ce0f735c000 rw-p 00003000 08:01 23608338                   /home/toolchain/development/libc++_replacement/tmp/R11/extracted/bb/bb95acf2989fecd8ed536d259eb6ce43109882f58a219adcd440fd826537dda7/lib64/libdl.so.2
MAP 7ce0f735e000-7ce0f736f000 r--p 00000000 08:01 72160044                   /home/toolchain/development/libcxx_runtime_validation/tmp/IMPL_0908/build-native/lib/libc++abi.so.1.0
MAP 7ce0f736f000-7ce0f738c000 r-xp 00011000 08:01 72160044                   /home/toolchain/development/libcxx_runtime_validation/tmp/IMPL_0908/build-native/lib/libc++abi.so.1.0
MAP 7ce0f738c000-7ce0f7396000 r--p 0002e000 08:01 72160044                   /home/toolchain/development/libcxx_runtime_validation/tmp/IMPL_0908/build-native/lib/libc++abi.so.1.0
MAP 7ce0f7396000-7ce0f739b000 r--p 00038000 08:01 72160044                   /home/toolchain/development/libcxx_runtime_validation/tmp/IMPL_0908/build-native/lib/libc++abi.so.1.0
MAP 7ce0f739b000-7ce0f739c000 rw-p 0003d000 08:01 72160044                   /home/toolchain/development/libcxx_runtime_validation/tmp/IMPL_0908/build-native/lib/libc++abi.so.1.0
MAP 7ce0f739c000-7ce0f73d8000 r--p 00000000 08:01 72160099                   /home/toolchain/development/libcxx_runtime_validation/tmp/IMPL_0908/build-native/lib/libc++.so.1.0
MAP 7ce0f73d8000-7ce0f7452000 r-xp 0003c000 08:01 72160099                   /home/toolchain/development/libcxx_runtime_validation/tmp/IMPL_0908/build-native/lib/libc++.so.1.0
MAP 7ce0f7452000-7ce0f7495000 r--p 000b6000 08:01 72160099                   /home/toolchain/development/libcxx_runtime_validation/tmp/IMPL_0908/build-native/lib/libc++.so.1.0
MAP 7ce0f7495000-7ce0f749c000 r--p 000f8000 08:01 72160099                   /home/toolchain/development/libcxx_runtime_validation/tmp/IMPL_0908/build-native/lib/libc++.so.1.0
MAP 7ce0f749c000-7ce0f749d000 rw-p 000ff000 08:01 72160099                   /home/toolchain/development/libcxx_runtime_validation/tmp/IMPL_0908/build-native/lib/libc++.so.1.0
MAP 7ce0f74a8000-7ce0f74b9000 r--p 00000000 08:01 29035311                   /home/toolchain/development/libc++_replacement/progress/R105/artifacts/boost_x86_64_libcxx/boost-program-options-1.83.0-105.10.7.x86_64/usr/lib64/libboost_program_options.so.1.83.0
MAP 7ce0f74b9000-7ce0f74d7000 r-xp 00011000 08:01 29035311                   /home/toolchain/development/libc++_replacement/progress/R105/artifacts/boost_x86_64_libcxx/boost-program-options-1.83.0-105.10.7.x86_64/usr/lib64/libboost_program_options.so.1.83.0
MAP 7ce0f74d7000-7ce0f74e4000 r--p 0002f000 08:01 29035311                   /home/toolchain/development/libc++_replacement/progress/R105/artifacts/boost_x86_64_libcxx/boost-program-options-1.83.0-105.10.7.x86_64/usr/lib64/libboost_program_options.so.1.83.0
MAP 7ce0f74e4000-7ce0f74e7000 r--p 0003b000 08:01 29035311                   /home/toolchain/development/libc++_replacement/progress/R105/artifacts/boost_x86_64_libcxx/boost-program-options-1.83.0-105.10.7.x86_64/usr/lib64/libboost_program_options.so.1.83.0
MAP 7ce0f74e7000-7ce0f74e8000 rw-p 0003e000 08:01 29035311                   /home/toolchain/development/libc++_replacement/progress/R105/artifacts/boost_x86_64_libcxx/boost-program-options-1.83.0-105.10.7.x86_64/usr/lib64/libboost_program_options.so.1.83.0
MAP 7ce0f74f6000-7ce0f74f7000 r--p 00000000 08:01 23608327                   /home/toolchain/development/libc++_replacement/tmp/R11/extracted/bb/bb95acf2989fecd8ed536d259eb6ce43109882f58a219adcd440fd826537dda7/lib64/ld-linux-x86-64.so.2
MAP 7ce0f74f7000-7ce0f7524000 r-xp 00001000 08:01 23608327                   /home/toolchain/development/libc++_replacement/tmp/R11/extracted/bb/bb95acf2989fecd8ed536d259eb6ce43109882f58a219adcd440fd826537dda7/lib64/ld-linux-x86-64.so.2
MAP 7ce0f7524000-7ce0f7530000 r--p 0002e000 08:01 23608327                   /home/toolchain/development/libc++_replacement/tmp/R11/extracted/bb/bb95acf2989fecd8ed536d259eb6ce43109882f58a219adcd440fd826537dda7/lib64/ld-linux-x86-64.so.2
MAP 7ce0f7530000-7ce0f7532000 r--p 0003a000 08:01 23608327                   /home/toolchain/development/libc++_replacement/tmp/R11/extracted/bb/bb95acf2989fecd8ed536d259eb6ce43109882f58a219adcd440fd826537dda7/lib64/ld-linux-x86-64.so.2
MAP 7ce0f7532000-7ce0f7534000 rw-p 0003c000 08:01 23608327                   /home/toolchain/development/libc++_replacement/tmp/R11/extracted/bb/bb95acf2989fecd8ed536d259eb6ce43109882f58a219adcd440fd826537dda7/lib64/ld-linux-x86-64.so.2
PROVIDER_MAP 7ce0f74a8000-7ce0f74b9000 r--p 00000000 08:01 29035311                   /home/toolchain/development/libc++_replacement/progress/R105/artifacts/boost_x86_64_libcxx/boost-program-options-1.83.0-105.10.7.x86_64/usr/lib64/libboost_program_options.so.1.83.0
PROVIDER_MAP 7ce0f74b9000-7ce0f74d7000 r-xp 00011000 08:01 29035311                   /home/toolchain/development/libc++_replacement/progress/R105/artifacts/boost_x86_64_libcxx/boost-program-options-1.83.0-105.10.7.x86_64/usr/lib64/libboost_program_options.so.1.83.0
PROVIDER_MAP 7ce0f74d7000-7ce0f74e4000 r--p 0002f000 08:01 29035311                   /home/toolchain/development/libc++_replacement/progress/R105/artifacts/boost_x86_64_libcxx/boost-program-options-1.83.0-105.10.7.x86_64/usr/lib64/libboost_program_options.so.1.83.0
PROVIDER_MAP 7ce0f74e4000-7ce0f74e7000 r--p 0003b000 08:01 29035311                   /home/toolchain/development/libc++_replacement/progress/R105/artifacts/boost_x86_64_libcxx/boost-program-options-1.83.0-105.10.7.x86_64/usr/lib64/libboost_program_options.so.1.83.0
PROVIDER_MAP 7ce0f74e7000-7ce0f74e8000 rw-p 0003e000 08:01 29035311                   /home/toolchain/development/libc++_replacement/progress/R105/artifacts/boost_x86_64_libcxx/boost-program-options-1.83.0-105.10.7.x86_64/usr/lib64/libboost_program_options.so.1.83.0
input size=4 hex=61006263
return size=4 hex=61006263
consumer_destroy_completed=1
