LIB=libstdc++ VERSION=14 DATE=20240801 CXX11_ABI=1
CPLUSPLUS=201703 POINTER_BYTES=4
MAP b6de0000-b6f74000 r-xp 00000000 b3:05 19580      /opt/usr/home/owner/share/tmp/r118/libstdc++.so.6
MAP b6f74000-b6f79000 r--p 00194000 b3:05 19580      /opt/usr/home/owner/share/tmp/r118/libstdc++.so.6
MAP b6f79000-b6f7b000 rw-p 00199000 b3:05 19580      /opt/usr/home/owner/share/tmp/r118/libstdc++.so.6
sizeof=24 alignof=4
n=0 capacity=15 allocations=0 inline=1 data_offset=8
n=1 capacity=15 allocations=0 inline=1 data_offset=8
n=2 capacity=15 allocations=0 inline=1 data_offset=8
n=3 capacity=15 allocations=0 inline=1 data_offset=8
n=4 capacity=15 allocations=0 inline=1 data_offset=8
n=5 capacity=15 allocations=0 inline=1 data_offset=8
n=6 capacity=15 allocations=0 inline=1 data_offset=8
n=7 capacity=15 allocations=0 inline=1 data_offset=8
n=8 capacity=15 allocations=0 inline=1 data_offset=8
n=9 capacity=15 allocations=0 inline=1 data_offset=8
n=10 capacity=15 allocations=0 inline=1 data_offset=8
n=11 capacity=15 allocations=0 inline=1 data_offset=8
n=12 capacity=15 allocations=0 inline=1 data_offset=8
n=13 capacity=15 allocations=0 inline=1 data_offset=8
n=14 capacity=15 allocations=0 inline=1 data_offset=8
n=15 capacity=15 allocations=0 inline=1 data_offset=8
n=16 capacity=16 allocations=1 inline=0 data_offset=-1
n=17 capacity=17 allocations=1 inline=0 data_offset=-1
n=18 capacity=18 allocations=1 inline=0 data_offset=-1
n=19 capacity=19 allocations=1 inline=0 data_offset=-1
n=20 capacity=20 allocations=1 inline=0 data_offset=-1
n=21 capacity=21 allocations=1 inline=0 data_offset=-1
n=22 capacity=22 allocations=1 inline=0 data_offset=-1
n=23 capacity=23 allocations=1 inline=0 data_offset=-1
n=24 capacity=24 allocations=1 inline=0 data_offset=-1
n=25 capacity=25 allocations=1 inline=0 data_offset=-1
n=26 capacity=26 allocations=1 inline=0 data_offset=-1
n=27 capacity=27 allocations=1 inline=0 data_offset=-1
n=28 capacity=28 allocations=1 inline=0 data_offset=-1
n=29 capacity=29 allocations=1 inline=0 data_offset=-1
n=30 capacity=30 allocations=1 inline=0 data_offset=-1
n=31 capacity=31 allocations=1 inline=0 data_offset=-1
n=32 capacity=32 allocations=1 inline=0 data_offset=-1
n=33 capacity=33 allocations=1 inline=0 data_offset=-1
n=34 capacity=34 allocations=1 inline=0 data_offset=-1
n=35 capacity=35 allocations=1 inline=0 data_offset=-1
n=36 capacity=36 allocations=1 inline=0 data_offset=-1
n=37 capacity=37 allocations=1 inline=0 data_offset=-1
n=38 capacity=38 allocations=1 inline=0 data_offset=-1
n=39 capacity=39 allocations=1 inline=0 data_offset=-1
n=40 capacity=40 allocations=1 inline=0 data_offset=-1

R118_TARGET_EXIT=0
