LIB=libc++ VERSION=220108 ABI=1
CPLUSPLUS=201703 POINTER_BYTES=4
MAP b6ee1000-b6f01000 r-xp 00000000 b3:05 19579      /opt/usr/home/owner/share/tmp/r118/libc++abi.so.1
MAP b6f01000-b6f04000 r--p 00020000 b3:05 19579      /opt/usr/home/owner/share/tmp/r118/libc++abi.so.1
MAP b6f04000-b6f05000 rw-p 00023000 b3:05 19579      /opt/usr/home/owner/share/tmp/r118/libc++abi.so.1
MAP b6f05000-b6fb5000 r-xp 00000000 b3:05 19577      /opt/usr/home/owner/share/tmp/r118/libc++.so.1
MAP b6fb5000-b6fb9000 r--p 000b0000 b3:05 19577      /opt/usr/home/owner/share/tmp/r118/libc++.so.1
MAP b6fb9000-b6fba000 rw-p 000b4000 b3:05 19577      /opt/usr/home/owner/share/tmp/r118/libc++.so.1
push size=0 capacity=10
push size=11 capacity=23
push size=24 capacity=47
push size=48 capacity=95
push size=96 capacity=191
push size=192 capacity=383
reserve request=0 size=3 capacity=10
reserve request=1 size=3 capacity=10
reserve request=15 size=3 capacity=15
reserve request=16 size=3 capacity=23
reserve request=22 size=3 capacity=23
reserve request=23 size=3 capacity=23
reserve request=30 size=3 capacity=31
reserve request=31 size=3 capacity=31
reserve request=32 size=3 capacity=39
reserve request=63 size=3 capacity=63
reserve request=64 size=3 capacity=71
reserve request=100 size=3 capacity=103
reserve request=129 size=3 capacity=135
shrink before=207 after=10

R118_TARGET_EXIT=0
