LIB=libc++ VERSION=220108 ABI=1
CPLUSPLUS=201703 POINTER_BYTES=8
MAP 788754b8f000-788754bb7000 r--p 00000000 08:01 23608330                   /home/toolchain/development/libc++_replacement/tmp/R11/extracted/bb/bb95acf2989fecd8ed536d259eb6ce43109882f58a219adcd440fd826537dda7/lib64/libc.so.6
MAP 788754bb7000-788754d07000 r-xp 00028000 08:01 23608330                   /home/toolchain/development/libc++_replacement/tmp/R11/extracted/bb/bb95acf2989fecd8ed536d259eb6ce43109882f58a219adcd440fd826537dda7/lib64/libc.so.6
MAP 788754d07000-788754d5d000 r--p 00178000 08:01 23608330                   /home/toolchain/development/libc++_replacement/tmp/R11/extracted/bb/bb95acf2989fecd8ed536d259eb6ce43109882f58a219adcd440fd826537dda7/lib64/libc.so.6
MAP 788754d5d000-788754d61000 r--p 001ce000 08:01 23608330                   /home/toolchain/development/libc++_replacement/tmp/R11/extracted/bb/bb95acf2989fecd8ed536d259eb6ce43109882f58a219adcd440fd826537dda7/lib64/libc.so.6
MAP 788754d61000-788754d63000 rw-p 001d2000 08:01 23608330                   /home/toolchain/development/libc++_replacement/tmp/R11/extracted/bb/bb95acf2989fecd8ed536d259eb6ce43109882f58a219adcd440fd826537dda7/lib64/libc.so.6
MAP 788754d6b000-788754d6c000 r--p 00000000 08:01 23608461                   /home/toolchain/development/libc++_replacement/tmp/R11/extracted/bb/bb95acf2989fecd8ed536d259eb6ce43109882f58a219adcd440fd826537dda7/lib64/libpthread.so.0
MAP 788754d6c000-788754d6d000 r-xp 00001000 08:01 23608461                   /home/toolchain/development/libc++_replacement/tmp/R11/extracted/bb/bb95acf2989fecd8ed536d259eb6ce43109882f58a219adcd440fd826537dda7/lib64/libpthread.so.0
MAP 788754d6d000-788754d6e000 r--p 00002000 08:01 23608461                   /home/toolchain/development/libc++_replacement/tmp/R11/extracted/bb/bb95acf2989fecd8ed536d259eb6ce43109882f58a219adcd440fd826537dda7/lib64/libpthread.so.0
MAP 788754d6e000-788754d6f000 r--p 00002000 08:01 23608461                   /home/toolchain/development/libc++_replacement/tmp/R11/extracted/bb/bb95acf2989fecd8ed536d259eb6ce43109882f58a219adcd440fd826537dda7/lib64/libpthread.so.0
MAP 788754d6f000-788754d70000 rw-p 00003000 08:01 23608461                   /home/toolchain/development/libc++_replacement/tmp/R11/extracted/bb/bb95acf2989fecd8ed536d259eb6ce43109882f58a219adcd440fd826537dda7/lib64/libpthread.so.0
MAP 788754d72000-788754d76000 r--p 00000000 08:01 23621385                   /home/toolchain/development/libc++_replacement/tmp/R11/extracted/fe/fe622fb74e245c939c61ea5cca98dcbfc342fa7e12b1de0d8602be19ed35c441/usr/lib64/libgcc_s.so.1
MAP 788754d76000-788754d99000 r-xp 00004000 08:01 23621385                   /home/toolchain/development/libc++_replacement/tmp/R11/extracted/fe/fe622fb74e245c939c61ea5cca98dcbfc342fa7e12b1de0d8602be19ed35c441/usr/lib64/libgcc_s.so.1
MAP 788754d99000-788754d9d000 r--p 00027000 08:01 23621385                   /home/toolchain/development/libc++_replacement/tmp/R11/extracted/fe/fe622fb74e245c939c61ea5cca98dcbfc342fa7e12b1de0d8602be19ed35c441/usr/lib64/libgcc_s.so.1
MAP 788754d9d000-788754d9e000 rw-p 0002b000 08:01 23621385                   /home/toolchain/development/libc++_replacement/tmp/R11/extracted/fe/fe622fb74e245c939c61ea5cca98dcbfc342fa7e12b1de0d8602be19ed35c441/usr/lib64/libgcc_s.so.1
MAP 788754d9e000-788754dae000 r--p 00000000 08:01 23608339                   /home/toolchain/development/libc++_replacement/tmp/R11/extracted/bb/bb95acf2989fecd8ed536d259eb6ce43109882f58a219adcd440fd826537dda7/lib64/libm.so.6
MAP 788754dae000-788754e24000 r-xp 00010000 08:01 23608339                   /home/toolchain/development/libc++_replacement/tmp/R11/extracted/bb/bb95acf2989fecd8ed536d259eb6ce43109882f58a219adcd440fd826537dda7/lib64/libm.so.6
MAP 788754e24000-788754e7f000 r--p 00086000 08:01 23608339                   /home/toolchain/development/libc++_replacement/tmp/R11/extracted/bb/bb95acf2989fecd8ed536d259eb6ce43109882f58a219adcd440fd826537dda7/lib64/libm.so.6
MAP 788754e7f000-788754e80000 r--p 000e0000 08:01 23608339                   /home/toolchain/development/libc++_replacement/tmp/R11/extracted/bb/bb95acf2989fecd8ed536d259eb6ce43109882f58a219adcd440fd826537dda7/lib64/libm.so.6
MAP 788754e80000-788754e81000 rw-p 000e1000 08:01 23608339                   /home/toolchain/development/libc++_replacement/tmp/R11/extracted/bb/bb95acf2989fecd8ed536d259eb6ce43109882f58a219adcd440fd826537dda7/lib64/libm.so.6
MAP 788754e81000-788754e82000 r--p 00000000 08:01 23608338                   /home/toolchain/development/libc++_replacement/tmp/R11/extracted/bb/bb95acf2989fecd8ed536d259eb6ce43109882f58a219adcd440fd826537dda7/lib64/libdl.so.2
MAP 788754e82000-788754e83000 r-xp 00001000 08:01 23608338                   /home/toolchain/development/libc++_replacement/tmp/R11/extracted/bb/bb95acf2989fecd8ed536d259eb6ce43109882f58a219adcd440fd826537dda7/lib64/libdl.so.2
MAP 788754e83000-788754e84000 r--p 00002000 08:01 23608338                   /home/toolchain/development/libc++_replacement/tmp/R11/extracted/bb/bb95acf2989fecd8ed536d259eb6ce43109882f58a219adcd440fd826537dda7/lib64/libdl.so.2
MAP 788754e84000-788754e85000 r--p 00002000 08:01 23608338                   /home/toolchain/development/libc++_replacement/tmp/R11/extracted/bb/bb95acf2989fecd8ed536d259eb6ce43109882f58a219adcd440fd826537dda7/lib64/libdl.so.2
MAP 788754e85000-788754e86000 rw-p 00003000 08:01 23608338                   /home/toolchain/development/libc++_replacement/tmp/R11/extracted/bb/bb95acf2989fecd8ed536d259eb6ce43109882f58a219adcd440fd826537dda7/lib64/libdl.so.2
MAP 788754e86000-788754e97000 r--p 00000000 08:01 72160044                   /home/toolchain/development/libcxx_runtime_validation/tmp/IMPL_0908/build-native/lib/libc++abi.so.1.0
MAP 788754e97000-788754eb4000 r-xp 00011000 08:01 72160044                   /home/toolchain/development/libcxx_runtime_validation/tmp/IMPL_0908/build-native/lib/libc++abi.so.1.0
MAP 788754eb4000-788754ebe000 r--p 0002e000 08:01 72160044                   /home/toolchain/development/libcxx_runtime_validation/tmp/IMPL_0908/build-native/lib/libc++abi.so.1.0
MAP 788754ebe000-788754ec3000 r--p 00038000 08:01 72160044                   /home/toolchain/development/libcxx_runtime_validation/tmp/IMPL_0908/build-native/lib/libc++abi.so.1.0
MAP 788754ec3000-788754ec4000 rw-p 0003d000 08:01 72160044                   /home/toolchain/development/libcxx_runtime_validation/tmp/IMPL_0908/build-native/lib/libc++abi.so.1.0
MAP 788754ec4000-788754f00000 r--p 00000000 08:01 72160099                   /home/toolchain/development/libcxx_runtime_validation/tmp/IMPL_0908/build-native/lib/libc++.so.1.0
MAP 788754f00000-788754f7a000 r-xp 0003c000 08:01 72160099                   /home/toolchain/development/libcxx_runtime_validation/tmp/IMPL_0908/build-native/lib/libc++.so.1.0
MAP 788754f7a000-788754fbd000 r--p 000b6000 08:01 72160099                   /home/toolchain/development/libcxx_runtime_validation/tmp/IMPL_0908/build-native/lib/libc++.so.1.0
MAP 788754fbd000-788754fc4000 r--p 000f8000 08:01 72160099                   /home/toolchain/development/libcxx_runtime_validation/tmp/IMPL_0908/build-native/lib/libc++.so.1.0
MAP 788754fc4000-788754fc5000 rw-p 000ff000 08:01 72160099                   /home/toolchain/development/libcxx_runtime_validation/tmp/IMPL_0908/build-native/lib/libc++.so.1.0
MAP 788754fde000-788754fdf000 r--p 00000000 08:01 23608327                   /home/toolchain/development/libc++_replacement/tmp/R11/extracted/bb/bb95acf2989fecd8ed536d259eb6ce43109882f58a219adcd440fd826537dda7/lib64/ld-linux-x86-64.so.2
MAP 788754fdf000-78875500c000 r-xp 00001000 08:01 23608327                   /home/toolchain/development/libc++_replacement/tmp/R11/extracted/bb/bb95acf2989fecd8ed536d259eb6ce43109882f58a219adcd440fd826537dda7/lib64/ld-linux-x86-64.so.2
MAP 78875500c000-788755018000 r--p 0002e000 08:01 23608327                   /home/toolchain/development/libc++_replacement/tmp/R11/extracted/bb/bb95acf2989fecd8ed536d259eb6ce43109882f58a219adcd440fd826537dda7/lib64/ld-linux-x86-64.so.2
MAP 788755018000-78875501a000 r--p 0003a000 08:01 23608327                   /home/toolchain/development/libc++_replacement/tmp/R11/extracted/bb/bb95acf2989fecd8ed536d259eb6ce43109882f58a219adcd440fd826537dda7/lib64/ld-linux-x86-64.so.2
MAP 78875501a000-78875501c000 rw-p 0003c000 08:01 23608327                   /home/toolchain/development/libc++_replacement/tmp/R11/extracted/bb/bb95acf2989fecd8ed536d259eb6ce43109882f58a219adcd440fd826537dda7/lib64/ld-linux-x86-64.so.2
sizeof=24 alignof=8
n=0 capacity=22 allocations=0 inline=1 data_offset=1
n=1 capacity=22 allocations=0 inline=1 data_offset=1
n=2 capacity=22 allocations=0 inline=1 data_offset=1
n=3 capacity=22 allocations=0 inline=1 data_offset=1
n=4 capacity=22 allocations=0 inline=1 data_offset=1
n=5 capacity=22 allocations=0 inline=1 data_offset=1
n=6 capacity=22 allocations=0 inline=1 data_offset=1
n=7 capacity=22 allocations=0 inline=1 data_offset=1
n=8 capacity=22 allocations=0 inline=1 data_offset=1
n=9 capacity=22 allocations=0 inline=1 data_offset=1
n=10 capacity=22 allocations=0 inline=1 data_offset=1
n=11 capacity=22 allocations=0 inline=1 data_offset=1
n=12 capacity=22 allocations=0 inline=1 data_offset=1
n=13 capacity=22 allocations=0 inline=1 data_offset=1
n=14 capacity=22 allocations=0 inline=1 data_offset=1
n=15 capacity=22 allocations=0 inline=1 data_offset=1
n=16 capacity=22 allocations=0 inline=1 data_offset=1
n=17 capacity=22 allocations=0 inline=1 data_offset=1
n=18 capacity=22 allocations=0 inline=1 data_offset=1
n=19 capacity=22 allocations=0 inline=1 data_offset=1
n=20 capacity=22 allocations=0 inline=1 data_offset=1
n=21 capacity=22 allocations=0 inline=1 data_offset=1
n=22 capacity=22 allocations=0 inline=1 data_offset=1
n=23 capacity=25 allocations=1 inline=0 data_offset=-1
n=24 capacity=31 allocations=1 inline=0 data_offset=-1
n=25 capacity=31 allocations=1 inline=0 data_offset=-1
n=26 capacity=31 allocations=1 inline=0 data_offset=-1
n=27 capacity=31 allocations=1 inline=0 data_offset=-1
n=28 capacity=31 allocations=1 inline=0 data_offset=-1
n=29 capacity=31 allocations=1 inline=0 data_offset=-1
n=30 capacity=31 allocations=1 inline=0 data_offset=-1
n=31 capacity=31 allocations=1 inline=0 data_offset=-1
n=32 capacity=39 allocations=1 inline=0 data_offset=-1
n=33 capacity=39 allocations=1 inline=0 data_offset=-1
n=34 capacity=39 allocations=1 inline=0 data_offset=-1
n=35 capacity=39 allocations=1 inline=0 data_offset=-1
n=36 capacity=39 allocations=1 inline=0 data_offset=-1
n=37 capacity=39 allocations=1 inline=0 data_offset=-1
n=38 capacity=39 allocations=1 inline=0 data_offset=-1
n=39 capacity=39 allocations=1 inline=0 data_offset=-1
n=40 capacity=47 allocations=1 inline=0 data_offset=-1
