/home/toolchain/development/libcxx_runtime_validation/docs/progress/R118/code/string/cxx23_from_range_extension.cpp:3:68: error: no matching constructor for initialization of 'std::string' (aka 'basic_string<char>')
    3 | int main(){identity();std::array<char,3>a{'a','b','c'};std::string s(std::from_range,a);bytes("range",s);assert(s=="abc");}
      |                                                                    ^ ~~~~~~~~~~~~~~~~~
/home/toolchain/development/libcxx_runtime_validation/tmp/API_0911/W1_CONT/gnu14_sdk/usr/lib64/gcc/x86_64-tizen-linux-gnu/14.2.0/include/c++/bits/basic_string.h:181:7: note: candidate constructor not viable: no known conversion from 'const from_range_t' to '__sv_wrapper' for 1st argument
  181 |       basic_string(__sv_wrapper __svw, const _Alloc& __a)
      |       ^            ~~~~~~~~~~~~~~~~~~
/home/toolchain/development/libcxx_runtime_validation/tmp/API_0911/W1_CONT/gnu14_sdk/usr/lib64/gcc/x86_64-tizen-linux-gnu/14.2.0/include/c++/bits/basic_string.h:569:7: note: candidate constructor not viable: no known conversion from 'const from_range_t' to 'const basic_string<char>' for 1st argument
  569 |       basic_string(const basic_string& __str, size_type __pos,
      |       ^            ~~~~~~~~~~~~~~~~~~~~~~~~~
/home/toolchain/development/libcxx_runtime_validation/tmp/API_0911/W1_CONT/gnu14_sdk/usr/lib64/gcc/x86_64-tizen-linux-gnu/14.2.0/include/c++/bits/basic_string.h:624:7: note: candidate constructor not viable: no known conversion from 'const from_range_t' to 'const char *' for 1st argument
  624 |       basic_string(const _CharT* __s, size_type __n,
      |       ^            ~~~~~~~~~~~~~~~~~
/home/toolchain/development/libcxx_runtime_validation/tmp/API_0911/W1_CONT/gnu14_sdk/usr/lib64/gcc/x86_64-tizen-linux-gnu/14.2.0/include/c++/bits/basic_string.h:646:7: note: candidate constructor template not viable: no known conversion from 'const from_range_t' to 'const char *' for 1st argument
  646 |       basic_string(const _CharT* __s, const _Alloc& __a = _Alloc())
      |       ^            ~~~~~~~~~~~~~~~~~
/home/toolchain/development/libcxx_runtime_validation/tmp/API_0911/W1_CONT/gnu14_sdk/usr/lib64/gcc/x86_64-tizen-linux-gnu/14.2.0/include/c++/bits/basic_string.h:669:7: note: candidate constructor template not viable: no known conversion from 'const from_range_t' to 'size_type' (aka 'unsigned long') for 1st argument
  669 |       basic_string(size_type __n, _CharT __c, const _Alloc& __a = _Alloc())
      |       ^            ~~~~~~~~~~~~~
/home/toolchain/development/libcxx_runtime_validation/tmp/API_0911/W1_CONT/gnu14_sdk/usr/lib64/gcc/x86_64-tizen-linux-gnu/14.2.0/include/c++/bits/basic_string.h:711:7: note: candidate constructor not viable: no known conversion from 'const from_range_t' to 'initializer_list<char>' for 1st argument
  711 |       basic_string(initializer_list<_CharT> __l, const _Alloc& __a = _Alloc())
      |       ^            ~~~~~~~~~~~~~~~~~~~~~~~~~~~~
/home/toolchain/development/libcxx_runtime_validation/tmp/API_0911/W1_CONT/gnu14_sdk/usr/lib64/gcc/x86_64-tizen-linux-gnu/14.2.0/include/c++/bits/basic_string.h:716:7: note: candidate constructor not viable: no known conversion from 'const from_range_t' to 'const basic_string<char>' for 1st argument
  716 |       basic_string(const basic_string& __str, const _Alloc& __a)
      |       ^            ~~~~~~~~~~~~~~~~~~~~~~~~~
/home/toolchain/development/libcxx_runtime_validation/tmp/API_0911/W1_CONT/gnu14_sdk/usr/lib64/gcc/x86_64-tizen-linux-gnu/14.2.0/include/c++/bits/basic_string.h:721:7: note: candidate constructor not viable: no known conversion from 'const from_range_t' to 'basic_string<char>' for 1st argument
  721 |       basic_string(basic_string&& __str, const _Alloc& __a)
      |       ^            ~~~~~~~~~~~~~~~~~~~~
/home/toolchain/development/libcxx_runtime_validation/tmp/API_0911/W1_CONT/gnu14_sdk/usr/lib64/gcc/x86_64-tizen-linux-gnu/14.2.0/include/c++/bits/basic_string.h:765:9: note: candidate template ignored: deduced conflicting types for parameter '_InputIterator' ('from_range_t' vs. 'std::array<char, 3>')
  765 |         basic_string(_InputIterator __beg, _InputIterator __end,
      |         ^
/home/toolchain/development/libcxx_runtime_validation/tmp/API_0911/W1_CONT/gnu14_sdk/usr/lib64/gcc/x86_64-tizen-linux-gnu/14.2.0/include/c++/bits/basic_string.h:800:2: note: candidate template ignored: requirement 'std::__and_<std::is_convertible<const std::from_range_t &, std::basic_string_view<char, std::char_traits<char>>>, std::__not_<std::is_convertible<const std::from_range_t *, const std::basic_string<char, std::char_traits<char>, std::allocator<char>> *>>, std::__not_<std::is_convertible<const std::from_range_t &, const char *>>>::value' was not satisfied [with _Tp = from_range_t]
  800 |         basic_string(const _Tp& __t, const _Alloc& __a = _Alloc())
      |         ^
/home/toolchain/development/libcxx_runtime_validation/tmp/API_0911/W1_CONT/gnu14_sdk/usr/lib64/gcc/x86_64-tizen-linux-gnu/14.2.0/include/c++/bits/basic_string.h:540:7: note: candidate constructor not viable: requires single argument '__a', but 2 arguments were provided
  540 |       basic_string(const _Alloc& __a) _GLIBCXX_NOEXCEPT
      |       ^            ~~~~~~~~~~~~~~~~~
/home/toolchain/development/libcxx_runtime_validation/tmp/API_0911/W1_CONT/gnu14_sdk/usr/lib64/gcc/x86_64-tizen-linux-gnu/14.2.0/include/c++/bits/basic_string.h:552:7: note: candidate constructor not viable: requires single argument '__str', but 2 arguments were provided
  552 |       basic_string(const basic_string& __str)
      |       ^            ~~~~~~~~~~~~~~~~~~~~~~~~~
/home/toolchain/development/libcxx_runtime_validation/tmp/API_0911/W1_CONT/gnu14_sdk/usr/lib64/gcc/x86_64-tizen-linux-gnu/14.2.0/include/c++/bits/basic_string.h:682:7: note: candidate constructor not viable: requires single argument '__str', but 2 arguments were provided
  682 |       basic_string(basic_string&& __str) noexcept
      |       ^            ~~~~~~~~~~~~~~~~~~~~
/home/toolchain/development/libcxx_runtime_validation/tmp/API_0911/W1_CONT/gnu14_sdk/usr/lib64/gcc/x86_64-tizen-linux-gnu/14.2.0/include/c++/bits/basic_string.h:748:7: note: candidate constructor not viable: requires 1 argument, but 2 were provided
  748 |       basic_string(nullptr_t) = delete;
      |       ^            ~~~~~~~~~
/home/toolchain/development/libcxx_runtime_validation/tmp/API_0911/W1_CONT/gnu14_sdk/usr/lib64/gcc/x86_64-tizen-linux-gnu/14.2.0/include/c++/bits/basic_string.h:586:7: note: candidate constructor not viable: requires 3 arguments, but 2 were provided
  586 |       basic_string(const basic_string& __str, size_type __pos,
      |       ^            ~~~~~~~~~~~~~~~~~~~~~~~~~~~~~~~~~~~~~~~~~~~
  587 |                    size_type __n)
      |                    ~~~~~~~~~~~~~
/home/toolchain/development/libcxx_runtime_validation/tmp/API_0911/W1_CONT/gnu14_sdk/usr/lib64/gcc/x86_64-tizen-linux-gnu/14.2.0/include/c++/bits/basic_string.h:527:7: note: candidate constructor not viable: requires 0 arguments, but 2 were provided
  527 |       basic_string()
      |       ^
/home/toolchain/development/libcxx_runtime_validation/tmp/API_0911/W1_CONT/gnu14_sdk/usr/lib64/gcc/x86_64-tizen-linux-gnu/14.2.0/include/c++/bits/basic_string.h:604:7: note: candidate constructor not viable: requires 4 arguments, but 2 were provided
  604 |       basic_string(const basic_string& __str, size_type __pos,
      |       ^            ~~~~~~~~~~~~~~~~~~~~~~~~~~~~~~~~~~~~~~~~~~~
  605 |                    size_type __n, const _Alloc& __a)
      |                    ~~~~~~~~~~~~~~~~~~~~~~~~~~~~~~~~
/home/toolchain/development/libcxx_runtime_validation/tmp/API_0911/W1_CONT/gnu14_sdk/usr/lib64/gcc/x86_64-tizen-linux-gnu/14.2.0/include/c++/bits/basic_string.h:788:2: note: candidate constructor template not viable: requires at least 3 arguments, but 2 were provided
  788 |         basic_string(const _Tp& __t, size_type __pos, size_type __n,
      |         ^            ~~~~~~~~~~~~~~~~~~~~~~~~~~~~~~~~~~~~~~~~~~~~~~~
  789 |                      const _Alloc& __a = _Alloc())
      |                      ~~~~~~~~~~~~~~~~~~~~~~~~~~~~
1 error generated.
