{"source": "tmp/P7_0909/csapi/csapi-tizenfx-15.0.0.19383/src/Tizen.NUI.Extension/Interop/Interop.RiveAnimationView.cs", "snapshot": "docs/progress/P7_0909/stage2/snapshots/evidence/csapi-tizenfx/dcfe64099516_Interop.RiveAnimationView.cs", "sha256": "dcfe64099516955c81f38224619e8437682e278526494333b1eae10da544d5e8", "range": [15, 95]}
15:  *
16:  */
17: 
18: namespace Tizen.NUI.Extension
19: {
20:     internal static partial class Interop
21:     {
22:         internal static partial class RiveAnimationView
23:         {
24:             public const string Lib = "libdali2-csharp-binder-rive-animation.so";
25: 
26:             [global::System.Runtime.InteropServices.DllImport(Lib, EntryPoint = "CSharp_Dali_RiveAnimationView_New__SWIG_0")]
27:             public static extern global::System.IntPtr New(string url);
28: 
29:             [global::System.Runtime.InteropServices.DllImport(Lib, EntryPoint = "CSharp_Dali_RiveAnimationView_EnableAnimation")]
30:             public static extern void EnableAnimation(global::System.Runtime.InteropServices.HandleRef handle, string animationName, bool on);
31: 
32:             [global::System.Runtime.InteropServices.DllImport(Lib, EntryPoint = "CSharp_Dali_RiveAnimationView_SetShapeFillColor")]
33:             public static extern void SetShapeFillColor(global::System.Runtime.InteropServices.HandleRef handle, string shapeFillName, global::System.Runtime.InteropServices.HandleRef color);
34: 
35:             [global::System.Runtime.InteropServices.DllImport(Lib, EntryPoint = "CSharp_Dali_RiveAnimationView_SetShapeStrokeColor")]
36:             public static extern void SetShapeStrokeColor(global::System.Runtime.InteropServices.HandleRef handle, string shapeStrokeName, global::System.Runtime.InteropServices.HandleRef color);
37: 
38:             [global::System.Runtime.InteropServices.DllImport(Lib, EntryPoint = "CSharp_Dali_RiveAnimationView_SetNodeOpacity")]
39:             public static extern void SetNodeOpacity(global::System.Runtime.InteropServices.HandleRef handle, string nodeOpacity, float opacity);
40: 
41:             [global::System.Runtime.InteropServices.DllImport(Lib, EntryPoint = "CSharp_Dali_RiveAnimationView_SetNodeScale")]
42:             public static extern void SetNodeScale(global::System.Runtime.InteropServices.HandleRef handle, string nodeScale, global::System.Runtime.InteropServices.HandleRef scale);
43: 
44:             [global::System.Runtime.InteropServices.DllImport(Lib, EntryPoint = "CSharp_Dali_RiveAnimationView_SetNodeRotation")]
45:             public static extern void SetNodeRotation(global::System.Runtime.InteropServices.HandleRef handle, string nodeRotation, global::System.Runtime.InteropServices.HandleRef degree);
46: 
47:             [global::System.Runtime.InteropServices.DllImport(Lib, EntryPoint = "CSharp_Dali_RiveAnimationView_SetNodePosition")]
48:             public static extern void SetNodePosition(global::System.Runtime.InteropServices.HandleRef handle, string nodeName, global::System.Runtime.InteropServices.HandleRef position);
49: 
50:             [global::System.Runtime.InteropServices.DllImport(Lib, EntryPoint = "CSharp_Dali_RiveAnimationView_PlayAnimation")]
51:             public static extern void Play(global::System.Runtime.InteropServices.HandleRef handle);
52: 
53:             [global::System.Runtime.InteropServices.DllImport(Lib, EntryPoint = "CSharp_Dali_RiveAnimationView_PauseAnimation")]
54:             public static extern void Pause(global::System.Runtime.InteropServices.HandleRef handle);
55: 
56:             [global::System.Runtime.InteropServices.DllImport(Lib, EntryPoint = "CSharp_Dali_RiveAnimationView_StopAnimation")]
57:             public static extern void Stop(global::System.Runtime.InteropServices.HandleRef handle);
58: 
59:             [global::System.Runtime.InteropServices.DllImport(Lib, EntryPoint = "CSharp_Dali_RiveAnimationView_SetAnimationElapsedTime")]
60:             public static extern void SetAnimationElapsedTime(global::System.Runtime.InteropServices.HandleRef handle, string animationName, float elapsed);
61:         }
62:     }
63: }
