{"source": "/home/toolchain/development/libc++_replacement/tmp/R11/extracted/22/228ad9d126fef9ef438b629a2c690a02fa637eaf703f367190fdf16b7fd88e94/usr/include/lightweight-web-engine/LWEWebView.h", "snapshot": "docs/progress/P7_0909/stage2/snapshots/evidence/lightweight-web-engine/db4f11ee2748_LWEWebView.h", "sha256": "db4f11ee2748136c124a2024c4e33f48c2a021dffdc69a5b0ca9a805684fa7b2", "range": [330, 355]}
330: 
331:     void RegisterCanRenderingHandler(
332:         const std::function<bool(WebContainer*)>& cb);
333: 
334:     Settings GetSettings();
335:     void LoadURL(const std::string& url);
336:     std::string GetURL();
337:     void LoadData(const std::string& data);
338:     void Reload();
339:     void StopLoading();
340:     void GoBack();
341:     void GoForward();
342:     bool CanGoBack();
343:     bool CanGoForward();
344:     void AddJavaScriptInterface(
345:         const std::string& exposedObjectName, const std::string& jsFunctionName,
346:         std::function<std::string(const std::string&)> cb);
347:     std::string EvaluateJavaScript(const std::string& script);
348:     void EvaluateJavaScript(const std::string& script,
349:                             std::function<void(const std::string&)> cb);
350:     void ClearHistory();
351:     void Destroy();
352:     void Pause();
353:     void Resume();
354: 
355:     void ResizeTo(size_t width, size_t height);
