
Dynamic section at offset 0x1adb0 contains 28 entries:
  Tag        Type                         Name/Value
 0x0000000000000001 (NEEDED)             Shared library: [libstdc++.so.6]
 0x0000000000000001 (NEEDED)             Shared library: [libgcc_s.so.1]
 0x0000000000000001 (NEEDED)             Shared library: [libc.so.6]
 0x000000000000000e (SONAME)             Library soname: [liblightweight-web-engine.so.1]
 0x000000000000001d (RUNPATH)            Library runpath: [/home/abuild/rpmbuild/BUILD/lightweight-web-engine-1.4.0/out_tizen/build_44156771/unified_mobile/release/lib:/usr/local/lib:$ORIGIN:/usr/lib64/lwe]
 0x000000000000000c (INIT)               0x9000
 0x000000000000000d (FINI)               0x12ce4
 0x0000000000000019 (INIT_ARRAY)         0x1b9e0
 0x000000000000001b (INIT_ARRAYSZ)       8 (bytes)
 0x000000000000001a (FINI_ARRAY)         0x1b9e8
 0x000000000000001c (FINI_ARRAYSZ)       8 (bytes)
 0x000000006ffffef5 (GNU_HASH)           0x200
 0x0000000000000005 (STRTAB)             0x2638
 0x0000000000000006 (SYMTAB)             0xa30
 0x000000000000000a (STRSZ)              17142 (bytes)
 0x000000000000000b (SYMENT)             24 (bytes)
 0x0000000000000003 (PLTGOT)             0x1bfe8
 0x0000000000000002 (PLTRELSZ)           2304 (bytes)
 0x0000000000000014 (PLTREL)             RELA
 0x0000000000000017 (JMPREL)             0x78a0
 0x0000000000000007 (RELA)               0x6c58
 0x0000000000000008 (RELASZ)             3144 (bytes)
 0x0000000000000009 (RELAENT)            24 (bytes)
 0x000000006ffffffe (VERNEED)            0x6b88
 0x000000006fffffff (VERNEEDNUM)         3
 0x000000006ffffff0 (VERSYM)             0x692e
 0x000000006ffffff9 (RELACOUNT)          63
 0x0000000000000000 (NULL)               0x0
