
Symbol table '.dynsym' contains 93 entries:
   Num:    Value          Size Type    Bind   Vis      Ndx Name
     0: 0000000000000000     0 NOTYPE  LOCAL  DEFAULT  UND 
     1: 0000000000000000     0 FUNC    GLOBAL DEFAULT  UND _Znam@GLIBCXX_3.4 (2)
     2: 0000000000000000     0 FUNC    GLOBAL DEFAULT  UND atan2@GLIBC_2.2.5 (3)
     3: 0000000000000000     0 FUNC    GLOBAL DEFAULT  UND sin@GLIBC_2.2.5 (3)
     4: 0000000000000000     0 OBJECT  GLOBAL DEFAULT  UND _ZSt7nothrow@GLIBCXX_3.4 (2)
     5: 0000000000000000     0 FUNC    GLOBAL DEFAULT  UND _ZSt9terminatev@GLIBCXX_3.4 (2)
     6: 0000000000000000     0 FUNC    GLOBAL DEFAULT  UND _ZSt17__throw_bad_allocv@GLIBCXX_3.4 (2)
     7: 0000000000000000     0 FUNC    GLOBAL DEFAULT  UND __cxa_begin_catch@CXXABI_1.3 (4)
     8: 0000000000000000     0 FUNC    WEAK   DEFAULT  UND __cxa_finalize@GLIBC_2.2.5 (5)
     9: 0000000000000000     0 FUNC    GLOBAL DEFAULT  UND strlen@GLIBC_2.2.5 (5)
    10: 0000000000000000     0 FUNC    GLOBAL DEFAULT  UND __cxa_allocate_exception@CXXABI_1.3 (4)
    11: 0000000000000000     0 FUNC    GLOBAL DEFAULT  UND _ZSt20__throw_length_errorPKc@GLIBCXX_3.4 (2)
    12: 0000000000000000     0 OBJECT  GLOBAL DEFAULT  UND _ZTVN10__cxxabiv117__class_type_infoE@CXXABI_1.3 (4)
    13: 0000000000000000     0 FUNC    GLOBAL DEFAULT  UND _ZSt19__throw_logic_errorPKc@GLIBCXX_3.4 (2)
    14: 0000000000000000     0 FUNC    GLOBAL DEFAULT  UND __cxa_free_exception@CXXABI_1.3 (4)
    15: 0000000000000000     0 FUNC    GLOBAL DEFAULT  UND _ZSt28__throw_bad_array_new_lengthv@GLIBCXX_3.4.29 (6)
    16: 0000000000000000     0 FUNC    GLOBAL DEFAULT  UND sqrt@GLIBC_2.2.5 (3)
    17: 0000000000000000     0 FUNC    GLOBAL DEFAULT  UND memcpy@GLIBC_2.14 (7)
    18: 0000000000000000     0 FUNC    GLOBAL DEFAULT  UND _ZdlPv@GLIBCXX_3.4 (2)
    19: 0000000000000000     0 FUNC    GLOBAL DEFAULT  UND acos@GLIBC_2.2.5 (3)
    20: 0000000000000000     0 FUNC    GLOBAL DEFAULT  UND _Znwm@GLIBCXX_3.4 (2)
    21: 0000000000000000     0 FUNC    GLOBAL DEFAULT  UND __stack_chk_fail@GLIBC_2.4 (8)
    22: 0000000000000000     0 FUNC    GLOBAL DEFAULT  UND _ZdaPv@GLIBCXX_3.4 (2)
    23: 0000000000000000     0 OBJECT  GLOBAL DEFAULT  UND _ZTVN10__cxxabiv120__si_class_type_infoE@CXXABI_1.3 (4)
    24: 0000000000000000     0 FUNC    GLOBAL DEFAULT  UND __cxa_rethrow@CXXABI_1.3 (4)
    25: 0000000000000000     0 FUNC    GLOBAL DEFAULT  UND _ZSt21ios_base_library_initv@GLIBCXX_3.4.32 (9)
    26: 0000000000000000     0 FUNC    GLOBAL DEFAULT  UND memmove@GLIBC_2.2.5 (5)
    27: 0000000000000000     0 FUNC    GLOBAL DEFAULT  UND __cxa_end_catch@CXXABI_1.3 (4)
    28: 0000000000000000     0 FUNC    GLOBAL DEFAULT  UND __gxx_personality_v0@CXXABI_1.3 (4)
    29: 0000000000000000     0 FUNC    GLOBAL DEFAULT  UND __cxa_throw@CXXABI_1.3 (4)
    30: 0000000000000000     0 FUNC    GLOBAL DEFAULT  UND pow@GLIBC_2.29 (10)
    31: 0000000000000000     0 NOTYPE  WEAK   DEFAULT  UND _ITM_deregisterTMCloneTable
    32: 0000000000000000     0 FUNC    GLOBAL DEFAULT  UND _Unwind_Resume@GCC_3.0 (11)
    33: 0000000000000000     0 FUNC    GLOBAL DEFAULT  UND _ZNSt7__cxx1112basic_stringIcSt11char_traitsIcESaIcEE9_M_createERmm@GLIBCXX_3.4.21 (12)
    34: 0000000000000000     0 FUNC    GLOBAL DEFAULT  UND _ZNSt9exceptionD2Ev@GLIBCXX_3.4 (2)
    35: 0000000000000000     0 FUNC    GLOBAL DEFAULT  UND cos@GLIBC_2.2.5 (3)
    36: 0000000000000000     0 OBJECT  GLOBAL DEFAULT  UND _ZTISt9exception@GLIBCXX_3.4 (2)
    37: 0000000000000000     0 NOTYPE  WEAK   DEFAULT  UND __gmon_start__
    38: 0000000000000000     0 NOTYPE  WEAK   DEFAULT  UND _ITM_registerTMCloneTable
    39: 0000000000000000     0 FUNC    GLOBAL DEFAULT  UND _ZnwmRKSt9nothrow_t@GLIBCXX_3.4 (2)
    40: 0000000000004a60   147 FUNC    GLOBAL DEFAULT   11 _ZN11Clipper2Lib11ClipperBase27SetWindCountForOpenPathEdgeERNS_6ActiveE
    41: 0000000000004210   170 FUNC    GLOBAL DEFAULT   11 _ZN11Clipper2Lib11ClipperBase7CleanUpEv
    42: 0000000000005f10   111 FUNC    WEAK   DEFAULT   11 _ZN11Clipper2Lib11ClipperBase13StartOpenPathERNS_6ActiveERKNS_5PointIlEE
    43: 0000000000009a50    83 FUNC    GLOBAL DEFAULT   11 _ZN11Clipper2Lib11ClipperBase18ResetHorzDirectionERKNS_6ActiveEPKNS_6VertexERlS7_
    44: 0000000000003f70   227 FUNC    GLOBAL DEFAULT   11 _ZN11Clipper2Lib11ClipperBaseD1Ev
    45: 000000000000a460   214 FUNC    GLOBAL DEFAULT   11 _ZN11Clipper2Lib11ClipperBase11CheckBoundsEPNS_6OutRecE
    46: 0000000000006520   276 FUNC    GLOBAL DEFAULT   11 _ZN11Clipper2Lib11ClipperBase15JoinOutrecPathsERNS_6ActiveES2_
    47: 00000000000069b0   391 FUNC    GLOBAL DEFAULT   11 _ZN11Clipper2Lib11ClipperBase17FixSelfIntersectsEPNS_6OutRecE
    48: 00000000000041d0    59 FUNC    GLOBAL DEFAULT   11 _ZN11Clipper2Lib11ClipperBase11DeleteEdgesERPNS_6ActiveE
    49: 00000000000045a0    46 FUNC    GLOBAL DEFAULT   11 _ZN11Clipper2Lib11ClipperBase8AddPathsERKSt6vectorIS1_INS_5PointIlEESaIS3_EESaIS5_EENS_8PathTypeEb
    50: 0000000000004940   288 FUNC    GLOBAL DEFAULT   11 _ZN11Clipper2Lib11ClipperBase29SetWindCountForClosedPathEdgeERNS_6ActiveE
    51: 00000000000060e0   835 FUNC    GLOBAL DEFAULT   11 _ZN11Clipper2Lib11ClipperBase15AddLocalMaxPolyERNS_6ActiveES2_RKNS_5PointIlEE
    52: 000000000000b510  1005 FUNC    GLOBAL DEFAULT   11 _ZN11Clipper2Lib8ClipperD11BuildPathsDERSt6vectorIS1_INS_5PointIdEESaIS3_EESaIS5_EEPS7_
    53: 0000000000004390   143 FUNC    GLOBAL DEFAULT   11 _ZN11Clipper2Lib11ClipperBase29DisposeVerticesAndLocalMinimaEv
    54: 0000000000004060   322 FUNC    GLOBAL DEFAULT   11 _ZN11Clipper2Lib11ClipperBase5ClearEv
    55: 0000000000005420   325 FUNC    GLOBAL DEFAULT   11 _ZN11Clipper2Lib11ClipperBase15AddLocalMinPolyERNS_6ActiveES2_RKNS_5PointIlEEb
    56: 0000000000005d70    55 FUNC    GLOBAL DEFAULT   11 _ZN11Clipper2Lib11ClipperBase18SwapPositionsInAELERNS_6ActiveES2_
    57: 00000000000042c0   205 FUNC    GLOBAL DEFAULT   11 _ZN11Clipper2Lib11ClipperBase17DisposeAllOutRecsEv
    58: 0000000000008850    56 FUNC    GLOBAL DEFAULT   11 _ZN11Clipper2Lib11ClipperBase15DoIntersectionsEl
    59: 00000000000082d0  1408 FUNC    GLOBAL DEFAULT   11 _ZN11Clipper2Lib11ClipperBase22ConvertHorzSegsToJoinsEv
    60: 0000000000009cb0  1050 FUNC    GLOBAL DEFAULT   11 _ZN11Clipper2Lib11ClipperBase8DoMaximaERNS_6ActiveE
    61: 0000000000008890   381 FUNC    GLOBAL DEFAULT   11 _ZN11Clipper2Lib11ClipperBase15DoTopOfScanbeamEl
    62: 0000000000008a10   800 FUNC    GLOBAL DEFAULT   11 _ZN11Clipper2Lib11ClipperBase16ProcessHorzJoinsEv
    63: 0000000000024d00    32 OBJECT  GLOBAL DEFAULT   19 _ZTVN11Clipper2Lib11ClipperBaseE
    64: 000000000000bc80   301 FUNC    WEAK   DEFAULT   11 _ZNSt14priority_queueIlSt6vectorIlSaIlEESt4lessIlEE4pushERKl
    65: 0000000000004880   184 FUNC    GLOBAL DEFAULT   11 _ZNK11Clipper2Lib11ClipperBase20IsContributingClosedERKNS_6ActiveE
    66: 000000000000a540   591 FUNC    GLOBAL DEFAULT   11 _ZN11Clipper2Lib11ClipperBase15CheckSplitOwnerEPNS_6OutRecEPSt6vectorIS2_SaIS2_EE
    67: 0000000000020150    29 OBJECT  GLOBAL DEFAULT   13 _ZTSN11Clipper2Lib11ClipperBaseE
    68: 0000000000006430    78 FUNC    GLOBAL DEFAULT   11 _ZN11Clipper2Lib11ClipperBase5SplitERNS_6ActiveERKNS_5PointIlEE
    69: 0000000000009ab0   505 FUNC    WEAK   DEFAULT   11 _ZN11Clipper2Lib11ClipperBase17UpdateEdgeIntoAELEPNS_6ActiveE
    70: 0000000000004420   135 FUNC    GLOBAL DEFAULT   11 _ZN11Clipper2Lib11ClipperBase5ResetEv
    71: 0000000000005570   348 FUNC    WEAK   DEFAULT   11 _ZN11Clipper2Lib11ClipperBase13CheckJoinLeftERNS_6ActiveERKNS_5PointIlEEb
    72: 0000000000003f70   227 FUNC    GLOBAL DEFAULT   11 _ZN11Clipper2Lib11ClipperBaseD2Ev
    73: 00000000000044b0   229 FUNC    GLOBAL DEFAULT   11 _ZN11Clipper2Lib11ClipperBase7AddPathERKSt6vectorINS_5PointIlEESaIS3_EENS_8PathTypeEb
    74: 0000000000004630   579 FUNC    GLOBAL DEFAULT   11 _ZN11Clipper2Lib11ClipperBase16AddReuseableDataERKNS_24ReuseableDataContainer64E
    75: 000000000000a790   526 FUNC    GLOBAL DEFAULT   11 _ZN11Clipper2Lib11ClipperBase20RecursiveCheckOwnersEPNS_6OutRecEPNS_8PolyPathE
    76: 0000000000006480   158 FUNC    GLOBAL DEFAULT   11 _ZN11Clipper2Lib11ClipperBase8AddOutPtERKNS_6ActiveERKNS_5PointIlEE
    77: 0000000000004d00   176 FUNC    GLOBAL DEFAULT   11 _ZN11Clipper2Lib11ClipperBase14InsertLeftEdgeERNS_6ActiveE
    78: 0000000000024d20    16 OBJECT  GLOBAL DEFAULT   19 _ZTIN11Clipper2Lib11ClipperBaseE
    79: 00000000000090b0  1187 FUNC    GLOBAL DEFAULT   11 _ZN11Clipper2Lib11ClipperBase20ProcessIntersectListEv
    80: 00000000000076b0   536 FUNC    WEAK   DEFAULT   11 _ZN11Clipper2Lib11ClipperBase11PopScanlineERl
    81: 0000000000009560   942 FUNC    GLOBAL DEFAULT   11 _ZN11Clipper2Lib11ClipperBase19AddNewIntersectNodeERNS_6ActiveES2_l
    82: 00000000000041b0    28 FUNC    GLOBAL DEFAULT   11 _ZN11Clipper2Lib11ClipperBaseD0Ev
    83: 00000000000056d0  1689 FUNC    GLOBAL DEFAULT   11 _ZN11Clipper2Lib11ClipperBase14IntersectEdgesERNS_6ActiveES2_RKNS_5PointIlEE
    84: 0000000000008eb0   502 FUNC    GLOBAL DEFAULT   11 _ZN11Clipper2Lib11ClipperBase18BuildIntersectListEl
    85: 0000000000004dd0  1614 FUNC    GLOBAL DEFAULT   11 _ZN11Clipper2Lib11ClipperBase24InsertLocalMinimaIntoAELEl
    86: 0000000000006640   879 FUNC    GLOBAL DEFAULT   11 _ZN11Clipper2Lib11ClipperBase14CleanCollinearEPNS_6OutRecE
    87: 0000000000006b40  1208 FUNC    GLOBAL DEFAULT   11 _ZN11Clipper2Lib11ClipperBase9DoSplitOpEPNS_6OutRecEPNS_5OutPtE
    88: 00000000000078d0  2545 FUNC    GLOBAL DEFAULT   11 _ZN11Clipper2Lib11ClipperBase12DoHorizontalERNS_6ActiveE
    89: 0000000000005f80   340 FUNC    GLOBAL DEFAULT   11 _ZN11Clipper2Lib11ClipperBase9NewOutRecEv
    90: 0000000000005db0   345 FUNC    WEAK   DEFAULT   11 _ZN11Clipper2Lib11ClipperBase14CheckJoinRightERNS_6ActiveERKNS_5PointIlEEb
    91: 000000000000b900   890 FUNC    GLOBAL DEFAULT   11 _ZN11Clipper2Lib8ClipperD10BuildTreeDERNS_9PolyPathDERSt6vectorIS3_INS_5PointIdEESaIS5_EESaIS7_EE
    92: 00000000000074d0   479 FUNC    GLOBAL DEFAULT   11 _ZN11Clipper2Lib11ClipperBase15ExecuteInternalENS_8ClipTypeENS_8FillRuleEb
