
Dynamic section at offset 0x61c88 contains 40 entries:
  Tag        Type                         Name/Value
 0x0000000000000001 (NEEDED)             Shared library: [libecore_evas.so.1]
 0x0000000000000001 (NEEDED)             Shared library: [libevas.so.1]
 0x0000000000000001 (NEEDED)             Shared library: [libfeedback.so.0]
 0x0000000000000001 (NEEDED)             Shared library: [libdlog.so.0]
 0x0000000000000001 (NEEDED)             Shared library: [libxml2.so.16]
 0x0000000000000001 (NEEDED)             Shared library: [libtts.so]
 0x0000000000000001 (NEEDED)             Shared library: [libglib-2.0.so.0]
 0x0000000000000001 (NEEDED)             Shared library: [libvconf.so.0]
 0x0000000000000001 (NEEDED)             Shared library: [libeldbus.so.1]
 0x0000000000000001 (NEEDED)             Shared library: [libecore_wl2.so.1]
 0x0000000000000001 (NEEDED)             Shared library: [libecore.so.1]
 0x0000000000000001 (NEEDED)             Shared library: [libeina.so.1]
 0x0000000000000001 (NEEDED)             Shared library: [libm.so.6]
 0x0000000000000001 (NEEDED)             Shared library: [libstdc++.so.6]
 0x0000000000000001 (NEEDED)             Shared library: [libgcc_s.so.1]
 0x0000000000000001 (NEEDED)             Shared library: [libc.so.6]
 0x000000000000000e (SONAME)             Library soname: [libscl-ui-nui.so]
 0x000000000000000c (INIT)               0xa000
 0x000000000000000d (FINI)               0x4ee4c
 0x0000000000000019 (INIT_ARRAY)         0x61c28
 0x000000000000001b (INIT_ARRAYSZ)       32 (bytes)
 0x000000000000001a (FINI_ARRAY)         0x61c48
 0x000000000000001c (FINI_ARRAYSZ)       8 (bytes)
 0x000000006ffffef5 (GNU_HASH)           0x200
 0x0000000000000005 (STRTAB)             0x2640
 0x0000000000000006 (SYMTAB)             0x720
 0x000000000000000a (STRSZ)              12257 (bytes)
 0x000000000000000b (SYMENT)             24 (bytes)
 0x0000000000000003 (PLTGOT)             0x62fe8
 0x0000000000000002 (PLTRELSZ)           5160 (bytes)
 0x0000000000000014 (PLTREL)             RELA
 0x0000000000000017 (JMPREL)             0x8358
 0x0000000000000007 (RELA)               0x5a00
 0x0000000000000008 (RELASZ)             10584 (bytes)
 0x0000000000000009 (RELAENT)            24 (bytes)
 0x000000006ffffffe (VERNEED)            0x58c0
 0x000000006fffffff (VERNEEDNUM)         5
 0x000000006ffffff0 (VERSYM)             0x5622
 0x000000006ffffff9 (RELACOUNT)          341
 0x0000000000000000 (NULL)               0x0
