$ nl -ba codes/gcc/libstdc++-v3/include/bits/atomic_futex.h | sed -n 45,125p; nl -ba codes/gcc/libstdc++-v3/include/bits/atomic_futex.h | sed -n 195,218p; nl -ba codes/gcc/libstdc++-v3/src/c++11/futex.cc | sed -n 80,155p
    45	
    46	namespace std _GLIBCXX_VISIBILITY(default)
    47	{
    48	_GLIBCXX_BEGIN_NAMESPACE_VERSION
    49	
    50	#ifdef _GLIBCXX_HAS_GTHREADS
    51	#if defined(_GLIBCXX_HAVE_LINUX_FUTEX) && ATOMIC_INT_LOCK_FREE > 1
    52	  struct __atomic_futex_unsigned_base
    53	  {
    54	    // __s and __ns are measured against CLOCK_REALTIME. Returns false
    55	    // iff a timeout occurred.
    56	    bool
    57	    _M_futex_wait_until(unsigned *__addr, unsigned __val, bool __has_timeout,
    58		chrono::seconds __s, chrono::nanoseconds __ns);
    59	
    60	    // __s and __ns are measured against CLOCK_MONOTONIC. Returns
    61	    // false iff a timeout occurred.
    62	    bool
    63	    _M_futex_wait_until_steady(unsigned *__addr, unsigned __val,
    64		bool __has_timeout, chrono::seconds __s, chrono::nanoseconds __ns);
    65	
    66	    // This can be executed after the object has been destroyed.
    67	    static void _M_futex_notify_all(unsigned* __addr);
    68	  };
    69	
    70	  template <unsigned _Waiter_bit = 0x80000000>
    71	  class __atomic_futex_unsigned : __atomic_futex_unsigned_base
    72	  {
    73	    typedef chrono::steady_clock __clock_t;
    74	
    75	    // This must be lock-free and at offset 0.
    76	    atomic<unsigned> _M_data;
    77	
    78	  public:
    79	    explicit
    80	    __atomic_futex_unsigned(unsigned __data) : _M_data(__data)
    81	    { }
    82	
    83	    _GLIBCXX_ALWAYS_INLINE unsigned
    84	    _M_load(memory_order __mo)
    85	    {
    86	      return _M_data.load(__mo) & ~_Waiter_bit;
    87	    }
    88	
    89	  private:
    90	    // If a timeout occurs, returns a current value after the timeout;
    91	    // otherwise, returns the operand's value if equal is true or a different
    92	    // value if equal is false.
    93	    // The assumed value is the caller's assumption about the current value
    94	    // when making the call.
    95	    // __s and __ns are measured against CLOCK_REALTIME.
    96	    unsigned
    97	    _M_load_and_test_until(unsigned __assumed, unsigned __operand,
    98		bool __equal, memory_order __mo, bool __has_timeout,
    99		chrono::seconds __s, chrono::nanoseconds __ns)
   100	    {
   101	      for (;;)
   102		{
   103		  // Don't bother checking the value again because we expect the caller
   104		  // to have done it recently.
   105		  // memory_order_relaxed is sufficient because we can rely on just the
   106		  // modification order (store_notify uses an atomic RMW operation too),
   107		  // and the futex syscalls synchronize between themselves.
   108		  _M_data.fetch_or(_Waiter_bit, memory_order_relaxed);
   109		  bool __ret = _M_futex_wait_until((unsigned*)(void*)&_M_data,
   110						   __assumed | _Waiter_bit,
   111						   __has_timeout, __s, __ns);
   112		  // Fetch the current value after waiting (clears _Waiter_bit).
   113		  __assumed = _M_load(__mo);
   114		  if (!__ret || ((__operand == __assumed) == __equal))
   115		    return __assumed;
   116		  // TODO adapt wait time
   117		}
   118	    }
   119	
   120	    // If a timeout occurs, returns a current value after the timeout;
   121	    // otherwise, returns the operand's value if equal is true or a different
   122	    // value if equal is false.
   123	    // The assumed value is the caller's assumption about the current value
   124	    // when making the call.
   125	    // __s and __ns are measured against CLOCK_MONOTONIC.
   195	    _GLIBCXX_ALWAYS_INLINE unsigned
   196	    _M_load_when_not_equal(unsigned __val, memory_order __mo)
   197	    {
   198	      unsigned __i = _M_load(__mo);
   199	      if ((__i & ~_Waiter_bit) != __val)
   200		return (__i & ~_Waiter_bit);
   201	      // TODO Spin-wait first.
   202	      return _M_load_and_test(__i, __val, false, __mo);
   203	    }
   204	
   205	    _GLIBCXX_ALWAYS_INLINE void
   206	    _M_load_when_equal(unsigned __val, memory_order __mo)
   207	    {
   208	      unsigned __i = _M_load(__mo);
   209	      if ((__i & ~_Waiter_bit) == __val)
   210		return;
   211	      // TODO Spin-wait first.
   212	      _M_load_and_test(__i, __val, true, __mo);
   213	    }
   214	
   215	    // Returns false iff a timeout occurred.
   216	    template<typename _Rep, typename _Period>
   217	      _GLIBCXX_ALWAYS_INLINE bool
   218	      _M_load_when_equal_for(unsigned __val, memory_order __mo,
    80	
    81	    // Did we already time out?
    82	    if (now_s > abs_s.count())
    83	      {
    84		rt.tv_sec = -1;
    85		return rt;
    86	      }
    87	
    88	    const auto rel_s = abs_s.count() - now_s;
    89	
    90	    // Convert the absolute timeout to a relative timeout, without overflow.
    91	    if (rel_s > __int_traits<syscall_time_t>::__max) [[unlikely]]
    92	      {
    93		rt.tv_sec = __int_traits<syscall_time_t>::__max;
    94		rt.tv_nsec = 999999999;
    95	      }
    96	    else
    97	      {
    98		rt.tv_sec = rel_s;
    99		rt.tv_nsec = abs_ns.count() - now_ns;
   100		if (rt.tv_nsec < 0)
   101		  {
   102		    rt.tv_nsec += 1000000000;
   103		    --rt.tv_sec;
   104		  }
   105	      }
   106	
   107	    return rt;
   108	  }
   109	} // namespace
   110	
   111	  bool
   112	  __atomic_futex_unsigned_base::
   113	  _M_futex_wait_until(unsigned *__addr, unsigned __val, bool __has_timeout,
   114			      chrono::seconds __s, chrono::nanoseconds __ns)
   115	  {
   116	    if (!__has_timeout)
   117	      {
   118		// Ignore whether we actually succeeded to block because at worst,
   119		// we will fall back to spin-waiting.  The only thing we could do
   120		// here on errors is abort.
   121		int ret __attribute__((unused));
   122		ret = syscall (SYS_futex, __addr, futex_wait_op, __val, nullptr);
   123		__glibcxx_assert(ret == 0 || errno == EINTR || errno == EAGAIN);
   124		return true;
   125	      }
   126	    else
   127	      {
   128		if (!futex_clock_realtime_unavailable.load(std::memory_order_relaxed))
   129		  {
   130		    // futex sets errno=EINVAL for absolute timeouts before the epoch.
   131		    if (__s.count() < 0)
   132		      return false;
   133	
   134		    syscall_timespec rt;
   135		    if (__s.count() > __int_traits<syscall_time_t>::__max) [[unlikely]]
   136		      rt.tv_sec = __int_traits<syscall_time_t>::__max;
   137		    else
   138		      rt.tv_sec = __s.count();
   139		    rt.tv_nsec = __ns.count();
   140	
   141		    if (syscall (SYS_futex, __addr,
   142				 futex_wait_bitset_op | futex_clock_realtime_flag,
   143				 __val, &rt, nullptr, futex_bitset_match_any) == -1)
   144		      {
   145			__glibcxx_assert(errno == EINTR || errno == EAGAIN
   146					|| errno == ETIMEDOUT || errno == ENOSYS);
   147			if (errno == ETIMEDOUT)
   148			  return false;
   149			if (errno == ENOSYS)
   150			  {
   151			    futex_clock_realtime_unavailable.store(true,
   152							    std::memory_order_relaxed);
   153			    // Fall through to legacy implementation if the system
   154			    // call is unavailable.
   155			  }
exit_code=0
$ nl -ba codes/gcc/libstdc++-v3/src/c++11/condition_variable.cc | sed -n 30,55p; nl -ba codes/gcc/libstdc++-v3/src/c++11/compatibility-condvar.cc | sed -n 55,115p; nl -ba codes/gcc/libstdc++-v3/include/std/condition_variable | sed -n 65,110p; nl -ba codes/gcc/libstdc++-v3/include/std/condition_variable | sed -n 244,282p
    30	namespace std _GLIBCXX_VISIBILITY(default)
    31	{
    32	_GLIBCXX_BEGIN_NAMESPACE_VERSION
    33	
    34	  condition_variable::condition_variable() noexcept = default;
    35	
    36	  condition_variable::~condition_variable() noexcept = default;
    37	
    38	  void
    39	  condition_variable::wait(unique_lock<mutex>& __lock)
    40	  {
    41	    _M_cond.wait(*__lock.mutex());
    42	  }
    43	
    44	  void
    45	  condition_variable::notify_one() noexcept
    46	  {
    47	    _M_cond.notify_one();
    48	  }
    49	
    50	  void
    51	  condition_variable::notify_all() noexcept
    52	  {
    53	    _M_cond.notify_all();
    54	  }
    55	
    55	  };
    56	  condition_variable_any::condition_variable_any() noexcept = default;
    57	  condition_variable_any::~condition_variable_any() noexcept = default;
    58	_GLIBCXX_END_NAMESPACE_VERSION
    59	} // namespace std
    60	
    61	#if ! _GLIBCXX_INLINE_VERSION
    62	// XXX GLIBCXX_ABI Deprecated
    63	// gcc-12.1
    64	// std::condition_variable::wait changed to noexcept(false)
    65	#if defined(_GLIBCXX_SYMVER_GNU) && defined(_GLIBCXX_SHARED) \
    66	    && defined(_GLIBCXX_HAVE_AS_SYMVER_DIRECTIVE) \
    67	    && defined(_GLIBCXX_HAVE_SYMVER_SYMBOL_RENAMING_RUNTIME_SUPPORT)
    68	namespace __gnu_cxx _GLIBCXX_VISIBILITY(default)
    69	{
    70	namespace
    71	{
    72	  // Pointer-to-member for private std::condition_variable::_M_cond member.
    73	  std::__condvar std::condition_variable::* __base_member;
    74	
    75	  template<std::__condvar std::condition_variable::*X>
    76	    struct cracker
    77	    { static std::__condvar std::condition_variable::* value; };
    78	
    79	  // Initializer for this static member also initializes __base_member.
    80	  template<std::__condvar std::condition_variable::*X>
    81	    std::__condvar std::condition_variable::*
    82	      cracker<X>::value = __base_member = X;
    83	
    84	  // Explicit instantiation is allowed to access the private member.
    85	  template class cracker<&std::condition_variable::_M_cond>;
    86	}
    87	
    88	struct __nothrow_wait_cv : std::condition_variable
    89	{
    90	  void wait(std::unique_lock<std::mutex>&) noexcept;
    91	};
    92	
    93	__attribute__((used))
    94	void
    95	__nothrow_wait_cv::wait(std::unique_lock<std::mutex>& lock) noexcept
    96	{
    97	  // In theory this could be simply this->std::condition_variable::wait(lock)
    98	  // but with uclibc that binds to the @GLIBCXX_3.4.11 symbol, see PR 105730.
    99	  (this->*__base_member).wait(*lock.mutex());
   100	}
   101	} // namespace __gnu_cxx
   102	
   103	// Export a noexcept wrapper around std::condition_variable::wait
   104	// with the original @GLIBCXX_3.4.11 symbol version.
   105	asm(
   106	  ".symver _ZN9__gnu_cxx17__nothrow_wait_cv4waitERSt11unique_lockISt5mutexE,"
   107	  "_ZNSt18condition_variable4waitERSt11unique_lockISt5mutexE@GLIBCXX_3.4.11"
   108	);
   109	#endif
   110	#endif
   111	
   112	#endif // _GLIBCXX_HAS_GTHREADS && _GLIBCXX_USE_C99_STDINT_TR1
    65	
    66	  /// cv_status
    67	  enum class cv_status { no_timeout, timeout };
    68	
    69	  /// condition_variable
    70	  class condition_variable
    71	  {
    72	    using steady_clock = chrono::steady_clock;
    73	    using system_clock = chrono::system_clock;
    74	#ifdef _GLIBCXX_USE_PTHREAD_COND_CLOCKWAIT
    75	    using __clock_t = steady_clock;
    76	#else
    77	    using __clock_t = system_clock;
    78	#endif
    79	
    80	    __condvar _M_cond;
    81	
    82	  public:
    83	    typedef __gthread_cond_t* 		native_handle_type;
    84	
    85	    condition_variable() noexcept;
    86	    ~condition_variable() noexcept;
    87	
    88	    condition_variable(const condition_variable&) = delete;
    89	    condition_variable& operator=(const condition_variable&) = delete;
    90	
    91	    void
    92	    notify_one() noexcept;
    93	
    94	    void
    95	    notify_all() noexcept;
    96	
    97	    void
    98	    wait(unique_lock<mutex>& __lock);
    99	
   100	    template<typename _Predicate>
   101	      void
   102	      wait(unique_lock<mutex>& __lock, _Predicate __p)
   103	      {
   104		while (!__p())
   105		  wait(__lock);
   106	      }
   107	
   108	#ifdef _GLIBCXX_USE_PTHREAD_COND_CLOCKWAIT
   109	    template<typename _Duration>
   110	      cv_status
   244	  class condition_variable_any
   245	  {
   246	#ifdef _GLIBCXX_USE_PTHREAD_COND_CLOCKWAIT
   247	    using __clock_t = chrono::steady_clock;
   248	#else
   249	    using __clock_t = chrono::system_clock;
   250	#endif
   251	    condition_variable			_M_cond;
   252	    shared_ptr<mutex>			_M_mutex;
   253	
   254	    // scoped unlock - unlocks in ctor, re-locks in dtor
   255	    template<typename _Lock>
   256	      struct _Unlock
   257	      {
   258		explicit _Unlock(_Lock& __lk) : _M_lock(__lk) { __lk.unlock(); }
   259	
   260	#pragma GCC diagnostic push
   261	#pragma GCC diagnostic ignored "-Wdeprecated-declarations"
   262		~_Unlock() noexcept(false)
   263		{
   264		  if (uncaught_exception())
   265		    {
   266		      __try
   267		      { _M_lock.lock(); }
   268		      __catch(const __cxxabiv1::__forced_unwind&)
   269		      { __throw_exception_again; }
   270		      __catch(...)
   271		      { }
   272		    }
   273		  else
   274		    _M_lock.lock();
   275		}
   276	#pragma GCC diagnostic pop
   277	
   278		_Unlock(const _Unlock&) = delete;
   279		_Unlock& operator=(const _Unlock&) = delete;
   280	
   281		_Lock& _M_lock;
   282	      };
exit_code=0
$ rg -n "_GLIBCXX_HAVE_LINUX_FUTEX|atomic_futex" codes/gcc/libstdc++-v3/config.h codes/gcc/libstdc++-v3/include/bits/atomic_futex.h tmp/R69 2>/dev/null | head -80
codes/gcc/libstdc++-v3/include/bits/atomic_futex.h:25:/** @file bits/atomic_futex.h
codes/gcc/libstdc++-v3/include/bits/atomic_futex.h:36:#if ! (defined(_GLIBCXX_HAVE_LINUX_FUTEX) && ATOMIC_INT_LOCK_FREE > 1)
codes/gcc/libstdc++-v3/include/bits/atomic_futex.h:51:#if defined(_GLIBCXX_HAVE_LINUX_FUTEX) && ATOMIC_INT_LOCK_FREE > 1
codes/gcc/libstdc++-v3/include/bits/atomic_futex.h:52:  struct __atomic_futex_unsigned_base
codes/gcc/libstdc++-v3/include/bits/atomic_futex.h:71:  class __atomic_futex_unsigned : __atomic_futex_unsigned_base
codes/gcc/libstdc++-v3/include/bits/atomic_futex.h:80:    __atomic_futex_unsigned(unsigned __data) : _M_data(__data)
codes/gcc/libstdc++-v3/include/bits/atomic_futex.h:282:#else // ! (_GLIBCXX_HAVE_LINUX_FUTEX && ATOMIC_INT_LOCK_FREE > 1)
codes/gcc/libstdc++-v3/include/bits/atomic_futex.h:288:  class __atomic_futex_unsigned
codes/gcc/libstdc++-v3/include/bits/atomic_futex.h:298:    __atomic_futex_unsigned(unsigned __data) : _M_data(__data)
codes/gcc/libstdc++-v3/include/bits/atomic_futex.h:354:#endif // _GLIBCXX_HAVE_LINUX_FUTEX && ATOMIC_INT_LOCK_FREE > 1
