rpm --checksig --nosignature /home/toolchain/development/libc++_replacement/tmp/STATIC_0917B/rpm-aarch64/RPMS/aarch64/clang-22.1.8-1.aarch64.rpm exitcode 0
/home/toolchain/development/libc++_replacement/tmp/STATIC_0917B/rpm-aarch64/RPMS/aarch64/clang-22.1.8-1.aarch64.rpm: digests OK
rpm --checksig --nosignature /home/toolchain/development/libc++_replacement/tmp/STATIC_0917B/rpm-aarch64/RPMS/aarch64/clang-devel-22.1.8-1.aarch64.rpm exitcode 0
/home/toolchain/development/libc++_replacement/tmp/STATIC_0917B/rpm-aarch64/RPMS/aarch64/clang-devel-22.1.8-1.aarch64.rpm: digests OK
rpm --checksig --nosignature /home/toolchain/development/libc++_replacement/tmp/STATIC_0917B/rpm-aarch64/RPMS/aarch64/compiler-rt-22.1.8-1.aarch64.rpm exitcode 0
/home/toolchain/development/libc++_replacement/tmp/STATIC_0917B/rpm-aarch64/RPMS/aarch64/compiler-rt-22.1.8-1.aarch64.rpm: digests OK
rpm --checksig --nosignature /home/toolchain/development/libc++_replacement/tmp/STATIC_0917B/rpm-aarch64/RPMS/aarch64/libllvm-22.1.8-1.aarch64.rpm exitcode 0
/home/toolchain/development/libc++_replacement/tmp/STATIC_0917B/rpm-aarch64/RPMS/aarch64/libllvm-22.1.8-1.aarch64.rpm: digests OK
rpm --checksig --nosignature /home/toolchain/development/libc++_replacement/tmp/STATIC_0917B/rpm-aarch64/RPMS/aarch64/libomp-22.1.8-1.aarch64.rpm exitcode 0
/home/toolchain/development/libc++_replacement/tmp/STATIC_0917B/rpm-aarch64/RPMS/aarch64/libomp-22.1.8-1.aarch64.rpm: digests OK
rpm --checksig --nosignature /home/toolchain/development/libc++_replacement/tmp/STATIC_0917B/rpm-aarch64/RPMS/aarch64/libomp-devel-22.1.8-1.aarch64.rpm exitcode 0
/home/toolchain/development/libc++_replacement/tmp/STATIC_0917B/rpm-aarch64/RPMS/aarch64/libomp-devel-22.1.8-1.aarch64.rpm: digests OK
rpm --checksig --nosignature /home/toolchain/development/libc++_replacement/tmp/STATIC_0917B/rpm-aarch64/RPMS/aarch64/lldb-22.1.8-1.aarch64.rpm exitcode 0
/home/toolchain/development/libc++_replacement/tmp/STATIC_0917B/rpm-aarch64/RPMS/aarch64/lldb-22.1.8-1.aarch64.rpm: digests OK
rpm --checksig --nosignature /home/toolchain/development/libc++_replacement/tmp/STATIC_0917B/rpm-aarch64/RPMS/aarch64/lldb-devel-22.1.8-1.aarch64.rpm exitcode 0
/home/toolchain/development/libc++_replacement/tmp/STATIC_0917B/rpm-aarch64/RPMS/aarch64/lldb-devel-22.1.8-1.aarch64.rpm: digests OK
rpm --checksig --nosignature /home/toolchain/development/libc++_replacement/tmp/STATIC_0917B/rpm-aarch64/RPMS/aarch64/llvm-22.1.8-1.aarch64.rpm exitcode 0
/home/toolchain/development/libc++_replacement/tmp/STATIC_0917B/rpm-aarch64/RPMS/aarch64/llvm-22.1.8-1.aarch64.rpm: digests OK
rpm --checksig --nosignature /home/toolchain/development/libc++_replacement/tmp/STATIC_0917B/rpm-aarch64/RPMS/aarch64/llvm-devel-22.1.8-1.aarch64.rpm exitcode 0
/home/toolchain/development/libc++_replacement/tmp/STATIC_0917B/rpm-aarch64/RPMS/aarch64/llvm-devel-22.1.8-1.aarch64.rpm: digests OK
rpm --checksig --nosignature /home/toolchain/development/libc++_replacement/tmp/STATIC_0917B/rpm-aarch64/RPMS/aarch64/llvm-static-devel-22.1.8-1.aarch64.rpm exitcode 0
/home/toolchain/development/libc++_replacement/tmp/STATIC_0917B/rpm-aarch64/RPMS/aarch64/llvm-static-devel-22.1.8-1.aarch64.rpm: digests OK
rpm --checksig --nosignature /home/toolchain/development/libc++_replacement/tmp/STATIC_0917B/rpm-aarch64/RPMS/aarch64/python-clang-22.1.8-1.aarch64.rpm exitcode 0
/home/toolchain/development/libc++_replacement/tmp/STATIC_0917B/rpm-aarch64/RPMS/aarch64/python-clang-22.1.8-1.aarch64.rpm: digests OK
rpm -qp --qf '%{NAME}' /home/toolchain/development/libc++_replacement/tmp/NIGHT_0917/finish_validation/rpm/RPMS/aarch64/libc++-22.1.8-1.aarch64.rpm exitcode 0
libc++rpm -qp --qf '%{NAME}' /home/toolchain/development/libc++_replacement/tmp/NIGHT_0917/finish_validation/rpm/RPMS/aarch64/libc++-devel-22.1.8-1.aarch64.rpm exitcode 0
libc++-develrpm -qp --qf '%{NAME}' /home/toolchain/development/libc++_replacement/tmp/NIGHT_0917/finish_validation/rpm/RPMS/aarch64/libc++abi-22.1.8-1.aarch64.rpm exitcode 0
libc++abirpm -qp --qf '%{NAME}' /home/toolchain/development/libc++_replacement/tmp/NIGHT_0917/finish_validation/rpm/RPMS/aarch64/libc++abi-devel-22.1.8-1.aarch64.rpm exitcode 0
libc++abi-develrpm -qp --qf '%{NAME}	%{VERSION}-%{RELEASE}	%{ARCH}' /home/toolchain/development/libc++_replacement/tmp/STATIC_0917B/rpm-aarch64/RPMS/aarch64/clang-22.1.8-1.aarch64.rpm exitcode 0
clang	22.1.8-1	aarch64rpm --checksig --nosignature /home/toolchain/development/libc++_replacement/tmp/STATIC_0917B/rpm-aarch64/RPMS/aarch64/clang-22.1.8-1.aarch64.rpm exitcode 0
/home/toolchain/development/libc++_replacement/tmp/STATIC_0917B/rpm-aarch64/RPMS/aarch64/clang-22.1.8-1.aarch64.rpm: digests OK
rpm -qp --qf '%{NAME}	%{VERSION}-%{RELEASE}	%{ARCH}' /home/toolchain/development/libc++_replacement/tmp/STATIC_0917B/rpm-aarch64/RPMS/aarch64/clang-devel-22.1.8-1.aarch64.rpm exitcode 0
clang-devel	22.1.8-1	aarch64rpm --checksig --nosignature /home/toolchain/development/libc++_replacement/tmp/STATIC_0917B/rpm-aarch64/RPMS/aarch64/clang-devel-22.1.8-1.aarch64.rpm exitcode 0
/home/toolchain/development/libc++_replacement/tmp/STATIC_0917B/rpm-aarch64/RPMS/aarch64/clang-devel-22.1.8-1.aarch64.rpm: digests OK
rpm -qp --qf '%{NAME}	%{VERSION}-%{RELEASE}	%{ARCH}' /home/toolchain/development/libc++_replacement/tmp/STATIC_0917B/rpm-aarch64/RPMS/aarch64/libllvm-22.1.8-1.aarch64.rpm exitcode 0
libllvm	22.1.8-1	aarch64rpm --checksig --nosignature /home/toolchain/development/libc++_replacement/tmp/STATIC_0917B/rpm-aarch64/RPMS/aarch64/libllvm-22.1.8-1.aarch64.rpm exitcode 0
/home/toolchain/development/libc++_replacement/tmp/STATIC_0917B/rpm-aarch64/RPMS/aarch64/libllvm-22.1.8-1.aarch64.rpm: digests OK
rpm -qp --qf '%{NAME}	%{VERSION}-%{RELEASE}	%{ARCH}' /home/toolchain/development/libc++_replacement/tmp/STATIC_0917B/rpm-aarch64/RPMS/aarch64/libomp-22.1.8-1.aarch64.rpm exitcode 0
libomp	22.1.8-1	aarch64rpm --checksig --nosignature /home/toolchain/development/libc++_replacement/tmp/STATIC_0917B/rpm-aarch64/RPMS/aarch64/libomp-22.1.8-1.aarch64.rpm exitcode 0
/home/toolchain/development/libc++_replacement/tmp/STATIC_0917B/rpm-aarch64/RPMS/aarch64/libomp-22.1.8-1.aarch64.rpm: digests OK
rpm -qp --qf '%{NAME}	%{VERSION}-%{RELEASE}	%{ARCH}' /home/toolchain/development/libc++_replacement/tmp/STATIC_0917B/rpm-aarch64/RPMS/aarch64/libomp-devel-22.1.8-1.aarch64.rpm exitcode 0
libomp-devel	22.1.8-1	aarch64rpm --checksig --nosignature /home/toolchain/development/libc++_replacement/tmp/STATIC_0917B/rpm-aarch64/RPMS/aarch64/libomp-devel-22.1.8-1.aarch64.rpm exitcode 0
/home/toolchain/development/libc++_replacement/tmp/STATIC_0917B/rpm-aarch64/RPMS/aarch64/libomp-devel-22.1.8-1.aarch64.rpm: digests OK
rpm -qp --qf '%{NAME}	%{VERSION}-%{RELEASE}	%{ARCH}' /home/toolchain/development/libc++_replacement/tmp/STATIC_0917B/rpm-aarch64/RPMS/aarch64/llvm-22.1.8-1.aarch64.rpm exitcode 0
llvm	22.1.8-1	aarch64rpm --checksig --nosignature /home/toolchain/development/libc++_replacement/tmp/STATIC_0917B/rpm-aarch64/RPMS/aarch64/llvm-22.1.8-1.aarch64.rpm exitcode 0
/home/toolchain/development/libc++_replacement/tmp/STATIC_0917B/rpm-aarch64/RPMS/aarch64/llvm-22.1.8-1.aarch64.rpm: digests OK
rpm -qp --qf '%{NAME}	%{VERSION}-%{RELEASE}	%{ARCH}' /home/toolchain/development/libc++_replacement/tmp/STATIC_0917B/rpm-aarch64/RPMS/aarch64/llvm-devel-22.1.8-1.aarch64.rpm exitcode 0
llvm-devel	22.1.8-1	aarch64rpm --checksig --nosignature /home/toolchain/development/libc++_replacement/tmp/STATIC_0917B/rpm-aarch64/RPMS/aarch64/llvm-devel-22.1.8-1.aarch64.rpm exitcode 0
/home/toolchain/development/libc++_replacement/tmp/STATIC_0917B/rpm-aarch64/RPMS/aarch64/llvm-devel-22.1.8-1.aarch64.rpm: digests OK
rpm -qp --qf '%{NAME}	%{VERSION}-%{RELEASE}	%{ARCH}' /home/toolchain/development/libc++_replacement/tmp/STATIC_0917B/rpm-aarch64/RPMS/aarch64/llvm-static-devel-22.1.8-1.aarch64.rpm exitcode 0
llvm-static-devel	22.1.8-1	aarch64rpm --checksig --nosignature /home/toolchain/development/libc++_replacement/tmp/STATIC_0917B/rpm-aarch64/RPMS/aarch64/llvm-static-devel-22.1.8-1.aarch64.rpm exitcode 0
/home/toolchain/development/libc++_replacement/tmp/STATIC_0917B/rpm-aarch64/RPMS/aarch64/llvm-static-devel-22.1.8-1.aarch64.rpm: digests OK
rpm -qp --qf '%{NAME}	%{VERSION}-%{RELEASE}	%{ARCH}' /home/toolchain/development/libc++_replacement/tmp/NIGHT_0917/finish_validation/rpm/RPMS/aarch64/libc++-22.1.8-1.aarch64.rpm exitcode 0
libc++	22.1.8-1	aarch64rpm --checksig --nosignature /home/toolchain/development/libc++_replacement/tmp/NIGHT_0917/finish_validation/rpm/RPMS/aarch64/libc++-22.1.8-1.aarch64.rpm exitcode 0
/home/toolchain/development/libc++_replacement/tmp/NIGHT_0917/finish_validation/rpm/RPMS/aarch64/libc++-22.1.8-1.aarch64.rpm: digests OK
rpm -qp --qf '%{NAME}	%{VERSION}-%{RELEASE}	%{ARCH}' /home/toolchain/development/libc++_replacement/tmp/NIGHT_0917/finish_validation/rpm/RPMS/aarch64/libc++-devel-22.1.8-1.aarch64.rpm exitcode 0
libc++-devel	22.1.8-1	aarch64rpm --checksig --nosignature /home/toolchain/development/libc++_replacement/tmp/NIGHT_0917/finish_validation/rpm/RPMS/aarch64/libc++-devel-22.1.8-1.aarch64.rpm exitcode 0
/home/toolchain/development/libc++_replacement/tmp/NIGHT_0917/finish_validation/rpm/RPMS/aarch64/libc++-devel-22.1.8-1.aarch64.rpm: digests OK
rpm -qp --qf '%{NAME}	%{VERSION}-%{RELEASE}	%{ARCH}' /home/toolchain/development/libc++_replacement/tmp/NIGHT_0917/finish_validation/rpm/RPMS/aarch64/libc++abi-22.1.8-1.aarch64.rpm exitcode 0
libc++abi	22.1.8-1	aarch64rpm --checksig --nosignature /home/toolchain/development/libc++_replacement/tmp/NIGHT_0917/finish_validation/rpm/RPMS/aarch64/libc++abi-22.1.8-1.aarch64.rpm exitcode 0
/home/toolchain/development/libc++_replacement/tmp/NIGHT_0917/finish_validation/rpm/RPMS/aarch64/libc++abi-22.1.8-1.aarch64.rpm: digests OK
rpm -qp --qf '%{NAME}	%{VERSION}-%{RELEASE}	%{ARCH}' /home/toolchain/development/libc++_replacement/tmp/NIGHT_0917/finish_validation/rpm/RPMS/aarch64/libc++abi-devel-22.1.8-1.aarch64.rpm exitcode 0
libc++abi-devel	22.1.8-1	aarch64rpm --checksig --nosignature /home/toolchain/development/libc++_replacement/tmp/NIGHT_0917/finish_validation/rpm/RPMS/aarch64/libc++abi-devel-22.1.8-1.aarch64.rpm exitcode 0
/home/toolchain/development/libc++_replacement/tmp/NIGHT_0917/finish_validation/rpm/RPMS/aarch64/libc++abi-devel-22.1.8-1.aarch64.rpm: digests OK
rpm -qp --qf '%{NAME}	%{VERSION}-%{RELEASE}	%{ARCH}' /home/toolchain/development/libc++_replacement/tmp/BUILD_NIGHT_0916.h4taGY/dependency-rpms/libbpf-static-1.6.2-1.1.aarch64.rpm exitcode 0
libbpf-static	1.6.2-1.1	aarch64rpm --checksig --nosignature /home/toolchain/development/libc++_replacement/tmp/BUILD_NIGHT_0916.h4taGY/dependency-rpms/libbpf-static-1.6.2-1.1.aarch64.rpm exitcode 0
/home/toolchain/development/libc++_replacement/tmp/BUILD_NIGHT_0916.h4taGY/dependency-rpms/libbpf-static-1.6.2-1.1.aarch64.rpm: digests OK
rpm -qp --qf '%{NAME}	%{VERSION}-%{RELEASE}	%{ARCH}' /home/toolchain/development/libc++_replacement/tmp/BUILD_NIGHT_0916.h4taGY/dependency-rpms/liblzma-static-5.8.1-1.10.aarch64.rpm exitcode 0
liblzma-static	5.8.1-1.10	aarch64rpm --checksig --nosignature /home/toolchain/development/libc++_replacement/tmp/BUILD_NIGHT_0916.h4taGY/dependency-rpms/liblzma-static-5.8.1-1.10.aarch64.rpm exitcode 0
/home/toolchain/development/libc++_replacement/tmp/BUILD_NIGHT_0916.h4taGY/dependency-rpms/liblzma-static-5.8.1-1.10.aarch64.rpm: digests OK
rpm -qp --qf '%{NAME}	%{VERSION}-%{RELEASE}	%{ARCH}' /home/toolchain/development/libc++_replacement/tmp/BUILD_NIGHT_0916.h4taGY/dependency-rpms/zlib-devel-static-1.3.1-1.11.aarch64.rpm exitcode 0
zlib-devel-static	1.3.1-1.11	aarch64rpm --checksig --nosignature /home/toolchain/development/libc++_replacement/tmp/BUILD_NIGHT_0916.h4taGY/dependency-rpms/zlib-devel-static-1.3.1-1.11.aarch64.rpm exitcode 0
/home/toolchain/development/libc++_replacement/tmp/BUILD_NIGHT_0916.h4taGY/dependency-rpms/zlib-devel-static-1.3.1-1.11.aarch64.rpm: digests OK
rpm -qp --qf '%{NAME}	%{VERSION}-%{RELEASE}	%{ARCH}' /home/toolchain/development/libc++_replacement/tmp/BUILD_NIGHT_0916.h4taGY/dependency-rpms/libffi-devel-static-3.4.7-1.11.aarch64.rpm exitcode 0
libffi-devel-static	3.4.7-1.11	aarch64rpm --checksig --nosignature /home/toolchain/development/libc++_replacement/tmp/BUILD_NIGHT_0916.h4taGY/dependency-rpms/libffi-devel-static-3.4.7-1.11.aarch64.rpm exitcode 0
/home/toolchain/development/libc++_replacement/tmp/BUILD_NIGHT_0916.h4taGY/dependency-rpms/libffi-devel-static-3.4.7-1.11.aarch64.rpm: digests OK
rpm -qp --qf '%{NAME}	%{VERSION}-%{RELEASE}	%{ARCH}' /home/toolchain/development/libc++_replacement/tmp/BUILD_W2_0912/bcc-local-repo/aarch64/bcc-tools-static-0.35.0-112.1.aarch64.rpm exitcode 0
bcc-tools-static	0.35.0-112.1	aarch64rpm --checksig --nosignature /home/toolchain/development/libc++_replacement/tmp/BUILD_W2_0912/bcc-local-repo/aarch64/bcc-tools-static-0.35.0-112.1.aarch64.rpm exitcode 0
/home/toolchain/development/libc++_replacement/tmp/BUILD_W2_0912/bcc-local-repo/aarch64/bcc-tools-static-0.35.0-112.1.aarch64.rpm: digests OK
bwrap --unshare-user --uid 0 --gid 0 --ro-bind /home/toolchain/development/libc++_replacement/tmp/GBS-ROOT/BUILD-W2C-bpftrace-aarch64-libcxx/local/BUILD-ROOTS/scratch.aarch64.0 / --bind /home/toolchain/development/libc++_replacement/tmp/WEEKEND_0918/input-aarch64-v3/usr /usr --bind /home/toolchain/development/libc++_replacement/tmp/WEEKEND_0918/input-aarch64-v3/rpmdb /var/lib/rpm --ro-bind /home/toolchain/development/libc++_replacement/tmp/GBS-ROOT/BUILD-W2C-bpftrace-aarch64-libcxx/local/BUILD-ROOTS/scratch.aarch64.0/usr/sbin /usr/sbin --bind /home/toolchain/development/libc++_replacement/tmp/WEEKEND_0918/input-aarch64-v3/etc /etc --bind /home/toolchain/development/libc++_replacement/tmp/WEEKEND_0918/input-aarch64-v3/root /root --dev /dev --proc /proc --tmpfs /tmp --bind /home/toolchain/development/libc++_replacement/tmp/WEEKEND_0918 /tmp/task --ro-bind /home/toolchain/development/libc++_replacement/tmp/NIGHT_0917 /tmp/night --setenv PATH /bin:/usr/bin:/sbin:/usr/sbin --setenv CMAKE_BUILD_PARALLEL_LEVEL 1 --setenv RPM_BUILD_NCPUS 1 --setenv MAKEFLAGS -j1 --setenv QEMU_RESERVED_VA 0x100000000 --setenv LC_ALL C --ro-bind /home/toolchain/development/libc++_replacement/tmp/STATIC_0917B/rpm-aarch64/RPMS/aarch64/clang-22.1.8-1.aarch64.rpm /tmp/input-rpms/0.rpm --ro-bind /home/toolchain/development/libc++_replacement/tmp/STATIC_0917B/rpm-aarch64/RPMS/aarch64/clang-devel-22.1.8-1.aarch64.rpm /tmp/input-rpms/1.rpm --ro-bind /home/toolchain/development/libc++_replacement/tmp/STATIC_0917B/rpm-aarch64/RPMS/aarch64/libllvm-22.1.8-1.aarch64.rpm /tmp/input-rpms/2.rpm --ro-bind /home/toolchain/development/libc++_replacement/tmp/STATIC_0917B/rpm-aarch64/RPMS/aarch64/libomp-22.1.8-1.aarch64.rpm /tmp/input-rpms/3.rpm --ro-bind /home/toolchain/development/libc++_replacement/tmp/STATIC_0917B/rpm-aarch64/RPMS/aarch64/libomp-devel-22.1.8-1.aarch64.rpm /tmp/input-rpms/4.rpm --ro-bind /home/toolchain/development/libc++_replacement/tmp/STATIC_0917B/rpm-aarch64/RPMS/aarch64/llvm-22.1.8-1.aarch64.rpm /tmp/input-rpms/5.rpm --ro-bind /home/toolchain/development/libc++_replacement/tmp/STATIC_0917B/rpm-aarch64/RPMS/aarch64/llvm-devel-22.1.8-1.aarch64.rpm /tmp/input-rpms/6.rpm --ro-bind /home/toolchain/development/libc++_replacement/tmp/STATIC_0917B/rpm-aarch64/RPMS/aarch64/llvm-static-devel-22.1.8-1.aarch64.rpm /tmp/input-rpms/7.rpm --ro-bind /home/toolchain/development/libc++_replacement/tmp/NIGHT_0917/finish_validation/rpm/RPMS/aarch64/libc++-22.1.8-1.aarch64.rpm /tmp/input-rpms/8.rpm --ro-bind /home/toolchain/development/libc++_replacement/tmp/NIGHT_0917/finish_validation/rpm/RPMS/aarch64/libc++-devel-22.1.8-1.aarch64.rpm /tmp/input-rpms/9.rpm --ro-bind /home/toolchain/development/libc++_replacement/tmp/NIGHT_0917/finish_validation/rpm/RPMS/aarch64/libc++abi-22.1.8-1.aarch64.rpm /tmp/input-rpms/10.rpm --ro-bind /home/toolchain/development/libc++_replacement/tmp/NIGHT_0917/finish_validation/rpm/RPMS/aarch64/libc++abi-devel-22.1.8-1.aarch64.rpm /tmp/input-rpms/11.rpm --ro-bind /home/toolchain/development/libc++_replacement/tmp/BUILD_NIGHT_0916.h4taGY/dependency-rpms/libbpf-static-1.6.2-1.1.aarch64.rpm /tmp/input-rpms/12.rpm --ro-bind /home/toolchain/development/libc++_replacement/tmp/BUILD_NIGHT_0916.h4taGY/dependency-rpms/liblzma-static-5.8.1-1.10.aarch64.rpm /tmp/input-rpms/13.rpm --ro-bind /home/toolchain/development/libc++_replacement/tmp/BUILD_NIGHT_0916.h4taGY/dependency-rpms/zlib-devel-static-1.3.1-1.11.aarch64.rpm /tmp/input-rpms/14.rpm --ro-bind /home/toolchain/development/libc++_replacement/tmp/BUILD_NIGHT_0916.h4taGY/dependency-rpms/libffi-devel-static-3.4.7-1.11.aarch64.rpm /tmp/input-rpms/15.rpm --ro-bind /home/toolchain/development/libc++_replacement/tmp/BUILD_W2_0912/bcc-local-repo/aarch64/bcc-tools-static-0.35.0-112.1.aarch64.rpm /tmp/input-rpms/16.rpm -- rpm -Uvh --ignorearch --oldpackage --test /tmp/input-rpms/0.rpm /tmp/input-rpms/1.rpm /tmp/input-rpms/2.rpm /tmp/input-rpms/3.rpm /tmp/input-rpms/4.rpm /tmp/input-rpms/5.rpm /tmp/input-rpms/6.rpm /tmp/input-rpms/7.rpm /tmp/input-rpms/8.rpm /tmp/input-rpms/9.rpm /tmp/input-rpms/10.rpm /tmp/input-rpms/11.rpm /tmp/input-rpms/12.rpm /tmp/input-rpms/13.rpm /tmp/input-rpms/14.rpm /tmp/input-rpms/15.rpm /tmp/input-rpms/16.rpm exitcode 17
error: Failed dependencies:
	libffi-devel = 3.4.7 is needed by libffi-devel-static-3.4.7-1.11.aarch64
Traceback (most recent call last):
  File "/home/toolchain/development/libc++_replacement/progress/BUILD_WEEKEND_0918/install_inputs.py", line 53, in <module>
    run(base+['--','rpm','-Uvh','--ignorearch','--oldpackage','--test',*guest])
  File "/home/toolchain/development/libc++_replacement/progress/BUILD_WEEKEND_0918/install_inputs.py", line 15, in run
    assert r.returncode==0,(cmd,r.stderr)
           ^^^^^^^^^^^^^^^
AssertionError: (['bwrap', '--unshare-user', '--uid', '0', '--gid', '0', '--ro-bind', '/home/toolchain/development/libc++_replacement/tmp/GBS-ROOT/BUILD-W2C-bpftrace-aarch64-libcxx/local/BUILD-ROOTS/scratch.aarch64.0', '/', '--bind', '/home/toolchain/development/libc++_replacement/tmp/WEEKEND_0918/input-aarch64-v3/usr', '/usr', '--bind', '/home/toolchain/development/libc++_replacement/tmp/WEEKEND_0918/input-aarch64-v3/rpmdb', '/var/lib/rpm', '--ro-bind', '/home/toolchain/development/libc++_replacement/tmp/GBS-ROOT/BUILD-W2C-bpftrace-aarch64-libcxx/local/BUILD-ROOTS/scratch.aarch64.0/usr/sbin', '/usr/sbin', '--bind', '/home/toolchain/development/libc++_replacement/tmp/WEEKEND_0918/input-aarch64-v3/etc', '/etc', '--bind', '/home/toolchain/development/libc++_replacement/tmp/WEEKEND_0918/input-aarch64-v3/root', '/root', '--dev', '/dev', '--proc', '/proc', '--tmpfs', '/tmp', '--bind', '/home/toolchain/development/libc++_replacement/tmp/WEEKEND_0918', '/tmp/task', '--ro-bind', '/home/toolchain/development/libc++_replacement/tmp/NIGHT_0917', '/tmp/night', '--setenv', 'PATH', '/bin:/usr/bin:/sbin:/usr/sbin', '--setenv', 'CMAKE_BUILD_PARALLEL_LEVEL', '1', '--setenv', 'RPM_BUILD_NCPUS', '1', '--setenv', 'MAKEFLAGS', '-j1', '--setenv', 'QEMU_RESERVED_VA', '0x100000000', '--setenv', 'LC_ALL', 'C', '--ro-bind', '/home/toolchain/development/libc++_replacement/tmp/STATIC_0917B/rpm-aarch64/RPMS/aarch64/clang-22.1.8-1.aarch64.rpm', '/tmp/input-rpms/0.rpm', '--ro-bind', '/home/toolchain/development/libc++_replacement/tmp/STATIC_0917B/rpm-aarch64/RPMS/aarch64/clang-devel-22.1.8-1.aarch64.rpm', '/tmp/input-rpms/1.rpm', '--ro-bind', '/home/toolchain/development/libc++_replacement/tmp/STATIC_0917B/rpm-aarch64/RPMS/aarch64/libllvm-22.1.8-1.aarch64.rpm', '/tmp/input-rpms/2.rpm', '--ro-bind', '/home/toolchain/development/libc++_replacement/tmp/STATIC_0917B/rpm-aarch64/RPMS/aarch64/libomp-22.1.8-1.aarch64.rpm', '/tmp/input-rpms/3.rpm', '--ro-bind', '/home/toolchain/development/libc++_replacement/tmp/STATIC_0917B/rpm-aarch64/RPMS/aarch64/libomp-devel-22.1.8-1.aarch64.rpm', '/tmp/input-rpms/4.rpm', '--ro-bind', '/home/toolchain/development/libc++_replacement/tmp/STATIC_0917B/rpm-aarch64/RPMS/aarch64/llvm-22.1.8-1.aarch64.rpm', '/tmp/input-rpms/5.rpm', '--ro-bind', '/home/toolchain/development/libc++_replacement/tmp/STATIC_0917B/rpm-aarch64/RPMS/aarch64/llvm-devel-22.1.8-1.aarch64.rpm', '/tmp/input-rpms/6.rpm', '--ro-bind', '/home/toolchain/development/libc++_replacement/tmp/STATIC_0917B/rpm-aarch64/RPMS/aarch64/llvm-static-devel-22.1.8-1.aarch64.rpm', '/tmp/input-rpms/7.rpm', '--ro-bind', '/home/toolchain/development/libc++_replacement/tmp/NIGHT_0917/finish_validation/rpm/RPMS/aarch64/libc++-22.1.8-1.aarch64.rpm', '/tmp/input-rpms/8.rpm', '--ro-bind', '/home/toolchain/development/libc++_replacement/tmp/NIGHT_0917/finish_validation/rpm/RPMS/aarch64/libc++-devel-22.1.8-1.aarch64.rpm', '/tmp/input-rpms/9.rpm', '--ro-bind', '/home/toolchain/development/libc++_replacement/tmp/NIGHT_0917/finish_validation/rpm/RPMS/aarch64/libc++abi-22.1.8-1.aarch64.rpm', '/tmp/input-rpms/10.rpm', '--ro-bind', '/home/toolchain/development/libc++_replacement/tmp/NIGHT_0917/finish_validation/rpm/RPMS/aarch64/libc++abi-devel-22.1.8-1.aarch64.rpm', '/tmp/input-rpms/11.rpm', '--ro-bind', '/home/toolchain/development/libc++_replacement/tmp/BUILD_NIGHT_0916.h4taGY/dependency-rpms/libbpf-static-1.6.2-1.1.aarch64.rpm', '/tmp/input-rpms/12.rpm', '--ro-bind', '/home/toolchain/development/libc++_replacement/tmp/BUILD_NIGHT_0916.h4taGY/dependency-rpms/liblzma-static-5.8.1-1.10.aarch64.rpm', '/tmp/input-rpms/13.rpm', '--ro-bind', '/home/toolchain/development/libc++_replacement/tmp/BUILD_NIGHT_0916.h4taGY/dependency-rpms/zlib-devel-static-1.3.1-1.11.aarch64.rpm', '/tmp/input-rpms/14.rpm', '--ro-bind', '/home/toolchain/development/libc++_replacement/tmp/BUILD_NIGHT_0916.h4taGY/dependency-rpms/libffi-devel-static-3.4.7-1.11.aarch64.rpm', '/tmp/input-rpms/15.rpm', '--ro-bind', '/home/toolchain/development/libc++_replacement/tmp/BUILD_W2_0912/bcc-local-repo/aarch64/bcc-tools-static-0.35.0-112.1.aarch64.rpm', '/tmp/input-rpms/16.rpm', '--', 'rpm', '-Uvh', '--ignorearch', '--oldpackage', '--test', '/tmp/input-rpms/0.rpm', '/tmp/input-rpms/1.rpm', '/tmp/input-rpms/2.rpm', '/tmp/input-rpms/3.rpm', '/tmp/input-rpms/4.rpm', '/tmp/input-rpms/5.rpm', '/tmp/input-rpms/6.rpm', '/tmp/input-rpms/7.rpm', '/tmp/input-rpms/8.rpm', '/tmp/input-rpms/9.rpm', '/tmp/input-rpms/10.rpm', '/tmp/input-rpms/11.rpm', '/tmp/input-rpms/12.rpm', '/tmp/input-rpms/13.rpm', '/tmp/input-rpms/14.rpm', '/tmp/input-rpms/15.rpm', '/tmp/input-rpms/16.rpm'], 'error: Failed dependencies:\n\tlibffi-devel = 3.4.7 is needed by libffi-devel-static-3.4.7-1.11.aarch64\n')
