#define _GLIBCXX_USE_PTHREAD_RWLOCK_T 1
#define _GLIBCXX_USE_PTHREAD_RWLOCK_CLOCKLOCK 1
#define _GTHREAD_USE_MUTEX_TIMEDLOCK 1
--- declarations and noexcept ---
62-   * Classes for condition_variable support.
63-   * @{
64-   */
65-
66-  /// cv_status
67-  enum class cv_status { no_timeout, timeout };
68-
69-  /// condition_variable
70:  class condition_variable
71-  {
72-    using steady_clock = chrono::steady_clock;
73-    using system_clock = chrono::system_clock;
74-#ifdef _GLIBCXX_USE_PTHREAD_COND_CLOCKWAIT
75-    using __clock_t = steady_clock;
76-#else
77-    using __clock_t = system_clock;
78-#endif
--
236-    __at_thread_exit_elt* _M_next;
237-    void (*_M_cb)(void*);
238-  };
239-
240-_GLIBCXX_BEGIN_INLINE_ABI_NAMESPACE(_V2)
241-
242-  /// condition_variable_any
243-  // Like above, but mutex is not required to have try_lock.
244:  class condition_variable_any
245-  {
246-#ifdef _GLIBCXX_USE_PTHREAD_COND_CLOCKWAIT
247-    using __clock_t = chrono::steady_clock;
248-#else
249-    using __clock_t = chrono::system_clock;
250-#endif
251-    condition_variable			_M_cond;
252-    shared_ptr<mutex>			_M_mutex;
