rpm --checksig --nosignature /home/toolchain/development/libc++_replacement/tmp/STATIC_0917B/rpm-aarch64/RPMS/aarch64/clang-22.1.8-1.aarch64.rpm exitcode 0
/home/toolchain/development/libc++_replacement/tmp/STATIC_0917B/rpm-aarch64/RPMS/aarch64/clang-22.1.8-1.aarch64.rpm: digests OK
rpm --checksig --nosignature /home/toolchain/development/libc++_replacement/tmp/STATIC_0917B/rpm-aarch64/RPMS/aarch64/clang-devel-22.1.8-1.aarch64.rpm exitcode 0
/home/toolchain/development/libc++_replacement/tmp/STATIC_0917B/rpm-aarch64/RPMS/aarch64/clang-devel-22.1.8-1.aarch64.rpm: digests OK
rpm --checksig --nosignature /home/toolchain/development/libc++_replacement/tmp/STATIC_0917B/rpm-aarch64/RPMS/aarch64/compiler-rt-22.1.8-1.aarch64.rpm exitcode 0
/home/toolchain/development/libc++_replacement/tmp/STATIC_0917B/rpm-aarch64/RPMS/aarch64/compiler-rt-22.1.8-1.aarch64.rpm: digests OK
rpm --checksig --nosignature /home/toolchain/development/libc++_replacement/tmp/STATIC_0917B/rpm-aarch64/RPMS/aarch64/libllvm-22.1.8-1.aarch64.rpm exitcode 0
/home/toolchain/development/libc++_replacement/tmp/STATIC_0917B/rpm-aarch64/RPMS/aarch64/libllvm-22.1.8-1.aarch64.rpm: digests OK
rpm --checksig --nosignature /home/toolchain/development/libc++_replacement/tmp/STATIC_0917B/rpm-aarch64/RPMS/aarch64/libomp-22.1.8-1.aarch64.rpm exitcode 0
/home/toolchain/development/libc++_replacement/tmp/STATIC_0917B/rpm-aarch64/RPMS/aarch64/libomp-22.1.8-1.aarch64.rpm: digests OK
rpm --checksig --nosignature /home/toolchain/development/libc++_replacement/tmp/STATIC_0917B/rpm-aarch64/RPMS/aarch64/libomp-devel-22.1.8-1.aarch64.rpm exitcode 0
/home/toolchain/development/libc++_replacement/tmp/STATIC_0917B/rpm-aarch64/RPMS/aarch64/libomp-devel-22.1.8-1.aarch64.rpm: digests OK
rpm --checksig --nosignature /home/toolchain/development/libc++_replacement/tmp/STATIC_0917B/rpm-aarch64/RPMS/aarch64/lldb-22.1.8-1.aarch64.rpm exitcode 0
/home/toolchain/development/libc++_replacement/tmp/STATIC_0917B/rpm-aarch64/RPMS/aarch64/lldb-22.1.8-1.aarch64.rpm: digests OK
rpm --checksig --nosignature /home/toolchain/development/libc++_replacement/tmp/STATIC_0917B/rpm-aarch64/RPMS/aarch64/lldb-devel-22.1.8-1.aarch64.rpm exitcode 0
/home/toolchain/development/libc++_replacement/tmp/STATIC_0917B/rpm-aarch64/RPMS/aarch64/lldb-devel-22.1.8-1.aarch64.rpm: digests OK
rpm --checksig --nosignature /home/toolchain/development/libc++_replacement/tmp/STATIC_0917B/rpm-aarch64/RPMS/aarch64/llvm-22.1.8-1.aarch64.rpm exitcode 0
/home/toolchain/development/libc++_replacement/tmp/STATIC_0917B/rpm-aarch64/RPMS/aarch64/llvm-22.1.8-1.aarch64.rpm: digests OK
rpm --checksig --nosignature /home/toolchain/development/libc++_replacement/tmp/STATIC_0917B/rpm-aarch64/RPMS/aarch64/llvm-devel-22.1.8-1.aarch64.rpm exitcode 0
/home/toolchain/development/libc++_replacement/tmp/STATIC_0917B/rpm-aarch64/RPMS/aarch64/llvm-devel-22.1.8-1.aarch64.rpm: digests OK
rpm --checksig --nosignature /home/toolchain/development/libc++_replacement/tmp/STATIC_0917B/rpm-aarch64/RPMS/aarch64/llvm-static-devel-22.1.8-1.aarch64.rpm exitcode 0
/home/toolchain/development/libc++_replacement/tmp/STATIC_0917B/rpm-aarch64/RPMS/aarch64/llvm-static-devel-22.1.8-1.aarch64.rpm: digests OK
rpm --checksig --nosignature /home/toolchain/development/libc++_replacement/tmp/STATIC_0917B/rpm-aarch64/RPMS/aarch64/python-clang-22.1.8-1.aarch64.rpm exitcode 0
/home/toolchain/development/libc++_replacement/tmp/STATIC_0917B/rpm-aarch64/RPMS/aarch64/python-clang-22.1.8-1.aarch64.rpm: digests OK
rpm -qp --qf '%{NAME}' /home/toolchain/development/libc++_replacement/tmp/NIGHT_0917/finish_validation/rpm/RPMS/aarch64/libc++-22.1.8-1.aarch64.rpm exitcode 0
libc++rpm -qp --qf '%{NAME}' /home/toolchain/development/libc++_replacement/tmp/NIGHT_0917/finish_validation/rpm/RPMS/aarch64/libc++-devel-22.1.8-1.aarch64.rpm exitcode 0
libc++-develrpm -qp --qf '%{NAME}' /home/toolchain/development/libc++_replacement/tmp/NIGHT_0917/finish_validation/rpm/RPMS/aarch64/libc++abi-22.1.8-1.aarch64.rpm exitcode 0
libc++abirpm -qp --qf '%{NAME}' /home/toolchain/development/libc++_replacement/tmp/NIGHT_0917/finish_validation/rpm/RPMS/aarch64/libc++abi-devel-22.1.8-1.aarch64.rpm exitcode 0
libc++abi-develrpm -qp --qf '%{NAME}	%{VERSION}-%{RELEASE}	%{ARCH}' /home/toolchain/development/libc++_replacement/tmp/STATIC_0917B/rpm-aarch64/RPMS/aarch64/clang-22.1.8-1.aarch64.rpm exitcode 0
clang	22.1.8-1	aarch64rpm --checksig --nosignature /home/toolchain/development/libc++_replacement/tmp/STATIC_0917B/rpm-aarch64/RPMS/aarch64/clang-22.1.8-1.aarch64.rpm exitcode 0
/home/toolchain/development/libc++_replacement/tmp/STATIC_0917B/rpm-aarch64/RPMS/aarch64/clang-22.1.8-1.aarch64.rpm: digests OK
rpm -qp --qf '%{NAME}	%{VERSION}-%{RELEASE}	%{ARCH}' /home/toolchain/development/libc++_replacement/tmp/STATIC_0917B/rpm-aarch64/RPMS/aarch64/clang-devel-22.1.8-1.aarch64.rpm exitcode 0
clang-devel	22.1.8-1	aarch64rpm --checksig --nosignature /home/toolchain/development/libc++_replacement/tmp/STATIC_0917B/rpm-aarch64/RPMS/aarch64/clang-devel-22.1.8-1.aarch64.rpm exitcode 0
/home/toolchain/development/libc++_replacement/tmp/STATIC_0917B/rpm-aarch64/RPMS/aarch64/clang-devel-22.1.8-1.aarch64.rpm: digests OK
rpm -qp --qf '%{NAME}	%{VERSION}-%{RELEASE}	%{ARCH}' /home/toolchain/development/libc++_replacement/tmp/STATIC_0917B/rpm-aarch64/RPMS/aarch64/libllvm-22.1.8-1.aarch64.rpm exitcode 0
libllvm	22.1.8-1	aarch64rpm --checksig --nosignature /home/toolchain/development/libc++_replacement/tmp/STATIC_0917B/rpm-aarch64/RPMS/aarch64/libllvm-22.1.8-1.aarch64.rpm exitcode 0
/home/toolchain/development/libc++_replacement/tmp/STATIC_0917B/rpm-aarch64/RPMS/aarch64/libllvm-22.1.8-1.aarch64.rpm: digests OK
rpm -qp --qf '%{NAME}	%{VERSION}-%{RELEASE}	%{ARCH}' /home/toolchain/development/libc++_replacement/tmp/STATIC_0917B/rpm-aarch64/RPMS/aarch64/libomp-22.1.8-1.aarch64.rpm exitcode 0
libomp	22.1.8-1	aarch64rpm --checksig --nosignature /home/toolchain/development/libc++_replacement/tmp/STATIC_0917B/rpm-aarch64/RPMS/aarch64/libomp-22.1.8-1.aarch64.rpm exitcode 0
/home/toolchain/development/libc++_replacement/tmp/STATIC_0917B/rpm-aarch64/RPMS/aarch64/libomp-22.1.8-1.aarch64.rpm: digests OK
rpm -qp --qf '%{NAME}	%{VERSION}-%{RELEASE}	%{ARCH}' /home/toolchain/development/libc++_replacement/tmp/STATIC_0917B/rpm-aarch64/RPMS/aarch64/libomp-devel-22.1.8-1.aarch64.rpm exitcode 0
libomp-devel	22.1.8-1	aarch64rpm --checksig --nosignature /home/toolchain/development/libc++_replacement/tmp/STATIC_0917B/rpm-aarch64/RPMS/aarch64/libomp-devel-22.1.8-1.aarch64.rpm exitcode 0
/home/toolchain/development/libc++_replacement/tmp/STATIC_0917B/rpm-aarch64/RPMS/aarch64/libomp-devel-22.1.8-1.aarch64.rpm: digests OK
rpm -qp --qf '%{NAME}	%{VERSION}-%{RELEASE}	%{ARCH}' /home/toolchain/development/libc++_replacement/tmp/STATIC_0917B/rpm-aarch64/RPMS/aarch64/llvm-22.1.8-1.aarch64.rpm exitcode 0
llvm	22.1.8-1	aarch64rpm --checksig --nosignature /home/toolchain/development/libc++_replacement/tmp/STATIC_0917B/rpm-aarch64/RPMS/aarch64/llvm-22.1.8-1.aarch64.rpm exitcode 0
/home/toolchain/development/libc++_replacement/tmp/STATIC_0917B/rpm-aarch64/RPMS/aarch64/llvm-22.1.8-1.aarch64.rpm: digests OK
rpm -qp --qf '%{NAME}	%{VERSION}-%{RELEASE}	%{ARCH}' /home/toolchain/development/libc++_replacement/tmp/STATIC_0917B/rpm-aarch64/RPMS/aarch64/llvm-devel-22.1.8-1.aarch64.rpm exitcode 0
llvm-devel	22.1.8-1	aarch64rpm --checksig --nosignature /home/toolchain/development/libc++_replacement/tmp/STATIC_0917B/rpm-aarch64/RPMS/aarch64/llvm-devel-22.1.8-1.aarch64.rpm exitcode 0
/home/toolchain/development/libc++_replacement/tmp/STATIC_0917B/rpm-aarch64/RPMS/aarch64/llvm-devel-22.1.8-1.aarch64.rpm: digests OK
rpm -qp --qf '%{NAME}	%{VERSION}-%{RELEASE}	%{ARCH}' /home/toolchain/development/libc++_replacement/tmp/STATIC_0917B/rpm-aarch64/RPMS/aarch64/llvm-static-devel-22.1.8-1.aarch64.rpm exitcode 0
llvm-static-devel	22.1.8-1	aarch64rpm --checksig --nosignature /home/toolchain/development/libc++_replacement/tmp/STATIC_0917B/rpm-aarch64/RPMS/aarch64/llvm-static-devel-22.1.8-1.aarch64.rpm exitcode 0
/home/toolchain/development/libc++_replacement/tmp/STATIC_0917B/rpm-aarch64/RPMS/aarch64/llvm-static-devel-22.1.8-1.aarch64.rpm: digests OK
rpm -qp --qf '%{NAME}	%{VERSION}-%{RELEASE}	%{ARCH}' /home/toolchain/development/libc++_replacement/tmp/NIGHT_0917/finish_validation/rpm/RPMS/aarch64/libc++-22.1.8-1.aarch64.rpm exitcode 0
libc++	22.1.8-1	aarch64rpm --checksig --nosignature /home/toolchain/development/libc++_replacement/tmp/NIGHT_0917/finish_validation/rpm/RPMS/aarch64/libc++-22.1.8-1.aarch64.rpm exitcode 0
/home/toolchain/development/libc++_replacement/tmp/NIGHT_0917/finish_validation/rpm/RPMS/aarch64/libc++-22.1.8-1.aarch64.rpm: digests OK
rpm -qp --qf '%{NAME}	%{VERSION}-%{RELEASE}	%{ARCH}' /home/toolchain/development/libc++_replacement/tmp/NIGHT_0917/finish_validation/rpm/RPMS/aarch64/libc++-devel-22.1.8-1.aarch64.rpm exitcode 0
libc++-devel	22.1.8-1	aarch64rpm --checksig --nosignature /home/toolchain/development/libc++_replacement/tmp/NIGHT_0917/finish_validation/rpm/RPMS/aarch64/libc++-devel-22.1.8-1.aarch64.rpm exitcode 0
/home/toolchain/development/libc++_replacement/tmp/NIGHT_0917/finish_validation/rpm/RPMS/aarch64/libc++-devel-22.1.8-1.aarch64.rpm: digests OK
rpm -qp --qf '%{NAME}	%{VERSION}-%{RELEASE}	%{ARCH}' /home/toolchain/development/libc++_replacement/tmp/NIGHT_0917/finish_validation/rpm/RPMS/aarch64/libc++abi-22.1.8-1.aarch64.rpm exitcode 0
libc++abi	22.1.8-1	aarch64rpm --checksig --nosignature /home/toolchain/development/libc++_replacement/tmp/NIGHT_0917/finish_validation/rpm/RPMS/aarch64/libc++abi-22.1.8-1.aarch64.rpm exitcode 0
/home/toolchain/development/libc++_replacement/tmp/NIGHT_0917/finish_validation/rpm/RPMS/aarch64/libc++abi-22.1.8-1.aarch64.rpm: digests OK
rpm -qp --qf '%{NAME}	%{VERSION}-%{RELEASE}	%{ARCH}' /home/toolchain/development/libc++_replacement/tmp/NIGHT_0917/finish_validation/rpm/RPMS/aarch64/libc++abi-devel-22.1.8-1.aarch64.rpm exitcode 0
libc++abi-devel	22.1.8-1	aarch64rpm --checksig --nosignature /home/toolchain/development/libc++_replacement/tmp/NIGHT_0917/finish_validation/rpm/RPMS/aarch64/libc++abi-devel-22.1.8-1.aarch64.rpm exitcode 0
/home/toolchain/development/libc++_replacement/tmp/NIGHT_0917/finish_validation/rpm/RPMS/aarch64/libc++abi-devel-22.1.8-1.aarch64.rpm: digests OK
rpm -qp --qf '%{NAME}	%{VERSION}-%{RELEASE}	%{ARCH}' /home/toolchain/development/libc++_replacement/tmp/BUILD_NIGHT_0916.h4taGY/dependency-rpms/libbpf-static-1.6.2-1.1.aarch64.rpm exitcode 0
libbpf-static	1.6.2-1.1	aarch64rpm --checksig --nosignature /home/toolchain/development/libc++_replacement/tmp/BUILD_NIGHT_0916.h4taGY/dependency-rpms/libbpf-static-1.6.2-1.1.aarch64.rpm exitcode 0
/home/toolchain/development/libc++_replacement/tmp/BUILD_NIGHT_0916.h4taGY/dependency-rpms/libbpf-static-1.6.2-1.1.aarch64.rpm: digests OK
rpm -qp --qf '%{NAME}	%{VERSION}-%{RELEASE}	%{ARCH}' /home/toolchain/development/libc++_replacement/tmp/BUILD_NIGHT_0916.h4taGY/dependency-rpms/liblzma-static-5.8.1-1.10.aarch64.rpm exitcode 0
liblzma-static	5.8.1-1.10	aarch64rpm --checksig --nosignature /home/toolchain/development/libc++_replacement/tmp/BUILD_NIGHT_0916.h4taGY/dependency-rpms/liblzma-static-5.8.1-1.10.aarch64.rpm exitcode 0
/home/toolchain/development/libc++_replacement/tmp/BUILD_NIGHT_0916.h4taGY/dependency-rpms/liblzma-static-5.8.1-1.10.aarch64.rpm: digests OK
rpm -qp --qf '%{NAME}	%{VERSION}-%{RELEASE}	%{ARCH}' /home/toolchain/development/libc++_replacement/tmp/BUILD_NIGHT_0916.h4taGY/dependency-rpms/zlib-devel-static-1.3.1-1.11.aarch64.rpm exitcode 0
zlib-devel-static	1.3.1-1.11	aarch64rpm --checksig --nosignature /home/toolchain/development/libc++_replacement/tmp/BUILD_NIGHT_0916.h4taGY/dependency-rpms/zlib-devel-static-1.3.1-1.11.aarch64.rpm exitcode 0
/home/toolchain/development/libc++_replacement/tmp/BUILD_NIGHT_0916.h4taGY/dependency-rpms/zlib-devel-static-1.3.1-1.11.aarch64.rpm: digests OK
rpm -qp --qf '%{NAME}	%{VERSION}-%{RELEASE}	%{ARCH}' /home/toolchain/development/libc++_replacement/tmp/BUILD_NIGHT_0916.h4taGY/dependency-rpms/libffi-devel-static-3.4.7-1.11.aarch64.rpm exitcode 0
libffi-devel-static	3.4.7-1.11	aarch64rpm --checksig --nosignature /home/toolchain/development/libc++_replacement/tmp/BUILD_NIGHT_0916.h4taGY/dependency-rpms/libffi-devel-static-3.4.7-1.11.aarch64.rpm exitcode 0
/home/toolchain/development/libc++_replacement/tmp/BUILD_NIGHT_0916.h4taGY/dependency-rpms/libffi-devel-static-3.4.7-1.11.aarch64.rpm: digests OK
rpm -qp --qf '%{NAME}	%{VERSION}-%{RELEASE}	%{ARCH}' /home/toolchain/development/libc++_replacement/tmp/BUILD_W2_0912/bcc-local-repo/aarch64/bcc-tools-static-0.35.0-112.1.aarch64.rpm exitcode 0
bcc-tools-static	0.35.0-112.1	aarch64rpm --checksig --nosignature /home/toolchain/development/libc++_replacement/tmp/BUILD_W2_0912/bcc-local-repo/aarch64/bcc-tools-static-0.35.0-112.1.aarch64.rpm exitcode 0
/home/toolchain/development/libc++_replacement/tmp/BUILD_W2_0912/bcc-local-repo/aarch64/bcc-tools-static-0.35.0-112.1.aarch64.rpm: digests OK
rpm -qp --qf '%{NAME}	%{VERSION}-%{RELEASE}	%{ARCH}' /home/toolchain/development/libc++_replacement/tmp/WEEKEND_0918/dependencies/libffi-3.4.7-1.11.aarch64.rpm exitcode 0
libffi	3.4.7-1.11	aarch64rpm --checksig --nosignature /home/toolchain/development/libc++_replacement/tmp/WEEKEND_0918/dependencies/libffi-3.4.7-1.11.aarch64.rpm exitcode 0
/home/toolchain/development/libc++_replacement/tmp/WEEKEND_0918/dependencies/libffi-3.4.7-1.11.aarch64.rpm: digests OK
rpm -qp --qf '%{NAME}	%{VERSION}-%{RELEASE}	%{ARCH}' /home/toolchain/development/libc++_replacement/tmp/WEEKEND_0918/dependencies/libffi-devel-3.4.7-1.11.aarch64.rpm exitcode 0
libffi-devel	3.4.7-1.11	aarch64rpm --checksig --nosignature /home/toolchain/development/libc++_replacement/tmp/WEEKEND_0918/dependencies/libffi-devel-3.4.7-1.11.aarch64.rpm exitcode 0
/home/toolchain/development/libc++_replacement/tmp/WEEKEND_0918/dependencies/libffi-devel-3.4.7-1.11.aarch64.rpm: digests OK
bwrap --unshare-user --uid 0 --gid 0 --ro-bind /home/toolchain/development/libc++_replacement/tmp/GBS-ROOT/BUILD-W2C-bpftrace-aarch64-libcxx/local/BUILD-ROOTS/scratch.aarch64.0 / --bind /home/toolchain/development/libc++_replacement/tmp/WEEKEND_0918/input-aarch64-v3/usr /usr --bind /home/toolchain/development/libc++_replacement/tmp/WEEKEND_0918/input-aarch64-v3/rpmdb /var/lib/rpm --ro-bind /home/toolchain/development/libc++_replacement/tmp/GBS-ROOT/BUILD-W2C-bpftrace-aarch64-libcxx/local/BUILD-ROOTS/scratch.aarch64.0/usr/sbin /usr/sbin --bind /home/toolchain/development/libc++_replacement/tmp/WEEKEND_0918/input-aarch64-v3/etc /etc --bind /home/toolchain/development/libc++_replacement/tmp/WEEKEND_0918/input-aarch64-v3/root /root --dev /dev --proc /proc --tmpfs /tmp --bind /home/toolchain/development/libc++_replacement/tmp/WEEKEND_0918 /tmp/task --ro-bind /home/toolchain/development/libc++_replacement/tmp/NIGHT_0917 /tmp/night --setenv PATH /bin:/usr/bin:/sbin:/usr/sbin --setenv CMAKE_BUILD_PARALLEL_LEVEL 1 --setenv RPM_BUILD_NCPUS 1 --setenv MAKEFLAGS -j1 --setenv QEMU_RESERVED_VA 0x100000000 --setenv LC_ALL C --ro-bind /home/toolchain/development/libc++_replacement/tmp/STATIC_0917B/rpm-aarch64/RPMS/aarch64/clang-22.1.8-1.aarch64.rpm /tmp/input-rpms/0.rpm --ro-bind /home/toolchain/development/libc++_replacement/tmp/STATIC_0917B/rpm-aarch64/RPMS/aarch64/clang-devel-22.1.8-1.aarch64.rpm /tmp/input-rpms/1.rpm --ro-bind /home/toolchain/development/libc++_replacement/tmp/STATIC_0917B/rpm-aarch64/RPMS/aarch64/libllvm-22.1.8-1.aarch64.rpm /tmp/input-rpms/2.rpm --ro-bind /home/toolchain/development/libc++_replacement/tmp/STATIC_0917B/rpm-aarch64/RPMS/aarch64/libomp-22.1.8-1.aarch64.rpm /tmp/input-rpms/3.rpm --ro-bind /home/toolchain/development/libc++_replacement/tmp/STATIC_0917B/rpm-aarch64/RPMS/aarch64/libomp-devel-22.1.8-1.aarch64.rpm /tmp/input-rpms/4.rpm --ro-bind /home/toolchain/development/libc++_replacement/tmp/STATIC_0917B/rpm-aarch64/RPMS/aarch64/llvm-22.1.8-1.aarch64.rpm /tmp/input-rpms/5.rpm --ro-bind /home/toolchain/development/libc++_replacement/tmp/STATIC_0917B/rpm-aarch64/RPMS/aarch64/llvm-devel-22.1.8-1.aarch64.rpm /tmp/input-rpms/6.rpm --ro-bind /home/toolchain/development/libc++_replacement/tmp/STATIC_0917B/rpm-aarch64/RPMS/aarch64/llvm-static-devel-22.1.8-1.aarch64.rpm /tmp/input-rpms/7.rpm --ro-bind /home/toolchain/development/libc++_replacement/tmp/NIGHT_0917/finish_validation/rpm/RPMS/aarch64/libc++-22.1.8-1.aarch64.rpm /tmp/input-rpms/8.rpm --ro-bind /home/toolchain/development/libc++_replacement/tmp/NIGHT_0917/finish_validation/rpm/RPMS/aarch64/libc++-devel-22.1.8-1.aarch64.rpm /tmp/input-rpms/9.rpm --ro-bind /home/toolchain/development/libc++_replacement/tmp/NIGHT_0917/finish_validation/rpm/RPMS/aarch64/libc++abi-22.1.8-1.aarch64.rpm /tmp/input-rpms/10.rpm --ro-bind /home/toolchain/development/libc++_replacement/tmp/NIGHT_0917/finish_validation/rpm/RPMS/aarch64/libc++abi-devel-22.1.8-1.aarch64.rpm /tmp/input-rpms/11.rpm --ro-bind /home/toolchain/development/libc++_replacement/tmp/BUILD_NIGHT_0916.h4taGY/dependency-rpms/libbpf-static-1.6.2-1.1.aarch64.rpm /tmp/input-rpms/12.rpm --ro-bind /home/toolchain/development/libc++_replacement/tmp/BUILD_NIGHT_0916.h4taGY/dependency-rpms/liblzma-static-5.8.1-1.10.aarch64.rpm /tmp/input-rpms/13.rpm --ro-bind /home/toolchain/development/libc++_replacement/tmp/BUILD_NIGHT_0916.h4taGY/dependency-rpms/zlib-devel-static-1.3.1-1.11.aarch64.rpm /tmp/input-rpms/14.rpm --ro-bind /home/toolchain/development/libc++_replacement/tmp/BUILD_NIGHT_0916.h4taGY/dependency-rpms/libffi-devel-static-3.4.7-1.11.aarch64.rpm /tmp/input-rpms/15.rpm --ro-bind /home/toolchain/development/libc++_replacement/tmp/BUILD_W2_0912/bcc-local-repo/aarch64/bcc-tools-static-0.35.0-112.1.aarch64.rpm /tmp/input-rpms/16.rpm --ro-bind /home/toolchain/development/libc++_replacement/tmp/WEEKEND_0918/dependencies/libffi-3.4.7-1.11.aarch64.rpm /tmp/input-rpms/17.rpm --ro-bind /home/toolchain/development/libc++_replacement/tmp/WEEKEND_0918/dependencies/libffi-devel-3.4.7-1.11.aarch64.rpm /tmp/input-rpms/18.rpm -- rpm -Uvh --ignorearch --oldpackage --test /tmp/input-rpms/0.rpm /tmp/input-rpms/1.rpm /tmp/input-rpms/2.rpm /tmp/input-rpms/3.rpm /tmp/input-rpms/4.rpm /tmp/input-rpms/5.rpm /tmp/input-rpms/6.rpm /tmp/input-rpms/7.rpm /tmp/input-rpms/8.rpm /tmp/input-rpms/9.rpm /tmp/input-rpms/10.rpm /tmp/input-rpms/11.rpm /tmp/input-rpms/12.rpm /tmp/input-rpms/13.rpm /tmp/input-rpms/14.rpm /tmp/input-rpms/15.rpm /tmp/input-rpms/16.rpm /tmp/input-rpms/17.rpm /tmp/input-rpms/18.rpm exitcode 0
Preparing...                          ########################################
bwrap --unshare-user --uid 0 --gid 0 --ro-bind /home/toolchain/development/libc++_replacement/tmp/GBS-ROOT/BUILD-W2C-bpftrace-aarch64-libcxx/local/BUILD-ROOTS/scratch.aarch64.0 / --bind /home/toolchain/development/libc++_replacement/tmp/WEEKEND_0918/input-aarch64-v3/usr /usr --bind /home/toolchain/development/libc++_replacement/tmp/WEEKEND_0918/input-aarch64-v3/rpmdb /var/lib/rpm --ro-bind /home/toolchain/development/libc++_replacement/tmp/GBS-ROOT/BUILD-W2C-bpftrace-aarch64-libcxx/local/BUILD-ROOTS/scratch.aarch64.0/usr/sbin /usr/sbin --bind /home/toolchain/development/libc++_replacement/tmp/WEEKEND_0918/input-aarch64-v3/etc /etc --bind /home/toolchain/development/libc++_replacement/tmp/WEEKEND_0918/input-aarch64-v3/root /root --dev /dev --proc /proc --tmpfs /tmp --bind /home/toolchain/development/libc++_replacement/tmp/WEEKEND_0918 /tmp/task --ro-bind /home/toolchain/development/libc++_replacement/tmp/NIGHT_0917 /tmp/night --setenv PATH /bin:/usr/bin:/sbin:/usr/sbin --setenv CMAKE_BUILD_PARALLEL_LEVEL 1 --setenv RPM_BUILD_NCPUS 1 --setenv MAKEFLAGS -j1 --setenv QEMU_RESERVED_VA 0x100000000 --setenv LC_ALL C --ro-bind /home/toolchain/development/libc++_replacement/tmp/STATIC_0917B/rpm-aarch64/RPMS/aarch64/clang-22.1.8-1.aarch64.rpm /tmp/input-rpms/0.rpm --ro-bind /home/toolchain/development/libc++_replacement/tmp/STATIC_0917B/rpm-aarch64/RPMS/aarch64/clang-devel-22.1.8-1.aarch64.rpm /tmp/input-rpms/1.rpm --ro-bind /home/toolchain/development/libc++_replacement/tmp/STATIC_0917B/rpm-aarch64/RPMS/aarch64/libllvm-22.1.8-1.aarch64.rpm /tmp/input-rpms/2.rpm --ro-bind /home/toolchain/development/libc++_replacement/tmp/STATIC_0917B/rpm-aarch64/RPMS/aarch64/libomp-22.1.8-1.aarch64.rpm /tmp/input-rpms/3.rpm --ro-bind /home/toolchain/development/libc++_replacement/tmp/STATIC_0917B/rpm-aarch64/RPMS/aarch64/libomp-devel-22.1.8-1.aarch64.rpm /tmp/input-rpms/4.rpm --ro-bind /home/toolchain/development/libc++_replacement/tmp/STATIC_0917B/rpm-aarch64/RPMS/aarch64/llvm-22.1.8-1.aarch64.rpm /tmp/input-rpms/5.rpm --ro-bind /home/toolchain/development/libc++_replacement/tmp/STATIC_0917B/rpm-aarch64/RPMS/aarch64/llvm-devel-22.1.8-1.aarch64.rpm /tmp/input-rpms/6.rpm --ro-bind /home/toolchain/development/libc++_replacement/tmp/STATIC_0917B/rpm-aarch64/RPMS/aarch64/llvm-static-devel-22.1.8-1.aarch64.rpm /tmp/input-rpms/7.rpm --ro-bind /home/toolchain/development/libc++_replacement/tmp/NIGHT_0917/finish_validation/rpm/RPMS/aarch64/libc++-22.1.8-1.aarch64.rpm /tmp/input-rpms/8.rpm --ro-bind /home/toolchain/development/libc++_replacement/tmp/NIGHT_0917/finish_validation/rpm/RPMS/aarch64/libc++-devel-22.1.8-1.aarch64.rpm /tmp/input-rpms/9.rpm --ro-bind /home/toolchain/development/libc++_replacement/tmp/NIGHT_0917/finish_validation/rpm/RPMS/aarch64/libc++abi-22.1.8-1.aarch64.rpm /tmp/input-rpms/10.rpm --ro-bind /home/toolchain/development/libc++_replacement/tmp/NIGHT_0917/finish_validation/rpm/RPMS/aarch64/libc++abi-devel-22.1.8-1.aarch64.rpm /tmp/input-rpms/11.rpm --ro-bind /home/toolchain/development/libc++_replacement/tmp/BUILD_NIGHT_0916.h4taGY/dependency-rpms/libbpf-static-1.6.2-1.1.aarch64.rpm /tmp/input-rpms/12.rpm --ro-bind /home/toolchain/development/libc++_replacement/tmp/BUILD_NIGHT_0916.h4taGY/dependency-rpms/liblzma-static-5.8.1-1.10.aarch64.rpm /tmp/input-rpms/13.rpm --ro-bind /home/toolchain/development/libc++_replacement/tmp/BUILD_NIGHT_0916.h4taGY/dependency-rpms/zlib-devel-static-1.3.1-1.11.aarch64.rpm /tmp/input-rpms/14.rpm --ro-bind /home/toolchain/development/libc++_replacement/tmp/BUILD_NIGHT_0916.h4taGY/dependency-rpms/libffi-devel-static-3.4.7-1.11.aarch64.rpm /tmp/input-rpms/15.rpm --ro-bind /home/toolchain/development/libc++_replacement/tmp/BUILD_W2_0912/bcc-local-repo/aarch64/bcc-tools-static-0.35.0-112.1.aarch64.rpm /tmp/input-rpms/16.rpm --ro-bind /home/toolchain/development/libc++_replacement/tmp/WEEKEND_0918/dependencies/libffi-3.4.7-1.11.aarch64.rpm /tmp/input-rpms/17.rpm --ro-bind /home/toolchain/development/libc++_replacement/tmp/WEEKEND_0918/dependencies/libffi-devel-3.4.7-1.11.aarch64.rpm /tmp/input-rpms/18.rpm -- rpm -Uvh --ignorearch --oldpackage /tmp/input-rpms/0.rpm /tmp/input-rpms/1.rpm /tmp/input-rpms/2.rpm /tmp/input-rpms/3.rpm /tmp/input-rpms/4.rpm /tmp/input-rpms/5.rpm /tmp/input-rpms/6.rpm /tmp/input-rpms/7.rpm /tmp/input-rpms/8.rpm /tmp/input-rpms/9.rpm /tmp/input-rpms/10.rpm /tmp/input-rpms/11.rpm /tmp/input-rpms/12.rpm /tmp/input-rpms/13.rpm /tmp/input-rpms/14.rpm /tmp/input-rpms/15.rpm /tmp/input-rpms/16.rpm /tmp/input-rpms/17.rpm /tmp/input-rpms/18.rpm exitcode 19
Preparing...                          ########################################
Updating / installing...
libc++abi-22.1.8-1                    ########################################
libc++-22.1.8-1                       ########################################
libllvm-22.1.8-1                      ########################################
llvm-22.1.8-1                         ########################################
clang-22.1.8-1                        ########################################
libc++abi-devel-22.1.8-1              ########################################
libffi-3.4.7-1.11                     ########################################
libffi-devel-3.4.7-1.11               ########################################
libffi-devel-static-3.4.7-1.11        ########################################
libc++-devel-22.1.8-1                 ########################################
clang-devel-22.1.8-1                  ########################################
llvm-devel-22.1.8-1                   ########################################
llvm-static-devel-22.1.8-1            ########################################
libomp-22.1.8-1                       ########################################
bcc-tools-static-0.35.0-112.1         ########################################
zlib-devel-static-1.3.1-1.11          ########################################
liblzma-static-5.8.1-1.10             ########################################
libbpf-static-2:1.6.2-1.1             ########################################
libomp-devel-22.1.8-1                 ########################################
error: unpacking of archive failed on file /usr/lib64/libc++abi.so.1;6aacc1b6: cpio: symlink failed - Inappropriate ioctl for device
error: libc++abi-22.1.8-1.aarch64: install failed
error: unpacking of archive failed on file /usr/lib64/libc++.so.1;6aacc1b6: cpio: symlink failed - Inappropriate ioctl for device
error: libc++-22.1.8-1.aarch64: install failed
error: unpacking of archive failed on file /usr/lib64/libLLVM-22.so;6aacc1b6: cpio: symlink failed - Inappropriate ioctl for device
error: libllvm-22.1.8-1.aarch64: install failed
error: unpacking of archive failed on file /usr/bin/analyze-build;6aacc1b6: cpio: open failed - Inappropriate ioctl for device
error: llvm-22.1.8-1.aarch64: install failed
error: unpacking of archive failed on file /usr/bin/aarch64-tizen-linux-gnu-clang;6aacc1b6: cpio: symlink failed - Inappropriate ioctl for device
error: clang-22.1.8-1.aarch64: install failed
error: unpacking of archive failed on file /usr/lib64/libc++abi.a;6aacc1b6: cpio: open failed - Inappropriate ioctl for device
error: libc++abi-devel-22.1.8-1.aarch64: install failed
error: unpacking of archive failed on file /usr/lib64/libffi.so.8;6aacc1b6: cpio: symlink failed - Inappropriate ioctl for device
error: libffi-3.4.7-1.11.aarch64: install failed
error: unpacking of archive failed on file /usr/lib64/libffi.so;6aacc1b6: cpio: symlink failed - Inappropriate ioctl for device
error: libffi-devel-3.4.7-1.11.aarch64: install failed
error: unpacking of archive failed on file /usr/lib64/libffi.a;6aacc1b6: cpio: open failed - Inappropriate ioctl for device
error: libffi-devel-static-3.4.7-1.11.aarch64: install failed
error: unpacking of archive failed on file /usr/lib64/libc++.a;6aacc1b6: cpio: open failed - Inappropriate ioctl for device
error: libc++-devel-22.1.8-1.aarch64: install failed
error: unpacking of archive failed on file /usr/bin/clang-tblgen;6aacc1b6: cpio: open failed - Inappropriate ioctl for device
error: clang-devel-22.1.8-1.aarch64: install failed
error: unpacking of archive failed on file /usr/bin/amdgpu-arch;6aacc1b6: cpio: symlink failed - Inappropriate ioctl for device
error: llvm-devel-22.1.8-1.aarch64: install failed
error: unpacking of archive failed on file /usr/lib64/libLLVMAArch64AsmParser.a;6aacc1b6: cpio: open failed - Inappropriate ioctl for device
error: llvm-static-devel-22.1.8-1.aarch64: install failed
error: unpacking of archive failed on file /usr/lib64/libarcher.so;6aacc1b6: cpio: open failed - Inappropriate ioctl for device
error: libomp-22.1.8-1.aarch64: install failed
error: unpacking of archive failed on file /usr/lib64/libbcc-loader-static.a;6aacc1b6: cpio: open failed - Inappropriate ioctl for device
error: bcc-tools-static-0.35.0-112.1.aarch64: install failed
error: unpacking of archive failed on file /usr/lib64/libz.a;6aacc1b6: cpio: open failed - Inappropriate ioctl for device
error: zlib-devel-static-1.3.1-1.11.aarch64: install failed
error: unpacking of archive failed on file /usr/lib64/liblzma.a;6aacc1b6: cpio: open failed - Inappropriate ioctl for device
error: liblzma-static-5.8.1-1.10.aarch64: install failed
error: unpacking of archive failed on file /usr/lib64/libbpf.a;6aacc1b6: cpio: open failed - Inappropriate ioctl for device
error: libbpf-static-2:1.6.2-1.1.aarch64: install failed
error: llvm-devel-22.1.8-108.2.aarch64: erase skipped
error: clang-devel-22.1.8-108.2.aarch64: erase skipped
error: clang-22.1.8-108.2.aarch64: erase skipped
error: libomp-22.1.8-108.2.aarch64: erase skipped
error: libc++-devel-22.1.8-1.1.aarch64: erase skipped
error: libc++abi-devel-22.1.8-1.1.aarch64: erase skipped
error: llvm-static-devel-22.1.8-108.2.aarch64: erase skipped
error: llvm-22.1.8-108.2.aarch64: erase skipped
error: libllvm-22.1.8-108.2.aarch64: erase skipped
error: libc++-22.1.8-1.1.aarch64: erase skipped
error: libc++abi-22.1.8-1.1.aarch64: erase skipped
Traceback (most recent call last):
  File "/home/toolchain/development/libc++_replacement/progress/BUILD_WEEKEND_0918/install_inputs.py", line 57, in <module>
    run(base+['--','rpm','-Uvh','--ignorearch','--oldpackage',*guest])
  File "/home/toolchain/development/libc++_replacement/progress/BUILD_WEEKEND_0918/install_inputs.py", line 15, in run
    assert r.returncode==0,(cmd,r.stderr)
           ^^^^^^^^^^^^^^^
AssertionError: (['bwrap', '--unshare-user', '--uid', '0', '--gid', '0', '--ro-bind', '/home/toolchain/development/libc++_replacement/tmp/GBS-ROOT/BUILD-W2C-bpftrace-aarch64-libcxx/local/BUILD-ROOTS/scratch.aarch64.0', '/', '--bind', '/home/toolchain/development/libc++_replacement/tmp/WEEKEND_0918/input-aarch64-v3/usr', '/usr', '--bind', '/home/toolchain/development/libc++_replacement/tmp/WEEKEND_0918/input-aarch64-v3/rpmdb', '/var/lib/rpm', '--ro-bind', '/home/toolchain/development/libc++_replacement/tmp/GBS-ROOT/BUILD-W2C-bpftrace-aarch64-libcxx/local/BUILD-ROOTS/scratch.aarch64.0/usr/sbin', '/usr/sbin', '--bind', '/home/toolchain/development/libc++_replacement/tmp/WEEKEND_0918/input-aarch64-v3/etc', '/etc', '--bind', '/home/toolchain/development/libc++_replacement/tmp/WEEKEND_0918/input-aarch64-v3/root', '/root', '--dev', '/dev', '--proc', '/proc', '--tmpfs', '/tmp', '--bind', '/home/toolchain/development/libc++_replacement/tmp/WEEKEND_0918', '/tmp/task', '--ro-bind', '/home/toolchain/development/libc++_replacement/tmp/NIGHT_0917', '/tmp/night', '--setenv', 'PATH', '/bin:/usr/bin:/sbin:/usr/sbin', '--setenv', 'CMAKE_BUILD_PARALLEL_LEVEL', '1', '--setenv', 'RPM_BUILD_NCPUS', '1', '--setenv', 'MAKEFLAGS', '-j1', '--setenv', 'QEMU_RESERVED_VA', '0x100000000', '--setenv', 'LC_ALL', 'C', '--ro-bind', '/home/toolchain/development/libc++_replacement/tmp/STATIC_0917B/rpm-aarch64/RPMS/aarch64/clang-22.1.8-1.aarch64.rpm', '/tmp/input-rpms/0.rpm', '--ro-bind', '/home/toolchain/development/libc++_replacement/tmp/STATIC_0917B/rpm-aarch64/RPMS/aarch64/clang-devel-22.1.8-1.aarch64.rpm', '/tmp/input-rpms/1.rpm', '--ro-bind', '/home/toolchain/development/libc++_replacement/tmp/STATIC_0917B/rpm-aarch64/RPMS/aarch64/libllvm-22.1.8-1.aarch64.rpm', '/tmp/input-rpms/2.rpm', '--ro-bind', '/home/toolchain/development/libc++_replacement/tmp/STATIC_0917B/rpm-aarch64/RPMS/aarch64/libomp-22.1.8-1.aarch64.rpm', '/tmp/input-rpms/3.rpm', '--ro-bind', '/home/toolchain/development/libc++_replacement/tmp/STATIC_0917B/rpm-aarch64/RPMS/aarch64/libomp-devel-22.1.8-1.aarch64.rpm', '/tmp/input-rpms/4.rpm', '--ro-bind', '/home/toolchain/development/libc++_replacement/tmp/STATIC_0917B/rpm-aarch64/RPMS/aarch64/llvm-22.1.8-1.aarch64.rpm', '/tmp/input-rpms/5.rpm', '--ro-bind', '/home/toolchain/development/libc++_replacement/tmp/STATIC_0917B/rpm-aarch64/RPMS/aarch64/llvm-devel-22.1.8-1.aarch64.rpm', '/tmp/input-rpms/6.rpm', '--ro-bind', '/home/toolchain/development/libc++_replacement/tmp/STATIC_0917B/rpm-aarch64/RPMS/aarch64/llvm-static-devel-22.1.8-1.aarch64.rpm', '/tmp/input-rpms/7.rpm', '--ro-bind', '/home/toolchain/development/libc++_replacement/tmp/NIGHT_0917/finish_validation/rpm/RPMS/aarch64/libc++-22.1.8-1.aarch64.rpm', '/tmp/input-rpms/8.rpm', '--ro-bind', '/home/toolchain/development/libc++_replacement/tmp/NIGHT_0917/finish_validation/rpm/RPMS/aarch64/libc++-devel-22.1.8-1.aarch64.rpm', '/tmp/input-rpms/9.rpm', '--ro-bind', '/home/toolchain/development/libc++_replacement/tmp/NIGHT_0917/finish_validation/rpm/RPMS/aarch64/libc++abi-22.1.8-1.aarch64.rpm', '/tmp/input-rpms/10.rpm', '--ro-bind', '/home/toolchain/development/libc++_replacement/tmp/NIGHT_0917/finish_validation/rpm/RPMS/aarch64/libc++abi-devel-22.1.8-1.aarch64.rpm', '/tmp/input-rpms/11.rpm', '--ro-bind', '/home/toolchain/development/libc++_replacement/tmp/BUILD_NIGHT_0916.h4taGY/dependency-rpms/libbpf-static-1.6.2-1.1.aarch64.rpm', '/tmp/input-rpms/12.rpm', '--ro-bind', '/home/toolchain/development/libc++_replacement/tmp/BUILD_NIGHT_0916.h4taGY/dependency-rpms/liblzma-static-5.8.1-1.10.aarch64.rpm', '/tmp/input-rpms/13.rpm', '--ro-bind', '/home/toolchain/development/libc++_replacement/tmp/BUILD_NIGHT_0916.h4taGY/dependency-rpms/zlib-devel-static-1.3.1-1.11.aarch64.rpm', '/tmp/input-rpms/14.rpm', '--ro-bind', '/home/toolchain/development/libc++_replacement/tmp/BUILD_NIGHT_0916.h4taGY/dependency-rpms/libffi-devel-static-3.4.7-1.11.aarch64.rpm', '/tmp/input-rpms/15.rpm', '--ro-bind', '/home/toolchain/development/libc++_replacement/tmp/BUILD_W2_0912/bcc-local-repo/aarch64/bcc-tools-static-0.35.0-112.1.aarch64.rpm', '/tmp/input-rpms/16.rpm', '--ro-bind', '/home/toolchain/development/libc++_replacement/tmp/WEEKEND_0918/dependencies/libffi-3.4.7-1.11.aarch64.rpm', '/tmp/input-rpms/17.rpm', '--ro-bind', '/home/toolchain/development/libc++_replacement/tmp/WEEKEND_0918/dependencies/libffi-devel-3.4.7-1.11.aarch64.rpm', '/tmp/input-rpms/18.rpm', '--', 'rpm', '-Uvh', '--ignorearch', '--oldpackage', '/tmp/input-rpms/0.rpm', '/tmp/input-rpms/1.rpm', '/tmp/input-rpms/2.rpm', '/tmp/input-rpms/3.rpm', '/tmp/input-rpms/4.rpm', '/tmp/input-rpms/5.rpm', '/tmp/input-rpms/6.rpm', '/tmp/input-rpms/7.rpm', '/tmp/input-rpms/8.rpm', '/tmp/input-rpms/9.rpm', '/tmp/input-rpms/10.rpm', '/tmp/input-rpms/11.rpm', '/tmp/input-rpms/12.rpm', '/tmp/input-rpms/13.rpm', '/tmp/input-rpms/14.rpm', '/tmp/input-rpms/15.rpm', '/tmp/input-rpms/16.rpm', '/tmp/input-rpms/17.rpm', '/tmp/input-rpms/18.rpm'], 'error: unpacking of archive failed on file /usr/lib64/libc++abi.so.1;6aacc1b6: cpio: symlink failed - Inappropriate ioctl for device\nerror: libc++abi-22.1.8-1.aarch64: install failed\nerror: unpacking of archive failed on file /usr/lib64/libc++.so.1;6aacc1b6: cpio: symlink failed - Inappropriate ioctl for device\nerror: libc++-22.1.8-1.aarch64: install failed\nerror: unpacking of archive failed on file /usr/lib64/libLLVM-22.so;6aacc1b6: cpio: symlink failed - Inappropriate ioctl for device\nerror: libllvm-22.1.8-1.aarch64: install failed\nerror: unpacking of archive failed on file /usr/bin/analyze-build;6aacc1b6: cpio: open failed - Inappropriate ioctl for device\nerror: llvm-22.1.8-1.aarch64: install failed\nerror: unpacking of archive failed on file /usr/bin/aarch64-tizen-linux-gnu-clang;6aacc1b6: cpio: symlink failed - Inappropriate ioctl for device\nerror: clang-22.1.8-1.aarch64: install failed\nerror: unpacking of archive failed on file /usr/lib64/libc++abi.a;6aacc1b6: cpio: open failed - Inappropriate ioctl for device\nerror: libc++abi-devel-22.1.8-1.aarch64: install failed\nerror: unpacking of archive failed on file /usr/lib64/libffi.so.8;6aacc1b6: cpio: symlink failed - Inappropriate ioctl for device\nerror: libffi-3.4.7-1.11.aarch64: install failed\nerror: unpacking of archive failed on file /usr/lib64/libffi.so;6aacc1b6: cpio: symlink failed - Inappropriate ioctl for device\nerror: libffi-devel-3.4.7-1.11.aarch64: install failed\nerror: unpacking of archive failed on file /usr/lib64/libffi.a;6aacc1b6: cpio: open failed - Inappropriate ioctl for device\nerror: libffi-devel-static-3.4.7-1.11.aarch64: install failed\nerror: unpacking of archive failed on file /usr/lib64/libc++.a;6aacc1b6: cpio: open failed - Inappropriate ioctl for device\nerror: libc++-devel-22.1.8-1.aarch64: install failed\nerror: unpacking of archive failed on file /usr/bin/clang-tblgen;6aacc1b6: cpio: open failed - Inappropriate ioctl for device\nerror: clang-devel-22.1.8-1.aarch64: install failed\nerror: unpacking of archive failed on file /usr/bin/amdgpu-arch;6aacc1b6: cpio: symlink failed - Inappropriate ioctl for device\nerror: llvm-devel-22.1.8-1.aarch64: install failed\nerror: unpacking of archive failed on file /usr/lib64/libLLVMAArch64AsmParser.a;6aacc1b6: cpio: open failed - Inappropriate ioctl for device\nerror: llvm-static-devel-22.1.8-1.aarch64: install failed\nerror: unpacking of archive failed on file /usr/lib64/libarcher.so;6aacc1b6: cpio: open failed - Inappropriate ioctl for device\nerror: libomp-22.1.8-1.aarch64: install failed\nerror: unpacking of archive failed on file /usr/lib64/libbcc-loader-static.a;6aacc1b6: cpio: open failed - Inappropriate ioctl for device\nerror: bcc-tools-static-0.35.0-112.1.aarch64: install failed\nerror: unpacking of archive failed on file /usr/lib64/libz.a;6aacc1b6: cpio: open failed - Inappropriate ioctl for device\nerror: zlib-devel-static-1.3.1-1.11.aarch64: install failed\nerror: unpacking of archive failed on file /usr/lib64/liblzma.a;6aacc1b6: cpio: open failed - Inappropriate ioctl for device\nerror: liblzma-static-5.8.1-1.10.aarch64: install failed\nerror: unpacking of archive failed on file /usr/lib64/libbpf.a;6aacc1b6: cpio: open failed - Inappropriate ioctl for device\nerror: libbpf-static-2:1.6.2-1.1.aarch64: install failed\nerror: llvm-devel-22.1.8-108.2.aarch64: erase skipped\nerror: clang-devel-22.1.8-108.2.aarch64: erase skipped\nerror: clang-22.1.8-108.2.aarch64: erase skipped\nerror: libomp-22.1.8-108.2.aarch64: erase skipped\nerror: libc++-devel-22.1.8-1.1.aarch64: erase skipped\nerror: libc++abi-devel-22.1.8-1.1.aarch64: erase skipped\nerror: llvm-static-devel-22.1.8-108.2.aarch64: erase skipped\nerror: llvm-22.1.8-108.2.aarch64: erase skipped\nerror: libllvm-22.1.8-108.2.aarch64: erase skipped\nerror: libc++-22.1.8-1.1.aarch64: erase skipped\nerror: libc++abi-22.1.8-1.1.aarch64: erase skipped\n')
