#!/bin/bash
set -u

if [ "$#" -lt 3 ]; then
  echo "usage: $0 NUMBER LABEL COMMAND..." >&2
  exit 2
fi

number=$1
label=$2
shift 2
raw_dir=$(cd "$(dirname "$0")/../raw" && pwd)
prefix="$raw_dir/${number}_${label}"

printf '%q ' "$@" >"${prefix}.command.txt"
printf '\n' >>"${prefix}.command.txt"
set +e
"$@" >"${prefix}.stdout" 2>"${prefix}.stderr"
rc=$?
printf '%s\n' "$rc" >"${prefix}.exitcode"
cat "${prefix}.stdout"
cat "${prefix}.stderr" >&2
exit "$rc"
?? README_UNPACK.md
?? docs/hq/
?? docs/plan/
?? gbs_llvm.conf
codes/qb/TIZEN/Tizen/Tizen-Base-Toolchain/candidate_snapshot
codes/qb/TIZEN/Tizen/Tizen-Base-Toolchain/manifest.xml
codes/qb/TIZEN/Tizen/Tizen-Base-Toolchain/project_config
codes/qb/TIZEN/Tizen/Tizen-Base-Toolchain/project_env
codes/qb/TIZEN/Tizen/Tizen-Base-Toolchain/project_meta
codes/qb/TIZEN/Tizen/Tizen-Base-Toolchain/snapshot_info
codes/qb/TIZEN/Tizen/Tizen-Unified-Toolchain/candidate_snapshot
codes/qb/TIZEN/Tizen/Tizen-Unified-Toolchain/manifest.xml
codes/qb/TIZEN/Tizen/Tizen-Unified-Toolchain/project_config
codes/qb/TIZEN/Tizen/Tizen-Unified-Toolchain/project_env
codes/qb/TIZEN/Tizen/Tizen-Unified-Toolchain/project_meta
codes/qb/TIZEN/Tizen/Tizen-Unified-Toolchain/snapshot_info
