### codes/qb/TIZEN/Tizen/Tizen-Base-Toolchain
codes/qb/TIZEN/Tizen/Tizen-Base-Toolchain/project_config:122:%__cc_clang %{_host}-clang
codes/qb/TIZEN/Tizen/Tizen-Base-Toolchain/project_config:123:%__cxx_clang %{_host}-clang++
codes/qb/TIZEN/Tizen/Tizen-Base-Toolchain/project_config:129:%__cc_gcc %{_host}-gcc
codes/qb/TIZEN/Tizen/Tizen-Base-Toolchain/project_config:130:%__cxx_gcc %{_host}-g++
codes/qb/TIZEN/Tizen/Tizen-Base-Toolchain/project_config:133:%_toolchain %{?_toolchain_override}%{!?_toolchain_override:clang}
codes/qb/TIZEN/Tizen/Tizen-Base-Toolchain/project_config:138:%__cc %{expand:%%{__cc_%{_toolchain}}}
codes/qb/TIZEN/Tizen/Tizen-Base-Toolchain/project_config:139:%__cxx %{expand:%%{__cxx_%{_toolchain}}}
codes/qb/TIZEN/Tizen/Tizen-Base-Toolchain/project_config:146:%build %%build\
codes/qb/TIZEN/Tizen/Tizen-Base-Toolchain/project_config:161:Target: i686-tizen-linux
codes/qb/TIZEN/Tizen/Tizen-Base-Toolchain/project_config:165:Target: armv7hl-tizen-linux
codes/qb/TIZEN/Tizen/Tizen-Base-Toolchain/project_config:169:Target: armv7l-tizen-linux
codes/qb/TIZEN/Tizen/Tizen-Base-Toolchain/project_config:173:Target: aarch64-tizen-linux
codes/qb/TIZEN/Tizen/Tizen-Base-Toolchain/project_config:177:Target: riscv64-tizen-linux
codes/qb/TIZEN/Tizen/Tizen-Base-Toolchain/project_config:184:%build_hostarch x86_64
codes/qb/TIZEN/Tizen/Tizen-Base-Toolchain/project_config:188:Hostarch: x86_64
codes/qb/TIZEN/Tizen/Tizen-Base-Toolchain/project_config:201:Preinstall: clang-accel-%{build_hostarch}-armv7l
codes/qb/TIZEN/Tizen/Tizen-Base-Toolchain/project_config:209:Preinstall: clang-accel-%{build_hostarch}-armv7hl
codes/qb/TIZEN/Tizen/Tizen-Base-Toolchain/project_config:217:Preinstall: clang-accel-%{build_hostarch}-aarch64
codes/qb/TIZEN/Tizen/Tizen-Base-Toolchain/project_config:225:Preinstall: clang-accel-%{build_hostarch}-riscv64
codes/qb/TIZEN/Tizen/Tizen-Base-Toolchain/project_config:348:%build_ldflags -Wl,-z,relro,--as-needed%{?_ldflags_arch_extra}
codes/qb/TIZEN/Tizen/Tizen-Base-Toolchain/project_meta:1:<project name="Tizen-Base-Toolchain">
codes/qb/TIZEN/Tizen/Tizen-Base-Toolchain/project_meta:5:  <repository name="standard">
codes/qb/TIZEN/Tizen/Tizen-Base-Toolchain/project_meta:6:    <path project="DOD:Tizen-Base-Toolchain" repository="standard" />
codes/qb/TIZEN/Tizen/Tizen-Base-Toolchain/snapshot_info:4:  <reference target="tizen-base-toolchain_20260813.050338" url="http://download.tizen.org/snapshots/TIZEN/Tizen/Tizen-Base-Toolchain/"/>
codes/qb/TIZEN/Tizen/Tizen-Base-Toolchain/snapshot_info:5:  <base target="tizen-base-toolchain_20260602.073651" url="http://download.tizen.org/snapshots/TIZEN/Tizen/Tizen-Base-Toolchain/">
codes/qb/TIZEN/Tizen/Tizen-Base-Toolchain/snapshot_info:6:    <repository name="standard">
### codes/qb/TIZEN/Tizen/Tizen-Unified-Toolchain
codes/qb/TIZEN/Tizen/Tizen-Unified-Toolchain/project_config:152:%build %%build\
codes/qb/TIZEN/Tizen/Tizen-Unified-Toolchain/project_config:160:# derived from Tizen:Base
codes/qb/TIZEN/Tizen/Tizen-Unified-Toolchain/snapshot_info:4:  <reference target="tizen-unified-toolchain_20260814.092727" url="http://download.tizen.org/snapshots/TIZEN/Tizen/Tizen-Unified-Toolchain/"/>
codes/qb/TIZEN/Tizen/Tizen-Unified-Toolchain/snapshot_info:5:  <base target="tizen-base-toolchain_20260813.050338" url="http://download.tizen.org/snapshots/TIZEN/Tizen/Tizen-Base-Toolchain/">
codes/qb/TIZEN/Tizen/Tizen-Unified-Toolchain/snapshot_info:6:    <repository name="standard">
codes/qb/TIZEN/Tizen/Tizen-Unified-Toolchain/project_meta:1:<project name="Tizen-Unified-Toolchain">
codes/qb/TIZEN/Tizen/Tizen-Unified-Toolchain/project_meta:5:  <repository name="standard">
