[detached HEAD dd4beffc30be] packaging: force Clang for libc++ runtimes
 1 file changed, 1 insertion(+)
COMMIT
commit dd4beffc30be (HEAD)
Author:     hao.lin <hao.lin@samsung.com>
AuthorDate: Tue Sep 1 21:08:49 2026 +0800
Commit:     hao.lin <hao.lin@samsung.com>
CommitDate: Tue Sep 1 21:08:49 2026 +0800

    packaging: force Clang for libc++ runtimes
    
    This addresses review feedback that %{__cc} and %{__cxx} can resolve to GCC while the runtime configuration passes the Clang driver option --rtlib=libgcc. Force the platform toolchain selector to Clang, following the existing llvm.spec convention, while leaving target triples and cross-compilation settings unchanged.
    
    中文说明：回应评审关于编译器宏可能解析为 GCC 的意见。明确强制使用 Clang，保留现有目标三元组与交叉编译设置不变。
    
    Change-Id: Ib5ad0875af75aed81c767ae96b954b065e7c2877

 packaging/libcxx-runtimes.spec | 1 +
 1 file changed, 1 insertion(+)
DIFF
diff --git a/packaging/libcxx-runtimes.spec b/packaging/libcxx-runtimes.spec
index 5b44b01f9438..a8a2e8ea078a 100644
--- a/packaging/libcxx-runtimes.spec
+++ b/packaging/libcxx-runtimes.spec
@@ -1,5 +1,6 @@
 %define llvm_major 22
 %define llvm_version 22.1.8
+%define _toolchain_override clang
 
 Name:           libcxx-runtimes
 Version:        22.1.8
STATUS
