FORCED_UNWIND_TYPEINFO
    14: 0000000000000000     0 FUNC    GLOBAL DEFAULT  UND _Unwind_Resume_or_Rethrow@GCC_3.3 (7)
    50: 0000000000046278    40 OBJECT  GLOBAL DEFAULT   22 vtable for __cxxabiv1::__forced_unwind@@LLVM_22
    51: 0000000000033d60     1 FUNC    GLOBAL DEFAULT   12 __cxxabiv1::__forced_unwind::~__forced_unwind()@@LLVM_22
    70: 0000000000039ab6    32 OBJECT  GLOBAL DEFAULT   15 typeinfo name for __cxxabiv1::__forced_unwind@@LLVM_22
    71: 00000000000462a0    16 OBJECT  GLOBAL DEFAULT   22 typeinfo for __cxxabiv1::__forced_unwind@@LLVM_22
   320: 0000000000011930     2 FUNC    GLOBAL DEFAULT   12 __cxxabiv1::__forced_unwind::~__forced_unwind()@@LLVM_22
   372: 0000000000033d60     1 FUNC    GLOBAL DEFAULT   12 __cxxabiv1::__forced_unwind::~__forced_unwind()@@LLVM_22
LIBRARY_BATCH_FUNCTIONS
   237: 00000000000fe0e0    40 OBJECT  WEAK   DEFAULT   20 typeinfo for std::__1::basic_ostream<char, std::__1::char_traits<char> >@@LLVM_22
   241: 00000000000e1162    47 OBJECT  WEAK   DEFAULT   14 typeinfo name for std::__1::basic_ostream<char, std::__1::char_traits<char> >@@LLVM_22
   258: 00000000000761a0   177 FUNC    WEAK   DEFAULT   12 std::__1::basic_filebuf<char, std::__1::char_traits<char> >::open(char const*, unsigned int)@@LLVM_22
   261: 0000000000076480   446 FUNC    WEAK   DEFAULT   12 std::__1::basic_filebuf<char, std::__1::char_traits<char> >::basic_filebuf(std::__1::basic_filebuf<char, std::__1::char_traits<char> >&&)@@LLVM_22
   278: 00000000000737e0    37 FUNC    WEAK   DEFAULT   12 std::__1::basic_ostream<wchar_t, std::__1::char_traits<wchar_t> >::~basic_ostream()@@LLVM_22
   291: 0000000000073a00     5 FUNC    WEAK   DEFAULT   12 std::__1::basic_ostream<wchar_t, std::__1::char_traits<wchar_t> >::operator<<(bool)@@LLVM_22
   295: 00000000000747d0     5 FUNC    WEAK   DEFAULT   12 std::__1::basic_ostream<wchar_t, std::__1::char_traits<wchar_t> >::operator<<(double)@@LLVM_22
   297: 0000000000074950     5 FUNC    WEAK   DEFAULT   12 std::__1::basic_ostream<wchar_t, std::__1::char_traits<wchar_t> >::operator<<(long double)@@LLVM_22
   300: 00000000000747c0     9 FUNC    WEAK   DEFAULT   12 std::__1::basic_ostream<wchar_t, std::__1::char_traits<wchar_t> >::operator<<(float)@@LLVM_22
   308: 0000000000069000   151 FUNC    GLOBAL DEFAULT   12 std::__1::__assoc_sub_state::set_exception_at_thread_exit(std::exception_ptr)@@LLVM_22
   309: 0000000000073ea0     5 FUNC    WEAK   DEFAULT   12 std::__1::basic_ostream<wchar_t, std::__1::char_traits<wchar_t> >::operator<<(int)@@LLVM_22
   311: 0000000000074040     5 FUNC    WEAK   DEFAULT   12 std::__1::basic_ostream<wchar_t, std::__1::char_traits<wchar_t> >::operator<<(unsigned int)@@LLVM_22
   317: 00000000000741c0     5 FUNC    WEAK   DEFAULT   12 std::__1::basic_ostream<wchar_t, std::__1::char_traits<wchar_t> >::operator<<(long)@@LLVM_22
   318: 00000000000fe250    40 OBJECT  WEAK   DEFAULT   20 typeinfo for std::__1::basic_ostream<wchar_t, std::__1::char_traits<wchar_t> >@@LLVM_22
   320: 0000000000074340     5 FUNC    WEAK   DEFAULT   12 std::__1::basic_ostream<wchar_t, std::__1::char_traits<wchar_t> >::operator<<(unsigned long)@@LLVM_22
   329: 000000000006d9a0   381 FUNC    WEAK   DEFAULT   12 std::__1::basic_istream<char, std::__1::char_traits<char> >::get(std::__1::basic_streambuf<char, std::__1::char_traits<char> >&, char)@@LLVM_22
   334: 00000000000726e0   124 FUNC    WEAK   DEFAULT   12 std::__1::basic_istream<wchar_t, std::__1::char_traits<wchar_t> >::get(std::__1::basic_streambuf<wchar_t, std::__1::char_traits<wchar_t> >&)@@LLVM_22
   338: 0000000000073b80     5 FUNC    WEAK   DEFAULT   12 std::__1::basic_ostream<wchar_t, std::__1::char_traits<wchar_t> >::operator<<(short)@@LLVM_22
   339: 0000000000073d20     5 FUNC    WEAK   DEFAULT   12 std::__1::basic_ostream<wchar_t, std::__1::char_traits<wchar_t> >::operator<<(unsigned short)@@LLVM_22
   344: 00000000000744c0     5 FUNC    WEAK   DEFAULT   12 std::__1::basic_ostream<wchar_t, std::__1::char_traits<wchar_t> >::operator<<(long long)@@LLVM_22
   349: 0000000000074640     5 FUNC    WEAK   DEFAULT   12 std::__1::basic_ostream<wchar_t, std::__1::char_traits<wchar_t> >::operator<<(unsigned long long)@@LLVM_22
   360: 0000000000073910   148 FUNC    WEAK   DEFAULT   12 std::__1::basic_ostream<wchar_t, std::__1::char_traits<wchar_t> >::sentry::~sentry()@@LLVM_22
   361: 00000000000739c0    31 FUNC    WEAK   DEFAULT   12 std::__1::basic_ostream<wchar_t, std::__1::char_traits<wchar_t> >::operator<<(std::__1::basic_ios<wchar_t, std::__1::char_traits<wchar_t> >& (*)(std::__1::basic_ios<wchar_t, std::__1::char_traits<wchar_t> >&))@@LLVM_22
   378: 000000000006c130   420 FUNC    WEAK   DEFAULT   12 std::__1::basic_istream<char, std::__1::char_traits<char> >::sentry::sentry(std::__1::basic_istream<char, std::__1::char_traits<char> >&, bool)@@LLVM_22
   386: 0000000000072e20   228 FUNC    WEAK   DEFAULT   12 std::__1::basic_istream<wchar_t, std::__1::char_traits<wchar_t> >::read(wchar_t*, long)@@LLVM_22
   410: 00000000000737b0     9 FUNC    WEAK   DEFAULT   12 std::__1::basic_ostream<wchar_t, std::__1::char_traits<wchar_t> >::~basic_ostream()@@LLVM_22
   418: 00000000000e1133    47 OBJECT  WEAK   DEFAULT   14 typeinfo name for std::__1::basic_istream<char, std::__1::char_traits<char> >@@LLVM_22
   444: 0000000000073730    98 FUNC    WEAK   DEFAULT   12 std::__1::basic_ostream<wchar_t, std::__1::char_traits<wchar_t> >::basic_ostream(std::__1::basic_streambuf<wchar_t, std::__1::char_traits<wchar_t> >*)@@LLVM_22
   446: 000000000006d740   476 FUNC    WEAK   DEFAULT   12 std::__1::basic_istream<char, std::__1::char_traits<char> >::get(char*, long, char)@@LLVM_22
   462: 000000000006c0a0   131 FUNC    WEAK   DEFAULT   12 std::__1::basic_istream<char, std::__1::char_traits<char> >::swap(std::__1::basic_istream<char, std::__1::char_traits<char> >&)@@LLVM_22
RPM_PATCH_SERIES
25:Patch6:     0007-libc-abi-preserve-foreign-forced-unwind-state.patch
26:Patch7:     0008-libc-abi-expose-GNU-forced-unwind-marker-type.patch
27:Patch8:     0009-libcxx-preserve-forced-unwind-in-consumer-instantiat.patch
28:Patch9:     0010-libcxx-preserve-forced-unwind-in-library-delivered-h.patch
87:%patch6 -p1
89:%patch7 -p1
91:%patch8 -p1
93:%patch9 -p1
