62:SWIGEXPORT void* SWIGSTDCALL CSharp_Dali_new_Property_Value__SWIG_2(int jarg1)
220:SWIGEXPORT void* SWIGSTDCALL CSharp_Dali_new_Property_Value__SWIG_9(void* jarg1)
487:SWIGEXPORT void SWIGSTDCALL CSharp_Dali_delete_Property_Value(void* jarg1)
501:SWIGEXPORT int SWIGSTDCALL CSharp_Dali_Property_Value_GetType(void* jarg1)
520:SWIGEXPORT bool SWIGSTDCALL CSharp_Dali_Property_Value_Get__SWIG_1(void* jarg1, bool* jarg2)
541:SWIGEXPORT bool SWIGSTDCALL CSharp_Dali_Property_Value_Get__SWIG_2(void* jarg1, float* jarg2)
562:SWIGEXPORT bool SWIGSTDCALL CSharp_Dali_Property_Value_Get__SWIG_3(void* jarg1, int* jarg2)
583:SWIGEXPORT bool SWIGSTDCALL CSharp_Dali_Property_Value_Get__SWIG_4(void* jarg1, void* jarg2)
609:SWIGEXPORT bool SWIGSTDCALL CSharp_Dali_Property_Value_Get__SWIG_5(void* jarg1, void* jarg2)
635:SWIGEXPORT bool SWIGSTDCALL CSharp_Dali_Property_Value_Get__SWIG_6(void* jarg1, void* jarg2)
661:SWIGEXPORT bool SWIGSTDCALL CSharp_Dali_Property_Value_Get__SWIG_7(void* jarg1, void* jarg2)
687:SWIGEXPORT bool SWIGSTDCALL CSharp_Dali_Property_Value_Get__SWIG_8(void* jarg1, void* jarg2)
713:SWIGEXPORT bool SWIGSTDCALL CSharp_Dali_Property_Value_Get__SWIG_9(void* jarg1, void* jarg2)
739:SWIGEXPORT bool SWIGSTDCALL CSharp_Dali_Property_Value_Get__SWIG_10(void* jarg1, void* jarg2)
765:SWIGEXPORT bool SWIGSTDCALL CSharp_Dali_Property_Value_Get__SWIG_11(void* jarg1, void* jarg2)
791:SWIGEXPORT bool SWIGSTDCALL CSharp_Dali_Property_Value_Get__SWIG_12(void* jarg1, char** jarg2)
818:SWIGEXPORT bool SWIGSTDCALL CSharp_Dali_Property_Value_Get__SWIG_13(void* jarg1, void* jarg2)
844:SWIGEXPORT bool SWIGSTDCALL CSharp_Dali_Property_Value_Get__SWIG_14(void* jarg1, void* jarg2)
870:SWIGEXPORT bool SWIGSTDCALL CSharp_Dali_Property_Value_Get__SWIG_15(void* jarg1, void* jarg2)
944:SWIGEXPORT bool SWIGSTDCALL CSharp_Dali_Property_Value_Get_Vector2_Componentwise(void* csPropertyValue, float* outX, float* outY)
967:SWIGEXPORT bool SWIGSTDCALL CSharp_Dali_Property_Value_Get_Vector3_Componentwise(void* csPropertyValue, float* outX, float* outY, float* outZ)
991:SWIGEXPORT bool SWIGSTDCALL CSharp_Dali_Property_Value_Get_Vector4_Componentwise(void* csPropertyValue, float* outX, float* outY, float* outZ, float* outW)
1032:SWIGEXPORT void SWIGSTDCALL CSharp_Dali_Property_Value_Set__SWIG_2(void* jarg1, float jarg2)
39:void SWIGUNUSED SWIG_CSharpSetPendingException(SWIG_CSharpExceptionCodes code, const char* msg)
49:void SWIGUNUSED SWIG_CSharpSetPendingExceptionArgument(SWIG_CSharpExceptionArgumentCodes code, const char* msg, const char* param_name)
64:    SWIG_CSharpSetPendingExceptionArgument(exception_code, msg, 0);
100:    SWIG_CSharpSetPendingException(exception_code, msg);
168:SWIG_CSharpStringHelperCallback SWIG_csharp_string_callback = strdup; ///< Use strdup instead of SWIGRegisterStringCallback_NDalic.

Dynamic section at offset 0x2619d8 contains 32 entries:
  Tag        Type                         Name/Value
 0x0000000000000001 (NEEDED)             Shared library: [libc++.so.1]
 0x0000000000000001 (NEEDED)             Shared library: [libc++abi.so.1]
 0x0000000000000001 (NEEDED)             Shared library: [libpthread.so.0]
 0x0000000000000001 (NEEDED)             Shared library: [libm.so.6]
 0x0000000000000001 (NEEDED)             Shared library: [libgcc_s.so.1]
 0x0000000000000001 (NEEDED)             Shared library: [libc.so.6]
 0x0000000000000001 (NEEDED)             Shared library: [ld-linux-x86-64.so.2]
 0x000000000000000e (SONAME)             Library soname: [libdali2-core.so.2]
 0x000000000000001d (RUNPATH)            Library runpath: [/home/toolchain/development/libcxx_runtime_validation/tmp/IMPL_0908/build-native/lib]
 0x000000000000000c (INIT)               0x5f000
 0x000000000000000d (FINI)               0x1c1e84
 0x0000000000000019 (INIT_ARRAY)         0x252878
 0x000000000000001b (INIT_ARRAYSZ)       192 (bytes)
 0x000000000000001a (FINI_ARRAY)         0x252938
 0x000000000000001c (FINI_ARRAYSZ)       8 (bytes)
 0x000000006ffffef5 (GNU_HASH)           0x238
 0x0000000000000005 (STRTAB)             0x14190
 0x0000000000000006 (SYMTAB)             0x5028
 0x000000000000000a (STRSZ)              105575 (bytes)
 0x000000000000000b (SYMENT)             24 (bytes)
 0x0000000000000003 (PLTGOT)             0x262fe8
 0x0000000000000002 (PLTRELSZ)           22320 (bytes)
 0x0000000000000014 (PLTREL)             RELA
 0x0000000000000017 (JMPREL)             0x58d18
 0x0000000000000007 (RELA)               0x2f348
 0x0000000000000008 (RELASZ)             170448 (bytes)
 0x0000000000000009 (RELAENT)            24 (bytes)
 0x000000006ffffffe (VERNEED)            0x2f218
 0x000000006fffffff (VERNEEDNUM)         6
 0x000000006ffffff0 (VERSYM)             0x2ddf8
 0x000000006ffffff9 (RELACOUNT)          5908
 0x0000000000000000 (NULL)               0x0
/home/toolchain/development/libcxx_runtime_validation/docs/progress/API_0911/W1_CONT/raw/ewk_gnu_build_1: exit=1
/home/toolchain/development/libcxx_runtime_validation/docs/progress/API_0911/W1_CONT/raw/ewk_gnu_build_2: exit=1
/home/toolchain/development/libcxx_runtime_validation/docs/progress/API_0911/W1_CONT/raw/ewk_gnu_build_3: exit=1
