#!/bin/bash
set -e
root=/home/toolchain/development/libc++_replacement/tmp/GBS-ROOT/R30-semantic-libcxx-armv7l-20260812-01/local/BUILD-ROOTS/scratch.armv7l.0
exec /usr/bin/qemu-arm-static -L "$root" "$root/usr/bin/clang++" \
  -fintegrated-cc1 \
  --ld-path=/home/toolchain/development/libc++_replacement/progress/R36/tools/armv7l-ld \
  --target=armv7l-tizen-linux-gnueabi \
  --sysroot="$root" \
  -resource-dir "$root/usr/lib/clang/22" "$@"
total 9764
-rw-rw-r-- 1 toolchain toolchain     549 Sep  8 10:00 libc++.modules.json
-rw-rw-r-- 1 toolchain toolchain      28 Sep  8 10:19 libc++.so
lrwxrwxrwx 1 toolchain toolchain      13 Sep  8 10:19 libc++.so.1 -> libc++.so.1.0
-rwxrwxr-x 1 toolchain toolchain 5667152 Sep  8 10:19 libc++.so.1.0
lrwxrwxrwx 1 toolchain toolchain      14 Sep  8 10:04 libc++abi.so -> libc++abi.so.1
lrwxrwxrwx 1 toolchain toolchain      16 Sep  8 10:04 libc++abi.so.1 -> libc++abi.so.1.0
-rwxrwxr-x 1 toolchain toolchain 1100732 Sep  8 10:04 libc++abi.so.1.0
-rw-rw-r-- 1 toolchain toolchain 3216538 Sep  8 10:09 libc++experimental.a
docs/progress/IMPL_0908/code/configure_native_initial.py:8: '-DCMAKE_ASM_COMPILER='+compiler,'-DCMAKE_C_COMPILER_TARGET=x86_64-tizen-linux-gnu',
docs/progress/IMPL_0908/code/configure_native_initial.py:9: '-DCMAKE_CXX_COMPILER_TARGET=x86_64-tizen-linux-gnu','-DCMAKE_ASM_COMPILER_TARGET=x86_64-tizen-linux-gnu',
docs/progress/IMPL_0908/code/configure_native_initial.py:10: '-DLLVM_DEFAULT_TARGET_TRIPLE=x86_64-tizen-linux-gnu','-DCMAKE_C_FLAGS=--rtlib=libgcc','-DCMAKE_CXX_FLAGS=--rtlib=libgcc',
docs/progress/IMPL_0908/code/build_matrix.py:7:cc='/home/toolchain/development/libc++_replacement/progress/'+('R33/tools/tizen-clang++' if arch=='x86_64' else 'R36/tools/armv7l-clang++')
docs/progress/IMPL_0908/code/configure_native.py:8: '-DCMAKE_ASM_COMPILER='+compiler,'-DCMAKE_C_COMPILER_TARGET=x86_64-tizen-linux-gnu',
docs/progress/IMPL_0908/code/configure_native.py:9: '-DCMAKE_CXX_COMPILER_TARGET=x86_64-tizen-linux-gnu','-DCMAKE_ASM_COMPILER_TARGET=x86_64-tizen-linux-gnu',
docs/progress/IMPL_0908/code/configure_native.py:10: '-DLLVM_DEFAULT_TARGET_TRIPLE=x86_64-tizen-linux-gnu','-DCMAKE_C_FLAGS=','-DCMAKE_CXX_FLAGS=',
docs/progress/IMPL_0908/code/rebuild_shared.py:5:for arch,suffix,cc in [('x86_64','native','R33/tools/tizen-clang++'),('armv7l','armv7l','R36/tools/armv7l-clang++')]:
docs/progress/IMPL_0908/code/configure_arm.py:5:cc='/home/toolchain/development/libc++_replacement/progress/R36/tools/armv7l-clang'
docs/progress/IMPL_0908/code/configure_arm.py:10: '-DCMAKE_C_COMPILER_TARGET=armv7l-tizen-linux-gnueabi','-DCMAKE_CXX_COMPILER_TARGET=armv7l-tizen-linux-gnueabi',
docs/progress/IMPL_0908/code/configure_arm.py:11: '-DCMAKE_ASM_COMPILER_TARGET=armv7l-tizen-linux-gnueabi','-DLLVM_DEFAULT_TARGET_TRIPLE=armv7l-tizen-linux-gnueabi',
docs/progress/IMPL_0908/code/build_old_timed.py:5:for arch,suffix,tool in [('x86_64','native','R33/tools/tizen-clang++'),('armv7l','armv7l','R36/tools/armv7l-clang++')]:
/usr/lib/libchromium-ewk.so
/usr/share/chromium-efl/lib/libchromium-impl.so
ls: cannot access /usr/apps/org.tizen.chromium-efl/lib: No such file or directory
/usr/share/chromium-efl/lib:
total 145096
-rw-r--r-- 1 root root 115311280 Jul 28 14:54 libchromium-impl.so
-rw-r--r-- 1 root root  15370760 Jul 28 14:54 libnode.so
-rw-r--r-- 1 root root  17885436 Jul 28 14:54 libv8.so
|/usr/bin/crash-manager -E %E -p %p -u %u -g %g -s %s -t %t -i%i
/usr/bin/nice
/usr/bin/ionice
/usr/bin/sha256sum
  475     1 stability-monit
