tmp/API_0911/W1_CONT/arm/sdk/dali2-devel/usr/bin/dali-invoke-method-generator
tmp/API_0911/W1_CONT/arm/sdk/dali2-devel/usr/lib/pkgconfig/dali2-core.pc
tmp/API_0911/W1_CONT/arm/sdk/dali2-devel/usr/include/dali/doc/dali-core-doc.h
tmp/API_0911/W1_CONT/arm/sdk/dali2-devel/usr/include/dali/public-api/animation/key-frames.h
tmp/API_0911/W1_CONT/arm/sdk/dali2-devel/usr/include/dali/public-api/animation/time-period.h
tmp/API_0911/W1_CONT/arm/sdk/dali2-devel/usr/include/dali/public-api/animation/constraint-tag-ranges.h
tmp/API_0911/W1_CONT/arm/sdk/dali2-devel/usr/include/dali/public-api/animation/constraint.h
tmp/API_0911/W1_CONT/arm/sdk/dali2-devel/usr/include/dali/public-api/animation/path.h
tmp/API_0911/W1_CONT/arm/sdk/dali2-devel/usr/include/dali/public-api/animation/linear-constrainer.h
tmp/API_0911/W1_CONT/arm/sdk/dali2-devel/usr/include/dali/public-api/animation/alpha-function.h
tmp/API_0911/W1_CONT/arm/sdk/dali2-devel/usr/include/dali/public-api/animation/constraint-source.h
tmp/API_0911/W1_CONT/arm/sdk/dali2-devel/usr/include/dali/public-api/animation/spring-data.h
tmp/API_0911/W1_CONT/arm/sdk/dali2-devel/usr/include/dali/public-api/animation/constraints.h
tmp/API_0911/W1_CONT/arm/sdk/dali2-devel/usr/include/dali/public-api/animation/animation.h
tmp/API_0911/W1_CONT/arm/sdk/dali2-devel/usr/include/dali/public-api/rendering/renderer.h
[
  {
    "path": "/home/toolchain/development/libc++_replacement/tmp/corpus/extracted/dali2-csharp-binder-2.5.26-1.src.rpm/unpacked/dali2-csharp-binder-2.5.26.tar.xz/dali2-csharp-binder-2.5.26/dali-csharp-binder/common/common.cpp",
    "sha256": "ca71c2b524dc9e60fb0eaebbe1c8c826b3e7e1ad035e86c8304ffa6041c27482"
  },
  {
    "path": "/home/toolchain/development/libc++_replacement/tmp/corpus/extracted/dali2-csharp-binder-2.5.26-1.src.rpm/unpacked/dali2-csharp-binder-2.5.26.tar.xz/dali2-csharp-binder-2.5.26/dali-csharp-binder/dali-core/property-value-wrap.cpp",
    "sha256": "c43efda6253440bcf098bfe14ed0b175700a729329e27290d6df14b9d99512d2"
  },
  {
    "path": "/home/toolchain/development/libc++_replacement/tmp/R11/extracted/ca/cad5388d64d951723fa97cfbd639c98481d8912c013d1dc1a7c9ff8e25e05f51/usr/include/dali/dali.h",
    "sha256": "3d76adfbc84edf60aa8e455b7c7b74071e581845bb995880d7dd9bf17f59c465",
    "rpm_sha256": "cad5388d64d951723fa97cfbd639c98481d8912c013d1dc1a7c9ff8e25e05f51"
  }
]
