
Dynamic section at offset 0x169450 contains 30 entries:
  Tag        Type                         Name/Value
 0x00000001 (NEEDED)                     Shared library: [libc++.so.1]
 0x00000001 (NEEDED)                     Shared library: [libc++abi.so.1]
 0x00000001 (NEEDED)                     Shared library: [libm.so.6]
 0x00000001 (NEEDED)                     Shared library: [libgcc_s.so.1]
 0x00000001 (NEEDED)                     Shared library: [libc.so.6]
 0x00000001 (NEEDED)                     Shared library: [ld-linux.so.3]
 0x0000000e (SONAME)                     Library soname: [libdali2-core.so.2]
 0x0000000c (INIT)                       0x3a584
 0x0000000d (FINI)                       0x123e48
 0x00000019 (INIT_ARRAY)                 0x161000
 0x0000001b (INIT_ARRAYSZ)               96 (bytes)
 0x0000001a (FINI_ARRAY)                 0x161060
 0x0000001c (FINI_ARRAYSZ)               4 (bytes)
 0x6ffffef5 (GNU_HASH)                   0x114
 0x00000005 (STRTAB)                     0xf084
 0x00000006 (SYMTAB)                     0x4f04
 0x0000000a (STRSZ)                      105526 (bytes)
 0x0000000b (SYMENT)                     16 (bytes)
 0x00000003 (PLTGOT)                     0x16a000
 0x00000002 (PLTRELSZ)                   7536 (bytes)
 0x00000014 (PLTREL)                     REL
 0x00000017 (JMPREL)                     0x38814
 0x00000011 (REL)                        0x2a20c
 0x00000012 (RELSZ)                      58888 (bytes)
 0x00000013 (RELENT)                     8 (bytes)
 0x6ffffffe (VERNEED)                    0x2a0ec
 0x6fffffff (VERNEEDNUM)                 6
 0x6ffffff0 (VERSYM)                     0x28cba
 0x6ffffffa (RELCOUNT)                   6150
 0x00000000 (NULL)                       0x0
ELF Header:
  Magic:   7f 45 4c 46 01 01 01 00 00 00 00 00 00 00 00 00 
  Class:                             ELF32
  Data:                              2's complement, little endian
  Version:                           1 (current)
  OS/ABI:                            UNIX - System V
  ABI Version:                       0
  Type:                              DYN (Shared object file)
  Machine:                           ARM
  Version:                           0x1
  Entry point address:               0x0
  Start of program headers:          52 (bytes into file)
  Start of section headers:          2759344 (bytes into file)
  Flags:                             0x5000200, Version5 EABI, soft-float ABI
  Size of this header:               52 (bytes)
  Size of program headers:           32 (bytes)
  Number of program headers:         7
  Size of section headers:           40 (bytes)
  Number of section headers:         36
  Section header string table index: 35
000ea521 T Dali::Integration::Scene::GetFrameRenderedCallback(std::__1::vector<std::__1::pair<std::__1::unique_ptr<Dali::CallbackBase, std::__1::default_delete<Dali::CallbackBase> >, int>, std::__1::allocator<std::__1::pair<std::__1::unique_ptr<Dali::CallbackBase, std::__1::default_delete<Dali::CallbackBase> >, int> > >&)
0010b0f1 T Dali::Property::Value::Get(int&) const
71eb1a8401a9c966eb5c84ad4d64577be98bf99dd1bd970ee328b8ebbaef77c0  tmp/API_0911/W1_CONT/arm/ewk_gnu
2c68df108e495fa8e07c937c6a771c08cf62a5afc00ef8515ba79597fa300645  tmp/API_0911/W1_CONT/arm/ewk_cxx
250df2bc72aff8b32a984041997d3312990d64f3709cfda17e93dd8812ab8878  tmp/API_0911/W1_CONT/arm/dali_probe
