cpio: ‘./usr/include/efl-1/Efl.h’ not created: newer or same age version exists
cpio: ‘./usr/include/efl-1/Efl_MVVM_Common.h’ not created: newer or same age version exists
cpio: ‘./usr/include/efl-1/interfaces/efl_audio_control.eo.h’ not created: newer or same age version exists
cpio: ‘./usr/include/efl-1/interfaces/efl_cached_item.eo.h’ not created: newer or same age version exists
cpio: ‘./usr/include/efl-1/interfaces/efl_config.eo.h’ not created: newer or same age version exists
cpio: ‘./usr/include/efl-1/interfaces/efl_container.eo.h’ not created: newer or same age version exists
cpio: ‘./usr/include/efl-1/interfaces/efl_content.eo.h’ not created: newer or same age version exists
cpio: ‘./usr/include/efl-1/interfaces/efl_control.eo.h’ not created: newer or same age version exists
cpio: ‘./usr/include/efl-1/interfaces/efl_duplicate.eo.h’ not created: newer or same age version exists
cpio: ‘./usr/include/efl-1/interfaces/efl_file.eo.h’ not created: newer or same age version exists
cpio: ‘./usr/include/efl-1/interfaces/efl_file.h’ not created: newer or same age version exists
cpio: ‘./usr/include/efl-1/interfaces/efl_file_save.eo.h’ not created: newer or same age version exists
cpio: ‘./usr/include/efl-1/interfaces/efl_gfx_arrangement.eo.h’ not created: newer or same age version exists
cpio: ‘./usr/include/efl-1/interfaces/efl_gfx_blur.eo.h’ not created: newer or same age version exists
cpio: ‘./usr/include/efl-1/interfaces/efl_gfx_buffer.eo.h’ not created: newer or same age version exists
cpio: ‘./usr/include/efl-1/interfaces/efl_gfx_color.eo.h’ not created: newer or same age version exists
cpio: ‘./usr/include/efl-1/interfaces/efl_gfx_color_class.eo.h’ not created: newer or same age version exists
cpio: ‘./usr/include/efl-1/interfaces/efl_gfx_entity.eo.h’ not created: newer or same age version exists
cpio: ‘./usr/include/efl-1/interfaces/efl_gfx_fill.eo.h’ not created: newer or same age version exists
cpio: ‘./usr/include/efl-1/interfaces/efl_gfx_filter.eo.h’ not created: newer or same age version exists
cpio: ‘./usr/include/efl-1/interfaces/efl_gfx_frame_controller.eo.h’ not created: newer or same age version exists
cpio: ‘./usr/include/efl-1/interfaces/efl_gfx_gradient.eo.h’ not created: newer or same age version exists
cpio: ‘./usr/include/efl-1/interfaces/efl_gfx_gradient_linear.eo.h’ not created: newer or same age version exists
cpio: ‘./usr/include/efl-1/interfaces/efl_gfx_gradient_radial.eo.h’ not created: newer or same age version exists
cpio: ‘./usr/include/efl-1/interfaces/efl_gfx_hint.eo.h’ not created: newer or same age version exists
cpio: ‘./usr/include/efl-1/interfaces/efl_gfx_image.eo.h’ not created: newer or same age version exists
cpio: ‘./usr/include/efl-1/interfaces/efl_gfx_image_load_controller.eo.h’ not created: newer or same age version exists
cpio: ‘./usr/include/efl-1/interfaces/efl_gfx_image_orientable.eo.h’ not created: newer or same age version exists
cpio: ‘./usr/include/efl-1/interfaces/efl_gfx_path.eo.h’ not created: newer or same age version exists
cpio: ‘./usr/include/efl-1/interfaces/efl_gfx_shape.eo.h’ not created: newer or same age version exists
cpio: ‘./usr/include/efl-1/interfaces/efl_gfx_size_class.eo.h’ not created: newer or same age version exists
cpio: ‘./usr/include/efl-1/interfaces/efl_gfx_stack.eo.h’ not created: newer or same age version exists
cpio: ‘./usr/include/efl-1/interfaces/efl_gfx_text_class.eo.h’ not created: newer or same age version exists
cpio: ‘./usr/include/efl-1/interfaces/efl_gfx_types.eot.h’ not created: newer or same age version exists
cpio: ‘./usr/include/efl-1/interfaces/efl_gfx_view.eo.h’ not created: newer or same age version exists
cpio: ‘./usr/include/efl-1/interfaces/efl_input_text_entity.eo.h’ not created: newer or same age version exists
cpio: ‘./usr/include/efl-1/interfaces/efl_interpolator.eo.h’ not created: newer or same age version exists
cpio: ‘./usr/include/efl-1/interfaces/efl_io_buffer.eo.h’ not created: newer or same age version exists
cpio: ‘./usr/include/efl-1/interfaces/efl_io_closer.eo.h’ not created: newer or same age version exists
cpio: ‘./usr/include/efl-1/interfaces/efl_io_positioner.eo.h’ not created: newer or same age version exists
cpio: ‘./usr/include/efl-1/interfaces/efl_io_queue.eo.h’ not created: newer or same age version exists
cpio: ‘./usr/include/efl-1/interfaces/efl_io_reader.eo.h’ not created: newer or same age version exists
cpio: ‘./usr/include/efl-1/interfaces/efl_io_sizer.eo.h’ not created: newer or same age version exists
cpio: ‘./usr/include/efl-1/interfaces/efl_io_writer.eo.h’ not created: newer or same age version exists
cpio: ‘./usr/include/efl-1/interfaces/efl_model.eo.h’ not created: newer or same age version exists
cpio: ‘./usr/include/efl-1/interfaces/efl_model_provider.eo.h’ not created: newer or same age version exists
cpio: ‘./usr/include/efl-1/interfaces/efl_observable.eo.h’ not created: newer or same age version exists
cpio: ‘./usr/include/efl-1/interfaces/efl_observer.eo.h’ not created: newer or same age version exists
cpio: ‘./usr/include/efl-1/interfaces/efl_pack.eo.h’ not created: newer or same age version exists
cpio: ‘./usr/include/efl-1/interfaces/efl_pack_layout.eo.h’ not created: newer or same age version exists
cpio: ‘./usr/include/efl-1/interfaces/efl_pack_linear.eo.h’ not created: newer or same age version exists
cpio: ‘./usr/include/efl-1/interfaces/efl_pack_table.eo.h’ not created: newer or same age version exists
cpio: ‘./usr/include/efl-1/interfaces/efl_part.eo.h’ not created: newer or same age version exists
cpio: ‘./usr/include/efl-1/interfaces/efl_playable.eo.h’ not created: newer or same age version exists
cpio: ‘./usr/include/efl-1/interfaces/efl_player.eo.h’ not created: newer or same age version exists
cpio: ‘./usr/include/efl-1/interfaces/efl_screen.eo.h’ not created: newer or same age version exists
cpio: ‘./usr/include/efl-1/interfaces/efl_text.eo.h’ not created: newer or same age version exists
cpio: ‘./usr/include/efl-1/interfaces/efl_text_font_properties.eo.h’ not created: newer or same age version exists
cpio: ‘./usr/include/efl-1/interfaces/efl_text_format.eo.h’ not created: newer or same age version exists
cpio: ‘./usr/include/efl-1/interfaces/efl_text_markup.eo.h’ not created: newer or same age version exists
cpio: ‘./usr/include/efl-1/interfaces/efl_text_markup_util.eo.h’ not created: newer or same age version exists
cpio: ‘./usr/include/efl-1/interfaces/efl_text_style.eo.h’ not created: newer or same age version exists
cpio: ‘./usr/include/efl-1/interfaces/efl_text_types.eot.h’ not created: newer or same age version exists
cpio: ‘./usr/include/efl-1/interfaces/efl_types.eot.h’ not created: newer or same age version exists
cpio: ‘./usr/include/efl-1/interfaces/efl_ui_autorepeat.eo.h’ not created: newer or same age version exists
cpio: ‘./usr/include/efl-1/interfaces/efl_ui_container_selectable.eo.h’ not created: newer or same age version exists
cpio: ‘./usr/include/efl-1/interfaces/efl_ui_drag.eo.h’ not created: newer or same age version exists
cpio: ‘./usr/include/efl-1/interfaces/efl_ui_drag_types.eot.h’ not created: newer or same age version exists
cpio: ‘./usr/include/efl-1/interfaces/efl_ui_draggable.eo.h’ not created: newer or same age version exists
cpio: ‘./usr/include/efl-1/interfaces/efl_ui_factory.eo.h’ not created: newer or same age version exists
cpio: ‘./usr/include/efl-1/interfaces/efl_ui_factory_bind.eo.h’ not created: newer or same age version exists
cpio: ‘./usr/include/efl-1/interfaces/efl_ui_i18n.eo.h’ not created: newer or same age version exists
cpio: ‘./usr/include/efl-1/interfaces/efl_ui_layout_orientable.eo.h’ not created: newer or same age version exists
cpio: ‘./usr/include/efl-1/interfaces/efl_ui_layout_orientable_readonly.eo.h’ not created: newer or same age version exists
cpio: ‘./usr/include/efl-1/interfaces/efl_ui_property_bind.eo.h’ not created: newer or same age version exists
cpio: ‘./usr/include/efl-1/interfaces/efl_ui_range_display.eo.h’ not created: newer or same age version exists
cpio: ‘./usr/include/efl-1/interfaces/efl_ui_range_interactive.eo.h’ not created: newer or same age version exists
cpio: ‘./usr/include/efl-1/interfaces/efl_ui_scrollable.eo.h’ not created: newer or same age version exists
cpio: ‘./usr/include/efl-1/interfaces/efl_ui_scrollbar.eo.h’ not created: newer or same age version exists
cpio: ‘./usr/include/efl-1/interfaces/efl_ui_view.eo.h’ not created: newer or same age version exists
cpio: ‘./usr/include/efl-1/interfaces/efl_ui_view_factory.eo.h’ not created: newer or same age version exists
cpio: ‘./usr/include/efl-1/interfaces/efl_ui_zoom.eo.h’ not created: newer or same age version exists
cpio: ‘./usr/include/efl-canvas-wl-1/Efl_Canvas_Wl.h’ not created: newer or same age version exists
cpio: ‘./usr/include/efl-canvas-wl-1/efl_canvas_wl.eo.h’ not created: newer or same age version exists
cpio: ‘./usr/include/efl-canvas-wl-1/efl_canvas_wl_surface.eo.h’ not created: newer or same age version exists
cpio: ‘./usr/lib/cmake/Efl/EflConfig.cmake’ not created: newer or same age version exists
cpio: ‘./usr/lib/cmake/Efl/EflConfigVersion.cmake’ not created: newer or same age version exists
cpio: ‘./usr/lib/libefl.so’ not created: newer or same age version exists
cpio: ‘./usr/lib/pkgconfig/efl-canvas-wl.pc’ not created: newer or same age version exists
cpio: ‘./usr/lib/pkgconfig/efl-core.pc’ not created: newer or same age version exists
cpio: ‘./usr/lib/pkgconfig/efl-net.pc’ not created: newer or same age version exists
cpio: ‘./usr/lib/pkgconfig/efl-ui.pc’ not created: newer or same age version exists
cpio: ‘./usr/lib/pkgconfig/efl.pc’ not created: newer or same age version exists
cpio: ‘./usr/share/eolian/include/efl-1/efl_audio_control.eo’ not created: newer or same age version exists
cpio: ‘./usr/share/eolian/include/efl-1/efl_cached_item.eo’ not created: newer or same age version exists
cpio: ‘./usr/share/eolian/include/efl-1/efl_config.eo’ not created: newer or same age version exists
cpio: ‘./usr/share/eolian/include/efl-1/efl_container.eo’ not created: newer or same age version exists
cpio: ‘./usr/share/eolian/include/efl-1/efl_content.eo’ not created: newer or same age version exists
cpio: ‘./usr/share/eolian/include/efl-1/efl_control.eo’ not created: newer or same age version exists
cpio: ‘./usr/share/eolian/include/efl-1/efl_duplicate.eo’ not created: newer or same age version exists
cpio: ‘./usr/share/eolian/include/efl-1/efl_file.eo’ not created: newer or same age version exists
cpio: ‘./usr/share/eolian/include/efl-1/efl_file_save.eo’ not created: newer or same age version exists
cpio: ‘./usr/share/eolian/include/efl-1/efl_gfx_arrangement.eo’ not created: newer or same age version exists
cpio: ‘./usr/share/eolian/include/efl-1/efl_gfx_blur.eo’ not created: newer or same age version exists
cpio: ‘./usr/share/eolian/include/efl-1/efl_gfx_buffer.eo’ not created: newer or same age version exists
cpio: ‘./usr/share/eolian/include/efl-1/efl_gfx_color.eo’ not created: newer or same age version exists
cpio: ‘./usr/share/eolian/include/efl-1/efl_gfx_color_class.eo’ not created: newer or same age version exists
cpio: ‘./usr/share/eolian/include/efl-1/efl_gfx_entity.eo’ not created: newer or same age version exists
cpio: ‘./usr/share/eolian/include/efl-1/efl_gfx_fill.eo’ not created: newer or same age version exists
cpio: ‘./usr/share/eolian/include/efl-1/efl_gfx_filter.eo’ not created: newer or same age version exists
cpio: ‘./usr/share/eolian/include/efl-1/efl_gfx_frame_controller.eo’ not created: newer or same age version exists
cpio: ‘./usr/share/eolian/include/efl-1/efl_gfx_gradient.eo’ not created: newer or same age version exists
cpio: ‘./usr/share/eolian/include/efl-1/efl_gfx_gradient_linear.eo’ not created: newer or same age version exists
cpio: ‘./usr/share/eolian/include/efl-1/efl_gfx_gradient_radial.eo’ not created: newer or same age version exists
cpio: ‘./usr/share/eolian/include/efl-1/efl_gfx_hint.eo’ not created: newer or same age version exists
cpio: ‘./usr/share/eolian/include/efl-1/efl_gfx_image.eo’ not created: newer or same age version exists
cpio: ‘./usr/share/eolian/include/efl-1/efl_gfx_image_load_controller.eo’ not created: newer or same age version exists
cpio: ‘./usr/share/eolian/include/efl-1/efl_gfx_image_orientable.eo’ not created: newer or same age version exists
cpio: ‘./usr/share/eolian/include/efl-1/efl_gfx_path.eo’ not created: newer or same age version exists
cpio: ‘./usr/share/eolian/include/efl-1/efl_gfx_shape.eo’ not created: newer or same age version exists
cpio: ‘./usr/share/eolian/include/efl-1/efl_gfx_size_class.eo’ not created: newer or same age version exists
cpio: ‘./usr/share/eolian/include/efl-1/efl_gfx_stack.eo’ not created: newer or same age version exists
cpio: ‘./usr/share/eolian/include/efl-1/efl_gfx_text_class.eo’ not created: newer or same age version exists
cpio: ‘./usr/share/eolian/include/efl-1/efl_gfx_types.eot’ not created: newer or same age version exists
cpio: ‘./usr/share/eolian/include/efl-1/efl_gfx_view.eo’ not created: newer or same age version exists
cpio: ‘./usr/share/eolian/include/efl-1/efl_input_text_entity.eo’ not created: newer or same age version exists
cpio: ‘./usr/share/eolian/include/efl-1/efl_interpolator.eo’ not created: newer or same age version exists
cpio: ‘./usr/share/eolian/include/efl-1/efl_io_buffer.eo’ not created: newer or same age version exists
cpio: ‘./usr/share/eolian/include/efl-1/efl_io_closer.eo’ not created: newer or same age version exists
cpio: ‘./usr/share/eolian/include/efl-1/efl_io_positioner.eo’ not created: newer or same age version exists
cpio: ‘./usr/share/eolian/include/efl-1/efl_io_queue.eo’ not created: newer or same age version exists
cpio: ‘./usr/share/eolian/include/efl-1/efl_io_reader.eo’ not created: newer or same age version exists
cpio: ‘./usr/share/eolian/include/efl-1/efl_io_sizer.eo’ not created: newer or same age version exists
cpio: ‘./usr/share/eolian/include/efl-1/efl_io_writer.eo’ not created: newer or same age version exists
cpio: ‘./usr/share/eolian/include/efl-1/efl_model.eo’ not created: newer or same age version exists
cpio: ‘./usr/share/eolian/include/efl-1/efl_model_provider.eo’ not created: newer or same age version exists
cpio: ‘./usr/share/eolian/include/efl-1/efl_observable.eo’ not created: newer or same age version exists
cpio: ‘./usr/share/eolian/include/efl-1/efl_observer.eo’ not created: newer or same age version exists
cpio: ‘./usr/share/eolian/include/efl-1/efl_pack.eo’ not created: newer or same age version exists
cpio: ‘./usr/share/eolian/include/efl-1/efl_pack_layout.eo’ not created: newer or same age version exists
cpio: ‘./usr/share/eolian/include/efl-1/efl_pack_linear.eo’ not created: newer or same age version exists
cpio: ‘./usr/share/eolian/include/efl-1/efl_pack_table.eo’ not created: newer or same age version exists
cpio: ‘./usr/share/eolian/include/efl-1/efl_part.eo’ not created: newer or same age version exists
cpio: ‘./usr/share/eolian/include/efl-1/efl_playable.eo’ not created: newer or same age version exists
cpio: ‘./usr/share/eolian/include/efl-1/efl_player.eo’ not created: newer or same age version exists
cpio: ‘./usr/share/eolian/include/efl-1/efl_screen.eo’ not created: newer or same age version exists
cpio: ‘./usr/share/eolian/include/efl-1/efl_text.eo’ not created: newer or same age version exists
cpio: ‘./usr/share/eolian/include/efl-1/efl_text_font_properties.eo’ not created: newer or same age version exists
cpio: ‘./usr/share/eolian/include/efl-1/efl_text_format.eo’ not created: newer or same age version exists
cpio: ‘./usr/share/eolian/include/efl-1/efl_text_markup.eo’ not created: newer or same age version exists
cpio: ‘./usr/share/eolian/include/efl-1/efl_text_markup_util.eo’ not created: newer or same age version exists
cpio: ‘./usr/share/eolian/include/efl-1/efl_text_style.eo’ not created: newer or same age version exists
cpio: ‘./usr/share/eolian/include/efl-1/efl_text_types.eot’ not created: newer or same age version exists
cpio: ‘./usr/share/eolian/include/efl-1/efl_types.eot’ not created: newer or same age version exists
cpio: ‘./usr/share/eolian/include/efl-1/efl_ui_autorepeat.eo’ not created: newer or same age version exists
cpio: ‘./usr/share/eolian/include/efl-1/efl_ui_container_selectable.eo’ not created: newer or same age version exists
cpio: ‘./usr/share/eolian/include/efl-1/efl_ui_drag.eo’ not created: newer or same age version exists
cpio: ‘./usr/share/eolian/include/efl-1/efl_ui_drag_types.eot’ not created: newer or same age version exists
cpio: ‘./usr/share/eolian/include/efl-1/efl_ui_draggable.eo’ not created: newer or same age version exists
cpio: ‘./usr/share/eolian/include/efl-1/efl_ui_factory.eo’ not created: newer or same age version exists
cpio: ‘./usr/share/eolian/include/efl-1/efl_ui_factory_bind.eo’ not created: newer or same age version exists
cpio: ‘./usr/share/eolian/include/efl-1/efl_ui_i18n.eo’ not created: newer or same age version exists
cpio: ‘./usr/share/eolian/include/efl-1/efl_ui_layout_orientable.eo’ not created: newer or same age version exists
cpio: ‘./usr/share/eolian/include/efl-1/efl_ui_layout_orientable_readonly.eo’ not created: newer or same age version exists
cpio: ‘./usr/share/eolian/include/efl-1/efl_ui_property_bind.eo’ not created: newer or same age version exists
cpio: ‘./usr/share/eolian/include/efl-1/efl_ui_range_display.eo’ not created: newer or same age version exists
cpio: ‘./usr/share/eolian/include/efl-1/efl_ui_range_interactive.eo’ not created: newer or same age version exists
cpio: ‘./usr/share/eolian/include/efl-1/efl_ui_scrollable.eo’ not created: newer or same age version exists
cpio: ‘./usr/share/eolian/include/efl-1/efl_ui_scrollbar.eo’ not created: newer or same age version exists
cpio: ‘./usr/share/eolian/include/efl-1/efl_ui_view.eo’ not created: newer or same age version exists
cpio: ‘./usr/share/eolian/include/efl-1/efl_ui_view_factory.eo’ not created: newer or same age version exists
cpio: ‘./usr/share/eolian/include/efl-1/efl_ui_zoom.eo’ not created: newer or same age version exists
cpio: ‘./usr/share/eolian/include/efl-canvas-wl-1/efl_canvas_wl.eo’ not created: newer or same age version exists
cpio: ‘./usr/share/eolian/include/efl-canvas-wl-1/efl_canvas_wl_surface.eo’ not created: newer or same age version exists
