cpio: ‘./usr/include/eina-1/Efl_Config.h’ not created: newer or same age version exists
cpio: ‘./usr/include/eina-1/Eina.h’ not created: newer or same age version exists
cpio: ‘./usr/include/eina-1/eina/eina_abstract_content.h’ not created: newer or same age version exists
cpio: ‘./usr/include/eina-1/eina/eina_accessor.h’ not created: newer or same age version exists
cpio: ‘./usr/include/eina-1/eina/eina_alloca.h’ not created: newer or same age version exists
cpio: ‘./usr/include/eina-1/eina/eina_array.h’ not created: newer or same age version exists
cpio: ‘./usr/include/eina-1/eina/eina_benchmark.h’ not created: newer or same age version exists
cpio: ‘./usr/include/eina-1/eina/eina_bezier.h’ not created: newer or same age version exists
cpio: ‘./usr/include/eina-1/eina/eina_binbuf.h’ not created: newer or same age version exists
cpio: ‘./usr/include/eina-1/eina/eina_binshare.h’ not created: newer or same age version exists
cpio: ‘./usr/include/eina-1/eina/eina_clist.h’ not created: newer or same age version exists
cpio: ‘./usr/include/eina-1/eina/eina_convert.h’ not created: newer or same age version exists
cpio: ‘./usr/include/eina-1/eina/eina_counter.h’ not created: newer or same age version exists
cpio: ‘./usr/include/eina-1/eina/eina_cow.h’ not created: newer or same age version exists
cpio: ‘./usr/include/eina-1/eina/eina_cpu.h’ not created: newer or same age version exists
cpio: ‘./usr/include/eina-1/eina/eina_crc.h’ not created: newer or same age version exists
cpio: ‘./usr/include/eina-1/eina/eina_debug.h’ not created: newer or same age version exists
cpio: ‘./usr/include/eina-1/eina/eina_debug_private.h’ not created: newer or same age version exists
cpio: ‘./usr/include/eina-1/eina/eina_error.h’ not created: newer or same age version exists
cpio: ‘./usr/include/eina-1/eina/eina_evlog.h’ not created: newer or same age version exists
cpio: ‘./usr/include/eina-1/eina/eina_file.h’ not created: newer or same age version exists
cpio: ‘./usr/include/eina-1/eina/eina_fp.h’ not created: newer or same age version exists
cpio: ‘./usr/include/eina-1/eina/eina_freeq.h’ not created: newer or same age version exists
cpio: ‘./usr/include/eina-1/eina/eina_hamster.h’ not created: newer or same age version exists
cpio: ‘./usr/include/eina-1/eina/eina_hash.h’ not created: newer or same age version exists
cpio: ‘./usr/include/eina-1/eina/eina_inarray.h’ not created: newer or same age version exists
cpio: ‘./usr/include/eina-1/eina/eina_inline_array.x’ not created: newer or same age version exists
cpio: ‘./usr/include/eina-1/eina/eina_inline_clist.x’ not created: newer or same age version exists
cpio: ‘./usr/include/eina-1/eina/eina_inline_cpu.x’ not created: newer or same age version exists
cpio: ‘./usr/include/eina-1/eina/eina_inline_crc.x’ not created: newer or same age version exists
cpio: ‘./usr/include/eina-1/eina/eina_inline_f16p16.x’ not created: newer or same age version exists
cpio: ‘./usr/include/eina-1/eina/eina_inline_f32p32.x’ not created: newer or same age version exists
cpio: ‘./usr/include/eina-1/eina/eina_inline_f8p24.x’ not created: newer or same age version exists
cpio: ‘./usr/include/eina-1/eina/eina_inline_file.x’ not created: newer or same age version exists
cpio: ‘./usr/include/eina-1/eina/eina_inline_fp.x’ not created: newer or same age version exists
cpio: ‘./usr/include/eina-1/eina/eina_inline_hash.x’ not created: newer or same age version exists
cpio: ‘./usr/include/eina-1/eina/eina_inline_inlist.x’ not created: newer or same age version exists
cpio: ‘./usr/include/eina-1/eina/eina_inline_list.x’ not created: newer or same age version exists
cpio: ‘./usr/include/eina-1/eina/eina_inline_lock_barrier.x’ not created: newer or same age version exists
cpio: ‘./usr/include/eina-1/eina/eina_inline_lock_posix.x’ not created: newer or same age version exists
cpio: ‘./usr/include/eina-1/eina/eina_inline_log.x’ not created: newer or same age version exists
cpio: ‘./usr/include/eina-1/eina/eina_inline_mempool.x’ not created: newer or same age version exists
cpio: ‘./usr/include/eina-1/eina/eina_inline_modinfo.x’ not created: newer or same age version exists
cpio: ‘./usr/include/eina-1/eina/eina_inline_range.x’ not created: newer or same age version exists
cpio: ‘./usr/include/eina-1/eina/eina_inline_rbtree.x’ not created: newer or same age version exists
cpio: ‘./usr/include/eina-1/eina/eina_inline_rectangle.x’ not created: newer or same age version exists
cpio: ‘./usr/include/eina-1/eina/eina_inline_safepointer.x’ not created: newer or same age version exists
cpio: ‘./usr/include/eina-1/eina/eina_inline_slice.x’ not created: newer or same age version exists
cpio: ‘./usr/include/eina-1/eina/eina_inline_str.x’ not created: newer or same age version exists
cpio: ‘./usr/include/eina-1/eina/eina_inline_stringshare.x’ not created: newer or same age version exists
cpio: ‘./usr/include/eina-1/eina/eina_inline_tiler.x’ not created: newer or same age version exists
cpio: ‘./usr/include/eina-1/eina/eina_inline_trash.x’ not created: newer or same age version exists
cpio: ‘./usr/include/eina-1/eina/eina_inline_unicode.x’ not created: newer or same age version exists
cpio: ‘./usr/include/eina-1/eina/eina_inline_ustringshare.x’ not created: newer or same age version exists
cpio: ‘./usr/include/eina-1/eina/eina_inline_util.x’ not created: newer or same age version exists
cpio: ‘./usr/include/eina-1/eina/eina_inline_value.x’ not created: newer or same age version exists
cpio: ‘./usr/include/eina-1/eina/eina_inline_value_util.x’ not created: newer or same age version exists
cpio: ‘./usr/include/eina-1/eina/eina_inline_vector.x’ not created: newer or same age version exists
cpio: ‘./usr/include/eina-1/eina/eina_inlist.h’ not created: newer or same age version exists
cpio: ‘./usr/include/eina-1/eina/eina_iterator.h’ not created: newer or same age version exists
cpio: ‘./usr/include/eina-1/eina/eina_lalloc.h’ not created: newer or same age version exists
cpio: ‘./usr/include/eina-1/eina/eina_list.h’ not created: newer or same age version exists
cpio: ‘./usr/include/eina-1/eina/eina_lock.h’ not created: newer or same age version exists
cpio: ‘./usr/include/eina-1/eina/eina_log.h’ not created: newer or same age version exists
cpio: ‘./usr/include/eina-1/eina/eina_magic.h’ not created: newer or same age version exists
cpio: ‘./usr/include/eina-1/eina/eina_main.h’ not created: newer or same age version exists
cpio: ‘./usr/include/eina-1/eina/eina_matrix.h’ not created: newer or same age version exists
cpio: ‘./usr/include/eina-1/eina/eina_matrixsparse.h’ not created: newer or same age version exists
cpio: ‘./usr/include/eina-1/eina/eina_mempool.h’ not created: newer or same age version exists
cpio: ‘./usr/include/eina-1/eina/eina_mmap.h’ not created: newer or same age version exists
cpio: ‘./usr/include/eina-1/eina/eina_module.h’ not created: newer or same age version exists
cpio: ‘./usr/include/eina-1/eina/eina_prefix.h’ not created: newer or same age version exists
cpio: ‘./usr/include/eina-1/eina/eina_promise.h’ not created: newer or same age version exists
cpio: ‘./usr/include/eina-1/eina/eina_quad.h’ not created: newer or same age version exists
cpio: ‘./usr/include/eina-1/eina/eina_quadtree.h’ not created: newer or same age version exists
cpio: ‘./usr/include/eina-1/eina/eina_quaternion.h’ not created: newer or same age version exists
cpio: ‘./usr/include/eina-1/eina/eina_range.h’ not created: newer or same age version exists
cpio: ‘./usr/include/eina-1/eina/eina_rbtree.h’ not created: newer or same age version exists
cpio: ‘./usr/include/eina-1/eina/eina_rectangle.h’ not created: newer or same age version exists
cpio: ‘./usr/include/eina-1/eina/eina_refcount.h’ not created: newer or same age version exists
cpio: ‘./usr/include/eina-1/eina/eina_safepointer.h’ not created: newer or same age version exists
cpio: ‘./usr/include/eina-1/eina/eina_safety_checks.h’ not created: newer or same age version exists
cpio: ‘./usr/include/eina-1/eina/eina_sched.h’ not created: newer or same age version exists
cpio: ‘./usr/include/eina-1/eina/eina_simple_xml_parser.h’ not created: newer or same age version exists
cpio: ‘./usr/include/eina-1/eina/eina_slice.h’ not created: newer or same age version exists
cpio: ‘./usr/include/eina-1/eina/eina_slstr.h’ not created: newer or same age version exists
cpio: ‘./usr/include/eina-1/eina/eina_str.h’ not created: newer or same age version exists
cpio: ‘./usr/include/eina-1/eina/eina_strbuf.h’ not created: newer or same age version exists
cpio: ‘./usr/include/eina-1/eina/eina_stringshare.h’ not created: newer or same age version exists
cpio: ‘./usr/include/eina-1/eina/eina_thread.h’ not created: newer or same age version exists
cpio: ‘./usr/include/eina-1/eina/eina_thread_queue.h’ not created: newer or same age version exists
cpio: ‘./usr/include/eina-1/eina/eina_tiler.h’ not created: newer or same age version exists
cpio: ‘./usr/include/eina-1/eina/eina_tmpstr.h’ not created: newer or same age version exists
cpio: ‘./usr/include/eina-1/eina/eina_trash.h’ not created: newer or same age version exists
cpio: ‘./usr/include/eina-1/eina/eina_types.h’ not created: newer or same age version exists
cpio: ‘./usr/include/eina-1/eina/eina_unicode.h’ not created: newer or same age version exists
cpio: ‘./usr/include/eina-1/eina/eina_ustrbuf.h’ not created: newer or same age version exists
cpio: ‘./usr/include/eina-1/eina/eina_ustringshare.h’ not created: newer or same age version exists
cpio: ‘./usr/include/eina-1/eina/eina_util.h’ not created: newer or same age version exists
cpio: ‘./usr/include/eina-1/eina/eina_value.h’ not created: newer or same age version exists
cpio: ‘./usr/include/eina-1/eina/eina_value_util.h’ not created: newer or same age version exists
cpio: ‘./usr/include/eina-1/eina/eina_vector.h’ not created: newer or same age version exists
cpio: ‘./usr/include/eina-1/eina/eina_vpath.h’ not created: newer or same age version exists
cpio: ‘./usr/include/eina-1/eina/eina_xattr.h’ not created: newer or same age version exists
cpio: ‘./usr/include/eina-1/eina_config.h’ not created: newer or same age version exists
cpio: ‘./usr/lib/cmake/Eina/EinaConfig.cmake’ not created: newer or same age version exists
cpio: ‘./usr/lib/cmake/Eina/EinaConfigVersion.cmake’ not created: newer or same age version exists
cpio: ‘./usr/lib/cmake/EinaCxx/EinaCxxConfig.cmake’ not created: newer or same age version exists
cpio: ‘./usr/lib/cmake/EinaCxx/EinaCxxConfigVersion.cmake’ not created: newer or same age version exists
cpio: ‘./usr/lib/libeina.so’ not created: newer or same age version exists
cpio: ‘./usr/lib/pkgconfig/eina.pc’ not created: newer or same age version exists
