004e7000-004e9000 r-xp 00000000 b3:05 39220      /opt/usr/home/owner/share/tmp/api_w1_0911_1050/ewk_gnu
004e9000-004ea000 r--p 00002000 b3:05 39220      /opt/usr/home/owner/share/tmp/api_w1_0911_1050/ewk_gnu
004ea000-004eb000 rw-p 00003000 b3:05 39220      /opt/usr/home/owner/share/tmp/api_w1_0911_1050/ewk_gnu
0228f000-02333000 rw-p 00000000 00:00 0          [heap]
a8dff000-a8e06000 r-xp 00000000 b3:02 1079       /usr/lib/libnss_compat.so.2
a8e06000-a8e07000 r--p 00007000 b3:02 1079       /usr/lib/libnss_compat.so.2
a8e07000-a8e08000 rw-p 00008000 b3:02 1079       /usr/lib/libnss_compat.so.2
a8e19000-a8e2f000 r-xp 00000000 b3:02 13232      /usr/lib/libaskuser-notification-common.so.0.1.0
a8e2f000-a8e30000 r--p 00016000 b3:02 13232      /usr/lib/libaskuser-notification-common.so.0.1.0
a8e30000-a8e31000 rw-p 00017000 b3:02 13232      /usr/lib/libaskuser-notification-common.so.0.1.0
a8e31000-a8e33000 r-xp 00000000 b3:02 5326       /usr/lib/libcapi-system-resource-plugin.so.1.0.0
a8e33000-a8e34000 r--p 00002000 b3:02 5326       /usr/lib/libcapi-system-resource-plugin.so.1.0.0
a8e34000-a8e35000 rw-p 00003000 b3:02 5326       /usr/lib/libcapi-system-resource-plugin.so.1.0.0
a8e35000-a8e73000 r-xp 00000000 b3:02 9653       /usr/lib/libpkgmgr_installer.so.0.23.1
a8e73000-a8e74000 r--p 0003e000 b3:02 9653       /usr/lib/libpkgmgr_installer.so.0.23.1
a8e74000-a8e75000 rw-p 0003f000 b3:02 9653       /usr/lib/libpkgmgr_installer.so.0.23.1
a8e75000-a8e80000 r-xp 00000000 b3:02 9660       /usr/lib/libcapi-appfw-package-manager.so.0.15.3
a8e80000-a8e81000 r--p 0000b000 b3:02 9660       /usr/lib/libcapi-appfw-package-manager.so.0.15.3
a8e81000-a8e82000 rw-p 0000c000 b3:02 9660       /usr/lib/libcapi-appfw-package-manager.so.0.15.3
a8e82000-a8eb3000 r-xp 00000000 b3:02 9920       /usr/lib/libresource-information.so.0.1
a8eb3000-a8eb6000 r--p 00031000 b3:02 9920       /usr/lib/libresource-information.so.0.1
a8eb6000-a8eb7000 rw-p 00034000 b3:02 9920       /usr/lib/libresource-information.so.0.1
a8eb7000-a8f12000 r-xp 00000000 b3:02 4743       /usr/lib/libgstbase-1.0.so.0.2411.0
a8f12000-a8f13000 r--p 0005b000 b3:02 4743       /usr/lib/libgstbase-1.0.so.0.2411.0
a8f13000-a8f14000 rw-p 0005c000 b3:02 4743       /usr/lib/libgstbase-1.0.so.0.2411.0
a8f14000-a8f17000 r-xp 00000000 b3:02 1942       /usr/lib/libogg.so.0.8.2
a8f17000-a8f18000 r--p 00003000 b3:02 1942       /usr/lib/libogg.so.0.8.2
a8f18000-a8f19000 rw-p 00004000 b3:02 1942       /usr/lib/libogg.so.0.8.2
a8f19000-a8f8e000 r-xp 00000000 b3:02 2420       /usr/lib/libvorbisenc.so.2.0.12
a8f8e000-a8f9a000 r--p 00075000 b3:02 2420       /usr/lib/libvorbisenc.so.2.0.12
a8f9a000-a8f9b000 rw-p 00081000 b3:02 2420       /usr/lib/libvorbisenc.so.2.0.12
a8f9b000-a8fbb000 r-xp 00000000 b3:02 1979       /usr/lib/libvorbis.so.0.4.9
a8fbb000-a8fbc000 r--p 00020000 b3:02 1979       /usr/lib/libvorbis.so.0.4.9
a8fbc000-a8fbd000 rw-p 00021000 b3:02 1979       /usr/lib/libvorbis.so.0.4.9
a8fbd000-a900c000 r-xp 00000000 b3:02 13284      /usr/lib/libnotification.so.0.12.4
a900c000-a900d000 r--p 0004f000 b3:02 13284      /usr/lib/libnotification.so.0.12.4
a900d000-a900e000 rw-p 00050000 b3:02 13284      /usr/lib/libnotification.so.0.12.4
a900e000-a901c000 r-xp 00000000 b3:02 10001      /usr/lib/libgstapp-1.0.so.0.2411.0
a901c000-a901d000 r--p 0000e000 b3:02 10001      /usr/lib/libgstapp-1.0.so.0.2411.0
a901d000-a901e000 rw-p 0000f000 b3:02 10001      /usr/lib/libgstapp-1.0.so.0.2411.0
a901e000-a902c000 r-xp 00000000 b3:02 9936       /usr/lib/libresource-center-api.so.0.1
a902c000-a902d000 r--p 0000e000 b3:02 9936       /usr/lib/libresource-center-api.so.0.1
a902d000-a902e000 rw-p 0000f000 b3:02 9936       /usr/lib/libresource-center-api.so.0.1
a902e000-a90c9000 r-xp 00000000 b3:02 9926       /usr/lib/libresource-manager.so.0.1
a90c9000-a90cb000 rw-p 0009b000 b3:02 9926       /usr/lib/libresource-manager.so.0.1
a90cb000-a90d3000 r-xp 00000000 b3:02 9999       /usr/lib/libgstallocators-1.0.so.0.2411.0
a90d3000-a90d4000 r--p 00008000 b3:02 9999       /usr/lib/libgstallocators-1.0.so.0.2411.0
a90d4000-a90d5000 rw-p 00009000 b3:02 9999       /usr/lib/libgstallocators-1.0.so.0.2411.0
a90d5000-a9147000 r-xp 00000000 b3:02 10019      /usr/lib/libgstvideo-1.0.so.0.2411.0
a9147000-a9156000 r--p 00072000 b3:02 10019      /usr/lib/libgstvideo-1.0.so.0.2411.0
a9156000-a9157000 rw-p 00081000 b3:02 10019      /usr/lib/libgstvideo-1.0.so.0.2411.0
a9157000-a9193000 r-xp 00000000 b3:02 2424       /usr/lib/libsndfile.so.1.0.37
a9193000-a9195000 rw-p 0003c000 b3:02 2424       /usr/lib/libsndfile.so.1.0.37
a9195000-a9197000 rw-p 00000000 00:00 0 
a9197000-a9199000 r-xp 00000000 b3:02 8215       /usr/lib/libboost_atomic.so.1.83.0
a9199000-a919a000 rw-p 00001000 b3:02 8215       /usr/lib/libboost_atomic.so.1.83.0
a919a000-a919e000 rw-p 00000000 00:00 0 
a919e000-a91a1000 r-xp 00000000 b3:02 8568       /usr/lib/libattr.so.1.1.2501
a91a1000-a91a2000 r--p 00003000 b3:02 8568       /usr/lib/libattr.so.1.1.2501
a91a2000-a91a3000 rw-p 00004000 b3:02 8568       /usr/lib/libattr.so.1.1.2501
a91a3000-a91c5000 r-xp 00000000 b3:02 4770       /usr/lib/libcynara-storage.so.0.26.0
a91c5000-a91c6000 r--p 00022000 b3:02 4770       /usr/lib/libcynara-storage.so.0.26.0
a91c6000-a91c7000 rw-p 00023000 b3:02 4770       /usr/lib/libcynara-storage.so.0.26.0
a91c7000-a91e8000 r-xp 00000000 b3:02 1381       /usr/lib/libblkid.so.1.1.0
a91e8000-a91eb000 r--p 00021000 b3:02 1381       /usr/lib/libblkid.so.1.1.0
a91eb000-a91ec000 rw-p 00024000 b3:02 1381       /usr/lib/libblkid.so.1.1.0
a91ec000-a91ee000 r-xp 00000000 b3:02 17997      /usr/lib/libiri.so
a91ee000-a91ef000 r--p 00002000 b3:02 17997      /usr/lib/libiri.so
a91ef000-a91f0000 rw-p 00003000 b3:02 17997      /usr/lib/libiri.so
a91f0000-a928f000 r-xp 00000000 b3:02 12393      /usr/lib/libscim-1.0.so.8.2.3
a928f000-a9291000 r--p 0009f000 b3:02 12393      /usr/lib/libscim-1.0.so.8.2.3
a9291000-a9292000 rw-p 000a1000 b3:02 12393      /usr/lib/libscim-1.0.so.8.2.3
a9292000-a92d7000 r-xp 00000000 b3:02 12395      /usr/lib/libscim_imengine.so.8.2.3
a92d7000-a92df000 r--p 00045000 b3:02 12395      /usr/lib/libscim_imengine.so.8.2.3
a92df000-a92e4000 rw-p 0004d000 b3:02 12395      /usr/lib/libscim_imengine.so.8.2.3
a92e4000-a92e5000 r-xp 00000000 b3:02 4824       /usr/lib/libtizen-remote-surface-client.so.0.0.0
a92e5000-a92e6000 r--p 00001000 b3:02 4824       /usr/lib/libtizen-remote-surface-client.so.0.0.0
a92e6000-a92e7000 rw-p 00002000 b3:02 4824       /usr/lib/libtizen-remote-surface-client.so.0.0.0
a92e7000-a92f6000 r-xp 00000000 b3:02 10154      /usr/lib/libscreen_connector_input.so.1.9.12
a92f6000-a92f7000 r--p 0000f000 b3:02 10154      /usr/lib/libscreen_connector_input.so.1.9.12
a92f7000-a92f8000 rw-p 00010000 b3:02 10154      /usr/lib/libscreen_connector_input.so.1.9.12
a92f8000-a92fd000 r-xp 00000000 b3:02 10079      /usr/lib/libappcore-ui.so.1.27.13
a92fd000-a92fe000 r--p 00005000 b3:02 10079      /usr/lib/libappcore-ui.so.1.27.13
a92fe000-a92ff000 rw-p 00006000 b3:02 10079      /usr/lib/libappcore-ui.so.1.27.13
a92ff000-a9305000 r-xp 00000000 b3:02 9811       /usr/lib/libappcore-common.so.1.27.13
a9305000-a9306000 r--p 00006000 b3:02 9811       /usr/lib/libappcore-common.so.1.27.13
a9306000-a9307000 rw-p 00007000 b3:02 9811       /usr/lib/libappcore-common.so.1.27.13
a9307000-a931d000 r-xp 00000000 b3:02 13288      /usr/lib/libalarm.so.0.14.12
a931d000-a931e000 r--p 00016000 b3:02 13288      /usr/lib/libalarm.so.0.14.12
a931e000-a931f000 rw-p 00017000 b3:02 13288      /usr/lib/libalarm.so.0.14.12
a931f000-a933e000 r-xp 00000000 b3:02 5143       /usr/lib/libkey-manager-common.so.1.0.1
a933e000-a933f000 r--p 0001f000 b3:02 5143       /usr/lib/libkey-manager-common.so.1.0.1
a933f000-a9340000 rw-p 00020000 b3:02 5143       /usr/lib/libkey-manager-common.so.1.0.1
a9340000-a9346000 r-xp 00000000 b3:02 4720       /usr/lib/libdlog_redirect_stdout.so.0.0.0
a9346000-a9347000 r--p 00006000 b3:02 4720       /usr/lib/libdlog_redirect_stdout.so.0.0.0
a9347000-a9348000 rw-p 00007000 b3:02 4720       /usr/lib/libdlog_redirect_stdout.so.0.0.0
a9348000-a9371000 r-xp 00000000 b3:02 5260       /usr/lib/libklay.so.0.0.2
a9371000-a9372000 r--p 00029000 b3:02 5260       /usr/lib/libklay.so.0.0.2
a9372000-a9373000 rw-p 0002a000 b3:02 5260       /usr/lib/libklay.so.0.0.2
a9373000-a93cc000 r-xp 00000000 b3:02 11994      /usr/lib/libtrackrenderer.so
a93cc000-a93cd000 r--p 00059000 b3:02 11994      /usr/lib/libtrackrenderer.so
a93cd000-a93ce000 rw-p 0005a000 b3:02 11994      /usr/lib/libtrackrenderer.so
a93ce000-a93cf000 rw-p 00000000 00:00 0 
a93cf000-a942c000 r-xp 00000000 b3:02 4914       /usr/lib/pulseaudio/libpulsecommon-15.0.so
a942c000-a942d000 r--p 0005d000 b3:02 4914       /usr/lib/pulseaudio/libpulsecommon-15.0.so
a942d000-a942e000 rw-p 0005e000 b3:02 4914       /usr/lib/pulseaudio/libpulsecommon-15.0.so
a942e000-a9431000 r-xp 00000000 b3:02 4911       /usr/lib/libpulse-simple.so.0.1.1
a9431000-a9432000 r--p 00003000 b3:02 4911       /usr/lib/libpulse-simple.so.0.1.1
a9432000-a9433000 rw-p 00004000 b3:02 4911       /usr/lib/libpulse-simple.so.0.1.1
a9433000-a9436000 r-xp 00000000 b3:02 9909       /usr/lib/libmmfsoundcommon.so.0.0.0
a9436000-a9437000 r--p 00003000 b3:02 9909       /usr/lib/libmmfsoundcommon.so.0.0.0
a9437000-a9438000 rw-p 00004000 b3:02 9909       /usr/lib/libmmfsoundcommon.so.0.0.0
a9438000-a943a000 r-xp 00000000 b3:02 9809       /usr/lib/libapp-core-rotation-cpp.so.1.27.13
a943a000-a943b000 r--p 00002000 b3:02 9809       /usr/lib/libapp-core-rotation-cpp.so.1.27.13
a943b000-a943c000 rw-p 00003000 b3:02 9809       /usr/lib/libapp-core-rotation-cpp.so.1.27.13
a943c000-a9464000 r-xp 00000000 b3:02 1522       /usr/lib/libcrypt.so.1.1.0
a9464000-a9465000 r--p 00028000 b3:02 1522       /usr/lib/libcrypt.so.1.1.0
a9465000-a9466000 rw-p 00029000 b3:02 1522       /usr/lib/libcrypt.so.1.1.0
a9466000-a946e000 rw-p 00000000 00:00 0 
a946e000-a9488000 r-xp 00000000 b3:02 8234       /usr/lib/libboost_filesystem.so.1.83.0
a9488000-a9489000 rw-p 0001a000 b3:02 8234       /usr/lib/libboost_filesystem.so.1.83.0
a9489000-a948e000 r-xp 00000000 b3:02 1327       /usr/lib/libsmack.so.1.3.1
a948e000-a948f000 r--p 00005000 b3:02 1327       /usr/lib/libsmack.so.1.3.1
a948f000-a9490000 rw-p 00006000 b3:02 1327       /usr/lib/libsmack.so.1.3.1
a9490000-a9494000 r-xp 00000000 b3:02 8574       /usr/lib/libacl.so.1.1.2302
a9494000-a9495000 r--p 00004000 b3:02 8574       /usr/lib/libacl.so.1.1.2302
a9495000-a9496000 rw-p 00005000 b3:02 8574       /usr/lib/libacl.so.1.1.2302
a9496000-a94a3000 r-xp 00000000 b3:02 9674       /usr/lib/libsecurity-privilege-manager.so.1.4.0
a94a3000-a94a4000 r--p 0000d000 b3:02 9674       /usr/lib/libsecurity-privilege-manager.so.1.4.0
a94a4000-a94a5000 rw-p 0000e000 b3:02 9674       /usr/lib/libsecurity-privilege-manager.so.1.4.0
a94a5000-a94a7000 r-xp 00000000 b3:02 4900       /usr/lib/libcynara-creds-socket.so.0.26.0
a94a7000-a94a8000 r--p 00002000 b3:02 4900       /usr/lib/libcynara-creds-socket.so.0.26.0
a94a8000-a94a9000 rw-p 00003000 b3:02 4900       /usr/lib/libcynara-creds-socket.so.0.26.0
a94a9000-a94bd000 r-xp 00000000 b3:02 5125       /usr/lib/libcynara-admin.so.0.26.0
a94bd000-a94be000 r--p 00014000 b3:02 5125       /usr/lib/libcynara-admin.so.0.26.0
a94be000-a94bf000 rw-p 00015000 b3:02 5125       /usr/lib/libcynara-admin.so.0.26.0
a94bf000-a94c7000 r-xp 00000000 b3:02 5069       /usr/lib/libsessiond.so.10.6.21
a94c7000-a94c8000 r--p 00008000 b3:02 5069       /usr/lib/libsessiond.so.10.6.21
a94c8000-a94c9000 rw-p 00009000 b3:02 5069       /usr/lib/libsessiond.so.10.6.21
a94c9000-a94cd000 r-xp 00000000 b3:02 4927       /usr/lib/libcontext-shared.so.4.0.3
a94cd000-a94ce000 r--p 00004000 b3:02 4927       /usr/lib/libcontext-shared.so.4.0.3
a94ce000-a94cf000 rw-p 00005000 b3:02 4927       /usr/lib/libcontext-shared.so.4.0.3
a94cf000-a94d1000 r-xp 00000000 b3:02 4923       /usr/lib/libcontext-client.so.4.0.3
a94d1000-a94d2000 r--p 00002000 b3:02 4923       /usr/lib/libcontext-client.so.4.0.3
a94d2000-a94d3000 rw-p 00003000 b3:02 4923       /usr/lib/libcontext-client.so.4.0.3
a94d3000-a94e6000 r-xp 00000000 b3:02 9797       /usr/lib/libsensord-shared.so
a94e6000-a94e7000 r--p 00013000 b3:02 9797       /usr/lib/libsensord-shared.so
a94e7000-a94e8000 rw-p 00014000 b3:02 9797       /usr/lib/libsensord-shared.so
a94e8000-a9504000 r-xp 00000000 b3:02 4870       /usr/lib/libtizen-core.so.0.4.2
a9504000-a9505000 r--p 0001c000 b3:02 4870       /usr/lib/libtizen-core.so.0.4.2
a9505000-a9506000 rw-p 0001d000 b3:02 4870       /usr/lib/libtizen-core.so.0.4.2
a9506000-a9550000 r-xp 00000000 b3:02 9555       /usr/lib/librpc-port.so.1.21.15
a9550000-a9551000 r--p 0004a000 b3:02 9555       /usr/lib/librpc-port.so.1.21.15
a9551000-a9553000 rw-p 0004b000 b3:02 9555       /usr/lib/librpc-port.so.1.21.15
a9553000-a9556000 r-xp 00000000 b3:02 9639       /usr/lib/libpkgmgr_common.so.0.23.1
a9556000-a9557000 r--p 00003000 b3:02 9639       /usr/lib/libpkgmgr_common.so.0.23.1
a9557000-a9558000 rw-p 00004000 b3:02 9639       /usr/lib/libpkgmgr_common.so.0.23.1
a9558000-a9574000 r-xp 00000000 b3:02 1538       /usr/lib/liblzma.so.5.8.1
a9574000-a9575000 r--p 0001c000 b3:02 1538       /usr/lib/liblzma.so.5.8.1
a9575000-a9576000 rw-p 0001d000 b3:02 1538       /usr/lib/liblzma.so.5.8.1
a9576000-a9587000 r-xp 00000000 b3:02 9567       /usr/lib/hal/libhal-api-common.so.0.1.0
a9587000-a9588000 r--p 00011000 b3:02 9567       /usr/lib/hal/libhal-api-common.so.0.1.0
a9588000-a958a000 rw-p 00012000 b3:02 9567       /usr/lib/hal/libhal-api-common.so.0.1.0
a958a000-a958c000 rw-p 00000000 00:00 0 
a958c000-a9596000 r-xp 00000000 b3:02 1377       /usr/lib/libjson-c.so.5.4.0
a9596000-a9597000 r--p 0000a000 b3:02 1377       /usr/lib/libjson-c.so.5.4.0
a9597000-a9598000 rw-p 0000b000 b3:02 1377       /usr/lib/libjson-c.so.5.4.0
a9598000-a959b000 r-xp 00000000 b3:02 1171       /usr/lib/libiniparser.so.4.2.6
a959b000-a959c000 r--p 00003000 b3:02 1171       /usr/lib/libiniparser.so.4.2.6
a959c000-a959d000 rw-p 00004000 b3:02 1171       /usr/lib/libiniparser.so.4.2.6
a959d000-a959f000 r-xp 00000000 b3:02 2943       /usr/lib/libgmodule-2.0.so.0.8000.5
a959f000-a95a0000 r--p 00002000 b3:02 2943       /usr/lib/libgmodule-2.0.so.0.8000.5
a95a0000-a95a1000 rw-p 00003000 b3:02 2943       /usr/lib/libgmodule-2.0.so.0.8000.5
a95a1000-a95a9000 r-xp 00000000 b3:02 12227      /usr/lib/libethumb.so.1.25.1
a95a9000-a95aa000 r--p 00008000 b3:02 12227      /usr/lib/libethumb.so.1.25.1
a95aa000-a95ab000 rw-p 00009000 b3:02 12227      /usr/lib/libethumb.so.1.25.1
a95ab000-a95b1000 r-xp 00000000 b3:02 5102       /usr/lib/libecore_ipc.so.1.25.1
a95b1000-a95b2000 r--p 00006000 b3:02 5102       /usr/lib/libecore_ipc.so.1.25.1
a95b2000-a95b3000 rw-p 00007000 b3:02 5102       /usr/lib/libecore_ipc.so.1.25.1
a95b3000-a95e4000 r-xp 00000000 b3:02 1637       /usr/lib/libmount.so.1.1.0
a95e4000-a95e5000 r--p 00031000 b3:02 1637       /usr/lib/libmount.so.1.1.0
a95e5000-a95e6000 rw-p 00032000 b3:02 1637       /usr/lib/libmount.so.1.1.0
a95e6000-a95e8000 rw-p 00000000 00:00 0 
a95e8000-a9665000 r-xp 00000000 b3:02 1366       /usr/lib/libturbojpeg.so.0.3.0
a9665000-a9666000 r--p 0007d000 b3:02 1366       /usr/lib/libturbojpeg.so.0.3.0
a9666000-a9667000 rw-p 0007e000 b3:02 1366       /usr/lib/libturbojpeg.so.0.3.0
a9667000-a96e9000 r-xp 00000000 b3:02 1162       /usr/lib/libssl.so.3
a96e9000-a96ef000 r--p 00082000 b3:02 1162       /usr/lib/libssl.so.3
a96ef000-a96f3000 rw-p 00088000 b3:02 1162       /usr/lib/libssl.so.3
a96f3000-a9705000 r-xp 00000000 b3:02 18003      /usr/lib/libmanifest-parser-utils.so.1.9.0
a9705000-a9706000 r--p 00012000 b3:02 18003      /usr/lib/libmanifest-parser-utils.so.1.9.0
a9706000-a9707000 rw-p 00013000 b3:02 18003      /usr/lib/libmanifest-parser-utils.so.1.9.0
a9707000-a9708000 r-xp 00000000 b3:02 4775       /usr/lib/libcynara-session.so.0.26.0
a9708000-a9709000 r--p 00001000 b3:02 4775       /usr/lib/libcynara-session.so.0.26.0
a9709000-a970a000 rw-p 00002000 b3:02 4775       /usr/lib/libcynara-session.so.0.26.0
a970a000-a971d000 r-xp 00000000 b3:02 12740      /usr/lib/libscl-core-pure.so
a971d000-a971e000 r--p 00013000 b3:02 12740      /usr/lib/libscl-core-pure.so
a971e000-a971f000 rw-p 00014000 b3:02 12740      /usr/lib/libscl-core-pure.so
a971f000-a9725000 r-xp 00000000 b3:02 10159      /usr/lib/libscreen_connector_provider.so.1.9.12
a9725000-a9726000 r--p 00006000 b3:02 10159      /usr/lib/libscreen_connector_provider.so.1.9.12
a9726000-a9727000 rw-p 00007000 b3:02 10159      /usr/lib/libscreen_connector_provider.so.1.9.12
a9727000-a972d000 r-xp 00000000 b3:02 13812      /usr/lib/libappcore-watch-base.so.1.7.25
a972d000-a972e000 r--p 00006000 b3:02 13812      /usr/lib/libappcore-watch-base.so.1.7.25
a972e000-a972f000 rw-p 00007000 b3:02 13812      /usr/lib/libappcore-watch-base.so.1.7.25
a972f000-a9774000 r-xp 00000000 b3:02 13132      /usr/lib/libkey-manager-client.so.1.0.1
a9774000-a9775000 r--p 00045000 b3:02 13132      /usr/lib/libkey-manager-client.so.1.0.1
a9775000-a9776000 rw-p 00046000 b3:02 13132      /usr/lib/libkey-manager-client.so.1.0.1
a9776000-a99d1000 r-xp 00000000 b3:02 1161       /usr/lib/libcrypto.so.3
a99d1000-a9a0c000 r--p 0025b000 b3:02 1161       /usr/lib/libcrypto.so.3
a9a0c000-a9a0e000 rw-p 00296000 b3:02 1161       /usr/lib/libcrypto.so.3
a9a0e000-a9a10000 rw-p 00000000 00:00 0 
a9a10000-a9a1a000 r-xp 00000000 b3:02 13173      /usr/lib/liblaunchpad-common.so.0.50.17
a9a1a000-a9a1b000 r--p 0000a000 b3:02 13173      /usr/lib/liblaunchpad-common.so.0.50.17
a9a1b000-a9a1c000 rw-p 0000b000 b3:02 13173      /usr/lib/liblaunchpad-common.so.0.50.17
a9a1c000-a9a53000 r-xp 00000000 b3:02 13175      /usr/lib/liblaunchpad-core.so.0.50.17
a9a53000-a9a54000 r--p 00037000 b3:02 13175      /usr/lib/liblaunchpad-core.so.0.50.17
a9a54000-a9a55000 rw-p 00038000 b3:02 13175      /usr/lib/liblaunchpad-core.so.0.50.17
a9a55000-a9a60000 r-xp 00000000 b3:02 11285      /usr/lib/libtanchor-runtime.so.2.1.2
a9a60000-a9a61000 rw-p 0000b000 b3:02 11285      /usr/lib/libtanchor-runtime.so.2.1.2
a9a61000-a9a66000 r-xp 00000000 b3:02 4885       /usr/lib/libcynara-creds-commons.so.0.26.0
a9a66000-a9a67000 r--p 00005000 b3:02 4885       /usr/lib/libcynara-creds-commons.so.0.26.0
a9a67000-a9a68000 rw-p 00006000 b3:02 4885       /usr/lib/libcynara-creds-commons.so.0.26.0
a9a68000-a9a6c000 r-xp 00000000 b3:02 4878       /usr/lib/libcynara-uid-creds.so..26.0
a9a6c000-a9a6d000 r--p 00004000 b3:02 4878       /usr/lib/libcynara-uid-creds.so..26.0
a9a6d000-a9a6e000 rw-p 00005000 b3:02 4878       /usr/lib/libcynara-uid-creds.so..26.0
a9a6e000-a9ab8000 r-xp 00000000 b3:02 4768       /usr/lib/libcynara-commons.so.0.26.0
a9ab8000-a9aba000 r--p 0004a000 b3:02 4768       /usr/lib/libcynara-commons.so.0.26.0
a9aba000-a9abb000 rw-p 0004c000 b3:02 4768       /usr/lib/libcynara-commons.so.0.26.0
a9abb000-a9ac2000 r-xp 00000000 b3:02 4863       /usr/lib/libcynara-client-commons.so.0.26.0
a9ac2000-a9ac3000 r--p 00007000 b3:02 4863       /usr/lib/libcynara-client-commons.so.0.26.0
a9ac3000-a9ac4000 rw-p 00008000 b3:02 4863       /usr/lib/libcynara-client-commons.so.0.26.0
a9ac4000-a9ade000 r-xp 00000000 b3:02 3749       /usr/lib/libjson-glib-1.0.so.0.800.0
a9ade000-a9adf000 r--p 0001a000 b3:02 3749       /usr/lib/libjson-glib-1.0.so.0.800.0
a9adf000-a9ae0000 rw-p 0001b000 b3:02 3749       /usr/lib/libjson-glib-1.0.so.0.800.0
a9ae0000-a9ae1000 r-xp 00000000 b3:02 9530       /usr/lib/libaul-blink.so.0.84.11
a9ae1000-a9ae2000 r--p 00001000 b3:02 9530       /usr/lib/libaul-blink.so.0.84.11
a9ae2000-a9ae3000 rw-p 00002000 b3:02 9530       /usr/lib/libaul-blink.so.0.84.11
a9ae3000-a9aed000 r-xp 00000000 b3:02 1898       /usr/lib/libunwind-arm.so.8.0.1
a9aed000-a9aee000 r--p 0000a000 b3:02 1898       /usr/lib/libunwind-arm.so.8.0.1
a9aee000-a9aef000 rw-p 0000b000 b3:02 1898       /usr/lib/libunwind-arm.so.8.0.1
a9aef000-a9b08000 rw-p 00000000 00:00 0 
a9b08000-a9b0a000 r-xp 00000000 b3:02 1902       /usr/lib/libunwind-ptrace.so.0.0.0
a9b0a000-a9b0b000 r--p 00002000 b3:02 1902       /usr/lib/libunwind-ptrace.so.0.0.0
a9b0b000-a9b0c000 rw-p 00003000 b3:02 1902       /usr/lib/libunwind-ptrace.so.0.0.0
a9b0c000-a9b12000 r-xp 00000000 b3:02 1534       /usr/lib/libxdgmime.so.1.1.0
a9b12000-a9b13000 r--p 00006000 b3:02 1534       /usr/lib/libxdgmime.so.1.1.0
a9b13000-a9b14000 rw-p 00007000 b3:02 1534       /usr/lib/libxdgmime.so.1.1.0
a9b14000-a9b19000 r-xp 00000000 b3:02 1270       /usr/lib/libuuid.so.1.3.0
a9b19000-a9b1a000 r--p 00005000 b3:02 1270       /usr/lib/libuuid.so.1.3.0
a9b1a000-a9b1b000 rw-p 00006000 b3:02 1270       /usr/lib/libuuid.so.1.3.0
a9b1b000-a9b30000 r-xp 00000000 b3:02 2260       /usr/lib/libexpat.so.1.11.1
a9b30000-a9b32000 r--p 00015000 b3:02 2260       /usr/lib/libexpat.so.1.11.1
a9b32000-a9b33000 rw-p 00017000 b3:02 2260       /usr/lib/libexpat.so.1.11.1
a9b33000-a9b4b000 r-xp 00000000 b3:02 12121      /usr/lib/libespplayer-core.so
a9b4b000-a9b4c000 r--p 00018000 b3:02 12121      /usr/lib/libespplayer-core.so
a9b4c000-a9b4d000 rw-p 00019000 b3:02 12121      /usr/lib/libespplayer-core.so
a9b4d000-a9c25000 r-xp 00000000 b3:02 4751       /usr/lib/libgstreamer-1.0.so.0.2411.0
a9c25000-a9c28000 r--p 000d8000 b3:02 4751       /usr/lib/libgstreamer-1.0.so.0.2411.0
a9c28000-a9c2a000 rw-p 000db000 b3:02 4751       /usr/lib/libgstreamer-1.0.so.0.2411.0
a9c2a000-a9c2b000 rw-p 00000000 00:00 0 
a9c2b000-a9c65000 r-xp 00000000 b3:02 4913       /usr/lib/libpulse.so.0.24.0
a9c65000-a9c66000 r--p 0003a000 b3:02 4913       /usr/lib/libpulse.so.0.24.0
a9c66000-a9c67000 rw-p 0003b000 b3:02 4913       /usr/lib/libpulse.so.0.24.0
a9c67000-a9c7b000 r-xp 00000000 b3:02 9907       /usr/lib/libmmfsound.so.0.1.0
a9c7b000-a9c7c000 r--p 00014000 b3:02 9907       /usr/lib/libmmfsound.so.0.1.0
a9c7c000-a9c7d000 rw-p 00015000 b3:02 9907       /usr/lib/libmmfsound.so.0.1.0
a9c7d000-a9c84000 rw-p 00000000 00:00 0 
a9c84000-a9c9b000 r-xp 00000000 b3:02 10077      /usr/lib/libapp-core-ui-cpp.so.1.27.13
a9c9b000-a9c9c000 r--p 00017000 b3:02 10077      /usr/lib/libapp-core-ui-cpp.so.1.27.13
a9c9c000-a9c9d000 rw-p 00018000 b3:02 10077      /usr/lib/libapp-core-ui-cpp.so.1.27.13
a9c9d000-a9ca3000 r-xp 00000000 b3:02 12412      /usr/lib/libapp-core-efl-cpp.so.1.27.13
a9ca3000-a9ca4000 r--p 00006000 b3:02 12412      /usr/lib/libapp-core-efl-cpp.so.1.27.13
a9ca4000-a9ca5000 rw-p 00007000 b3:02 12412      /usr/lib/libapp-core-efl-cpp.so.1.27.13
a9ca5000-a9ca9000 r-xp 00000000 b3:02 9815       /usr/lib/libcapi-appfw-app-control-uri.so.0.26.2
a9ca9000-a9caa000 r--p 00004000 b3:02 9815       /usr/lib/libcapi-appfw-app-control-uri.so.0.26.2
a9caa000-a9cab000 rw-p 00005000 b3:02 9815       /usr/lib/libcapi-appfw-app-control-uri.so.0.26.2
a9cab000-a9cbb000 r-xp 00000000 b3:02 9806       /usr/lib/libapp-core-cpp.so.1.27.13
a9cbb000-a9cbc000 r--p 00010000 b3:02 9806       /usr/lib/libapp-core-cpp.so.1.27.13
a9cbc000-a9cbd000 rw-p 00011000 b3:02 9806       /usr/lib/libapp-core-cpp.so.1.27.13
a9cbd000-a9cc3000 r-xp 00000000 b3:02 1371       /usr/lib/libcap.so.2.73
a9cc3000-a9cc4000 r--p 00006000 b3:02 1371       /usr/lib/libcap.so.2.73
a9cc4000-a9cc5000 rw-p 00007000 b3:02 1371       /usr/lib/libcap.so.2.73
a9cc5000-a9d89000 r-xp 00000000 b3:02 13062      /usr/lib/libsecurity-manager-commons.so.1.0.2
a9d89000-a9d8b000 r--p 000c4000 b3:02 13062      /usr/lib/libsecurity-manager-commons.so.1.0.2
a9d8b000-a9d8d000 rw-p 000c6000 b3:02 13062      /usr/lib/libsecurity-manager-commons.so.1.0.2
a9d8d000-a9d96000 r-xp 00000000 b3:02 13739      /usr/lib/libcontext-sensor-recorder-client-genuine.so.4.0.1
a9d96000-a9d97000 r--p 00009000 b3:02 13739      /usr/lib/libcontext-sensor-recorder-client-genuine.so.4.0.1
a9d97000-a9d98000 rw-p 0000a000 b3:02 13739      /usr/lib/libcontext-sensor-recorder-client-genuine.so.4.0.1
a9d98000-a9dbc000 r-xp 00000000 b3:02 9795       /usr/lib/libsensor.so.10.0.0
a9dbc000-a9dbd000 r--p 00024000 b3:02 9795       /usr/lib/libsensor.so.10.0.0
a9dbd000-a9dbe000 rw-p 00025000 b3:02 9795       /usr/lib/libsensor.so.10.0.0
a9dbe000-a9dc0000 r-xp 00000000 b3:02 1888       /usr/lib/libplds4.so
a9dc0000-a9dc1000 r--p 00002000 b3:02 1888       /usr/lib/libplds4.so
a9dc1000-a9dc2000 rw-p 00003000 b3:02 1888       /usr/lib/libplds4.so
a9dc2000-a9dc4000 r-xp 00000000 b3:02 1887       /usr/lib/libplc4.so
a9dc4000-a9dc5000 r--p 00002000 b3:02 1887       /usr/lib/libplc4.so
a9dc5000-a9dc6000 rw-p 00003000 b3:02 1887       /usr/lib/libplc4.so
a9dc6000-abd5a000 r-xp 00000000 b3:02 1295       /usr/lib/libicudata.so.78.1
abd5a000-abd5b000 r--p 01f94000 b3:02 1295       /usr/lib/libicudata.so.78.1
abd5b000-abd5c000 rw-p 01f95000 b3:02 1295       /usr/lib/libicudata.so.78.1
abd5c000-abd65000 r-xp 00000000 b3:02 1949       /usr/lib/libffi.so.8.1.4
abd65000-abd66000 r--p 00009000 b3:02 1949       /usr/lib/libffi.so.8.1.4
abd66000-abd67000 rw-p 0000a000 b3:02 1949       /usr/lib/libffi.so.8.1.4
abd67000-abd68000 r-xp 00000000 b3:02 4783       /usr/lib/libcursor-shape-v1-client.so.0.0.0
abd68000-abd69000 r--p 00001000 b3:02 4783       /usr/lib/libcursor-shape-v1-client.so.0.0.0
abd69000-abd6a000 rw-p 00002000 b3:02 4783       /usr/lib/libcursor-shape-v1-client.so.0.0.0
abd6a000-abd6b000 r-xp 00000000 b3:02 4798       /usr/lib/libpointer-warp-v1-client.so.0.0.0
abd6b000-abd6c000 r--p 00001000 b3:02 4798       /usr/lib/libpointer-warp-v1-client.so.0.0.0
abd6c000-abd6d000 rw-p 00002000 b3:02 4798       /usr/lib/libpointer-warp-v1-client.so.0.0.0
abd6d000-abd6e000 r-xp 00000000 b3:02 4832       /usr/lib/libwtz-blur-client.so.0.0.0
abd6e000-abd6f000 r--p 00001000 b3:02 4832       /usr/lib/libwtz-blur-client.so.0.0.0
abd6f000-abd70000 rw-p 00002000 b3:02 4832       /usr/lib/libwtz-blur-client.so.0.0.0
abd70000-abd71000 r-xp 00000000 b3:02 4794       /usr/lib/libpointer-constraints-unstable-v1-client.so.0.0.0
abd71000-abd72000 r--p 00001000 b3:02 4794       /usr/lib/libpointer-constraints-unstable-v1-client.so.0.0.0
abd72000-abd73000 rw-p 00002000 b3:02 4794       /usr/lib/libpointer-constraints-unstable-v1-client.so.0.0.0
abd73000-abd74000 r-xp 00000000 b3:02 4802       /usr/lib/librelative-pointer-unstable-v1-client.so.0.0.0
abd74000-abd75000 r--p 00001000 b3:02 4802       /usr/lib/librelative-pointer-unstable-v1-client.so.0.0.0
abd75000-abd76000 rw-p 00002000 b3:02 4802       /usr/lib/librelative-pointer-unstable-v1-client.so.0.0.0
abd76000-abd77000 r-xp 00000000 b3:02 4844       /usr/lib/libwtz-video-shell-client.so.0.0.0
abd77000-abd78000 r--p 00001000 b3:02 4844       /usr/lib/libwtz-video-shell-client.so.0.0.0
abd78000-abd79000 rw-p 00002000 b3:02 4844       /usr/lib/libwtz-video-shell-client.so.0.0.0
abd79000-abd7a000 r-xp 00000000 b3:02 4838       /usr/lib/libwtz-screen-client.so.0.0.0
abd7a000-abd7b000 r--p 00001000 b3:02 4838       /usr/lib/libwtz-screen-client.so.0.0.0
abd7b000-abd7c000 rw-p 00002000 b3:02 4838       /usr/lib/libwtz-screen-client.so.0.0.0
abd7c000-abd7d000 r-xp 00000000 b3:02 4840       /usr/lib/libwtz-shell-client.so.0.0.0
abd7d000-abd7e000 r--p 00001000 b3:02 4840       /usr/lib/libwtz-shell-client.so.0.0.0
abd7e000-abd7f000 rw-p 00002000 b3:02 4840       /usr/lib/libwtz-shell-client.so.0.0.0
abd7f000-abd80000 r-xp 00000000 b3:02 4834       /usr/lib/libwtz-foreign-client.so.0.0.0
abd80000-abd81000 r--p 00001000 b3:02 4834       /usr/lib/libwtz-foreign-client.so.0.0.0
abd81000-abd82000 rw-p 00002000 b3:02 4834       /usr/lib/libwtz-foreign-client.so.0.0.0
abd82000-abd83000 r-xp 00000000 b3:02 4822       /usr/lib/libtizen-policy-ext-client.so.0.0.0
abd83000-abd84000 r--p 00001000 b3:02 4822       /usr/lib/libtizen-policy-ext-client.so.0.0.0
abd84000-abd85000 rw-p 00002000 b3:02 4822       /usr/lib/libtizen-policy-ext-client.so.0.0.0
abd85000-abd87000 r-xp 00000000 b3:02 5002       /usr/lib/libwayland-egl-tizen.so.1.1.1
abd87000-abd88000 r--p 00002000 b3:02 5002       /usr/lib/libwayland-egl-tizen.so.1.1.1
abd88000-abd89000 rw-p 00003000 b3:02 5002       /usr/lib/libwayland-egl-tizen.so.1.1.1
abd89000-abd8a000 r-xp 00000000 b3:02 1963       /usr/lib/libwayland-egl.so.1.23.1
abd8a000-abd8b000 r--p 00001000 b3:02 1963       /usr/lib/libwayland-egl.so.1.23.1
abd8b000-abd8c000 rw-p 00002000 b3:02 1963       /usr/lib/libwayland-egl.so.1.23.1
abd8c000-abd95000 r-xp 00000000 b3:02 10038      /usr/lib/libwayland-tbm-client.so.0.0.0
abd95000-abd96000 r--p 00009000 b3:02 10038      /usr/lib/libwayland-tbm-client.so.0.0.0
abd96000-abd97000 rw-p 0000a000 b3:02 10038      /usr/lib/libwayland-tbm-client.so.0.0.0
abd97000-abd98000 r-xp 00000000 b3:02 4820       /usr/lib/libtizen-launch-client.so.0.0.0
abd98000-abd99000 r--p 00001000 b3:02 4820       /usr/lib/libtizen-launch-client.so.0.0.0
abd99000-abd9a000 rw-p 00002000 b3:02 4820       /usr/lib/libtizen-launch-client.so.0.0.0
abd9a000-abd9d000 r-xp 00000000 b3:02 5135       /usr/lib/libwayland-cursor.so.0.23.1
abd9d000-abd9e000 r--p 00003000 b3:02 5135       /usr/lib/libwayland-cursor.so.0.23.1
abd9e000-abda1000 rw-p 00004000 b3:02 5135       /usr/lib/libwayland-cursor.so.0.23.1
abda1000-abdd7000 r-xp 00000000 b3:02 1385       /usr/lib/libxkbcommon.so.0.8.0
abdd7000-abdd8000 r--p 00036000 b3:02 1385       /usr/lib/libxkbcommon.so.0.8.0
abdd8000-abdd9000 rw-p 00037000 b3:02 1385       /usr/lib/libxkbcommon.so.0.8.0
abdd9000-abddb000 r-xp 00000000 b3:02 1338       /usr/lib/libttrace.so.1.1.0
abddb000-abddc000 r--p 00002000 b3:02 1338       /usr/lib/libttrace.so.1.1.0
abddc000-abddd000 rw-p 00003000 b3:02 1338       /usr/lib/libttrace.so.1.1.0
abddd000-abe31000 r-xp 00000000 b3:02 10745      /usr/lib/hal/libhal-api-device.so.1.0.0
abe31000-abe32000 r--p 00054000 b3:02 10745      /usr/lib/hal/libhal-api-device.so.1.0.0
abe32000-abe33000 rw-p 00055000 b3:02 10745      /usr/lib/hal/libhal-api-device.so.1.0.0
abe33000-abe40000 r-xp 00000000 b3:02 2958       /usr/lib/libsyscommon.so.5.0.0
abe40000-abe41000 r--p 0000d000 b3:02 2958       /usr/lib/libsyscommon.so.5.0.0
abe41000-abe42000 rw-p 0000e000 b3:02 2958       /usr/lib/libsyscommon.so.5.0.0
abe42000-abe43000 r-xp 00000000 b3:02 5342       /usr/lib/libtracker.so.1.0.1
abe43000-abe44000 r--p 00001000 b3:02 5342       /usr/lib/libtracker.so.1.0.1
abe44000-abe45000 rw-p 00002000 b3:02 5342       /usr/lib/libtracker.so.1.0.1
abe45000-abe4b000 r-xp 00000000 b3:02 4780       /usr/lib/libparcel.so.0.18.15
abe4b000-abe4c000 r--p 00006000 b3:02 4780       /usr/lib/libparcel.so.0.18.15
abe4c000-abe4d000 rw-p 00007000 b3:02 4780       /usr/lib/libparcel.so.0.18.15
abe4d000-abe4e000 r-xp 00000000 b3:02 4874       /usr/lib/libcynara-uid.so.0.26.0
abe4e000-abe4f000 r--p 00001000 b3:02 4874       /usr/lib/libcynara-uid.so.0.26.0
abe4f000-abe50000 rw-p 00002000 b3:02 4874       /usr/lib/libcynara-uid.so.0.26.0
abe50000-abe51000 r-xp 00000000 b3:02 4854       /usr/lib/libcapi-system-resource.so.1.0.0
abe51000-abe52000 r--p 00001000 b3:02 4854       /usr/lib/libcapi-system-resource.so.1.0.0
abe52000-abe53000 rw-p 00002000 b3:02 4854       /usr/lib/libcapi-system-resource.so.1.0.0
abe53000-abeba000 r-xp 00000000 b3:02 2930       /usr/lib/libpcre2-8.so.0.15.0
abeba000-abebb000 r--p 00067000 b3:02 2930       /usr/lib/libpcre2-8.so.0.15.0
abebb000-abebc000 rw-p 00068000 b3:02 2930       /usr/lib/libpcre2-8.so.0.15.0
abebc000-abee8000 r-xp 00000000 b3:02 9641       /usr/lib/libpkgmgr-client.so.0.23.1
abee8000-abee9000 r--p 0002c000 b3:02 9641       /usr/lib/libpkgmgr-client.so.0.23.1
abee9000-abeea000 rw-p 0002d000 b3:02 9641       /usr/lib/libpkgmgr-client.so.0.23.1
abeea000-abeef000 r-xp 00000000 b3:02 1641       /usr/lib/libsharpyuv.so.0.1.0
abeef000-abef0000 r--p 00005000 b3:02 1641       /usr/lib/libsharpyuv.so.0.1.0
abef0000-abef1000 rw-p 00006000 b3:02 1641       /usr/lib/libsharpyuv.so.0.1.0
abef1000-abef2000 rw-p 00000000 00:00 0 
abef2000-abf12000 r-xp 00000000 b3:02 3875       /usr/lib/libbrotlicommon.so.1.1.0
abf12000-abf13000 r--p 00020000 b3:02 3875       /usr/lib/libbrotlicommon.so.1.1.0
abf13000-abf14000 rw-p 00021000 b3:02 3875       /usr/lib/libbrotlicommon.so.1.1.0
abf14000-abfa0000 r-xp 00000000 b3:02 1626       /usr/lib/libsystemd.so.0.27.1
abfa0000-abfa2000 r--p 0008c000 b3:02 1626       /usr/lib/libsystemd.so.0.27.1
abfa2000-abfa3000 rw-p 0008e000 b3:02 1626       /usr/lib/libsystemd.so.0.27.1
abfa3000-ac013000 r-xp 00000000 b3:02 1676       /usr/lib/libpixman-1.so.0.38.4
ac013000-ac019000 r--p 00070000 b3:02 1676       /usr/lib/libpixman-1.so.0.38.4
ac019000-ac01a000 rw-p 00076000 b3:02 1676       /usr/lib/libpixman-1.so.0.38.4
ac01a000-ac026000 r-xp 00000000 b3:02 4879       /usr/lib/libwayland-server.so.0.23.1
ac026000-ac027000 r--p 0000c000 b3:02 4879       /usr/lib/libwayland-server.so.0.23.1
ac027000-ac028000 rw-p 0000d000 b3:02 4879       /usr/lib/libwayland-server.so.0.23.1
ac028000-ac033000 r-xp 00000000 b3:02 1953       /usr/lib/libdrm.so.2.131.0
ac033000-ac034000 r--p 0000b000 b3:02 1953       /usr/lib/libdrm.so.2.131.0
ac034000-ac035000 rw-p 0000c000 b3:02 1953       /usr/lib/libdrm.so.2.131.0
ac035000-ac03a000 r-xp 00000000 b3:02 9958       /usr/lib/hal/libhal-api-tbm.so.1.1
ac03a000-ac03b000 r--p 00005000 b3:02 9958       /usr/lib/hal/libhal-api-tbm.so.1.1
ac03b000-ac03c000 rw-p 00006000 b3:02 9958       /usr/lib/hal/libhal-api-tbm.so.1.1
ac03c000-ac03f000 r-xp 00000000 b3:02 4919       /usr/lib/libmmfdisplay_interface.so.0.0.0
ac03f000-ac040000 r--p 00003000 b3:02 4919       /usr/lib/libmmfdisplay_interface.so.0.0.0
ac040000-ac041000 rw-p 00004000 b3:02 4919       /usr/lib/libmmfdisplay_interface.so.0.0.0
ac041000-ac047000 r-xp 00000000 b3:02 10768      /usr/lib/libmuse-core.so.0.5.1
ac047000-ac048000 r--p 00006000 b3:02 10768      /usr/lib/libmuse-core.so.0.5.1
ac048000-ac049000 rw-p 00007000 b3:02 10768      /usr/lib/libmuse-core.so.0.5.1
ac049000-ac04b000 r-xp 00000000 b3:02 10766      /usr/lib/libmuse-client.so.0.5.1
ac04b000-ac04c000 r--p 00002000 b3:02 10766      /usr/lib/libmuse-client.so.0.5.1
ac04c000-ac04d000 rw-p 00003000 b3:02 10766      /usr/lib/libmuse-client.so.0.5.1
ac04d000-ac162000 r-xp 00000000 b3:02 3740       /usr/lib/libgio-2.0.so.0.8000.5
ac162000-ac166000 r--p 00115000 b3:02 3740       /usr/lib/libgio-2.0.so.0.8000.5
ac166000-ac168000 rw-p 00119000 b3:02 3740       /usr/lib/libgio-2.0.so.0.8000.5
ac168000-ac169000 rw-p 00000000 00:00 0 
ac169000-ac173000 r-xp 00000000 b3:02 9446       /usr/lib/libbuxton2.so.1.9.14
ac173000-ac174000 r--p 0000a000 b3:02 9446       /usr/lib/libbuxton2.so.1.9.14
ac174000-ac175000 rw-p 0000b000 b3:02 9446       /usr/lib/libbuxton2.so.1.9.14
ac175000-ac187000 r-xp 00000000 b3:02 5120       /usr/lib/libeio.so.1.25.1
ac187000-ac188000 r--p 00012000 b3:02 5120       /usr/lib/libeio.so.1.25.1
ac188000-ac189000 rw-p 00013000 b3:02 5120       /usr/lib/libeio.so.1.25.1
ac189000-ac19a000 r-xp 00000000 b3:02 12215      /usr/lib/libemotion.so.1.25.1
ac19a000-ac19b000 r--p 00011000 b3:02 12215      /usr/lib/libemotion.so.1.25.1
ac19b000-ac19c000 rw-p 00012000 b3:02 12215      /usr/lib/libemotion.so.1.25.1
ac19c000-ac1a2000 r-xp 00000000 b3:02 12229      /usr/lib/libethumb_client.so.1.25.1
ac1a2000-ac1a3000 r--p 00006000 b3:02 12229      /usr/lib/libethumb_client.so.1.25.1
ac1a3000-ac1a4000 rw-p 00007000 b3:02 12229      /usr/lib/libethumb_client.so.1.25.1
ac1a4000-ac1fc000 r-xp 00000000 b3:02 5035       /usr/lib/libecore_con.so.1.25.1
ac1fc000-ac1fe000 r--p 00058000 b3:02 5035       /usr/lib/libecore_con.so.1.25.1
ac1fe000-ac200000 rw-p 0005a000 b3:02 5035       /usr/lib/libecore_con.so.1.25.1
ac200000-ac208000 r-xp 00000000 b3:02 5308       /usr/lib/libecore_audio.so.1.25.1
ac208000-ac209000 r--p 00008000 b3:02 5308       /usr/lib/libecore_audio.so.1.25.1
ac209000-ac20a000 rw-p 00009000 b3:02 5308       /usr/lib/libecore_audio.so.1.25.1
ac20a000-ac222000 r-xp 00000000 b3:02 5110       /usr/lib/libefreet.so.1.25.1
ac222000-ac223000 r--p 00018000 b3:02 5110       /usr/lib/libefreet.so.1.25.1
ac223000-ac224000 rw-p 00019000 b3:02 5110       /usr/lib/libefreet.so.1.25.1
ac224000-ac225000 rw-p 00000000 00:00 0 
ac225000-ac22c000 r-xp 00000000 b3:02 5315       /usr/lib/libembryo.so.1.25.1
ac22c000-ac22d000 r--p 00007000 b3:02 5315       /usr/lib/libembryo.so.1.25.1
ac22d000-ac22e000 rw-p 00008000 b3:02 5315       /usr/lib/libembryo.so.1.25.1
ac22e000-ac22f000 r-xp 00000000 b3:02 12188      /usr/lib/libecore_imf_evas.so.1.25.1
ac22f000-ac230000 r--p 00001000 b3:02 12188      /usr/lib/libecore_imf_evas.so.1.25.1
ac230000-ac231000 rw-p 00002000 b3:02 12188      /usr/lib/libecore_imf_evas.so.1.25.1
ac231000-ac236000 r-xp 00000000 b3:02 5041       /usr/lib/libecore_file.so.1.25.1
ac236000-ac237000 r--p 00005000 b3:02 5041       /usr/lib/libecore_file.so.1.25.1
ac237000-ac238000 rw-p 00006000 b3:02 5041       /usr/lib/libecore_file.so.1.25.1
ac238000-ac243000 r-xp 00000000 b3:02 5176       /usr/lib/libeeze.so.1.25.1
ac243000-ac244000 r--p 0000b000 b3:02 5176       /usr/lib/libeeze.so.1.25.1
ac244000-ac245000 rw-p 0000c000 b3:02 5176       /usr/lib/libeeze.so.1.25.1
ac245000-ac249000 r-xp 00000000 b3:02 12012      /usr/lib/libecore_input_evas.so.1.25.1
ac249000-ac24a000 r--p 00004000 b3:02 12012      /usr/lib/libecore_input_evas.so.1.25.1
ac24a000-ac24b000 rw-p 00005000 b3:02 12012      /usr/lib/libecore_input_evas.so.1.25.1
ac24b000-ac2dc000 r-xp 00000000 b3:02 2955       /usr/lib/libharfbuzz.so.0.60822.0
ac2dc000-ac2dd000 r--p 00091000 b3:02 2955       /usr/lib/libharfbuzz.so.0.60822.0
ac2dd000-ac2de000 rw-p 00092000 b3:02 2955       /usr/lib/libharfbuzz.so.0.60822.0
ac2de000-ac2e1000 r-xp 00000000 b3:02 3862       /usr/lib/libhyphen.so.0.3.0
ac2e1000-ac2e2000 r--p 00003000 b3:02 3862       /usr/lib/libhyphen.so.0.3.0
ac2e2000-ac2e3000 rw-p 00004000 b3:02 3862       /usr/lib/libhyphen.so.0.3.0
ac2e3000-ac2fb000 r-xp 00000000 b3:02 3827       /usr/lib/libfribidi.so.0.4.0
ac2fb000-ac2fc000 r--p 00018000 b3:02 3827       /usr/lib/libfribidi.so.0.4.0
ac2fc000-ac2fd000 rw-p 00019000 b3:02 3827       /usr/lib/libfribidi.so.0.4.0
ac2fd000-ac328000 r-xp 00000000 b3:02 5233       /usr/lib/librlottie.so.0.2
ac328000-ac329000 r--p 0002b000 b3:02 5233       /usr/lib/librlottie.so.0.2
ac329000-ac32a000 rw-p 0002c000 b3:02 5233       /usr/lib/librlottie.so.0.2
ac32a000-ac38f000 r-xp 00000000 b3:02 1364       /usr/lib/libjpeg.so.8.3.2
ac38f000-ac390000 r--p 00065000 b3:02 1364       /usr/lib/libjpeg.so.8.3.2
ac390000-ac391000 rw-p 00066000 b3:02 1364       /usr/lib/libjpeg.so.8.3.2
ac391000-ac3d9000 r-xp 00000000 b3:02 2208       /usr/lib/libthorvg.so.1.0.7
ac3d9000-ac3db000 r--p 00048000 b3:02 2208       /usr/lib/libthorvg.so.1.0.7
ac3db000-ac3dc000 rw-p 0004a000 b3:02 2208       /usr/lib/libthorvg.so.1.0.7
ac3dc000-ac3f5000 r-xp 00000000 b3:02 1909       /usr/lib/liblua.so.5.1
ac3f5000-ac3f6000 r--p 00019000 b3:02 1909       /usr/lib/liblua.so.5.1
ac3f6000-ac3f7000 rw-p 0001a000 b3:02 1909       /usr/lib/liblua.so.5.1
ac3f7000-ac40e000 r-xp 00000000 b3:02 5018       /usr/lib/libeet.so.1.25.1
ac40e000-ac40f000 r--p 00017000 b3:02 5018       /usr/lib/libeet.so.1.25.1
ac40f000-ac410000 rw-p 00018000 b3:02 5018       /usr/lib/libeet.so.1.25.1
ac410000-ac418000 rw-p 00000000 00:00 0 
ac418000-ac436000 r-xp 00000000 b3:02 5014       /usr/lib/libemile.so.1.25.1
ac436000-ac437000 r--p 0001e000 b3:02 5014       /usr/lib/libemile.so.1.25.1
ac437000-ac438000 rw-p 0001f000 b3:02 5014       /usr/lib/libemile.so.1.25.1
ac438000-ac440000 rw-p 00000000 00:00 0 
ac440000-ac44a000 r-xp 00000000 b3:02 5185       /usr/lib/libector.so.1.25.1
ac44a000-ac44b000 r--p 0000a000 b3:02 5185       /usr/lib/libector.so.1.25.1
ac44b000-ac44c000 rw-p 0000b000 b3:02 5185       /usr/lib/libector.so.1.25.1
ac44c000-ac454000 rw-p 00000000 00:00 0 
ac454000-ac48f000 r-xp 00000000 b3:02 5024       /usr/lib/libefl.so.1.25.1
ac48f000-ac492000 r--p 0003b000 b3:02 5024       /usr/lib/libefl.so.1.25.1
ac492000-ac493000 rw-p 0003e000 b3:02 5024       /usr/lib/libefl.so.1.25.1
ac493000-ac495000 rw-p 00000000 00:00 0 
ac495000-ac4a8000 r-xp 00000000 b3:02 5010       /usr/lib/libeo.so.1.25.1
ac4a8000-ac4a9000 r--p 00013000 b3:02 5010       /usr/lib/libeo.so.1.25.1
ac4a9000-ac4aa000 rw-p 00014000 b3:02 5010       /usr/lib/libeo.so.1.25.1
ac4aa000-ac54e000 r-xp 00000000 b3:02 4079       /usr/lib/libbrotlienc.so.1.1.0
ac54e000-ac54f000 r--p 000a4000 b3:02 4079       /usr/lib/libbrotlienc.so.1.1.0
ac54f000-ac550000 rw-p 000a5000 b3:02 4079       /usr/lib/libbrotlienc.so.1.1.0
ac550000-ac5c3000 r-xp 00000000 b3:02 18040      /usr/lib/libwgt-manifest-handlers.so.1.11.1
ac5c3000-ac5c5000 r--p 00073000 b3:02 18040      /usr/lib/libwgt-manifest-handlers.so.1.11.1
ac5c5000-ac5c6000 rw-p 00075000 b3:02 18040      /usr/lib/libwgt-manifest-handlers.so.1.11.1
ac5c6000-ac5c7000 rw-p 00000000 00:00 0 
ac5c7000-ac5fb000 r-xp 00000000 b3:02 18005      /usr/lib/libmanifest-parser.so.1.9.0
ac5fb000-ac5fc000 r--p 00034000 b3:02 18005      /usr/lib/libmanifest-parser.so.1.9.0
ac5fc000-ac5fd000 rw-p 00035000 b3:02 18005      /usr/lib/libmanifest-parser.so.1.9.0
ac5fd000-ac620000 r-xp 00000000 b3:02 1858       /usr/lib/libxslt.so.1.1.43
ac620000-ac621000 r--p 00023000 b3:02 1858       /usr/lib/libxslt.so.1.1.43
ac621000-ac622000 rw-p 00024000 b3:02 1858       /usr/lib/libxslt.so.1.1.43
ac622000-ac628000 r-xp 00000000 b3:02 1690       /usr/lib/libminizip.so.1.0.0
ac628000-ac629000 r--p 00006000 b3:02 1690       /usr/lib/libminizip.so.1.0.0
ac629000-ac62a000 rw-p 00007000 b3:02 1690       /usr/lib/libminizip.so.1.0.0
ac62a000-ac64d000 r-xp 00000000 b3:02 2947       /usr/lib/libatspi.so.0.0.1
ac64d000-ac64f000 r--p 00023000 b3:02 2947       /usr/lib/libatspi.so.0.0.1
ac64f000-ac650000 rw-p 00025000 b3:02 2947       /usr/lib/libatspi.so.0.0.1
ac650000-ac676000 r-xp 00000000 b3:02 1628       /usr/lib/libudev.so.1.6.16
ac676000-ac677000 r--p 00026000 b3:02 1628       /usr/lib/libudev.so.1.6.16
ac677000-ac678000 rw-p 00027000 b3:02 1628       /usr/lib/libudev.so.1.6.16
ac678000-ac744000 r-xp 00000000 b3:02 1153       /usr/lib/libxml2.so.16.1.1
ac744000-ac748000 r--p 000cc000 b3:02 1153       /usr/lib/libxml2.so.16.1.1
ac748000-ac749000 rw-p 000d0000 b3:02 1153       /usr/lib/libxml2.so.16.1.1
ac749000-ac74a000 rw-p 00000000 00:00 0 
ac74a000-ac751000 r-xp 00000000 b3:02 1649       /usr/lib/libwebpmux.so.3.1.0
ac751000-ac752000 r--p 00007000 b3:02 1649       /usr/lib/libwebpmux.so.3.1.0
ac752000-ac753000 rw-p 00008000 b3:02 1649       /usr/lib/libwebpmux.so.3.1.0
ac753000-ac756000 r-xp 00000000 b3:02 1647       /usr/lib/libwebpdemux.so.2.0.15
ac756000-ac757000 r--p 00003000 b3:02 1647       /usr/lib/libwebpdemux.so.2.0.15
ac757000-ac758000 rw-p 00004000 b3:02 1647       /usr/lib/libwebpdemux.so.2.0.15
ac758000-ac766000 r-xp 00000000 b3:02 1167       /usr/lib/libz.so.1.3.1
ac766000-ac767000 r--p 0000e000 b3:02 1167       /usr/lib/libz.so.1.3.1
ac767000-ac768000 rw-p 0000f000 b3:02 1167       /usr/lib/libz.so.1.3.1
ac768000-ac773000 r-xp 00000000 b3:02 12747      /usr/lib/libcapi-ui-inputmethod.so.0.11.6
ac773000-ac774000 r--p 0000b000 b3:02 12747      /usr/lib/libcapi-ui-inputmethod.so.0.11.6
ac774000-ac775000 rw-p 0000c000 b3:02 12747      /usr/lib/libcapi-ui-inputmethod.so.0.11.6
ac775000-ac779000 r-xp 00000000 b3:02 13816      /usr/lib/libappcore-watch.so.1.7.25
ac779000-ac77a000 r--p 00004000 b3:02 13816      /usr/lib/libappcore-watch.so.1.7.25
ac77a000-ac77b000 rw-p 00005000 b3:02 13816      /usr/lib/libappcore-watch.so.1.7.25
ac77b000-ac785000 r-xp 00000000 b3:02 4730       /usr/lib/libwayland-client.so.0.23.1
ac785000-ac786000 r--p 0000a000 b3:02 4730       /usr/lib/libwayland-client.so.0.23.1
ac786000-ac787000 rw-p 0000b000 b3:02 4730       /usr/lib/libwayland-client.so.0.23.1
ac787000-ac78b000 r-xp 00000000 b3:02 4816       /usr/lib/libtizen-extension-client.so.0.0.0
ac78b000-ac78c000 r--p 00004000 b3:02 4816       /usr/lib/libtizen-extension-client.so.0.0.0
ac78c000-ac78d000 rw-p 00005000 b3:02 4816       /usr/lib/libtizen-extension-client.so.0.0.0
ac78d000-ac794000 r-xp 00000000 b3:02 13206      /usr/lib/libwebappenc.so.1.0.0
ac794000-ac795000 r--p 00007000 b3:02 13206      /usr/lib/libwebappenc.so.1.0.0
ac795000-ac796000 rw-p 00008000 b3:02 13206      /usr/lib/libwebappenc.so.1.0.0
ac796000-ac7a2000 r-xp 00000000 b3:02 13189      /usr/lib/liblaunchpad.so.0.50.17
ac7a2000-ac7a3000 r--p 0000c000 b3:02 13189      /usr/lib/liblaunchpad.so.0.50.17
ac7a3000-ac7a4000 rw-p 0000d000 b3:02 13189      /usr/lib/liblaunchpad.so.0.50.17
ac7a4000-ac7a6000 r-xp 00000000 b3:02 4895       /usr/lib/libcynara-creds-self.so.0.26.0
ac7a6000-ac7a7000 r--p 00002000 b3:02 4895       /usr/lib/libcynara-creds-self.so.0.26.0
ac7a7000-ac7a8000 rw-p 00003000 b3:02 4895       /usr/lib/libcynara-creds-self.so.0.26.0
ac7a8000-ac7ab000 r-xp 00000000 b3:02 4905       /usr/lib/libcynara-creds-pid.so.0.26.0
ac7ab000-ac7ac000 r--p 00003000 b3:02 4905       /usr/lib/libcynara-creds-pid.so.0.26.0
ac7ac000-ac7ad000 rw-p 00004000 b3:02 4905       /usr/lib/libcynara-creds-pid.so.0.26.0
ac7ad000-ac7b4000 r-xp 00000000 b3:02 4865       /usr/lib/libcynara-client.so.0.26.0
ac7b4000-ac7b5000 r--p 00007000 b3:02 4865       /usr/lib/libcynara-client.so.0.26.0
ac7b5000-ac7b6000 rw-p 00008000 b3:02 4865       /usr/lib/libcynara-client.so.0.26.0
ac7b6000-ac7cc000 r-xp 00000000 b3:02 4726       /usr/lib/libbundle.so.0.18.15
ac7cc000-ac7cd000 r--p 00016000 b3:02 4726       /usr/lib/libbundle.so.0.18.15
ac7cd000-ac7ce000 rw-p 00017000 b3:02 4726       /usr/lib/libbundle.so.0.18.15
ac7ce000-ac851000 r-xp 00000000 b3:02 9532       /usr/lib/libaul.so.0.84.11
ac851000-ac852000 r--p 00083000 b3:02 9532       /usr/lib/libaul.so.0.84.11
ac852000-ac854000 rw-p 00084000 b3:02 9532       /usr/lib/libaul.so.0.84.11
ac854000-ac856000 r-xp 00000000 b3:02 9592       /usr/lib/libappsvc.so.0.1.0
ac856000-ac857000 r--p 00002000 b3:02 9592       /usr/lib/libappsvc.so.0.1.0
ac857000-ac858000 rw-p 00003000 b3:02 9592       /usr/lib/libappsvc.so.0.1.0
ac858000-ac883000 r-xp 00000000 b3:02 9423       /usr/lib/libfontconfig.so.1.12.0
ac883000-ac884000 r--p 0002b000 b3:02 9423       /usr/lib/libfontconfig.so.1.12.0
ac884000-ac885000 rw-p 0002c000 b3:02 9423       /usr/lib/libfontconfig.so.1.12.0
ac885000-ac8c4000 r-xp 00000000 b3:02 1633       /usr/lib/libdbus-1.so.3.19.13
ac8c4000-ac8c5000 rw-p 0003f000 b3:02 1633       /usr/lib/libdbus-1.so.3.19.13
ac8c5000-ac92c000 r-xp 00000000 b3:02 12120      /usr/lib/libesplusplayer.so
ac92c000-ac92d000 r--p 00067000 b3:02 12120      /usr/lib/libesplusplayer.so
ac92d000-ac92e000 rw-p 00068000 b3:02 12120      /usr/lib/libesplusplayer.so
ac92e000-ac92f000 rw-p 00000000 00:00 0 
ac92f000-ac94c000 r-xp 00000000 b3:02 9916       /usr/lib/libcapi-media-sound-manager.so.0.7.19
ac94c000-ac94d000 r--p 0001d000 b3:02 9916       /usr/lib/libcapi-media-sound-manager.so.0.7.19
ac94d000-ac94e000 rw-p 0001e000 b3:02 9916       /usr/lib/libcapi-media-sound-manager.so.0.7.19
ac94e000-ac953000 r-xp 00000000 b3:02 1558       /usr/lib/libtzplatform-config-2.0.so.2.0.0
ac953000-ac954000 r--p 00005000 b3:02 1558       /usr/lib/libtzplatform-config-2.0.so.2.0.0
ac954000-ac955000 rw-p 00006000 b3:02 1558       /usr/lib/libtzplatform-config-2.0.so.2.0.0
ac955000-ac95a000 rw-p 00000000 00:00 0 
ac95a000-ac972000 r-xp 00000000 b3:02 9817       /usr/lib/libcapi-appfw-app-control.so.0.26.2
ac972000-ac973000 r--p 00018000 b3:02 9817       /usr/lib/libcapi-appfw-app-control.so.0.26.2
ac973000-ac974000 rw-p 00019000 b3:02 9817       /usr/lib/libcapi-appfw-app-control.so.0.26.2
ac974000-ac9a0000 r-xp 00000000 b3:02 13048      /usr/lib/libsecurity-manager-client.so.3.0.0
ac9a0000-ac9a1000 r--p 0002c000 b3:02 13048      /usr/lib/libsecurity-manager-client.so.3.0.0
ac9a1000-ac9a2000 rw-p 0002d000 b3:02 13048      /usr/lib/libsecurity-manager-client.so.3.0.0
ac9a2000-ac9a4000 rw-p 00000000 00:00 0 
ac9a4000-aca67000 r-xp 00000000 b3:02 1151       /usr/lib/libsqlite3.so.3.51.0
aca67000-aca69000 r--p 000c3000 b3:02 1151       /usr/lib/libsqlite3.so.3.51.0
aca69000-aca6c000 rw-p 000c5000 b3:02 1151       /usr/lib/libsqlite3.so.3.51.0
aca6c000-aca79000 r-xp 00000000 b3:02 9826       /usr/lib/libcapi-system-sensor.so.0.2.5
aca79000-aca7a000 r--p 0000d000 b3:02 9826       /usr/lib/libcapi-system-sensor.so.0.2.5
aca7a000-aca7b000 rw-p 0000e000 b3:02 9826       /usr/lib/libcapi-system-sensor.so.0.2.5
aca7b000-aca90000 r-xp 00000000 b3:02 5471       /usr/lib/libsmime3.so
aca90000-aca92000 r--p 00015000 b3:02 5471       /usr/lib/libsmime3.so
aca92000-aca93000 rw-p 00017000 b3:02 5471       /usr/lib/libsmime3.so
aca93000-acaac000 r-xp 00000000 b3:02 5470       /usr/lib/libnssutil3.so
acaac000-acab0000 r--p 00019000 b3:02 5470       /usr/lib/libnssutil3.so
acab0000-acab1000 rw-p 0001d000 b3:02 5470       /usr/lib/libnssutil3.so
acab1000-acb49000 r-xp 00000000 b3:02 5400       /usr/lib/libnss3.so
acb49000-acb4d000 r--p 00098000 b3:02 5400       /usr/lib/libnss3.so
acb4d000-acb4e000 rw-p 0009c000 b3:02 5400       /usr/lib/libnss3.so
acb4e000-acb4f000 rw-p 00000000 00:00 0 
acb4f000-acb70000 r-xp 00000000 b3:02 1872       /usr/lib/libnspr4.so
acb70000-acb71000 r--p 00021000 b3:02 1872       /usr/lib/libnspr4.so
acb71000-acb72000 rw-p 00022000 b3:02 1872       /usr/lib/libnspr4.so
acb72000-acb74000 rw-p 00000000 00:00 0 
acb74000-accb3000 r-xp 00000000 b3:02 1310       /usr/lib/libicuuc.so.78.1
accb3000-accbe000 r--p 0013f000 b3:02 1310       /usr/lib/libicuuc.so.78.1
accbe000-accbf000 rw-p 0014a000 b3:02 1310       /usr/lib/libicuuc.so.78.1
accbf000-accc2000 rw-p 00000000 00:00 0 
accc2000-acec9000 r-xp 00000000 b3:02 1298       /usr/lib/libicui18n.so.78.1
acec9000-aced2000 r--p 00207000 b3:02 1298       /usr/lib/libicui18n.so.78.1
aced2000-aced4000 rw-p 00210000 b3:02 1298       /usr/lib/libicui18n.so.78.1
aced4000-acef3000 r-xp 00000000 b3:02 4632       /usr/lib/libatk-bridge-2.0.so.0.0.0
acef3000-acef4000 r--p 0001f000 b3:02 4632       /usr/lib/libatk-bridge-2.0.so.0.0.0
acef4000-acef5000 rw-p 00020000 b3:02 4632       /usr/lib/libatk-bridge-2.0.so.0.0.0
acef5000-acef6000 rw-p 00000000 00:00 0 
acef6000-acf2f000 r-xp 00000000 b3:02 2939       /usr/lib/libgobject-2.0.so.0.8000.5
acf2f000-acf31000 r--p 00039000 b3:02 2939       /usr/lib/libgobject-2.0.so.0.8000.5
acf31000-acf32000 rw-p 0003b000 b3:02 2939       /usr/lib/libgobject-2.0.so.0.8000.5
acf32000-acf4a000 r-xp 00000000 b3:02 4431       /usr/lib/libatk-1.0.so.0.23609.1
acf4a000-acf4c000 r--p 00018000 b3:02 4431       /usr/lib/libatk-1.0.so.0.23609.1
acf4c000-acf4d000 rw-p 0001a000 b3:02 4431       /usr/lib/libatk-1.0.so.0.23609.1
acf4d000-acf7b000 r-xp 00000000 b3:02 10047      /usr/lib/libecore_wl2.so.1.25.1
acf7b000-acf7c000 r--p 0002e000 b3:02 10047      /usr/lib/libecore_wl2.so.1.25.1
acf7c000-acf7d000 rw-p 0002f000 b3:02 10047      /usr/lib/libecore_wl2.so.1.25.1
acf7d000-acf89000 r-xp 00000000 b3:02 10757      /usr/lib/libcapi-system-device.so.0.1.0
acf89000-acf8a000 r--p 0000c000 b3:02 10757      /usr/lib/libcapi-system-device.so.0.1.0
acf8a000-acf8b000 rw-p 0000d000 b3:02 10757      /usr/lib/libcapi-system-device.so.0.1.0
acf8b000-ad001000 r-xp 00000000 b3:02 9485       /usr/lib/libpkgmgr-info.so.0.37.2
ad001000-ad002000 r--p 00076000 b3:02 9485       /usr/lib/libpkgmgr-info.so.0.37.2
ad002000-ad003000 rw-p 00077000 b3:02 9485       /usr/lib/libpkgmgr-info.so.0.37.2
ad003000-ad004000 rw-p 00000000 00:00 0 
ad004000-ad0e6000 r-xp 00000000 b3:02 2934       /usr/lib/libglib-2.0.so.0.8000.5
ad0e6000-ad0e7000 r--p 000e2000 b3:02 2934       /usr/lib/libglib-2.0.so.0.8000.5
ad0e7000-ad0e8000 rw-p 000e3000 b3:02 2934       /usr/lib/libglib-2.0.so.0.8000.5
ad0e8000-ad0f2000 r-xp 00000000 b3:02 9648       /usr/lib/libcapi-appfw-app-manager.so.0.18.0
ad0f2000-ad0f3000 r--p 0000a000 b3:02 9648       /usr/lib/libcapi-appfw-app-manager.so.0.18.0
ad0f3000-ad0f4000 rw-p 0000b000 b3:02 9648       /usr/lib/libcapi-appfw-app-manager.so.0.18.0
ad0f4000-ad114000 r-xp 00000000 b3:02 1356       /usr/lib/libpng16.so.16.44.0
ad114000-ad115000 r--p 00020000 b3:02 1356       /usr/lib/libpng16.so.16.44.0
ad115000-ad116000 rw-p 00021000 b3:02 1356       /usr/lib/libpng16.so.16.44.0
ad116000-ad13c000 r-xp 00000000 b3:02 1330       /usr/lib/libjsoncpp.so.1.9.6
ad13c000-ad13d000 r--p 00026000 b3:02 1330       /usr/lib/libjsoncpp.so.1.9.6
ad13d000-ad13e000 rw-p 00027000 b3:02 1330       /usr/lib/libjsoncpp.so.1.9.6
ad13e000-ad17a000 r-xp 00000000 b3:02 1883       /usr/lib/libopus.so.0.8.0
ad17a000-ad17b000 r--p 0003c000 b3:02 1883       /usr/lib/libopus.so.0.8.0
ad17b000-ad17c000 rw-p 0003d000 b3:02 1883       /usr/lib/libopus.so.0.8.0
ad17c000-ad1ce000 r-xp 00000000 b3:02 1643       /usr/lib/libwebp.so.7.1.9
ad1ce000-ad1cf000 r--p 00052000 b3:02 1643       /usr/lib/libwebp.so.7.1.9
ad1cf000-ad1d0000 rw-p 00053000 b3:02 1643       /usr/lib/libwebp.so.7.1.9
ad1d0000-ad30e000 r-xp 00000000 b3:02 3853       /usr/lib/libvpx.so.7.1.0
ad30e000-ad310000 r--p 0013e000 b3:02 3853       /usr/lib/libvpx.so.7.1.0
ad310000-ad311000 rw-p 00140000 b3:02 3853       /usr/lib/libvpx.so.7.1.0
ad311000-ad314000 rw-p 00000000 00:00 0 
ad314000-ad378000 r-xp 00000000 b3:02 1390       /usr/lib/libfreetype.so.6.20.1
ad378000-ad37c000 r--p 00064000 b3:02 1390       /usr/lib/libfreetype.so.6.20.1
ad37c000-ad37d000 rw-p 00068000 b3:02 1390       /usr/lib/libfreetype.so.6.20.1
ad37d000-ad387000 r-xp 00000000 b3:02 4236       /usr/lib/libbrotlidec.so.1.1.0
ad387000-ad388000 r--p 0000a000 b3:02 4236       /usr/lib/libbrotlidec.so.1.1.0
ad388000-ad389000 rw-p 0000b000 b3:02 4236       /usr/lib/libbrotlidec.so.1.1.0
ad389000-ad399000 r-xp 00000000 b3:02 4718       /usr/lib/libdlog.so.0.0.0
ad399000-ad39a000 r--p 00010000 b3:02 4718       /usr/lib/libdlog.so.0.0.0
ad39a000-ad39b000 rw-p 00011000 b3:02 4718       /usr/lib/libdlog.so.0.0.0
ad39b000-ad3a1000 rw-p 00000000 00:00 0 
ad3a1000-ad3aa000 r-xp 00000000 b3:02 12278      /usr/lib/libefl-extension.so.0.1.0
ad3aa000-ad3ab000 r--p 00009000 b3:02 12278      /usr/lib/libefl-extension.so.0.1.0
ad3ab000-ad3ac000 rw-p 0000a000 b3:02 12278      /usr/lib/libefl-extension.so.0.1.0
ad3ac000-ad3d1000 r-xp 00000000 b3:02 9964       /usr/lib/libtbm.so.1.0.0
ad3d1000-ad3d2000 r--p 00025000 b3:02 9964       /usr/lib/libtbm.so.1.0.0
ad3d2000-ad3d3000 rw-p 00026000 b3:02 9964       /usr/lib/libtbm.so.1.0.0
ad3d3000-ad3e1000 r-xp 00000000 b3:02 10026      /usr/lib/libcapi-media-tool.so.0.2.0
ad3e1000-ad3e2000 r--p 0000e000 b3:02 10026      /usr/lib/libcapi-media-tool.so.0.2.0
ad3e2000-ad3e3000 rw-p 0000f000 b3:02 10026      /usr/lib/libcapi-media-tool.so.0.2.0
ad3e3000-ad401000 r-xp 00000000 b3:02 10777      /usr/lib/libcapi-media-camera.so.0.5.0
ad401000-ad402000 r--p 0001e000 b3:02 10777      /usr/lib/libcapi-media-camera.so.0.5.0
ad402000-ad403000 rw-p 0001f000 b3:02 10777      /usr/lib/libcapi-media-camera.so.0.5.0
ad403000-ad6b0000 r-xp 00000000 b3:02 12767      /usr/lib/libelementary.so.1.25.100
ad6b0000-ad6c3000 r--p 002ad000 b3:02 12767      /usr/lib/libelementary.so.1.25.100
ad6c3000-ad6cb000 rw-p 002c0000 b3:02 12767      /usr/lib/libelementary.so.1.25.100
ad6cb000-ad6d1000 rw-p 00000000 00:00 0 
ad6d1000-ad6f4000 r-xp 00000000 b3:02 5046       /usr/lib/libeldbus.so.1.25.1
ad6f4000-ad6f5000 r--p 00023000 b3:02 5046       /usr/lib/libeldbus.so.1.25.1
ad6f5000-ad6f6000 rw-p 00024000 b3:02 5046       /usr/lib/libeldbus.so.1.25.1
ad6f6000-ad77e000 r-xp 00000000 b3:02 12198      /usr/lib/libedje.so.1.25.1
ad77e000-ad780000 r--p 00088000 b3:02 12198      /usr/lib/libedje.so.1.25.1
ad780000-ad782000 rw-p 0008a000 b3:02 12198      /usr/lib/libedje.so.1.25.1
ad782000-ad794000 r-xp 00000000 b3:02 5181       /usr/lib/libecore_input.so.1.25.1
ad794000-ad795000 r--p 00012000 b3:02 5181       /usr/lib/libecore_input.so.1.25.1
ad795000-ad796000 rw-p 00013000 b3:02 5181       /usr/lib/libecore_input.so.1.25.1
ad796000-ad7b4000 r-xp 00000000 b3:02 12108      /usr/lib/libecore_evas.so.1.25.1
ad7b4000-ad7b5000 r--p 0001e000 b3:02 12108      /usr/lib/libecore_evas.so.1.25.1
ad7b5000-ad7b6000 rw-p 0001f000 b3:02 12108      /usr/lib/libecore_evas.so.1.25.1
ad7b6000-ad921000 r-xp 00000000 b3:02 12091      /usr/lib/libevas.so.1.25.1
ad921000-ad928000 r--p 0016b000 b3:02 12091      /usr/lib/libevas.so.1.25.1
ad928000-ad92c000 rw-p 00172000 b3:02 12091      /usr/lib/libevas.so.1.25.1
ad92c000-ad949000 rw-p 00000000 00:00 0 
ad949000-ad99d000 r-xp 00000000 b3:02 5006       /usr/lib/libeina.so.1.25.1
ad99d000-ad99e000 r--p 00054000 b3:02 5006       /usr/lib/libeina.so.1.25.1
ad99e000-ad99f000 rw-p 00055000 b3:02 5006       /usr/lib/libeina.so.1.25.1
ad99f000-ad9a0000 rw-p 00000000 00:00 0 
ad9a0000-ad9ea000 r-xp 00000000 b3:02 5029       /usr/lib/libecore.so.1.25.1
ad9ea000-ad9ec000 r--p 0004a000 b3:02 5029       /usr/lib/libecore.so.1.25.1
ad9ec000-ad9ed000 rw-p 0004c000 b3:02 5029       /usr/lib/libecore.so.1.25.1
ad9ed000-ad9ef000 rw-p 00000000 00:00 0 
ad9f1000-ad9f5000 rw-p 00000000 00:00 0          [anon:tls-mmap-allocator]
ad9f5000-ad9f7000 r-xp 00000000 b3:02 13041      /usr/lib/cynara/plugin/client/liblicense-manager-plugin-client.so
ad9f7000-ad9f8000 r--p 00002000 b3:02 13041      /usr/lib/cynara/plugin/client/liblicense-manager-plugin-client.so
ad9f8000-ad9f9000 rw-p 00003000 b3:02 13041      /usr/lib/cynara/plugin/client/liblicense-manager-plugin-client.so
ad9f9000-ad9fe000 r-xp 00000000 b3:02 13918      /usr/lib/cynara/plugin/client/libaskuser-plugin-client.so
ad9fe000-ad9ff000 r--p 00005000 b3:02 13918      /usr/lib/cynara/plugin/client/libaskuser-plugin-client.so
ad9ff000-ada00000 rw-p 00006000 b3:02 13918      /usr/lib/cynara/plugin/client/libaskuser-plugin-client.so
ada00000-ae53e000 r--p 00000000 b3:02 19624      /usr/share/chromium-efl/lib/libnode.so
ae53e000-ae54d000 ---p 00b3e000 b3:02 19624      /usr/share/chromium-efl/lib/libnode.so
ae54d000-ae891000 r-xp 00b3d000 b3:02 19624      /usr/share/chromium-efl/lib/libnode.so
ae891000-ae8a0000 ---p 00e91000 b3:02 19624      /usr/share/chromium-efl/lib/libnode.so
ae8a0000-ae8c6000 r--p 00e80000 b3:02 19624      /usr/share/chromium-efl/lib/libnode.so
ae8c6000-ae8d5000 ---p 00ec6000 b3:02 19624      /usr/share/chromium-efl/lib/libnode.so
ae8d5000-ae8d9000 rw-p 00ea5000 b3:02 19624      /usr/share/chromium-efl/lib/libnode.so
ae8d9000-ae8f0000 rw-p 00000000 00:00 0 
ae8f0000-ae8fc000 r-xp 00000000 b3:02 1147       /usr/lib/libcapi-base-common.so.0.4.82
ae8fc000-ae8ff000 r--p 0000c000 b3:02 1147       /usr/lib/libcapi-base-common.so.0.4.82
ae8ff000-ae900000 rw-p 0000f000 b3:02 1147       /usr/lib/libcapi-base-common.so.0.4.82
ae900000-aec12000 r--p 00000000 b3:02 19625      /usr/share/chromium-efl/lib/libv8.so
aec12000-aec21000 ---p 00312000 b3:02 19625      /usr/share/chromium-efl/lib/libv8.so
aec21000-af9e4000 r-xp 00311000 b3:02 19625      /usr/share/chromium-efl/lib/libv8.so
af9e4000-af9f3000 ---p 010e4000 b3:02 19625      /usr/share/chromium-efl/lib/libv8.so
af9f3000-afa1b000 r--p 010d3000 b3:02 19625      /usr/share/chromium-efl/lib/libv8.so
afa1b000-afa2a000 ---p 0111b000 b3:02 19625      /usr/share/chromium-efl/lib/libv8.so
afa2a000-afa3f000 rw-p 010fa000 b3:02 19625      /usr/share/chromium-efl/lib/libv8.so
afa3f000-afa68000 rw-p 00000000 00:00 0 
afa68000-afa69000 r-xp 00000000 b3:02 1087       /usr/lib/librt.so.1
afa69000-afa6a000 r--p 00001000 b3:02 1087       /usr/lib/librt.so.1
afa6a000-afa6b000 rw-p 00002000 b3:02 1087       /usr/lib/librt.so.1
afa6b000-afa6e000 r-xp 00000000 b3:02 12419      /usr/lib/libcapi-appfw-application.so.0.10.2
afa6e000-afa6f000 r--p 00003000 b3:02 12419      /usr/lib/libcapi-appfw-application.so.0.10.2
afa6f000-afa70000 rw-p 00004000 b3:02 12419      /usr/lib/libcapi-appfw-application.so.0.10.2
afa70000-b13cd000 r--p 00000000 b3:02 19623      /usr/share/chromium-efl/lib/libchromium-impl.so
b13cd000-b13dc000 ---p 0195d000 b3:02 19623      /usr/share/chromium-efl/lib/libchromium-impl.so
b13dc000-b62fe000 r-xp 0195c000 b3:02 19623      /usr/share/chromium-efl/lib/libchromium-impl.so
b62fe000-b630d000 ---p 0688e000 b3:02 19623      /usr/share/chromium-efl/lib/libchromium-impl.so
b630d000-b67c6000 r--p 0687d000 b3:02 19623      /usr/share/chromium-efl/lib/libchromium-impl.so
b67c6000-b67d5000 ---p 06d56000 b3:02 19623      /usr/share/chromium-efl/lib/libchromium-impl.so
b67d5000-b6898000 rw-p 06d35000 b3:02 19623      /usr/share/chromium-efl/lib/libchromium-impl.so
b6898000-b6ad5000 rw-p 00000000 00:00 0 
b6ad5000-b6adb000 r-xp 00000000 b3:02 10734      /usr/lib/libcapi-appfw-app-common.so.0.16.3
b6adb000-b6adc000 r--p 00006000 b3:02 10734      /usr/lib/libcapi-appfw-app-common.so.0.16.3
b6adc000-b6add000 rw-p 00007000 b3:02 10734      /usr/lib/libcapi-appfw-app-common.so.0.16.3
b6add000-b6ae3000 r-xp 00000000 b3:02 9459       /usr/lib/libvconf.so.0.3.1
b6ae3000-b6ae4000 r--p 00006000 b3:02 9459       /usr/lib/libvconf.so.0.3.1
b6ae4000-b6ae5000 rw-p 00007000 b3:02 9459       /usr/lib/libvconf.so.0.3.1
b6ae5000-b6ae7000 r-xp 00000000 b3:02 1085       /usr/lib/libpthread.so.0
b6ae7000-b6ae8000 r--p 00002000 b3:02 1085       /usr/lib/libpthread.so.0
b6ae8000-b6ae9000 rw-p 00003000 b3:02 1085       /usr/lib/libpthread.so.0
b6ae9000-b6aeb000 rw-p 00000000 00:00 0 
b6aeb000-b6af0000 r-xp 00000000 b3:02 19360      /usr/lib/libatomic.so.1.2.0
b6af0000-b6af1000 rw-p 00004000 b3:02 19360      /usr/lib/libatomic.so.1.2.0
b6af1000-b6af2000 rw-p 00000000 00:00 0 
b6af2000-b6c4b000 r-xp 00000000 b3:02 1074       /usr/lib/libc.so.6
b6c4b000-b6c4d000 r--p 00159000 b3:02 1074       /usr/lib/libc.so.6
b6c4d000-b6c4e000 rw-p 0015b000 b3:02 1074       /usr/lib/libc.so.6
b6c4e000-b6c53000 rw-p 00000000 00:00 0 
b6c53000-b6c6d000 r-xp 00000000 b3:02 1132       /usr/lib/libgcc_s.so.1
b6c6d000-b6c6e000 rw-p 00019000 b3:02 1132       /usr/lib/libgcc_s.so.1
b6c6e000-b6cba000 r-xp 00000000 b3:02 1077       /usr/lib/libm.so.6
b6cba000-b6cbb000 r--p 0004c000 b3:02 1077       /usr/lib/libm.so.6
b6cbb000-b6cbc000 rw-p 0004d000 b3:02 1077       /usr/lib/libm.so.6
b6cbc000-b6cbe000 r-xp 00000000 b3:02 1076       /usr/lib/libdl.so.2
b6cbe000-b6cbf000 r--p 00002000 b3:02 1076       /usr/lib/libdl.so.2
b6cbf000-b6cc0000 rw-p 00003000 b3:02 1076       /usr/lib/libdl.so.2
b6cc0000-b6e54000 r-xp 00000000 b3:02 1142       /usr/lib/libstdc++.so.6.0.33
b6e54000-b6e59000 r--p 00194000 b3:02 1142       /usr/lib/libstdc++.so.6.0.33
b6e59000-b6e5b000 rw-p 00199000 b3:02 1142       /usr/lib/libstdc++.so.6.0.33
b6e5b000-b6e5e000 rw-p 00000000 00:00 0 
b6e60000-b6e63000 r-xp 00000000 b3:02 9303       /usr/lib/libcapi-system-info.so.0.5.2
b6e63000-b6e64000 r--p 00003000 b3:02 9303       /usr/lib/libcapi-system-info.so.0.5.2
b6e64000-b6e65000 rw-p 00004000 b3:02 9303       /usr/lib/libcapi-system-info.so.0.5.2
b6e65000-b6e6b000 r-xp 00000000 b3:02 5051       /usr/lib/libecore_imf.so.1.25.1
b6e6b000-b6e6c000 r--p 00006000 b3:02 5051       /usr/lib/libecore_imf.so.1.25.1
b6e6c000-b6e6d000 rw-p 00007000 b3:02 5051       /usr/lib/libecore_imf.so.1.25.1
b6e6e000-b6e70000 rw-p 00000000 00:00 0 
b6e70000-b6e90000 r-xp 00000000 b3:05 39219      /opt/usr/home/owner/share/tmp/api_w1_0911_1050/libc++abi.so.1
b6e90000-b6e93000 r--p 00020000 b3:05 39219      /opt/usr/home/owner/share/tmp/api_w1_0911_1050/libc++abi.so.1
b6e93000-b6e94000 rw-p 00023000 b3:05 39219      /opt/usr/home/owner/share/tmp/api_w1_0911_1050/libc++abi.so.1
b6e94000-b6f44000 r-xp 00000000 b3:05 39217      /opt/usr/home/owner/share/tmp/api_w1_0911_1050/libc++.so.1
b6f44000-b6f48000 r--p 000b0000 b3:05 39217      /opt/usr/home/owner/share/tmp/api_w1_0911_1050/libc++.so.1
b6f48000-b6f49000 rw-p 000b4000 b3:05 39217      /opt/usr/home/owner/share/tmp/api_w1_0911_1050/libc++.so.1
b6f49000-b6f54000 rw-p 00000000 00:00 0 
b6f54000-b6f7f000 r-xp 00000000 b3:02 1071       /usr/lib/ld-linux.so.3
b6f7f000-b6f81000 r--p 0002b000 b3:02 1071       /usr/lib/ld-linux.so.3
b6f81000-b6f82000 rw-p 0002d000 b3:02 1071       /usr/lib/ld-linux.so.3
beeb6000-beed7000 rw-p 00000000 00:00 0          [stack]
bef91000-bef92000 r-xp 00000000 00:00 0          [sigpage]
bef92000-bef93000 r--p 00000000 00:00 0          [vvar]
bef93000-bef94000 r-xp 00000000 00:00 0          [vdso]
ffff0000-ffff1000 r-xp 00000000 00:00 0          [vectors]
MAP_ASSERT cxx=1 gnu=1 provider=1
LAYOUT string=24 output=100
BEFORE_REAL_CALL
RETURN valid=1
VALUE domain=example.test name=sid path=/probe value=ABC123 expiry=0
EXACT_FIELDS=1
CONSUMER_OBJECTS_DESTROYED=1

API_TARGET_EXIT=0
