PRE_BINDER_MAPS_BEGIN
0040a000-0040c000 r-xp 00000000 b3:05 39222      /opt/usr/home/owner/share/tmp/api_w1_0911_1050/dali_probe
0040c000-0040d000 r--p 00002000 b3:05 39222      /opt/usr/home/owner/share/tmp/api_w1_0911_1050/dali_probe
0040d000-0040e000 rw-p 00003000 b3:05 39222      /opt/usr/home/owner/share/tmp/api_w1_0911_1050/dali_probe
0240e000-0242f000 rw-p 00000000 00:00 0          [heap]
b69c4000-b6b06000 r-xp 00000000 b3:02 1275       /usr/lib/libdali2-core.so.2.0.0
b6b06000-b6b0f000 r--p 00142000 b3:02 1275       /usr/lib/libdali2-core.so.2.0.0
b6b0f000-b6b10000 rw-p 0014b000 b3:02 1275       /usr/lib/libdali2-core.so.2.0.0
b6b10000-b6b11000 rw-p 00000000 00:00 0 
b6b11000-b6b31000 r-xp 00000000 b3:05 39219      /opt/usr/home/owner/share/tmp/api_w1_0911_1050/libc++abi.so.1
b6b31000-b6b34000 r--p 00020000 b3:05 39219      /opt/usr/home/owner/share/tmp/api_w1_0911_1050/libc++abi.so.1
b6b34000-b6b35000 rw-p 00023000 b3:05 39219      /opt/usr/home/owner/share/tmp/api_w1_0911_1050/libc++abi.so.1
b6b46000-b6bf6000 r-xp 00000000 b3:05 39217      /opt/usr/home/owner/share/tmp/api_w1_0911_1050/libc++.so.1
b6bf6000-b6bfa000 r--p 000b0000 b3:05 39217      /opt/usr/home/owner/share/tmp/api_w1_0911_1050/libc++.so.1
b6bfa000-b6bfb000 rw-p 000b4000 b3:05 39217      /opt/usr/home/owner/share/tmp/api_w1_0911_1050/libc++.so.1
b6bfb000-b6c04000 rw-p 00000000 00:00 0 
b6c04000-b6d5d000 r-xp 00000000 b3:02 1074       /usr/lib/libc.so.6
b6d5d000-b6d5f000 r--p 00159000 b3:02 1074       /usr/lib/libc.so.6
b6d5f000-b6d60000 rw-p 0015b000 b3:02 1074       /usr/lib/libc.so.6
b6d60000-b6d65000 rw-p 00000000 00:00 0 
b6d65000-b6d7f000 r-xp 00000000 b3:02 1132       /usr/lib/libgcc_s.so.1
b6d7f000-b6d80000 rw-p 00019000 b3:02 1132       /usr/lib/libgcc_s.so.1
b6d80000-b6dcc000 r-xp 00000000 b3:02 1077       /usr/lib/libm.so.6
b6dcc000-b6dcd000 r--p 0004c000 b3:02 1077       /usr/lib/libm.so.6
b6dcd000-b6dce000 rw-p 0004d000 b3:02 1077       /usr/lib/libm.so.6
b6dce000-b6f62000 r-xp 00000000 b3:02 1142       /usr/lib/libstdc++.so.6.0.33
b6f62000-b6f67000 r--p 00194000 b3:02 1142       /usr/lib/libstdc++.so.6.0.33
b6f67000-b6f69000 rw-p 00199000 b3:02 1142       /usr/lib/libstdc++.so.6.0.33
b6f69000-b6f6c000 rw-p 00000000 00:00 0 
b6f6c000-b6f6e000 r-xp 00000000 b3:02 1076       /usr/lib/libdl.so.2
b6f6e000-b6f6f000 r--p 00002000 b3:02 1076       /usr/lib/libdl.so.2
b6f6f000-b6f70000 rw-p 00003000 b3:02 1076       /usr/lib/libdl.so.2
b6f74000-b6f76000 r-xp 00000000 b3:02 1085       /usr/lib/libpthread.so.0
b6f76000-b6f77000 r--p 00002000 b3:02 1085       /usr/lib/libpthread.so.0
b6f77000-b6f78000 rw-p 00003000 b3:02 1085       /usr/lib/libpthread.so.0
b6f78000-b6f7d000 r-xp 00000000 b3:02 19360      /usr/lib/libatomic.so.1.2.0
b6f7d000-b6f7e000 rw-p 00004000 b3:02 19360      /usr/lib/libatomic.so.1.2.0
b6f7e000-b6f7f000 rw-p 00000000 00:00 0 
b6f80000-b6f84000 rw-p 00000000 00:00 0 
b6f84000-b6faf000 r-xp 00000000 b3:02 1071       /usr/lib/ld-linux.so.3
b6faf000-b6fb1000 r--p 0002b000 b3:02 1071       /usr/lib/ld-linux.so.3
b6fb1000-b6fb2000 rw-p 0002d000 b3:02 1071       /usr/lib/ld-linux.so.3
bed62000-bed83000 rw-p 00000000 00:00 0          [stack]
beec3000-beec4000 r-xp 00000000 00:00 0          [sigpage]
beec4000-beec5000 r--p 00000000 00:00 0          [vvar]
beec5000-beec6000 r-xp 00000000 00:00 0          [vdso]
ffff0000-ffff1000 r-xp 00000000 00:00 0          [vectors]
PRE_BINDER_CORE_MAP=1
0040a000-0040c000 r-xp 00000000 b3:05 39222      /opt/usr/home/owner/share/tmp/api_w1_0911_1050/dali_probe
0040c000-0040d000 r--p 00002000 b3:05 39222      /opt/usr/home/owner/share/tmp/api_w1_0911_1050/dali_probe
0040d000-0040e000 rw-p 00003000 b3:05 39222      /opt/usr/home/owner/share/tmp/api_w1_0911_1050/dali_probe
0240e000-0242f000 rw-p 00000000 00:00 0          [heap]
b69af000-b69c2000 r-xp 00000000 b3:05 39224      /opt/usr/home/owner/share/tmp/api_w1_0911_1050/binder_property_cxx.so
b69c2000-b69c3000 r--p 00013000 b3:05 39224      /opt/usr/home/owner/share/tmp/api_w1_0911_1050/binder_property_cxx.so
b69c3000-b69c4000 rw-p 00014000 b3:05 39224      /opt/usr/home/owner/share/tmp/api_w1_0911_1050/binder_property_cxx.so
b69c4000-b6b06000 r-xp 00000000 b3:02 1275       /usr/lib/libdali2-core.so.2.0.0
b6b06000-b6b0f000 r--p 00142000 b3:02 1275       /usr/lib/libdali2-core.so.2.0.0
b6b0f000-b6b10000 rw-p 0014b000 b3:02 1275       /usr/lib/libdali2-core.so.2.0.0
b6b10000-b6b11000 rw-p 00000000 00:00 0 
b6b11000-b6b31000 r-xp 00000000 b3:05 39219      /opt/usr/home/owner/share/tmp/api_w1_0911_1050/libc++abi.so.1
b6b31000-b6b34000 r--p 00020000 b3:05 39219      /opt/usr/home/owner/share/tmp/api_w1_0911_1050/libc++abi.so.1
b6b34000-b6b35000 rw-p 00023000 b3:05 39219      /opt/usr/home/owner/share/tmp/api_w1_0911_1050/libc++abi.so.1
b6b46000-b6bf6000 r-xp 00000000 b3:05 39217      /opt/usr/home/owner/share/tmp/api_w1_0911_1050/libc++.so.1
b6bf6000-b6bfa000 r--p 000b0000 b3:05 39217      /opt/usr/home/owner/share/tmp/api_w1_0911_1050/libc++.so.1
b6bfa000-b6bfb000 rw-p 000b4000 b3:05 39217      /opt/usr/home/owner/share/tmp/api_w1_0911_1050/libc++.so.1
b6bfb000-b6c04000 rw-p 00000000 00:00 0 
b6c04000-b6d5d000 r-xp 00000000 b3:02 1074       /usr/lib/libc.so.6
b6d5d000-b6d5f000 r--p 00159000 b3:02 1074       /usr/lib/libc.so.6
b6d5f000-b6d60000 rw-p 0015b000 b3:02 1074       /usr/lib/libc.so.6
b6d60000-b6d65000 rw-p 00000000 00:00 0 
b6d65000-b6d7f000 r-xp 00000000 b3:02 1132       /usr/lib/libgcc_s.so.1
b6d7f000-b6d80000 rw-p 00019000 b3:02 1132       /usr/lib/libgcc_s.so.1
b6d80000-b6dcc000 r-xp 00000000 b3:02 1077       /usr/lib/libm.so.6
b6dcc000-b6dcd000 r--p 0004c000 b3:02 1077       /usr/lib/libm.so.6
b6dcd000-b6dce000 rw-p 0004d000 b3:02 1077       /usr/lib/libm.so.6
b6dce000-b6f62000 r-xp 00000000 b3:02 1142       /usr/lib/libstdc++.so.6.0.33
b6f62000-b6f67000 r--p 00194000 b3:02 1142       /usr/lib/libstdc++.so.6.0.33
b6f67000-b6f69000 rw-p 00199000 b3:02 1142       /usr/lib/libstdc++.so.6.0.33
b6f69000-b6f6c000 rw-p 00000000 00:00 0 
b6f6c000-b6f6e000 r-xp 00000000 b3:02 1076       /usr/lib/libdl.so.2
b6f6e000-b6f6f000 r--p 00002000 b3:02 1076       /usr/lib/libdl.so.2
b6f6f000-b6f70000 rw-p 00003000 b3:02 1076       /usr/lib/libdl.so.2
b6f74000-b6f76000 r-xp 00000000 b3:02 1085       /usr/lib/libpthread.so.0
b6f76000-b6f77000 r--p 00002000 b3:02 1085       /usr/lib/libpthread.so.0
b6f77000-b6f78000 rw-p 00003000 b3:02 1085       /usr/lib/libpthread.so.0
b6f78000-b6f7d000 r-xp 00000000 b3:02 19360      /usr/lib/libatomic.so.1.2.0
b6f7d000-b6f7e000 rw-p 00004000 b3:02 19360      /usr/lib/libatomic.so.1.2.0
b6f7e000-b6f7f000 rw-p 00000000 00:00 0 
b6f80000-b6f84000 rw-p 00000000 00:00 0 
b6f84000-b6faf000 r-xp 00000000 b3:02 1071       /usr/lib/ld-linux.so.3
b6faf000-b6fb1000 r--p 0002b000 b3:02 1071       /usr/lib/ld-linux.so.3
b6fb1000-b6fb2000 rw-p 0002d000 b3:02 1071       /usr/lib/ld-linux.so.3
bed62000-bed83000 rw-p 00000000 00:00 0          [stack]
beec3000-beec4000 r-xp 00000000 00:00 0          [sigpage]
beec4000-beec5000 r--p 00000000 00:00 0          [vvar]
beec5000-beec6000 r-xp 00000000 00:00 0          [vdso]
ffff0000-ffff1000 r-xp 00000000 00:00 0          [vectors]
MAP_ASSERT cxx=1 gnu=1 binder=1 core=1
INTEGER expected=0 actual=0 valid=1
INTEGER expected=-123456789 actual=-123456789 valid=1
INTEGER expected=2147483647 actual=2147483647 valid=1
FLOAT expected=1.25 actual=1.25 valid=1
STRING expected= actual= valid=1
STRING expected=abc actual=abc valid=1
STRING expected=long-string-0123456789-abcdefghijklmnopqrstuvwxyz-ABCDEFGHIJKLMNOPQRSTUVWXYZ actual=long-string-0123456789-abcdefghijklmnopqrstuvwxyz-ABCDEFGHIJKLMNOPQRSTUVWXYZ valid=1
EXACT_VALUES=7 CONSUMER_DELETE_COMPLETED=7 CALLBACK_EXCEPTIONS=0

API_TARGET_EXIT=0
