PRE_BINDER_MAPS_BEGIN
55556ae20000-55556ae62000 rw-p 00000000 00:00 0                          [heap]
7fb2a3c00000-7fb2a3c5d000 r--p 00000000 08:01 25829113                   /home/toolchain/development/libc++_replacement/tmp/R11/extracted/b8/b81d60c07222ae83cb728efe33675a21d09db564bc9d4bdd60e6a6b236816691/usr/lib64/libdali2-core.so.2.0.0
7fb2a3c5d000-7fb2a3d88000 r-xp 0005d000 08:01 25829113                   /home/toolchain/development/libc++_replacement/tmp/R11/extracted/b8/b81d60c07222ae83cb728efe33675a21d09db564bc9d4bdd60e6a6b236816691/usr/lib64/libdali2-core.so.2.0.0
7fb2a3d88000-7fb2a3e13000 r--p 00188000 08:01 25829113                   /home/toolchain/development/libc++_replacement/tmp/R11/extracted/b8/b81d60c07222ae83cb728efe33675a21d09db564bc9d4bdd60e6a6b236816691/usr/lib64/libdali2-core.so.2.0.0
7fb2a3e13000-7fb2a3e23000 r--p 00213000 08:01 25829113                   /home/toolchain/development/libc++_replacement/tmp/R11/extracted/b8/b81d60c07222ae83cb728efe33675a21d09db564bc9d4bdd60e6a6b236816691/usr/lib64/libdali2-core.so.2.0.0
7fb2a3e23000-7fb2a3e24000 rw-p 00223000 08:01 25829113                   /home/toolchain/development/libc++_replacement/tmp/R11/extracted/b8/b81d60c07222ae83cb728efe33675a21d09db564bc9d4bdd60e6a6b236816691/usr/lib64/libdali2-core.so.2.0.0
7fb2a3e24000-7fb2a3e25000 rw-p 00000000 00:00 0 
7fb2a4000000-7fb2a40a5000 r--p 00000000 08:01 23622988                   /home/toolchain/development/libc++_replacement/tmp/R11/extracted/b8/b8155206a459a575f0f701c66a553cd2029728963fa3938768131e9028e4ee6b/usr/lib64/libstdc++.so.6.0.33
7fb2a40a5000-7fb2a41cd000 r-xp 000a5000 08:01 23622988                   /home/toolchain/development/libc++_replacement/tmp/R11/extracted/b8/b8155206a459a575f0f701c66a553cd2029728963fa3938768131e9028e4ee6b/usr/lib64/libstdc++.so.6.0.33
7fb2a41cd000-7fb2a4254000 r--p 001cd000 08:01 23622988                   /home/toolchain/development/libc++_replacement/tmp/R11/extracted/b8/b8155206a459a575f0f701c66a553cd2029728963fa3938768131e9028e4ee6b/usr/lib64/libstdc++.so.6.0.33
7fb2a4254000-7fb2a425f000 r--p 00254000 08:01 23622988                   /home/toolchain/development/libc++_replacement/tmp/R11/extracted/b8/b8155206a459a575f0f701c66a553cd2029728963fa3938768131e9028e4ee6b/usr/lib64/libstdc++.so.6.0.33
7fb2a425f000-7fb2a4262000 rw-p 0025f000 08:01 23622988                   /home/toolchain/development/libc++_replacement/tmp/R11/extracted/b8/b8155206a459a575f0f701c66a553cd2029728963fa3938768131e9028e4ee6b/usr/lib64/libstdc++.so.6.0.33
7fb2a4262000-7fb2a4266000 rw-p 00000000 00:00 0 
7fb2a43b8000-7fb2a43c8000 r--p 00000000 08:01 23608339                   /home/toolchain/development/libc++_replacement/tmp/R11/extracted/bb/bb95acf2989fecd8ed536d259eb6ce43109882f58a219adcd440fd826537dda7/lib64/libm.so.6
7fb2a43c8000-7fb2a443e000 r-xp 00010000 08:01 23608339                   /home/toolchain/development/libc++_replacement/tmp/R11/extracted/bb/bb95acf2989fecd8ed536d259eb6ce43109882f58a219adcd440fd826537dda7/lib64/libm.so.6
7fb2a443e000-7fb2a4499000 r--p 00086000 08:01 23608339                   /home/toolchain/development/libc++_replacement/tmp/R11/extracted/bb/bb95acf2989fecd8ed536d259eb6ce43109882f58a219adcd440fd826537dda7/lib64/libm.so.6
7fb2a4499000-7fb2a449a000 r--p 000e0000 08:01 23608339                   /home/toolchain/development/libc++_replacement/tmp/R11/extracted/bb/bb95acf2989fecd8ed536d259eb6ce43109882f58a219adcd440fd826537dda7/lib64/libm.so.6
7fb2a449a000-7fb2a449b000 rw-p 000e1000 08:01 23608339                   /home/toolchain/development/libc++_replacement/tmp/R11/extracted/bb/bb95acf2989fecd8ed536d259eb6ce43109882f58a219adcd440fd826537dda7/lib64/libm.so.6
7fb2a449b000-7fb2a449f000 r--p 00000000 08:01 23621385                   /home/toolchain/development/libc++_replacement/tmp/R11/extracted/fe/fe622fb74e245c939c61ea5cca98dcbfc342fa7e12b1de0d8602be19ed35c441/usr/lib64/libgcc_s.so.1
7fb2a449f000-7fb2a44c2000 r-xp 00004000 08:01 23621385                   /home/toolchain/development/libc++_replacement/tmp/R11/extracted/fe/fe622fb74e245c939c61ea5cca98dcbfc342fa7e12b1de0d8602be19ed35c441/usr/lib64/libgcc_s.so.1
7fb2a44c2000-7fb2a44c6000 r--p 00027000 08:01 23621385                   /home/toolchain/development/libc++_replacement/tmp/R11/extracted/fe/fe622fb74e245c939c61ea5cca98dcbfc342fa7e12b1de0d8602be19ed35c441/usr/lib64/libgcc_s.so.1
7fb2a44c6000-7fb2a44c7000 rw-p 0002b000 08:01 23621385                   /home/toolchain/development/libc++_replacement/tmp/R11/extracted/fe/fe622fb74e245c939c61ea5cca98dcbfc342fa7e12b1de0d8602be19ed35c441/usr/lib64/libgcc_s.so.1
7fb2a44c7000-7fb2a44c8000 r--p 00000000 08:01 23608461                   /home/toolchain/development/libc++_replacement/tmp/R11/extracted/bb/bb95acf2989fecd8ed536d259eb6ce43109882f58a219adcd440fd826537dda7/lib64/libpthread.so.0
7fb2a44c8000-7fb2a44c9000 r-xp 00001000 08:01 23608461                   /home/toolchain/development/libc++_replacement/tmp/R11/extracted/bb/bb95acf2989fecd8ed536d259eb6ce43109882f58a219adcd440fd826537dda7/lib64/libpthread.so.0
7fb2a44c9000-7fb2a44ca000 r--p 00002000 08:01 23608461                   /home/toolchain/development/libc++_replacement/tmp/R11/extracted/bb/bb95acf2989fecd8ed536d259eb6ce43109882f58a219adcd440fd826537dda7/lib64/libpthread.so.0
7fb2a44ca000-7fb2a44cb000 r--p 00002000 08:01 23608461                   /home/toolchain/development/libc++_replacement/tmp/R11/extracted/bb/bb95acf2989fecd8ed536d259eb6ce43109882f58a219adcd440fd826537dda7/lib64/libpthread.so.0
7fb2a44cb000-7fb2a44cc000 rw-p 00003000 08:01 23608461                   /home/toolchain/development/libc++_replacement/tmp/R11/extracted/bb/bb95acf2989fecd8ed536d259eb6ce43109882f58a219adcd440fd826537dda7/lib64/libpthread.so.0
7fb2a44cc000-7fb2a44dd000 r--p 00000000 08:01 72160044                   /home/toolchain/development/libcxx_runtime_validation/tmp/IMPL_0908/build-native/lib/libc++abi.so.1.0
7fb2a44dd000-7fb2a44fa000 r-xp 00011000 08:01 72160044                   /home/toolchain/development/libcxx_runtime_validation/tmp/IMPL_0908/build-native/lib/libc++abi.so.1.0
7fb2a44fa000-7fb2a4504000 r--p 0002e000 08:01 72160044                   /home/toolchain/development/libcxx_runtime_validation/tmp/IMPL_0908/build-native/lib/libc++abi.so.1.0
7fb2a4504000-7fb2a4509000 r--p 00038000 08:01 72160044                   /home/toolchain/development/libcxx_runtime_validation/tmp/IMPL_0908/build-native/lib/libc++abi.so.1.0
7fb2a4509000-7fb2a450a000 rw-p 0003d000 08:01 72160044                   /home/toolchain/development/libcxx_runtime_validation/tmp/IMPL_0908/build-native/lib/libc++abi.so.1.0
7fb2a450a000-7fb2a450c000 r--p 00000000 103:01 24643894                  /usr/lib/x86_64-linux-gnu/libatomic.so.1.2.0
7fb2a450c000-7fb2a4510000 r-xp 00002000 103:01 24643894                  /usr/lib/x86_64-linux-gnu/libatomic.so.1.2.0
7fb2a4510000-7fb2a4512000 r--p 00006000 103:01 24643894                  /usr/lib/x86_64-linux-gnu/libatomic.so.1.2.0
7fb2a4512000-7fb2a4513000 r--p 00007000 103:01 24643894                  /usr/lib/x86_64-linux-gnu/libatomic.so.1.2.0
7fb2a4513000-7fb2a4514000 rw-p 00008000 103:01 24643894                  /usr/lib/x86_64-linux-gnu/libatomic.so.1.2.0
7fb2a4514000-7fb2a4515000 rw-p 00000000 00:00 0 
7fb2a4526000-7fb2a4562000 r--p 00000000 08:01 72160099                   /home/toolchain/development/libcxx_runtime_validation/tmp/IMPL_0908/build-native/lib/libc++.so.1.0
7fb2a4562000-7fb2a45dc000 r-xp 0003c000 08:01 72160099                   /home/toolchain/development/libcxx_runtime_validation/tmp/IMPL_0908/build-native/lib/libc++.so.1.0
7fb2a45dc000-7fb2a461f000 r--p 000b6000 08:01 72160099                   /home/toolchain/development/libcxx_runtime_validation/tmp/IMPL_0908/build-native/lib/libc++.so.1.0
7fb2a461f000-7fb2a4626000 r--p 000f8000 08:01 72160099                   /home/toolchain/development/libcxx_runtime_validation/tmp/IMPL_0908/build-native/lib/libc++.so.1.0
7fb2a4626000-7fb2a4627000 rw-p 000ff000 08:01 72160099                   /home/toolchain/development/libcxx_runtime_validation/tmp/IMPL_0908/build-native/lib/libc++.so.1.0
7fb2a4627000-7fb2a4635000 rw-p 00000000 00:00 0 
7fb2a4635000-7fb2a465d000 r--p 00000000 08:01 23608330                   /home/toolchain/development/libc++_replacement/tmp/R11/extracted/bb/bb95acf2989fecd8ed536d259eb6ce43109882f58a219adcd440fd826537dda7/lib64/libc.so.6
7fb2a465d000-7fb2a47ad000 r-xp 00028000 08:01 23608330                   /home/toolchain/development/libc++_replacement/tmp/R11/extracted/bb/bb95acf2989fecd8ed536d259eb6ce43109882f58a219adcd440fd826537dda7/lib64/libc.so.6
7fb2a47ad000-7fb2a4803000 r--p 00178000 08:01 23608330                   /home/toolchain/development/libc++_replacement/tmp/R11/extracted/bb/bb95acf2989fecd8ed536d259eb6ce43109882f58a219adcd440fd826537dda7/lib64/libc.so.6
7fb2a4803000-7fb2a4807000 r--p 001ce000 08:01 23608330                   /home/toolchain/development/libc++_replacement/tmp/R11/extracted/bb/bb95acf2989fecd8ed536d259eb6ce43109882f58a219adcd440fd826537dda7/lib64/libc.so.6
7fb2a4807000-7fb2a4809000 rw-p 001d2000 08:01 23608330                   /home/toolchain/development/libc++_replacement/tmp/R11/extracted/bb/bb95acf2989fecd8ed536d259eb6ce43109882f58a219adcd440fd826537dda7/lib64/libc.so.6
7fb2a4809000-7fb2a4813000 rw-p 00000000 00:00 0 
7fb2a4813000-7fb2a4814000 r--p 00000000 08:01 68885107                   /home/toolchain/development/libcxx_runtime_validation/tmp/API_0911/W1_CONT/dali_probe
7fb2a4814000-7fb2a4815000 r-xp 00001000 08:01 68885107                   /home/toolchain/development/libcxx_runtime_validation/tmp/API_0911/W1_CONT/dali_probe
7fb2a4815000-7fb2a4816000 r--p 00002000 08:01 68885107                   /home/toolchain/development/libcxx_runtime_validation/tmp/API_0911/W1_CONT/dali_probe
7fb2a4816000-7fb2a4817000 r--p 00002000 08:01 68885107                   /home/toolchain/development/libcxx_runtime_validation/tmp/API_0911/W1_CONT/dali_probe
7fb2a4817000-7fb2a4818000 rw-p 00003000 08:01 68885107                   /home/toolchain/development/libcxx_runtime_validation/tmp/API_0911/W1_CONT/dali_probe
7fb2a4818000-7fb2a481c000 r--p 00000000 00:00 0                          [vvar]
7fb2a481c000-7fb2a481e000 r--p 00000000 00:00 0                          [vvar_vclock]
7fb2a481e000-7fb2a4820000 r-xp 00000000 00:00 0                          [vdso]
7fb2a4820000-7fb2a4821000 r--p 00000000 08:01 23608327                   /home/toolchain/development/libc++_replacement/tmp/R11/extracted/bb/bb95acf2989fecd8ed536d259eb6ce43109882f58a219adcd440fd826537dda7/lib64/ld-linux-x86-64.so.2
7fb2a4821000-7fb2a484e000 r-xp 00001000 08:01 23608327                   /home/toolchain/development/libc++_replacement/tmp/R11/extracted/bb/bb95acf2989fecd8ed536d259eb6ce43109882f58a219adcd440fd826537dda7/lib64/ld-linux-x86-64.so.2
7fb2a484e000-7fb2a485a000 r--p 0002e000 08:01 23608327                   /home/toolchain/development/libc++_replacement/tmp/R11/extracted/bb/bb95acf2989fecd8ed536d259eb6ce43109882f58a219adcd440fd826537dda7/lib64/ld-linux-x86-64.so.2
7fb2a485a000-7fb2a485c000 r--p 0003a000 08:01 23608327                   /home/toolchain/development/libc++_replacement/tmp/R11/extracted/bb/bb95acf2989fecd8ed536d259eb6ce43109882f58a219adcd440fd826537dda7/lib64/ld-linux-x86-64.so.2
7fb2a485c000-7fb2a485e000 rw-p 0003c000 08:01 23608327                   /home/toolchain/development/libc++_replacement/tmp/R11/extracted/bb/bb95acf2989fecd8ed536d259eb6ce43109882f58a219adcd440fd826537dda7/lib64/ld-linux-x86-64.so.2
7fffba6dc000-7fffba6fe000 rw-p 00000000 00:00 0                          [stack]
ffffffffff600000-ffffffffff601000 --xp 00000000 00:00 0                  [vsyscall]
PRE_BINDER_CORE_MAP=1
55556ae20000-55556ae62000 rw-p 00000000 00:00 0                          [heap]
7fb2a3c00000-7fb2a3c5d000 r--p 00000000 08:01 25829113                   /home/toolchain/development/libc++_replacement/tmp/R11/extracted/b8/b81d60c07222ae83cb728efe33675a21d09db564bc9d4bdd60e6a6b236816691/usr/lib64/libdali2-core.so.2.0.0
7fb2a3c5d000-7fb2a3d88000 r-xp 0005d000 08:01 25829113                   /home/toolchain/development/libc++_replacement/tmp/R11/extracted/b8/b81d60c07222ae83cb728efe33675a21d09db564bc9d4bdd60e6a6b236816691/usr/lib64/libdali2-core.so.2.0.0
7fb2a3d88000-7fb2a3e13000 r--p 00188000 08:01 25829113                   /home/toolchain/development/libc++_replacement/tmp/R11/extracted/b8/b81d60c07222ae83cb728efe33675a21d09db564bc9d4bdd60e6a6b236816691/usr/lib64/libdali2-core.so.2.0.0
7fb2a3e13000-7fb2a3e23000 r--p 00213000 08:01 25829113                   /home/toolchain/development/libc++_replacement/tmp/R11/extracted/b8/b81d60c07222ae83cb728efe33675a21d09db564bc9d4bdd60e6a6b236816691/usr/lib64/libdali2-core.so.2.0.0
7fb2a3e23000-7fb2a3e24000 rw-p 00223000 08:01 25829113                   /home/toolchain/development/libc++_replacement/tmp/R11/extracted/b8/b81d60c07222ae83cb728efe33675a21d09db564bc9d4bdd60e6a6b236816691/usr/lib64/libdali2-core.so.2.0.0
7fb2a3e24000-7fb2a3e25000 rw-p 00000000 00:00 0 
7fb2a4000000-7fb2a40a5000 r--p 00000000 08:01 23622988                   /home/toolchain/development/libc++_replacement/tmp/R11/extracted/b8/b8155206a459a575f0f701c66a553cd2029728963fa3938768131e9028e4ee6b/usr/lib64/libstdc++.so.6.0.33
7fb2a40a5000-7fb2a41cd000 r-xp 000a5000 08:01 23622988                   /home/toolchain/development/libc++_replacement/tmp/R11/extracted/b8/b8155206a459a575f0f701c66a553cd2029728963fa3938768131e9028e4ee6b/usr/lib64/libstdc++.so.6.0.33
7fb2a41cd000-7fb2a4254000 r--p 001cd000 08:01 23622988                   /home/toolchain/development/libc++_replacement/tmp/R11/extracted/b8/b8155206a459a575f0f701c66a553cd2029728963fa3938768131e9028e4ee6b/usr/lib64/libstdc++.so.6.0.33
7fb2a4254000-7fb2a425f000 r--p 00254000 08:01 23622988                   /home/toolchain/development/libc++_replacement/tmp/R11/extracted/b8/b8155206a459a575f0f701c66a553cd2029728963fa3938768131e9028e4ee6b/usr/lib64/libstdc++.so.6.0.33
7fb2a425f000-7fb2a4262000 rw-p 0025f000 08:01 23622988                   /home/toolchain/development/libc++_replacement/tmp/R11/extracted/b8/b8155206a459a575f0f701c66a553cd2029728963fa3938768131e9028e4ee6b/usr/lib64/libstdc++.so.6.0.33
7fb2a4262000-7fb2a4266000 rw-p 00000000 00:00 0 
7fb2a4394000-7fb2a4399000 r--p 00000000 08:01 68885108                   /home/toolchain/development/libcxx_runtime_validation/tmp/API_0911/W1_CONT/binder_property_gnu.so
7fb2a4399000-7fb2a43b0000 r-xp 00005000 08:01 68885108                   /home/toolchain/development/libcxx_runtime_validation/tmp/API_0911/W1_CONT/binder_property_gnu.so
7fb2a43b0000-7fb2a43b6000 r--p 0001c000 08:01 68885108                   /home/toolchain/development/libcxx_runtime_validation/tmp/API_0911/W1_CONT/binder_property_gnu.so
7fb2a43b6000-7fb2a43b7000 r--p 00021000 08:01 68885108                   /home/toolchain/development/libcxx_runtime_validation/tmp/API_0911/W1_CONT/binder_property_gnu.so
7fb2a43b7000-7fb2a43b8000 rw-p 00022000 08:01 68885108                   /home/toolchain/development/libcxx_runtime_validation/tmp/API_0911/W1_CONT/binder_property_gnu.so
7fb2a43b8000-7fb2a43c8000 r--p 00000000 08:01 23608339                   /home/toolchain/development/libc++_replacement/tmp/R11/extracted/bb/bb95acf2989fecd8ed536d259eb6ce43109882f58a219adcd440fd826537dda7/lib64/libm.so.6
7fb2a43c8000-7fb2a443e000 r-xp 00010000 08:01 23608339                   /home/toolchain/development/libc++_replacement/tmp/R11/extracted/bb/bb95acf2989fecd8ed536d259eb6ce43109882f58a219adcd440fd826537dda7/lib64/libm.so.6
7fb2a443e000-7fb2a4499000 r--p 00086000 08:01 23608339                   /home/toolchain/development/libc++_replacement/tmp/R11/extracted/bb/bb95acf2989fecd8ed536d259eb6ce43109882f58a219adcd440fd826537dda7/lib64/libm.so.6
7fb2a4499000-7fb2a449a000 r--p 000e0000 08:01 23608339                   /home/toolchain/development/libc++_replacement/tmp/R11/extracted/bb/bb95acf2989fecd8ed536d259eb6ce43109882f58a219adcd440fd826537dda7/lib64/libm.so.6
7fb2a449a000-7fb2a449b000 rw-p 000e1000 08:01 23608339                   /home/toolchain/development/libc++_replacement/tmp/R11/extracted/bb/bb95acf2989fecd8ed536d259eb6ce43109882f58a219adcd440fd826537dda7/lib64/libm.so.6
7fb2a449b000-7fb2a449f000 r--p 00000000 08:01 23621385                   /home/toolchain/development/libc++_replacement/tmp/R11/extracted/fe/fe622fb74e245c939c61ea5cca98dcbfc342fa7e12b1de0d8602be19ed35c441/usr/lib64/libgcc_s.so.1
7fb2a449f000-7fb2a44c2000 r-xp 00004000 08:01 23621385                   /home/toolchain/development/libc++_replacement/tmp/R11/extracted/fe/fe622fb74e245c939c61ea5cca98dcbfc342fa7e12b1de0d8602be19ed35c441/usr/lib64/libgcc_s.so.1
7fb2a44c2000-7fb2a44c6000 r--p 00027000 08:01 23621385                   /home/toolchain/development/libc++_replacement/tmp/R11/extracted/fe/fe622fb74e245c939c61ea5cca98dcbfc342fa7e12b1de0d8602be19ed35c441/usr/lib64/libgcc_s.so.1
7fb2a44c6000-7fb2a44c7000 rw-p 0002b000 08:01 23621385                   /home/toolchain/development/libc++_replacement/tmp/R11/extracted/fe/fe622fb74e245c939c61ea5cca98dcbfc342fa7e12b1de0d8602be19ed35c441/usr/lib64/libgcc_s.so.1
7fb2a44c7000-7fb2a44c8000 r--p 00000000 08:01 23608461                   /home/toolchain/development/libc++_replacement/tmp/R11/extracted/bb/bb95acf2989fecd8ed536d259eb6ce43109882f58a219adcd440fd826537dda7/lib64/libpthread.so.0
7fb2a44c8000-7fb2a44c9000 r-xp 00001000 08:01 23608461                   /home/toolchain/development/libc++_replacement/tmp/R11/extracted/bb/bb95acf2989fecd8ed536d259eb6ce43109882f58a219adcd440fd826537dda7/lib64/libpthread.so.0
7fb2a44c9000-7fb2a44ca000 r--p 00002000 08:01 23608461                   /home/toolchain/development/libc++_replacement/tmp/R11/extracted/bb/bb95acf2989fecd8ed536d259eb6ce43109882f58a219adcd440fd826537dda7/lib64/libpthread.so.0
7fb2a44ca000-7fb2a44cb000 r--p 00002000 08:01 23608461                   /home/toolchain/development/libc++_replacement/tmp/R11/extracted/bb/bb95acf2989fecd8ed536d259eb6ce43109882f58a219adcd440fd826537dda7/lib64/libpthread.so.0
7fb2a44cb000-7fb2a44cc000 rw-p 00003000 08:01 23608461                   /home/toolchain/development/libc++_replacement/tmp/R11/extracted/bb/bb95acf2989fecd8ed536d259eb6ce43109882f58a219adcd440fd826537dda7/lib64/libpthread.so.0
7fb2a44cc000-7fb2a44dd000 r--p 00000000 08:01 72160044                   /home/toolchain/development/libcxx_runtime_validation/tmp/IMPL_0908/build-native/lib/libc++abi.so.1.0
7fb2a44dd000-7fb2a44fa000 r-xp 00011000 08:01 72160044                   /home/toolchain/development/libcxx_runtime_validation/tmp/IMPL_0908/build-native/lib/libc++abi.so.1.0
7fb2a44fa000-7fb2a4504000 r--p 0002e000 08:01 72160044                   /home/toolchain/development/libcxx_runtime_validation/tmp/IMPL_0908/build-native/lib/libc++abi.so.1.0
7fb2a4504000-7fb2a4509000 r--p 00038000 08:01 72160044                   /home/toolchain/development/libcxx_runtime_validation/tmp/IMPL_0908/build-native/lib/libc++abi.so.1.0
7fb2a4509000-7fb2a450a000 rw-p 0003d000 08:01 72160044                   /home/toolchain/development/libcxx_runtime_validation/tmp/IMPL_0908/build-native/lib/libc++abi.so.1.0
7fb2a450a000-7fb2a450c000 r--p 00000000 103:01 24643894                  /usr/lib/x86_64-linux-gnu/libatomic.so.1.2.0
7fb2a450c000-7fb2a4510000 r-xp 00002000 103:01 24643894                  /usr/lib/x86_64-linux-gnu/libatomic.so.1.2.0
7fb2a4510000-7fb2a4512000 r--p 00006000 103:01 24643894                  /usr/lib/x86_64-linux-gnu/libatomic.so.1.2.0
7fb2a4512000-7fb2a4513000 r--p 00007000 103:01 24643894                  /usr/lib/x86_64-linux-gnu/libatomic.so.1.2.0
7fb2a4513000-7fb2a4514000 rw-p 00008000 103:01 24643894                  /usr/lib/x86_64-linux-gnu/libatomic.so.1.2.0
7fb2a4514000-7fb2a4515000 rw-p 00000000 00:00 0 
7fb2a4526000-7fb2a4562000 r--p 00000000 08:01 72160099                   /home/toolchain/development/libcxx_runtime_validation/tmp/IMPL_0908/build-native/lib/libc++.so.1.0
7fb2a4562000-7fb2a45dc000 r-xp 0003c000 08:01 72160099                   /home/toolchain/development/libcxx_runtime_validation/tmp/IMPL_0908/build-native/lib/libc++.so.1.0
7fb2a45dc000-7fb2a461f000 r--p 000b6000 08:01 72160099                   /home/toolchain/development/libcxx_runtime_validation/tmp/IMPL_0908/build-native/lib/libc++.so.1.0
7fb2a461f000-7fb2a4626000 r--p 000f8000 08:01 72160099                   /home/toolchain/development/libcxx_runtime_validation/tmp/IMPL_0908/build-native/lib/libc++.so.1.0
7fb2a4626000-7fb2a4627000 rw-p 000ff000 08:01 72160099                   /home/toolchain/development/libcxx_runtime_validation/tmp/IMPL_0908/build-native/lib/libc++.so.1.0
7fb2a4627000-7fb2a4635000 rw-p 00000000 00:00 0 
7fb2a4635000-7fb2a465d000 r--p 00000000 08:01 23608330                   /home/toolchain/development/libc++_replacement/tmp/R11/extracted/bb/bb95acf2989fecd8ed536d259eb6ce43109882f58a219adcd440fd826537dda7/lib64/libc.so.6
7fb2a465d000-7fb2a47ad000 r-xp 00028000 08:01 23608330                   /home/toolchain/development/libc++_replacement/tmp/R11/extracted/bb/bb95acf2989fecd8ed536d259eb6ce43109882f58a219adcd440fd826537dda7/lib64/libc.so.6
7fb2a47ad000-7fb2a4803000 r--p 00178000 08:01 23608330                   /home/toolchain/development/libc++_replacement/tmp/R11/extracted/bb/bb95acf2989fecd8ed536d259eb6ce43109882f58a219adcd440fd826537dda7/lib64/libc.so.6
7fb2a4803000-7fb2a4807000 r--p 001ce000 08:01 23608330                   /home/toolchain/development/libc++_replacement/tmp/R11/extracted/bb/bb95acf2989fecd8ed536d259eb6ce43109882f58a219adcd440fd826537dda7/lib64/libc.so.6
7fb2a4807000-7fb2a4809000 rw-p 001d2000 08:01 23608330                   /home/toolchain/development/libc++_replacement/tmp/R11/extracted/bb/bb95acf2989fecd8ed536d259eb6ce43109882f58a219adcd440fd826537dda7/lib64/libc.so.6
7fb2a4809000-7fb2a4813000 rw-p 00000000 00:00 0 
7fb2a4813000-7fb2a4814000 r--p 00000000 08:01 68885107                   /home/toolchain/development/libcxx_runtime_validation/tmp/API_0911/W1_CONT/dali_probe
7fb2a4814000-7fb2a4815000 r-xp 00001000 08:01 68885107                   /home/toolchain/development/libcxx_runtime_validation/tmp/API_0911/W1_CONT/dali_probe
7fb2a4815000-7fb2a4816000 r--p 00002000 08:01 68885107                   /home/toolchain/development/libcxx_runtime_validation/tmp/API_0911/W1_CONT/dali_probe
7fb2a4816000-7fb2a4817000 r--p 00002000 08:01 68885107                   /home/toolchain/development/libcxx_runtime_validation/tmp/API_0911/W1_CONT/dali_probe
7fb2a4817000-7fb2a4818000 rw-p 00003000 08:01 68885107                   /home/toolchain/development/libcxx_runtime_validation/tmp/API_0911/W1_CONT/dali_probe
7fb2a4818000-7fb2a481c000 r--p 00000000 00:00 0                          [vvar]
7fb2a481c000-7fb2a481e000 r--p 00000000 00:00 0                          [vvar_vclock]
7fb2a481e000-7fb2a4820000 r-xp 00000000 00:00 0                          [vdso]
7fb2a4820000-7fb2a4821000 r--p 00000000 08:01 23608327                   /home/toolchain/development/libc++_replacement/tmp/R11/extracted/bb/bb95acf2989fecd8ed536d259eb6ce43109882f58a219adcd440fd826537dda7/lib64/ld-linux-x86-64.so.2
7fb2a4821000-7fb2a484e000 r-xp 00001000 08:01 23608327                   /home/toolchain/development/libc++_replacement/tmp/R11/extracted/bb/bb95acf2989fecd8ed536d259eb6ce43109882f58a219adcd440fd826537dda7/lib64/ld-linux-x86-64.so.2
7fb2a484e000-7fb2a485a000 r--p 0002e000 08:01 23608327                   /home/toolchain/development/libc++_replacement/tmp/R11/extracted/bb/bb95acf2989fecd8ed536d259eb6ce43109882f58a219adcd440fd826537dda7/lib64/ld-linux-x86-64.so.2
7fb2a485a000-7fb2a485c000 r--p 0003a000 08:01 23608327                   /home/toolchain/development/libc++_replacement/tmp/R11/extracted/bb/bb95acf2989fecd8ed536d259eb6ce43109882f58a219adcd440fd826537dda7/lib64/ld-linux-x86-64.so.2
7fb2a485c000-7fb2a485e000 rw-p 0003c000 08:01 23608327                   /home/toolchain/development/libc++_replacement/tmp/R11/extracted/bb/bb95acf2989fecd8ed536d259eb6ce43109882f58a219adcd440fd826537dda7/lib64/ld-linux-x86-64.so.2
7fffba6dc000-7fffba6fe000 rw-p 00000000 00:00 0                          [stack]
ffffffffff600000-ffffffffff601000 --xp 00000000 00:00 0                  [vsyscall]
MAP_ASSERT cxx=1 gnu=1 binder=1 core=1
INTEGER expected=0 actual=0 valid=1
INTEGER expected=-123456789 actual=-123456789 valid=1
INTEGER expected=2147483647 actual=2147483647 valid=1
FLOAT expected=1.25 actual=1.25 valid=1
STRING expected= actual= valid=1
STRING expected=abc actual=abc valid=1
STRING expected=long-string-0123456789-abcdefghijklmnopqrstuvwxyz-ABCDEFGHIJKLMNOPQRSTUVWXYZ actual=long-string-0123456789-abcdefghijklmnopqrstuvwxyz-ABCDEFGHIJKLMNOPQRSTUVWXYZ valid=1
EXACT_VALUES=7 CONSUMER_DELETE_COMPLETED=7 CALLBACK_EXCEPTIONS=0
