PRE_BINDER_MAPS_BEGIN
555565d0d000-555565d4f000 rw-p 00000000 00:00 0                          [heap]
709282c00000-709282c5d000 r--p 00000000 08:01 25829113                   /home/toolchain/development/libc++_replacement/tmp/R11/extracted/b8/b81d60c07222ae83cb728efe33675a21d09db564bc9d4bdd60e6a6b236816691/usr/lib64/libdali2-core.so.2.0.0
709282c5d000-709282d88000 r-xp 0005d000 08:01 25829113                   /home/toolchain/development/libc++_replacement/tmp/R11/extracted/b8/b81d60c07222ae83cb728efe33675a21d09db564bc9d4bdd60e6a6b236816691/usr/lib64/libdali2-core.so.2.0.0
709282d88000-709282e13000 r--p 00188000 08:01 25829113                   /home/toolchain/development/libc++_replacement/tmp/R11/extracted/b8/b81d60c07222ae83cb728efe33675a21d09db564bc9d4bdd60e6a6b236816691/usr/lib64/libdali2-core.so.2.0.0
709282e13000-709282e23000 r--p 00213000 08:01 25829113                   /home/toolchain/development/libc++_replacement/tmp/R11/extracted/b8/b81d60c07222ae83cb728efe33675a21d09db564bc9d4bdd60e6a6b236816691/usr/lib64/libdali2-core.so.2.0.0
709282e23000-709282e24000 rw-p 00223000 08:01 25829113                   /home/toolchain/development/libc++_replacement/tmp/R11/extracted/b8/b81d60c07222ae83cb728efe33675a21d09db564bc9d4bdd60e6a6b236816691/usr/lib64/libdali2-core.so.2.0.0
709282e24000-709282e25000 rw-p 00000000 00:00 0 
709283000000-7092830a5000 r--p 00000000 08:01 23622988                   /home/toolchain/development/libc++_replacement/tmp/R11/extracted/b8/b8155206a459a575f0f701c66a553cd2029728963fa3938768131e9028e4ee6b/usr/lib64/libstdc++.so.6.0.33
7092830a5000-7092831cd000 r-xp 000a5000 08:01 23622988                   /home/toolchain/development/libc++_replacement/tmp/R11/extracted/b8/b8155206a459a575f0f701c66a553cd2029728963fa3938768131e9028e4ee6b/usr/lib64/libstdc++.so.6.0.33
7092831cd000-709283254000 r--p 001cd000 08:01 23622988                   /home/toolchain/development/libc++_replacement/tmp/R11/extracted/b8/b8155206a459a575f0f701c66a553cd2029728963fa3938768131e9028e4ee6b/usr/lib64/libstdc++.so.6.0.33
709283254000-70928325f000 r--p 00254000 08:01 23622988                   /home/toolchain/development/libc++_replacement/tmp/R11/extracted/b8/b8155206a459a575f0f701c66a553cd2029728963fa3938768131e9028e4ee6b/usr/lib64/libstdc++.so.6.0.33
70928325f000-709283262000 rw-p 0025f000 08:01 23622988                   /home/toolchain/development/libc++_replacement/tmp/R11/extracted/b8/b8155206a459a575f0f701c66a553cd2029728963fa3938768131e9028e4ee6b/usr/lib64/libstdc++.so.6.0.33
709283262000-709283266000 rw-p 00000000 00:00 0 
7092832d7000-7092832e7000 r--p 00000000 08:01 23608339                   /home/toolchain/development/libc++_replacement/tmp/R11/extracted/bb/bb95acf2989fecd8ed536d259eb6ce43109882f58a219adcd440fd826537dda7/lib64/libm.so.6
7092832e7000-70928335d000 r-xp 00010000 08:01 23608339                   /home/toolchain/development/libc++_replacement/tmp/R11/extracted/bb/bb95acf2989fecd8ed536d259eb6ce43109882f58a219adcd440fd826537dda7/lib64/libm.so.6
70928335d000-7092833b8000 r--p 00086000 08:01 23608339                   /home/toolchain/development/libc++_replacement/tmp/R11/extracted/bb/bb95acf2989fecd8ed536d259eb6ce43109882f58a219adcd440fd826537dda7/lib64/libm.so.6
7092833b8000-7092833b9000 r--p 000e0000 08:01 23608339                   /home/toolchain/development/libc++_replacement/tmp/R11/extracted/bb/bb95acf2989fecd8ed536d259eb6ce43109882f58a219adcd440fd826537dda7/lib64/libm.so.6
7092833b9000-7092833ba000 rw-p 000e1000 08:01 23608339                   /home/toolchain/development/libc++_replacement/tmp/R11/extracted/bb/bb95acf2989fecd8ed536d259eb6ce43109882f58a219adcd440fd826537dda7/lib64/libm.so.6
7092833ba000-7092833be000 r--p 00000000 08:01 23621385                   /home/toolchain/development/libc++_replacement/tmp/R11/extracted/fe/fe622fb74e245c939c61ea5cca98dcbfc342fa7e12b1de0d8602be19ed35c441/usr/lib64/libgcc_s.so.1
7092833be000-7092833e1000 r-xp 00004000 08:01 23621385                   /home/toolchain/development/libc++_replacement/tmp/R11/extracted/fe/fe622fb74e245c939c61ea5cca98dcbfc342fa7e12b1de0d8602be19ed35c441/usr/lib64/libgcc_s.so.1
7092833e1000-7092833e5000 r--p 00027000 08:01 23621385                   /home/toolchain/development/libc++_replacement/tmp/R11/extracted/fe/fe622fb74e245c939c61ea5cca98dcbfc342fa7e12b1de0d8602be19ed35c441/usr/lib64/libgcc_s.so.1
7092833e5000-7092833e6000 rw-p 0002b000 08:01 23621385                   /home/toolchain/development/libc++_replacement/tmp/R11/extracted/fe/fe622fb74e245c939c61ea5cca98dcbfc342fa7e12b1de0d8602be19ed35c441/usr/lib64/libgcc_s.so.1
7092833e6000-7092833e7000 r--p 00000000 08:01 23608461                   /home/toolchain/development/libc++_replacement/tmp/R11/extracted/bb/bb95acf2989fecd8ed536d259eb6ce43109882f58a219adcd440fd826537dda7/lib64/libpthread.so.0
7092833e7000-7092833e8000 r-xp 00001000 08:01 23608461                   /home/toolchain/development/libc++_replacement/tmp/R11/extracted/bb/bb95acf2989fecd8ed536d259eb6ce43109882f58a219adcd440fd826537dda7/lib64/libpthread.so.0
7092833e8000-7092833e9000 r--p 00002000 08:01 23608461                   /home/toolchain/development/libc++_replacement/tmp/R11/extracted/bb/bb95acf2989fecd8ed536d259eb6ce43109882f58a219adcd440fd826537dda7/lib64/libpthread.so.0
7092833e9000-7092833ea000 r--p 00002000 08:01 23608461                   /home/toolchain/development/libc++_replacement/tmp/R11/extracted/bb/bb95acf2989fecd8ed536d259eb6ce43109882f58a219adcd440fd826537dda7/lib64/libpthread.so.0
7092833ea000-7092833eb000 rw-p 00003000 08:01 23608461                   /home/toolchain/development/libc++_replacement/tmp/R11/extracted/bb/bb95acf2989fecd8ed536d259eb6ce43109882f58a219adcd440fd826537dda7/lib64/libpthread.so.0
7092833eb000-7092833fc000 r--p 00000000 08:01 72160044                   /home/toolchain/development/libcxx_runtime_validation/tmp/IMPL_0908/build-native/lib/libc++abi.so.1.0
7092833fc000-709283419000 r-xp 00011000 08:01 72160044                   /home/toolchain/development/libcxx_runtime_validation/tmp/IMPL_0908/build-native/lib/libc++abi.so.1.0
709283419000-709283423000 r--p 0002e000 08:01 72160044                   /home/toolchain/development/libcxx_runtime_validation/tmp/IMPL_0908/build-native/lib/libc++abi.so.1.0
709283423000-709283428000 r--p 00038000 08:01 72160044                   /home/toolchain/development/libcxx_runtime_validation/tmp/IMPL_0908/build-native/lib/libc++abi.so.1.0
709283428000-709283429000 rw-p 0003d000 08:01 72160044                   /home/toolchain/development/libcxx_runtime_validation/tmp/IMPL_0908/build-native/lib/libc++abi.so.1.0
709283429000-70928342b000 r--p 00000000 103:01 24643894                  /usr/lib/x86_64-linux-gnu/libatomic.so.1.2.0
70928342b000-70928342f000 r-xp 00002000 103:01 24643894                  /usr/lib/x86_64-linux-gnu/libatomic.so.1.2.0
70928342f000-709283431000 r--p 00006000 103:01 24643894                  /usr/lib/x86_64-linux-gnu/libatomic.so.1.2.0
709283431000-709283432000 r--p 00007000 103:01 24643894                  /usr/lib/x86_64-linux-gnu/libatomic.so.1.2.0
709283432000-709283433000 rw-p 00008000 103:01 24643894                  /usr/lib/x86_64-linux-gnu/libatomic.so.1.2.0
709283433000-709283434000 rw-p 00000000 00:00 0 
709283445000-709283481000 r--p 00000000 08:01 72160099                   /home/toolchain/development/libcxx_runtime_validation/tmp/IMPL_0908/build-native/lib/libc++.so.1.0
709283481000-7092834fb000 r-xp 0003c000 08:01 72160099                   /home/toolchain/development/libcxx_runtime_validation/tmp/IMPL_0908/build-native/lib/libc++.so.1.0
7092834fb000-70928353e000 r--p 000b6000 08:01 72160099                   /home/toolchain/development/libcxx_runtime_validation/tmp/IMPL_0908/build-native/lib/libc++.so.1.0
70928353e000-709283545000 r--p 000f8000 08:01 72160099                   /home/toolchain/development/libcxx_runtime_validation/tmp/IMPL_0908/build-native/lib/libc++.so.1.0
709283545000-709283546000 rw-p 000ff000 08:01 72160099                   /home/toolchain/development/libcxx_runtime_validation/tmp/IMPL_0908/build-native/lib/libc++.so.1.0
709283546000-709283554000 rw-p 00000000 00:00 0 
709283554000-70928357c000 r--p 00000000 08:01 23608330                   /home/toolchain/development/libc++_replacement/tmp/R11/extracted/bb/bb95acf2989fecd8ed536d259eb6ce43109882f58a219adcd440fd826537dda7/lib64/libc.so.6
70928357c000-7092836cc000 r-xp 00028000 08:01 23608330                   /home/toolchain/development/libc++_replacement/tmp/R11/extracted/bb/bb95acf2989fecd8ed536d259eb6ce43109882f58a219adcd440fd826537dda7/lib64/libc.so.6
7092836cc000-709283722000 r--p 00178000 08:01 23608330                   /home/toolchain/development/libc++_replacement/tmp/R11/extracted/bb/bb95acf2989fecd8ed536d259eb6ce43109882f58a219adcd440fd826537dda7/lib64/libc.so.6
709283722000-709283726000 r--p 001ce000 08:01 23608330                   /home/toolchain/development/libc++_replacement/tmp/R11/extracted/bb/bb95acf2989fecd8ed536d259eb6ce43109882f58a219adcd440fd826537dda7/lib64/libc.so.6
709283726000-709283728000 rw-p 001d2000 08:01 23608330                   /home/toolchain/development/libc++_replacement/tmp/R11/extracted/bb/bb95acf2989fecd8ed536d259eb6ce43109882f58a219adcd440fd826537dda7/lib64/libc.so.6
709283728000-709283732000 rw-p 00000000 00:00 0 
709283732000-709283733000 r--p 00000000 08:01 68885107                   /home/toolchain/development/libcxx_runtime_validation/tmp/API_0911/W1_CONT/dali_probe
709283733000-709283734000 r-xp 00001000 08:01 68885107                   /home/toolchain/development/libcxx_runtime_validation/tmp/API_0911/W1_CONT/dali_probe
709283734000-709283735000 r--p 00002000 08:01 68885107                   /home/toolchain/development/libcxx_runtime_validation/tmp/API_0911/W1_CONT/dali_probe
709283735000-709283736000 r--p 00002000 08:01 68885107                   /home/toolchain/development/libcxx_runtime_validation/tmp/API_0911/W1_CONT/dali_probe
709283736000-709283737000 rw-p 00003000 08:01 68885107                   /home/toolchain/development/libcxx_runtime_validation/tmp/API_0911/W1_CONT/dali_probe
709283737000-70928373b000 r--p 00000000 00:00 0                          [vvar]
70928373b000-70928373d000 r--p 00000000 00:00 0                          [vvar_vclock]
70928373d000-70928373f000 r-xp 00000000 00:00 0                          [vdso]
70928373f000-709283740000 r--p 00000000 08:01 23608327                   /home/toolchain/development/libc++_replacement/tmp/R11/extracted/bb/bb95acf2989fecd8ed536d259eb6ce43109882f58a219adcd440fd826537dda7/lib64/ld-linux-x86-64.so.2
709283740000-70928376d000 r-xp 00001000 08:01 23608327                   /home/toolchain/development/libc++_replacement/tmp/R11/extracted/bb/bb95acf2989fecd8ed536d259eb6ce43109882f58a219adcd440fd826537dda7/lib64/ld-linux-x86-64.so.2
70928376d000-709283779000 r--p 0002e000 08:01 23608327                   /home/toolchain/development/libc++_replacement/tmp/R11/extracted/bb/bb95acf2989fecd8ed536d259eb6ce43109882f58a219adcd440fd826537dda7/lib64/ld-linux-x86-64.so.2
709283779000-70928377b000 r--p 0003a000 08:01 23608327                   /home/toolchain/development/libc++_replacement/tmp/R11/extracted/bb/bb95acf2989fecd8ed536d259eb6ce43109882f58a219adcd440fd826537dda7/lib64/ld-linux-x86-64.so.2
70928377b000-70928377d000 rw-p 0003c000 08:01 23608327                   /home/toolchain/development/libc++_replacement/tmp/R11/extracted/bb/bb95acf2989fecd8ed536d259eb6ce43109882f58a219adcd440fd826537dda7/lib64/ld-linux-x86-64.so.2
7ffdc2152000-7ffdc2174000 rw-p 00000000 00:00 0                          [stack]
ffffffffff600000-ffffffffff601000 --xp 00000000 00:00 0                  [vsyscall]
PRE_BINDER_CORE_MAP=1
555565d0d000-555565d4f000 rw-p 00000000 00:00 0                          [heap]
709282c00000-709282c5d000 r--p 00000000 08:01 25829113                   /home/toolchain/development/libc++_replacement/tmp/R11/extracted/b8/b81d60c07222ae83cb728efe33675a21d09db564bc9d4bdd60e6a6b236816691/usr/lib64/libdali2-core.so.2.0.0
709282c5d000-709282d88000 r-xp 0005d000 08:01 25829113                   /home/toolchain/development/libc++_replacement/tmp/R11/extracted/b8/b81d60c07222ae83cb728efe33675a21d09db564bc9d4bdd60e6a6b236816691/usr/lib64/libdali2-core.so.2.0.0
709282d88000-709282e13000 r--p 00188000 08:01 25829113                   /home/toolchain/development/libc++_replacement/tmp/R11/extracted/b8/b81d60c07222ae83cb728efe33675a21d09db564bc9d4bdd60e6a6b236816691/usr/lib64/libdali2-core.so.2.0.0
709282e13000-709282e23000 r--p 00213000 08:01 25829113                   /home/toolchain/development/libc++_replacement/tmp/R11/extracted/b8/b81d60c07222ae83cb728efe33675a21d09db564bc9d4bdd60e6a6b236816691/usr/lib64/libdali2-core.so.2.0.0
709282e23000-709282e24000 rw-p 00223000 08:01 25829113                   /home/toolchain/development/libc++_replacement/tmp/R11/extracted/b8/b81d60c07222ae83cb728efe33675a21d09db564bc9d4bdd60e6a6b236816691/usr/lib64/libdali2-core.so.2.0.0
709282e24000-709282e25000 rw-p 00000000 00:00 0 
709283000000-7092830a5000 r--p 00000000 08:01 23622988                   /home/toolchain/development/libc++_replacement/tmp/R11/extracted/b8/b8155206a459a575f0f701c66a553cd2029728963fa3938768131e9028e4ee6b/usr/lib64/libstdc++.so.6.0.33
7092830a5000-7092831cd000 r-xp 000a5000 08:01 23622988                   /home/toolchain/development/libc++_replacement/tmp/R11/extracted/b8/b8155206a459a575f0f701c66a553cd2029728963fa3938768131e9028e4ee6b/usr/lib64/libstdc++.so.6.0.33
7092831cd000-709283254000 r--p 001cd000 08:01 23622988                   /home/toolchain/development/libc++_replacement/tmp/R11/extracted/b8/b8155206a459a575f0f701c66a553cd2029728963fa3938768131e9028e4ee6b/usr/lib64/libstdc++.so.6.0.33
709283254000-70928325f000 r--p 00254000 08:01 23622988                   /home/toolchain/development/libc++_replacement/tmp/R11/extracted/b8/b8155206a459a575f0f701c66a553cd2029728963fa3938768131e9028e4ee6b/usr/lib64/libstdc++.so.6.0.33
70928325f000-709283262000 rw-p 0025f000 08:01 23622988                   /home/toolchain/development/libc++_replacement/tmp/R11/extracted/b8/b8155206a459a575f0f701c66a553cd2029728963fa3938768131e9028e4ee6b/usr/lib64/libstdc++.so.6.0.33
709283262000-709283266000 rw-p 00000000 00:00 0 
7092832b9000-7092832be000 r--p 00000000 08:01 68885109                   /home/toolchain/development/libcxx_runtime_validation/tmp/API_0911/W1_CONT/binder_property_cxx.so
7092832be000-7092832d0000 r-xp 00005000 08:01 68885109                   /home/toolchain/development/libcxx_runtime_validation/tmp/API_0911/W1_CONT/binder_property_cxx.so
7092832d0000-7092832d5000 r--p 00017000 08:01 68885109                   /home/toolchain/development/libcxx_runtime_validation/tmp/API_0911/W1_CONT/binder_property_cxx.so
7092832d5000-7092832d6000 r--p 0001c000 08:01 68885109                   /home/toolchain/development/libcxx_runtime_validation/tmp/API_0911/W1_CONT/binder_property_cxx.so
7092832d6000-7092832d7000 rw-p 0001d000 08:01 68885109                   /home/toolchain/development/libcxx_runtime_validation/tmp/API_0911/W1_CONT/binder_property_cxx.so
7092832d7000-7092832e7000 r--p 00000000 08:01 23608339                   /home/toolchain/development/libc++_replacement/tmp/R11/extracted/bb/bb95acf2989fecd8ed536d259eb6ce43109882f58a219adcd440fd826537dda7/lib64/libm.so.6
7092832e7000-70928335d000 r-xp 00010000 08:01 23608339                   /home/toolchain/development/libc++_replacement/tmp/R11/extracted/bb/bb95acf2989fecd8ed536d259eb6ce43109882f58a219adcd440fd826537dda7/lib64/libm.so.6
70928335d000-7092833b8000 r--p 00086000 08:01 23608339                   /home/toolchain/development/libc++_replacement/tmp/R11/extracted/bb/bb95acf2989fecd8ed536d259eb6ce43109882f58a219adcd440fd826537dda7/lib64/libm.so.6
7092833b8000-7092833b9000 r--p 000e0000 08:01 23608339                   /home/toolchain/development/libc++_replacement/tmp/R11/extracted/bb/bb95acf2989fecd8ed536d259eb6ce43109882f58a219adcd440fd826537dda7/lib64/libm.so.6
7092833b9000-7092833ba000 rw-p 000e1000 08:01 23608339                   /home/toolchain/development/libc++_replacement/tmp/R11/extracted/bb/bb95acf2989fecd8ed536d259eb6ce43109882f58a219adcd440fd826537dda7/lib64/libm.so.6
7092833ba000-7092833be000 r--p 00000000 08:01 23621385                   /home/toolchain/development/libc++_replacement/tmp/R11/extracted/fe/fe622fb74e245c939c61ea5cca98dcbfc342fa7e12b1de0d8602be19ed35c441/usr/lib64/libgcc_s.so.1
7092833be000-7092833e1000 r-xp 00004000 08:01 23621385                   /home/toolchain/development/libc++_replacement/tmp/R11/extracted/fe/fe622fb74e245c939c61ea5cca98dcbfc342fa7e12b1de0d8602be19ed35c441/usr/lib64/libgcc_s.so.1
7092833e1000-7092833e5000 r--p 00027000 08:01 23621385                   /home/toolchain/development/libc++_replacement/tmp/R11/extracted/fe/fe622fb74e245c939c61ea5cca98dcbfc342fa7e12b1de0d8602be19ed35c441/usr/lib64/libgcc_s.so.1
7092833e5000-7092833e6000 rw-p 0002b000 08:01 23621385                   /home/toolchain/development/libc++_replacement/tmp/R11/extracted/fe/fe622fb74e245c939c61ea5cca98dcbfc342fa7e12b1de0d8602be19ed35c441/usr/lib64/libgcc_s.so.1
7092833e6000-7092833e7000 r--p 00000000 08:01 23608461                   /home/toolchain/development/libc++_replacement/tmp/R11/extracted/bb/bb95acf2989fecd8ed536d259eb6ce43109882f58a219adcd440fd826537dda7/lib64/libpthread.so.0
7092833e7000-7092833e8000 r-xp 00001000 08:01 23608461                   /home/toolchain/development/libc++_replacement/tmp/R11/extracted/bb/bb95acf2989fecd8ed536d259eb6ce43109882f58a219adcd440fd826537dda7/lib64/libpthread.so.0
7092833e8000-7092833e9000 r--p 00002000 08:01 23608461                   /home/toolchain/development/libc++_replacement/tmp/R11/extracted/bb/bb95acf2989fecd8ed536d259eb6ce43109882f58a219adcd440fd826537dda7/lib64/libpthread.so.0
7092833e9000-7092833ea000 r--p 00002000 08:01 23608461                   /home/toolchain/development/libc++_replacement/tmp/R11/extracted/bb/bb95acf2989fecd8ed536d259eb6ce43109882f58a219adcd440fd826537dda7/lib64/libpthread.so.0
7092833ea000-7092833eb000 rw-p 00003000 08:01 23608461                   /home/toolchain/development/libc++_replacement/tmp/R11/extracted/bb/bb95acf2989fecd8ed536d259eb6ce43109882f58a219adcd440fd826537dda7/lib64/libpthread.so.0
7092833eb000-7092833fc000 r--p 00000000 08:01 72160044                   /home/toolchain/development/libcxx_runtime_validation/tmp/IMPL_0908/build-native/lib/libc++abi.so.1.0
7092833fc000-709283419000 r-xp 00011000 08:01 72160044                   /home/toolchain/development/libcxx_runtime_validation/tmp/IMPL_0908/build-native/lib/libc++abi.so.1.0
709283419000-709283423000 r--p 0002e000 08:01 72160044                   /home/toolchain/development/libcxx_runtime_validation/tmp/IMPL_0908/build-native/lib/libc++abi.so.1.0
709283423000-709283428000 r--p 00038000 08:01 72160044                   /home/toolchain/development/libcxx_runtime_validation/tmp/IMPL_0908/build-native/lib/libc++abi.so.1.0
709283428000-709283429000 rw-p 0003d000 08:01 72160044                   /home/toolchain/development/libcxx_runtime_validation/tmp/IMPL_0908/build-native/lib/libc++abi.so.1.0
709283429000-70928342b000 r--p 00000000 103:01 24643894                  /usr/lib/x86_64-linux-gnu/libatomic.so.1.2.0
70928342b000-70928342f000 r-xp 00002000 103:01 24643894                  /usr/lib/x86_64-linux-gnu/libatomic.so.1.2.0
70928342f000-709283431000 r--p 00006000 103:01 24643894                  /usr/lib/x86_64-linux-gnu/libatomic.so.1.2.0
709283431000-709283432000 r--p 00007000 103:01 24643894                  /usr/lib/x86_64-linux-gnu/libatomic.so.1.2.0
709283432000-709283433000 rw-p 00008000 103:01 24643894                  /usr/lib/x86_64-linux-gnu/libatomic.so.1.2.0
709283433000-709283434000 rw-p 00000000 00:00 0 
709283445000-709283481000 r--p 00000000 08:01 72160099                   /home/toolchain/development/libcxx_runtime_validation/tmp/IMPL_0908/build-native/lib/libc++.so.1.0
709283481000-7092834fb000 r-xp 0003c000 08:01 72160099                   /home/toolchain/development/libcxx_runtime_validation/tmp/IMPL_0908/build-native/lib/libc++.so.1.0
7092834fb000-70928353e000 r--p 000b6000 08:01 72160099                   /home/toolchain/development/libcxx_runtime_validation/tmp/IMPL_0908/build-native/lib/libc++.so.1.0
70928353e000-709283545000 r--p 000f8000 08:01 72160099                   /home/toolchain/development/libcxx_runtime_validation/tmp/IMPL_0908/build-native/lib/libc++.so.1.0
709283545000-709283546000 rw-p 000ff000 08:01 72160099                   /home/toolchain/development/libcxx_runtime_validation/tmp/IMPL_0908/build-native/lib/libc++.so.1.0
709283546000-709283554000 rw-p 00000000 00:00 0 
709283554000-70928357c000 r--p 00000000 08:01 23608330                   /home/toolchain/development/libc++_replacement/tmp/R11/extracted/bb/bb95acf2989fecd8ed536d259eb6ce43109882f58a219adcd440fd826537dda7/lib64/libc.so.6
70928357c000-7092836cc000 r-xp 00028000 08:01 23608330                   /home/toolchain/development/libc++_replacement/tmp/R11/extracted/bb/bb95acf2989fecd8ed536d259eb6ce43109882f58a219adcd440fd826537dda7/lib64/libc.so.6
7092836cc000-709283722000 r--p 00178000 08:01 23608330                   /home/toolchain/development/libc++_replacement/tmp/R11/extracted/bb/bb95acf2989fecd8ed536d259eb6ce43109882f58a219adcd440fd826537dda7/lib64/libc.so.6
709283722000-709283726000 r--p 001ce000 08:01 23608330                   /home/toolchain/development/libc++_replacement/tmp/R11/extracted/bb/bb95acf2989fecd8ed536d259eb6ce43109882f58a219adcd440fd826537dda7/lib64/libc.so.6
709283726000-709283728000 rw-p 001d2000 08:01 23608330                   /home/toolchain/development/libc++_replacement/tmp/R11/extracted/bb/bb95acf2989fecd8ed536d259eb6ce43109882f58a219adcd440fd826537dda7/lib64/libc.so.6
709283728000-709283732000 rw-p 00000000 00:00 0 
709283732000-709283733000 r--p 00000000 08:01 68885107                   /home/toolchain/development/libcxx_runtime_validation/tmp/API_0911/W1_CONT/dali_probe
709283733000-709283734000 r-xp 00001000 08:01 68885107                   /home/toolchain/development/libcxx_runtime_validation/tmp/API_0911/W1_CONT/dali_probe
709283734000-709283735000 r--p 00002000 08:01 68885107                   /home/toolchain/development/libcxx_runtime_validation/tmp/API_0911/W1_CONT/dali_probe
709283735000-709283736000 r--p 00002000 08:01 68885107                   /home/toolchain/development/libcxx_runtime_validation/tmp/API_0911/W1_CONT/dali_probe
709283736000-709283737000 rw-p 00003000 08:01 68885107                   /home/toolchain/development/libcxx_runtime_validation/tmp/API_0911/W1_CONT/dali_probe
709283737000-70928373b000 r--p 00000000 00:00 0                          [vvar]
70928373b000-70928373d000 r--p 00000000 00:00 0                          [vvar_vclock]
70928373d000-70928373f000 r-xp 00000000 00:00 0                          [vdso]
70928373f000-709283740000 r--p 00000000 08:01 23608327                   /home/toolchain/development/libc++_replacement/tmp/R11/extracted/bb/bb95acf2989fecd8ed536d259eb6ce43109882f58a219adcd440fd826537dda7/lib64/ld-linux-x86-64.so.2
709283740000-70928376d000 r-xp 00001000 08:01 23608327                   /home/toolchain/development/libc++_replacement/tmp/R11/extracted/bb/bb95acf2989fecd8ed536d259eb6ce43109882f58a219adcd440fd826537dda7/lib64/ld-linux-x86-64.so.2
70928376d000-709283779000 r--p 0002e000 08:01 23608327                   /home/toolchain/development/libc++_replacement/tmp/R11/extracted/bb/bb95acf2989fecd8ed536d259eb6ce43109882f58a219adcd440fd826537dda7/lib64/ld-linux-x86-64.so.2
709283779000-70928377b000 r--p 0003a000 08:01 23608327                   /home/toolchain/development/libc++_replacement/tmp/R11/extracted/bb/bb95acf2989fecd8ed536d259eb6ce43109882f58a219adcd440fd826537dda7/lib64/ld-linux-x86-64.so.2
70928377b000-70928377d000 rw-p 0003c000 08:01 23608327                   /home/toolchain/development/libc++_replacement/tmp/R11/extracted/bb/bb95acf2989fecd8ed536d259eb6ce43109882f58a219adcd440fd826537dda7/lib64/ld-linux-x86-64.so.2
7ffdc2152000-7ffdc2174000 rw-p 00000000 00:00 0                          [stack]
ffffffffff600000-ffffffffff601000 --xp 00000000 00:00 0                  [vsyscall]
MAP_ASSERT cxx=1 gnu=1 binder=1 core=1
INTEGER expected=0 actual=0 valid=1
INTEGER expected=-123456789 actual=-123456789 valid=1
INTEGER expected=2147483647 actual=2147483647 valid=1
FLOAT expected=1.25 actual=1.25 valid=1
STRING expected= actual= valid=1
STRING expected=abc actual=abc valid=1
STRING expected=long-string-0123456789-abcdefghijklmnopqrstuvwxyz-ABCDEFGHIJKLMNOPQRSTUVWXYZ actual=long-string-0123456789-abcdefghijklmnopqrstuvwxyz-ABCDEFGHIJKLMNOPQRSTUVWXYZ valid=1
EXACT_VALUES=7 CONSUMER_DELETE_COMPLETED=7 CALLBACK_EXCEPTIONS=0
