PRE_BINDER_MAPS_BEGIN
55558fde2000-55558fe24000 rw-p 00000000 00:00 0                          [heap]
784344800000-78434485d000 r--p 00000000 08:01 25829113                   /home/toolchain/development/libc++_replacement/tmp/R11/extracted/b8/b81d60c07222ae83cb728efe33675a21d09db564bc9d4bdd60e6a6b236816691/usr/lib64/libdali2-core.so.2.0.0
78434485d000-784344988000 r-xp 0005d000 08:01 25829113                   /home/toolchain/development/libc++_replacement/tmp/R11/extracted/b8/b81d60c07222ae83cb728efe33675a21d09db564bc9d4bdd60e6a6b236816691/usr/lib64/libdali2-core.so.2.0.0
784344988000-784344a13000 r--p 00188000 08:01 25829113                   /home/toolchain/development/libc++_replacement/tmp/R11/extracted/b8/b81d60c07222ae83cb728efe33675a21d09db564bc9d4bdd60e6a6b236816691/usr/lib64/libdali2-core.so.2.0.0
784344a13000-784344a23000 r--p 00213000 08:01 25829113                   /home/toolchain/development/libc++_replacement/tmp/R11/extracted/b8/b81d60c07222ae83cb728efe33675a21d09db564bc9d4bdd60e6a6b236816691/usr/lib64/libdali2-core.so.2.0.0
784344a23000-784344a24000 rw-p 00223000 08:01 25829113                   /home/toolchain/development/libc++_replacement/tmp/R11/extracted/b8/b81d60c07222ae83cb728efe33675a21d09db564bc9d4bdd60e6a6b236816691/usr/lib64/libdali2-core.so.2.0.0
784344a24000-784344a25000 rw-p 00000000 00:00 0 
784344c00000-784344ca5000 r--p 00000000 08:01 23622988                   /home/toolchain/development/libc++_replacement/tmp/R11/extracted/b8/b8155206a459a575f0f701c66a553cd2029728963fa3938768131e9028e4ee6b/usr/lib64/libstdc++.so.6.0.33
784344ca5000-784344dcd000 r-xp 000a5000 08:01 23622988                   /home/toolchain/development/libc++_replacement/tmp/R11/extracted/b8/b8155206a459a575f0f701c66a553cd2029728963fa3938768131e9028e4ee6b/usr/lib64/libstdc++.so.6.0.33
784344dcd000-784344e54000 r--p 001cd000 08:01 23622988                   /home/toolchain/development/libc++_replacement/tmp/R11/extracted/b8/b8155206a459a575f0f701c66a553cd2029728963fa3938768131e9028e4ee6b/usr/lib64/libstdc++.so.6.0.33
784344e54000-784344e5f000 r--p 00254000 08:01 23622988                   /home/toolchain/development/libc++_replacement/tmp/R11/extracted/b8/b8155206a459a575f0f701c66a553cd2029728963fa3938768131e9028e4ee6b/usr/lib64/libstdc++.so.6.0.33
784344e5f000-784344e62000 rw-p 0025f000 08:01 23622988                   /home/toolchain/development/libc++_replacement/tmp/R11/extracted/b8/b8155206a459a575f0f701c66a553cd2029728963fa3938768131e9028e4ee6b/usr/lib64/libstdc++.so.6.0.33
784344e62000-784344e66000 rw-p 00000000 00:00 0 
784344f22000-784344f32000 r--p 00000000 08:01 23608339                   /home/toolchain/development/libc++_replacement/tmp/R11/extracted/bb/bb95acf2989fecd8ed536d259eb6ce43109882f58a219adcd440fd826537dda7/lib64/libm.so.6
784344f32000-784344fa8000 r-xp 00010000 08:01 23608339                   /home/toolchain/development/libc++_replacement/tmp/R11/extracted/bb/bb95acf2989fecd8ed536d259eb6ce43109882f58a219adcd440fd826537dda7/lib64/libm.so.6
784344fa8000-784345003000 r--p 00086000 08:01 23608339                   /home/toolchain/development/libc++_replacement/tmp/R11/extracted/bb/bb95acf2989fecd8ed536d259eb6ce43109882f58a219adcd440fd826537dda7/lib64/libm.so.6
784345003000-784345004000 r--p 000e0000 08:01 23608339                   /home/toolchain/development/libc++_replacement/tmp/R11/extracted/bb/bb95acf2989fecd8ed536d259eb6ce43109882f58a219adcd440fd826537dda7/lib64/libm.so.6
784345004000-784345005000 rw-p 000e1000 08:01 23608339                   /home/toolchain/development/libc++_replacement/tmp/R11/extracted/bb/bb95acf2989fecd8ed536d259eb6ce43109882f58a219adcd440fd826537dda7/lib64/libm.so.6
784345005000-784345009000 r--p 00000000 08:01 23621385                   /home/toolchain/development/libc++_replacement/tmp/R11/extracted/fe/fe622fb74e245c939c61ea5cca98dcbfc342fa7e12b1de0d8602be19ed35c441/usr/lib64/libgcc_s.so.1
784345009000-78434502c000 r-xp 00004000 08:01 23621385                   /home/toolchain/development/libc++_replacement/tmp/R11/extracted/fe/fe622fb74e245c939c61ea5cca98dcbfc342fa7e12b1de0d8602be19ed35c441/usr/lib64/libgcc_s.so.1
78434502c000-784345030000 r--p 00027000 08:01 23621385                   /home/toolchain/development/libc++_replacement/tmp/R11/extracted/fe/fe622fb74e245c939c61ea5cca98dcbfc342fa7e12b1de0d8602be19ed35c441/usr/lib64/libgcc_s.so.1
784345030000-784345031000 rw-p 0002b000 08:01 23621385                   /home/toolchain/development/libc++_replacement/tmp/R11/extracted/fe/fe622fb74e245c939c61ea5cca98dcbfc342fa7e12b1de0d8602be19ed35c441/usr/lib64/libgcc_s.so.1
784345031000-784345032000 r--p 00000000 08:01 23608461                   /home/toolchain/development/libc++_replacement/tmp/R11/extracted/bb/bb95acf2989fecd8ed536d259eb6ce43109882f58a219adcd440fd826537dda7/lib64/libpthread.so.0
784345032000-784345033000 r-xp 00001000 08:01 23608461                   /home/toolchain/development/libc++_replacement/tmp/R11/extracted/bb/bb95acf2989fecd8ed536d259eb6ce43109882f58a219adcd440fd826537dda7/lib64/libpthread.so.0
784345033000-784345034000 r--p 00002000 08:01 23608461                   /home/toolchain/development/libc++_replacement/tmp/R11/extracted/bb/bb95acf2989fecd8ed536d259eb6ce43109882f58a219adcd440fd826537dda7/lib64/libpthread.so.0
784345034000-784345035000 r--p 00002000 08:01 23608461                   /home/toolchain/development/libc++_replacement/tmp/R11/extracted/bb/bb95acf2989fecd8ed536d259eb6ce43109882f58a219adcd440fd826537dda7/lib64/libpthread.so.0
784345035000-784345036000 rw-p 00003000 08:01 23608461                   /home/toolchain/development/libc++_replacement/tmp/R11/extracted/bb/bb95acf2989fecd8ed536d259eb6ce43109882f58a219adcd440fd826537dda7/lib64/libpthread.so.0
784345036000-784345047000 r--p 00000000 08:01 72160044                   /home/toolchain/development/libcxx_runtime_validation/tmp/IMPL_0908/build-native/lib/libc++abi.so.1.0
784345047000-784345064000 r-xp 00011000 08:01 72160044                   /home/toolchain/development/libcxx_runtime_validation/tmp/IMPL_0908/build-native/lib/libc++abi.so.1.0
784345064000-78434506e000 r--p 0002e000 08:01 72160044                   /home/toolchain/development/libcxx_runtime_validation/tmp/IMPL_0908/build-native/lib/libc++abi.so.1.0
78434506e000-784345073000 r--p 00038000 08:01 72160044                   /home/toolchain/development/libcxx_runtime_validation/tmp/IMPL_0908/build-native/lib/libc++abi.so.1.0
784345073000-784345074000 rw-p 0003d000 08:01 72160044                   /home/toolchain/development/libcxx_runtime_validation/tmp/IMPL_0908/build-native/lib/libc++abi.so.1.0
784345074000-784345076000 r--p 00000000 103:01 24643894                  /usr/lib/x86_64-linux-gnu/libatomic.so.1.2.0
784345076000-78434507a000 r-xp 00002000 103:01 24643894                  /usr/lib/x86_64-linux-gnu/libatomic.so.1.2.0
78434507a000-78434507c000 r--p 00006000 103:01 24643894                  /usr/lib/x86_64-linux-gnu/libatomic.so.1.2.0
78434507c000-78434507d000 r--p 00007000 103:01 24643894                  /usr/lib/x86_64-linux-gnu/libatomic.so.1.2.0
78434507d000-78434507e000 rw-p 00008000 103:01 24643894                  /usr/lib/x86_64-linux-gnu/libatomic.so.1.2.0
78434507e000-78434507f000 rw-p 00000000 00:00 0 
784345090000-7843450cc000 r--p 00000000 08:01 72160099                   /home/toolchain/development/libcxx_runtime_validation/tmp/IMPL_0908/build-native/lib/libc++.so.1.0
7843450cc000-784345146000 r-xp 0003c000 08:01 72160099                   /home/toolchain/development/libcxx_runtime_validation/tmp/IMPL_0908/build-native/lib/libc++.so.1.0
784345146000-784345189000 r--p 000b6000 08:01 72160099                   /home/toolchain/development/libcxx_runtime_validation/tmp/IMPL_0908/build-native/lib/libc++.so.1.0
784345189000-784345190000 r--p 000f8000 08:01 72160099                   /home/toolchain/development/libcxx_runtime_validation/tmp/IMPL_0908/build-native/lib/libc++.so.1.0
784345190000-784345191000 rw-p 000ff000 08:01 72160099                   /home/toolchain/development/libcxx_runtime_validation/tmp/IMPL_0908/build-native/lib/libc++.so.1.0
784345191000-78434519f000 rw-p 00000000 00:00 0 
78434519f000-7843451c7000 r--p 00000000 08:01 23608330                   /home/toolchain/development/libc++_replacement/tmp/R11/extracted/bb/bb95acf2989fecd8ed536d259eb6ce43109882f58a219adcd440fd826537dda7/lib64/libc.so.6
7843451c7000-784345317000 r-xp 00028000 08:01 23608330                   /home/toolchain/development/libc++_replacement/tmp/R11/extracted/bb/bb95acf2989fecd8ed536d259eb6ce43109882f58a219adcd440fd826537dda7/lib64/libc.so.6
784345317000-78434536d000 r--p 00178000 08:01 23608330                   /home/toolchain/development/libc++_replacement/tmp/R11/extracted/bb/bb95acf2989fecd8ed536d259eb6ce43109882f58a219adcd440fd826537dda7/lib64/libc.so.6
78434536d000-784345371000 r--p 001ce000 08:01 23608330                   /home/toolchain/development/libc++_replacement/tmp/R11/extracted/bb/bb95acf2989fecd8ed536d259eb6ce43109882f58a219adcd440fd826537dda7/lib64/libc.so.6
784345371000-784345373000 rw-p 001d2000 08:01 23608330                   /home/toolchain/development/libc++_replacement/tmp/R11/extracted/bb/bb95acf2989fecd8ed536d259eb6ce43109882f58a219adcd440fd826537dda7/lib64/libc.so.6
784345373000-78434537d000 rw-p 00000000 00:00 0 
78434537d000-78434537e000 r--p 00000000 08:01 68885107                   /home/toolchain/development/libcxx_runtime_validation/tmp/API_0911/W1_CONT/dali_probe
78434537e000-78434537f000 r-xp 00001000 08:01 68885107                   /home/toolchain/development/libcxx_runtime_validation/tmp/API_0911/W1_CONT/dali_probe
78434537f000-784345380000 r--p 00002000 08:01 68885107                   /home/toolchain/development/libcxx_runtime_validation/tmp/API_0911/W1_CONT/dali_probe
784345380000-784345381000 r--p 00002000 08:01 68885107                   /home/toolchain/development/libcxx_runtime_validation/tmp/API_0911/W1_CONT/dali_probe
784345381000-784345382000 rw-p 00003000 08:01 68885107                   /home/toolchain/development/libcxx_runtime_validation/tmp/API_0911/W1_CONT/dali_probe
784345382000-784345386000 r--p 00000000 00:00 0                          [vvar]
784345386000-784345388000 r--p 00000000 00:00 0                          [vvar_vclock]
784345388000-78434538a000 r-xp 00000000 00:00 0                          [vdso]
78434538a000-78434538b000 r--p 00000000 08:01 23608327                   /home/toolchain/development/libc++_replacement/tmp/R11/extracted/bb/bb95acf2989fecd8ed536d259eb6ce43109882f58a219adcd440fd826537dda7/lib64/ld-linux-x86-64.so.2
78434538b000-7843453b8000 r-xp 00001000 08:01 23608327                   /home/toolchain/development/libc++_replacement/tmp/R11/extracted/bb/bb95acf2989fecd8ed536d259eb6ce43109882f58a219adcd440fd826537dda7/lib64/ld-linux-x86-64.so.2
7843453b8000-7843453c4000 r--p 0002e000 08:01 23608327                   /home/toolchain/development/libc++_replacement/tmp/R11/extracted/bb/bb95acf2989fecd8ed536d259eb6ce43109882f58a219adcd440fd826537dda7/lib64/ld-linux-x86-64.so.2
7843453c4000-7843453c6000 r--p 0003a000 08:01 23608327                   /home/toolchain/development/libc++_replacement/tmp/R11/extracted/bb/bb95acf2989fecd8ed536d259eb6ce43109882f58a219adcd440fd826537dda7/lib64/ld-linux-x86-64.so.2
7843453c6000-7843453c8000 rw-p 0003c000 08:01 23608327                   /home/toolchain/development/libc++_replacement/tmp/R11/extracted/bb/bb95acf2989fecd8ed536d259eb6ce43109882f58a219adcd440fd826537dda7/lib64/ld-linux-x86-64.so.2
7ffcb9416000-7ffcb9438000 rw-p 00000000 00:00 0                          [stack]
ffffffffff600000-ffffffffff601000 --xp 00000000 00:00 0                  [vsyscall]
PRE_BINDER_CORE_MAP=1
55558fde2000-55558fe24000 rw-p 00000000 00:00 0                          [heap]
784344800000-78434485d000 r--p 00000000 08:01 25829113                   /home/toolchain/development/libc++_replacement/tmp/R11/extracted/b8/b81d60c07222ae83cb728efe33675a21d09db564bc9d4bdd60e6a6b236816691/usr/lib64/libdali2-core.so.2.0.0
78434485d000-784344988000 r-xp 0005d000 08:01 25829113                   /home/toolchain/development/libc++_replacement/tmp/R11/extracted/b8/b81d60c07222ae83cb728efe33675a21d09db564bc9d4bdd60e6a6b236816691/usr/lib64/libdali2-core.so.2.0.0
784344988000-784344a13000 r--p 00188000 08:01 25829113                   /home/toolchain/development/libc++_replacement/tmp/R11/extracted/b8/b81d60c07222ae83cb728efe33675a21d09db564bc9d4bdd60e6a6b236816691/usr/lib64/libdali2-core.so.2.0.0
784344a13000-784344a23000 r--p 00213000 08:01 25829113                   /home/toolchain/development/libc++_replacement/tmp/R11/extracted/b8/b81d60c07222ae83cb728efe33675a21d09db564bc9d4bdd60e6a6b236816691/usr/lib64/libdali2-core.so.2.0.0
784344a23000-784344a24000 rw-p 00223000 08:01 25829113                   /home/toolchain/development/libc++_replacement/tmp/R11/extracted/b8/b81d60c07222ae83cb728efe33675a21d09db564bc9d4bdd60e6a6b236816691/usr/lib64/libdali2-core.so.2.0.0
784344a24000-784344a25000 rw-p 00000000 00:00 0 
784344c00000-784344ca5000 r--p 00000000 08:01 23622988                   /home/toolchain/development/libc++_replacement/tmp/R11/extracted/b8/b8155206a459a575f0f701c66a553cd2029728963fa3938768131e9028e4ee6b/usr/lib64/libstdc++.so.6.0.33
784344ca5000-784344dcd000 r-xp 000a5000 08:01 23622988                   /home/toolchain/development/libc++_replacement/tmp/R11/extracted/b8/b8155206a459a575f0f701c66a553cd2029728963fa3938768131e9028e4ee6b/usr/lib64/libstdc++.so.6.0.33
784344dcd000-784344e54000 r--p 001cd000 08:01 23622988                   /home/toolchain/development/libc++_replacement/tmp/R11/extracted/b8/b8155206a459a575f0f701c66a553cd2029728963fa3938768131e9028e4ee6b/usr/lib64/libstdc++.so.6.0.33
784344e54000-784344e5f000 r--p 00254000 08:01 23622988                   /home/toolchain/development/libc++_replacement/tmp/R11/extracted/b8/b8155206a459a575f0f701c66a553cd2029728963fa3938768131e9028e4ee6b/usr/lib64/libstdc++.so.6.0.33
784344e5f000-784344e62000 rw-p 0025f000 08:01 23622988                   /home/toolchain/development/libc++_replacement/tmp/R11/extracted/b8/b8155206a459a575f0f701c66a553cd2029728963fa3938768131e9028e4ee6b/usr/lib64/libstdc++.so.6.0.33
784344e62000-784344e66000 rw-p 00000000 00:00 0 
784344f04000-784344f09000 r--p 00000000 08:01 68885109                   /home/toolchain/development/libcxx_runtime_validation/tmp/API_0911/W1_CONT/binder_property_cxx.so
784344f09000-784344f1b000 r-xp 00005000 08:01 68885109                   /home/toolchain/development/libcxx_runtime_validation/tmp/API_0911/W1_CONT/binder_property_cxx.so
784344f1b000-784344f20000 r--p 00017000 08:01 68885109                   /home/toolchain/development/libcxx_runtime_validation/tmp/API_0911/W1_CONT/binder_property_cxx.so
784344f20000-784344f21000 r--p 0001c000 08:01 68885109                   /home/toolchain/development/libcxx_runtime_validation/tmp/API_0911/W1_CONT/binder_property_cxx.so
784344f21000-784344f22000 rw-p 0001d000 08:01 68885109                   /home/toolchain/development/libcxx_runtime_validation/tmp/API_0911/W1_CONT/binder_property_cxx.so
784344f22000-784344f32000 r--p 00000000 08:01 23608339                   /home/toolchain/development/libc++_replacement/tmp/R11/extracted/bb/bb95acf2989fecd8ed536d259eb6ce43109882f58a219adcd440fd826537dda7/lib64/libm.so.6
784344f32000-784344fa8000 r-xp 00010000 08:01 23608339                   /home/toolchain/development/libc++_replacement/tmp/R11/extracted/bb/bb95acf2989fecd8ed536d259eb6ce43109882f58a219adcd440fd826537dda7/lib64/libm.so.6
784344fa8000-784345003000 r--p 00086000 08:01 23608339                   /home/toolchain/development/libc++_replacement/tmp/R11/extracted/bb/bb95acf2989fecd8ed536d259eb6ce43109882f58a219adcd440fd826537dda7/lib64/libm.so.6
784345003000-784345004000 r--p 000e0000 08:01 23608339                   /home/toolchain/development/libc++_replacement/tmp/R11/extracted/bb/bb95acf2989fecd8ed536d259eb6ce43109882f58a219adcd440fd826537dda7/lib64/libm.so.6
784345004000-784345005000 rw-p 000e1000 08:01 23608339                   /home/toolchain/development/libc++_replacement/tmp/R11/extracted/bb/bb95acf2989fecd8ed536d259eb6ce43109882f58a219adcd440fd826537dda7/lib64/libm.so.6
784345005000-784345009000 r--p 00000000 08:01 23621385                   /home/toolchain/development/libc++_replacement/tmp/R11/extracted/fe/fe622fb74e245c939c61ea5cca98dcbfc342fa7e12b1de0d8602be19ed35c441/usr/lib64/libgcc_s.so.1
784345009000-78434502c000 r-xp 00004000 08:01 23621385                   /home/toolchain/development/libc++_replacement/tmp/R11/extracted/fe/fe622fb74e245c939c61ea5cca98dcbfc342fa7e12b1de0d8602be19ed35c441/usr/lib64/libgcc_s.so.1
78434502c000-784345030000 r--p 00027000 08:01 23621385                   /home/toolchain/development/libc++_replacement/tmp/R11/extracted/fe/fe622fb74e245c939c61ea5cca98dcbfc342fa7e12b1de0d8602be19ed35c441/usr/lib64/libgcc_s.so.1
784345030000-784345031000 rw-p 0002b000 08:01 23621385                   /home/toolchain/development/libc++_replacement/tmp/R11/extracted/fe/fe622fb74e245c939c61ea5cca98dcbfc342fa7e12b1de0d8602be19ed35c441/usr/lib64/libgcc_s.so.1
784345031000-784345032000 r--p 00000000 08:01 23608461                   /home/toolchain/development/libc++_replacement/tmp/R11/extracted/bb/bb95acf2989fecd8ed536d259eb6ce43109882f58a219adcd440fd826537dda7/lib64/libpthread.so.0
784345032000-784345033000 r-xp 00001000 08:01 23608461                   /home/toolchain/development/libc++_replacement/tmp/R11/extracted/bb/bb95acf2989fecd8ed536d259eb6ce43109882f58a219adcd440fd826537dda7/lib64/libpthread.so.0
784345033000-784345034000 r--p 00002000 08:01 23608461                   /home/toolchain/development/libc++_replacement/tmp/R11/extracted/bb/bb95acf2989fecd8ed536d259eb6ce43109882f58a219adcd440fd826537dda7/lib64/libpthread.so.0
784345034000-784345035000 r--p 00002000 08:01 23608461                   /home/toolchain/development/libc++_replacement/tmp/R11/extracted/bb/bb95acf2989fecd8ed536d259eb6ce43109882f58a219adcd440fd826537dda7/lib64/libpthread.so.0
784345035000-784345036000 rw-p 00003000 08:01 23608461                   /home/toolchain/development/libc++_replacement/tmp/R11/extracted/bb/bb95acf2989fecd8ed536d259eb6ce43109882f58a219adcd440fd826537dda7/lib64/libpthread.so.0
784345036000-784345047000 r--p 00000000 08:01 72160044                   /home/toolchain/development/libcxx_runtime_validation/tmp/IMPL_0908/build-native/lib/libc++abi.so.1.0
784345047000-784345064000 r-xp 00011000 08:01 72160044                   /home/toolchain/development/libcxx_runtime_validation/tmp/IMPL_0908/build-native/lib/libc++abi.so.1.0
784345064000-78434506e000 r--p 0002e000 08:01 72160044                   /home/toolchain/development/libcxx_runtime_validation/tmp/IMPL_0908/build-native/lib/libc++abi.so.1.0
78434506e000-784345073000 r--p 00038000 08:01 72160044                   /home/toolchain/development/libcxx_runtime_validation/tmp/IMPL_0908/build-native/lib/libc++abi.so.1.0
784345073000-784345074000 rw-p 0003d000 08:01 72160044                   /home/toolchain/development/libcxx_runtime_validation/tmp/IMPL_0908/build-native/lib/libc++abi.so.1.0
784345074000-784345076000 r--p 00000000 103:01 24643894                  /usr/lib/x86_64-linux-gnu/libatomic.so.1.2.0
784345076000-78434507a000 r-xp 00002000 103:01 24643894                  /usr/lib/x86_64-linux-gnu/libatomic.so.1.2.0
78434507a000-78434507c000 r--p 00006000 103:01 24643894                  /usr/lib/x86_64-linux-gnu/libatomic.so.1.2.0
78434507c000-78434507d000 r--p 00007000 103:01 24643894                  /usr/lib/x86_64-linux-gnu/libatomic.so.1.2.0
78434507d000-78434507e000 rw-p 00008000 103:01 24643894                  /usr/lib/x86_64-linux-gnu/libatomic.so.1.2.0
78434507e000-78434507f000 rw-p 00000000 00:00 0 
784345090000-7843450cc000 r--p 00000000 08:01 72160099                   /home/toolchain/development/libcxx_runtime_validation/tmp/IMPL_0908/build-native/lib/libc++.so.1.0
7843450cc000-784345146000 r-xp 0003c000 08:01 72160099                   /home/toolchain/development/libcxx_runtime_validation/tmp/IMPL_0908/build-native/lib/libc++.so.1.0
784345146000-784345189000 r--p 000b6000 08:01 72160099                   /home/toolchain/development/libcxx_runtime_validation/tmp/IMPL_0908/build-native/lib/libc++.so.1.0
784345189000-784345190000 r--p 000f8000 08:01 72160099                   /home/toolchain/development/libcxx_runtime_validation/tmp/IMPL_0908/build-native/lib/libc++.so.1.0
784345190000-784345191000 rw-p 000ff000 08:01 72160099                   /home/toolchain/development/libcxx_runtime_validation/tmp/IMPL_0908/build-native/lib/libc++.so.1.0
784345191000-78434519f000 rw-p 00000000 00:00 0 
78434519f000-7843451c7000 r--p 00000000 08:01 23608330                   /home/toolchain/development/libc++_replacement/tmp/R11/extracted/bb/bb95acf2989fecd8ed536d259eb6ce43109882f58a219adcd440fd826537dda7/lib64/libc.so.6
7843451c7000-784345317000 r-xp 00028000 08:01 23608330                   /home/toolchain/development/libc++_replacement/tmp/R11/extracted/bb/bb95acf2989fecd8ed536d259eb6ce43109882f58a219adcd440fd826537dda7/lib64/libc.so.6
784345317000-78434536d000 r--p 00178000 08:01 23608330                   /home/toolchain/development/libc++_replacement/tmp/R11/extracted/bb/bb95acf2989fecd8ed536d259eb6ce43109882f58a219adcd440fd826537dda7/lib64/libc.so.6
78434536d000-784345371000 r--p 001ce000 08:01 23608330                   /home/toolchain/development/libc++_replacement/tmp/R11/extracted/bb/bb95acf2989fecd8ed536d259eb6ce43109882f58a219adcd440fd826537dda7/lib64/libc.so.6
784345371000-784345373000 rw-p 001d2000 08:01 23608330                   /home/toolchain/development/libc++_replacement/tmp/R11/extracted/bb/bb95acf2989fecd8ed536d259eb6ce43109882f58a219adcd440fd826537dda7/lib64/libc.so.6
784345373000-78434537d000 rw-p 00000000 00:00 0 
78434537d000-78434537e000 r--p 00000000 08:01 68885107                   /home/toolchain/development/libcxx_runtime_validation/tmp/API_0911/W1_CONT/dali_probe
78434537e000-78434537f000 r-xp 00001000 08:01 68885107                   /home/toolchain/development/libcxx_runtime_validation/tmp/API_0911/W1_CONT/dali_probe
78434537f000-784345380000 r--p 00002000 08:01 68885107                   /home/toolchain/development/libcxx_runtime_validation/tmp/API_0911/W1_CONT/dali_probe
784345380000-784345381000 r--p 00002000 08:01 68885107                   /home/toolchain/development/libcxx_runtime_validation/tmp/API_0911/W1_CONT/dali_probe
784345381000-784345382000 rw-p 00003000 08:01 68885107                   /home/toolchain/development/libcxx_runtime_validation/tmp/API_0911/W1_CONT/dali_probe
784345382000-784345386000 r--p 00000000 00:00 0                          [vvar]
784345386000-784345388000 r--p 00000000 00:00 0                          [vvar_vclock]
784345388000-78434538a000 r-xp 00000000 00:00 0                          [vdso]
78434538a000-78434538b000 r--p 00000000 08:01 23608327                   /home/toolchain/development/libc++_replacement/tmp/R11/extracted/bb/bb95acf2989fecd8ed536d259eb6ce43109882f58a219adcd440fd826537dda7/lib64/ld-linux-x86-64.so.2
78434538b000-7843453b8000 r-xp 00001000 08:01 23608327                   /home/toolchain/development/libc++_replacement/tmp/R11/extracted/bb/bb95acf2989fecd8ed536d259eb6ce43109882f58a219adcd440fd826537dda7/lib64/ld-linux-x86-64.so.2
7843453b8000-7843453c4000 r--p 0002e000 08:01 23608327                   /home/toolchain/development/libc++_replacement/tmp/R11/extracted/bb/bb95acf2989fecd8ed536d259eb6ce43109882f58a219adcd440fd826537dda7/lib64/ld-linux-x86-64.so.2
7843453c4000-7843453c6000 r--p 0003a000 08:01 23608327                   /home/toolchain/development/libc++_replacement/tmp/R11/extracted/bb/bb95acf2989fecd8ed536d259eb6ce43109882f58a219adcd440fd826537dda7/lib64/ld-linux-x86-64.so.2
7843453c6000-7843453c8000 rw-p 0003c000 08:01 23608327                   /home/toolchain/development/libc++_replacement/tmp/R11/extracted/bb/bb95acf2989fecd8ed536d259eb6ce43109882f58a219adcd440fd826537dda7/lib64/ld-linux-x86-64.so.2
7ffcb9416000-7ffcb9438000 rw-p 00000000 00:00 0                          [stack]
ffffffffff600000-ffffffffff601000 --xp 00000000 00:00 0                  [vsyscall]
MAP_ASSERT cxx=1 gnu=1 binder=1 core=1
INTEGER expected=0 actual=0 valid=1
INTEGER expected=-123456789 actual=-123456789 valid=1
INTEGER expected=2147483647 actual=2147483647 valid=1
FLOAT expected=1.25 actual=1.25 valid=1
STRING expected= actual= valid=1
STRING expected=abc actual=abc valid=1
STRING expected=long-string-0123456789-abcdefghijklmnopqrstuvwxyz-ABCDEFGHIJKLMNOPQRSTUVWXYZ actual=long-string-0123456789-abcdefghijklmnopqrstuvwxyz-ABCDEFGHIJKLMNOPQRSTUVWXYZ valid=1
EXACT_VALUES=7 CONSUMER_DELETE_COMPLETED=7 CALLBACK_EXCEPTIONS=0
