55557be0f000-55557be51000 rw-p 00000000 00:00 0                          [heap]
7af000400000-7af00045f000 r--p 00000000 08:01 69147422                   /home/toolchain/development/libcxx_runtime_validation/tmp/API_0911/W1_CONT/dali_core_cxx/libdali2-core.so.2.0.0
7af00045f000-7af0005c2000 r-xp 0005f000 08:01 69147422                   /home/toolchain/development/libcxx_runtime_validation/tmp/API_0911/W1_CONT/dali_core_cxx/libdali2-core.so.2.0.0
7af0005c2000-7af000652000 r--p 001c2000 08:01 69147422                   /home/toolchain/development/libcxx_runtime_validation/tmp/API_0911/W1_CONT/dali_core_cxx/libdali2-core.so.2.0.0
7af000652000-7af000663000 r--p 00251000 08:01 69147422                   /home/toolchain/development/libcxx_runtime_validation/tmp/API_0911/W1_CONT/dali_core_cxx/libdali2-core.so.2.0.0
7af000663000-7af000665000 rw-p 00262000 08:01 69147422                   /home/toolchain/development/libcxx_runtime_validation/tmp/API_0911/W1_CONT/dali_core_cxx/libdali2-core.so.2.0.0
7af000665000-7af000666000 rw-p 00000000 00:00 0 
7af000800000-7af0008a5000 r--p 00000000 08:01 23622988                   /home/toolchain/development/libc++_replacement/tmp/R11/extracted/b8/b8155206a459a575f0f701c66a553cd2029728963fa3938768131e9028e4ee6b/usr/lib64/libstdc++.so.6.0.33
7af0008a5000-7af0009cd000 r-xp 000a5000 08:01 23622988                   /home/toolchain/development/libc++_replacement/tmp/R11/extracted/b8/b8155206a459a575f0f701c66a553cd2029728963fa3938768131e9028e4ee6b/usr/lib64/libstdc++.so.6.0.33
7af0009cd000-7af000a54000 r--p 001cd000 08:01 23622988                   /home/toolchain/development/libc++_replacement/tmp/R11/extracted/b8/b8155206a459a575f0f701c66a553cd2029728963fa3938768131e9028e4ee6b/usr/lib64/libstdc++.so.6.0.33
7af000a54000-7af000a5f000 r--p 00254000 08:01 23622988                   /home/toolchain/development/libc++_replacement/tmp/R11/extracted/b8/b8155206a459a575f0f701c66a553cd2029728963fa3938768131e9028e4ee6b/usr/lib64/libstdc++.so.6.0.33
7af000a5f000-7af000a62000 rw-p 0025f000 08:01 23622988                   /home/toolchain/development/libc++_replacement/tmp/R11/extracted/b8/b8155206a459a575f0f701c66a553cd2029728963fa3938768131e9028e4ee6b/usr/lib64/libstdc++.so.6.0.33
7af000a62000-7af000a66000 rw-p 00000000 00:00 0 
7af000b3c000-7af000b41000 r--p 00000000 08:01 68885108                   /home/toolchain/development/libcxx_runtime_validation/tmp/API_0911/W1_CONT/binder_property_gnu.so
7af000b41000-7af000b58000 r-xp 00005000 08:01 68885108                   /home/toolchain/development/libcxx_runtime_validation/tmp/API_0911/W1_CONT/binder_property_gnu.so
7af000b58000-7af000b5e000 r--p 0001c000 08:01 68885108                   /home/toolchain/development/libcxx_runtime_validation/tmp/API_0911/W1_CONT/binder_property_gnu.so
7af000b5e000-7af000b5f000 r--p 00021000 08:01 68885108                   /home/toolchain/development/libcxx_runtime_validation/tmp/API_0911/W1_CONT/binder_property_gnu.so
7af000b5f000-7af000b60000 rw-p 00022000 08:01 68885108                   /home/toolchain/development/libcxx_runtime_validation/tmp/API_0911/W1_CONT/binder_property_gnu.so
7af000b60000-7af000b70000 r--p 00000000 08:01 23608339                   /home/toolchain/development/libc++_replacement/tmp/R11/extracted/bb/bb95acf2989fecd8ed536d259eb6ce43109882f58a219adcd440fd826537dda7/lib64/libm.so.6
7af000b70000-7af000be6000 r-xp 00010000 08:01 23608339                   /home/toolchain/development/libc++_replacement/tmp/R11/extracted/bb/bb95acf2989fecd8ed536d259eb6ce43109882f58a219adcd440fd826537dda7/lib64/libm.so.6
7af000be6000-7af000c41000 r--p 00086000 08:01 23608339                   /home/toolchain/development/libc++_replacement/tmp/R11/extracted/bb/bb95acf2989fecd8ed536d259eb6ce43109882f58a219adcd440fd826537dda7/lib64/libm.so.6
7af000c41000-7af000c42000 r--p 000e0000 08:01 23608339                   /home/toolchain/development/libc++_replacement/tmp/R11/extracted/bb/bb95acf2989fecd8ed536d259eb6ce43109882f58a219adcd440fd826537dda7/lib64/libm.so.6
7af000c42000-7af000c43000 rw-p 000e1000 08:01 23608339                   /home/toolchain/development/libc++_replacement/tmp/R11/extracted/bb/bb95acf2989fecd8ed536d259eb6ce43109882f58a219adcd440fd826537dda7/lib64/libm.so.6
7af000c43000-7af000c47000 r--p 00000000 08:01 23621385                   /home/toolchain/development/libc++_replacement/tmp/R11/extracted/fe/fe622fb74e245c939c61ea5cca98dcbfc342fa7e12b1de0d8602be19ed35c441/usr/lib64/libgcc_s.so.1
7af000c47000-7af000c6a000 r-xp 00004000 08:01 23621385                   /home/toolchain/development/libc++_replacement/tmp/R11/extracted/fe/fe622fb74e245c939c61ea5cca98dcbfc342fa7e12b1de0d8602be19ed35c441/usr/lib64/libgcc_s.so.1
7af000c6a000-7af000c6e000 r--p 00027000 08:01 23621385                   /home/toolchain/development/libc++_replacement/tmp/R11/extracted/fe/fe622fb74e245c939c61ea5cca98dcbfc342fa7e12b1de0d8602be19ed35c441/usr/lib64/libgcc_s.so.1
7af000c6e000-7af000c6f000 rw-p 0002b000 08:01 23621385                   /home/toolchain/development/libc++_replacement/tmp/R11/extracted/fe/fe622fb74e245c939c61ea5cca98dcbfc342fa7e12b1de0d8602be19ed35c441/usr/lib64/libgcc_s.so.1
7af000c6f000-7af000c70000 r--p 00000000 08:01 23608461                   /home/toolchain/development/libc++_replacement/tmp/R11/extracted/bb/bb95acf2989fecd8ed536d259eb6ce43109882f58a219adcd440fd826537dda7/lib64/libpthread.so.0
7af000c70000-7af000c71000 r-xp 00001000 08:01 23608461                   /home/toolchain/development/libc++_replacement/tmp/R11/extracted/bb/bb95acf2989fecd8ed536d259eb6ce43109882f58a219adcd440fd826537dda7/lib64/libpthread.so.0
7af000c71000-7af000c72000 r--p 00002000 08:01 23608461                   /home/toolchain/development/libc++_replacement/tmp/R11/extracted/bb/bb95acf2989fecd8ed536d259eb6ce43109882f58a219adcd440fd826537dda7/lib64/libpthread.so.0
7af000c72000-7af000c73000 r--p 00002000 08:01 23608461                   /home/toolchain/development/libc++_replacement/tmp/R11/extracted/bb/bb95acf2989fecd8ed536d259eb6ce43109882f58a219adcd440fd826537dda7/lib64/libpthread.so.0
7af000c73000-7af000c74000 rw-p 00003000 08:01 23608461                   /home/toolchain/development/libc++_replacement/tmp/R11/extracted/bb/bb95acf2989fecd8ed536d259eb6ce43109882f58a219adcd440fd826537dda7/lib64/libpthread.so.0
7af000c74000-7af000c85000 r--p 00000000 08:01 72160044                   /home/toolchain/development/libcxx_runtime_validation/tmp/IMPL_0908/build-native/lib/libc++abi.so.1.0
7af000c85000-7af000ca2000 r-xp 00011000 08:01 72160044                   /home/toolchain/development/libcxx_runtime_validation/tmp/IMPL_0908/build-native/lib/libc++abi.so.1.0
7af000ca2000-7af000cac000 r--p 0002e000 08:01 72160044                   /home/toolchain/development/libcxx_runtime_validation/tmp/IMPL_0908/build-native/lib/libc++abi.so.1.0
7af000cac000-7af000cb1000 r--p 00038000 08:01 72160044                   /home/toolchain/development/libcxx_runtime_validation/tmp/IMPL_0908/build-native/lib/libc++abi.so.1.0
7af000cb1000-7af000cb2000 rw-p 0003d000 08:01 72160044                   /home/toolchain/development/libcxx_runtime_validation/tmp/IMPL_0908/build-native/lib/libc++abi.so.1.0
7af000cb2000-7af000cb4000 r--p 00000000 103:01 24643894                  /usr/lib/x86_64-linux-gnu/libatomic.so.1.2.0
7af000cb4000-7af000cb8000 r-xp 00002000 103:01 24643894                  /usr/lib/x86_64-linux-gnu/libatomic.so.1.2.0
7af000cb8000-7af000cba000 r--p 00006000 103:01 24643894                  /usr/lib/x86_64-linux-gnu/libatomic.so.1.2.0
7af000cba000-7af000cbb000 r--p 00007000 103:01 24643894                  /usr/lib/x86_64-linux-gnu/libatomic.so.1.2.0
7af000cbb000-7af000cbc000 rw-p 00008000 103:01 24643894                  /usr/lib/x86_64-linux-gnu/libatomic.so.1.2.0
7af000cbc000-7af000cbd000 rw-p 00000000 00:00 0 
7af000cce000-7af000d0a000 r--p 00000000 08:01 72160099                   /home/toolchain/development/libcxx_runtime_validation/tmp/IMPL_0908/build-native/lib/libc++.so.1.0
7af000d0a000-7af000d84000 r-xp 0003c000 08:01 72160099                   /home/toolchain/development/libcxx_runtime_validation/tmp/IMPL_0908/build-native/lib/libc++.so.1.0
7af000d84000-7af000dc7000 r--p 000b6000 08:01 72160099                   /home/toolchain/development/libcxx_runtime_validation/tmp/IMPL_0908/build-native/lib/libc++.so.1.0
7af000dc7000-7af000dce000 r--p 000f8000 08:01 72160099                   /home/toolchain/development/libcxx_runtime_validation/tmp/IMPL_0908/build-native/lib/libc++.so.1.0
7af000dce000-7af000dcf000 rw-p 000ff000 08:01 72160099                   /home/toolchain/development/libcxx_runtime_validation/tmp/IMPL_0908/build-native/lib/libc++.so.1.0
7af000dcf000-7af000ddd000 rw-p 00000000 00:00 0 
7af000ddd000-7af000e05000 r--p 00000000 08:01 23608330                   /home/toolchain/development/libc++_replacement/tmp/R11/extracted/bb/bb95acf2989fecd8ed536d259eb6ce43109882f58a219adcd440fd826537dda7/lib64/libc.so.6
7af000e05000-7af000f55000 r-xp 00028000 08:01 23608330                   /home/toolchain/development/libc++_replacement/tmp/R11/extracted/bb/bb95acf2989fecd8ed536d259eb6ce43109882f58a219adcd440fd826537dda7/lib64/libc.so.6
7af000f55000-7af000fab000 r--p 00178000 08:01 23608330                   /home/toolchain/development/libc++_replacement/tmp/R11/extracted/bb/bb95acf2989fecd8ed536d259eb6ce43109882f58a219adcd440fd826537dda7/lib64/libc.so.6
7af000fab000-7af000faf000 r--p 001ce000 08:01 23608330                   /home/toolchain/development/libc++_replacement/tmp/R11/extracted/bb/bb95acf2989fecd8ed536d259eb6ce43109882f58a219adcd440fd826537dda7/lib64/libc.so.6
7af000faf000-7af000fb1000 rw-p 001d2000 08:01 23608330                   /home/toolchain/development/libc++_replacement/tmp/R11/extracted/bb/bb95acf2989fecd8ed536d259eb6ce43109882f58a219adcd440fd826537dda7/lib64/libc.so.6
7af000fb1000-7af000fbb000 rw-p 00000000 00:00 0 
7af000fbb000-7af000fbc000 r--p 00000000 08:01 68885107                   /home/toolchain/development/libcxx_runtime_validation/tmp/API_0911/W1_CONT/dali_probe
7af000fbc000-7af000fbd000 r-xp 00001000 08:01 68885107                   /home/toolchain/development/libcxx_runtime_validation/tmp/API_0911/W1_CONT/dali_probe
7af000fbd000-7af000fbe000 r--p 00002000 08:01 68885107                   /home/toolchain/development/libcxx_runtime_validation/tmp/API_0911/W1_CONT/dali_probe
7af000fbe000-7af000fbf000 r--p 00002000 08:01 68885107                   /home/toolchain/development/libcxx_runtime_validation/tmp/API_0911/W1_CONT/dali_probe
7af000fbf000-7af000fc0000 rw-p 00003000 08:01 68885107                   /home/toolchain/development/libcxx_runtime_validation/tmp/API_0911/W1_CONT/dali_probe
7af000fc0000-7af000fc4000 r--p 00000000 00:00 0                          [vvar]
7af000fc4000-7af000fc6000 r--p 00000000 00:00 0                          [vvar_vclock]
7af000fc6000-7af000fc8000 r-xp 00000000 00:00 0                          [vdso]
7af000fc8000-7af000fc9000 r--p 00000000 08:01 23608327                   /home/toolchain/development/libc++_replacement/tmp/R11/extracted/bb/bb95acf2989fecd8ed536d259eb6ce43109882f58a219adcd440fd826537dda7/lib64/ld-linux-x86-64.so.2
7af000fc9000-7af000ff6000 r-xp 00001000 08:01 23608327                   /home/toolchain/development/libc++_replacement/tmp/R11/extracted/bb/bb95acf2989fecd8ed536d259eb6ce43109882f58a219adcd440fd826537dda7/lib64/ld-linux-x86-64.so.2
7af000ff6000-7af001002000 r--p 0002e000 08:01 23608327                   /home/toolchain/development/libc++_replacement/tmp/R11/extracted/bb/bb95acf2989fecd8ed536d259eb6ce43109882f58a219adcd440fd826537dda7/lib64/ld-linux-x86-64.so.2
7af001002000-7af001004000 r--p 0003a000 08:01 23608327                   /home/toolchain/development/libc++_replacement/tmp/R11/extracted/bb/bb95acf2989fecd8ed536d259eb6ce43109882f58a219adcd440fd826537dda7/lib64/ld-linux-x86-64.so.2
7af001004000-7af001006000 rw-p 0003c000 08:01 23608327                   /home/toolchain/development/libc++_replacement/tmp/R11/extracted/bb/bb95acf2989fecd8ed536d259eb6ce43109882f58a219adcd440fd826537dda7/lib64/ld-linux-x86-64.so.2
7ffc652bb000-7ffc652dd000 rw-p 00000000 00:00 0                          [stack]
ffffffffff600000-ffffffffff601000 --xp 00000000 00:00 0                  [vsyscall]
MAP_ASSERT cxx=1 gnu=1 binder=1 core=1
INTEGER expected=0 actual=0 valid=1
INTEGER expected=-123456789 actual=-123456789 valid=1
INTEGER expected=2147483647 actual=2147483647 valid=1
FLOAT expected=1.25 actual=1.25 valid=1
STRING expected= actual= valid=1
STRING expected=abc actual=abc valid=1
STRING expected=long-string-0123456789-abcdefghijklmnopqrstuvwxyz-ABCDEFGHIJKLMNOPQRSTUVWXYZ actual=long-string-0123456789-abcdefghijklmnopqrstuvwxyz-ABCDEFGHIJKLMNOPQRSTUVWXYZ valid=1
EXACT_VALUES=7 CONSUMER_DELETE_COMPLETED=7 CALLBACK_EXCEPTIONS=0
