874afd15f3af1f6b8a1643d3c9c2aa71adf81520217dd2e573376382adbdb49b  /home/toolchain/development/libcxx_runtime_validation/tmp/R115-W3/armv7l/condition_variable.o
b5af12b49ef713869224203ca97274294fe53db05b4601cbf85df71d44a9cb67  /home/toolchain/development/libcxx_runtime_validation/tmp/R115-W3/armv7l/facility.o
be4cd6d66b60e4b29dce934e2cd3a7bd2fa0875a79838a3f8213246112155efd  /home/toolchain/development/libcxx_runtime_validation/tmp/R115-W3/armv7l/future.o
a78a38b8ce1f2aa747120959d634f7882f7418dbcdf098f67c727afa5ef424e0  /home/toolchain/development/libcxx_runtime_validation/tmp/R115-W3/armv7l/mutex.o
41df11d6836891f10eaf8b00cb29f948872c5020e97eebe2f1b054469e7724db  /home/toolchain/development/libcxx_runtime_validation/tmp/R115-W3/armv7l/old_fno.o
fba742cdaca345fe73bcff8090106d6af164661cbcb52ac0b40969f358574bcf  /home/toolchain/development/libcxx_runtime_validation/tmp/R115-W3/armv7l/old_fno_quiet.o
33837b68ce57ac59b52714559b4f913cd2d7cc0d1f923196d240fe96fc47c494  /home/toolchain/development/libcxx_runtime_validation/tmp/R115-W3/armv7l/old_noisy.o
b8970b810749389715559d569af3d07470ee2fae9dc6b0f0999b5f29a1428095  /home/toolchain/development/libcxx_runtime_validation/tmp/R115-W3/armv7l/old_quiet.o
f4acd91804fb812c002caef8ef52372634d1d94926f3048701dc31d9acc6cdc1  /home/toolchain/development/libcxx_runtime_validation/tmp/R115-W3/armv7l/shared_mutex.o
0d49aa37a4d0e1662930ae56a7494fc745afe45aaae15ce7c5863d955340a7c8  /home/toolchain/development/libcxx_runtime_validation/tmp/R115-W3/armv7l/system_error.o
5e9c4b3535b8e13c330b3a4a87ef43cd9964515fbb8df9e4a2792338959e0709  /home/toolchain/development/libcxx_runtime_validation/tmp/R115-W3/armv7l/wait_removed.o
55069b42054173ed1bed0d6bcc3ad0486ef25ea4d1c653c7fffffd515a833601  /home/toolchain/development/libcxx_runtime_validation/tmp/R115-W3/armv7l/wait_retained.o
29045a98e72a98c91de744e739926f00cf02348ee8600b52db6445ee65480d6a  /home/toolchain/development/libcxx_runtime_validation/tmp/R115-W3/armv7l/wait_retained
243ab8d39efb2ea49dc76e4d1352c5c21ec9a641fb70cdbeec1bd22ae560c8b4  /home/toolchain/development/libcxx_runtime_validation/tmp/R115-W3/armv7l/wait_removed
b97b701470efd3f47dad60e47cf127f5feeb7c90f54b52ddcbd71fc7fee80c98  /home/toolchain/development/libcxx_runtime_validation/tmp/R115-W3/armv7l/facility
fbf27c02d4c8399bbc0e59fce6283b64bdb20cc528cd076f66b545fa53a60981  /home/toolchain/development/libcxx_runtime_validation/tmp/R115-W3/armv7l/old_noisy
61943c510e44a2383589e9d716db17b5f11a47a63dee92472105301c2b918354  /home/toolchain/development/libcxx_runtime_validation/tmp/R115-W3/armv7l/old_quiet
bc4c7e39fdd071de9969ae8967de8d4ac1bf3e08ebe4d0e6d47e34a48ab3e935  /home/toolchain/development/libcxx_runtime_validation/tmp/R115-W3/armv7l/old_fno
08ca72f4245a0d326ac2af8d7f70abe9d072bb537b50f6dc31ceb66c3598abfd  /home/toolchain/development/libcxx_runtime_validation/tmp/R115-W3/armv7l/old_fno_quiet
5d4ab2b494879ac2fdbacb31146ca81f09d85d0e003576d897493f458bfdd56b  /home/toolchain/development/libcxx_runtime_validation/tmp/R115-W3/armv7l/libremoved_r115.so
