$ find tmp/R69/experiment -maxdepth 3 -type f -path "*/lit/*" -o -name lit.py -o -name llvm-lit
tmp/R69/experiment/llvm/utils/lit/README.rst
tmp/R69/experiment/llvm/utils/lit/tests/shtest-env-path.py
tmp/R69/experiment/llvm/utils/lit/tests/use-llvm-tool.py
tmp/R69/experiment/llvm/utils/lit/tests/unittest-adaptor.py
tmp/R69/experiment/llvm/utils/lit/tests/googletest-crash.py
tmp/R69/experiment/llvm/utils/lit/tests/time-tests.py
tmp/R69/experiment/llvm/utils/lit/tests/shell-parsing.py
tmp/R69/experiment/llvm/utils/lit/tests/shtest-keyword-parse-errors.py
tmp/R69/experiment/llvm/utils/lit/tests/shtest-cat.py
tmp/R69/experiment/llvm/utils/lit/tests/lit.cfg
tmp/R69/experiment/llvm/utils/lit/tests/parallelism-groups.py
tmp/R69/experiment/llvm/utils/lit/tests/allow-retries.py
tmp/R69/experiment/llvm/utils/lit/tests/shtest-env-negative.py
tmp/R69/experiment/llvm/utils/lit/tests/unique-output-file.py
tmp/R69/experiment/llvm/utils/lit/tests/shtest-umask.py
tmp/R69/experiment/llvm/utils/lit/tests/verbosity.py
tmp/R69/experiment/llvm/utils/lit/tests/shtest-not-posix.py
tmp/R69/experiment/llvm/utils/lit/tests/timeout-hang.py
tmp/R69/experiment/llvm/utils/lit/tests/unparsed-requirements.py
tmp/R69/experiment/llvm/utils/lit/tests/show-used-features.py
tmp/R69/experiment/llvm/utils/lit/tests/xunit-output-report-failures-only.py
tmp/R69/experiment/llvm/utils/lit/tests/shtest-output-printing.py
tmp/R69/experiment/llvm/utils/lit/tests/shtest-ulimit-nondarwin.py
tmp/R69/experiment/llvm/utils/lit/tests/shtest-env-positive.py
tmp/R69/experiment/llvm/utils/lit/tests/filter-failed-delete.py
tmp/R69/experiment/llvm/utils/lit/tests/reorder.py
tmp/R69/experiment/llvm/utils/lit/tests/shtest-inject.py
tmp/R69/experiment/llvm/utils/lit/tests/test-output-resultdb.py
tmp/R69/experiment/llvm/utils/lit/tests/shtest-format-argv0.py
tmp/R69/experiment/llvm/utils/lit/tests/filter-failed-rerun.py
tmp/R69/experiment/llvm/utils/lit/tests/shtest-timeout.py
tmp/R69/experiment/llvm/utils/lit/tests/lit-opts.py
tmp/R69/experiment/llvm/utils/lit/tests/shtest-shell.py
tmp/R69/experiment/llvm/utils/lit/tests/ignore-fail.py
tmp/R69/experiment/llvm/utils/lit/tests/filter-failed.py
tmp/R69/experiment/llvm/utils/lit/tests/selecting.py
tmp/R69/experiment/llvm/utils/lit/tests/googletest-no-sharding.py
tmp/R69/experiment/llvm/utils/lit/tests/substitutions.py
tmp/R69/experiment/llvm/utils/lit/tests/diff-test-update.py
tmp/R69/experiment/llvm/utils/lit/tests/boolean-parsing.py
tmp/R69/experiment/llvm/utils/lit/tests/shtest-shell-symlinks.py
tmp/R69/experiment/llvm/utils/lit/tests/googletest-sanitizer-error.py
tmp/R69/experiment/llvm/utils/lit/tests/googletest-timeout.py
tmp/R69/experiment/llvm/utils/lit/tests/shtest-ulimit.py
tmp/R69/experiment/llvm/utils/lit/tests/show-result-codes.py
tmp/R69/experiment/llvm/utils/lit/tests/shtest-if-else.py
tmp/R69/experiment/llvm/utils/lit/tests/test-data-micro.py
tmp/R69/experiment/llvm/utils/lit/tests/per-test-coverage.py
tmp/R69/experiment/llvm/utils/lit/tests/discovery.py
tmp/R69/experiment/llvm/utils/lit/tests/googletest-detect-duplicate.py
tmp/R69/experiment/llvm/utils/lit/tests/test-output.py
tmp/R69/experiment/llvm/utils/lit/tests/max-failures.py
tmp/R69/experiment/llvm/utils/lit/tests/max-time.py
tmp/R69/experiment/llvm/utils/lit/tests/googletest-prefix.py
tmp/R69/experiment/llvm/utils/lit/tests/print-relative-path.py
tmp/R69/experiment/llvm/utils/lit/tests/shtest-define.py
tmp/R69/experiment/llvm/utils/lit/tests/googletest-format.py
tmp/R69/experiment/llvm/utils/lit/tests/shtest-readfile.py
tmp/R69/experiment/llvm/utils/lit/tests/shtest-encoding.py
tmp/R69/experiment/llvm/utils/lit/tests/googletest-format-respect-gtest-sharding-env-vars.py
tmp/R69/experiment/llvm/utils/lit/tests/googletest-discovery-failed.py
tmp/R69/experiment/llvm/utils/lit/tests/lit.site.cfg.in
tmp/R69/experiment/llvm/utils/lit/tests/.coveragerc
tmp/R69/experiment/llvm/utils/lit/tests/windows-pools.py
tmp/R69/experiment/llvm/utils/lit/tests/test-output-micro-resultdb.py
tmp/R69/experiment/llvm/utils/lit/tests/per-test-coverage-by-lit-cfg.py
tmp/R69/experiment/llvm/utils/lit/tests/shtest-glob.py
tmp/R69/experiment/llvm/utils/lit/tests/shtest-readfile-external.py
tmp/R69/experiment/llvm/utils/lit/tests/check-tested-lit-timeout-ability
tmp/R69/experiment/llvm/utils/lit/tests/pass-test-update.py
tmp/R69/experiment/llvm/utils/lit/tests/xunit-output.py
tmp/R69/experiment/llvm/utils/lit/tests/shtest-external-shell-kill.py
tmp/R69/experiment/llvm/utils/lit/tests/escape-color.py
tmp/R69/experiment/llvm/utils/lit/tests/shtest-export.py
tmp/R69/experiment/llvm/utils/lit/tests/test-data.py
tmp/R69/experiment/llvm/utils/lit/tests/lld-features.py
tmp/R69/experiment/llvm/utils/lit/tests/xfail-cl.py
tmp/R69/experiment/llvm/utils/lit/tests/shtest-pushd-popd.py
tmp/R69/experiment/llvm/utils/lit/tests/usage.py
tmp/R69/experiment/llvm/utils/lit/tests/shtest-run-at-line.py
tmp/R69/experiment/llvm/utils/lit/tests/shtest-not.py
tmp/R69/experiment/llvm/utils/lit/tests/test-output-micro.py
tmp/R69/experiment/llvm/utils/lit/tests/shtest-recursive-substitution.py
tmp/R69/experiment/llvm/utils/lit/tests/shtest-format.py
tmp/R69/experiment/llvm/utils/lit/tests/googletest-cmd-wrapper.py
tmp/R69/experiment/llvm/utils/lit/tests/custom-result-category.py
tmp/R69/experiment/llvm/utils/lit/tests/progress-bar.py
tmp/R69/experiment/llvm/utils/lit/utils/README.txt
tmp/R69/experiment/llvm/utils/lit/utils/check-coverage
tmp/R69/experiment/llvm/utils/lit/utils/check-sdist
tmp/R69/experiment/llvm/utils/lit/pyproject.toml
tmp/R69/experiment/llvm/utils/lit/lit/cl_arguments.py
tmp/R69/experiment/llvm/utils/lit/lit/__init__.py
tmp/R69/experiment/llvm/utils/lit/lit/LitTestCase.py
tmp/R69/experiment/llvm/utils/lit/lit/TestingConfig.py
tmp/R69/experiment/llvm/utils/lit/lit/ShUtil.py
tmp/R69/experiment/llvm/utils/lit/lit/worker.py
tmp/R69/experiment/llvm/utils/lit/lit/discovery.py
tmp/R69/experiment/llvm/utils/lit/lit/main.py
tmp/R69/experiment/llvm/utils/lit/lit/LitConfig.py
tmp/R69/experiment/llvm/utils/lit/lit/util.py
tmp/R69/experiment/llvm/utils/lit/lit/ShCommands.py
tmp/R69/experiment/llvm/utils/lit/lit/TestTimes.py
tmp/R69/experiment/llvm/utils/lit/lit/display.py
tmp/R69/experiment/llvm/utils/lit/lit/BooleanExpression.py
tmp/R69/experiment/llvm/utils/lit/lit/ProgressBar.py
tmp/R69/experiment/llvm/utils/lit/lit/reports.py
tmp/R69/experiment/llvm/utils/lit/lit/TestRunner.py
tmp/R69/experiment/llvm/utils/lit/lit/DiffUpdater.py
tmp/R69/experiment/llvm/utils/lit/lit/Test.py
tmp/R69/experiment/llvm/utils/lit/lit/run.py
tmp/R69/experiment/llvm/utils/lit/MANIFEST.in
tmp/R69/experiment/llvm/utils/lit/CMakeLists.txt
tmp/R69/experiment/llvm/utils/lit/lit.py
tmp/R69/experiment/llvm/utils/lit/examples/README.txt
tmp/R69/experiment/llvm/utils/lit/setup.py
tmp/R69/experiment/llvm/utils/lit/LICENSE.TXT
tmp/R69/experiment/llvm/utils/llvm-lit
tmp/R69/experiment/llvm/test/tools/llvm-lit
exit_code=0
$ find . -type f -path "*/llvm/utils/lit/lit.py" -o -path "*/utils/lit/lit.py"
Terminated
exit_code=143
$ git -C tmp/R69/patchset status --porcelain=v1
exit_code=0
$ git -C tmp/R69/patchset log --oneline -8
c587ff282185 libcxx: preserve forced unwind in library-delivered handlers
8d35b2910201 libcxx: preserve forced unwind in consumer-instantiated handlers
27b2c53efeba libc++abi: expose GNU forced-unwind marker type
9a5500522dce libc++abi: preserve foreign forced-unwind state
5ed6c77278df packaging: add libc++ runtimes spec
3d3e3da49e00 libcxxabi: declare __gnu_unwind_frame in cxa_personality (#189787)
fd7a4929c0e4 Merge MLGO AOT compilation support and optimization improvements
9ad40bd946a7 clang: add support for LLVM gold plugin in case of accelerated environment
exit_code=0
$ sed -n 1,280p progress/R60/tools/configure_runtimes.sh
#!/usr/bin/env bash
set -euo pipefail

workspace=/home/toolchain/development/libc++_replacement
arch=${1:?architecture required}
source_dir=${2:?source directory required}
build_dir=${3:?build directory required}

common=(
  -G Ninja -S "$source_dir/runtimes" -B "$build_dir"
  -DCMAKE_BUILD_TYPE=RelWithDebInfo
  '-DLLVM_ENABLE_RUNTIMES=libcxx;libcxxabi'
  -DLLVM_INCLUDE_TESTS=OFF
  -DLIBCXX_ENABLE_STATIC=OFF
  -DLIBCXX_INSTALL_STATIC_LIBRARY=OFF
  -DLIBCXX_INCLUDE_TESTS=OFF
  -DLIBCXX_INCLUDE_BENCHMARKS=OFF
  -DLIBCXX_ENABLE_SHARED=ON
  -DLIBCXX_INSTALL_SHARED_LIBRARY=ON
  -DLIBCXXABI_ENABLE_SHARED=ON
  -DLIBCXXABI_ENABLE_STATIC=OFF
  -DLIBCXXABI_INSTALL_SHARED_LIBRARY=ON
  -DLIBCXXABI_INSTALL_STATIC_LIBRARY=OFF
  -DLIBCXXABI_USE_COMPILER_RT=OFF
  -DLIBCXXABI_USE_LLVM_UNWINDER=OFF
  -DLIBCXXABI_ENABLE_STATIC_UNWINDER=OFF
  -DLIBCXXABI_STATICALLY_LINK_UNWINDER_IN_SHARED_LIBRARY=OFF
  -DLIBCXXABI_STATICALLY_LINK_UNWINDER_IN_STATIC_LIBRARY=OFF
  -DLIBCXXABI_ENABLE_NEW_DELETE_DEFINITIONS=ON
  -DLIBCXXABI_INCLUDE_TESTS=OFF
)

case "$arch" in
  x86_64)
    cc="$workspace/progress/R33/tools/tizen-clang"
    cxx="$workspace/progress/R33/tools/tizen-clang++"
    target=x86_64-tizen-linux-gnu
    arch_flags='--rtlib=libgcc'
    extra=()
    ;;
  armv7l)
    cc="$workspace/progress/R36/tools/armv7l-clang"
    cxx="$workspace/progress/R36/tools/armv7l-clang++"
    target=armv7l-tizen-linux-gnueabi
    arch_flags='--rtlib=libgcc -march=armv7-a -mfpu=neon -mfloat-abi=softfp -mthumb'
    extra=(-DCMAKE_SYSTEM_NAME=Linux -DCMAKE_SYSTEM_PROCESSOR=armv7l -DCMAKE_TRY_COMPILE_TARGET_TYPE=STATIC_LIBRARY)
    ;;
  *) printf 'ERROR: unsupported architecture: %s\n' "$arch" >&2; exit 2 ;;
esac

cmd=(env CMAKE_BUILD_PARALLEL_LEVEL=2 LLVM_PARALLEL_LINK_JOBS=1
  nice -n 15 ionice -c 3 cmake "${common[@]}" "${extra[@]}"
  -DCMAKE_C_COMPILER="$cc" -DCMAKE_CXX_COMPILER="$cxx" -DCMAKE_ASM_COMPILER="$cc"
  -DCMAKE_C_COMPILER_TARGET="$target" -DCMAKE_CXX_COMPILER_TARGET="$target"
  -DCMAKE_ASM_COMPILER_TARGET="$target" -DLLVM_DEFAULT_TARGET_TRIPLE="$target"
  -DCMAKE_C_FLAGS="$arch_flags" -DCMAKE_CXX_FLAGS="$arch_flags"
  -DCMAKE_SHARED_LINKER_FLAGS=--rtlib=libgcc -DCMAKE_EXE_LINKER_FLAGS=--rtlib=libgcc)
printf 'CONFIGURE_COMMAND='; printf '%q ' "${cmd[@]}"; printf '\n'
"${cmd[@]}"
rc=$?
printf 'CONFIGURE_EXIT_CODE=%d\n' "$rc"
exit "$rc"
exit_code=0
$ rg -n "verify-apply|patchset|baseline|build-x86|build-arm|four|四" docs/progress/R69/REPORT.md
7:N1、N2 均已修复，四补丁已按 20/30 分批从干净基线重建；实验树、补丁生成树、干净重放树的 9 个变更文件逐文件 SHA256 与 `cmp` 完全一致。新增的版本差异门禁对 R58 上一版整体复验树与本次重放树给出 14 个差异 hunk，14/14 均有书面出处；分批语义审计通过。
81:四个产物均无 R40/R41/R42/R45 诊断字符串。构建无 error、无指向 9 个被改文件的 warning；仅有既有驱动选项未使用 warning。
103:宿主 `LD_DEBUG=libs` 明确加载 `tmp/R69/build-x86_64/lib/libc++.so.1` 与 `libc++abi.so.1`；默认 `ldd` 无 `LD_LIBRARY_PATH` 时显示 not found，未把它用作运行身份结论。
exit_code=0 meaning=1_no_match
wrapper_exit_code=0
