   500	  template <class>
   501	  friend class promise;
   502	
   503	public:
   504	#    if _LIBCPP_STD_VER >= 17
   505	  _LIBCPP_HIDE_FROM_ABI explicit future_error(future_errc __ec) : future_error(std::make_error_code(__ec)) {}
   506	#    endif
   507	
   508	  [[__nodiscard__]] _LIBCPP_HIDE_FROM_ABI const error_code& code() const _NOEXCEPT { return __ec_; }
   509	
   510	  _LIBCPP_HIDE_FROM_ABI future_error(const future_error&) _NOEXCEPT = default;
   511	  ~future_error() _NOEXCEPT override;
   512	};
   513	
   514	// Declared above std::future_error
   515	void __throw_future_error(future_errc __ev) {
   516	#    if _LIBCPP_HAS_EXCEPTIONS
   517	  throw future_error(make_error_code(__ev));
   518	#    else
   519	  (void)__ev;
   520	  _LIBCPP_VERBOSE_ABORT("future_error was thrown in -fno-exceptions mode");
   521	#    endif
   522	}
   523	
   524	class _LIBCPP_EXPORTED_FROM_ABI __assoc_sub_state : public __shared_count {
   525	protected:
   526	  enum class __forced_unwind_action { __restore_deferred, __complete_with_error };
   527	
   528	  exception_ptr __exception_;
   529	  mutable mutex __mut_;
   530	  mutable condition_variable __cv_;
   531	  unsigned __state_;
   532	
   533	  void __on_zero_shared() _NOEXCEPT override;
   534	  void __sub_wait(unique_lock<mutex>& __lk);
   535	
   536	  _LIBCPP_HIDE_FROM_ABI void
   537	  __handle_forced_unwind(__forced_unwind_action __action, exception_ptr __error = exception_ptr()) _NOEXCEPT {
   538	#    if _LIBCPP_HAS_EXCEPTIONS
   539	    try {
   540	#    endif // _LIBCPP_HAS_EXCEPTIONS
   541	      unique_lock<mutex> __lk(__mut_);
   542	      if (__action == __forced_unwind_action::__restore_deferred) {
   543	        if (!(__state_ & ready) && !__has_value())
   544	          __state_ |= deferred;
   545	      } else if (!(__state_ & ready) && !__has_value()) {
   546	        __exception_ = std::move(__error);
   547	        __state_ |= ready;
   548	      }
   549	      __cv_.notify_all();
   550	#    if _LIBCPP_HAS_EXCEPTIONS
   551	    } catch (...) {
   552	    }
   553	#    endif // _LIBCPP_HAS_EXCEPTIONS
   554	  }
   555	
   556	public:
   557	  enum { __constructed = 1, __future_attached = 2, ready = 4, deferred = 8 };
   558	
   559	  _LIBCPP_HIDE_FROM_ABI __assoc_sub_state() : __state_(0) {}
   560	
   561	  _LIBCPP_HIDE_FROM_ABI bool __has_value() const { return (__state_ & __constructed) || (__exception_ != nullptr); }
   562	
   563	  _LIBCPP_HIDE_FROM_ABI void __attach_future() {
   564	    lock_guard<mutex> __lk(__mut_);
   565	    bool __has_future_attached = (__state_ & __future_attached) != 0;
   566	    if (__has_future_attached)
   567	      std::__throw_future_error(future_errc::future_already_retrieved);
   568	    this->__add_shared();
   569	    __state_ |= __future_attached;
   570	  }
   571	
   572	  _LIBCPP_HIDE_FROM_ABI void __set_deferred() { __state_ |= deferred; }
   573	
   574	  void __make_ready();
   575	  _LIBCPP_HIDE_FROM_ABI bool __is_ready() const { return (__state_ & ready) != 0; }
   576	
   577	  void set_value();
   578	  void set_value_at_thread_exit();
   579	
   580	  void set_exception(exception_ptr __p);
   581	  void set_exception_at_thread_exit(exception_ptr __p);
   582	
   583	  void copy();
   584	
   585	  void wait();
   586	  template <class _Rep, class _Period>
   587	  future_status _LIBCPP_HIDE_FROM_ABI wait_for(const chrono::duration<_Rep, _Period>& __rel_time) const;
   588	  template <class _Clock, class _Duration>
   589	  _LIBCPP_HIDE_FROM_ABI future_status wait_until(const chrono::time_point<_Clock, _Duration>& __abs_time) const {
   590	    unique_lock<mutex> __lk(__mut_);
   591	    if (__state_ & deferred)
   592	      return future_status::deferred;
   593	    while (!(__state_ & ready) && _Clock::now() < __abs_time)
   594	      __cv_.wait_until(__lk, __abs_time);
   595	    if (__state_ & ready)
   596	      return future_status::ready;
   597	    return future_status::timeout;
   598	  }
   599	
   600	  virtual void __execute();
   601	};
   602	
   603	template <class _Rep, class _Period>
   604	inline future_status __assoc_sub_state::wait_for(const chrono::duration<_Rep, _Period>& __rel_time) const {
   605	  return wait_until(chrono::steady_clock::now() + __rel_time);
   606	}
   607	
   608	template <class _Rp>
   609	class _LIBCPP_HIDDEN __assoc_state : public __assoc_sub_state {
   610	  typedef __assoc_sub_state base;
   611	
   612	protected:
   613	  _ALIGNAS_TYPE(_Rp) char __value_[sizeof(_Rp)];
   614	
   615	  _LIBCPP_HIDE_FROM_ABI_VIRTUAL void __on_zero_shared() _NOEXCEPT override;
   616	
   617	public:
   618	  template <class _Arg>
   619	  _LIBCPP_HIDE_FROM_ABI void set_value(_Arg&& __arg);
   620	
   621	  template <class _Arg>
   622	  _LIBCPP_HIDE_FROM_ABI void set_value_at_thread_exit(_Arg&& __arg);
   623	
   624	  _LIBCPP_HIDE_FROM_ABI _Rp move();
   625	  _LIBCPP_HIDE_FROM_ABI _Rp& copy();
   626	};
   627	
   628	template <class _Rp>
   629	void __assoc_state<_Rp>::__on_zero_shared() _NOEXCEPT {
   630	  if (this->__state_ & base::__constructed)
   631	    reinterpret_cast<_Rp*>(std::addressof(__value_))->~_Rp();
   632	  delete this;
   633	}
   634	
   635	template <class _Rp>
   636	template <class _Arg>
   637	void __assoc_state<_Rp>::set_value(_Arg&& __arg) {
   638	  unique_lock<mutex> __lk(this->__mut_);
   639	  if (this->__has_value())
   640	    std::__throw_future_error(future_errc::promise_already_satisfied);
   641	  ::new ((void*)std::addressof(__value_)) _Rp(std::forward<_Arg>(__arg));
   642	  this->__state_ |= base::__constructed | base::ready;
   643	  __cv_.notify_all();
   644	}
   645	
   646	template <class _Rp>
   647	template <class _Arg>
   648	void __assoc_state<_Rp>::set_value_at_thread_exit(_Arg&& __arg) {
   649	  unique_lock<mutex> __lk(this->__mut_);
   650	  if (this->__has_value())
   651	    std::__throw_future_error(future_errc::promise_already_satisfied);
   652	  ::new ((void*)std::addressof(__value_)) _Rp(std::forward<_Arg>(__arg));
   653	  this->__state_ |= base::__constructed;
   654	  __thread_local_data()->__make_ready_at_thread_exit(this);
   655	}
   656	
   657	template <class _Rp>
   658	_Rp __assoc_state<_Rp>::move() {
   659	  unique_lock<mutex> __lk(this->__mut_);
   660	  this->__sub_wait(__lk);
   661	  if (this->__exception_ != nullptr)
   662	    std::rethrow_exception(this->__exception_);
   663	  return std::move(*reinterpret_cast<_Rp*>(std::addressof(__value_)));
   664	}
   665	
   666	template <class _Rp>
   667	_Rp& __assoc_state<_Rp>::copy() {
   668	  unique_lock<mutex> __lk(this->__mut_);
   669	  this->__sub_wait(__lk);
   670	  if (this->__exception_ != nullptr)
   671	    std::rethrow_exception(this->__exception_);
   672	  return *reinterpret_cast<_Rp*>(std::addressof(__value_));
   673	}
   674	
   675	template <class _Rp>
   676	class __assoc_state<_Rp&> : public __assoc_sub_state {
   677	  typedef __assoc_sub_state base;
   678	  typedef _Rp* _Up;
   679	
   680	protected:
   681	  _Up __value_;
   682	
   683	  _LIBCPP_HIDE_FROM_ABI_VIRTUAL void __on_zero_shared() _NOEXCEPT override;
   684	
   685	public:
   686	  _LIBCPP_HIDE_FROM_ABI void set_value(_Rp& __arg);
   687	  _LIBCPP_HIDE_FROM_ABI void set_value_at_thread_exit(_Rp& __arg);
   688	
   689	  _LIBCPP_HIDE_FROM_ABI _Rp& copy();
   690	};
   691	
   692	template <class _Rp>
   693	void __assoc_state<_Rp&>::__on_zero_shared() _NOEXCEPT {
   694	  delete this;
   695	}
   696	
   697	template <class _Rp>
   698	void __assoc_state<_Rp&>::set_value(_Rp& __arg) {
   699	  unique_lock<mutex> __lk(this->__mut_);
   700	  if (this->__has_value())
   701	    std::__throw_future_error(future_errc::promise_already_satisfied);
   702	  __value_ = std::addressof(__arg);
   703	  this->__state_ |= base::__constructed | base::ready;
   704	  __cv_.notify_all();
   705	}
   706	
   707	template <class _Rp>
   708	void __assoc_state<_Rp&>::set_value_at_thread_exit(_Rp& __arg) {
   709	  unique_lock<mutex> __lk(this->__mut_);
   710	  if (this->__has_value())
   711	    std::__throw_future_error(future_errc::promise_already_satisfied);
   712	  __value_ = std::addressof(__arg);
   713	  this->__state_ |= base::__constructed;
   714	  __thread_local_data()->__make_ready_at_thread_exit(this);
   715	}
   716	
   717	template <class _Rp>
   718	_Rp& __assoc_state<_Rp&>::copy() {
   719	  unique_lock<mutex> __lk(this->__mut_);
   720	  this->__sub_wait(__lk);
   721	  if (this->__exception_ != nullptr)
   722	    std::rethrow_exception(this->__exception_);
   723	  return *__value_;
   724	}
   725	
   726	template <class _Rp, class _Alloc>
   727	class __assoc_state_alloc : public __assoc_state<_Rp> {
   728	  typedef __assoc_state<_Rp> base;
   729	  _Alloc __alloc_;
   730	
   731	  _LIBCPP_HIDE_FROM_ABI_VIRTUAL virtual void __on_zero_shared() _NOEXCEPT;
   732	
   733	public:
   734	  _LIBCPP_HIDE_FROM_ABI explicit __assoc_state_alloc(const _Alloc& __a) : __alloc_(__a) {}
   735	};
   736	
   737	template <class _Rp, class _Alloc>
   738	void __assoc_state_alloc<_Rp, _Alloc>::__on_zero_shared() _NOEXCEPT {
   739	  if (this->__state_ & base::__constructed)
   740	    reinterpret_cast<_Rp*>(std::addressof(this->__value_))->~_Rp();
   741	  typedef typename __allocator_traits_rebind<_Alloc, __assoc_state_alloc>::type _Al;
   742	  typedef allocator_traits<_Al> _ATraits;
   743	  typedef pointer_traits<typename _ATraits::pointer> _PTraits;
   744	  _Al __a(__alloc_);
   745	  this->~__assoc_state_alloc();
   746	  __a.deallocate(_PTraits::pointer_to(*this), 1);
   747	}
   748	
   749	template <class _Rp, class _Alloc>
   750	class __assoc_state_alloc<_Rp&, _Alloc> : public __assoc_state<_Rp&> {
   751	  typedef __assoc_state<_Rp&> base;
   752	  _Alloc __alloc_;
   753	
   754	  _LIBCPP_HIDE_FROM_ABI_VIRTUAL virtual void __on_zero_shared() _NOEXCEPT;
   755	
   756	public:
   757	  _LIBCPP_HIDE_FROM_ABI explicit __assoc_state_alloc(const _Alloc& __a) : __alloc_(__a) {}
   758	};
   759	
   760	template <class _Rp, class _Alloc>
   761	void __assoc_state_alloc<_Rp&, _Alloc>::__on_zero_shared() _NOEXCEPT {
   762	  typedef typename __allocator_traits_rebind<_Alloc, __assoc_state_alloc>::type _Al;
   763	  typedef allocator_traits<_Al> _ATraits;
   764	  typedef pointer_traits<typename _ATraits::pointer> _PTraits;
   765	  _Al __a(__alloc_);
   766	  this->~__assoc_state_alloc();
   767	  __a.deallocate(_PTraits::pointer_to(*this), 1);
   768	}
   769	
   770	template <class _Alloc>
   771	class __assoc_sub_state_alloc : public __assoc_sub_state {
   772	  typedef __assoc_sub_state base;
   773	  _Alloc __alloc_;
   774	
   775	  _LIBCPP_HIDE_FROM_ABI_VIRTUAL void __on_zero_shared() _NOEXCEPT override;
   776	
   777	public:
   778	  _LIBCPP_HIDE_FROM_ABI explicit __assoc_sub_state_alloc(const _Alloc& __a) : __alloc_(__a) {}
   779	};
   780	
   781	template <class _Alloc>
   782	void __assoc_sub_state_alloc<_Alloc>::__on_zero_shared() _NOEXCEPT {
   783	  typedef typename __allocator_traits_rebind<_Alloc, __assoc_sub_state_alloc>::type _Al;
   784	  typedef allocator_traits<_Al> _ATraits;
   785	  typedef pointer_traits<typename _ATraits::pointer> _PTraits;
   786	  _Al __a(__alloc_);
   787	  this->~__assoc_sub_state_alloc();
   788	  __a.deallocate(_PTraits::pointer_to(*this), 1);
   789	}
   790	
   791	template <class _Rp, class _Fp>
   792	class __deferred_assoc_state : public __assoc_state<_Rp> {
   793	  typedef __assoc_state<_Rp> base;
   794	
   795	  _Fp __func_;
   796	
   797	public:
   798	  _LIBCPP_HIDE_FROM_ABI explicit __deferred_assoc_state(_Fp&& __f);
   799	
   800	  _LIBCPP_HIDE_FROM_ABI_VIRTUAL virtual void __execute();
   801	};
   802	
   803	template <class _Rp, class _Fp>
   804	inline __deferred_assoc_state<_Rp, _Fp>::__deferred_assoc_state(_Fp&& __f) : __func_(std::forward<_Fp>(__f)) {
   805	  this->__set_deferred();
   806	}
   807	
   808	template <class _Rp, class _Fp>
   809	void __deferred_assoc_state<_Rp, _Fp>::__execute() {
   810	#    if _LIBCPP_HAS_EXCEPTIONS
   811	  try {
   812	#    endif // _LIBCPP_HAS_EXCEPTIONS
   813	    this->set_value(__func_());
   814	#    if _LIBCPP_HAS_EXCEPTIONS
   815	  } catch (const __cxxabiv1::__forced_unwind&) {
   816	    this->__handle_forced_unwind(base::__forced_unwind_action::__restore_deferred);
   817	    throw;
   818	  } catch (...) {
   819	    this->set_exception(current_exception());
   820	  }
   821	#    endif // _LIBCPP_HAS_EXCEPTIONS
   822	}
   823	
   824	template <class _Fp>
   825	class __deferred_assoc_state<void, _Fp> : public __assoc_sub_state {
   826	  typedef __assoc_sub_state base;
   827	
   828	  _Fp __func_;
   829	
   830	public:
   831	  _LIBCPP_HIDE_FROM_ABI explicit __deferred_assoc_state(_Fp&& __f);
   832	
   833	  _LIBCPP_HIDE_FROM_ABI_VIRTUAL void __execute() override;
   834	};
   835	
   836	template <class _Fp>
   837	inline __deferred_assoc_state<void, _Fp>::__deferred_assoc_state(_Fp&& __f) : __func_(std::forward<_Fp>(__f)) {
   838	  this->__set_deferred();
   839	}
   840	
   841	template <class _Fp>
   842	void __deferred_assoc_state<void, _Fp>::__execute() {
   843	#    if _LIBCPP_HAS_EXCEPTIONS
   844	  try {
   845	#    endif // _LIBCPP_HAS_EXCEPTIONS
   846	    __func_();
   847	    this->set_value();
   848	#    if _LIBCPP_HAS_EXCEPTIONS
   849	  } catch (const __cxxabiv1::__forced_unwind&) {
   850	    this->__handle_forced_unwind(base::__forced_unwind_action::__restore_deferred);
   851	    throw;
   852	  } catch (...) {
   853	    this->set_exception(current_exception());
   854	  }
   855	#    endif // _LIBCPP_HAS_EXCEPTIONS
   856	}
   857	
   858	template <class _Rp, class _Fp>
   859	class __async_assoc_state : public __assoc_state<_Rp> {
   860	  typedef __assoc_state<_Rp> base;
   861	
   862	  _Fp __func_;
   863	
   864	  _LIBCPP_HIDE_FROM_ABI_VIRTUAL virtual void __on_zero_shared() _NOEXCEPT;
   865	
   866	public:
   867	  _LIBCPP_HIDE_FROM_ABI explicit __async_assoc_state(_Fp&& __f);
   868	
   869	  _LIBCPP_HIDE_FROM_ABI_VIRTUAL virtual void __execute();
   870	};
   871	
   872	template <class _Rp, class _Fp>
   873	inline __async_assoc_state<_Rp, _Fp>::__async_assoc_state(_Fp&& __f) : __func_(std::forward<_Fp>(__f)) {}
   874	
   875	template <class _Rp, class _Fp>
   876	void __async_assoc_state<_Rp, _Fp>::__execute() {
   877	#    if _LIBCPP_HAS_EXCEPTIONS
   878	  try {
   879	#    endif // _LIBCPP_HAS_EXCEPTIONS
   880	    this->set_value(__func_());
   881	#    if _LIBCPP_HAS_EXCEPTIONS
   882	  } catch (const __cxxabiv1::__forced_unwind&) {
   883	    exception_ptr __error;
   884	    try {
   885	      std::__throw_future_error(future_errc::broken_promise);
   886	    } catch (...) {
   887	      __error = current_exception();
   888	    }
   889	    this->__handle_forced_unwind(base::__forced_unwind_action::__complete_with_error, std::move(__error));
   890	    throw;
   891	  } catch (...) {
   892	    this->set_exception(current_exception());
   893	  }
   894	#    endif // _LIBCPP_HAS_EXCEPTIONS
   895	}
   896	
   897	template <class _Rp, class _Fp>
   898	void __async_assoc_state<_Rp, _Fp>::__on_zero_shared() _NOEXCEPT {
   899	  this->wait();
   900	  base::__on_zero_shared();
   901	}
   902	
   903	template <class _Fp>
   904	class __async_assoc_state<void, _Fp> : public __assoc_sub_state {
   905	  typedef __assoc_sub_state base;
   906	
   907	  _Fp __func_;
   908	
   909	  _LIBCPP_HIDE_FROM_ABI_VIRTUAL void __on_zero_shared() _NOEXCEPT override;
   910	
   911	public:
   912	  _LIBCPP_HIDE_FROM_ABI explicit __async_assoc_state(_Fp&& __f);
   913	
   914	  _LIBCPP_HIDE_FROM_ABI_VIRTUAL void __execute() override;
   915	};
   916	
   917	template <class _Fp>
   918	inline __async_assoc_state<void, _Fp>::__async_assoc_state(_Fp&& __f) : __func_(std::forward<_Fp>(__f)) {}
   919	
   920	template <class _Fp>
   921	void __async_assoc_state<void, _Fp>::__execute() {
   922	#    if _LIBCPP_HAS_EXCEPTIONS
   923	  try {
   924	#    endif // _LIBCPP_HAS_EXCEPTIONS
   925	    __func_();
   926	    this->set_value();
   927	#    if _LIBCPP_HAS_EXCEPTIONS
   928	  } catch (const __cxxabiv1::__forced_unwind&) {
   929	    exception_ptr __error;
   930	    try {
    35	  case future_errc::promise_already_satisfied:
    36	    return string("The state of the promise has already been set.");
    37	  case future_errc::no_state:
    38	    return string("Operation not permitted on an object without "
    39	                  "an associated state.");
    40	  }
    41	  return string("unspecified future_errc value\n");
    42	}
    43	
    44	_LIBCPP_DIAGNOSTIC_POP
    45	
    46	const error_category& future_category() noexcept {
    47	  union AvoidDestroyingFutureCategory {
    48	    __future_error_category future_error_category;
    49	    constexpr explicit AvoidDestroyingFutureCategory() : future_error_category() {}
    50	    ~AvoidDestroyingFutureCategory() {}
    51	  };
    52	  constinit static AvoidDestroyingFutureCategory helper;
    53	  return helper.future_error_category;
    54	}
    55	
    56	future_error::future_error(error_code __ec) : logic_error(__ec.message()), __ec_(__ec) {}
    57	
    58	future_error::~future_error() noexcept {}
    59	
    60	void __assoc_sub_state::__on_zero_shared() noexcept { delete this; }
    61	
    62	void __assoc_sub_state::set_value() {
    63	  unique_lock<mutex> __lk(__mut_);
    64	  if (__has_value())
    65	    std::__throw_future_error(future_errc::promise_already_satisfied);
    66	  __state_ |= __constructed | ready;
    67	  __cv_.notify_all();
    68	}
    69	
    70	void __assoc_sub_state::set_value_at_thread_exit() {
    71	  unique_lock<mutex> __lk(__mut_);
    72	  if (__has_value())
    73	    std::__throw_future_error(future_errc::promise_already_satisfied);
    74	  __state_ |= __constructed;
    75	  __thread_local_data()->__make_ready_at_thread_exit(this);
    76	}
    77	
    78	void __assoc_sub_state::set_exception(exception_ptr __p) {
    79	  unique_lock<mutex> __lk(__mut_);
    80	  if (__has_value())
    81	    std::__throw_future_error(future_errc::promise_already_satisfied);
    82	  __exception_ = __p;
    83	  __state_ |= ready;
    84	  __cv_.notify_all();
    85	}
    86	
    87	void __assoc_sub_state::set_exception_at_thread_exit(exception_ptr __p) {
    88	  unique_lock<mutex> __lk(__mut_);
    89	  if (__has_value())
    90	    std::__throw_future_error(future_errc::promise_already_satisfied);
    91	  __exception_ = __p;
    92	  __thread_local_data()->__make_ready_at_thread_exit(this);
    93	}
    94	
    95	void __assoc_sub_state::__make_ready() {
    96	  unique_lock<mutex> __lk(__mut_);
    97	  __state_ |= ready;
    98	  __cv_.notify_all();
    99	}
   100	
   101	void __assoc_sub_state::copy() {
   102	  unique_lock<mutex> __lk(__mut_);
   103	  __sub_wait(__lk);
   104	  if (__exception_ != nullptr)
   105	    rethrow_exception(__exception_);
#!/usr/bin/env bash
set -euo pipefail

workspace=/home/toolchain/development/libc++_replacement
arch=${1:?architecture required}
out="$workspace/tmp/R60/probes/$arch"
raw="$workspace/progress/R60/raw/build/probes_$arch"
mkdir -p "$out" "$raw"

if [[ $arch == x86_64 ]]; then
  cxx="$workspace/progress/R33/tools/tizen-clang++"
  sysroot="$workspace/tmp/GBS-ROOT/LIBCXX-2218-x86_64-20260806-c2/local/BUILD-ROOTS/scratch.x86_64.0"
elif [[ $arch == armv7l ]]; then
  cxx="$workspace/progress/R36/tools/armv7l-clang++"
  sysroot="$workspace/tmp/GBS-ROOT/LIBCXX-2218-armv7l-20260806-c2/local/BUILD-ROOTS/scratch.armv7l.0"
else
  printf 'unsupported architecture: %s\n' "$arch" >&2
  exit 2
fi

baseline="$sysroot/home/abuild/rpmbuild/BUILD/llvm-22.1.8/build"
headers="$workspace/tmp/R60/build-$arch/include/c++/v1"
libs="$workspace/tmp/R60/build-$arch/lib"

run_logged() {
  local log=$1
  shift
  printf 'COMMAND=' > "$log"; printf '%q ' "$@" >> "$log"; printf '\n' >> "$log"
  set +e
  nice -n 15 ionice -c 3 "$@" >> "$log" 2>&1
  local rc=$?
  set -e
  printf 'EXIT_CODE=%d\n' "$rc" >> "$log"
  return "$rc"
}

build_libcxx() {
  local name=$1 source=$2
  if [[ $arch == x86_64 ]]; then
    run_logged "$raw/${name}.log" "$cxx" -std=c++17 -O0 -g -fexceptions -pthread -stdlib=libc++ -nostdinc++ \
      -I"$headers" "$source" -L"$libs" -L"$baseline/lib" -Wl,-z,now -Wl,-rpath-link,"$libs" \
      -Wl,-rpath-link,"$baseline/lib" -lc++ -lc++abi -o "$out/$name"
  else
    run_logged "$raw/${name}_compile.log" "$cxx" -std=c++17 -O0 -g -fexceptions -pthread -stdlib=libc++ \
      -nostdinc++ -I"$headers" -c "$source" -o "$out/$name.o"
    run_logged "$raw/${name}_link.log" "$cxx" "$out/$name.o" -nostdlib++ -L"$libs" -L"$baseline/lib" \
      -Wl,-z,now -lc++ -lc++abi -lpthread -ldl -lm -latomic -lc -lgcc_s -lgcc -o "$out/$name"
  fi
}

build_libstdcxx() {
  local name=$1 source=$2
  if [[ $arch == x86_64 ]]; then
    run_logged "$raw/${name}.log" "$cxx" -std=c++17 -O0 -g -fexceptions -pthread "$source" -Wl,-z,now \
      -o "$out/$name"
  else
    run_logged "$raw/${name}_compile.log" "$cxx" -std=c++17 -O0 -g -fexceptions -pthread -c "$source" \
      -o "$out/$name.o"
    run_logged "$raw/${name}_link.log" "$cxx" "$out/$name.o" -pthread -Wl,-z,now -o "$out/$name"
  fi
}

r59="$workspace/docs/progress/R59/code/src/r59_probe.cpp"
concurrency="$workspace/progress/R60/src/m1_concurrency_probe.cpp"
build_libcxx r60_current "$r59"
build_libstdcxx r60_reference "$r59"
build_libcxx m1_concurrency_current "$concurrency"
build_libstdcxx m1_concurrency_reference "$concurrency"

sha256sum "$out"/* > "$raw/artifact_sha256.txt"
for binary in "$out"/*; do
  [[ -x $binary ]] || continue
  file "$binary"
  readelf -dW "$binary"
done > "$raw/elf_identity.txt"
#!/usr/bin/env bash
set -u -o pipefail

workspace=/home/toolchain/development/libc++_replacement
bin="$workspace/tmp/R60/probes/x86_64"
libs="$workspace/tmp/R60/build-x86_64/lib"
baseline="$workspace/tmp/GBS-ROOT/LIBCXX-2218-x86_64-20260806-c2/local/BUILD-ROOTS/scratch.x86_64.0/home/abuild/rpmbuild/BUILD/llvm-22.1.8/build/lib"
raw="$workspace/progress/R60/raw/matrix/x86_64"
mkdir -p "$raw"

run_case() {
  local name=$1 binary=$2 mode=${3:-} path=${4:-} rc=0
  local log="$raw/$name.log"
  if [[ -n $path ]]; then
    printf 'COMMAND=env LD_LIBRARY_PATH=%q timeout 12s %q %q\n' "$path" "$binary" "$mode" > "$log"
    env LD_LIBRARY_PATH="$path" timeout 12s "$binary" ${mode:+"$mode"} >> "$log" 2>&1 || rc=$?
  else
    printf 'COMMAND=timeout 12s %q %q\n' "$binary" "$mode" > "$log"
    timeout 12s "$binary" ${mode:+"$mode"} >> "$log" 2>&1 || rc=$?
  fi
  printf 'EXIT_CODE=%d\n' "$rc" >> "$log"
  printf '%s\t%d\n' "$name" "$rc"
}

printf 'case\texit_code\n' > "$raw/results.tsv"
for mode in f1 f2 m1 m2; do
  run_case "${mode}_current" "$bin/r60_current" "$mode" "$libs:$baseline" >> "$raw/results.tsv"
  run_case "${mode}_reference" "$bin/r60_reference" "$mode" >> "$raw/results.tsv"
done
for iteration in $(seq 1 20); do
  run_case "m1_concurrency_current_${iteration}" "$bin/m1_concurrency_current" '' "$libs:$baseline" >> "$raw/results.tsv"
  run_case "m1_concurrency_reference_${iteration}" "$bin/m1_concurrency_reference" >> "$raw/results.tsv"
done

sha256sum "$libs/libc++.so.1" "$libs/libc++abi.so.1" "$bin"/* > "$raw/sha256.txt"
LD_LIBRARY_PATH="$libs:$baseline" ldd "$bin/r60_current" > "$raw/ldd_current.txt" 2>&1
LD_DEBUG=libs LD_LIBRARY_PATH="$libs:$baseline" "$bin/r60_current" f2 > "$raw/ld_debug_current.log" 2>&1 || true
tmp/R60/build-x86_64/lib/libc++.modules.json
tmp/R60/build-x86_64/lib/libc++.so
tmp/R60/build-x86_64/lib/libc++.so.1
tmp/R60/build-x86_64/lib/libc++.so.1.0
tmp/R60/build-x86_64/lib/libc++abi.so
tmp/R60/build-x86_64/lib/libc++abi.so.1
tmp/R60/build-x86_64/lib/libc++abi.so.1.0
