PWD=/home/toolchain/development/libc++_replacement
COMMAND= progress/R40/tools/resource_gate.sh tmp/R34B R40_DRY_RUN
RESOURCE_GATE_LABEL=R40_DRY_RUN
COMMAND=nproc
20
COMMAND=free -h
               total        used        free      shared  buff/cache   available
Mem:            30Gi        12Gi       2.9Gi       665Mi        16Gi        18Gi
Swap:          4.0Gi       3.8Gi       167Mi
COMMAND=uptime
 19:56:53 up 3 days,  3:34,  1 user,  load average: 12.10, 4.55, 2.03
COMMAND=df -h tmp/R34B
Filesystem      Size  Used Avail Use% Mounted on
/dev/sda1       1.8T  1.3T  470G  74% /home
CPU_COUNT=20
MEM_AVAILABLE_KIB=19664140
MEM_MINIMUM_KIB=8388608
LOAD_ONE=12.10
LOAD_LIMIT=10.000
RESOURCE_GATE_RESULT=RED_STOP_RESOURCE_LOAD_ABOVE_HALF_CPU
EXIT_CODE=21
