PWD=/home/toolchain/development/libc++_replacement
COMMAND= progress/R40/tools/build_probe.sh diagnostic armv7l export-dynamic /home/toolchain/development/libc++_replacement/tmp/R40/probes/diagnostic/armv7l/s1_libcxx
VARIANT=diagnostic
ARCH=armv7l
EXPORT_MODE=export-dynamic
STATIC_OR_DYNAMIC_LIBCXX=static
CMAKE_BUILD_PARALLEL_LEVEL=2
LLVM_PARALLEL_LINK_JOBS=1
COMPILE_LINK_COMMAND= nice -n 15 ionice -c 3 /home/toolchain/development/libc++_replacement/progress/R36/tools/armv7l-clang++ -O0 -g -fexceptions -pthread -stdlib=libc++ -nostdinc++ -I/home/toolchain/development/libc++_replacement/tmp/R40/build-diagnostic-armv7l/include/c++/v1 -Dprivate_1=unwinder_cache.reserved1 /home/toolchain/development/libc++_replacement/progress/R34B/src/s1_rethrow_probe.cpp -nostdlib++ /home/toolchain/development/libc++_replacement/tmp/R38/build-unpatched-armv7l/lib/libc++.a -L/home/toolchain/development/libc++_replacement/tmp/R40/build-diagnostic-armv7l/lib -Wl\,-rpath\,\$ORIGIN -Wl\,-z\,now -Wl\,--export-dynamic -lc++abi -lpthread -ldl -lm -latomic -lc -lgcc_s -lgcc -o /home/toolchain/development/libc++_replacement/tmp/R40/probes/diagnostic/armv7l/s1_libcxx
clang++: error: clang frontend command failed with exit code 255 (use -v to see invocation)
clang version 22.1.8
Target: armv7l-tizen-linux-gnueabi
Thread model: posix
InstalledDir: /home/toolchain/development/libc++_replacement/tmp/GBS-ROOT/R30-semantic-libcxx-armv7l-20260812-01/local/BUILD-ROOTS/scratch.armv7l.0/usr/bin
Configuration file: /home/toolchain/development/libc++_replacement/tmp/GBS-ROOT/R30-semantic-libcxx-armv7l-20260812-01/local/BUILD-ROOTS/scratch.armv7l.0/usr/bin/clang++.cfg
clang++: warning: treating 'c' input as 'c++' when in C++ mode, this behavior is deprecated [-Wdeprecated]
clang++: note: diagnostic msg: Error generating preprocessed source(s).
/home/toolchain/development/libc++_replacement/tmp/R40/probes/diagnostic/armv7l/s1_libcxx: cannot open `/home/toolchain/development/libc++_replacement/tmp/R40/probes/diagnostic/armv7l/s1_libcxx' (No such file or directory)
readelf: Error: '/home/toolchain/development/libc++_replacement/tmp/R40/probes/diagnostic/armv7l/s1_libcxx': No such file
DYNSYM_FORCED_BEGIN
readelf: Error: '/home/toolchain/development/libc++_replacement/tmp/R40/probes/diagnostic/armv7l/s1_libcxx': No such file
DYNSYM_FORCED_END
SYMTAB_FORCED_BEGIN
readelf: Error: '/home/toolchain/development/libc++_replacement/tmp/R40/probes/diagnostic/armv7l/s1_libcxx': No such file
SYMTAB_FORCED_END
2e04b02c7a2b307d84faa482d6bb594e54b7e55e3cfd04e1f475e13ffb703cf3  /home/toolchain/development/libc++_replacement/progress/R34B/src/s1_rethrow_probe.cpp
sha256sum: /home/toolchain/development/libc++_replacement/tmp/R40/probes/diagnostic/armv7l/s1_libcxx: No such file or directory
EXIT_CODE=1
