PWD=/home/toolchain/development/libc++_replacement
COMMAND=bash -c set\ -e\;\ diff\ -u\ codes/llvm/libcxxabi/include/cxxabi.h\ tmp/R33/llvm-exp/libcxxabi/include/cxxabi.h\ \>\ progress/R33/patches/s1_cxxabi_h.diff\ \|\|\ test\ \$\?\ -eq\ 1\;\ diff\ -u\ codes/llvm/libcxxabi/src/cxa_personality.cpp\ tmp/R33/llvm-exp/libcxxabi/src/cxa_personality.cpp\ \>\ progress/R33/patches/s1_cxa_personality.diff\ \|\|\ test\ \$\?\ -eq\ 1\;\ cat\ progress/R33/patches/s1_cxxabi_h.diff\;\ cat\ progress/R33/patches/s1_cxa_personality.diff\;\ git\ -C\ codes/llvm\ status\ --porcelain 
--- codes/llvm/libcxxabi/include/cxxabi.h	2026-08-05 11:41:57.984830359 +0800
+++ tmp/R33/llvm-exp/libcxxabi/include/cxxabi.h	2026-08-13 22:29:58.003731425 +0800
@@ -37,6 +37,9 @@
 // runtime routines use C calling conventions, but are in __cxxabiv1 namespace
 namespace __cxxabiv1 {
 
+// R33 experiment only: a type token used to match forced unwinding.
+class _LIBCXXABI_TYPE_VIS __forced_unwind {};
+
 struct __cxa_exception;
 
 extern "C"  {
--- codes/llvm/libcxxabi/src/cxa_personality.cpp	2026-08-05 12:51:38.754063247 +0800
+++ tmp/R33/llvm-exp/libcxxabi/src/cxa_personality.cpp	2026-08-13 22:29:58.003731425 +0800
@@ -819,6 +819,23 @@
                     }
                     // Else this is a catch (T) clause and will never
                     //    catch a foreign exception
+                    else if (!native_exception &&
+                             (actions & _UA_FORCE_UNWIND))
+                    {
+                        void* adjustedPtr =
+                            get_thrown_object_ptr(unwind_exception);
+                        const __shim_type_info* forcedType =
+                            static_cast<const __shim_type_info*>(
+                                &typeid(__cxxabiv1::__forced_unwind));
+                        if (catchType->can_catch(forcedType, adjustedPtr))
+                        {
+                            results.ttypeIndex = ttypeIndex;
+                            results.actionRecord = actionRecord;
+                            results.adjustedPtr = adjustedPtr;
+                            results.reason = _URC_HANDLER_FOUND;
+                            return;
+                        }
+                    }
                     else if (native_exception)
                     {
                         __cxa_exception* exception_header = (__cxa_exception*)(unwind_exception+1) - 1;
EXIT_CODE=0
