===== progress/R101/inputs/source_git/abseil-cpp/packaging/abseil-cpp.spec =====
26:BuildRequires:  cmake
42:%prep
45:%build
46:mkdir -p cmake/build
47:cd cmake/build
48:%{cmake} -DABSL_USE_GOOGLETEST_HEAD=OFF ../..
49:make %{?_smp_mflags}
51:%install
52:cd cmake/build
53:make install DESTDIR=$RPM_BUILD_ROOT INSTALL="%{__install} -p"
62:%{_libdir}/cmake/
===== progress/R101/inputs/source_git/bcc-tools/packaging/bcc-tools.spec =====
11:BuildRequires: gcc >= 3.4
12:BuildRequires: cmake python3
14:BuildRequires: bison flex llvm-devel clang-devel libelf-devel
23:programs, and includes several useful tools and examples. It makes use
51:%prep
54:%build
61:cmake -DCMAKE_INSTALL_PREFIX=/usr -DINSTALL_CPP_EXAMPLES=ON ${LLVM_SHARED_FLAG} -DREVISION="%{version}" -DCMAKE_USE_LIBBPF_PACKAGE:BOOL=TRUE .
62:make %{?jobs:-j%jobs}
64:%install
65:make install DESTDIR=%{buildroot}
===== progress/R101/inputs/source_git/boost/packaging/boost.spec =====
71:BuildRequires:  gcc-c++
104:Requires:       libstdc++-devel
239:Boost.Log library aims to make logging significantly easier for the
419:%prep
429:%build
432:CFLAGS="${CFLAGS} -Wp,-D_FILE_OFFSET_BITS=64"
433:CXXFLAGS="${CXXFLAGS} -Wp,-D_FILE_OFFSET_BITS=64"
483:# use supplied bootstrap.sh instead of mucking with old bjam
523:./b2 %{?_smp_mflags} --prefix=%{_prefix} --libdir=%{_libdir} \
524:    --user-config=./user-config.jam ${CFLAGS:+cflags="$CFLAGS"} \
525:    ${CXXFLAGS:+cxxflags="$CXXFLAGS"} ${LDFLAGS:+linkflags="$LDFLAGS"} \
531:../b2 --user-config=../user-config.jam --v2 man
541:%install
555:./b2 install %{?_smp_mflags} \
614:# Delete cmake files
615:rm -rf %{buildroot}%{_libdir}/cmake
===== progress/R101/inputs/source_git/bpftrace/packaging/bpftrace.spec =====
13:BuildRequires:  gcc-c++
16:BuildRequires:  cmake
21:BuildRequires:  clang-devel
33:backend to compile scripts to BPF-bytecode and makes use of BCC for
54:backend to compile scripts to BPF-bytecode and makes use of BCC for
62:%prep
67:%build
68:%{?asan:/usr/bin/gcc-unforce-options}
69:%{?ubsan:/usr/bin/gcc-unforce-options}
73:cmake .. -DCMAKE_BUILD_TYPE=Release -DCMAKE_VERBOSE_MAKEFILE=ON -DBUILD_TESTING=OFF -DSTATIC_LINKING=OFF \
75:%make_build
78:%install
80:%make_install
===== progress/R101/inputs/source_git/icu/packaging/icu.spec =====
18:Source3:   Disable-the-default-LDFLAGSICUDT.patch
62:%prep
74:%build
75:export CFLAGS="$CFLAGS -D_TIZEN_FEATURE_ -fPIC"
76:export CXXFLAGS="$CXXFLAGS -D_TIZEN_FEATURE_ -fPIC"
81:%{configure} --enable-static=no \
91:%{__make} %{?_smp_mflags}
93:%check
95:#    %__make check || exit 0
98:%install
100:%make_install
106:export ICUDATA_NAME=`cat ./data/makedata.mak  | grep "^U_ICUDATA_NAME=" | head -n 1 | sed -e 's/^.*=//g' | sed -e 's/\r$//g'`
107:export ICUDATA_ENDIAN_SUFFIX=`cat ./data/makedata.mak  | grep "^U_ICUDATA_ENDIAN_SUFFIX=" | head -n 1 | sed -e 's/^.*=//g' | sed -e 's/\r$//g'`
151:%{_bindir}/makeconv
===== progress/R101/inputs/source_git/jsoncpp/packaging/jsoncpp.spec =====
14:BuildRequires:  cmake
31:%prep
35:%build
38:%cmake -DJSONCPP_WITH_TESTS=OFF \
44:%__make %{?_smp_mflags}
54:%install
56:%__make install DESTDIR=%{buildroot}
70:# remove jsoncpp cmake files
71:rm -rf $RPM_BUILD_ROOT%{_libdir}/cmake/jsoncpp
===== progress/R101/inputs/source_git/libsigc++/packaging/libsigc++.spec =====
10:BuildRequires:  meson
35:%prep
39:%build
40:%meson \
49:%meson_build
51:%install
52:%meson_install
===== progress/R101/inputs/source_git/llvm/packaging/libcxx-runtimes.spec =====
17:BuildRequires:  clang = %{version}
18:BuildRequires:  cmake
19:BuildRequires:  ninja
22:BuildRequires:  libgcc
26:The libraries use libgcc_s as the unwinder and export only default-version
34:Shared LLVM libc++ runtime, built against libc++abi and libgcc_s.
49:Shared LLVM libc++abi runtime using libgcc_s rather than LLVM libunwind.
59:%prep
64:%build
68:cmake -G Ninja \
76:  -DCMAKE_C_FLAGS="$CFLAGS --rtlib=libgcc" \
77:  -DCMAKE_CXX_FLAGS="$CXXFLAGS --rtlib=libgcc" \
78:  -DCMAKE_ASM_FLAGS="$CFLAGS" \
79:  -DCMAKE_SHARED_LINKER_FLAGS="-Wl,--version-script=%{SOURCE1} -Wl,-z,now --rtlib=libgcc" \
80:  -DCMAKE_EXE_LINKER_FLAGS="--rtlib=libgcc" \
111:cmake --build . --target cxxabi cxx cxx_experimental %{?_smp_mflags}
113:%install
115:DESTDIR=%{buildroot} cmake --install .
===== progress/R101/inputs/source_git/llvm/packaging/llvm.spec =====
12:%define _toolchain_override clang
49:%{!?mlgo_verify_configure_only: %define mlgo_verify_configure_only 0}
51:BuildRequires: cmake
60:BuildRequires: ninja
97:%package -n clang
101:Provides: libclang.so.%{version}
103:%description -n clang
106:%package -n clang-devel
108:Requires: clang = %{version}-%{release}
110:%description -n clang-devel
111:This package contains the clang (C language) frontend for LLVM.
149:%package -n python-clang
152:%description -n python-clang
155:%prep
170:%build
173:RELCFLAGS=$(echo $CFLAGS | sed -e 's*\(^\|[[:space:]]\)-g\([[:digit:]]\+\|gdb\|dwarf-[[:digit:]]\)\?* *g')
174:export CFLAGS=${RELCFLAGS}
175:RELCXXFLAGS=$(echo $CXXFLAGS | sed -e 's*\(^\|[[:space:]]\)-g\([[:digit:]]\+\|gdb\|dwarf-[[:digit:]]\)\?* *g')
176:export CXXFLAGS=${RELCXXFLAGS}
182:%{?asan:%gcc_unforce_options}
198:cmake \
206:    -DCMAKE_ASM_FLAGS="$CFLAGS" \
207:    -DCMAKE_C_FLAGS="$CFLAGS" \
208:    -DCMAKE_CXX_FLAGS="$CXXFLAGS" \
241:    -DLLVM_ENABLE_PROJECTS="clang;lldb;clang-tools-extra;lld;compiler-rt;openmp" \
253:    -DCLANG_RESOURCE_DIR="../%{_lib}/clang/%{llvm_version}" \
276:%if 0%{mlgo_verify_configure_only}
277:  # ---- configure-only probe: guard against §0 traps; check sentinels, GBS exit code non-0 is expected ----
283:  # Assertion 1: override actually took effect (COPYONLY artifacts exist from configure stage)
329:  cmake --build . --target tf_xla_runtime || \
334:  DESTDIR="${MLGO_PROBE_ROOT}" cmake --install . \
343:# Full build using ninja (already in build/ directory after cd build)
344:ninja -j %{mlgo_build_jobs}
346:%install
348:cmake -DCMAKE_INSTALL_PREFIX=%{buildroot}/usr -P cmake_install.cmake
349:ln -sf %{_prefix}/bin/clang++ %{buildroot}%{_prefix}/bin/clang++-%{llvm_version}
351:ln -sf clang %{buildroot}%{_prefix}/bin/%{_host}-clang
352:ln -sf clang++ %{buildroot}%{_prefix}/bin/%{_host}-clang++
354:cat >> %{buildroot}/%{_prefix}/bin/clang.cfg << EOF
356:-resource-dir %{_prefix}/%{_lib}/clang/%{llvm_version}
358:ln -sf clang.cfg %{buildroot}/%{_prefix}/bin/clang++.cfg
372:# Install the clang python bits
374:cp -a ../clang/bindings/python/clang %{buildroot}%{python3_sitelib}/
380:%post -n clang -p /sbin/ldconfig
381:%postun -n clang -p /sbin/ldconfig
391:%{_prefix}/bin/clang-linker-wrapper
392:%{_prefix}/bin/clang-offload-packager
393:%{_prefix}/bin/clang-repl
461:%{_prefix}/bin/run-clang-tidy
502:%{_libdir}/cmake/lld/*
503:%{_libdir}/cmake/llvm/*
520:%files -n clang
523:%{_prefix}/bin/clang
524:%{_prefix}/bin/clang++
525:%{_prefix}/bin/%{_host}-clang
526:%{_prefix}/bin/%{_host}-clang++
527:%{_prefix}/bin/clang-%{llvm_version}
528:%{_prefix}/bin/clang++-%{llvm_version}
529:%{_prefix}/bin/clang-apply-replacements
530:%{_prefix}/bin/clang-change-namespace
531:%{_prefix}/bin/clang-check
532:%{_prefix}/bin/clang-cl
533:%{_prefix}/bin/clang-cpp
534:%{_prefix}/bin/clang-doc
535:%{_prefix}/bin/clang-extdef-mapping
536:%{_prefix}/bin/clang-move
537:%{_prefix}/bin/clang-refactor
538:%{_prefix}/bin/clang-scan-deps
539:%{_prefix}/bin/clang-format
540:%{_prefix}/bin/clang-include-cleaner
541:%{_prefix}/bin/clang-include-fixer
542:%{_prefix}/bin/clang-offload-bundler
543:%{_prefix}/bin/clang-query
544:%{_prefix}/bin/clang-sycl-linker
545:%{_prefix}/bin/clang-reorder-fields
546:%{_prefix}/bin/clang-tidy
547:%{_prefix}/bin/clang-installapi
548:%{_prefix}/bin/clang-nvlink-wrapper
549:%{_prefix}/bin/clangd
550:%{_prefix}/bin/git-clang-format
553:%{_libdir}/clang/%{llvm_version}/include/*
554:%{_libdir}/libclang*.so*
555:%{_libdir}/cmake/clang/*
562:%{_prefix}/bin/clang.cfg
563:%{_prefix}/bin/clang++.cfg
565:%files -n clang-devel
568:%{_prefix}/bin/clang-tblgen
569:%{_prefix}/include/clang/*
570:%{_prefix}/include/clang-c/*
571:%{_prefix}/include/clang-tidy/*
593:%{_libdir}/clang/%{llvm_version}/include/sanitizer/*
594:%{_libdir}/clang/%{llvm_version}/*
607:%{_libdir}/cmake/openmp/FindOpenMPTarget.cmake
609:%files -n python-clang
610:%{python3_sitelib}/clang
===== progress/R101/inputs/source_git/pcre/packaging/pcre.spec =====
13:BuildRequires:  gcc-c++
28:Requires:       libstdc++-devel
94:%prep
99:%build
100:export CFLAGS="${CFLAGS} -fPIC"
104:%configure \
114:make %{?_smp_mflags}
119:# make check || exit 0
121:%install
122:%make_install
===== progress/R101/inputs/source_git/taglib/packaging/taglib.spec =====
9:BuildRequires:  cmake
24:%prep
28:%build
30:%cmake . -DFULLVER=%{version} -DMAJORVER=${MAJORVER} -DVISIBILITY_HIDDEN=On
32:make %{?jobs:-j%jobs}
34:%install
36:%make_install
