PWD=/home/toolchain/development/libc++_replacement
COMMAND= bash -lc $'\nset -u\nsdb=/home/toolchain/.local/bin/sdb\nserial=192.168.108.26:26101\nremote=/var/tmp/r36_s1_20260814\nprintf "=== post-failure state ===\\n"\n"$sdb" -s "$serial" shell "printf core_pattern=; cat /proc/sys/kernel/core_pattern; printf core_limit=; ulimit -c; find $remote -maxdepth 1 -ls 2>&1; sha256sum $remote/libc++abi.so.1.0 $remote/s1_libcxxabi $remote/s1_libstdcxx"\nprintf "=== cleanup exact deployed files ===\\n"\n"$sdb" -s "$serial" shell "unlink $remote/libc++abi.so; echo UNLINK_libcxxabi_so_RC=\\$?; unlink $remote/libc++abi.so.1; echo UNLINK_libcxxabi_so_1_RC=\\$?; unlink $remote/libc++abi.so.1.0; echo UNLINK_libcxxabi_so_1_0_RC=\\$?; unlink $remote/s1_libcxxabi; echo UNLINK_probe_libcxxabi_RC=\\$?; unlink $remote/s1_libstdcxx; echo UNLINK_probe_libstdcxx_RC=\\$?; rmdir $remote; echo RMDIR_RC=\\$?; test ! -e $remote; echo CLEANUP_VERIFICATION_RC=\\$?; find /var/tmp -maxdepth 1 -name r36_s1_20260814 -ls"\nprintf "=== connection still present ===\\n"\n"$sdb" devices\n'
=== post-failure state ===
core_pattern=|/usr/bin/crash-manager -E %E -p %p -u %u -g %g -s %s -t %t -i%i
core_limit=0
  1114    4 drwx------   2 owner    users        4096 Aug 14 18:09 /var/tmp/r36_s1_20260814
  1117 1072 -rwx------   1 owner    users     1095468 Aug 14 18:09 /var/tmp/r36_s1_20260814/libc++abi.so.1.0
  1115    0 lrwxrwxrwx   1 owner    users          16 Aug 14 18:09 /var/tmp/r36_s1_20260814/libc++abi.so.1 -> libc++abi.so.1.0
  1118   32 -rwx------   1 owner    users       28932 Aug 14 18:09 /var/tmp/r36_s1_20260814/s1_libcxxabi
  1116    0 lrwxrwxrwx   1 owner    users          14 Aug 14 18:09 /var/tmp/r36_s1_20260814/libc++abi.so -> libc++abi.so.1
  1119   32 -rwx------   1 owner    users       31620 Aug 14 18:09 /var/tmp/r36_s1_20260814/s1_libstdcxx
21a7bae558296c19ac3e9762c26ac6bd3dc0e218a7f7be245ec3fb4b8b1cb598  /var/tmp/r36_s1_20260814/libc++abi.so.1.0
664c650cb31c5939403ea98d3a09af70359fe5f220531098b8f83df83edbf343  /var/tmp/r36_s1_20260814/s1_libcxxabi
a4eeb1f094a6ea1028d869683f9fbdf00d7ba8704892a2e016d393e4a96018d5  /var/tmp/r36_s1_20260814/s1_libstdcxx
=== cleanup exact deployed files ===
UNLINK_libcxxabi_so_RC=0
UNLINK_libcxxabi_so_1_RC=0
UNLINK_libcxxabi_so_1_0_RC=0
UNLINK_probe_libcxxabi_RC=0
UNLINK_probe_libstdcxx_RC=0
RMDIR_RC=0
CLEANUP_VERIFICATION_RC=0
=== connection still present ===
List of devices attached 
192.168.108.26:26101	device    	rpi4
EXIT_CODE=0
