PWD=/home/toolchain/development/libc++_replacement
COMMAND=env LD_DEBUG=libs /home/toolchain/development/libc++_replacement/tmp/GBS-ROOT/R32-candidates-libcxx-x86_64-20260813-02/local/BUILD-ROOTS/scratch.x86_64.0/usr/lib64/ld-linux-x86-64.so.2 --library-path /home/toolchain/development/libc++_replacement/tmp/R33/s1-runtime-r3:/home/toolchain/development/libc++_replacement/tmp/GBS-ROOT/R32-candidates-libcxx-x86_64-20260813-02/local/BUILD-ROOTS/scratch.x86_64.0/usr/lib64:/home/toolchain/development/libc++_replacement/tmp/GBS-ROOT/R32-candidates-libcxx-x86_64-20260813-02/local/BUILD-ROOTS/scratch.x86_64.0/lib64 /home/toolchain/development/libc++_replacement/tmp/R33/s1-probes-r3/s1_libcxx real 
   1548281:	find library=libc++.so.1 [0]; searching
   1548281:	 search path=/home/toolchain/development/libc++_replacement/tmp/R33/s1-runtime-r3/glibc-hwcaps/x86-64-v3:/home/toolchain/development/libc++_replacement/tmp/R33/s1-runtime-r3/glibc-hwcaps/x86-64-v2:/home/toolchain/development/libc++_replacement/tmp/R33/s1-runtime-r3		(RUNPATH from file /home/toolchain/development/libc++_replacement/tmp/R33/s1-probes-r3/s1_libcxx)
   1548281:	  trying file=/home/toolchain/development/libc++_replacement/tmp/R33/s1-runtime-r3/glibc-hwcaps/x86-64-v3/libc++.so.1
   1548281:	  trying file=/home/toolchain/development/libc++_replacement/tmp/R33/s1-runtime-r3/glibc-hwcaps/x86-64-v2/libc++.so.1
   1548281:	  trying file=/home/toolchain/development/libc++_replacement/tmp/R33/s1-runtime-r3/libc++.so.1
   1548281:	 search path=/home/toolchain/development/libc++_replacement/tmp/GBS-ROOT/R32-candidates-libcxx-x86_64-20260813-02/local/BUILD-ROOTS/scratch.x86_64.0/usr/lib64/glibc-hwcaps/x86-64-v3:/home/toolchain/development/libc++_replacement/tmp/GBS-ROOT/R32-candidates-libcxx-x86_64-20260813-02/local/BUILD-ROOTS/scratch.x86_64.0/usr/lib64/glibc-hwcaps/x86-64-v2:/home/toolchain/development/libc++_replacement/tmp/GBS-ROOT/R32-candidates-libcxx-x86_64-20260813-02/local/BUILD-ROOTS/scratch.x86_64.0/usr/lib64:/home/toolchain/development/libc++_replacement/tmp/GBS-ROOT/R32-candidates-libcxx-x86_64-20260813-02/local/BUILD-ROOTS/scratch.x86_64.0/lib64/glibc-hwcaps/x86-64-v3:/home/toolchain/development/libc++_replacement/tmp/GBS-ROOT/R32-candidates-libcxx-x86_64-20260813-02/local/BUILD-ROOTS/scratch.x86_64.0/lib64/glibc-hwcaps/x86-64-v2:/home/toolchain/development/libc++_replacement/tmp/GBS-ROOT/R32-candidates-libcxx-x86_64-20260813-02/local/BUILD-ROOTS/scratch.x86_64.0/lib64		(--library-path)
   1548281:	  trying file=/home/toolchain/development/libc++_replacement/tmp/GBS-ROOT/R32-candidates-libcxx-x86_64-20260813-02/local/BUILD-ROOTS/scratch.x86_64.0/usr/lib64/glibc-hwcaps/x86-64-v3/libc++.so.1
   1548281:	  trying file=/home/toolchain/development/libc++_replacement/tmp/GBS-ROOT/R32-candidates-libcxx-x86_64-20260813-02/local/BUILD-ROOTS/scratch.x86_64.0/usr/lib64/glibc-hwcaps/x86-64-v2/libc++.so.1
   1548281:	  trying file=/home/toolchain/development/libc++_replacement/tmp/GBS-ROOT/R32-candidates-libcxx-x86_64-20260813-02/local/BUILD-ROOTS/scratch.x86_64.0/usr/lib64/libc++.so.1
   1548281:	
   1548281:	find library=libc++abi.so.1 [0]; searching
   1548281:	 search path=/home/toolchain/development/libc++_replacement/tmp/R33/s1-runtime-r3		(RUNPATH from file /home/toolchain/development/libc++_replacement/tmp/R33/s1-probes-r3/s1_libcxx)
   1548281:	  trying file=/home/toolchain/development/libc++_replacement/tmp/R33/s1-runtime-r3/libc++abi.so.1
   1548281:	
   1548281:	find library=libm.so.6 [0]; searching
   1548281:	 search path=/home/toolchain/development/libc++_replacement/tmp/R33/s1-runtime-r3		(RUNPATH from file /home/toolchain/development/libc++_replacement/tmp/R33/s1-probes-r3/s1_libcxx)
   1548281:	  trying file=/home/toolchain/development/libc++_replacement/tmp/R33/s1-runtime-r3/libm.so.6
   1548281:	 search path=/home/toolchain/development/libc++_replacement/tmp/GBS-ROOT/R32-candidates-libcxx-x86_64-20260813-02/local/BUILD-ROOTS/scratch.x86_64.0/usr/lib64:/home/toolchain/development/libc++_replacement/tmp/GBS-ROOT/R32-candidates-libcxx-x86_64-20260813-02/local/BUILD-ROOTS/scratch.x86_64.0/lib64/glibc-hwcaps/x86-64-v3:/home/toolchain/development/libc++_replacement/tmp/GBS-ROOT/R32-candidates-libcxx-x86_64-20260813-02/local/BUILD-ROOTS/scratch.x86_64.0/lib64/glibc-hwcaps/x86-64-v2:/home/toolchain/development/libc++_replacement/tmp/GBS-ROOT/R32-candidates-libcxx-x86_64-20260813-02/local/BUILD-ROOTS/scratch.x86_64.0/lib64		(--library-path)
   1548281:	  trying file=/home/toolchain/development/libc++_replacement/tmp/GBS-ROOT/R32-candidates-libcxx-x86_64-20260813-02/local/BUILD-ROOTS/scratch.x86_64.0/usr/lib64/libm.so.6
   1548281:	
   1548281:	find library=libgcc_s.so.1 [0]; searching
   1548281:	 search path=/home/toolchain/development/libc++_replacement/tmp/R33/s1-runtime-r3		(RUNPATH from file /home/toolchain/development/libc++_replacement/tmp/R33/s1-probes-r3/s1_libcxx)
   1548281:	  trying file=/home/toolchain/development/libc++_replacement/tmp/R33/s1-runtime-r3/libgcc_s.so.1
   1548281:	 search path=/home/toolchain/development/libc++_replacement/tmp/GBS-ROOT/R32-candidates-libcxx-x86_64-20260813-02/local/BUILD-ROOTS/scratch.x86_64.0/usr/lib64:/home/toolchain/development/libc++_replacement/tmp/GBS-ROOT/R32-candidates-libcxx-x86_64-20260813-02/local/BUILD-ROOTS/scratch.x86_64.0/lib64/glibc-hwcaps/x86-64-v3:/home/toolchain/development/libc++_replacement/tmp/GBS-ROOT/R32-candidates-libcxx-x86_64-20260813-02/local/BUILD-ROOTS/scratch.x86_64.0/lib64/glibc-hwcaps/x86-64-v2:/home/toolchain/development/libc++_replacement/tmp/GBS-ROOT/R32-candidates-libcxx-x86_64-20260813-02/local/BUILD-ROOTS/scratch.x86_64.0/lib64		(--library-path)
   1548281:	  trying file=/home/toolchain/development/libc++_replacement/tmp/GBS-ROOT/R32-candidates-libcxx-x86_64-20260813-02/local/BUILD-ROOTS/scratch.x86_64.0/usr/lib64/libgcc_s.so.1
   1548281:	
   1548281:	find library=libpthread.so.0 [0]; searching
   1548281:	 search path=/home/toolchain/development/libc++_replacement/tmp/R33/s1-runtime-r3		(RUNPATH from file /home/toolchain/development/libc++_replacement/tmp/R33/s1-probes-r3/s1_libcxx)
   1548281:	  trying file=/home/toolchain/development/libc++_replacement/tmp/R33/s1-runtime-r3/libpthread.so.0
   1548281:	 search path=/home/toolchain/development/libc++_replacement/tmp/GBS-ROOT/R32-candidates-libcxx-x86_64-20260813-02/local/BUILD-ROOTS/scratch.x86_64.0/usr/lib64:/home/toolchain/development/libc++_replacement/tmp/GBS-ROOT/R32-candidates-libcxx-x86_64-20260813-02/local/BUILD-ROOTS/scratch.x86_64.0/lib64/glibc-hwcaps/x86-64-v3:/home/toolchain/development/libc++_replacement/tmp/GBS-ROOT/R32-candidates-libcxx-x86_64-20260813-02/local/BUILD-ROOTS/scratch.x86_64.0/lib64/glibc-hwcaps/x86-64-v2:/home/toolchain/development/libc++_replacement/tmp/GBS-ROOT/R32-candidates-libcxx-x86_64-20260813-02/local/BUILD-ROOTS/scratch.x86_64.0/lib64		(--library-path)
   1548281:	  trying file=/home/toolchain/development/libc++_replacement/tmp/GBS-ROOT/R32-candidates-libcxx-x86_64-20260813-02/local/BUILD-ROOTS/scratch.x86_64.0/usr/lib64/libpthread.so.0
   1548281:	
   1548281:	find library=libc.so.6 [0]; searching
   1548281:	 search path=/home/toolchain/development/libc++_replacement/tmp/R33/s1-runtime-r3		(RUNPATH from file /home/toolchain/development/libc++_replacement/tmp/R33/s1-probes-r3/s1_libcxx)
   1548281:	  trying file=/home/toolchain/development/libc++_replacement/tmp/R33/s1-runtime-r3/libc.so.6
   1548281:	 search path=/home/toolchain/development/libc++_replacement/tmp/GBS-ROOT/R32-candidates-libcxx-x86_64-20260813-02/local/BUILD-ROOTS/scratch.x86_64.0/usr/lib64:/home/toolchain/development/libc++_replacement/tmp/GBS-ROOT/R32-candidates-libcxx-x86_64-20260813-02/local/BUILD-ROOTS/scratch.x86_64.0/lib64/glibc-hwcaps/x86-64-v3:/home/toolchain/development/libc++_replacement/tmp/GBS-ROOT/R32-candidates-libcxx-x86_64-20260813-02/local/BUILD-ROOTS/scratch.x86_64.0/lib64/glibc-hwcaps/x86-64-v2:/home/toolchain/development/libc++_replacement/tmp/GBS-ROOT/R32-candidates-libcxx-x86_64-20260813-02/local/BUILD-ROOTS/scratch.x86_64.0/lib64		(--library-path)
   1548281:	  trying file=/home/toolchain/development/libc++_replacement/tmp/GBS-ROOT/R32-candidates-libcxx-x86_64-20260813-02/local/BUILD-ROOTS/scratch.x86_64.0/usr/lib64/libc.so.6
   1548281:	
   1548281:	find library=libatomic.so.1 [0]; searching
   1548281:	 search path=/home/toolchain/development/libc++_replacement/tmp/R33/s1-runtime-r3		(RUNPATH from file /home/toolchain/development/libc++_replacement/tmp/R33/s1-probes-r3/s1_libcxx)
   1548281:	  trying file=/home/toolchain/development/libc++_replacement/tmp/R33/s1-runtime-r3/libatomic.so.1
   1548281:	 search path=/home/toolchain/development/libc++_replacement/tmp/GBS-ROOT/R32-candidates-libcxx-x86_64-20260813-02/local/BUILD-ROOTS/scratch.x86_64.0/usr/lib64:/home/toolchain/development/libc++_replacement/tmp/GBS-ROOT/R32-candidates-libcxx-x86_64-20260813-02/local/BUILD-ROOTS/scratch.x86_64.0/lib64/glibc-hwcaps/x86-64-v3:/home/toolchain/development/libc++_replacement/tmp/GBS-ROOT/R32-candidates-libcxx-x86_64-20260813-02/local/BUILD-ROOTS/scratch.x86_64.0/lib64/glibc-hwcaps/x86-64-v2:/home/toolchain/development/libc++_replacement/tmp/GBS-ROOT/R32-candidates-libcxx-x86_64-20260813-02/local/BUILD-ROOTS/scratch.x86_64.0/lib64		(--library-path)
   1548281:	  trying file=/home/toolchain/development/libc++_replacement/tmp/GBS-ROOT/R32-candidates-libcxx-x86_64-20260813-02/local/BUILD-ROOTS/scratch.x86_64.0/usr/lib64/libatomic.so.1
   1548281:	
   1548281:	
   1548281:	calling init: /home/toolchain/development/libc++_replacement/tmp/GBS-ROOT/R32-candidates-libcxx-x86_64-20260813-02/local/BUILD-ROOTS/scratch.x86_64.0/usr/lib64/ld-linux-x86-64.so.2
   1548281:	
   1548281:	
   1548281:	calling init: /home/toolchain/development/libc++_replacement/tmp/GBS-ROOT/R32-candidates-libcxx-x86_64-20260813-02/local/BUILD-ROOTS/scratch.x86_64.0/usr/lib64/libc.so.6
   1548281:	
   1548281:	
   1548281:	calling init: /home/toolchain/development/libc++_replacement/tmp/GBS-ROOT/R32-candidates-libcxx-x86_64-20260813-02/local/BUILD-ROOTS/scratch.x86_64.0/usr/lib64/libpthread.so.0
   1548281:	
   1548281:	
   1548281:	calling init: /home/toolchain/development/libc++_replacement/tmp/GBS-ROOT/R32-candidates-libcxx-x86_64-20260813-02/local/BUILD-ROOTS/scratch.x86_64.0/usr/lib64/libatomic.so.1
   1548281:	
   1548281:	
   1548281:	calling init: /home/toolchain/development/libc++_replacement/tmp/GBS-ROOT/R32-candidates-libcxx-x86_64-20260813-02/local/BUILD-ROOTS/scratch.x86_64.0/usr/lib64/libgcc_s.so.1
   1548281:	
   1548281:	
   1548281:	calling init: /home/toolchain/development/libc++_replacement/tmp/GBS-ROOT/R32-candidates-libcxx-x86_64-20260813-02/local/BUILD-ROOTS/scratch.x86_64.0/usr/lib64/libm.so.6
   1548281:	
   1548281:	
   1548281:	calling init: /home/toolchain/development/libc++_replacement/tmp/R33/s1-runtime-r3/libc++abi.so.1
   1548281:	
   1548281:	
   1548281:	calling init: /home/toolchain/development/libc++_replacement/tmp/GBS-ROOT/R32-candidates-libcxx-x86_64-20260813-02/local/BUILD-ROOTS/scratch.x86_64.0/usr/lib64/libc++.so.1
   1548281:	
   1548281:	
   1548281:	initialize program: /home/toolchain/development/libc++_replacement/tmp/R33/s1-probes-r3/s1_libcxx
   1548281:	
   1548281:	
   1548281:	transferring control: /home/toolchain/development/libc++_replacement/tmp/R33/s1-probes-r3/s1_libcxx
   1548281:	
real:runtime_error:r33-real
   1548281:	
   1548281:	calling fini:  [0]
   1548281:	
   1548281:	
   1548281:	calling fini: /home/toolchain/development/libc++_replacement/tmp/GBS-ROOT/R32-candidates-libcxx-x86_64-20260813-02/local/BUILD-ROOTS/scratch.x86_64.0/usr/lib64/libc++.so.1 [0]
   1548281:	
   1548281:	
   1548281:	calling fini: /home/toolchain/development/libc++_replacement/tmp/R33/s1-runtime-r3/libc++abi.so.1 [0]
   1548281:	
   1548281:	
   1548281:	calling fini: /home/toolchain/development/libc++_replacement/tmp/GBS-ROOT/R32-candidates-libcxx-x86_64-20260813-02/local/BUILD-ROOTS/scratch.x86_64.0/usr/lib64/libm.so.6 [0]
   1548281:	
   1548281:	
   1548281:	calling fini: /home/toolchain/development/libc++_replacement/tmp/GBS-ROOT/R32-candidates-libcxx-x86_64-20260813-02/local/BUILD-ROOTS/scratch.x86_64.0/usr/lib64/libgcc_s.so.1 [0]
   1548281:	
   1548281:	
   1548281:	calling fini: /home/toolchain/development/libc++_replacement/tmp/GBS-ROOT/R32-candidates-libcxx-x86_64-20260813-02/local/BUILD-ROOTS/scratch.x86_64.0/usr/lib64/libatomic.so.1 [0]
   1548281:	
   1548281:	
   1548281:	calling fini: /home/toolchain/development/libc++_replacement/tmp/GBS-ROOT/R32-candidates-libcxx-x86_64-20260813-02/local/BUILD-ROOTS/scratch.x86_64.0/usr/lib64/libpthread.so.0 [0]
   1548281:	
   1548281:	
   1548281:	calling fini: /home/toolchain/development/libc++_replacement/tmp/GBS-ROOT/R32-candidates-libcxx-x86_64-20260813-02/local/BUILD-ROOTS/scratch.x86_64.0/usr/lib64/libc.so.6 [0]
   1548281:	
   1548281:	
   1548281:	calling fini: /home/toolchain/development/libc++_replacement/tmp/GBS-ROOT/R32-candidates-libcxx-x86_64-20260813-02/local/BUILD-ROOTS/scratch.x86_64.0/usr/lib64/ld-linux-x86-64.so.2 [0]
   1548281:	
EXIT_CODE=0
