LLVM_BASELINE_COMMIT=5ed6c77278dfa7a470667cf1a137723d3c96fe60
LLVM_BASELINE_STATUS_BEGIN
LLVM_BASELINE_STATUS_END
17e8ec74785a793a45b47ce43f133b2f3a3e6b53ecff2d01e8840c9c27f582c7  tmp/R51/source-product-final/libcxx/include/istream
bb4f0f6db04e7e8274eca24703760760963c9bbb95b4bd3c80eea65be7f035cb  tmp/R51/source-product-final/libcxx/include/future
116b9f4276dfece4d6fe4ec39620d8eb936269f6d2e611354e19902f9ad1ffe2  tmp/R51/source-product-final/libcxx/include/string
c6fd22395138f44d60960aabe0f53f3a443aaf73e7b4edb545e9e79d20582ed0  tmp/R52/source-layer-c/libcxx/include/istream
f5c423d91aab4b2b7b6c75ae1961a273d285dc7306ad3dec375ab4fe96cf8ff3  tmp/R52/source-layer-c/libcxx/include/future
a9d0adfef9ba6f86cb168b64b1500ad8fc4a6b97e4c54aef5e51175733bb6935  tmp/R52/source-layer-c/libcxx/include/string
f4f1c05aa7c7d73c2f5290e903255a809139c38d3121ee9f8d91ba766f81b591  tmp/R51/runtime/x86_64/libc++abi.so.1.0
44672c2c43506954efc28ea23a150a7eb7dcca5e5dd5634f2628f349cb78c04d  tmp/R51/build-product-armv7l/lib/libc++abi.so.1.0
e600fc2eed18f99250fe05fa25e8738a0c0b03696ca7adac516b5b71f421de0f  tmp/R52/rebuilt-libcxx/x86_64/libc++.so.1.0
5bffa6344d078b484a2c3badd683e0e6c1dd4cb7bb29946cc43d07d779843c69  tmp/R52/rebuilt-libcxx/armv7l/libc++.so.1.0
1312f2662821d00ba24147e0a78523840356937487a001072b7da5411f47a8d3  progress/R50/tables/armv7l_site_classification_34.tsv
cf29138b3836f7d832122d5066d2317ef8c031ec4911d0b81ea84fd31ff203fa  progress/R46/tables/unaggregated_34.tsv
45835fc86713b6f568d9a6eb163b17b5f164b40d6b435b9589ab48434aeaff9f  progress/R51/tables/regression_matrix.tsv
CMAKE_CACHE_X86_SHA
4d2b48d0ce6f787a96b7d8d519b9b69cd6d89702049ed21d69c73d5b77641c73  tmp/R51/build-product-x86_64/CMakeCache.txt
CMAKE_CACHE_ARM_SHA
1454b7beb77926d57b9c692fc95a0c333b06cad29af4a179c9137a616990aa86  tmp/R51/build-product-armv7l/CMakeCache.txt
