#!/usr/bin/env python3
"""Scan R11's verified published-package ELF corpus for R87 mangled forms."""

from __future__ import annotations

import argparse
import csv
import io
import json
import os
import re
import struct
import subprocess
from pathlib import Path
from typing import BinaryIO


SHT_SYMTAB = 2
SHT_DYNSYM = 11


def read_at(stream: BinaryIO, offset: int, size: int) -> bytes:
    stream.seek(offset)
    data = stream.read(size)
    if len(data) != size:
        raise ValueError(f"short read at {offset}: wanted {size}, got {len(data)}")
    return data


def symbol_names(stream: BinaryIO, base: int = 0, extent: int | None = None):
    ident = read_at(stream, base, 16)
    if ident[:4] != b"\x7fELF":
        raise ValueError("not ELF")
    elf_class, data_encoding = ident[4], ident[5]
    if data_encoding not in (1, 2):
        raise ValueError(f"unsupported EI_DATA={data_encoding}")
    endian = "<" if data_encoding == 1 else ">"
    if elf_class == 1:
        header = read_at(stream, base + 16, 36)
        shoff = struct.unpack_from(endian + "I", header, 16)[0]
        shentsize = struct.unpack_from(endian + "H", header, 30)[0]
        shnum = struct.unpack_from(endian + "H", header, 32)[0]
        shfmt = endian + "IIIIIIIIII"
        sym_default_size = 16
    elif elf_class == 2:
        header = read_at(stream, base + 16, 48)
        shoff = struct.unpack_from(endian + "Q", header, 24)[0]
        shentsize = struct.unpack_from(endian + "H", header, 42)[0]
        shnum = struct.unpack_from(endian + "H", header, 44)[0]
        shfmt = endian + "IIQQQQIIQQ"
        sym_default_size = 24
    else:
        raise ValueError(f"unsupported EI_CLASS={elf_class}")
    if shentsize < struct.calcsize(shfmt):
        raise ValueError("short section-header entry")
    if shnum == 0:
        # ELF gABI: e_shnum == 0 stores the real count in sh_size of section 0.
        raw = read_at(stream, base + shoff, struct.calcsize(shfmt))
        shnum = struct.unpack(shfmt, raw)[5]
        if shnum == 0:
            raise ValueError("invalid extended section count 0")

    sections = []
    for index in range(shnum):
        raw = read_at(stream, base + shoff + index * shentsize, struct.calcsize(shfmt))
        fields = struct.unpack(shfmt, raw)
        if elf_class == 1:
            sh_type, offset, size, link, entsize = fields[1], fields[4], fields[5], fields[6], fields[9]
        else:
            sh_type, offset, size, link, entsize = fields[1], fields[4], fields[5], fields[6], fields[9]
        sections.append((sh_type, offset, size, link, entsize))

    for section_index, (sh_type, offset, size, link, entsize) in enumerate(sections):
        if sh_type not in (SHT_SYMTAB, SHT_DYNSYM) or size == 0:
            continue
        if link >= len(sections):
            raise ValueError(f"bad strtab link {link}")
        _, str_offset, str_size, _, _ = sections[link]
        strings = read_at(stream, base + str_offset, str_size)
        entry_size = entsize or sym_default_size
        if entry_size < 4:
            raise ValueError("bad symbol entry size")
        count = size // entry_size
        table_kind = "DYNSYM" if sh_type == SHT_DYNSYM else "SYMTAB"
        for symbol_index in range(count):
            raw = read_at(stream, base + offset + symbol_index * entry_size, 4)
            name_offset = struct.unpack(endian + "I", raw)[0]
            if name_offset == 0 or name_offset >= len(strings):
                continue
            end = strings.find(b"\0", name_offset)
            if end < 0:
                end = len(strings)
            name = strings[name_offset:end]
            if name.startswith(b"_Z"):
                yield table_kind, name.decode("ascii", errors="replace")


def classify(name: str) -> list[str]:
    kinds: list[str] = []
    targets = (
        "condition_variable4wait",
        "condition_variable15__do_timed_wait",
        "wbuffer_convert",
    )
    present = [target for target in targets if target in name]
    if present:
        kinds.append("SITE_NAME_PRESENT:" + ",".join(present))
    if present and "Do" in name:
        kinds.append("SITE_WITH_NOEXCEPT_TYPE_ENCODING")
    if present and ("PDo" in name or "M" in name and "DoF" in name):
        kinds.append("SITE_WITH_POINTER_NOEXCEPT_ENCODING")
    # A type-only use does not carry the member function's name.  For example,
    # `void f(void (std::condition_variable::*)() noexcept)` contains the class
    # name plus `DoF`, but not `wait`.  Retain those separately for review.
    if "condition_variable" in name and "DoF" in name:
        kinds.append("CONDITION_VARIABLE_NOEXCEPT_FUNCTION_TYPE")
    if "wbuffer_convert" in name and "DoF" in name:
        kinds.append("WBUFFER_CONVERT_NOEXCEPT_FUNCTION_TYPE")
    # noexcept/traits can feed a boolean non-type template argument.  This is a
    # candidate only: the mangling cannot say which expression produced it.
    if "wbuffer_convert" in name and re.search(r"L[bB][01]E", name):
        kinds.append("WBUFFER_CONVERT_BOOL_TEMPLATE_CANDIDATE")
    return kinds


def demangle(names: list[str]) -> dict[str, str]:
    if not names:
        return {}
    proc = subprocess.run(["c++filt"], input="\n".join(names) + "\n", text=True,
                          stdout=subprocess.PIPE, stderr=subprocess.PIPE, check=True)
    return dict(zip(names, proc.stdout.splitlines()))


def main() -> int:
    parser = argparse.ArgumentParser()
    parser.add_argument("--shards", required=True, type=Path)
    parser.add_argument("--extracted", required=True, type=Path)
    parser.add_argument("--output", required=True, type=Path)
    parser.add_argument("--summary", required=True, type=Path)
    args = parser.parse_args()

    json_files = sorted(entry.path for entry in os.scandir(args.shards) if entry.name.endswith(".json"))
    package_records = 0
    elf_records = 0
    unique_elf_paths: set[str] = set()
    symbols_seen = 0
    rows: list[tuple[str, str, str, str, str, str, str, str]] = []
    failures: list[tuple[str, str]] = []

    for json_path in json_files:
        try:
            with open(json_path, encoding="utf-8") as stream:
                record = json.load(stream)
        except (OSError, ValueError) as error:
            failures.append((json_path, f"JSON:{error}"))
            continue
        package_records += 1
        package = record["package"]
        sha = package["actual_sha256"]
        root = args.extracted / sha[:2] / sha
        for elf in record["elfs"]:
            elf_records += 1
            path = root / elf["path"].lstrip("/")
            unique_elf_paths.add(str(path))
            try:
                with path.open("rb") as stream:
                    per_file_seen: set[tuple[str, str]] = set()
                    for table_kind, name in symbol_names(stream):
                        key = (table_kind, name)
                        if key in per_file_seen:
                            continue
                        per_file_seen.add(key)
                        symbols_seen += 1
                        for kind in classify(name):
                            rows.append((
                                package["repo_id"], package["name"], package["arch"], sha,
                                elf["path"], table_kind, kind, name,
                            ))
            except (OSError, ValueError, struct.error) as error:
                failures.append((str(path), f"ELF:{error}"))

    names = sorted({row[-1] for row in rows})
    demangled = demangle(names)
    args.output.parent.mkdir(parents=True, exist_ok=True)
    with args.output.open("w", newline="") as stream:
        writer = csv.writer(stream, delimiter="\t", lineterminator="\n")
        writer.writerow(("repo", "package", "arch", "rpm_sha256", "elf_path", "symbol_table",
                         "classification", "raw_symbol", "demangled_symbol"))
        for row in sorted(rows):
            writer.writerow((*row, demangled.get(row[-1], "NOT_AVAILABLE")))

    with args.summary.open("w", newline="") as stream:
        writer = csv.writer(stream, delimiter="\t", lineterminator="\n")
        writer.writerow(("metric", "value"))
        writer.writerow(("json_package_records", package_records))
        writer.writerow(("elf_records", elf_records))
        writer.writerow(("unique_elf_paths", len(unique_elf_paths)))
        writer.writerow(("mangled_symbols_scanned", symbols_seen))
        writer.writerow(("site_symbol_rows", len(rows)))
        writer.writerow(("site_with_noexcept_type_encoding_rows",
                         sum(1 for row in rows if row[-2] == "SITE_WITH_NOEXCEPT_TYPE_ENCODING")))
        writer.writerow(("site_with_pointer_noexcept_encoding_rows",
                         sum(1 for row in rows if row[-2] == "SITE_WITH_POINTER_NOEXCEPT_ENCODING")))
        writer.writerow(("condition_variable_noexcept_function_type_rows",
                         sum(1 for row in rows if row[-2] == "CONDITION_VARIABLE_NOEXCEPT_FUNCTION_TYPE")))
        writer.writerow(("wbuffer_convert_noexcept_function_type_rows",
                         sum(1 for row in rows if row[-2] == "WBUFFER_CONVERT_NOEXCEPT_FUNCTION_TYPE")))
        writer.writerow(("wbuffer_convert_bool_template_candidate_rows",
                         sum(1 for row in rows if row[-2] == "WBUFFER_CONVERT_BOOL_TEMPLATE_CANDIDATE")))
        writer.writerow(("parse_failures", len(failures)))
        for path, reason in failures:
            writer.writerow((f"FAILURE:{path}", reason))

    print(f"json_package_records={package_records}")
    print(f"elf_records={elf_records}")
    print(f"unique_elf_paths={len(unique_elf_paths)}")
    print(f"mangled_symbols_scanned={symbols_seen}")
    print(f"site_symbol_rows={len(rows)}")
    print(f"noexcept_type_rows={sum(1 for row in rows if row[-2] == 'SITE_WITH_NOEXCEPT_TYPE_ENCODING')}")
    print(f"pointer_noexcept_rows={sum(1 for row in rows if row[-2] == 'SITE_WITH_POINTER_NOEXCEPT_ENCODING')}")
    print(f"condition_variable_noexcept_type_rows={sum(1 for row in rows if row[-2] == 'CONDITION_VARIABLE_NOEXCEPT_FUNCTION_TYPE')}")
    print(f"wbuffer_convert_noexcept_type_rows={sum(1 for row in rows if row[-2] == 'WBUFFER_CONVERT_NOEXCEPT_FUNCTION_TYPE')}")
    print(f"wbuffer_convert_bool_candidate_rows={sum(1 for row in rows if row[-2] == 'WBUFFER_CONVERT_BOOL_TEMPLATE_CANDIDATE')}")
    print(f"parse_failures={len(failures)}")
    return 0 if not failures else 2


if __name__ == "__main__":
    raise SystemExit(main())

--- inventory command ---
bash -lc $'\nset -u\nprintf "%s\\n" "===== R11 local roots ====="\nfor p in tmp/R11 tmp/R11/rpms tmp/R11/extracted tmp/R11/binary_extracted tmp/R11/analysis; do\n  if test -e "$p"; then ls -ld "$p"; else printf "NOT_AVAILABLE\\t%s\\n" "$p"; fi\ndone\nprintf "%s\\n" "===== RPM counts by repository/architecture ====="\nfor repo in base_binary unified_binary; do\n  for arch in aarch64 armv7l x86_64 noarch; do\n    dir="tmp/R11/rpms/$repo/$arch"\n    if test -d "$dir"; then count=$(find "$dir" -maxdepth 1 -type f -name "*.rpm" -printf "." | wc -c); printf "%s\\t%s\\t%s\\n" "$repo" "$arch" "$count"; else printf "%s\\t%s\\tNOT_AVAILABLE\\n" "$repo" "$arch"; fi\n  done\ndone\nprintf "%s\\n" "===== R11 binary summaries ====="\ncat docs/progress/R11/tables/binary_download_summary.tsv\ncat docs/progress/R11/tables/failure_registry.tsv\nprintf "%s\\n" "===== likely extraction paths from records ====="\nrg -n "tmp/R11/(extract|binary|payload|rpms)" docs/progress/R11/tables docs/progress/R11/tools docs/progress/R11/commands | sed -n "1,180p"\n' 

--- inventory output ---
===== R11 local roots =====
drwxrwxr-x 19 toolchain toolchain 4096 Aug  6 14:26 tmp/R11
drwxrwxr-x 4 toolchain toolchain 4096 Aug  6 13:05 tmp/R11/rpms
drwxrwxr-x 258 toolchain toolchain 4096 Aug  6 13:31 tmp/R11/extracted
NOT_AVAILABLE	tmp/R11/binary_extracted
NOT_AVAILABLE	tmp/R11/analysis
===== RPM counts by repository/architecture =====
base_binary	aarch64	532
base_binary	armv7l	527
base_binary	x86_64	531
base_binary	noarch	122
unified_binary	aarch64	3224
unified_binary	armv7l	3165
unified_binary	x86_64	3078
unified_binary	noarch	139
===== R11 binary summaries =====
metric	value	unit_or_definition
attempted	11332	binary package records
passed	11332	binary packages downloaded and checksum-verified
failed	0	binary packages
bytes_verified	13570541231	bytes
passed_arch_aarch64	3756	binary packages
passed_arch_armv7l	3692	binary packages
passed_arch_i586	5	binary packages
passed_arch_noarch	261	binary packages
passed_arch_riscv64	9	binary packages
passed_arch_x86_64	3609	binary packages
stage	failure_numerator	denominator	unit	status	affected_and_reason
binary_RPM_download_and_checksum	0	11332	binary_package_records	PASS_ZERO_FAILURE	NONE
binary_RPM_extraction	0	11332	binary_package_records	PASS_ZERO_FAILURE	NONE
ELF_readelf_analysis	0	39166	ELF_files	PASS_ZERO_FAILURE	NONE
source_RPM_download_and_checksum	0	1450	source_package_records	PASS_ZERO_FAILURE	NONE
source_spec_extraction	1	1450	source_package_records	PARTIAL_WITH_REGISTERED_FAILURE	chromium-efl:files over 4GB not supported by cpio, use rpm2archive instead\ncpio: premature end of archive\n
dlopen_target_source_RPM_extraction	1	235	dlopen_target_source_package_records	PARTIAL_WITH_REGISTERED_FAILURE	chromium-efl-1.1.144-1.src.rpm:FAILED
dlopen_source_archive_expansion	0	400	recognized_source_archive_files	PASS_ZERO_FAILURE	NONE
===== likely extraction paths from records =====
docs/progress/R11/tables/special_unwinder_packages.tsv:2:platform_nongnu	nongnu_runtime	aarch64	libunwind	0	1.6.2	1.2	09dc9c146a2cf82e7646227e1235b87b0510f136cf88904762cef77a662c3080	tmp/R11/rpms/base_binary/aarch64/libunwind-1.6.2-1.2.aarch64.rpm
docs/progress/R11/tables/special_unwinder_packages.tsv:3:platform_nongnu	nongnu_runtime	armv7l	libunwind	0	1.6.2	1.3	5917957f8831e3b7d3c70428fddc3b568772c4e49cfc88a98c34fee4113e6dfe	tmp/R11/rpms/base_binary/armv7l/libunwind-1.6.2-1.3.armv7l.rpm
docs/progress/R11/tables/special_unwinder_packages.tsv:4:platform_nongnu	nongnu_runtime	x86_64	libunwind	0	1.6.2	1.2	1ef38dd1b74597d1e4a56b8f9c786954bd0dcdebd9261f07845c7225b8027830	tmp/R11/rpms/base_binary/x86_64/libunwind-1.6.2-1.2.x86_64.rpm
docs/progress/R11/tables/special_unwinder_packages.tsv:5:platform_nongnu	nongnu_devel	aarch64	libunwind-devel	0	1.6.2	1.2	82f0ba7c507f20604640db0be8906ebd9d72f986748af735700d0a0f07eccfa7	tmp/R11/rpms/base_binary/aarch64/libunwind-devel-1.6.2-1.2.aarch64.rpm
docs/progress/R11/tables/special_unwinder_packages.tsv:6:platform_nongnu	nongnu_devel	armv7l	libunwind-devel	0	1.6.2	1.3	b2ff89ec7d7d90920d36559705be9ed3df2ea29e589e36ade002a5f5e0980c17	tmp/R11/rpms/base_binary/armv7l/libunwind-devel-1.6.2-1.3.armv7l.rpm
docs/progress/R11/tables/special_unwinder_packages.tsv:7:platform_nongnu	nongnu_devel	x86_64	libunwind-devel	0	1.6.2	1.2	77c1d3da706e5ebb27dc0723266559fe0b501dfd68bc8e8bc5d085eaa6077d1e	tmp/R11/rpms/base_binary/x86_64/libunwind-devel-1.6.2-1.2.x86_64.rpm
docs/progress/R11/tables/special_unwinder_packages.tsv:8:platform_repo_llvm	llvm_runtime	aarch64	libc++	0	22.1.8	19.1	7b8399da9e44581207c907dd5a25d65c31a63eab074a9760d3bc3a11372e8657	tmp/R11/rpms/base_binary/aarch64/libc++-22.1.8-19.1.aarch64.rpm
docs/progress/R11/tables/special_unwinder_packages.tsv:9:platform_repo_llvm	llvm_runtime	armv7l	libc++	0	22.1.8	19.1	9bda3e524b7ff5384c44baa1d85808ec71cc78db7c17bf71726e24c6c6bd4c99	tmp/R11/rpms/base_binary/armv7l/libc++-22.1.8-19.1.armv7l.rpm
docs/progress/R11/tables/special_unwinder_packages.tsv:10:platform_repo_llvm	llvm_runtime	x86_64	libc++	0	22.1.8	19.1	d26445e70789d212f9eb59d31f36cad3aa3eae051f7f9712ec0aab118cf3bfe7	tmp/R11/rpms/base_binary/x86_64/libc++-22.1.8-19.1.x86_64.rpm
docs/progress/R11/tables/special_unwinder_packages.tsv:11:platform_repo_llvm	llvm_devel	aarch64	libc++-devel	0	22.1.8	19.1	2161b791017f8be7008f6e3c26536a851806aad2e57ffb6d0d06d6a6ad81225c	tmp/R11/rpms/base_binary/aarch64/libc++-devel-22.1.8-19.1.aarch64.rpm
docs/progress/R11/tables/special_unwinder_packages.tsv:12:platform_repo_llvm	llvm_devel	armv7l	libc++-devel	0	22.1.8	19.1	7abf45b8463075ba46aadeb79f80510e29a24518d6112cd5691fe7f2d597f559	tmp/R11/rpms/base_binary/armv7l/libc++-devel-22.1.8-19.1.armv7l.rpm
docs/progress/R11/tables/special_unwinder_packages.tsv:13:platform_repo_llvm	llvm_devel	x86_64	libc++-devel	0	22.1.8	19.1	f3fb6f5c8718345aeb000104f9b47e760d69cba29b8ffd0ab6dbcca0f0c0a13d	tmp/R11/rpms/base_binary/x86_64/libc++-devel-22.1.8-19.1.x86_64.rpm
docs/progress/R11/tables/special_unwinder_packages.tsv:14:platform_gcc	libgcc_runtime	aarch64	libgcc	0	14.2.0	1.15	c3c00b54b4714c9aa4e3ab87b1eca43af33dbc62c4d49067be27270d8733023c	tmp/R11/rpms/base_binary/aarch64/libgcc-14.2.0-1.15.aarch64.rpm
docs/progress/R11/tables/special_unwinder_packages.tsv:15:platform_gcc	libgcc_runtime	armv7l	libgcc	0	14.2.0	1.15	4196ba8ad21f98428d749f796b75c120f30beef644b1beb5d0815461c37ecf73	tmp/R11/rpms/base_binary/armv7l/libgcc-14.2.0-1.15.armv7l.rpm
docs/progress/R11/tables/special_unwinder_packages.tsv:16:platform_gcc	libgcc_runtime	x86_64	libgcc	0	14.2.0	1.13	fe622fb74e245c939c61ea5cca98dcbfc342fa7e12b1de0d8602be19ed35c441	tmp/R11/rpms/base_binary/x86_64/libgcc-14.2.0-1.13.x86_64.rpm
docs/progress/R11/tables/special_unwinder_exports.tsv:2:platform_nongnu	nongnu_runtime	aarch64	libunwind	0	1.6.2	1.2	09dc9c146a2cf82e7646227e1235b87b0510f136cf88904762cef77a662c3080	tmp/R11/rpms/base_binary/aarch64/libunwind-1.6.2-1.2.aarch64.rpm	/usr/lib64/libunwind-aarch64.so.8.0.1	libunwind-aarch64.so.8	FUNC	GLOBAL	DEFAULT	_Uaarch64_get_proc_name	_Uaarch64_get_proc_name	NO_VERSION
docs/progress/R11/tables/special_unwinder_exports.tsv:3:platform_nongnu	nongnu_runtime	aarch64	libunwind	0	1.6.2	1.2	09dc9c146a2cf82e7646227e1235b87b0510f136cf88904762cef77a662c3080	tmp/R11/rpms/base_binary/aarch64/libunwind-1.6.2-1.2.aarch64.rpm	/usr/lib64/libunwind-aarch64.so.8.0.1	libunwind-aarch64.so.8	FUNC	GLOBAL	DEFAULT	_Uaarch64_set_caching_policy	_Uaarch64_set_caching_policy	NO_VERSION
docs/progress/R11/tables/special_unwinder_exports.tsv:4:platform_nongnu	nongnu_runtime	aarch64	libunwind	0	1.6.2	1.2	09dc9c146a2cf82e7646227e1235b87b0510f136cf88904762cef77a662c3080	tmp/R11/rpms/base_binary/aarch64/libunwind-1.6.2-1.2.aarch64.rpm	/usr/lib64/libunwind-aarch64.so.8.0.1	libunwind-aarch64.so.8	FUNC	GLOBAL	DEFAULT	_Uaarch64_get_proc_info	_Uaarch64_get_proc_info	NO_VERSION
docs/progress/R11/tables/special_unwinder_exports.tsv:5:platform_nongnu	nongnu_runtime	aarch64	libunwind	0	1.6.2	1.2	09dc9c146a2cf82e7646227e1235b87b0510f136cf88904762cef77a662c3080	tmp/R11/rpms/base_binary/aarch64/libunwind-1.6.2-1.2.aarch64.rpm	/usr/lib64/libunwind-aarch64.so.8.0.1	libunwind-aarch64.so.8	FUNC	GLOBAL	DEFAULT	_Uaarch64_create_addr_space	_Uaarch64_create_addr_space	NO_VERSION
docs/progress/R11/tables/special_unwinder_exports.tsv:6:platform_nongnu	nongnu_runtime	aarch64	libunwind	0	1.6.2	1.2	09dc9c146a2cf82e7646227e1235b87b0510f136cf88904762cef77a662c3080	tmp/R11/rpms/base_binary/aarch64/libunwind-1.6.2-1.2.aarch64.rpm	/usr/lib64/libunwind-aarch64.so.8.0.1	libunwind-aarch64.so.8	FUNC	GLOBAL	DEFAULT	_Uaarch64_get_proc_info_by_ip	_Uaarch64_get_proc_info_by_ip	NO_VERSION
docs/progress/R11/tables/special_unwinder_exports.tsv:7:platform_nongnu	nongnu_runtime	aarch64	libunwind	0	1.6.2	1.2	09dc9c146a2cf82e7646227e1235b87b0510f136cf88904762cef77a662c3080	tmp/R11/rpms/base_binary/aarch64/libunwind-1.6.2-1.2.aarch64.rpm	/usr/lib64/libunwind-aarch64.so.8.0.1	libunwind-aarch64.so.8	FUNC	GLOBAL	DEFAULT	_Uaarch64_strerror	_Uaarch64_strerror	NO_VERSION
docs/progress/R11/tables/special_unwinder_exports.tsv:8:platform_nongnu	nongnu_runtime	aarch64	libunwind	0	1.6.2	1.2	09dc9c146a2cf82e7646227e1235b87b0510f136cf88904762cef77a662c3080	tmp/R11/rpms/base_binary/aarch64/libunwind-1.6.2-1.2.aarch64.rpm	/usr/lib64/libunwind-aarch64.so.8.0.1	libunwind-aarch64.so.8	FUNC	GLOBAL	DEFAULT	_Uaarch64_flush_cache	_Uaarch64_flush_cache	NO_VERSION
docs/progress/R11/tables/special_unwinder_exports.tsv:9:platform_nongnu	nongnu_runtime	aarch64	libunwind	0	1.6.2	1.2	09dc9c146a2cf82e7646227e1235b87b0510f136cf88904762cef77a662c3080	tmp/R11/rpms/base_binary/aarch64/libunwind-1.6.2-1.2.aarch64.rpm	/usr/lib64/libunwind-aarch64.so.8.0.1	libunwind-aarch64.so.8	FUNC	GLOBAL	DEFAULT	_Uaarch64_get_accessors	_Uaarch64_get_accessors	NO_VERSION
docs/progress/R11/tables/special_unwinder_exports.tsv:10:platform_nongnu	nongnu_runtime	aarch64	libunwind	0	1.6.2	1.2	09dc9c146a2cf82e7646227e1235b87b0510f136cf88904762cef77a662c3080	tmp/R11/rpms/base_binary/aarch64/libunwind-1.6.2-1.2.aarch64.rpm	/usr/lib64/libunwind-aarch64.so.8.0.1	libunwind-aarch64.so.8	FUNC	GLOBAL	DEFAULT	_Uaarch64_dwarf_find_unwind_table	_Uaarch64_dwarf_find_unwind_table	NO_VERSION
docs/progress/R11/tables/special_unwinder_exports.tsv:11:platform_nongnu	nongnu_runtime	aarch64	libunwind	0	1.6.2	1.2	09dc9c146a2cf82e7646227e1235b87b0510f136cf88904762cef77a662c3080	tmp/R11/rpms/base_binary/aarch64/libunwind-1.6.2-1.2.aarch64.rpm	/usr/lib64/libunwind-aarch64.so.8.0.1	libunwind-aarch64.so.8	FUNC	GLOBAL	DEFAULT	_Uaarch64_set_cache_size	_Uaarch64_set_cache_size	NO_VERSION
docs/progress/R11/tables/special_unwinder_exports.tsv:12:platform_nongnu	nongnu_runtime	aarch64	libunwind	0	1.6.2	1.2	09dc9c146a2cf82e7646227e1235b87b0510f136cf88904762cef77a662c3080	tmp/R11/rpms/base_binary/aarch64/libunwind-1.6.2-1.2.aarch64.rpm	/usr/lib64/libunwind-aarch64.so.8.0.1	libunwind-aarch64.so.8	FUNC	GLOBAL	DEFAULT	_Uaarch64_get_fpreg	_Uaarch64_get_fpreg	NO_VERSION
docs/progress/R11/tables/special_unwinder_exports.tsv:13:platform_nongnu	nongnu_runtime	aarch64	libunwind	0	1.6.2	1.2	09dc9c146a2cf82e7646227e1235b87b0510f136cf88904762cef77a662c3080	tmp/R11/rpms/base_binary/aarch64/libunwind-1.6.2-1.2.aarch64.rpm	/usr/lib64/libunwind-aarch64.so.8.0.1	libunwind-aarch64.so.8	OBJECT	GLOBAL	DEFAULT	_Uaarch64_local_addr_space	_Uaarch64_local_addr_space	NO_VERSION
docs/progress/R11/tables/special_unwinder_exports.tsv:14:platform_nongnu	nongnu_runtime	aarch64	libunwind	0	1.6.2	1.2	09dc9c146a2cf82e7646227e1235b87b0510f136cf88904762cef77a662c3080	tmp/R11/rpms/base_binary/aarch64/libunwind-1.6.2-1.2.aarch64.rpm	/usr/lib64/libunwind-aarch64.so.8.0.1	libunwind-aarch64.so.8	FUNC	GLOBAL	DEFAULT	_Uaarch64_get_reg	_Uaarch64_get_reg	NO_VERSION
docs/progress/R11/tables/special_unwinder_exports.tsv:15:platform_nongnu	nongnu_runtime	aarch64	libunwind	0	1.6.2	1.2	09dc9c146a2cf82e7646227e1235b87b0510f136cf88904762cef77a662c3080	tmp/R11/rpms/base_binary/aarch64/libunwind-1.6.2-1.2.aarch64.rpm	/usr/lib64/libunwind-aarch64.so.8.0.1	libunwind-aarch64.so.8	FUNC	GLOBAL	DEFAULT	_Uaarch64_apply_reg_state	_Uaarch64_apply_reg_state	NO_VERSION
docs/progress/R11/tables/special_unwinder_exports.tsv:16:platform_nongnu	nongnu_runtime	aarch64	libunwind	0	1.6.2	1.2	09dc9c146a2cf82e7646227e1235b87b0510f136cf88904762cef77a662c3080	tmp/R11/rpms/base_binary/aarch64/libunwind-1.6.2-1.2.aarch64.rpm	/usr/lib64/libunwind-aarch64.so.8.0.1	libunwind-aarch64.so.8	FUNC	GLOBAL	DEFAULT	_Uaarch64_step	_Uaarch64_step	NO_VERSION
docs/progress/R11/tables/special_unwinder_exports.tsv:17:platform_nongnu	nongnu_runtime	aarch64	libunwind	0	1.6.2	1.2	09dc9c146a2cf82e7646227e1235b87b0510f136cf88904762cef77a662c3080	tmp/R11/rpms/base_binary/aarch64/libunwind-1.6.2-1.2.aarch64.rpm	/usr/lib64/libunwind-aarch64.so.8.0.1	libunwind-aarch64.so.8	FUNC	GLOBAL	DEFAULT	_Uaarch64_resume	_Uaarch64_resume	NO_VERSION
docs/progress/R11/tables/special_unwinder_exports.tsv:18:platform_nongnu	nongnu_runtime	aarch64	libunwind	0	1.6.2	1.2	09dc9c146a2cf82e7646227e1235b87b0510f136cf88904762cef77a662c3080	tmp/R11/rpms/base_binary/aarch64/libunwind-1.6.2-1.2.aarch64.rpm	/usr/lib64/libunwind-aarch64.so.8.0.1	libunwind-aarch64.so.8	FUNC	GLOBAL	DEFAULT	_Uaarch64_get_exe_image_path	_Uaarch64_get_exe_image_path	NO_VERSION
docs/progress/R11/tables/special_unwinder_exports.tsv:19:platform_nongnu	nongnu_runtime	aarch64	libunwind	0	1.6.2	1.2	09dc9c146a2cf82e7646227e1235b87b0510f136cf88904762cef77a662c3080	tmp/R11/rpms/base_binary/aarch64/libunwind-1.6.2-1.2.aarch64.rpm	/usr/lib64/libunwind-aarch64.so.8.0.1	libunwind-aarch64.so.8	FUNC	GLOBAL	DEFAULT	_Uaarch64_regname	_Uaarch64_regname	NO_VERSION
docs/progress/R11/tables/special_unwinder_exports.tsv:20:platform_nongnu	nongnu_runtime	aarch64	libunwind	0	1.6.2	1.2	09dc9c146a2cf82e7646227e1235b87b0510f136cf88904762cef77a662c3080	tmp/R11/rpms/base_binary/aarch64/libunwind-1.6.2-1.2.aarch64.rpm	/usr/lib64/libunwind-aarch64.so.8.0.1	libunwind-aarch64.so.8	FUNC	GLOBAL	DEFAULT	_Uaarch64_dwarf_search_unwind_table	_Uaarch64_dwarf_search_unwind_table	NO_VERSION
docs/progress/R11/tables/special_unwinder_exports.tsv:21:platform_nongnu	nongnu_runtime	aarch64	libunwind	0	1.6.2	1.2	09dc9c146a2cf82e7646227e1235b87b0510f136cf88904762cef77a662c3080	tmp/R11/rpms/base_binary/aarch64/libunwind-1.6.2-1.2.aarch64.rpm	/usr/lib64/libunwind-aarch64.so.8.0.1	libunwind-aarch64.so.8	FUNC	GLOBAL	DEFAULT	_Uaarch64_init_remote	_Uaarch64_init_remote	NO_VERSION
docs/progress/R11/tables/special_unwinder_exports.tsv:22:platform_nongnu	nongnu_runtime	aarch64	libunwind	0	1.6.2	1.2	09dc9c146a2cf82e7646227e1235b87b0510f136cf88904762cef77a662c3080	tmp/R11/rpms/base_binary/aarch64/libunwind-1.6.2-1.2.aarch64.rpm	/usr/lib64/libunwind-aarch64.so.8.0.1	libunwind-aarch64.so.8	FUNC	GLOBAL	DEFAULT	_Uaarch64_destroy_addr_space	_Uaarch64_destroy_addr_space	NO_VERSION
docs/progress/R11/tables/special_unwinder_exports.tsv:23:platform_nongnu	nongnu_runtime	aarch64	libunwind	0	1.6.2	1.2	09dc9c146a2cf82e7646227e1235b87b0510f136cf88904762cef77a662c3080	tmp/R11/rpms/base_binary/aarch64/libunwind-1.6.2-1.2.aarch64.rpm	/usr/lib64/libunwind-aarch64.so.8.0.1	libunwind-aarch64.so.8	FUNC	GLOBAL	DEFAULT	_Uaarch64_is_signal_frame	_Uaarch64_is_signal_frame	NO_VERSION
docs/progress/R11/tables/special_unwinder_exports.tsv:24:platform_nongnu	nongnu_runtime	aarch64	libunwind	0	1.6.2	1.2	09dc9c146a2cf82e7646227e1235b87b0510f136cf88904762cef77a662c3080	tmp/R11/rpms/base_binary/aarch64/libunwind-1.6.2-1.2.aarch64.rpm	/usr/lib64/libunwind-aarch64.so.8.0.1	libunwind-aarch64.so.8	FUNC	GLOBAL	DEFAULT	_Uaarch64_dwarf_find_debug_frame	_Uaarch64_dwarf_find_debug_frame	NO_VERSION
docs/progress/R11/tables/special_unwinder_exports.tsv:25:platform_nongnu	nongnu_runtime	aarch64	libunwind	0	1.6.2	1.2	09dc9c146a2cf82e7646227e1235b87b0510f136cf88904762cef77a662c3080	tmp/R11/rpms/base_binary/aarch64/libunwind-1.6.2-1.2.aarch64.rpm	/usr/lib64/libunwind-aarch64.so.8.0.1	libunwind-aarch64.so.8	FUNC	GLOBAL	DEFAULT	_Uaarch64_get_save_loc	_Uaarch64_get_save_loc	NO_VERSION
docs/progress/R11/tables/special_unwinder_exports.tsv:26:platform_nongnu	nongnu_runtime	aarch64	libunwind	0	1.6.2	1.2	09dc9c146a2cf82e7646227e1235b87b0510f136cf88904762cef77a662c3080	tmp/R11/rpms/base_binary/aarch64/libunwind-1.6.2-1.2.aarch64.rpm	/usr/lib64/libunwind-aarch64.so.8.0.1	libunwind-aarch64.so.8	FUNC	GLOBAL	DEFAULT	_Uaarch64_init_local	_Uaarch64_init_local	NO_VERSION
docs/progress/R11/tables/special_unwinder_exports.tsv:27:platform_nongnu	nongnu_runtime	aarch64	libunwind	0	1.6.2	1.2	09dc9c146a2cf82e7646227e1235b87b0510f136cf88904762cef77a662c3080	tmp/R11/rpms/base_binary/aarch64/libunwind-1.6.2-1.2.aarch64.rpm	/usr/lib64/libunwind-aarch64.so.8.0.1	libunwind-aarch64.so.8	FUNC	GLOBAL	DEFAULT	_Uaarch64_init_local2	_Uaarch64_init_local2	NO_VERSION
docs/progress/R11/tables/special_unwinder_exports.tsv:28:platform_nongnu	nongnu_runtime	aarch64	libunwind	0	1.6.2	1.2	09dc9c146a2cf82e7646227e1235b87b0510f136cf88904762cef77a662c3080	tmp/R11/rpms/base_binary/aarch64/libunwind-1.6.2-1.2.aarch64.rpm	/usr/lib64/libunwind-aarch64.so.8.0.1	libunwind-aarch64.so.8	FUNC	GLOBAL	DEFAULT	_Uaarch64_set_reg	_Uaarch64_set_reg	NO_VERSION
docs/progress/R11/tables/special_unwinder_exports.tsv:29:platform_nongnu	nongnu_runtime	aarch64	libunwind	0	1.6.2	1.2	09dc9c146a2cf82e7646227e1235b87b0510f136cf88904762cef77a662c3080	tmp/R11/rpms/base_binary/aarch64/libunwind-1.6.2-1.2.aarch64.rpm	/usr/lib64/libunwind-aarch64.so.8.0.1	libunwind-aarch64.so.8	FUNC	GLOBAL	DEFAULT	_Uaarch64_is_fpreg	_Uaarch64_is_fpreg	NO_VERSION
docs/progress/R11/tables/special_unwinder_exports.tsv:30:platform_nongnu	nongnu_runtime	aarch64	libunwind	0	1.6.2	1.2	09dc9c146a2cf82e7646227e1235b87b0510f136cf88904762cef77a662c3080	tmp/R11/rpms/base_binary/aarch64/libunwind-1.6.2-1.2.aarch64.rpm	/usr/lib64/libunwind-aarch64.so.8.0.1	libunwind-aarch64.so.8	FUNC	GLOBAL	DEFAULT	_Uaarch64_set_fpreg	_Uaarch64_set_fpreg	NO_VERSION
docs/progress/R11/tables/special_unwinder_exports.tsv:31:platform_nongnu	nongnu_runtime	aarch64	libunwind	0	1.6.2	1.2	09dc9c146a2cf82e7646227e1235b87b0510f136cf88904762cef77a662c3080	tmp/R11/rpms/base_binary/aarch64/libunwind-1.6.2-1.2.aarch64.rpm	/usr/lib64/libunwind-aarch64.so.8.0.1	libunwind-aarch64.so.8	FUNC	GLOBAL	DEFAULT	_Uaarch64_get_elf_image	_Uaarch64_get_elf_image	NO_VERSION
docs/progress/R11/tables/special_unwinder_exports.tsv:32:platform_nongnu	nongnu_runtime	aarch64	libunwind	0	1.6.2	1.2	09dc9c146a2cf82e7646227e1235b87b0510f136cf88904762cef77a662c3080	tmp/R11/rpms/base_binary/aarch64/libunwind-1.6.2-1.2.aarch64.rpm	/usr/lib64/libunwind-aarch64.so.8.0.1	libunwind-aarch64.so.8	FUNC	GLOBAL	DEFAULT	_Uaarch64_reg_states_iterate	_Uaarch64_reg_states_iterate	NO_VERSION
docs/progress/R11/tables/special_unwinder_exports.tsv:33:platform_nongnu	nongnu_runtime	aarch64	libunwind	0	1.6.2	1.2	09dc9c146a2cf82e7646227e1235b87b0510f136cf88904762cef77a662c3080	tmp/R11/rpms/base_binary/aarch64/libunwind-1.6.2-1.2.aarch64.rpm	/usr/lib64/libunwind-coredump.so.0.0.0	libunwind-coredump.so.0	FUNC	GLOBAL	DEFAULT	_UCD_get_num_threads	_UCD_get_num_threads	NO_VERSION
docs/progress/R11/tables/special_unwinder_exports.tsv:34:platform_nongnu	nongnu_runtime	aarch64	libunwind	0	1.6.2	1.2	09dc9c146a2cf82e7646227e1235b87b0510f136cf88904762cef77a662c3080	tmp/R11/rpms/base_binary/aarch64/libunwind-1.6.2-1.2.aarch64.rpm	/usr/lib64/libunwind-coredump.so.0.0.0	libunwind-coredump.so.0	FUNC	GLOBAL	DEFAULT	_UCD_add_backing_file_at_segment	_UCD_add_backing_file_at_segment	NO_VERSION
docs/progress/R11/tables/special_unwinder_exports.tsv:35:platform_nongnu	nongnu_runtime	aarch64	libunwind	0	1.6.2	1.2	09dc9c146a2cf82e7646227e1235b87b0510f136cf88904762cef77a662c3080	tmp/R11/rpms/base_binary/aarch64/libunwind-1.6.2-1.2.aarch64.rpm	/usr/lib64/libunwind-coredump.so.0.0.0	libunwind-coredump.so.0	FUNC	GLOBAL	DEFAULT	_UCD_get_mapinfo	_UCD_get_mapinfo	NO_VERSION
docs/progress/R11/tables/special_unwinder_exports.tsv:36:platform_nongnu	nongnu_runtime	aarch64	libunwind	0	1.6.2	1.2	09dc9c146a2cf82e7646227e1235b87b0510f136cf88904762cef77a662c3080	tmp/R11/rpms/base_binary/aarch64/libunwind-1.6.2-1.2.aarch64.rpm	/usr/lib64/libunwind-coredump.so.0.0.0	libunwind-coredump.so.0	FUNC	GLOBAL	DEFAULT	_UCD_get_threadinfo	_UCD_get_threadinfo	NO_VERSION
docs/progress/R11/tables/special_unwinder_exports.tsv:37:platform_nongnu	nongnu_runtime	aarch64	libunwind	0	1.6.2	1.2	09dc9c146a2cf82e7646227e1235b87b0510f136cf88904762cef77a662c3080	tmp/R11/rpms/base_binary/aarch64/libunwind-1.6.2-1.2.aarch64.rpm	/usr/lib64/libunwind-coredump.so.0.0.0	libunwind-coredump.so.0	FUNC	GLOBAL	DEFAULT	_UCD_add_backing_file_at_vaddr	_UCD_add_backing_file_at_vaddr	NO_VERSION
docs/progress/R11/tables/special_unwinder_exports.tsv:38:platform_nongnu	nongnu_runtime	aarch64	libunwind	0	1.6.2	1.2	09dc9c146a2cf82e7646227e1235b87b0510f136cf88904762cef77a662c3080	tmp/R11/rpms/base_binary/aarch64/libunwind-1.6.2-1.2.aarch64.rpm	/usr/lib64/libunwind-coredump.so.0.0.0	libunwind-coredump.so.0	FUNC	GLOBAL	DEFAULT	_UCD_get_proc_name	_UCD_get_proc_name	NO_VERSION
docs/progress/R11/tables/special_unwinder_exports.tsv:39:platform_nongnu	nongnu_runtime	aarch64	libunwind	0	1.6.2	1.2	09dc9c146a2cf82e7646227e1235b87b0510f136cf88904762cef77a662c3080	tmp/R11/rpms/base_binary/aarch64/libunwind-1.6.2-1.2.aarch64.rpm	/usr/lib64/libunwind-coredump.so.0.0.0	libunwind-coredump.so.0	FUNC	GLOBAL	DEFAULT	_UCD_find_proc_info	_UCD_find_proc_info	NO_VERSION
docs/progress/R11/tables/special_unwinder_exports.tsv:40:platform_nongnu	nongnu_runtime	aarch64	libunwind	0	1.6.2	1.2	09dc9c146a2cf82e7646227e1235b87b0510f136cf88904762cef77a662c3080	tmp/R11/rpms/base_binary/aarch64/libunwind-1.6.2-1.2.aarch64.rpm	/usr/lib64/libunwind-coredump.so.0.0.0	libunwind-coredump.so.0	FUNC	GLOBAL	DEFAULT	_UCD_put_unwind_info	_UCD_put_unwind_info	NO_VERSION
docs/progress/R11/tables/special_unwinder_exports.tsv:41:platform_nongnu	nongnu_runtime	aarch64	libunwind	0	1.6.2	1.2	09dc9c146a2cf82e7646227e1235b87b0510f136cf88904762cef77a662c3080	tmp/R11/rpms/base_binary/aarch64/libunwind-1.6.2-1.2.aarch64.rpm	/usr/lib64/libunwind-coredump.so.0.0.0	libunwind-coredump.so.0	FUNC	GLOBAL	DEFAULT	_UCD_get_cursig	_UCD_get_cursig	NO_VERSION
docs/progress/R11/tables/special_unwinder_exports.tsv:42:platform_nongnu	nongnu_runtime	aarch64	libunwind	0	1.6.2	1.2	09dc9c146a2cf82e7646227e1235b87b0510f136cf88904762cef77a662c3080	tmp/R11/rpms/base_binary/aarch64/libunwind-1.6.2-1.2.aarch64.rpm	/usr/lib64/libunwind-coredump.so.0.0.0	libunwind-coredump.so.0	FUNC	GLOBAL	DEFAULT	_UCD_access_fpreg	_UCD_access_fpreg	NO_VERSION
docs/progress/R11/tables/special_unwinder_exports.tsv:43:platform_nongnu	nongnu_runtime	aarch64	libunwind	0	1.6.2	1.2	09dc9c146a2cf82e7646227e1235b87b0510f136cf88904762cef77a662c3080	tmp/R11/rpms/base_binary/aarch64/libunwind-1.6.2-1.2.aarch64.rpm	/usr/lib64/libunwind-coredump.so.0.0.0	libunwind-coredump.so.0	FUNC	GLOBAL	DEFAULT	_UCD_destroy	_UCD_destroy	NO_VERSION
docs/progress/R11/tables/special_unwinder_exports.tsv:44:platform_nongnu	nongnu_runtime	aarch64	libunwind	0	1.6.2	1.2	09dc9c146a2cf82e7646227e1235b87b0510f136cf88904762cef77a662c3080	tmp/R11/rpms/base_binary/aarch64/libunwind-1.6.2-1.2.aarch64.rpm	/usr/lib64/libunwind-coredump.so.0.0.0	libunwind-coredump.so.0	FUNC	GLOBAL	DEFAULT	_UCD_select_thread	_UCD_select_thread	NO_VERSION
docs/progress/R11/tables/special_unwinder_exports.tsv:45:platform_nongnu	nongnu_runtime	aarch64	libunwind	0	1.6.2	1.2	09dc9c146a2cf82e7646227e1235b87b0510f136cf88904762cef77a662c3080	tmp/R11/rpms/base_binary/aarch64/libunwind-1.6.2-1.2.aarch64.rpm	/usr/lib64/libunwind-coredump.so.0.0.0	libunwind-coredump.so.0	FUNC	GLOBAL	DEFAULT	_UCD_access_reg	_UCD_access_reg	NO_VERSION
docs/progress/R11/tables/special_unwinder_exports.tsv:46:platform_nongnu	nongnu_runtime	aarch64	libunwind	0	1.6.2	1.2	09dc9c146a2cf82e7646227e1235b87b0510f136cf88904762cef77a662c3080	tmp/R11/rpms/base_binary/aarch64/libunwind-1.6.2-1.2.aarch64.rpm	/usr/lib64/libunwind-coredump.so.0.0.0	libunwind-coredump.so.0	FUNC	GLOBAL	DEFAULT	_UCD_access_mem	_UCD_access_mem	NO_VERSION
docs/progress/R11/tables/special_unwinder_exports.tsv:47:platform_nongnu	nongnu_runtime	aarch64	libunwind	0	1.6.2	1.2	09dc9c146a2cf82e7646227e1235b87b0510f136cf88904762cef77a662c3080	tmp/R11/rpms/base_binary/aarch64/libunwind-1.6.2-1.2.aarch64.rpm	/usr/lib64/libunwind-coredump.so.0.0.0	libunwind-coredump.so.0	FUNC	GLOBAL	DEFAULT	_UCD_create	_UCD_create	NO_VERSION
docs/progress/R11/tables/special_unwinder_exports.tsv:48:platform_nongnu	nongnu_runtime	aarch64	libunwind	0	1.6.2	1.2	09dc9c146a2cf82e7646227e1235b87b0510f136cf88904762cef77a662c3080	tmp/R11/rpms/base_binary/aarch64/libunwind-1.6.2-1.2.aarch64.rpm	/usr/lib64/libunwind-coredump.so.0.0.0	libunwind-coredump.so.0	FUNC	GLOBAL	DEFAULT	_UCD_resume	_UCD_resume	NO_VERSION
docs/progress/R11/tables/special_unwinder_exports.tsv:49:platform_nongnu	nongnu_runtime	aarch64	libunwind	0	1.6.2	1.2	09dc9c146a2cf82e7646227e1235b87b0510f136cf88904762cef77a662c3080	tmp/R11/rpms/base_binary/aarch64/libunwind-1.6.2-1.2.aarch64.rpm	/usr/lib64/libunwind-coredump.so.0.0.0	libunwind-coredump.so.0	OBJECT	GLOBAL	DEFAULT	_UCD_accessors	_UCD_accessors	NO_VERSION
docs/progress/R11/tables/special_unwinder_exports.tsv:50:platform_nongnu	nongnu_runtime	aarch64	libunwind	0	1.6.2	1.2	09dc9c146a2cf82e7646227e1235b87b0510f136cf88904762cef77a662c3080	tmp/R11/rpms/base_binary/aarch64/libunwind-1.6.2-1.2.aarch64.rpm	/usr/lib64/libunwind-coredump.so.0.0.0	libunwind-coredump.so.0	FUNC	GLOBAL	DEFAULT	_UCD_get_pid	_UCD_get_pid	NO_VERSION
docs/progress/R11/tables/special_unwinder_exports.tsv:51:platform_nongnu	nongnu_runtime	aarch64	libunwind	0	1.6.2	1.2	09dc9c146a2cf82e7646227e1235b87b0510f136cf88904762cef77a662c3080	tmp/R11/rpms/base_binary/aarch64/libunwind-1.6.2-1.2.aarch64.rpm	/usr/lib64/libunwind-coredump.so.0.0.0	libunwind-coredump.so.0	FUNC	GLOBAL	DEFAULT	_UCD_get_dyn_info_list_addr	_UCD_get_dyn_info_list_addr	NO_VERSION
docs/progress/R11/tables/special_unwinder_exports.tsv:52:platform_nongnu	nongnu_runtime	aarch64	libunwind	0	1.6.2	1.2	09dc9c146a2cf82e7646227e1235b87b0510f136cf88904762cef77a662c3080	tmp/R11/rpms/base_binary/aarch64/libunwind-1.6.2-1.2.aarch64.rpm	/usr/lib64/libunwind-ptrace.so.0.0.0	libunwind-ptrace.so.0	FUNC	GLOBAL	DEFAULT	_UPT_get_proc_name	_UPT_get_proc_name	NO_VERSION
docs/progress/R11/tables/special_unwinder_exports.tsv:53:platform_nongnu	nongnu_runtime	aarch64	libunwind	0	1.6.2	1.2	09dc9c146a2cf82e7646227e1235b87b0510f136cf88904762cef77a662c3080	tmp/R11/rpms/base_binary/aarch64/libunwind-1.6.2-1.2.aarch64.rpm	/usr/lib64/libunwind-ptrace.so.0.0.0	libunwind-ptrace.so.0	OBJECT	GLOBAL	DEFAULT	_UPT_reg_offset	_UPT_reg_offset	NO_VERSION
docs/progress/R11/tables/special_unwinder_exports.tsv:54:platform_nongnu	nongnu_runtime	aarch64	libunwind	0	1.6.2	1.2	09dc9c146a2cf82e7646227e1235b87b0510f136cf88904762cef77a662c3080	tmp/R11/rpms/base_binary/aarch64/libunwind-1.6.2-1.2.aarch64.rpm	/usr/lib64/libunwind-ptrace.so.0.0.0	libunwind-ptrace.so.0	OBJECT	GLOBAL	DEFAULT	_UPT_accessors	_UPT_accessors	NO_VERSION
docs/progress/R11/tables/special_unwinder_exports.tsv:55:platform_nongnu	nongnu_runtime	aarch64	libunwind	0	1.6.2	1.2	09dc9c146a2cf82e7646227e1235b87b0510f136cf88904762cef77a662c3080	tmp/R11/rpms/base_binary/aarch64/libunwind-1.6.2-1.2.aarch64.rpm	/usr/lib64/libunwind-ptrace.so.0.0.0	libunwind-ptrace.so.0	FUNC	GLOBAL	DEFAULT	_UPT_put_unwind_info	_UPT_put_unwind_info	NO_VERSION
docs/progress/R11/tables/special_unwinder_exports.tsv:56:platform_nongnu	nongnu_runtime	aarch64	libunwind	0	1.6.2	1.2	09dc9c146a2cf82e7646227e1235b87b0510f136cf88904762cef77a662c3080	tmp/R11/rpms/base_binary/aarch64/libunwind-1.6.2-1.2.aarch64.rpm	/usr/lib64/libunwind-ptrace.so.0.0.0	libunwind-ptrace.so.0	FUNC	GLOBAL	DEFAULT	_UPT_access_fpreg	_UPT_access_fpreg	NO_VERSION
docs/progress/R11/tables/special_unwinder_exports.tsv:57:platform_nongnu	nongnu_runtime	aarch64	libunwind	0	1.6.2	1.2	09dc9c146a2cf82e7646227e1235b87b0510f136cf88904762cef77a662c3080	tmp/R11/rpms/base_binary/aarch64/libunwind-1.6.2-1.2.aarch64.rpm	/usr/lib64/libunwind-ptrace.so.0.0.0	libunwind-ptrace.so.0	FUNC	GLOBAL	DEFAULT	_UPT_get_dyn_info_list_addr	_UPT_get_dyn_info_list_addr	NO_VERSION
docs/progress/R11/tables/special_unwinder_exports.tsv:58:platform_nongnu	nongnu_runtime	aarch64	libunwind	0	1.6.2	1.2	09dc9c146a2cf82e7646227e1235b87b0510f136cf88904762cef77a662c3080	tmp/R11/rpms/base_binary/aarch64/libunwind-1.6.2-1.2.aarch64.rpm	/usr/lib64/libunwind-ptrace.so.0.0.0	libunwind-ptrace.so.0	FUNC	GLOBAL	DEFAULT	_UPT_find_proc_info	_UPT_find_proc_info	NO_VERSION
docs/progress/R11/tables/special_unwinder_exports.tsv:59:platform_nongnu	nongnu_runtime	aarch64	libunwind	0	1.6.2	1.2	09dc9c146a2cf82e7646227e1235b87b0510f136cf88904762cef77a662c3080	tmp/R11/rpms/base_binary/aarch64/libunwind-1.6.2-1.2.aarch64.rpm	/usr/lib64/libunwind-ptrace.so.0.0.0	libunwind-ptrace.so.0	FUNC	GLOBAL	DEFAULT	_UPT_create	_UPT_create	NO_VERSION
docs/progress/R11/tables/special_unwinder_exports.tsv:60:platform_nongnu	nongnu_runtime	aarch64	libunwind	0	1.6.2	1.2	09dc9c146a2cf82e7646227e1235b87b0510f136cf88904762cef77a662c3080	tmp/R11/rpms/base_binary/aarch64/libunwind-1.6.2-1.2.aarch64.rpm	/usr/lib64/libunwind-ptrace.so.0.0.0	libunwind-ptrace.so.0	FUNC	GLOBAL	DEFAULT	_UPT_access_reg	_UPT_access_reg	NO_VERSION
docs/progress/R11/tables/special_unwinder_exports.tsv:61:platform_nongnu	nongnu_runtime	aarch64	libunwind	0	1.6.2	1.2	09dc9c146a2cf82e7646227e1235b87b0510f136cf88904762cef77a662c3080	tmp/R11/rpms/base_binary/aarch64/libunwind-1.6.2-1.2.aarch64.rpm	/usr/lib64/libunwind-ptrace.so.0.0.0	libunwind-ptrace.so.0	FUNC	GLOBAL	DEFAULT	_UPT_resume	_UPT_resume	NO_VERSION
docs/progress/R11/tables/special_unwinder_exports.tsv:62:platform_nongnu	nongnu_runtime	aarch64	libunwind	0	1.6.2	1.2	09dc9c146a2cf82e7646227e1235b87b0510f136cf88904762cef77a662c3080	tmp/R11/rpms/base_binary/aarch64/libunwind-1.6.2-1.2.aarch64.rpm	/usr/lib64/libunwind-ptrace.so.0.0.0	libunwind-ptrace.so.0	FUNC	GLOBAL	DEFAULT	_UPT_access_mem	_UPT_access_mem	NO_VERSION
docs/progress/R11/tables/special_unwinder_exports.tsv:63:platform_nongnu	nongnu_runtime	aarch64	libunwind	0	1.6.2	1.2	09dc9c146a2cf82e7646227e1235b87b0510f136cf88904762cef77a662c3080	tmp/R11/rpms/base_binary/aarch64/libunwind-1.6.2-1.2.aarch64.rpm	/usr/lib64/libunwind-ptrace.so.0.0.0	libunwind-ptrace.so.0	FUNC	GLOBAL	DEFAULT	_UPT_destroy	_UPT_destroy	NO_VERSION
docs/progress/R11/tables/special_unwinder_exports.tsv:64:platform_nongnu	nongnu_runtime	aarch64	libunwind	0	1.6.2	1.2	09dc9c146a2cf82e7646227e1235b87b0510f136cf88904762cef77a662c3080	tmp/R11/rpms/base_binary/aarch64/libunwind-1.6.2-1.2.aarch64.rpm	/usr/lib64/libunwind-setjmp.so.0.0.0	libunwind-setjmp.so.0	NOTYPE	GLOBAL	DEFAULT	_UI_siglongjmp_cont	_UI_siglongjmp_cont	NO_VERSION
docs/progress/R11/tables/special_unwinder_exports.tsv:65:platform_nongnu	nongnu_runtime	aarch64	libunwind	0	1.6.2	1.2	09dc9c146a2cf82e7646227e1235b87b0510f136cf88904762cef77a662c3080	tmp/R11/rpms/base_binary/aarch64/libunwind-1.6.2-1.2.aarch64.rpm	/usr/lib64/libunwind-setjmp.so.0.0.0	libunwind-setjmp.so.0	NOTYPE	GLOBAL	DEFAULT	_UI_longjmp_cont	_UI_longjmp_cont	NO_VERSION
docs/progress/R11/tables/special_unwinder_exports.tsv:66:platform_nongnu	nongnu_runtime	aarch64	libunwind	0	1.6.2	1.2	09dc9c146a2cf82e7646227e1235b87b0510f136cf88904762cef77a662c3080	tmp/R11/rpms/base_binary/aarch64/libunwind-1.6.2-1.2.aarch64.rpm	/usr/lib64/libunwind.so.8.0.1	libunwind.so.8	FUNC	GLOBAL	DEFAULT	_ULaarch64_set_fpreg	_ULaarch64_set_fpreg	NO_VERSION
docs/progress/R11/tables/special_unwinder_exports.tsv:67:platform_nongnu	nongnu_runtime	aarch64	libunwind	0	1.6.2	1.2	09dc9c146a2cf82e7646227e1235b87b0510f136cf88904762cef77a662c3080	tmp/R11/rpms/base_binary/aarch64/libunwind-1.6.2-1.2.aarch64.rpm	/usr/lib64/libunwind.so.8.0.1	libunwind.so.8	FUNC	GLOBAL	DEFAULT	_U_dyn_info_list_addr	_U_dyn_info_list_addr	NO_VERSION
docs/progress/R11/tables/special_unwinder_exports.tsv:68:platform_nongnu	nongnu_runtime	aarch64	libunwind	0	1.6.2	1.2	09dc9c146a2cf82e7646227e1235b87b0510f136cf88904762cef77a662c3080	tmp/R11/rpms/base_binary/aarch64/libunwind-1.6.2-1.2.aarch64.rpm	/usr/lib64/libunwind.so.8.0.1	libunwind.so.8	OBJECT	GLOBAL	DEFAULT	_ULaarch64_local_addr_space	_ULaarch64_local_addr_space	NO_VERSION
docs/progress/R11/tables/special_unwinder_exports.tsv:69:platform_nongnu	nongnu_runtime	aarch64	libunwind	0	1.6.2	1.2	09dc9c146a2cf82e7646227e1235b87b0510f136cf88904762cef77a662c3080	tmp/R11/rpms/base_binary/aarch64/libunwind-1.6.2-1.2.aarch64.rpm	/usr/lib64/libunwind.so.8.0.1	libunwind.so.8	FUNC	GLOBAL	DEFAULT	_ULaarch64_set_caching_policy	_ULaarch64_set_caching_policy	NO_VERSION
docs/progress/R11/tables/special_unwinder_exports.tsv:70:platform_nongnu	nongnu_runtime	aarch64	libunwind	0	1.6.2	1.2	09dc9c146a2cf82e7646227e1235b87b0510f136cf88904762cef77a662c3080	tmp/R11/rpms/base_binary/aarch64/libunwind-1.6.2-1.2.aarch64.rpm	/usr/lib64/libunwind.so.8.0.1	libunwind.so.8	FUNC	GLOBAL	DEFAULT	_ULaarch64_reg_states_iterate	_ULaarch64_reg_states_iterate	NO_VERSION
docs/progress/R11/tables/special_unwinder_exports.tsv:71:platform_nongnu	nongnu_runtime	aarch64	libunwind	0	1.6.2	1.2	09dc9c146a2cf82e7646227e1235b87b0510f136cf88904762cef77a662c3080	tmp/R11/rpms/base_binary/aarch64/libunwind-1.6.2-1.2.aarch64.rpm	/usr/lib64/libunwind.so.8.0.1	libunwind.so.8	FUNC	WEAK	DEFAULT	backtrace	backtrace	NO_VERSION
docs/progress/R11/tables/special_unwinder_exports.tsv:72:platform_nongnu	nongnu_runtime	aarch64	libunwind	0	1.6.2	1.2	09dc9c146a2cf82e7646227e1235b87b0510f136cf88904762cef77a662c3080	tmp/R11/rpms/base_binary/aarch64/libunwind-1.6.2-1.2.aarch64.rpm	/usr/lib64/libunwind.so.8.0.1	libunwind.so.8	FUNC	GLOBAL	DEFAULT	_U_dyn_register	_U_dyn_register	NO_VERSION
docs/progress/R11/tables/special_unwinder_exports.tsv:73:platform_nongnu	nongnu_runtime	aarch64	libunwind	0	1.6.2	1.2	09dc9c146a2cf82e7646227e1235b87b0510f136cf88904762cef77a662c3080	tmp/R11/rpms/base_binary/aarch64/libunwind-1.6.2-1.2.aarch64.rpm	/usr/lib64/libunwind.so.8.0.1	libunwind.so.8	FUNC	GLOBAL	DEFAULT	unw_backtrace	unw_backtrace	NO_VERSION
docs/progress/R11/tables/special_unwinder_exports.tsv:74:platform_nongnu	nongnu_runtime	aarch64	libunwind	0	1.6.2	1.2	09dc9c146a2cf82e7646227e1235b87b0510f136cf88904762cef77a662c3080	tmp/R11/rpms/base_binary/aarch64/libunwind-1.6.2-1.2.aarch64.rpm	/usr/lib64/libunwind.so.8.0.1	libunwind.so.8	FUNC	GLOBAL	DEFAULT	_Uaarch64_strerror	_Uaarch64_strerror	NO_VERSION
docs/progress/R11/tables/special_unwinder_exports.tsv:75:platform_nongnu	nongnu_runtime	aarch64	libunwind	0	1.6.2	1.2	09dc9c146a2cf82e7646227e1235b87b0510f136cf88904762cef77a662c3080	tmp/R11/rpms/base_binary/aarch64/libunwind-1.6.2-1.2.aarch64.rpm	/usr/lib64/libunwind.so.8.0.1	libunwind.so.8	FUNC	GLOBAL	DEFAULT	_Uaarch64_flush_cache	_Uaarch64_flush_cache	NO_VERSION
docs/progress/R11/tables/special_unwinder_exports.tsv:76:platform_nongnu	nongnu_runtime	aarch64	libunwind	0	1.6.2	1.2	09dc9c146a2cf82e7646227e1235b87b0510f136cf88904762cef77a662c3080	tmp/R11/rpms/base_binary/aarch64/libunwind-1.6.2-1.2.aarch64.rpm	/usr/lib64/libunwind.so.8.0.1	libunwind.so.8	FUNC	GLOBAL	DEFAULT	_Uaarch64_get_accessors	_Uaarch64_get_accessors	NO_VERSION
docs/progress/R11/tables/special_unwinder_exports.tsv:77:platform_nongnu	nongnu_runtime	aarch64	libunwind	0	1.6.2	1.2	09dc9c146a2cf82e7646227e1235b87b0510f136cf88904762cef77a662c3080	tmp/R11/rpms/base_binary/aarch64/libunwind-1.6.2-1.2.aarch64.rpm	/usr/lib64/libunwind.so.8.0.1	libunwind.so.8	FUNC	GLOBAL	DEFAULT	_ULaarch64_get_proc_name	_ULaarch64_get_proc_name	NO_VERSION
docs/progress/R11/tables/special_unwinder_exports.tsv:78:platform_nongnu	nongnu_runtime	aarch64	libunwind	0	1.6.2	1.2	09dc9c146a2cf82e7646227e1235b87b0510f136cf88904762cef77a662c3080	tmp/R11/rpms/base_binary/aarch64/libunwind-1.6.2-1.2.aarch64.rpm	/usr/lib64/libunwind.so.8.0.1	libunwind.so.8	FUNC	GLOBAL	DEFAULT	_ULaarch64_get_reg	_ULaarch64_get_reg	NO_VERSION
docs/progress/R11/tables/special_unwinder_exports.tsv:79:platform_nongnu	nongnu_runtime	aarch64	libunwind	0	1.6.2	1.2	09dc9c146a2cf82e7646227e1235b87b0510f136cf88904762cef77a662c3080	tmp/R11/rpms/base_binary/aarch64/libunwind-1.6.2-1.2.aarch64.rpm	/usr/lib64/libunwind.so.8.0.1	libunwind.so.8	FUNC	GLOBAL	DEFAULT	_ULaarch64_init_remote	_ULaarch64_init_remote	NO_VERSION
docs/progress/R11/tables/special_unwinder_exports.tsv:80:platform_nongnu	nongnu_runtime	aarch64	libunwind	0	1.6.2	1.2	09dc9c146a2cf82e7646227e1235b87b0510f136cf88904762cef77a662c3080	tmp/R11/rpms/base_binary/aarch64/libunwind-1.6.2-1.2.aarch64.rpm	/usr/lib64/libunwind.so.8.0.1	libunwind.so.8	FUNC	GLOBAL	DEFAULT	_ULaarch64_get_proc_info	_ULaarch64_get_proc_info	NO_VERSION
docs/progress/R11/tables/special_unwinder_exports.tsv:81:platform_nongnu	nongnu_runtime	aarch64	libunwind	0	1.6.2	1.2	09dc9c146a2cf82e7646227e1235b87b0510f136cf88904762cef77a662c3080	tmp/R11/rpms/base_binary/aarch64/libunwind-1.6.2-1.2.aarch64.rpm	/usr/lib64/libunwind.so.8.0.1	libunwind.so.8	FUNC	GLOBAL	DEFAULT	_ULaarch64_dwarf_find_debug_frame	_ULaarch64_dwarf_find_debug_frame	NO_VERSION
docs/progress/R11/tables/special_unwinder_exports.tsv:82:platform_nongnu	nongnu_runtime	aarch64	libunwind	0	1.6.2	1.2	09dc9c146a2cf82e7646227e1235b87b0510f136cf88904762cef77a662c3080	tmp/R11/rpms/base_binary/aarch64/libunwind-1.6.2-1.2.aarch64.rpm	/usr/lib64/libunwind.so.8.0.1	libunwind.so.8	FUNC	GLOBAL	DEFAULT	_ULaarch64_dwarf_search_unwind_table	_ULaarch64_dwarf_search_unwind_table	NO_VERSION
docs/progress/R11/tables/special_unwinder_exports.tsv:83:platform_nongnu	nongnu_runtime	aarch64	libunwind	0	1.6.2	1.2	09dc9c146a2cf82e7646227e1235b87b0510f136cf88904762cef77a662c3080	tmp/R11/rpms/base_binary/aarch64/libunwind-1.6.2-1.2.aarch64.rpm	/usr/lib64/libunwind.so.8.0.1	libunwind.so.8	FUNC	GLOBAL	DEFAULT	_ULaarch64_get_fpreg	_ULaarch64_get_fpreg	NO_VERSION
docs/progress/R11/tables/special_unwinder_exports.tsv:84:platform_nongnu	nongnu_runtime	aarch64	libunwind	0	1.6.2	1.2	09dc9c146a2cf82e7646227e1235b87b0510f136cf88904762cef77a662c3080	tmp/R11/rpms/base_binary/aarch64/libunwind-1.6.2-1.2.aarch64.rpm	/usr/lib64/libunwind.so.8.0.1	libunwind.so.8	FUNC	GLOBAL	DEFAULT	_Uaarch64_get_exe_image_path	_Uaarch64_get_exe_image_path	NO_VERSION
docs/progress/R11/tables/special_unwinder_exports.tsv:85:platform_nongnu	nongnu_runtime	aarch64	libunwind	0	1.6.2	1.2	09dc9c146a2cf82e7646227e1235b87b0510f136cf88904762cef77a662c3080	tmp/R11/rpms/base_binary/aarch64/libunwind-1.6.2-1.2.aarch64.rpm	/usr/lib64/libunwind.so.8.0.1	libunwind.so.8	FUNC	GLOBAL	DEFAULT	_ULaarch64_resume	_ULaarch64_resume	NO_VERSION
docs/progress/R11/tables/special_unwinder_exports.tsv:86:platform_nongnu	nongnu_runtime	aarch64	libunwind	0	1.6.2	1.2	09dc9c146a2cf82e7646227e1235b87b0510f136cf88904762cef77a662c3080	tmp/R11/rpms/base_binary/aarch64/libunwind-1.6.2-1.2.aarch64.rpm	/usr/lib64/libunwind.so.8.0.1	libunwind.so.8	FUNC	GLOBAL	DEFAULT	_Uaarch64_regname	_Uaarch64_regname	NO_VERSION
docs/progress/R11/tables/special_unwinder_exports.tsv:87:platform_nongnu	nongnu_runtime	aarch64	libunwind	0	1.6.2	1.2	09dc9c146a2cf82e7646227e1235b87b0510f136cf88904762cef77a662c3080	tmp/R11/rpms/base_binary/aarch64/libunwind-1.6.2-1.2.aarch64.rpm	/usr/lib64/libunwind.so.8.0.1	libunwind.so.8	FUNC	GLOBAL	DEFAULT	_ULaarch64_init_local2	_ULaarch64_init_local2	NO_VERSION
docs/progress/R11/tables/special_unwinder_exports.tsv:88:platform_nongnu	nongnu_runtime	aarch64	libunwind	0	1.6.2	1.2	09dc9c146a2cf82e7646227e1235b87b0510f136cf88904762cef77a662c3080	tmp/R11/rpms/base_binary/aarch64/libunwind-1.6.2-1.2.aarch64.rpm	/usr/lib64/libunwind.so.8.0.1	libunwind.so.8	FUNC	GLOBAL	DEFAULT	_ULaarch64_get_proc_info_by_ip	_ULaarch64_get_proc_info_by_ip	NO_VERSION
docs/progress/R11/tables/special_unwinder_exports.tsv:89:platform_nongnu	nongnu_runtime	aarch64	libunwind	0	1.6.2	1.2	09dc9c146a2cf82e7646227e1235b87b0510f136cf88904762cef77a662c3080	tmp/R11/rpms/base_binary/aarch64/libunwind-1.6.2-1.2.aarch64.rpm	/usr/lib64/libunwind.so.8.0.1	libunwind.so.8	FUNC	GLOBAL	DEFAULT	_ULaarch64_create_addr_space	_ULaarch64_create_addr_space	NO_VERSION
docs/progress/R11/tables/special_unwinder_exports.tsv:90:platform_nongnu	nongnu_runtime	aarch64	libunwind	0	1.6.2	1.2	09dc9c146a2cf82e7646227e1235b87b0510f136cf88904762cef77a662c3080	tmp/R11/rpms/base_binary/aarch64/libunwind-1.6.2-1.2.aarch64.rpm	/usr/lib64/libunwind.so.8.0.1	libunwind.so.8	FUNC	GLOBAL	DEFAULT	_ULaarch64_apply_reg_state	_ULaarch64_apply_reg_state	NO_VERSION
docs/progress/R11/tables/special_unwinder_exports.tsv:91:platform_nongnu	nongnu_runtime	aarch64	libunwind	0	1.6.2	1.2	09dc9c146a2cf82e7646227e1235b87b0510f136cf88904762cef77a662c3080	tmp/R11/rpms/base_binary/aarch64/libunwind-1.6.2-1.2.aarch64.rpm	/usr/lib64/libunwind.so.8.0.1	libunwind.so.8	FUNC	GLOBAL	DEFAULT	_ULaarch64_get_save_loc	_ULaarch64_get_save_loc	NO_VERSION
docs/progress/R11/tables/special_unwinder_exports.tsv:92:platform_nongnu	nongnu_runtime	aarch64	libunwind	0	1.6.2	1.2	09dc9c146a2cf82e7646227e1235b87b0510f136cf88904762cef77a662c3080	tmp/R11/rpms/base_binary/aarch64/libunwind-1.6.2-1.2.aarch64.rpm	/usr/lib64/libunwind.so.8.0.1	libunwind.so.8	FUNC	GLOBAL	DEFAULT	_ULaarch64_destroy_addr_space	_ULaarch64_destroy_addr_space	NO_VERSION
docs/progress/R11/tables/special_unwinder_exports.tsv:93:platform_nongnu	nongnu_runtime	aarch64	libunwind	0	1.6.2	1.2	09dc9c146a2cf82e7646227e1235b87b0510f136cf88904762cef77a662c3080	tmp/R11/rpms/base_binary/aarch64/libunwind-1.6.2-1.2.aarch64.rpm	/usr/lib64/libunwind.so.8.0.1	libunwind.so.8	FUNC	GLOBAL	DEFAULT	_ULaarch64_dwarf_find_unwind_table	_ULaarch64_dwarf_find_unwind_table	NO_VERSION
docs/progress/R11/tables/special_unwinder_exports.tsv:94:platform_nongnu	nongnu_runtime	aarch64	libunwind	0	1.6.2	1.2	09dc9c146a2cf82e7646227e1235b87b0510f136cf88904762cef77a662c3080	tmp/R11/rpms/base_binary/aarch64/libunwind-1.6.2-1.2.aarch64.rpm	/usr/lib64/libunwind.so.8.0.1	libunwind.so.8	FUNC	GLOBAL	DEFAULT	_U_dyn_cancel	_U_dyn_cancel	NO_VERSION
docs/progress/R11/tables/special_unwinder_exports.tsv:95:platform_nongnu	nongnu_runtime	aarch64	libunwind	0	1.6.2	1.2	09dc9c146a2cf82e7646227e1235b87b0510f136cf88904762cef77a662c3080	tmp/R11/rpms/base_binary/aarch64/libunwind-1.6.2-1.2.aarch64.rpm	/usr/lib64/libunwind.so.8.0.1	libunwind.so.8	FUNC	GLOBAL	DEFAULT	_ULaarch64_set_cache_size	_ULaarch64_set_cache_size	NO_VERSION
docs/progress/R11/tables/special_unwinder_exports.tsv:96:platform_nongnu	nongnu_runtime	aarch64	libunwind	0	1.6.2	1.2	09dc9c146a2cf82e7646227e1235b87b0510f136cf88904762cef77a662c3080	tmp/R11/rpms/base_binary/aarch64/libunwind-1.6.2-1.2.aarch64.rpm	/usr/lib64/libunwind.so.8.0.1	libunwind.so.8	FUNC	GLOBAL	DEFAULT	_ULaarch64_set_reg	_ULaarch64_set_reg	NO_VERSION
docs/progress/R11/tables/special_unwinder_exports.tsv:97:platform_nongnu	nongnu_runtime	aarch64	libunwind	0	1.6.2	1.2	09dc9c146a2cf82e7646227e1235b87b0510f136cf88904762cef77a662c3080	tmp/R11/rpms/base_binary/aarch64/libunwind-1.6.2-1.2.aarch64.rpm	/usr/lib64/libunwind.so.8.0.1	libunwind.so.8	FUNC	GLOBAL	DEFAULT	_ULaarch64_init_local	_ULaarch64_init_local	NO_VERSION
docs/progress/R11/tables/special_unwinder_exports.tsv:98:platform_nongnu	nongnu_runtime	aarch64	libunwind	0	1.6.2	1.2	09dc9c146a2cf82e7646227e1235b87b0510f136cf88904762cef77a662c3080	tmp/R11/rpms/base_binary/aarch64/libunwind-1.6.2-1.2.aarch64.rpm	/usr/lib64/libunwind.so.8.0.1	libunwind.so.8	FUNC	GLOBAL	DEFAULT	_ULaarch64_step	_ULaarch64_step	NO_VERSION
docs/progress/R11/tables/special_unwinder_exports.tsv:99:platform_nongnu	nongnu_runtime	aarch64	libunwind	0	1.6.2	1.2	09dc9c146a2cf82e7646227e1235b87b0510f136cf88904762cef77a662c3080	tmp/R11/rpms/base_binary/aarch64/libunwind-1.6.2-1.2.aarch64.rpm	/usr/lib64/libunwind.so.8.0.1	libunwind.so.8	FUNC	GLOBAL	DEFAULT	_ULaarch64_is_signal_frame	_ULaarch64_is_signal_frame	NO_VERSION
docs/progress/R11/tables/special_unwinder_exports.tsv:100:platform_nongnu	nongnu_runtime	aarch64	libunwind	0	1.6.2	1.2	09dc9c146a2cf82e7646227e1235b87b0510f136cf88904762cef77a662c3080	tmp/R11/rpms/base_binary/aarch64/libunwind-1.6.2-1.2.aarch64.rpm	/usr/lib64/libunwind.so.8.0.1	libunwind.so.8	FUNC	GLOBAL	DEFAULT	_Uaarch64_is_fpreg	_Uaarch64_is_fpreg	NO_VERSION
docs/progress/R11/tables/special_unwinder_exports.tsv:101:platform_nongnu	nongnu_runtime	aarch64	libunwind	0	1.6.2	1.2	09dc9c146a2cf82e7646227e1235b87b0510f136cf88904762cef77a662c3080	tmp/R11/rpms/base_binary/aarch64/libunwind-1.6.2-1.2.aarch64.rpm	/usr/lib64/libunwind.so.8.0.1	libunwind.so.8	FUNC	GLOBAL	DEFAULT	_Uaarch64_get_elf_image	_Uaarch64_get_elf_image	NO_VERSION
docs/progress/R11/tables/special_unwinder_exports.tsv:102:platform_nongnu	nongnu_runtime	armv7l	libunwind	0	1.6.2	1.3	5917957f8831e3b7d3c70428fddc3b568772c4e49cfc88a98c34fee4113e6dfe	tmp/R11/rpms/base_binary/armv7l/libunwind-1.6.2-1.3.armv7l.rpm	/usr/lib/libunwind-arm.so.8.0.1	libunwind-arm.so.8	FUNC	GLOBAL	DEFAULT	_Uarm_destroy_addr_space	_Uarm_destroy_addr_space	NO_VERSION
docs/progress/R11/tables/special_unwinder_exports.tsv:103:platform_nongnu	nongnu_runtime	armv7l	libunwind	0	1.6.2	1.3	5917957f8831e3b7d3c70428fddc3b568772c4e49cfc88a98c34fee4113e6dfe	tmp/R11/rpms/base_binary/armv7l/libunwind-1.6.2-1.3.armv7l.rpm	/usr/lib/libunwind-arm.so.8.0.1	libunwind-arm.so.8	FUNC	GLOBAL	DEFAULT	_Uarm_set_cache_size	_Uarm_set_cache_size	NO_VERSION
docs/progress/R11/tables/special_unwinder_exports.tsv:104:platform_nongnu	nongnu_runtime	armv7l	libunwind	0	1.6.2	1.3	5917957f8831e3b7d3c70428fddc3b568772c4e49cfc88a98c34fee4113e6dfe	tmp/R11/rpms/base_binary/armv7l/libunwind-1.6.2-1.3.armv7l.rpm	/usr/lib/libunwind-arm.so.8.0.1	libunwind-arm.so.8	FUNC	GLOBAL	DEFAULT	_Uarm_dwarf_search_unwind_table	_Uarm_dwarf_search_unwind_table	NO_VERSION
docs/progress/R11/tables/special_unwinder_exports.tsv:105:platform_nongnu	nongnu_runtime	armv7l	libunwind	0	1.6.2	1.3	5917957f8831e3b7d3c70428fddc3b568772c4e49cfc88a98c34fee4113e6dfe	tmp/R11/rpms/base_binary/armv7l/libunwind-1.6.2-1.3.armv7l.rpm	/usr/lib/libunwind-arm.so.8.0.1	libunwind-arm.so.8	FUNC	GLOBAL	DEFAULT	_Uarm_step	_Uarm_step	NO_VERSION
docs/progress/R11/tables/special_unwinder_exports.tsv:106:platform_nongnu	nongnu_runtime	armv7l	libunwind	0	1.6.2	1.3	5917957f8831e3b7d3c70428fddc3b568772c4e49cfc88a98c34fee4113e6dfe	tmp/R11/rpms/base_binary/armv7l/libunwind-1.6.2-1.3.armv7l.rpm	/usr/lib/libunwind-arm.so.8.0.1	libunwind-arm.so.8	FUNC	GLOBAL	DEFAULT	_Uarm_set_fpreg	_Uarm_set_fpreg	NO_VERSION
docs/progress/R11/tables/special_unwinder_exports.tsv:107:platform_nongnu	nongnu_runtime	armv7l	libunwind	0	1.6.2	1.3	5917957f8831e3b7d3c70428fddc3b568772c4e49cfc88a98c34fee4113e6dfe	tmp/R11/rpms/base_binary/armv7l/libunwind-1.6.2-1.3.armv7l.rpm	/usr/lib/libunwind-arm.so.8.0.1	libunwind-arm.so.8	FUNC	GLOBAL	DEFAULT	_Uarm_set_caching_policy	_Uarm_set_caching_policy	NO_VERSION
docs/progress/R11/tables/special_unwinder_exports.tsv:108:platform_nongnu	nongnu_runtime	armv7l	libunwind	0	1.6.2	1.3	5917957f8831e3b7d3c70428fddc3b568772c4e49cfc88a98c34fee4113e6dfe	tmp/R11/rpms/base_binary/armv7l/libunwind-1.6.2-1.3.armv7l.rpm	/usr/lib/libunwind-arm.so.8.0.1	libunwind-arm.so.8	FUNC	GLOBAL	DEFAULT	_Uarm_get_proc_info	_Uarm_get_proc_info	NO_VERSION
docs/progress/R11/tables/special_unwinder_exports.tsv:109:platform_nongnu	nongnu_runtime	armv7l	libunwind	0	1.6.2	1.3	5917957f8831e3b7d3c70428fddc3b568772c4e49cfc88a98c34fee4113e6dfe	tmp/R11/rpms/base_binary/armv7l/libunwind-1.6.2-1.3.armv7l.rpm	/usr/lib/libunwind-arm.so.8.0.1	libunwind-arm.so.8	FUNC	GLOBAL	DEFAULT	_Uarm_apply_reg_state	_Uarm_apply_reg_state	NO_VERSION
docs/progress/R11/tables/special_unwinder_exports.tsv:110:platform_nongnu	nongnu_runtime	armv7l	libunwind	0	1.6.2	1.3	5917957f8831e3b7d3c70428fddc3b568772c4e49cfc88a98c34fee4113e6dfe	tmp/R11/rpms/base_binary/armv7l/libunwind-1.6.2-1.3.armv7l.rpm	/usr/lib/libunwind-arm.so.8.0.1	libunwind-arm.so.8	FUNC	GLOBAL	DEFAULT	_Uarm_is_signal_frame	_Uarm_is_signal_frame	NO_VERSION
docs/progress/R11/tables/special_unwinder_exports.tsv:111:platform_nongnu	nongnu_runtime	armv7l	libunwind	0	1.6.2	1.3	5917957f8831e3b7d3c70428fddc3b568772c4e49cfc88a98c34fee4113e6dfe	tmp/R11/rpms/base_binary/armv7l/libunwind-1.6.2-1.3.armv7l.rpm	/usr/lib/libunwind-arm.so.8.0.1	libunwind-arm.so.8	FUNC	GLOBAL	DEFAULT	_Uarm_set_reg	_Uarm_set_reg	NO_VERSION
docs/progress/R11/tables/special_unwinder_exports.tsv:112:platform_nongnu	nongnu_runtime	armv7l	libunwind	0	1.6.2	1.3	5917957f8831e3b7d3c70428fddc3b568772c4e49cfc88a98c34fee4113e6dfe	tmp/R11/rpms/base_binary/armv7l/libunwind-1.6.2-1.3.armv7l.rpm	/usr/lib/libunwind-arm.so.8.0.1	libunwind-arm.so.8	FUNC	GLOBAL	DEFAULT	_Uarm_resume	_Uarm_resume	NO_VERSION
docs/progress/R11/tables/special_unwinder_exports.tsv:113:platform_nongnu	nongnu_runtime	armv7l	libunwind	0	1.6.2	1.3	5917957f8831e3b7d3c70428fddc3b568772c4e49cfc88a98c34fee4113e6dfe	tmp/R11/rpms/base_binary/armv7l/libunwind-1.6.2-1.3.armv7l.rpm	/usr/lib/libunwind-arm.so.8.0.1	libunwind-arm.so.8	FUNC	GLOBAL	DEFAULT	_Uarm_get_save_loc	_Uarm_get_save_loc	NO_VERSION
docs/progress/R11/tables/special_unwinder_exports.tsv:114:platform_nongnu	nongnu_runtime	armv7l	libunwind	0	1.6.2	1.3	5917957f8831e3b7d3c70428fddc3b568772c4e49cfc88a98c34fee4113e6dfe	tmp/R11/rpms/base_binary/armv7l/libunwind-1.6.2-1.3.armv7l.rpm	/usr/lib/libunwind-arm.so.8.0.1	libunwind-arm.so.8	FUNC	GLOBAL	DEFAULT	_Uarm_get_elf_image	_Uarm_get_elf_image	NO_VERSION
docs/progress/R11/tables/special_unwinder_exports.tsv:115:platform_nongnu	nongnu_runtime	armv7l	libunwind	0	1.6.2	1.3	5917957f8831e3b7d3c70428fddc3b568772c4e49cfc88a98c34fee4113e6dfe	tmp/R11/rpms/base_binary/armv7l/libunwind-1.6.2-1.3.armv7l.rpm	/usr/lib/libunwind-arm.so.8.0.1	libunwind-arm.so.8	FUNC	GLOBAL	DEFAULT	_Uarm_get_proc_name	_Uarm_get_proc_name	NO_VERSION
docs/progress/R11/tables/special_unwinder_exports.tsv:116:platform_nongnu	nongnu_runtime	armv7l	libunwind	0	1.6.2	1.3	5917957f8831e3b7d3c70428fddc3b568772c4e49cfc88a98c34fee4113e6dfe	tmp/R11/rpms/base_binary/armv7l/libunwind-1.6.2-1.3.armv7l.rpm	/usr/lib/libunwind-arm.so.8.0.1	libunwind-arm.so.8	FUNC	GLOBAL	DEFAULT	_Uarm_get_reg	_Uarm_get_reg	NO_VERSION
docs/progress/R11/tables/special_unwinder_exports.tsv:117:platform_nongnu	nongnu_runtime	armv7l	libunwind	0	1.6.2	1.3	5917957f8831e3b7d3c70428fddc3b568772c4e49cfc88a98c34fee4113e6dfe	tmp/R11/rpms/base_binary/armv7l/libunwind-1.6.2-1.3.armv7l.rpm	/usr/lib/libunwind-arm.so.8.0.1	libunwind-arm.so.8	FUNC	GLOBAL	DEFAULT	_Uarm_dwarf_find_unwind_table	_Uarm_dwarf_find_unwind_table	NO_VERSION
docs/progress/R11/tables/special_unwinder_exports.tsv:118:platform_nongnu	nongnu_runtime	armv7l	libunwind	0	1.6.2	1.3	5917957f8831e3b7d3c70428fddc3b568772c4e49cfc88a98c34fee4113e6dfe	tmp/R11/rpms/base_binary/armv7l/libunwind-1.6.2-1.3.armv7l.rpm	/usr/lib/libunwind-arm.so.8.0.1	libunwind-arm.so.8	OBJECT	GLOBAL	DEFAULT	_Uarm_local_addr_space	_Uarm_local_addr_space	NO_VERSION
docs/progress/R11/tables/special_unwinder_exports.tsv:119:platform_nongnu	nongnu_runtime	armv7l	libunwind	0	1.6.2	1.3	5917957f8831e3b7d3c70428fddc3b568772c4e49cfc88a98c34fee4113e6dfe	tmp/R11/rpms/base_binary/armv7l/libunwind-1.6.2-1.3.armv7l.rpm	/usr/lib/libunwind-arm.so.8.0.1	libunwind-arm.so.8	FUNC	GLOBAL	DEFAULT	_Uarm_strerror	_Uarm_strerror	NO_VERSION
docs/progress/R11/tables/special_unwinder_exports.tsv:120:platform_nongnu	nongnu_runtime	armv7l	libunwind	0	1.6.2	1.3	5917957f8831e3b7d3c70428fddc3b568772c4e49cfc88a98c34fee4113e6dfe	tmp/R11/rpms/base_binary/armv7l/libunwind-1.6.2-1.3.armv7l.rpm	/usr/lib/libunwind-arm.so.8.0.1	libunwind-arm.so.8	FUNC	GLOBAL	DEFAULT	_Uarm_flush_cache	_Uarm_flush_cache	NO_VERSION
docs/progress/R11/tables/special_unwinder_exports.tsv:121:platform_nongnu	nongnu_runtime	armv7l	libunwind	0	1.6.2	1.3	5917957f8831e3b7d3c70428fddc3b568772c4e49cfc88a98c34fee4113e6dfe	tmp/R11/rpms/base_binary/armv7l/libunwind-1.6.2-1.3.armv7l.rpm	/usr/lib/libunwind-arm.so.8.0.1	libunwind-arm.so.8	FUNC	GLOBAL	DEFAULT	_Uarm_init_local	_Uarm_init_local	NO_VERSION
docs/progress/R11/tables/special_unwinder_exports.tsv:122:platform_nongnu	nongnu_runtime	armv7l	libunwind	0	1.6.2	1.3	5917957f8831e3b7d3c70428fddc3b568772c4e49cfc88a98c34fee4113e6dfe	tmp/R11/rpms/base_binary/armv7l/libunwind-1.6.2-1.3.armv7l.rpm	/usr/lib/libunwind-arm.so.8.0.1	libunwind-arm.so.8	FUNC	GLOBAL	DEFAULT	_Uarm_is_fpreg	_Uarm_is_fpreg	NO_VERSION
docs/progress/R11/tables/special_unwinder_exports.tsv:123:platform_nongnu	nongnu_runtime	armv7l	libunwind	0	1.6.2	1.3	5917957f8831e3b7d3c70428fddc3b568772c4e49cfc88a98c34fee4113e6dfe	tmp/R11/rpms/base_binary/armv7l/libunwind-1.6.2-1.3.armv7l.rpm	/usr/lib/libunwind-arm.so.8.0.1	libunwind-arm.so.8	FUNC	GLOBAL	DEFAULT	_Uarm_reg_states_iterate	_Uarm_reg_states_iterate	NO_VERSION
docs/progress/R11/tables/special_unwinder_exports.tsv:124:platform_nongnu	nongnu_runtime	armv7l	libunwind	0	1.6.2	1.3	5917957f8831e3b7d3c70428fddc3b568772c4e49cfc88a98c34fee4113e6dfe	tmp/R11/rpms/base_binary/armv7l/libunwind-1.6.2-1.3.armv7l.rpm	/usr/lib/libunwind-arm.so.8.0.1	libunwind-arm.so.8	FUNC	GLOBAL	DEFAULT	_Uarm_get_exe_image_path	_Uarm_get_exe_image_path	NO_VERSION
docs/progress/R11/tables/special_unwinder_exports.tsv:125:platform_nongnu	nongnu_runtime	armv7l	libunwind	0	1.6.2	1.3	5917957f8831e3b7d3c70428fddc3b568772c4e49cfc88a98c34fee4113e6dfe	tmp/R11/rpms/base_binary/armv7l/libunwind-1.6.2-1.3.armv7l.rpm	/usr/lib/libunwind-arm.so.8.0.1	libunwind-arm.so.8	FUNC	GLOBAL	DEFAULT	_Uarm_regname	_Uarm_regname	NO_VERSION
docs/progress/R11/tables/special_unwinder_exports.tsv:126:platform_nongnu	nongnu_runtime	armv7l	libunwind	0	1.6.2	1.3	5917957f8831e3b7d3c70428fddc3b568772c4e49cfc88a98c34fee4113e6dfe	tmp/R11/rpms/base_binary/armv7l/libunwind-1.6.2-1.3.armv7l.rpm	/usr/lib/libunwind-arm.so.8.0.1	libunwind-arm.so.8	FUNC	GLOBAL	DEFAULT	_Uarm_get_proc_info_by_ip	_Uarm_get_proc_info_by_ip	NO_VERSION
docs/progress/R11/tables/special_unwinder_exports.tsv:127:platform_nongnu	nongnu_runtime	armv7l	libunwind	0	1.6.2	1.3	5917957f8831e3b7d3c70428fddc3b568772c4e49cfc88a98c34fee4113e6dfe	tmp/R11/rpms/base_binary/armv7l/libunwind-1.6.2-1.3.armv7l.rpm	/usr/lib/libunwind-arm.so.8.0.1	libunwind-arm.so.8	FUNC	GLOBAL	DEFAULT	_Uarm_get_accessors	_Uarm_get_accessors	NO_VERSION
docs/progress/R11/tables/special_unwinder_exports.tsv:128:platform_nongnu	nongnu_runtime	armv7l	libunwind	0	1.6.2	1.3	5917957f8831e3b7d3c70428fddc3b568772c4e49cfc88a98c34fee4113e6dfe	tmp/R11/rpms/base_binary/armv7l/libunwind-1.6.2-1.3.armv7l.rpm	/usr/lib/libunwind-arm.so.8.0.1	libunwind-arm.so.8	FUNC	GLOBAL	DEFAULT	_Uarm_create_addr_space	_Uarm_create_addr_space	NO_VERSION
docs/progress/R11/tables/special_unwinder_exports.tsv:129:platform_nongnu	nongnu_runtime	armv7l	libunwind	0	1.6.2	1.3	5917957f8831e3b7d3c70428fddc3b568772c4e49cfc88a98c34fee4113e6dfe	tmp/R11/rpms/base_binary/armv7l/libunwind-1.6.2-1.3.armv7l.rpm	/usr/lib/libunwind-arm.so.8.0.1	libunwind-arm.so.8	FUNC	GLOBAL	DEFAULT	_Uarm_init_local2	_Uarm_init_local2	NO_VERSION
docs/progress/R11/tables/special_unwinder_exports.tsv:130:platform_nongnu	nongnu_runtime	armv7l	libunwind	0	1.6.2	1.3	5917957f8831e3b7d3c70428fddc3b568772c4e49cfc88a98c34fee4113e6dfe	tmp/R11/rpms/base_binary/armv7l/libunwind-1.6.2-1.3.armv7l.rpm	/usr/lib/libunwind-arm.so.8.0.1	libunwind-arm.so.8	FUNC	GLOBAL	DEFAULT	_Uarm_dwarf_find_debug_frame	_Uarm_dwarf_find_debug_frame	NO_VERSION
docs/progress/R11/tables/special_unwinder_exports.tsv:131:platform_nongnu	nongnu_runtime	armv7l	libunwind	0	1.6.2	1.3	5917957f8831e3b7d3c70428fddc3b568772c4e49cfc88a98c34fee4113e6dfe	tmp/R11/rpms/base_binary/armv7l/libunwind-1.6.2-1.3.armv7l.rpm	/usr/lib/libunwind-arm.so.8.0.1	libunwind-arm.so.8	FUNC	GLOBAL	DEFAULT	_Uarm_get_fpreg	_Uarm_get_fpreg	NO_VERSION
docs/progress/R11/tables/special_unwinder_exports.tsv:132:platform_nongnu	nongnu_runtime	armv7l	libunwind	0	1.6.2	1.3	5917957f8831e3b7d3c70428fddc3b568772c4e49cfc88a98c34fee4113e6dfe	tmp/R11/rpms/base_binary/armv7l/libunwind-1.6.2-1.3.armv7l.rpm	/usr/lib/libunwind-arm.so.8.0.1	libunwind-arm.so.8	FUNC	GLOBAL	DEFAULT	_Uarm_init_remote	_Uarm_init_remote	NO_VERSION
docs/progress/R11/tables/special_unwinder_exports.tsv:133:platform_nongnu	nongnu_runtime	armv7l	libunwind	0	1.6.2	1.3	5917957f8831e3b7d3c70428fddc3b568772c4e49cfc88a98c34fee4113e6dfe	tmp/R11/rpms/base_binary/armv7l/libunwind-1.6.2-1.3.armv7l.rpm	/usr/lib/libunwind-arm.so.8.0.1	libunwind-arm.so.8	FUNC	GLOBAL	DEFAULT	_Uarm_search_unwind_table	_Uarm_search_unwind_table	NO_VERSION
docs/progress/R11/tables/special_unwinder_exports.tsv:134:platform_nongnu	nongnu_runtime	armv7l	libunwind	0	1.6.2	1.3	5917957f8831e3b7d3c70428fddc3b568772c4e49cfc88a98c34fee4113e6dfe	tmp/R11/rpms/base_binary/armv7l/libunwind-1.6.2-1.3.armv7l.rpm	/usr/lib/libunwind-coredump.so.0.0.0	libunwind-coredump.so.0	FUNC	GLOBAL	DEFAULT	_UCD_select_thread	_UCD_select_thread	NO_VERSION
docs/progress/R11/tables/special_unwinder_exports.tsv:135:platform_nongnu	nongnu_runtime	armv7l	libunwind	0	1.6.2	1.3	5917957f8831e3b7d3c70428fddc3b568772c4e49cfc88a98c34fee4113e6dfe	tmp/R11/rpms/base_binary/armv7l/libunwind-1.6.2-1.3.armv7l.rpm	/usr/lib/libunwind-coredump.so.0.0.0	libunwind-coredump.so.0	FUNC	GLOBAL	DEFAULT	_UCD_get_dyn_info_list_addr	_UCD_get_dyn_info_list_addr	NO_VERSION
docs/progress/R11/tables/special_unwinder_exports.tsv:136:platform_nongnu	nongnu_runtime	armv7l	libunwind	0	1.6.2	1.3	5917957f8831e3b7d3c70428fddc3b568772c4e49cfc88a98c34fee4113e6dfe	tmp/R11/rpms/base_binary/armv7l/libunwind-1.6.2-1.3.armv7l.rpm	/usr/lib/libunwind-coredump.so.0.0.0	libunwind-coredump.so.0	FUNC	GLOBAL	DEFAULT	_UCD_add_backing_file_at_segment	_UCD_add_backing_file_at_segment	NO_VERSION
docs/progress/R11/tables/special_unwinder_exports.tsv:137:platform_nongnu	nongnu_runtime	armv7l	libunwind	0	1.6.2	1.3	5917957f8831e3b7d3c70428fddc3b568772c4e49cfc88a98c34fee4113e6dfe	tmp/R11/rpms/base_binary/armv7l/libunwind-1.6.2-1.3.armv7l.rpm	/usr/lib/libunwind-coredump.so.0.0.0	libunwind-coredump.so.0	FUNC	GLOBAL	DEFAULT	_UCD_put_unwind_info	_UCD_put_unwind_info	NO_VERSION
docs/progress/R11/tables/special_unwinder_exports.tsv:138:platform_nongnu	nongnu_runtime	armv7l	libunwind	0	1.6.2	1.3	5917957f8831e3b7d3c70428fddc3b568772c4e49cfc88a98c34fee4113e6dfe	tmp/R11/rpms/base_binary/armv7l/libunwind-1.6.2-1.3.armv7l.rpm	/usr/lib/libunwind-coredump.so.0.0.0	libunwind-coredump.so.0	FUNC	GLOBAL	DEFAULT	_UCD_access_fpreg	_UCD_access_fpreg	NO_VERSION
docs/progress/R11/tables/special_unwinder_exports.tsv:139:platform_nongnu	nongnu_runtime	armv7l	libunwind	0	1.6.2	1.3	5917957f8831e3b7d3c70428fddc3b568772c4e49cfc88a98c34fee4113e6dfe	tmp/R11/rpms/base_binary/armv7l/libunwind-1.6.2-1.3.armv7l.rpm	/usr/lib/libunwind-coredump.so.0.0.0	libunwind-coredump.so.0	FUNC	GLOBAL	DEFAULT	_UCD_get_cursig	_UCD_get_cursig	NO_VERSION
docs/progress/R11/tables/special_unwinder_exports.tsv:140:platform_nongnu	nongnu_runtime	armv7l	libunwind	0	1.6.2	1.3	5917957f8831e3b7d3c70428fddc3b568772c4e49cfc88a98c34fee4113e6dfe	tmp/R11/rpms/base_binary/armv7l/libunwind-1.6.2-1.3.armv7l.rpm	/usr/lib/libunwind-coredump.so.0.0.0	libunwind-coredump.so.0	FUNC	GLOBAL	DEFAULT	_UCD_get_num_threads	_UCD_get_num_threads	NO_VERSION
docs/progress/R11/tables/special_unwinder_exports.tsv:141:platform_nongnu	nongnu_runtime	armv7l	libunwind	0	1.6.2	1.3	5917957f8831e3b7d3c70428fddc3b568772c4e49cfc88a98c34fee4113e6dfe	tmp/R11/rpms/base_binary/armv7l/libunwind-1.6.2-1.3.armv7l.rpm	/usr/lib/libunwind-coredump.so.0.0.0	libunwind-coredump.so.0	FUNC	GLOBAL	DEFAULT	_UCD_get_proc_name	_UCD_get_proc_name	NO_VERSION
docs/progress/R11/tables/special_unwinder_exports.tsv:142:platform_nongnu	nongnu_runtime	armv7l	libunwind	0	1.6.2	1.3	5917957f8831e3b7d3c70428fddc3b568772c4e49cfc88a98c34fee4113e6dfe	tmp/R11/rpms/base_binary/armv7l/libunwind-1.6.2-1.3.armv7l.rpm	/usr/lib/libunwind-coredump.so.0.0.0	libunwind-coredump.so.0	FUNC	GLOBAL	DEFAULT	_UCD_resume	_UCD_resume	NO_VERSION
docs/progress/R11/tables/special_unwinder_exports.tsv:143:platform_nongnu	nongnu_runtime	armv7l	libunwind	0	1.6.2	1.3	5917957f8831e3b7d3c70428fddc3b568772c4e49cfc88a98c34fee4113e6dfe	tmp/R11/rpms/base_binary/armv7l/libunwind-1.6.2-1.3.armv7l.rpm	/usr/lib/libunwind-coredump.so.0.0.0	libunwind-coredump.so.0	FUNC	GLOBAL	DEFAULT	_UCD_destroy	_UCD_destroy	NO_VERSION
docs/progress/R11/tables/special_unwinder_exports.tsv:144:platform_nongnu	nongnu_runtime	armv7l	libunwind	0	1.6.2	1.3	5917957f8831e3b7d3c70428fddc3b568772c4e49cfc88a98c34fee4113e6dfe	tmp/R11/rpms/base_binary/armv7l/libunwind-1.6.2-1.3.armv7l.rpm	/usr/lib/libunwind-coredump.so.0.0.0	libunwind-coredump.so.0	FUNC	GLOBAL	DEFAULT	_UCD_find_proc_info	_UCD_find_proc_info	NO_VERSION
docs/progress/R11/tables/special_unwinder_exports.tsv:145:platform_nongnu	nongnu_runtime	armv7l	libunwind	0	1.6.2	1.3	5917957f8831e3b7d3c70428fddc3b568772c4e49cfc88a98c34fee4113e6dfe	tmp/R11/rpms/base_binary/armv7l/libunwind-1.6.2-1.3.armv7l.rpm	/usr/lib/libunwind-coredump.so.0.0.0	libunwind-coredump.so.0	FUNC	GLOBAL	DEFAULT	_UCD_get_pid	_UCD_get_pid	NO_VERSION
docs/progress/R11/tables/special_unwinder_exports.tsv:146:platform_nongnu	nongnu_runtime	armv7l	libunwind	0	1.6.2	1.3	5917957f8831e3b7d3c70428fddc3b568772c4e49cfc88a98c34fee4113e6dfe	tmp/R11/rpms/base_binary/armv7l/libunwind-1.6.2-1.3.armv7l.rpm	/usr/lib/libunwind-coredump.so.0.0.0	libunwind-coredump.so.0	FUNC	GLOBAL	DEFAULT	_UCD_access_mem	_UCD_access_mem	NO_VERSION
docs/progress/R11/tables/special_unwinder_exports.tsv:147:platform_nongnu	nongnu_runtime	armv7l	libunwind	0	1.6.2	1.3	5917957f8831e3b7d3c70428fddc3b568772c4e49cfc88a98c34fee4113e6dfe	tmp/R11/rpms/base_binary/armv7l/libunwind-1.6.2-1.3.armv7l.rpm	/usr/lib/libunwind-coredump.so.0.0.0	libunwind-coredump.so.0	OBJECT	GLOBAL	DEFAULT	_UCD_accessors	_UCD_accessors	NO_VERSION
docs/progress/R11/tables/special_unwinder_exports.tsv:148:platform_nongnu	nongnu_runtime	armv7l	libunwind	0	1.6.2	1.3	5917957f8831e3b7d3c70428fddc3b568772c4e49cfc88a98c34fee4113e6dfe	tmp/R11/rpms/base_binary/armv7l/libunwind-1.6.2-1.3.armv7l.rpm	/usr/lib/libunwind-coredump.so.0.0.0	libunwind-coredump.so.0	FUNC	GLOBAL	DEFAULT	_UCD_access_reg	_UCD_access_reg	NO_VERSION
docs/progress/R11/tables/special_unwinder_exports.tsv:149:platform_nongnu	nongnu_runtime	armv7l	libunwind	0	1.6.2	1.3	5917957f8831e3b7d3c70428fddc3b568772c4e49cfc88a98c34fee4113e6dfe	tmp/R11/rpms/base_binary/armv7l/libunwind-1.6.2-1.3.armv7l.rpm	/usr/lib/libunwind-coredump.so.0.0.0	libunwind-coredump.so.0	FUNC	GLOBAL	DEFAULT	_UCD_get_mapinfo	_UCD_get_mapinfo	NO_VERSION
docs/progress/R11/tables/special_unwinder_exports.tsv:150:platform_nongnu	nongnu_runtime	armv7l	libunwind	0	1.6.2	1.3	5917957f8831e3b7d3c70428fddc3b568772c4e49cfc88a98c34fee4113e6dfe	tmp/R11/rpms/base_binary/armv7l/libunwind-1.6.2-1.3.armv7l.rpm	/usr/lib/libunwind-coredump.so.0.0.0	libunwind-coredump.so.0	FUNC	GLOBAL	DEFAULT	_UCD_add_backing_file_at_vaddr	_UCD_add_backing_file_at_vaddr	NO_VERSION
docs/progress/R11/tables/special_unwinder_exports.tsv:151:platform_nongnu	nongnu_runtime	armv7l	libunwind	0	1.6.2	1.3	5917957f8831e3b7d3c70428fddc3b568772c4e49cfc88a98c34fee4113e6dfe	tmp/R11/rpms/base_binary/armv7l/libunwind-1.6.2-1.3.armv7l.rpm	/usr/lib/libunwind-coredump.so.0.0.0	libunwind-coredump.so.0	FUNC	GLOBAL	DEFAULT	_UCD_get_threadinfo	_UCD_get_threadinfo	NO_VERSION
docs/progress/R11/tables/special_unwinder_exports.tsv:152:platform_nongnu	nongnu_runtime	armv7l	libunwind	0	1.6.2	1.3	5917957f8831e3b7d3c70428fddc3b568772c4e49cfc88a98c34fee4113e6dfe	tmp/R11/rpms/base_binary/armv7l/libunwind-1.6.2-1.3.armv7l.rpm	/usr/lib/libunwind-coredump.so.0.0.0	libunwind-coredump.so.0	FUNC	GLOBAL	DEFAULT	_UCD_create	_UCD_create	NO_VERSION
docs/progress/R11/tables/special_unwinder_exports.tsv:153:platform_nongnu	nongnu_runtime	armv7l	libunwind	0	1.6.2	1.3	5917957f8831e3b7d3c70428fddc3b568772c4e49cfc88a98c34fee4113e6dfe	tmp/R11/rpms/base_binary/armv7l/libunwind-1.6.2-1.3.armv7l.rpm	/usr/lib/libunwind-ptrace.so.0.0.0	libunwind-ptrace.so.0	OBJECT	GLOBAL	DEFAULT	_UPT_reg_offset	_UPT_reg_offset	NO_VERSION
docs/progress/R11/tables/special_unwinder_exports.tsv:154:platform_nongnu	nongnu_runtime	armv7l	libunwind	0	1.6.2	1.3	5917957f8831e3b7d3c70428fddc3b568772c4e49cfc88a98c34fee4113e6dfe	tmp/R11/rpms/base_binary/armv7l/libunwind-1.6.2-1.3.armv7l.rpm	/usr/lib/libunwind-ptrace.so.0.0.0	libunwind-ptrace.so.0	FUNC	GLOBAL	DEFAULT	_UPT_destroy	_UPT_destroy	NO_VERSION
docs/progress/R11/tables/special_unwinder_exports.tsv:155:platform_nongnu	nongnu_runtime	armv7l	libunwind	0	1.6.2	1.3	5917957f8831e3b7d3c70428fddc3b568772c4e49cfc88a98c34fee4113e6dfe	tmp/R11/rpms/base_binary/armv7l/libunwind-1.6.2-1.3.armv7l.rpm	/usr/lib/libunwind-ptrace.so.0.0.0	libunwind-ptrace.so.0	FUNC	GLOBAL	DEFAULT	_UPT_get_proc_name	_UPT_get_proc_name	NO_VERSION
docs/progress/R11/tables/special_unwinder_exports.tsv:156:platform_nongnu	nongnu_runtime	armv7l	libunwind	0	1.6.2	1.3	5917957f8831e3b7d3c70428fddc3b568772c4e49cfc88a98c34fee4113e6dfe	tmp/R11/rpms/base_binary/armv7l/libunwind-1.6.2-1.3.armv7l.rpm	/usr/lib/libunwind-ptrace.so.0.0.0	libunwind-ptrace.so.0	OBJECT	GLOBAL	DEFAULT	_UPT_accessors	_UPT_accessors	NO_VERSION
docs/progress/R11/tables/special_unwinder_exports.tsv:157:platform_nongnu	nongnu_runtime	armv7l	libunwind	0	1.6.2	1.3	5917957f8831e3b7d3c70428fddc3b568772c4e49cfc88a98c34fee4113e6dfe	tmp/R11/rpms/base_binary/armv7l/libunwind-1.6.2-1.3.armv7l.rpm	/usr/lib/libunwind-ptrace.so.0.0.0	libunwind-ptrace.so.0	FUNC	GLOBAL	DEFAULT	_UPT_access_reg	_UPT_access_reg	NO_VERSION
docs/progress/R11/tables/special_unwinder_exports.tsv:158:platform_nongnu	nongnu_runtime	armv7l	libunwind	0	1.6.2	1.3	5917957f8831e3b7d3c70428fddc3b568772c4e49cfc88a98c34fee4113e6dfe	tmp/R11/rpms/base_binary/armv7l/libunwind-1.6.2-1.3.armv7l.rpm	/usr/lib/libunwind-ptrace.so.0.0.0	libunwind-ptrace.so.0	FUNC	GLOBAL	DEFAULT	_UPT_access_mem	_UPT_access_mem	NO_VERSION
docs/progress/R11/tables/special_unwinder_exports.tsv:159:platform_nongnu	nongnu_runtime	armv7l	libunwind	0	1.6.2	1.3	5917957f8831e3b7d3c70428fddc3b568772c4e49cfc88a98c34fee4113e6dfe	tmp/R11/rpms/base_binary/armv7l/libunwind-1.6.2-1.3.armv7l.rpm	/usr/lib/libunwind-ptrace.so.0.0.0	libunwind-ptrace.so.0	FUNC	GLOBAL	DEFAULT	_UPT_put_unwind_info	_UPT_put_unwind_info	NO_VERSION
docs/progress/R11/tables/special_unwinder_exports.tsv:160:platform_nongnu	nongnu_runtime	armv7l	libunwind	0	1.6.2	1.3	5917957f8831e3b7d3c70428fddc3b568772c4e49cfc88a98c34fee4113e6dfe	tmp/R11/rpms/base_binary/armv7l/libunwind-1.6.2-1.3.armv7l.rpm	/usr/lib/libunwind-ptrace.so.0.0.0	libunwind-ptrace.so.0	FUNC	GLOBAL	DEFAULT	_UPT_access_fpreg	_UPT_access_fpreg	NO_VERSION
docs/progress/R11/tables/special_unwinder_exports.tsv:161:platform_nongnu	nongnu_runtime	armv7l	libunwind	0	1.6.2	1.3	5917957f8831e3b7d3c70428fddc3b568772c4e49cfc88a98c34fee4113e6dfe	tmp/R11/rpms/base_binary/armv7l/libunwind-1.6.2-1.3.armv7l.rpm	/usr/lib/libunwind-ptrace.so.0.0.0	libunwind-ptrace.so.0	FUNC	GLOBAL	DEFAULT	_UPT_create	_UPT_create	NO_VERSION
docs/progress/R11/tables/special_unwinder_exports.tsv:162:platform_nongnu	nongnu_runtime	armv7l	libunwind	0	1.6.2	1.3	5917957f8831e3b7d3c70428fddc3b568772c4e49cfc88a98c34fee4113e6dfe	tmp/R11/rpms/base_binary/armv7l/libunwind-1.6.2-1.3.armv7l.rpm	/usr/lib/libunwind-ptrace.so.0.0.0	libunwind-ptrace.so.0	FUNC	GLOBAL	DEFAULT	_UPT_resume	_UPT_resume	NO_VERSION
docs/progress/R11/tables/special_unwinder_exports.tsv:163:platform_nongnu	nongnu_runtime	armv7l	libunwind	0	1.6.2	1.3	5917957f8831e3b7d3c70428fddc3b568772c4e49cfc88a98c34fee4113e6dfe	tmp/R11/rpms/base_binary/armv7l/libunwind-1.6.2-1.3.armv7l.rpm	/usr/lib/libunwind-ptrace.so.0.0.0	libunwind-ptrace.so.0	FUNC	GLOBAL	DEFAULT	_UPT_get_dyn_info_list_addr	_UPT_get_dyn_info_list_addr	NO_VERSION
docs/progress/R11/tables/special_unwinder_exports.tsv:164:platform_nongnu	nongnu_runtime	armv7l	libunwind	0	1.6.2	1.3	5917957f8831e3b7d3c70428fddc3b568772c4e49cfc88a98c34fee4113e6dfe	tmp/R11/rpms/base_binary/armv7l/libunwind-1.6.2-1.3.armv7l.rpm	/usr/lib/libunwind-ptrace.so.0.0.0	libunwind-ptrace.so.0	FUNC	GLOBAL	DEFAULT	_UPT_find_proc_info	_UPT_find_proc_info	NO_VERSION
docs/progress/R11/tables/special_unwinder_exports.tsv:165:platform_nongnu	nongnu_runtime	armv7l	libunwind	0	1.6.2	1.3	5917957f8831e3b7d3c70428fddc3b568772c4e49cfc88a98c34fee4113e6dfe	tmp/R11/rpms/base_binary/armv7l/libunwind-1.6.2-1.3.armv7l.rpm	/usr/lib/libunwind-setjmp.so.0.0.0	libunwind-setjmp.so.0	NOTYPE	GLOBAL	DEFAULT	_UI_siglongjmp_cont	_UI_siglongjmp_cont	NO_VERSION
docs/progress/R11/tables/special_unwinder_exports.tsv:166:platform_nongnu	nongnu_runtime	armv7l	libunwind	0	1.6.2	1.3	5917957f8831e3b7d3c70428fddc3b568772c4e49cfc88a98c34fee4113e6dfe	tmp/R11/rpms/base_binary/armv7l/libunwind-1.6.2-1.3.armv7l.rpm	/usr/lib/libunwind-setjmp.so.0.0.0	libunwind-setjmp.so.0	NOTYPE	GLOBAL	DEFAULT	_UI_longjmp_cont	_UI_longjmp_cont	NO_VERSION

--- sample shard ---
shard=
