   3082519:	find library=libc++.so.1 [0]; searching
   3082519:	 search path=/home/toolchain/development/libc++_replacement/tmp/GBS-ROOT/R32-candidates-libcxx-x86_64-20260813-02/local/BUILD-ROOTS/scratch.x86_64.0/usr/lib64/glibc-hwcaps/x86-64-v3:/home/toolchain/development/libc++_replacement/tmp/GBS-ROOT/R32-candidates-libcxx-x86_64-20260813-02/local/BUILD-ROOTS/scratch.x86_64.0/usr/lib64/glibc-hwcaps/x86-64-v2:/home/toolchain/development/libc++_replacement/tmp/GBS-ROOT/R32-candidates-libcxx-x86_64-20260813-02/local/BUILD-ROOTS/scratch.x86_64.0/usr/lib64		(LD_LIBRARY_PATH)
   3082519:	  trying file=/home/toolchain/development/libc++_replacement/tmp/GBS-ROOT/R32-candidates-libcxx-x86_64-20260813-02/local/BUILD-ROOTS/scratch.x86_64.0/usr/lib64/glibc-hwcaps/x86-64-v3/libc++.so.1
   3082519:	  trying file=/home/toolchain/development/libc++_replacement/tmp/GBS-ROOT/R32-candidates-libcxx-x86_64-20260813-02/local/BUILD-ROOTS/scratch.x86_64.0/usr/lib64/glibc-hwcaps/x86-64-v2/libc++.so.1
   3082519:	  trying file=/home/toolchain/development/libc++_replacement/tmp/GBS-ROOT/R32-candidates-libcxx-x86_64-20260813-02/local/BUILD-ROOTS/scratch.x86_64.0/usr/lib64/libc++.so.1
   3082519:	
   3082519:	find library=libc++abi.so.1 [0]; searching
   3082519:	 search path=/home/toolchain/development/libc++_replacement/tmp/GBS-ROOT/R32-candidates-libcxx-x86_64-20260813-02/local/BUILD-ROOTS/scratch.x86_64.0/usr/lib64		(LD_LIBRARY_PATH)
   3082519:	  trying file=/home/toolchain/development/libc++_replacement/tmp/GBS-ROOT/R32-candidates-libcxx-x86_64-20260813-02/local/BUILD-ROOTS/scratch.x86_64.0/usr/lib64/libc++abi.so.1
   3082519:	
   3082519:	find library=libm.so.6 [0]; searching
   3082519:	 search path=/home/toolchain/development/libc++_replacement/tmp/GBS-ROOT/R32-candidates-libcxx-x86_64-20260813-02/local/BUILD-ROOTS/scratch.x86_64.0/usr/lib64		(LD_LIBRARY_PATH)
   3082519:	  trying file=/home/toolchain/development/libc++_replacement/tmp/GBS-ROOT/R32-candidates-libcxx-x86_64-20260813-02/local/BUILD-ROOTS/scratch.x86_64.0/usr/lib64/libm.so.6
   3082519:	
   3082519:	find library=libgcc_s.so.1 [0]; searching
   3082519:	 search path=/home/toolchain/development/libc++_replacement/tmp/GBS-ROOT/R32-candidates-libcxx-x86_64-20260813-02/local/BUILD-ROOTS/scratch.x86_64.0/usr/lib64		(LD_LIBRARY_PATH)
   3082519:	  trying file=/home/toolchain/development/libc++_replacement/tmp/GBS-ROOT/R32-candidates-libcxx-x86_64-20260813-02/local/BUILD-ROOTS/scratch.x86_64.0/usr/lib64/libgcc_s.so.1
   3082519:	
   3082519:	find library=libpthread.so.0 [0]; searching
   3082519:	 search path=/home/toolchain/development/libc++_replacement/tmp/GBS-ROOT/R32-candidates-libcxx-x86_64-20260813-02/local/BUILD-ROOTS/scratch.x86_64.0/usr/lib64		(LD_LIBRARY_PATH)
   3082519:	  trying file=/home/toolchain/development/libc++_replacement/tmp/GBS-ROOT/R32-candidates-libcxx-x86_64-20260813-02/local/BUILD-ROOTS/scratch.x86_64.0/usr/lib64/libpthread.so.0
   3082519:	
   3082519:	find library=libc.so.6 [0]; searching
   3082519:	 search path=/home/toolchain/development/libc++_replacement/tmp/GBS-ROOT/R32-candidates-libcxx-x86_64-20260813-02/local/BUILD-ROOTS/scratch.x86_64.0/usr/lib64		(LD_LIBRARY_PATH)
   3082519:	  trying file=/home/toolchain/development/libc++_replacement/tmp/GBS-ROOT/R32-candidates-libcxx-x86_64-20260813-02/local/BUILD-ROOTS/scratch.x86_64.0/usr/lib64/libc.so.6
   3082519:	
   3082519:	find library=libatomic.so.1 [0]; searching
   3082519:	 search path=/home/toolchain/development/libc++_replacement/tmp/GBS-ROOT/R32-candidates-libcxx-x86_64-20260813-02/local/BUILD-ROOTS/scratch.x86_64.0/usr/lib64		(LD_LIBRARY_PATH)
   3082519:	  trying file=/home/toolchain/development/libc++_replacement/tmp/GBS-ROOT/R32-candidates-libcxx-x86_64-20260813-02/local/BUILD-ROOTS/scratch.x86_64.0/usr/lib64/libatomic.so.1
   3082519:	
   3082519:	
   3082519:	calling init: /lib64/ld-linux-x86-64.so.2
   3082519:	
   3082519:	
   3082519:	calling init: /home/toolchain/development/libc++_replacement/tmp/GBS-ROOT/R32-candidates-libcxx-x86_64-20260813-02/local/BUILD-ROOTS/scratch.x86_64.0/usr/lib64/libc.so.6
   3082519:	
   3082519:	
   3082519:	calling init: /home/toolchain/development/libc++_replacement/tmp/GBS-ROOT/R32-candidates-libcxx-x86_64-20260813-02/local/BUILD-ROOTS/scratch.x86_64.0/usr/lib64/libpthread.so.0
   3082519:	
   3082519:	
   3082519:	calling init: /home/toolchain/development/libc++_replacement/tmp/GBS-ROOT/R32-candidates-libcxx-x86_64-20260813-02/local/BUILD-ROOTS/scratch.x86_64.0/usr/lib64/libatomic.so.1
   3082519:	
   3082519:	
   3082519:	calling init: /home/toolchain/development/libc++_replacement/tmp/GBS-ROOT/R32-candidates-libcxx-x86_64-20260813-02/local/BUILD-ROOTS/scratch.x86_64.0/usr/lib64/libgcc_s.so.1
   3082519:	
   3082519:	
   3082519:	calling init: /home/toolchain/development/libc++_replacement/tmp/GBS-ROOT/R32-candidates-libcxx-x86_64-20260813-02/local/BUILD-ROOTS/scratch.x86_64.0/usr/lib64/libm.so.6
   3082519:	
   3082519:	
   3082519:	calling init: /home/toolchain/development/libc++_replacement/tmp/GBS-ROOT/R32-candidates-libcxx-x86_64-20260813-02/local/BUILD-ROOTS/scratch.x86_64.0/usr/lib64/libc++abi.so.1
   3082519:	
   3082519:	
   3082519:	calling init: /home/toolchain/development/libc++_replacement/tmp/GBS-ROOT/R32-candidates-libcxx-x86_64-20260813-02/local/BUILD-ROOTS/scratch.x86_64.0/usr/lib64/libc++.so.1
   3082519:	
