PWD=/home/toolchain/development/libc++_replacement
COMMAND=bash -lc $'\nset -e\nrpm=tmp/GBS-ROOT/R30-semantic-default-armv7l-20260812-01/local/repos/r30_semantic_default_armv7l/armv7l/RPMS/r30-pthread-cancel-probe-1-1.armv7l.rpm\nrun=tmp/R30/semantic-run/default-armv7l\nroot=tmp/GBS-ROOT/R30-semantic-default-armv7l-20260812-01/local/BUILD-ROOTS/scratch.armv7l.0\nmkdir -p "$run"\n(cd "$run" && rpm2cpio "$OLDPWD/$rpm" | cpio -idmv)\nsha256sum "$rpm" "$run/usr/bin/pthread_cancel_probe"\nreadelf -dW "$run/usr/bin/pthread_cancel_probe"\nreadelf --dyn-syms -W "$run/usr/bin/pthread_cancel_probe" | c++filt | rg "UND.*(_Unwind|__cxa_)" || true\nprintf "%s\\n" "RUN_COMMAND=qemu-arm-static -L $root $run/usr/bin/pthread_cancel_probe"\nqemu-arm-static -L "$root" "$run/usr/bin/pthread_cancel_probe"\n' 
./usr/bin/pthread_cancel_probe
20 blocks
a4389bdde638caf606ed1bb9aeb8f197334cf9ce358a5cafd241cd9b979bb429  tmp/GBS-ROOT/R30-semantic-default-armv7l-20260812-01/local/repos/r30_semantic_default_armv7l/armv7l/RPMS/r30-pthread-cancel-probe-1-1.armv7l.rpm
d43e5d39b65e79794ba31634ede7198189b0e5ce6e0d54df6023147949332a4e  tmp/R30/semantic-run/default-armv7l/usr/bin/pthread_cancel_probe

Dynamic section at offset 0x1008 contains 28 entries:
  Tag        Type                         Name/Value
 0x00000001 (NEEDED)                     Shared library: [libstdc++.so.6]
 0x00000001 (NEEDED)                     Shared library: [libgcc_s.so.1]
 0x00000001 (NEEDED)                     Shared library: [libc.so.6]
 0x0000000c (INIT)                       0x6a8
 0x0000000d (FINI)                       0xad8
 0x00000019 (INIT_ARRAY)                 0x1000
 0x0000001b (INIT_ARRAYSZ)               4 (bytes)
 0x0000001a (FINI_ARRAY)                 0x1004
 0x0000001c (FINI_ARRAYSZ)               4 (bytes)
 0x6ffffef5 (GNU_HASH)                   0x188
 0x00000005 (STRTAB)                     0x330
 0x00000006 (SYMTAB)                     0x1a0
 0x0000000a (STRSZ)                      486 (bytes)
 0x0000000b (SYMENT)                     16 (bytes)
 0x00000015 (DEBUG)                      0x0
 0x00000003 (PLTGOT)                     0x2000
 0x00000002 (PLTRELSZ)                   136 (bytes)
 0x00000014 (PLTREL)                     REL
 0x00000017 (JMPREL)                     0x620
 0x00000011 (REL)                        0x5d8
 0x00000012 (RELSZ)                      72 (bytes)
 0x00000013 (RELENT)                     8 (bytes)
 0x6ffffffb (FLAGS_1)                    Flags: PIE
 0x6ffffffe (VERNEED)                    0x548
 0x6fffffff (VERNEEDNUM)                 3
 0x6ffffff0 (VERSYM)                     0x516
 0x6ffffffa (RELCOUNT)                   4
 0x00000000 (NULL)                       0x0
     4: 00000000     0 FUNC    GLOBAL DEFAULT  UND __cxa_begin_catch@CXXABI_1.3 (3)
    11: 00000000     0 FUNC    GLOBAL DEFAULT  UND __cxa_end_cleanup@CXXABI_1.3 (3)
    14: 00000000     0 FUNC    GLOBAL DEFAULT  UND __cxa_rethrow@CXXABI_1.3 (3)
    17: 00000000     0 FUNC    GLOBAL DEFAULT  UND __cxa_end_catch@CXXABI_1.3 (3)
    24: 00000000     0 FUNC    WEAK   DEFAULT  UND __cxa_finalize@GLIBC_2.4 (4)
RUN_COMMAND=qemu-arm-static -L tmp/GBS-ROOT/R30-semantic-default-armv7l-20260812-01/local/BUILD-ROOTS/scratch.armv7l.0 tmp/R30/semantic-run/default-armv7l/usr/bin/pthread_cancel_probe
EVENT forced_guard_rethrow
EVENT destructor
RESULT cancel_rc=0 join_rc=0 canceled=1 destructor=1 forced_guard=1 catch_all=0 returned=0
EXIT_CODE=0
