$ nl -ba tmp/R51/source-product-final/libcxxabi/include/cxxabi.h | sed -n 28,52p
    28	namespace std {
    29	#if defined(_WIN32)
    30	class _LIBCXXABI_TYPE_VIS type_info; // forward declaration
    31	#else
    32	class type_info; // forward declaration
    33	#endif
    34	}
    35	
    36	
    37	// runtime routines use C calling conventions, but are in __cxxabiv1 namespace
    38	namespace __cxxabiv1 {
    39	
    40	// An out-of-line key function makes the runtime library own the unique
    41	// exported typeinfo definition. Keep the libstdc++ abstract class shape so
    42	// this marker can only be caught by reference.
    43	class _LIBCXXABI_TYPE_VIS __forced_unwind {
    44	  virtual ~__forced_unwind();
    45	  virtual void __pure_dummy() = 0;
    46	};
    47	
    48	struct __cxa_exception;
    49	
    50	extern "C"  {
    51	
    52	// 2.4.2 Allocating the Exception Object
$ sed -n 1,120p progress/R33/tools/tizen-clang++
#!/usr/bin/env bash
set -euo pipefail
workspace=/home/toolchain/development/libc++_replacement
sysroot=$workspace/tmp/GBS-ROOT/R32-candidates-libcxx-x86_64-20260813-02/local/BUILD-ROOTS/scratch.x86_64.0
export LD_LIBRARY_PATH="$sysroot/usr/lib64${LD_LIBRARY_PATH:+:$LD_LIBRARY_PATH}"
exec "$sysroot/usr/bin/clang++" \
  --sysroot="$sysroot" \
  -resource-dir "$sysroot/usr/lib64/clang/22" \
  "$@"
$ find tmp/R51/build-product-x86_64/include/c++/v1 -maxdepth 1 -type f -name cxxabi.h -o -name __config
tmp/R51/build-product-x86_64/include/c++/v1/__config
tmp/R51/build-product-x86_64/include/c++/v1/cxxabi.h
EXIT_CODE=0
