$ progress/R52/tools/run_board_matrix.sh
IDENTITY_BEGIN
bin/dso_launcher: OK
dso/libstdcxx.so: OK
dso/patched_headers.so: OK
dso/unpatched_headers.so: OK
header_batch/libc++.so.1: OK
header_batch/libc++abi.so.1: OK
layer_ab/libc++.so.1: OK
layer_ab/libc++abi.so.1: OK
unpatched/libc++.so.1: OK
unpatched/libc++abi.so.1: OK
LDD_SUITE=unpatched
	linux-vdso.so.1 (0xbef93000)
	libc++.so.1 => /var/tmp/r52_20260820/unpatched/libc++.so.1 (0xb6e91000)
	libc++abi.so.1 => /var/tmp/r52_20260820/unpatched/libc++abi.so.1 (0xb6e68000)
	libpthread.so.0 => /lib/libpthread.so.0 (0xb6e53000)
	libdl.so.2 => /lib/libdl.so.2 (0xb6e4f000)
	libm.so.6 => /lib/libm.so.6 (0xb6e01000)
	libatomic.so.1 => /lib/libatomic.so.1 (0xb6dfa000)
	libc.so.6 => /lib/libc.so.6 (0xb6c99000)
	libgcc_s.so.1 => /lib/libgcc_s.so.1 (0xb6c7e000)
	/lib/ld-linux.so.3 (0xb6f5d000)
LDD_EXIT_CODE=0
LDD_SUITE=layer_ab
/var/tmp/r52_20260820/dso/patched_headers.so: /var/tmp/r52_20260820/layer_ab/libc++abi.so.1: no version information available (required by /var/tmp/r52_20260820/dso/patched_headers.so)
/var/tmp/r52_20260820/dso/patched_headers.so: /var/tmp/r52_20260820/layer_ab/libc++abi.so.1: no version information available (required by /var/tmp/r52_20260820/layer_ab/libc++.so.1)
	linux-vdso.so.1 (0xbeeba000)
	libc++.so.1 => /var/tmp/r52_20260820/layer_ab/libc++.so.1 (0xb6e91000)
	libc++abi.so.1 => /var/tmp/r52_20260820/layer_ab/libc++abi.so.1 (0xb6e6e000)
	libpthread.so.0 => /lib/libpthread.so.0 (0xb6e59000)
	libdl.so.2 => /lib/libdl.so.2 (0xb6e55000)
	libm.so.6 => /lib/libm.so.6 (0xb6e07000)
	libatomic.so.1 => /lib/libatomic.so.1 (0xb6e00000)
	libc.so.6 => /lib/libc.so.6 (0xb6c9f000)
	libgcc_s.so.1 => /lib/libgcc_s.so.1 (0xb6c84000)
	/lib/ld-linux.so.3 (0xb6f5d000)
LDD_EXIT_CODE=0
LDD_SUITE=header_batch
/var/tmp/r52_20260820/dso/patched_headers.so: /var/tmp/r52_20260820/header_batch/libc++abi.so.1: no version information available (required by /var/tmp/r52_20260820/dso/patched_headers.so)
	linux-vdso.so.1 (0xbef7e000)
	libc++.so.1 => /var/tmp/r52_20260820/header_batch/libc++.so.1 (0xb6ebd000)
	libc++abi.so.1 => /var/tmp/r52_20260820/header_batch/libc++abi.so.1 (0xb6e9a000)
	libpthread.so.0 => /lib/libpthread.so.0 (0xb6e85000)
	libdl.so.2 => /lib/libdl.so.2 (0xb6e81000)
	libm.so.6 => /lib/libm.so.6 (0xb6e33000)
	libatomic.so.1 => /lib/libatomic.so.1 (0xb6e2c000)
	libc.so.6 => /lib/libc.so.6 (0xb6ccb000)
	libgcc_s.so.1 => /lib/libgcc_s.so.1 (0xb6cb0000)
	/lib/ld-linux.so.3 (0xb6f8a000)
LDD_EXIT_CODE=0
LDD_SUITE=libstdcxx_control
	linux-vdso.so.1 (0xbefdd000)
	libstdc++.so.6 => /lib/libstdc++.so.6 (0xb6dc7000)
	libm.so.6 => /lib/libm.so.6 (0xb6d79000)
	libgcc_s.so.1 => /lib/libgcc_s.so.1 (0xb6d5e000)
	libpthread.so.0 => /lib/libpthread.so.0 (0xb6d5a000)
	libc.so.6 => /lib/libc.so.6 (0xb6bf9000)
	/lib/ld-linux.so.3 (0xb6f7d000)
LDD_EXIT_CODE=0
LD_DEBUG_SUITE=header_fix mode=getline
     26163:	find library=libdl.so.2 [0]; searching
     26163:	 search path=/var/tmp/r52_20260820/header_batch		(LD_LIBRARY_PATH)
     26163:	  trying file=/var/tmp/r52_20260820/header_batch/libdl.so.2
     26163:	 search cache=/etc/ld.so.cache
     26163:	  trying file=/lib/libdl.so.2
     26163:	Found entry: /lib/libdl.so.2 for /var/tmp/r52_20260820/bin/dso_launcher libdl.so.2
     26163:	
     26163:	find library=libc.so.6 [0]; searching
     26163:	 search path=/var/tmp/r52_20260820/header_batch		(LD_LIBRARY_PATH)
     26163:	  trying file=/var/tmp/r52_20260820/header_batch/libc.so.6
     26163:	 search cache=/etc/ld.so.cache
     26163:	  trying file=/lib/libc.so.6
     26163:	Found entry: /lib/libc.so.6 for /var/tmp/r52_20260820/bin/dso_launcher libc.so.6
     26163:	
     26163:	find library=libgcc_s.so.1 [0]; searching
     26163:	 search path=/var/tmp/r52_20260820/header_batch		(LD_LIBRARY_PATH)
     26163:	  trying file=/var/tmp/r52_20260820/header_batch/libgcc_s.so.1
     26163:	 search cache=/etc/ld.so.cache
     26163:	  trying file=/lib/libgcc_s.so.1
     26163:	Found entry: /lib/libgcc_s.so.1 for /var/tmp/r52_20260820/bin/dso_launcher libgcc_s.so.1
     26163:	
     26163:	find library=libm.so.6 [0]; searching
     26163:	 search path=/var/tmp/r52_20260820/header_batch		(LD_LIBRARY_PATH)
     26163:	  trying file=/var/tmp/r52_20260820/header_batch/libm.so.6
     26163:	 search cache=/etc/ld.so.cache
     26163:	  trying file=/lib/libm.so.6
     26163:	Found entry: /lib/libm.so.6 for /var/tmp/r52_20260820/bin/dso_launcher libm.so.6
     26163:	
     26163:	
     26163:	calling init: /lib/ld-linux.so.3
     26163:	
     26163:	
     26163:	calling init: /lib/libc.so.6
     26163:	
     26163:	
     26163:	calling init: /lib/libm.so.6
     26163:	
     26163:	
     26163:	calling init: /lib/libgcc_s.so.1
     26163:	
     26163:	
     26163:	calling init: /lib/libdl.so.2
     26163:	
     26163:	
     26163:	initialize program: /var/tmp/r52_20260820/bin/dso_launcher
     26163:	
     26163:	
     26163:	transferring control: /var/tmp/r52_20260820/bin/dso_launcher
     26163:	
     26163:	find library=libc++.so.1 [0]; searching
     26163:	 search path=/var/tmp/r52_20260820/header_batch		(LD_LIBRARY_PATH)
     26163:	  trying file=/var/tmp/r52_20260820/header_batch/libc++.so.1
     26163:	
     26163:	find library=libc++abi.so.1 [0]; searching
     26163:	 search path=/var/tmp/r52_20260820/header_batch		(LD_LIBRARY_PATH)
     26163:	  trying file=/var/tmp/r52_20260820/header_batch/libc++abi.so.1
     26163:	
     26163:	find library=libpthread.so.0 [0]; searching
     26163:	 search path=/var/tmp/r52_20260820/header_batch		(LD_LIBRARY_PATH)
     26163:	  trying file=/var/tmp/r52_20260820/header_batch/libpthread.so.0
     26163:	 search cache=/etc/ld.so.cache
     26163:	  trying file=/lib/libpthread.so.0
     26163:	Found entry: /lib/libpthread.so.0 for /var/tmp/r52_20260820/dso/patched_headers.so libpthread.so.0
     26163:	
     26163:	find library=libatomic.so.1 [0]; searching
     26163:	 search path=/var/tmp/r52_20260820/header_batch		(LD_LIBRARY_PATH)
     26163:	  trying file=/var/tmp/r52_20260820/header_batch/libatomic.so.1
     26163:	 search cache=/etc/ld.so.cache
     26163:	  trying file=/lib/libatomic.so.1
     26163:	Found entry: /lib/libatomic.so.1 for /var/tmp/r52_20260820/dso/patched_headers.so libatomic.so.1
     26163:	
     26163:	
     26163:	calling init: /lib/libpthread.so.0
     26163:	
     26163:	
     26163:	calling init: /lib/libatomic.so.1
     26163:	
     26163:	
     26163:	calling init: /var/tmp/r52_20260820/header_batch/libc++abi.so.1
     26163:	
     26163:	
     26163:	calling init: /var/tmp/r52_20260820/header_batch/libc++.so.1
     26163:	
     26163:	
     26163:	calling init: /var/tmp/r52_20260820/dso/patched_headers.so
     26163:	
MODE=getline CREATE_RC=0 PIPE_WRITE_FD=4
MODE=getline CANCEL_ATTEMPT=1 RC=0
MODE=getline CANCEL_ATTEMPT=2 RC=0
MODE=getline CANCEL_ATTEMPT=3 RC=0
MODE=getline JOIN_RC=0 JOIN_IS_CANCELED=1 JOIN_VALUE=0xffffffff
     26163:	
     26163:	calling fini: /var/tmp/r52_20260820/dso/patched_headers.so [0]
     26163:	
     26163:	
     26163:	calling fini: /lib/libatomic.so.1 [0]
     26163:	
     26163:	
     26163:	calling fini:  [0]
     26163:	
     26163:	
     26163:	calling fini: /lib/libdl.so.2 [0]
     26163:	
     26163:	
     26163:	calling fini: /var/tmp/r52_20260820/header_batch/libc++.so.1 [0]
     26163:	
     26163:	
     26163:	calling fini: /var/tmp/r52_20260820/header_batch/libc++abi.so.1 [0]
     26163:	
     26163:	
     26163:	calling fini: /lib/libm.so.6 [0]
     26163:	
     26163:	
     26163:	calling fini: /lib/libgcc_s.so.1 [0]
     26163:	
     26163:	
     26163:	calling fini: /lib/libpthread.so.0 [0]
     26163:	
     26163:	
     26163:	calling fini: /lib/libc.so.6 [0]
     26163:	
     26163:	
     26163:	calling fini: /lib/ld-linux.so.3 [0]
     26163:	
LD_DEBUG_REMOTE_EXIT_CODE=0
IDENTITY_END

CELL_BEGIN arch=armv7l mode=getline suite=unpatched
EXECUTION_MODE=BOARD_NATIVE_ARMV7L_NO_QEMU
SDB_COMMAND=/usr/bin/timeout --preserve-status 25s /home/toolchain/.local/bin/sdb -s 192.168.108.26:26101 shell set\ +e\;\ LD_LIBRARY_PATH=\'/var/tmp/r52_20260820/unpatched\'\ \'/var/tmp/r52_20260820/bin/dso_launcher\'\ \'/var/tmp/r52_20260820/dso/unpatched_headers.so\'\ \'getline\'\ \&\ pid=\$\!\;\ \(sleep\ 15\;\ kill\ -TERM\ \$pid\ 2\>/dev/null\;\ sleep\ 1\;\ kill\ -KILL\ \$pid\ 2\>/dev/null\)\ \&\ guard=\$\!\;\ wait\ \$pid\;\ rc=\$\?\;\ kill\ \$guard\ 2\>/dev/null\;\ wait\ \$guard\ 2\>/dev/null\;\ printf\ \'REMOTE_CELL_EXIT_CODE=%d\\n\'\ \"\$rc\"\;\ if\ test\ \"\$rc\"\ -gt\ 128\;\ then\ printf\ \'REMOTE_CELL_SIGNAL=%d\\n\'\ \"\$\(\(rc-128\)\)\"\;\ else\ printf\ \'REMOTE_CELL_SIGNAL=0\\n\'\;\ fi\;\ exit\ 0 
MODE=getline CREATE_RC=0 PIPE_WRITE_FD=4
MODE=getline CANCEL_ATTEMPT=1 RC=0
FATAL: exception not rethrown
/bin/sh: line 1: 26170 Aborted                 (core dumped) LD_LIBRARY_PATH='/var/tmp/r52_20260820/unpatched' '/var/tmp/r52_20260820/bin/dso_launcher' '/var/tmp/r52_20260820/dso/unpatched_headers.so' 'getline'
REMOTE_CELL_EXIT_CODE=134
REMOTE_CELL_SIGNAL=6
SDB_CARRIER_EXIT_CODE=0
CELL_END arch=armv7l mode=getline suite=unpatched

CELL_BEGIN arch=armv7l mode=getline suite=layer_ab_headers_unmodified
EXECUTION_MODE=BOARD_NATIVE_ARMV7L_NO_QEMU
SDB_COMMAND=/usr/bin/timeout --preserve-status 25s /home/toolchain/.local/bin/sdb -s 192.168.108.26:26101 shell set\ +e\;\ LD_LIBRARY_PATH=\'/var/tmp/r52_20260820/layer_ab\'\ \'/var/tmp/r52_20260820/bin/dso_launcher\'\ \'/var/tmp/r52_20260820/dso/unpatched_headers.so\'\ \'getline\'\ \&\ pid=\$\!\;\ \(sleep\ 15\;\ kill\ -TERM\ \$pid\ 2\>/dev/null\;\ sleep\ 1\;\ kill\ -KILL\ \$pid\ 2\>/dev/null\)\ \&\ guard=\$\!\;\ wait\ \$pid\;\ rc=\$\?\;\ kill\ \$guard\ 2\>/dev/null\;\ wait\ \$guard\ 2\>/dev/null\;\ printf\ \'REMOTE_CELL_EXIT_CODE=%d\\n\'\ \"\$rc\"\;\ if\ test\ \"\$rc\"\ -gt\ 128\;\ then\ printf\ \'REMOTE_CELL_SIGNAL=%d\\n\'\ \"\$\(\(rc-128\)\)\"\;\ else\ printf\ \'REMOTE_CELL_SIGNAL=0\\n\'\;\ fi\;\ exit\ 0 
MODE=getline CREATE_RC=0 PIPE_WRITE_FD=4
MODE=getline CANCEL_ATTEMPT=1 RC=0
FATAL: exception not rethrown
/bin/sh: line 1: 26209 Aborted                 (core dumped) LD_LIBRARY_PATH='/var/tmp/r52_20260820/layer_ab' '/var/tmp/r52_20260820/bin/dso_launcher' '/var/tmp/r52_20260820/dso/unpatched_headers.so' 'getline'
REMOTE_CELL_EXIT_CODE=134
REMOTE_CELL_SIGNAL=6
SDB_CARRIER_EXIT_CODE=0
CELL_END arch=armv7l mode=getline suite=layer_ab_headers_unmodified

CELL_BEGIN arch=armv7l mode=getline suite=header_fix_rebuilt_consumer
EXECUTION_MODE=BOARD_NATIVE_ARMV7L_NO_QEMU
SDB_COMMAND=/usr/bin/timeout --preserve-status 25s /home/toolchain/.local/bin/sdb -s 192.168.108.26:26101 shell set\ +e\;\ LD_LIBRARY_PATH=\'/var/tmp/r52_20260820/header_batch\'\ \'/var/tmp/r52_20260820/bin/dso_launcher\'\ \'/var/tmp/r52_20260820/dso/patched_headers.so\'\ \'getline\'\ \&\ pid=\$\!\;\ \(sleep\ 15\;\ kill\ -TERM\ \$pid\ 2\>/dev/null\;\ sleep\ 1\;\ kill\ -KILL\ \$pid\ 2\>/dev/null\)\ \&\ guard=\$\!\;\ wait\ \$pid\;\ rc=\$\?\;\ kill\ \$guard\ 2\>/dev/null\;\ wait\ \$guard\ 2\>/dev/null\;\ printf\ \'REMOTE_CELL_EXIT_CODE=%d\\n\'\ \"\$rc\"\;\ if\ test\ \"\$rc\"\ -gt\ 128\;\ then\ printf\ \'REMOTE_CELL_SIGNAL=%d\\n\'\ \"\$\(\(rc-128\)\)\"\;\ else\ printf\ \'REMOTE_CELL_SIGNAL=0\\n\'\;\ fi\;\ exit\ 0 
MODE=getline CREATE_RC=0 PIPE_WRITE_FD=4
MODE=getline CANCEL_ATTEMPT=1 RC=0
MODE=getline CANCEL_ATTEMPT=2 RC=0
MODE=getline CANCEL_ATTEMPT=3 RC=0
MODE=getline JOIN_RC=0 JOIN_IS_CANCELED=1 JOIN_VALUE=0xffffffff
REMOTE_CELL_EXIT_CODE=0
REMOTE_CELL_SIGNAL=0
SDB_CARRIER_EXIT_CODE=0
CELL_END arch=armv7l mode=getline suite=header_fix_rebuilt_consumer

CELL_BEGIN arch=armv7l mode=getline suite=rebuilt_libcxx_stale_consumer
EXECUTION_MODE=BOARD_NATIVE_ARMV7L_NO_QEMU
SDB_COMMAND=/usr/bin/timeout --preserve-status 25s /home/toolchain/.local/bin/sdb -s 192.168.108.26:26101 shell set\ +e\;\ LD_LIBRARY_PATH=\'/var/tmp/r52_20260820/header_batch\'\ \'/var/tmp/r52_20260820/bin/dso_launcher\'\ \'/var/tmp/r52_20260820/dso/unpatched_headers.so\'\ \'getline\'\ \&\ pid=\$\!\;\ \(sleep\ 15\;\ kill\ -TERM\ \$pid\ 2\>/dev/null\;\ sleep\ 1\;\ kill\ -KILL\ \$pid\ 2\>/dev/null\)\ \&\ guard=\$\!\;\ wait\ \$pid\;\ rc=\$\?\;\ kill\ \$guard\ 2\>/dev/null\;\ wait\ \$guard\ 2\>/dev/null\;\ printf\ \'REMOTE_CELL_EXIT_CODE=%d\\n\'\ \"\$rc\"\;\ if\ test\ \"\$rc\"\ -gt\ 128\;\ then\ printf\ \'REMOTE_CELL_SIGNAL=%d\\n\'\ \"\$\(\(rc-128\)\)\"\;\ else\ printf\ \'REMOTE_CELL_SIGNAL=0\\n\'\;\ fi\;\ exit\ 0 
MODE=getline CREATE_RC=0 PIPE_WRITE_FD=4
MODE=getline CANCEL_ATTEMPT=1 RC=0
FATAL: exception not rethrown
/bin/sh: line 1: 26267 Aborted                 (core dumped) LD_LIBRARY_PATH='/var/tmp/r52_20260820/header_batch' '/var/tmp/r52_20260820/bin/dso_launcher' '/var/tmp/r52_20260820/dso/unpatched_headers.so' 'getline'
REMOTE_CELL_EXIT_CODE=134
REMOTE_CELL_SIGNAL=6
SDB_CARRIER_EXIT_CODE=0
CELL_END arch=armv7l mode=getline suite=rebuilt_libcxx_stale_consumer

CELL_BEGIN arch=armv7l mode=getline suite=libstdcxx_control
EXECUTION_MODE=BOARD_NATIVE_ARMV7L_NO_QEMU
SDB_COMMAND=/usr/bin/timeout --preserve-status 25s /home/toolchain/.local/bin/sdb -s 192.168.108.26:26101 shell set\ +e\;\ LD_LIBRARY_PATH=\'/lib:/usr/lib\'\ \'/var/tmp/r52_20260820/bin/dso_launcher\'\ \'/var/tmp/r52_20260820/dso/libstdcxx.so\'\ \'getline\'\ \&\ pid=\$\!\;\ \(sleep\ 15\;\ kill\ -TERM\ \$pid\ 2\>/dev/null\;\ sleep\ 1\;\ kill\ -KILL\ \$pid\ 2\>/dev/null\)\ \&\ guard=\$\!\;\ wait\ \$pid\;\ rc=\$\?\;\ kill\ \$guard\ 2\>/dev/null\;\ wait\ \$guard\ 2\>/dev/null\;\ printf\ \'REMOTE_CELL_EXIT_CODE=%d\\n\'\ \"\$rc\"\;\ if\ test\ \"\$rc\"\ -gt\ 128\;\ then\ printf\ \'REMOTE_CELL_SIGNAL=%d\\n\'\ \"\$\(\(rc-128\)\)\"\;\ else\ printf\ \'REMOTE_CELL_SIGNAL=0\\n\'\;\ fi\;\ exit\ 0 
MODE=getline CREATE_RC=0 PIPE_WRITE_FD=4
MODE=getline CANCEL_ATTEMPT=1 RC=0
MODE=getline CANCEL_ATTEMPT=2 RC=0
MODE=getline CANCEL_ATTEMPT=3 RC=0
MODE=getline JOIN_RC=0 JOIN_IS_CANCELED=1 JOIN_VALUE=0xffffffff
REMOTE_CELL_EXIT_CODE=0
REMOTE_CELL_SIGNAL=0
SDB_CARRIER_EXIT_CODE=0
CELL_END arch=armv7l mode=getline suite=libstdcxx_control

CELL_BEGIN arch=armv7l mode=packaged_task suite=unpatched
EXECUTION_MODE=BOARD_NATIVE_ARMV7L_NO_QEMU
SDB_COMMAND=/usr/bin/timeout --preserve-status 25s /home/toolchain/.local/bin/sdb -s 192.168.108.26:26101 shell set\ +e\;\ LD_LIBRARY_PATH=\'/var/tmp/r52_20260820/unpatched\'\ \'/var/tmp/r52_20260820/bin/dso_launcher\'\ \'/var/tmp/r52_20260820/dso/unpatched_headers.so\'\ \'packaged_task\'\ \&\ pid=\$\!\;\ \(sleep\ 15\;\ kill\ -TERM\ \$pid\ 2\>/dev/null\;\ sleep\ 1\;\ kill\ -KILL\ \$pid\ 2\>/dev/null\)\ \&\ guard=\$\!\;\ wait\ \$pid\;\ rc=\$\?\;\ kill\ \$guard\ 2\>/dev/null\;\ wait\ \$guard\ 2\>/dev/null\;\ printf\ \'REMOTE_CELL_EXIT_CODE=%d\\n\'\ \"\$rc\"\;\ if\ test\ \"\$rc\"\ -gt\ 128\;\ then\ printf\ \'REMOTE_CELL_SIGNAL=%d\\n\'\ \"\$\(\(rc-128\)\)\"\;\ else\ printf\ \'REMOTE_CELL_SIGNAL=0\\n\'\;\ fi\;\ exit\ 0 
MODE=packaged_task CREATE_RC=0
MODE=packaged_task CANCEL_ATTEMPT=1 RC=0
FATAL: exception not rethrown
/bin/sh: line 1: 26325 Aborted                 (core dumped) LD_LIBRARY_PATH='/var/tmp/r52_20260820/unpatched' '/var/tmp/r52_20260820/bin/dso_launcher' '/var/tmp/r52_20260820/dso/unpatched_headers.so' 'packaged_task'
REMOTE_CELL_EXIT_CODE=134
REMOTE_CELL_SIGNAL=6
SDB_CARRIER_EXIT_CODE=0
CELL_END arch=armv7l mode=packaged_task suite=unpatched

CELL_BEGIN arch=armv7l mode=packaged_task suite=layer_ab_headers_unmodified
EXECUTION_MODE=BOARD_NATIVE_ARMV7L_NO_QEMU
SDB_COMMAND=/usr/bin/timeout --preserve-status 25s /home/toolchain/.local/bin/sdb -s 192.168.108.26:26101 shell set\ +e\;\ LD_LIBRARY_PATH=\'/var/tmp/r52_20260820/layer_ab\'\ \'/var/tmp/r52_20260820/bin/dso_launcher\'\ \'/var/tmp/r52_20260820/dso/unpatched_headers.so\'\ \'packaged_task\'\ \&\ pid=\$\!\;\ \(sleep\ 15\;\ kill\ -TERM\ \$pid\ 2\>/dev/null\;\ sleep\ 1\;\ kill\ -KILL\ \$pid\ 2\>/dev/null\)\ \&\ guard=\$\!\;\ wait\ \$pid\;\ rc=\$\?\;\ kill\ \$guard\ 2\>/dev/null\;\ wait\ \$guard\ 2\>/dev/null\;\ printf\ \'REMOTE_CELL_EXIT_CODE=%d\\n\'\ \"\$rc\"\;\ if\ test\ \"\$rc\"\ -gt\ 128\;\ then\ printf\ \'REMOTE_CELL_SIGNAL=%d\\n\'\ \"\$\(\(rc-128\)\)\"\;\ else\ printf\ \'REMOTE_CELL_SIGNAL=0\\n\'\;\ fi\;\ exit\ 0 
MODE=packaged_task CREATE_RC=0
MODE=packaged_task CANCEL_ATTEMPT=1 RC=0
FATAL: exception not rethrown
/bin/sh: line 1: 26370 Aborted                 (core dumped) LD_LIBRARY_PATH='/var/tmp/r52_20260820/layer_ab' '/var/tmp/r52_20260820/bin/dso_launcher' '/var/tmp/r52_20260820/dso/unpatched_headers.so' 'packaged_task'
REMOTE_CELL_EXIT_CODE=134
REMOTE_CELL_SIGNAL=6
SDB_CARRIER_EXIT_CODE=0
CELL_END arch=armv7l mode=packaged_task suite=layer_ab_headers_unmodified

CELL_BEGIN arch=armv7l mode=packaged_task suite=header_fix_rebuilt_consumer
EXECUTION_MODE=BOARD_NATIVE_ARMV7L_NO_QEMU
SDB_COMMAND=/usr/bin/timeout --preserve-status 25s /home/toolchain/.local/bin/sdb -s 192.168.108.26:26101 shell set\ +e\;\ LD_LIBRARY_PATH=\'/var/tmp/r52_20260820/header_batch\'\ \'/var/tmp/r52_20260820/bin/dso_launcher\'\ \'/var/tmp/r52_20260820/dso/patched_headers.so\'\ \'packaged_task\'\ \&\ pid=\$\!\;\ \(sleep\ 15\;\ kill\ -TERM\ \$pid\ 2\>/dev/null\;\ sleep\ 1\;\ kill\ -KILL\ \$pid\ 2\>/dev/null\)\ \&\ guard=\$\!\;\ wait\ \$pid\;\ rc=\$\?\;\ kill\ \$guard\ 2\>/dev/null\;\ wait\ \$guard\ 2\>/dev/null\;\ printf\ \'REMOTE_CELL_EXIT_CODE=%d\\n\'\ \"\$rc\"\;\ if\ test\ \"\$rc\"\ -gt\ 128\;\ then\ printf\ \'REMOTE_CELL_SIGNAL=%d\\n\'\ \"\$\(\(rc-128\)\)\"\;\ else\ printf\ \'REMOTE_CELL_SIGNAL=0\\n\'\;\ fi\;\ exit\ 0 
MODE=packaged_task CREATE_RC=0
MODE=packaged_task CANCEL_ATTEMPT=1 RC=0
MODE=packaged_task CANCEL_ATTEMPT=2 RC=0
MODE=packaged_task CANCEL_ATTEMPT=3 RC=0
MODE=packaged_task JOIN_RC=0 JOIN_IS_CANCELED=1 JOIN_VALUE=0xffffffff
REMOTE_CELL_EXIT_CODE=0
REMOTE_CELL_SIGNAL=0
SDB_CARRIER_EXIT_CODE=0
CELL_END arch=armv7l mode=packaged_task suite=header_fix_rebuilt_consumer

CELL_BEGIN arch=armv7l mode=packaged_task suite=rebuilt_libcxx_stale_consumer
EXECUTION_MODE=BOARD_NATIVE_ARMV7L_NO_QEMU
SDB_COMMAND=/usr/bin/timeout --preserve-status 25s /home/toolchain/.local/bin/sdb -s 192.168.108.26:26101 shell set\ +e\;\ LD_LIBRARY_PATH=\'/var/tmp/r52_20260820/header_batch\'\ \'/var/tmp/r52_20260820/bin/dso_launcher\'\ \'/var/tmp/r52_20260820/dso/unpatched_headers.so\'\ \'packaged_task\'\ \&\ pid=\$\!\;\ \(sleep\ 15\;\ kill\ -TERM\ \$pid\ 2\>/dev/null\;\ sleep\ 1\;\ kill\ -KILL\ \$pid\ 2\>/dev/null\)\ \&\ guard=\$\!\;\ wait\ \$pid\;\ rc=\$\?\;\ kill\ \$guard\ 2\>/dev/null\;\ wait\ \$guard\ 2\>/dev/null\;\ printf\ \'REMOTE_CELL_EXIT_CODE=%d\\n\'\ \"\$rc\"\;\ if\ test\ \"\$rc\"\ -gt\ 128\;\ then\ printf\ \'REMOTE_CELL_SIGNAL=%d\\n\'\ \"\$\(\(rc-128\)\)\"\;\ else\ printf\ \'REMOTE_CELL_SIGNAL=0\\n\'\;\ fi\;\ exit\ 0 
MODE=packaged_task CREATE_RC=0
MODE=packaged_task CANCEL_ATTEMPT=1 RC=0
FATAL: exception not rethrown
/bin/sh: line 1: 26423 Aborted                 (core dumped) LD_LIBRARY_PATH='/var/tmp/r52_20260820/header_batch' '/var/tmp/r52_20260820/bin/dso_launcher' '/var/tmp/r52_20260820/dso/unpatched_headers.so' 'packaged_task'
REMOTE_CELL_EXIT_CODE=134
REMOTE_CELL_SIGNAL=6
SDB_CARRIER_EXIT_CODE=0
CELL_END arch=armv7l mode=packaged_task suite=rebuilt_libcxx_stale_consumer

CELL_BEGIN arch=armv7l mode=packaged_task suite=libstdcxx_control
EXECUTION_MODE=BOARD_NATIVE_ARMV7L_NO_QEMU
SDB_COMMAND=/usr/bin/timeout --preserve-status 25s /home/toolchain/.local/bin/sdb -s 192.168.108.26:26101 shell set\ +e\;\ LD_LIBRARY_PATH=\'/lib:/usr/lib\'\ \'/var/tmp/r52_20260820/bin/dso_launcher\'\ \'/var/tmp/r52_20260820/dso/libstdcxx.so\'\ \'packaged_task\'\ \&\ pid=\$\!\;\ \(sleep\ 15\;\ kill\ -TERM\ \$pid\ 2\>/dev/null\;\ sleep\ 1\;\ kill\ -KILL\ \$pid\ 2\>/dev/null\)\ \&\ guard=\$\!\;\ wait\ \$pid\;\ rc=\$\?\;\ kill\ \$guard\ 2\>/dev/null\;\ wait\ \$guard\ 2\>/dev/null\;\ printf\ \'REMOTE_CELL_EXIT_CODE=%d\\n\'\ \"\$rc\"\;\ if\ test\ \"\$rc\"\ -gt\ 128\;\ then\ printf\ \'REMOTE_CELL_SIGNAL=%d\\n\'\ \"\$\(\(rc-128\)\)\"\;\ else\ printf\ \'REMOTE_CELL_SIGNAL=0\\n\'\;\ fi\;\ exit\ 0 
MODE=packaged_task CREATE_RC=0
MODE=packaged_task CANCEL_ATTEMPT=1 RC=0
MODE=packaged_task CANCEL_ATTEMPT=2 RC=0
MODE=packaged_task CANCEL_ATTEMPT=3 RC=0
MODE=packaged_task JOIN_RC=0 JOIN_IS_CANCELED=1 JOIN_VALUE=0xffffffff
REMOTE_CELL_EXIT_CODE=0
REMOTE_CELL_SIGNAL=0
SDB_CARRIER_EXIT_CODE=0
CELL_END arch=armv7l mode=packaged_task suite=libstdcxx_control
EXIT_CODE=0
