INSUFFICIENT_REASONS.md
NO_CHANGE_GROUPS.md
README.md
REPORT.md
code/audit_reason_inputs.py
code/inspect_inputs.py
code/rewrite_reasons.py
code/run_logged.sh
code/show_reason_samples.py
code/summarize_runtime_edges.py
code/validate_archive.py
code/validate_r102.py
raw/.gitkeep
raw/001_resource_gate_light.command.txt
raw/001_resource_gate_light.exitcode
raw/001_resource_gate_light.stderr
raw/001_resource_gate_light.stdout
raw/002_inspect_inputs.command.txt
raw/002_inspect_inputs.exitcode
raw/002_inspect_inputs.stderr
raw/002_inspect_inputs.stdout
raw/003_inventory_evidence_files.command.txt
raw/003_inventory_evidence_files.exitcode
raw/003_inventory_evidence_files.stderr
raw/003_inventory_evidence_files.stdout
raw/004_inspect_edge_schemas.command.txt
raw/004_inspect_edge_schemas.exitcode
raw/004_inspect_edge_schemas.stderr
raw/004_inspect_edge_schemas.stdout
raw/005_inspect_edge_schemas_retry.command.txt
raw/005_inspect_edge_schemas_retry.exitcode
raw/005_inspect_edge_schemas_retry.stderr
raw/005_inspect_edge_schemas_retry.stdout
raw/006_audit_reason_inputs.command.txt
raw/006_audit_reason_inputs.exitcode
raw/006_audit_reason_inputs.stderr
raw/006_audit_reason_inputs.stdout
raw/007_audit_reason_inputs_retry.command.txt
raw/007_audit_reason_inputs_retry.exitcode
raw/007_audit_reason_inputs_retry.stderr
raw/007_audit_reason_inputs_retry.stdout
raw/008_summarize_runtime_edges.command.txt
raw/008_summarize_runtime_edges.exitcode
raw/008_summarize_runtime_edges.stderr
raw/008_summarize_runtime_edges.stdout
raw/009_inspect_group_evidence.command.txt
raw/009_inspect_group_evidence.exitcode
raw/009_inspect_group_evidence.stderr
raw/009_inspect_group_evidence.stdout
raw/010_rewrite_reasons.command.txt
raw/010_rewrite_reasons.exitcode
raw/010_rewrite_reasons.stderr
raw/010_rewrite_reasons.stdout
raw/011_validate_rewritten_reasons.command.txt
raw/011_validate_rewritten_reasons.exitcode
raw/011_validate_rewritten_reasons.stderr
raw/011_validate_rewritten_reasons.stdout
raw/012_review_reason_samples.command.txt
raw/012_review_reason_samples.exitcode
raw/012_review_reason_samples.stderr
raw/012_review_reason_samples.stdout
raw/013_regenerate_and_validate.command.txt
raw/013_regenerate_and_validate.exitcode
raw/013_regenerate_and_validate.stderr
raw/013_regenerate_and_validate.stdout
raw/014_archive_r102_materials.command.txt
raw/014_archive_r102_materials.stderr
raw/014_archive_r102_materials.stdout
tables/base_all_source_packages_rewritten.md
tables/base_all_source_packages_rewritten.tsv
tables/reason_before_after.md
tables/reason_before_after.tsv
