71aa3ff2e000-71aa3ff3f000 r--p 00000000 08:01 72160044                   /home/toolchain/development/libcxx_runtime_validation/tmp/IMPL_0908/build-native/lib/libc++abi.so.1.0
71aa3ff3f000-71aa3ff5c000 r-xp 00011000 08:01 72160044                   /home/toolchain/development/libcxx_runtime_validation/tmp/IMPL_0908/build-native/lib/libc++abi.so.1.0
71aa3ff5c000-71aa3ff66000 r--p 0002e000 08:01 72160044                   /home/toolchain/development/libcxx_runtime_validation/tmp/IMPL_0908/build-native/lib/libc++abi.so.1.0
71aa3ff66000-71aa3ff6b000 r--p 00038000 08:01 72160044                   /home/toolchain/development/libcxx_runtime_validation/tmp/IMPL_0908/build-native/lib/libc++abi.so.1.0
71aa3ff6b000-71aa3ff6c000 rw-p 0003d000 08:01 72160044                   /home/toolchain/development/libcxx_runtime_validation/tmp/IMPL_0908/build-native/lib/libc++abi.so.1.0
71aa3ff6c000-71aa3ffa8000 r--p 00000000 08:01 72160099                   /home/toolchain/development/libcxx_runtime_validation/tmp/IMPL_0908/build-native/lib/libc++.so.1.0
71aa3ffa8000-71aa40022000 r-xp 0003c000 08:01 72160099                   /home/toolchain/development/libcxx_runtime_validation/tmp/IMPL_0908/build-native/lib/libc++.so.1.0
71aa40022000-71aa40065000 r--p 000b6000 08:01 72160099                   /home/toolchain/development/libcxx_runtime_validation/tmp/IMPL_0908/build-native/lib/libc++.so.1.0
71aa40065000-71aa4006c000 r--p 000f8000 08:01 72160099                   /home/toolchain/development/libcxx_runtime_validation/tmp/IMPL_0908/build-native/lib/libc++.so.1.0
71aa4006c000-71aa4006d000 rw-p 000ff000 08:01 72160099                   /home/toolchain/development/libcxx_runtime_validation/tmp/IMPL_0908/build-native/lib/libc++.so.1.0
RUNTIME_MAPS cxx=1 abi=1 wrong=0
RUNTIME_IDENTITY=PASS
event=create rc=0
event=worker_ready_observed
event=wait_confirmed
event=frame_cleanup
event=joined cancel_rc=0 join_rc=0 canceled=1 frame_cleanup=1 target_unlock=1
event=trylock rc=0 errno_busy=16
event=contender rc=0 errno_busy=16 errno_timeout=110
event=contender_join create_rc=0 join_rc=0 contender_rc=0
event=assert expected=1
