cwd: /home/toolchain/development/libc++_replacement
command: bash -lc printf\ \"R30_LOGS\\\\n\"\;\ find\ progress/R30\ docs/progress/R30\ -type\ f\ 2\>/dev/null\ \|\ sort\ \|\ rg\ \"\(build\|error\|log\)\$\|\\\\.full\\\\.log\$\"\ \|\ head\ -120\;\ printf\ \"R39_ELF_CANDIDATES\\\\n\"\;\ find\ tmp/R39\ progress/R39\ -type\ f\ -size\ +1k\ 2\>/dev/null\ \|\ while\ read\ -r\ f\;\ do\ file\ -b\ \"\$f\"\ 2\>/dev/null\ \|\ rg\ -q\ \"ELF\"\ \&\&\ printf\ \"%s\\\\n\"\ \"\$f\"\;\ done\ \|\ head\ -120\;\ printf\ \"R30_BOOST_DSO\\\\n\"\;\ find\ tmp/GBS-ROOT\ tmp/R30\ -type\ f\ 2\>/dev/null\ \|\ rg\ \"libboost_\(unit_test\|test\).\*\\\\.so\"\ \|\ head\ -80\;\ printf\ \"R30_ERRORS\\\\n\"\;\ rg\ -n\ \"undefined\ reference\|error:\"\ progress/R30/commands\ --glob\ \"\*build\*\"\ \|\ head\ -160
--- stdout+stderr ---
R30_LOGS
docs/progress/R30/commands/001_identity.log
docs/progress/R30/commands/002_source_context_and_specs.log
docs/progress/R30/commands/003_install_and_include_chain.log
docs/progress/R30/commands/004_build_inputs_inventory.log
docs/progress/R30/commands/005_prepare_arm_repo_and_configs.log
docs/progress/R30/commands/006_finish_arm_repo_and_configs.log
docs/progress/R30/commands/007_propagation_44_verify.log
docs/progress/R30/commands/008_propagation_44_verify_normalized.log
docs/progress/R30/commands/009_build_baseline_libcynara_armv7l.full.log
docs/progress/R30/commands/010_build_baseline_libcynara_armv7l_r2.full.log
docs/progress/R30/commands/011_semantic_host_libstdcxx.log
docs/progress/R30/commands/012_local_repo_http_check.log
docs/progress/R30/commands/013_build_baseline_security_armv7l.full.log
docs/progress/R30/commands/014_prepatch_hash_and_diff.log
docs/progress/R30/commands/015_patch_diff_and_scope.log
docs/progress/R30/commands/016_source_local_commits.log
docs/progress/R30/commands/017_prepare_x86_repo_alias.log
docs/progress/R30/commands/018_prepare_aarch64_repo.log
docs/progress/R30/commands/019_prepare_cross_buildconfs.log
docs/progress/R30/commands/020_cross_repo_and_config_checks.log
docs/progress/R30/commands/021_archive_baseline_libcynara_armv7l.log
docs/progress/R30/commands/022_build_baseline_libcynara_armv7l_local.full.log
docs/progress/R30/commands/023_build_baseline_libcynara_armv7l_local_r2.full.log
docs/progress/R30/commands/024_build_patched_libcynara_libcxx_x86_64.full.log
docs/progress/R30/commands/025_shared_dist_collision_classification.log
docs/progress/R30/commands/026_build_baseline_security_armv7l_r2.full.log
docs/progress/R30/commands/027_build_patched_libcynara_libcxx_x86_64_r2.full.log
docs/progress/R30/commands/028_build_patched_libcynara_libcxx_x86_64_r3.full.log
docs/progress/R30/commands/029_build_patched_libcynara_libcxx_aarch64.full.log
docs/progress/R30/commands/030_prepare_semantic_package.log
docs/progress/R30/commands/031_prepare_semantic_package_r2.log
docs/progress/R30/commands/032_prepare_semantic_package_r3.log
docs/progress/R30/commands/033_build_semantic_default_armv7l.full.log
docs/progress/R30/commands/034_build_patched_libcynara_libcxx_armv7l.full.log
docs/progress/R30/commands/035_run_semantic_default_armv7l_qemu.log
docs/progress/R30/commands/036_build_semantic_libcxx_armv7l.full.log
docs/progress/R30/commands/037_build_baseline_libcynara_armv7l_local_r3.full.log
docs/progress/R30/commands/038_run_semantic_libcxx_armv7l_qemu.log
docs/progress/R30/commands/039_build_semantic_libcxx_x86_64.full.log
docs/progress/R30/commands/040_archive_clean_baselines.log
docs/progress/R30/commands/041_run_semantic_libcxx_x86_64_native.log
docs/progress/R30/commands/042_revised_patch_diff_and_commits.log
docs/progress/R30/commands/043_build_semantic_revised_libcxx_x86_64.full.log
docs/progress/R30/commands/044_build_semantic_revised_libcxx_armv7l.full.log
docs/progress/R30/commands/045_build_patched_security_libcxx_x86_64.full.log
docs/progress/R30/commands/046_run_semantic_revised_libcxx_x86_64_native.log
docs/progress/R30/commands/047_run_semantic_revised_libcxx_armv7l_qemu.log
docs/progress/R30/commands/048_reject_revised_candidate_restore_minimal.log
docs/progress/R30/commands/049_build_patched_libcynara_default_armv7l.full.log
docs/progress/R30/commands/050_build_patched_security_default_armv7l.full.log
docs/progress/R30/commands/051_format_patch_archive.log
docs/progress/R30/commands/052_build_final_security_libcxx_armv7l.full.log
docs/progress/R30/commands/053_build_final_security_libcxx_aarch64.full.log
docs/progress/R30/commands/054_build_final_security_libcxx_x86_64.full.log
docs/progress/R30/commands/055_archive_default_candidates.log
docs/progress/R30/commands/056_compare_libstdcxx_payloads.log
docs/progress/R30/commands/057_compare_libstdcxx_payloads_r2.log
docs/progress/R30/commands/058_compare_normalized_elfs.log
docs/progress/R30/commands/059_compare_elf_runtime_sections.log
docs/progress/R30/commands/060_final_input_content_identity_and_error_counts.log
docs/progress/R30/commands/061_summarize_build_logs.log
docs/progress/R30/commands/062_archive_failed_build_evidence.log
docs/progress/R30/commands/063_curate_progress_copy.log
docs/progress/R30/commands/064_final_source_and_patch_checks.log
docs/progress/R30/commands/065_curated_final_sync.log
docs/progress/R30/commands/066_generate_progress_manifest.log
docs/progress/R30/commands/072_precommit_scoped_validation.log
docs/progress/R30/commands/073_project_commit.log
docs/progress/R30/commands/074_project_push.log
docs/progress/R30/commands/075_remote_verify_first_push.log
progress/R30/commands/001_identity.log
progress/R30/commands/002_source_context_and_specs.log
progress/R30/commands/003_install_and_include_chain.log
progress/R30/commands/004_build_inputs_inventory.log
progress/R30/commands/005_prepare_arm_repo_and_configs.log
progress/R30/commands/006_finish_arm_repo_and_configs.log
progress/R30/commands/007_propagation_44_verify.log
progress/R30/commands/008_propagation_44_verify_normalized.log
progress/R30/commands/009_build_baseline_libcynara_armv7l.full.log
progress/R30/commands/010_build_baseline_libcynara_armv7l_r2.full.log
progress/R30/commands/011_semantic_host_libstdcxx.log
progress/R30/commands/012_local_repo_http_check.log
progress/R30/commands/013_build_baseline_security_armv7l.full.log
progress/R30/commands/014_prepatch_hash_and_diff.log
progress/R30/commands/015_patch_diff_and_scope.log
progress/R30/commands/016_source_local_commits.log
progress/R30/commands/017_prepare_x86_repo_alias.log
progress/R30/commands/018_prepare_aarch64_repo.log
progress/R30/commands/019_prepare_cross_buildconfs.log
progress/R30/commands/020_cross_repo_and_config_checks.log
progress/R30/commands/021_archive_baseline_libcynara_armv7l.log
progress/R30/commands/022_build_baseline_libcynara_armv7l_local.full.log
progress/R30/commands/023_build_baseline_libcynara_armv7l_local_r2.full.log
progress/R30/commands/024_build_patched_libcynara_libcxx_x86_64.full.log
progress/R30/commands/025_shared_dist_collision_classification.log
progress/R30/commands/026_build_baseline_security_armv7l_r2.full.log
progress/R30/commands/027_build_patched_libcynara_libcxx_x86_64_r2.full.log
progress/R30/commands/028_build_patched_libcynara_libcxx_x86_64_r3.full.log
progress/R30/commands/029_build_patched_libcynara_libcxx_aarch64.full.log
progress/R30/commands/030_prepare_semantic_package.log
progress/R30/commands/031_prepare_semantic_package_r2.log
progress/R30/commands/032_prepare_semantic_package_r3.log
progress/R30/commands/033_build_semantic_default_armv7l.full.log
progress/R30/commands/034_build_patched_libcynara_libcxx_armv7l.full.log
progress/R30/commands/035_run_semantic_default_armv7l_qemu.log
progress/R30/commands/036_build_semantic_libcxx_armv7l.full.log
progress/R30/commands/037_build_baseline_libcynara_armv7l_local_r3.full.log
progress/R30/commands/038_run_semantic_libcxx_armv7l_qemu.log
progress/R30/commands/039_build_semantic_libcxx_x86_64.full.log
progress/R30/commands/040_archive_clean_baselines.log
progress/R30/commands/041_run_semantic_libcxx_x86_64_native.log
progress/R30/commands/042_revised_patch_diff_and_commits.log
progress/R30/commands/043_build_semantic_revised_libcxx_x86_64.full.log
progress/R30/commands/044_build_semantic_revised_libcxx_armv7l.full.log
progress/R30/commands/045_build_patched_security_libcxx_x86_64.full.log
progress/R30/commands/046_run_semantic_revised_libcxx_x86_64_native.log
progress/R30/commands/047_run_semantic_revised_libcxx_armv7l_qemu.log
progress/R30/commands/048_reject_revised_candidate_restore_minimal.log
progress/R30/commands/049_build_patched_libcynara_default_armv7l.full.log
progress/R30/commands/050_build_patched_security_default_armv7l.full.log
R39_ELF_CANDIDATES
tmp/R39/generated-libcxx/libc++.so.1
tmp/R39/r38_dynamic_test_v2
tmp/R39/r38_static_export_dynamic
tmp/R39/generated-libcxx-v2/libc++.so.1
tmp/R39/generated-libcxx-v2/libc++.so.1.deploy
tmp/R39/dynamic-libcxx/usr/lib/libc++.so.1.0
R30_BOOST_DSO
R30_ERRORS
progress/R30/commands/039_build_semantic_libcxx_x86_64.full.log:13:gbs:debug: fetching error:(22, 'The requested URL returned error: 404')
progress/R30/commands/027_build_patched_libcynara_libcxx_x86_64_r2.full.log:13:gbs:debug: fetching error:(22, 'The requested URL returned error: 404')
progress/R30/commands/027_build_patched_libcynara_libcxx_x86_64_r2.full.log:22:error: No source package found at /home/toolchain/development/libc++_replacement/codes/libcynara-commons
progress/R30/commands/027_build_patched_libcynara_libcxx_x86_64_r2.full.log:23:gbs:error: Traceback (most recent call last):
progress/R30/commands/049_build_patched_libcynara_default_armv7l.full.log:13:gbs:debug: fetching error:(22, 'The requested URL returned error: 404')
progress/R30/commands/036_build_semantic_libcxx_armv7l.full.log:13:gbs:debug: fetching error:(22, 'The requested URL returned error: 404')
progress/R30/commands/052_build_final_security_libcxx_armv7l.full.log:13:gbs:debug: fetching error:(22, 'The requested URL returned error: 404')
progress/R30/commands/052_build_final_security_libcxx_armv7l.full.log:1462:[  345s] /home/abuild/rpmbuild/BUILD/security-manager-2.4.0/test/test_misc.cpp:62:11: error: no matching constructor for initialization of 'std::system_error'
progress/R30/commands/052_build_final_security_libcxx_armv7l.full.log:1519:[  345s] /home/abuild/rpmbuild/BUILD/security-manager-2.4.0/src/dpl/core/include/dpl/fstream_accessors.h:42:29: error: no type named '__filebuf_type' in 'std::ofstream'
progress/R30/commands/052_build_final_security_libcxx_armv7l.full.log:1529:[  345s] /home/abuild/rpmbuild/BUILD/security-manager-2.4.0/src/dpl/core/include/dpl/fstream_accessors.h:42:29: error: no type named '__filebuf_type' in 'std::ifstream'
progress/R30/commands/052_build_final_security_libcxx_armv7l.full.log:1551:[  346s] /usr/include/boost/test/tree/test_unit.hpp:265:(.text._ZN5boost9unit_test14make_test_caseERKNS_8functionIFvvEEENS0_13basic_cstringIKcEES8_j[_ZN5boost9unit_test14make_test_caseERKNS_8functionIFvvEEENS0_13basic_cstringIKcEES8_j]+0x24): undefined reference to `boost::unit_test::ut_detail::normalize_test_case_name(boost::unit_test::basic_cstring<char const>)'
progress/R30/commands/052_build_final_security_libcxx_armv7l.full.log:1553:[  346s] /usr/include/boost/test/tools/detail/print_helper.hpp:227:(.text._ZNK5boost9unit_test17lazy_ostream_implINS1_INS0_12lazy_ostreamEA14_cRA14_KcEEPS4_RKS8_EclERNSt3__113basic_ostreamIcNSC_11char_traitsIcEEEE[_ZNK5boost9unit_test17lazy_ostream_implINS1_INS0_12lazy_ostreamEA14_cRA14_KcEEPS4_RKS8_EclERNSt3__113basic_ostreamIcNSC_11char_traitsIcEEEE]+0x1a): undefined reference to `boost::test_tools::tt_detail::print_log_value<char const*>::operator()(std::__1::basic_ostream<char, std::__1::char_traits<char> >&, char const*)'
progress/R30/commands/052_build_final_security_libcxx_armv7l.full.log:1554:[  346s] /usr/bin/ld: /usr/include/boost/test/tools/detail/print_helper.hpp:227:(.text._ZNK5boost9unit_test17lazy_ostream_implINS1_INS0_12lazy_ostreamEA7_cRA7_KcEEPS4_RKS8_EclERNSt3__113basic_ostreamIcNSC_11char_traitsIcEEEE[_ZNK5boost9unit_test17lazy_ostream_implINS1_INS0_12lazy_ostreamEA7_cRA7_KcEEPS4_RKS8_EclERNSt3__113basic_ostreamIcNSC_11char_traitsIcEEEE]+0x1a): undefined reference to `boost::test_tools::tt_detail::print_log_value<char const*>::operator()(std::__1::basic_ostream<char, std::__1::char_traits<char> >&, char const*)'
progress/R30/commands/052_build_final_security_libcxx_armv7l.full.log:1556:[  346s] /usr/include/boost/test/tools/detail/print_helper.hpp:227:(.text._ZNK5boost9unit_test17lazy_ostream_implINS1_INS0_12lazy_ostreamEA36_cRA36_KcEEbRKbEclERNSt3__113basic_ostreamIcNSB_11char_traitsIcEEEE[_ZNK5boost9unit_test17lazy_ostream_implINS1_INS0_12lazy_ostreamEA36_cRA36_KcEEbRKbEclERNSt3__113basic_ostreamIcNSB_11char_traitsIcEEEE]+0x1a): undefined reference to `boost::test_tools::tt_detail::print_log_value<bool>::operator()(std::__1::basic_ostream<char, std::__1::char_traits<char> >&, bool)'
progress/R30/commands/052_build_final_security_libcxx_armv7l.full.log:1557:[  346s] /usr/bin/ld: /usr/include/boost/test/tools/detail/print_helper.hpp:227:(.text._ZNK5boost9unit_test17lazy_ostream_implINS1_INS1_INS1_INS0_12lazy_ostreamEA36_cRA36_KcEEbRKbEEA13_cRA13_S4_EEbS9_EclERNSt3__113basic_ostreamIcNSG_11char_traitsIcEEEE[_ZNK5boost9unit_test17lazy_ostream_implINS1_INS1_INS1_INS0_12lazy_ostreamEA36_cRA36_KcEEbRKbEEA13_cRA13_S4_EEbS9_EclERNSt3__113basic_ostreamIcNSG_11char_traitsIcEEEE]+0x1a): undefined reference to `boost::test_tools::tt_detail::print_log_value<bool>::operator()(std::__1::basic_ostream<char, std::__1::char_traits<char> >&, bool)'
progress/R30/commands/052_build_final_security_libcxx_armv7l.full.log:1566:[  346s] armv7l-tizen-linux-gnueabi-clang++: error: linker command failed with exit code 1 (use -v to see invocation)
progress/R30/commands/052_build_final_security_libcxx_armv7l.full.log:1597:[  349s] /home/abuild/rpmbuild/BUILD/security-manager-2.4.0/src/dpl/core/include/dpl/fstream_accessors.h:42:29: error: no type named '__filebuf_type' in 'std::ofstream'
progress/R30/commands/052_build_final_security_libcxx_armv7l.full.log:1607:[  349s] /home/abuild/rpmbuild/BUILD/security-manager-2.4.0/src/dpl/core/include/dpl/fstream_accessors.h:42:29: error: no type named '__filebuf_type' in 'std::ifstream'
progress/R30/commands/052_build_final_security_libcxx_armv7l.full.log:1634:[  353s] error: Bad exit status from /var/tmp/rpm-tmp.B5Mdkp (%build)
progress/R30/commands/052_build_final_security_libcxx_armv7l.full.log:1660:gbs:error: Traceback (most recent call last):
progress/R30/commands/022_build_baseline_libcynara_armv7l_local.full.log:3:gbs:error: <usage>--commit can't be specified together with --include-all, please use "--help" for more info
progress/R30/commands/024_build_patched_libcynara_libcxx_x86_64.full.log:13:gbs:debug: fetching error:(22, 'The requested URL returned error: 404')
progress/R30/commands/024_build_patched_libcynara_libcxx_x86_64.full.log:1305:[   95s] /home/abuild/rpmbuild/BUILD/cynara-0.26.0/test/cyad/commandline_options.cpp:40:21: error: ignoring return value of function declared with 'nodiscard' attribute [-Werror,-Wunused-result]
progress/R30/commands/024_build_patched_libcynara_libcxx_x86_64.full.log:1317:[   95s] /home/abuild/rpmbuild/BUILD/cynara-0.26.0/test/cyad/commandline_options.cpp:41:21: error: ignoring return value of function declared with 'nodiscard' attribute [-Werror,-Wunused-result]
progress/R30/commands/024_build_patched_libcynara_libcxx_x86_64.full.log:1329:[   95s] /home/abuild/rpmbuild/BUILD/cynara-0.26.0/test/cyad/commandline_options.cpp:42:21: error: ignoring return value of function declared with 'nodiscard' attribute [-Werror,-Wunused-result]
progress/R30/commands/024_build_patched_libcynara_libcxx_x86_64.full.log:1341:[   95s] /home/abuild/rpmbuild/BUILD/cynara-0.26.0/test/cyad/commandline_options.cpp:43:21: error: ignoring return value of function declared with 'nodiscard' attribute [-Werror,-Wunused-result]
progress/R30/commands/024_build_patched_libcynara_libcxx_x86_64.full.log:1353:[   95s] /home/abuild/rpmbuild/BUILD/cynara-0.26.0/test/cyad/commandline_options.cpp:44:21: error: ignoring return value of function declared with 'nodiscard' attribute [-Werror,-Wunused-result]
progress/R30/commands/024_build_patched_libcynara_libcxx_x86_64.full.log:1365:[   95s] /home/abuild/rpmbuild/BUILD/cynara-0.26.0/test/cyad/commandline_options.cpp:45:21: error: ignoring return value of function declared with 'nodiscard' attribute [-Werror,-Wunused-result]
progress/R30/commands/024_build_patched_libcynara_libcxx_x86_64.full.log:1377:[   95s] /home/abuild/rpmbuild/BUILD/cynara-0.26.0/test/cyad/commandline_options.cpp:46:21: error: ignoring return value of function declared with 'nodiscard' attribute [-Werror,-Wunused-result]
progress/R30/commands/024_build_patched_libcynara_libcxx_x86_64.full.log:1389:[   95s] /home/abuild/rpmbuild/BUILD/cynara-0.26.0/test/cyad/commandline_options.cpp:47:21: error: ignoring return value of function declared with 'nodiscard' attribute [-Werror,-Wunused-result]
progress/R30/commands/024_build_patched_libcynara_libcxx_x86_64.full.log:1401:[   95s] /home/abuild/rpmbuild/BUILD/cynara-0.26.0/test/cyad/commandline_options.cpp:49:21: error: ignoring return value of function declared with 'nodiscard' attribute [-Werror,-Wunused-result]
progress/R30/commands/024_build_patched_libcynara_libcxx_x86_64.full.log:1413:[   95s] /home/abuild/rpmbuild/BUILD/cynara-0.26.0/test/cyad/commandline_options.cpp:50:21: error: ignoring return value of function declared with 'nodiscard' attribute [-Werror,-Wunused-result]
progress/R30/commands/024_build_patched_libcynara_libcxx_x86_64.full.log:1425:[   95s] /home/abuild/rpmbuild/BUILD/cynara-0.26.0/test/cyad/commandline_options.cpp:51:21: error: ignoring return value of function declared with 'nodiscard' attribute [-Werror,-Wunused-result]
progress/R30/commands/024_build_patched_libcynara_libcxx_x86_64.full.log:1437:[   95s] /home/abuild/rpmbuild/BUILD/cynara-0.26.0/test/cyad/commandline_options.cpp:52:21: error: ignoring return value of function declared with 'nodiscard' attribute [-Werror,-Wunused-result]
progress/R30/commands/024_build_patched_libcynara_libcxx_x86_64.full.log:1449:[   95s] /home/abuild/rpmbuild/BUILD/cynara-0.26.0/test/cyad/commandline_options.cpp:53:21: error: ignoring return value of function declared with 'nodiscard' attribute [-Werror,-Wunused-result]
progress/R30/commands/024_build_patched_libcynara_libcxx_x86_64.full.log:1461:[   95s] /home/abuild/rpmbuild/BUILD/cynara-0.26.0/test/cyad/commandline_options.cpp:54:21: error: ignoring return value of function declared with 'nodiscard' attribute [-Werror,-Wunused-result]
progress/R30/commands/024_build_patched_libcynara_libcxx_x86_64.full.log:1473:[   95s] /home/abuild/rpmbuild/BUILD/cynara-0.26.0/test/cyad/commandline_options.cpp:55:21: error: ignoring return value of function declared with 'nodiscard' attribute [-Werror,-Wunused-result]
progress/R30/commands/024_build_patched_libcynara_libcxx_x86_64.full.log:1485:[   95s] /home/abuild/rpmbuild/BUILD/cynara-0.26.0/test/cyad/commandline_options.cpp:56:21: error: ignoring return value of function declared with 'nodiscard' attribute [-Werror,-Wunused-result]
progress/R30/commands/024_build_patched_libcynara_libcxx_x86_64.full.log:1497:[   95s] /home/abuild/rpmbuild/BUILD/cynara-0.26.0/test/cyad/commandline_options.cpp:57:21: error: ignoring return value of function declared with 'nodiscard' attribute [-Werror,-Wunused-result]
progress/R30/commands/024_build_patched_libcynara_libcxx_x86_64.full.log:1509:[   95s] /home/abuild/rpmbuild/BUILD/cynara-0.26.0/test/cyad/commandline_options.cpp:59:21: error: ignoring return value of function declared with 'nodiscard' attribute [-Werror,-Wunused-result]
progress/R30/commands/024_build_patched_libcynara_libcxx_x86_64.full.log:1521:[   95s] /home/abuild/rpmbuild/BUILD/cynara-0.26.0/test/cyad/commandline_options.cpp:60:21: error: ignoring return value of function declared with 'nodiscard' attribute [-Werror,-Wunused-result]
progress/R30/commands/024_build_patched_libcynara_libcxx_x86_64.full.log:1573:[   96s] /home/abuild/rpmbuild/BUILD/cynara-0.26.0/test/cyad/commands_dispatcher.cpp:288:41: error: 'std::ios_base::iostate' (aka 'unsigned int') is not a class, namespace, or enumeration
progress/R30/commands/024_build_patched_libcynara_libcxx_x86_64.full.log:1697:[  101s] error: Bad exit status from /var/tmp/rpm-tmp.r0Yzvk (%build)
progress/R30/commands/024_build_patched_libcynara_libcxx_x86_64.full.log:1739:gbs:error: Traceback (most recent call last):
progress/R30/commands/029_build_patched_libcynara_libcxx_aarch64.full.log:13:gbs:debug: fetching error:(22, 'The requested URL returned error: 404')
progress/R30/commands/029_build_patched_libcynara_libcxx_aarch64.full.log:1324:[  223s] /home/abuild/rpmbuild/BUILD/cynara-0.26.0/test/cyad/commandline_options.cpp:40:21: error: ignoring return value of function declared with 'nodiscard' attribute [-Werror,-Wunused-result]
progress/R30/commands/029_build_patched_libcynara_libcxx_aarch64.full.log:1336:[  223s] /home/abuild/rpmbuild/BUILD/cynara-0.26.0/test/cyad/commandline_options.cpp:41:21: error: ignoring return value of function declared with 'nodiscard' attribute [-Werror,-Wunused-result]
progress/R30/commands/029_build_patched_libcynara_libcxx_aarch64.full.log:1348:[  223s] /home/abuild/rpmbuild/BUILD/cynara-0.26.0/test/cyad/commandline_options.cpp:42:21: error: ignoring return value of function declared with 'nodiscard' attribute [-Werror,-Wunused-result]
progress/R30/commands/029_build_patched_libcynara_libcxx_aarch64.full.log:1360:[  223s] /home/abuild/rpmbuild/BUILD/cynara-0.26.0/test/cyad/commandline_options.cpp:43:21: error: ignoring return value of function declared with 'nodiscard' attribute [-Werror,-Wunused-result]
progress/R30/commands/029_build_patched_libcynara_libcxx_aarch64.full.log:1372:[  223s] /home/abuild/rpmbuild/BUILD/cynara-0.26.0/test/cyad/commandline_options.cpp:44:21: error: ignoring return value of function declared with 'nodiscard' attribute [-Werror,-Wunused-result]
progress/R30/commands/029_build_patched_libcynara_libcxx_aarch64.full.log:1384:[  223s] /home/abuild/rpmbuild/BUILD/cynara-0.26.0/test/cyad/commandline_options.cpp:45:21: error: ignoring return value of function declared with 'nodiscard' attribute [-Werror,-Wunused-result]
progress/R30/commands/029_build_patched_libcynara_libcxx_aarch64.full.log:1396:[  223s] /home/abuild/rpmbuild/BUILD/cynara-0.26.0/test/cyad/commandline_options.cpp:46:21: error: ignoring return value of function declared with 'nodiscard' attribute [-Werror,-Wunused-result]
progress/R30/commands/029_build_patched_libcynara_libcxx_aarch64.full.log:1408:[  223s] /home/abuild/rpmbuild/BUILD/cynara-0.26.0/test/cyad/commandline_options.cpp:47:21: error: ignoring return value of function declared with 'nodiscard' attribute [-Werror,-Wunused-result]
progress/R30/commands/029_build_patched_libcynara_libcxx_aarch64.full.log:1420:[  223s] /home/abuild/rpmbuild/BUILD/cynara-0.26.0/test/cyad/commandline_options.cpp:49:21: error: ignoring return value of function declared with 'nodiscard' attribute [-Werror,-Wunused-result]
progress/R30/commands/029_build_patched_libcynara_libcxx_aarch64.full.log:1432:[  223s] /home/abuild/rpmbuild/BUILD/cynara-0.26.0/test/cyad/commandline_options.cpp:50:21: error: ignoring return value of function declared with 'nodiscard' attribute [-Werror,-Wunused-result]
progress/R30/commands/029_build_patched_libcynara_libcxx_aarch64.full.log:1444:[  223s] /home/abuild/rpmbuild/BUILD/cynara-0.26.0/test/cyad/commandline_options.cpp:51:21: error: ignoring return value of function declared with 'nodiscard' attribute [-Werror,-Wunused-result]
progress/R30/commands/029_build_patched_libcynara_libcxx_aarch64.full.log:1456:[  223s] /home/abuild/rpmbuild/BUILD/cynara-0.26.0/test/cyad/commandline_options.cpp:52:21: error: ignoring return value of function declared with 'nodiscard' attribute [-Werror,-Wunused-result]
progress/R30/commands/029_build_patched_libcynara_libcxx_aarch64.full.log:1468:[  223s] /home/abuild/rpmbuild/BUILD/cynara-0.26.0/test/cyad/commands_dispatcher.cpp:288:41: error: 'std::ios_base::iostate' (aka 'unsigned int') is not a class, namespace, or enumeration
progress/R30/commands/029_build_patched_libcynara_libcxx_aarch64.full.log:1471:[  223s] /home/abuild/rpmbuild/BUILD/cynara-0.26.0/test/cyad/commandline_options.cpp:53:21: error: ignoring return value of function declared with 'nodiscard' attribute [-Werror,-Wunused-result]
progress/R30/commands/029_build_patched_libcynara_libcxx_aarch64.full.log:1483:[  223s] /home/abuild/rpmbuild/BUILD/cynara-0.26.0/test/cyad/commandline_options.cpp:54:21: error: ignoring return value of function declared with 'nodiscard' attribute [-Werror,-Wunused-result]
progress/R30/commands/029_build_patched_libcynara_libcxx_aarch64.full.log:1495:[  223s] /home/abuild/rpmbuild/BUILD/cynara-0.26.0/test/cyad/commandline_options.cpp:55:21: error: ignoring return value of function declared with 'nodiscard' attribute [-Werror,-Wunused-result]
progress/R30/commands/029_build_patched_libcynara_libcxx_aarch64.full.log:1507:[  223s] /home/abuild/rpmbuild/BUILD/cynara-0.26.0/test/cyad/commandline_options.cpp:56:21: error: ignoring return value of function declared with 'nodiscard' attribute [-Werror,-Wunused-result]
progress/R30/commands/029_build_patched_libcynara_libcxx_aarch64.full.log:1519:[  223s] /home/abuild/rpmbuild/BUILD/cynara-0.26.0/test/cyad/commandline_options.cpp:57:21: error: ignoring return value of function declared with 'nodiscard' attribute [-Werror,-Wunused-result]
progress/R30/commands/029_build_patched_libcynara_libcxx_aarch64.full.log:1531:[  223s] /home/abuild/rpmbuild/BUILD/cynara-0.26.0/test/cyad/commandline_options.cpp:59:21: error: ignoring return value of function declared with 'nodiscard' attribute [-Werror,-Wunused-result]
progress/R30/commands/029_build_patched_libcynara_libcxx_aarch64.full.log:1543:[  223s] /home/abuild/rpmbuild/BUILD/cynara-0.26.0/test/cyad/commandline_options.cpp:60:21: error: ignoring return value of function declared with 'nodiscard' attribute [-Werror,-Wunused-result]
progress/R30/commands/029_build_patched_libcynara_libcxx_aarch64.full.log:1714:[  228s] error: Bad exit status from /var/tmp/rpm-tmp.3oS4NE (%build)
progress/R30/commands/029_build_patched_libcynara_libcxx_aarch64.full.log:1754:gbs:error: Traceback (most recent call last):
progress/R30/commands/009_build_baseline_libcynara_armv7l.full.log:25:error: No source package found at /home/toolchain/development/libc++_replacement
progress/R30/commands/009_build_baseline_libcynara_armv7l.full.log:26:gbs:error: Traceback (most recent call last):
progress/R30/commands/023_build_baseline_libcynara_armv7l_local_r2.full.log:13:gbs:debug: fetching error:(22, 'The requested URL returned error: 404')
progress/R30/commands/023_build_baseline_libcynara_armv7l_local_r2.full.log:683:[  115s]     armv7l-tizen-linux-gnueabi-clang: error: linker command failed with exit code 1 (use -v to see invocation)
progress/R30/commands/023_build_baseline_libcynara_armv7l_local_r2.full.log:699:[  115s] error: Bad exit status from /var/tmp/rpm-tmp.MlgMcD (%build)
progress/R30/commands/023_build_baseline_libcynara_armv7l_local_r2.full.log:739:gbs:error: Traceback (most recent call last):
progress/R30/commands/037_build_baseline_libcynara_armv7l_local_r3.full.log:13:gbs:debug: fetching error:(22, 'The requested URL returned error: 404')
progress/R30/commands/054_build_final_security_libcxx_x86_64.full.log:13:gbs:debug: fetching error:(22, 'The requested URL returned error: 404')
progress/R30/commands/054_build_final_security_libcxx_x86_64.full.log:1444:[  304s] /home/abuild/rpmbuild/BUILD/security-manager-2.4.0/test/test_misc.cpp:62:11: error: no matching constructor for initialization of 'std::system_error'
progress/R30/commands/054_build_final_security_libcxx_x86_64.full.log:1501:[  304s] /home/abuild/rpmbuild/BUILD/security-manager-2.4.0/src/dpl/core/include/dpl/fstream_accessors.h:42:29: error: no type named '__filebuf_type' in 'std::ofstream'
progress/R30/commands/054_build_final_security_libcxx_x86_64.full.log:1511:[  304s] /home/abuild/rpmbuild/BUILD/security-manager-2.4.0/src/dpl/core/include/dpl/fstream_accessors.h:42:29: error: no type named '__filebuf_type' in 'std::ifstream'
progress/R30/commands/054_build_final_security_libcxx_x86_64.full.log:1571:[  308s] /home/abuild/rpmbuild/BUILD/security-manager-2.4.0/src/dpl/core/include/dpl/fstream_accessors.h:42:29: error: no type named '__filebuf_type' in 'std::ofstream'
progress/R30/commands/054_build_final_security_libcxx_x86_64.full.log:1581:[  308s] /home/abuild/rpmbuild/BUILD/security-manager-2.4.0/src/dpl/core/include/dpl/fstream_accessors.h:42:29: error: no type named '__filebuf_type' in 'std::ifstream'
progress/R30/commands/054_build_final_security_libcxx_x86_64.full.log:1599:[  308s] /usr/include/boost/test/tree/test_unit.hpp:265:(.text._ZN5boost9unit_test14make_test_caseERKNS_8functionIFvvEEENS0_13basic_cstringIKcEES8_m[_ZN5boost9unit_test14make_test_caseERKNS_8functionIFvvEEENS0_13basic_cstringIKcEES8_m]+0x3c): undefined reference to `boost::unit_test::ut_detail::normalize_test_case_name(boost::unit_test::basic_cstring<char const>)'
progress/R30/commands/054_build_final_security_libcxx_x86_64.full.log:1601:[  308s] /usr/include/boost/test/tools/detail/print_helper.hpp:227:(.text._ZNK5boost9unit_test17lazy_ostream_implINS1_INS0_12lazy_ostreamEA14_cRA14_KcEEPS4_RKS8_EclERNSt3__113basic_ostreamIcNSC_11char_traitsIcEEEE[_ZNK5boost9unit_test17lazy_ostream_implINS1_INS0_12lazy_ostreamEA14_cRA14_KcEEPS4_RKS8_EclERNSt3__113basic_ostreamIcNSC_11char_traitsIcEEEE]+0x2a): undefined reference to `boost::test_tools::tt_detail::print_log_value<char const*>::operator()(std::__1::basic_ostream<char, std::__1::char_traits<char> >&, char const*)'
progress/R30/commands/054_build_final_security_libcxx_x86_64.full.log:1602:[  308s] /usr/bin/ld: /usr/include/boost/test/tools/detail/print_helper.hpp:227:(.text._ZNK5boost9unit_test17lazy_ostream_implINS1_INS0_12lazy_ostreamEA7_cRA7_KcEEPS4_RKS8_EclERNSt3__113basic_ostreamIcNSC_11char_traitsIcEEEE[_ZNK5boost9unit_test17lazy_ostream_implINS1_INS0_12lazy_ostreamEA7_cRA7_KcEEPS4_RKS8_EclERNSt3__113basic_ostreamIcNSC_11char_traitsIcEEEE]+0x2a): undefined reference to `boost::test_tools::tt_detail::print_log_value<char const*>::operator()(std::__1::basic_ostream<char, std::__1::char_traits<char> >&, char const*)'
progress/R30/commands/054_build_final_security_libcxx_x86_64.full.log:1604:[  308s] /usr/include/boost/test/tools/detail/print_helper.hpp:227:(.text._ZNK5boost9unit_test17lazy_ostream_implINS1_INS0_12lazy_ostreamEA36_cRA36_KcEEbRKbEclERNSt3__113basic_ostreamIcNSB_11char_traitsIcEEEE[_ZNK5boost9unit_test17lazy_ostream_implINS1_INS0_12lazy_ostreamEA36_cRA36_KcEEbRKbEclERNSt3__113basic_ostreamIcNSB_11char_traitsIcEEEE]+0x2a): undefined reference to `boost::test_tools::tt_detail::print_log_value<bool>::operator()(std::__1::basic_ostream<char, std::__1::char_traits<char> >&, bool)'
progress/R30/commands/054_build_final_security_libcxx_x86_64.full.log:1605:[  308s] /usr/bin/ld: /usr/include/boost/test/tools/detail/print_helper.hpp:227:(.text._ZNK5boost9unit_test17lazy_ostream_implINS1_INS1_INS1_INS0_12lazy_ostreamEA36_cRA36_KcEEbRKbEEA13_cRA13_S4_EEbS9_EclERNSt3__113basic_ostreamIcNSG_11char_traitsIcEEEE[_ZNK5boost9unit_test17lazy_ostream_implINS1_INS1_INS1_INS0_12lazy_ostreamEA36_cRA36_KcEEbRKbEEA13_cRA13_S4_EEbS9_EclERNSt3__113basic_ostreamIcNSG_11char_traitsIcEEEE]+0x2a): undefined reference to `boost::test_tools::tt_detail::print_log_value<bool>::operator()(std::__1::basic_ostream<char, std::__1::char_traits<char> >&, bool)'
progress/R30/commands/054_build_final_security_libcxx_x86_64.full.log:1606:[  308s] x86_64-tizen-linux-gnu-clang++: error: linker command failed with exit code 1 (use -v to see invocation)
progress/R30/commands/054_build_final_security_libcxx_x86_64.full.log:1622:[  312s] error: Bad exit status from /var/tmp/rpm-tmp.1A82rs (%build)
progress/R30/commands/054_build_final_security_libcxx_x86_64.full.log:1648:gbs:error: Traceback (most recent call last):
progress/R30/commands/044_build_semantic_revised_libcxx_armv7l.full.log:13:gbs:debug: fetching error:(22, 'The requested URL returned error: 404')
progress/R30/commands/043_build_semantic_revised_libcxx_x86_64.full.log:13:gbs:debug: fetching error:(22, 'The requested URL returned error: 404')
progress/R30/commands/034_build_patched_libcynara_libcxx_armv7l.full.log:13:gbs:debug: fetching error:(22, 'The requested URL returned error: 404')
progress/R30/commands/034_build_patched_libcynara_libcxx_armv7l.full.log:1303:[   86s] /home/abuild/rpmbuild/BUILD/cynara-0.26.0/test/cyad/commandline_options.cpp:40:21: error: ignoring return value of function declared with 'nodiscard' attribute [-Werror,-Wunused-result]
progress/R30/commands/034_build_patched_libcynara_libcxx_armv7l.full.log:1315:[   86s] /home/abuild/rpmbuild/BUILD/cynara-0.26.0/test/cyad/commandline_options.cpp:41:21: error: ignoring return value of function declared with 'nodiscard' attribute [-Werror,-Wunused-result]
progress/R30/commands/034_build_patched_libcynara_libcxx_armv7l.full.log:1327:[   86s] /home/abuild/rpmbuild/BUILD/cynara-0.26.0/test/cyad/commandline_options.cpp:42:21: error: ignoring return value of function declared with 'nodiscard' attribute [-Werror,-Wunused-result]
progress/R30/commands/034_build_patched_libcynara_libcxx_armv7l.full.log:1339:[   86s] /home/abuild/rpmbuild/BUILD/cynara-0.26.0/test/cyad/commandline_options.cpp:43:21: error: ignoring return value of function declared with 'nodiscard' attribute [-Werror,-Wunused-result]
progress/R30/commands/034_build_patched_libcynara_libcxx_armv7l.full.log:1351:[   86s] /home/abuild/rpmbuild/BUILD/cynara-0.26.0/test/cyad/commandline_options.cpp:44:21: error: ignoring return value of function declared with 'nodiscard' attribute [-Werror,-Wunused-result]
progress/R30/commands/034_build_patched_libcynara_libcxx_armv7l.full.log:1363:[   86s] /home/abuild/rpmbuild/BUILD/cynara-0.26.0/test/cyad/commandline_options.cpp:45:21: error: ignoring return value of function declared with 'nodiscard' attribute [-Werror,-Wunused-result]
progress/R30/commands/034_build_patched_libcynara_libcxx_armv7l.full.log:1375:[   86s] /home/abuild/rpmbuild/BUILD/cynara-0.26.0/test/cyad/commandline_options.cpp:46:21: error: ignoring return value of function declared with 'nodiscard' attribute [-Werror,-Wunused-result]
progress/R30/commands/034_build_patched_libcynara_libcxx_armv7l.full.log:1388:[   86s] /home/abuild/rpmbuild/BUILD/cynara-0.26.0/test/cyad/commandline_options.cpp:47:21: error: ignoring return value of function declared with 'nodiscard' attribute [-Werror,-Wunused-result]
progress/R30/commands/034_build_patched_libcynara_libcxx_armv7l.full.log:1400:[   86s] /home/abuild/rpmbuild/BUILD/cynara-0.26.0/test/cyad/commandline_options.cpp:49:21: error: ignoring return value of function declared with 'nodiscard' attribute [-Werror,-Wunused-result]
progress/R30/commands/034_build_patched_libcynara_libcxx_armv7l.full.log:1413:[   86s] /home/abuild/rpmbuild/BUILD/cynara-0.26.0/test/cyad/commandline_options.cpp:50:21: error: ignoring return value of function declared with 'nodiscard' attribute [-Werror,-Wunused-result]
progress/R30/commands/034_build_patched_libcynara_libcxx_armv7l.full.log:1425:[   86s] /home/abuild/rpmbuild/BUILD/cynara-0.26.0/test/cyad/commandline_options.cpp:51:21: error: ignoring return value of function declared with 'nodiscard' attribute [-Werror,-Wunused-result]
progress/R30/commands/034_build_patched_libcynara_libcxx_armv7l.full.log:1437:[   86s] /home/abuild/rpmbuild/BUILD/cynara-0.26.0/test/cyad/commandline_options.cpp:52:21: error: ignoring return value of function declared with 'nodiscard' attribute [-Werror,-Wunused-result]
progress/R30/commands/034_build_patched_libcynara_libcxx_armv7l.full.log:1449:[   86s] /home/abuild/rpmbuild/BUILD/cynara-0.26.0/test/cyad/commandline_options.cpp:53:21: error: ignoring return value of function declared with 'nodiscard' attribute [-Werror,-Wunused-result]
progress/R30/commands/034_build_patched_libcynara_libcxx_armv7l.full.log:1461:[   86s] /home/abuild/rpmbuild/BUILD/cynara-0.26.0/test/cyad/commandline_options.cpp:54:21: error: ignoring return value of function declared with 'nodiscard' attribute [-Werror,-Wunused-result]
progress/R30/commands/034_build_patched_libcynara_libcxx_armv7l.full.log:1473:[   86s] /home/abuild/rpmbuild/BUILD/cynara-0.26.0/test/cyad/commandline_options.cpp:55:21: error: ignoring return value of function declared with 'nodiscard' attribute [-Werror,-Wunused-result]
progress/R30/commands/034_build_patched_libcynara_libcxx_armv7l.full.log:1485:[   86s] /home/abuild/rpmbuild/BUILD/cynara-0.26.0/test/cyad/commandline_options.cpp:56:21: error: ignoring return value of function declared with 'nodiscard' attribute [-Werror,-Wunused-result]
progress/R30/commands/034_build_patched_libcynara_libcxx_armv7l.full.log:1497:[   86s] /home/abuild/rpmbuild/BUILD/cynara-0.26.0/test/cyad/commandline_options.cpp:57:21: error: ignoring return value of function declared with 'nodiscard' attribute [-Werror,-Wunused-result]
progress/R30/commands/034_build_patched_libcynara_libcxx_armv7l.full.log:1509:[   86s] /home/abuild/rpmbuild/BUILD/cynara-0.26.0/test/cyad/commandline_options.cpp:59:21: error: ignoring return value of function declared with 'nodiscard' attribute [-Werror,-Wunused-result]
progress/R30/commands/034_build_patched_libcynara_libcxx_armv7l.full.log:1521:[   86s] /home/abuild/rpmbuild/BUILD/cynara-0.26.0/test/cyad/commandline_options.cpp:60:21: error: ignoring return value of function declared with 'nodiscard' attribute [-Werror,-Wunused-result]
progress/R30/commands/034_build_patched_libcynara_libcxx_armv7l.full.log:1551:[   87s] /home/abuild/rpmbuild/BUILD/cynara-0.26.0/test/cyad/commands_dispatcher.cpp:288:41: error: 'std::ios_base::iostate' (aka 'unsigned int') is not a class, namespace, or enumeration
progress/R30/commands/034_build_patched_libcynara_libcxx_armv7l.full.log:1709:[   92s] error: Bad exit status from /var/tmp/rpm-tmp.rRO9Vg (%build)
progress/R30/commands/034_build_patched_libcynara_libcxx_armv7l.full.log:1749:gbs:error: Traceback (most recent call last):
progress/R30/commands/033_build_semantic_default_armv7l.full.log:13:gbs:debug: fetching error:(22, 'The requested URL returned error: 404')
progress/R30/commands/050_build_patched_security_default_armv7l.full.log:13:gbs:debug: fetching error:(22, 'The requested URL returned error: 404')
progress/R30/commands/013_build_baseline_security_armv7l.full.log:13:gbs:debug: fetching error:(22, 'The requested URL returned error: 404')
progress/R30/commands/013_build_baseline_security_armv7l.full.log:1001:[  534s]     armv7l-tizen-linux-gnueabi-clang: error: linker command failed with exit code 1 (use -v to see invocation)
progress/R30/commands/013_build_baseline_security_armv7l.full.log:1017:[  534s] error: Bad exit status from /var/tmp/rpm-tmp.rk7lvT (%build)
progress/R30/commands/013_build_baseline_security_armv7l.full.log:1043:gbs:error: Traceback (most recent call last):
progress/R30/commands/045_build_patched_security_libcxx_x86_64.full.log:13:gbs:debug: fetching error:(22, 'The requested URL returned error: 404')
progress/R30/commands/045_build_patched_security_libcxx_x86_64.full.log:1441:[  196s] /home/abuild/rpmbuild/BUILD/security-manager-2.4.0/src/dpl/core/include/dpl/fstream_accessors.h:42:29: error: no type named '__filebuf_type' in 'std::ofstream'
progress/R30/commands/045_build_patched_security_libcxx_x86_64.full.log:1451:[  196s] /home/abuild/rpmbuild/BUILD/security-manager-2.4.0/src/dpl/core/include/dpl/fstream_accessors.h:42:29: error: no type named '__filebuf_type' in 'std::ifstream'
progress/R30/commands/045_build_patched_security_libcxx_x86_64.full.log:1496:[  197s] /home/abuild/rpmbuild/BUILD/security-manager-2.4.0/test/test_misc.cpp:62:11: error: no matching constructor for initialization of 'std::system_error'
progress/R30/commands/045_build_patched_security_libcxx_x86_64.full.log:1571:[  199s] /usr/include/boost/test/tree/test_unit.hpp:265:(.text._ZN5boost9unit_test14make_test_caseERKNS_8functionIFvvEEENS0_13basic_cstringIKcEES8_m[_ZN5boost9unit_test14make_test_caseERKNS_8functionIFvvEEENS0_13basic_cstringIKcEES8_m]+0x3c): undefined reference to `boost::unit_test::ut_detail::normalize_test_case_name(boost::unit_test::basic_cstring<char const>)'
progress/R30/commands/045_build_patched_security_libcxx_x86_64.full.log:1573:[  199s] /usr/include/boost/test/tools/detail/print_helper.hpp:227:(.text._ZNK5boost9unit_test17lazy_ostream_implINS1_INS0_12lazy_ostreamEA14_cRA14_KcEEPS4_RKS8_EclERNSt3__113basic_ostreamIcNSC_11char_traitsIcEEEE[_ZNK5boost9unit_test17lazy_ostream_implINS1_INS0_12lazy_ostreamEA14_cRA14_KcEEPS4_RKS8_EclERNSt3__113basic_ostreamIcNSC_11char_traitsIcEEEE]+0x2a): undefined reference to `boost::test_tools::tt_detail::print_log_value<char const*>::operator()(std::__1::basic_ostream<char, std::__1::char_traits<char> >&, char const*)'
progress/R30/commands/045_build_patched_security_libcxx_x86_64.full.log:1574:[  199s] /usr/bin/ld: /usr/include/boost/test/tools/detail/print_helper.hpp:227:(.text._ZNK5boost9unit_test17lazy_ostream_implINS1_INS0_12lazy_ostreamEA7_cRA7_KcEEPS4_RKS8_EclERNSt3__113basic_ostreamIcNSC_11char_traitsIcEEEE[_ZNK5boost9unit_test17lazy_ostream_implINS1_INS0_12lazy_ostreamEA7_cRA7_KcEEPS4_RKS8_EclERNSt3__113basic_ostreamIcNSC_11char_traitsIcEEEE]+0x2a): undefined reference to `boost::test_tools::tt_detail::print_log_value<char const*>::operator()(std::__1::basic_ostream<char, std::__1::char_traits<char> >&, char const*)'
progress/R30/commands/045_build_patched_security_libcxx_x86_64.full.log:1576:[  199s] /usr/include/boost/test/tools/detail/print_helper.hpp:227:(.text._ZNK5boost9unit_test17lazy_ostream_implINS1_INS0_12lazy_ostreamEA36_cRA36_KcEEbRKbEclERNSt3__113basic_ostreamIcNSB_11char_traitsIcEEEE[_ZNK5boost9unit_test17lazy_ostream_implINS1_INS0_12lazy_ostreamEA36_cRA36_KcEEbRKbEclERNSt3__113basic_ostreamIcNSB_11char_traitsIcEEEE]+0x2a): undefined reference to `boost::test_tools::tt_detail::print_log_value<bool>::operator()(std::__1::basic_ostream<char, std::__1::char_traits<char> >&, bool)'
progress/R30/commands/045_build_patched_security_libcxx_x86_64.full.log:1577:[  199s] /usr/bin/ld: /usr/include/boost/test/tools/detail/print_helper.hpp:227:(.text._ZNK5boost9unit_test17lazy_ostream_implINS1_INS1_INS1_INS0_12lazy_ostreamEA36_cRA36_KcEEbRKbEEA13_cRA13_S4_EEbS9_EclERNSt3__113basic_ostreamIcNSG_11char_traitsIcEEEE[_ZNK5boost9unit_test17lazy_ostream_implINS1_INS1_INS1_INS0_12lazy_ostreamEA36_cRA36_KcEEbRKbEEA13_cRA13_S4_EEbS9_EclERNSt3__113basic_ostreamIcNSG_11char_traitsIcEEEE]+0x2a): undefined reference to `boost::test_tools::tt_detail::print_log_value<bool>::operator()(std::__1::basic_ostream<char, std::__1::char_traits<char> >&, bool)'
progress/R30/commands/045_build_patched_security_libcxx_x86_64.full.log:1578:[  199s] x86_64-tizen-linux-gnu-clang++: error: linker command failed with exit code 1 (use -v to see invocation)
progress/R30/commands/045_build_patched_security_libcxx_x86_64.full.log:1585:[  200s] /home/abuild/rpmbuild/BUILD/security-manager-2.4.0/src/dpl/core/include/dpl/fstream_accessors.h:42:29: error: no type named '__filebuf_type' in 'std::ofstream'
progress/R30/commands/045_build_patched_security_libcxx_x86_64.full.log:1595:[  200s] /home/abuild/rpmbuild/BUILD/security-manager-2.4.0/src/dpl/core/include/dpl/fstream_accessors.h:42:29: error: no type named '__filebuf_type' in 'std::ifstream'
progress/R30/commands/045_build_patched_security_libcxx_x86_64.full.log:1622:[  204s] error: Bad exit status from /var/tmp/rpm-tmp.YrP5iv (%build)
progress/R30/commands/045_build_patched_security_libcxx_x86_64.full.log:1648:gbs:error: Traceback (most recent call last):
progress/R30/commands/026_build_baseline_security_armv7l_r2.full.log:13:gbs:debug: fetching error:(22, 'The requested URL returned error: 404')
progress/R30/commands/028_build_patched_libcynara_libcxx_x86_64_r3.full.log:13:gbs:debug: fetching error:(22, 'The requested URL returned error: 404')
progress/R30/commands/028_build_patched_libcynara_libcxx_x86_64_r3.full.log:1303:[  109s] /home/abuild/rpmbuild/BUILD/cynara-0.26.0/test/cyad/commandline_options.cpp:40:21: error: ignoring return value of function declared with 'nodiscard' attribute [-Werror,-Wunused-result]
progress/R30/commands/028_build_patched_libcynara_libcxx_x86_64_r3.full.log:1315:[  109s] /home/abuild/rpmbuild/BUILD/cynara-0.26.0/test/cyad/commandline_options.cpp:41:21: error: ignoring return value of function declared with 'nodiscard' attribute [-Werror,-Wunused-result]
progress/R30/commands/028_build_patched_libcynara_libcxx_x86_64_r3.full.log:1327:[  109s] /home/abuild/rpmbuild/BUILD/cynara-0.26.0/test/cyad/commandline_options.cpp:42:21: error: ignoring return value of function declared with 'nodiscard' attribute [-Werror,-Wunused-result]
progress/R30/commands/028_build_patched_libcynara_libcxx_x86_64_r3.full.log:1339:[  109s] /home/abuild/rpmbuild/BUILD/cynara-0.26.0/test/cyad/commandline_options.cpp:43:21: error: ignoring return value of function declared with 'nodiscard' attribute [-Werror,-Wunused-result]
progress/R30/commands/028_build_patched_libcynara_libcxx_x86_64_r3.full.log:1351:[  109s] /home/abuild/rpmbuild/BUILD/cynara-0.26.0/test/cyad/commandline_options.cpp:44:21: error: ignoring return value of function declared with 'nodiscard' attribute [-Werror,-Wunused-result]
progress/R30/commands/028_build_patched_libcynara_libcxx_x86_64_r3.full.log:1363:[  109s] /home/abuild/rpmbuild/BUILD/cynara-0.26.0/test/cyad/commandline_options.cpp:45:21: error: ignoring return value of function declared with 'nodiscard' attribute [-Werror,-Wunused-result]
progress/R30/commands/028_build_patched_libcynara_libcxx_x86_64_r3.full.log:1375:[  109s] /home/abuild/rpmbuild/BUILD/cynara-0.26.0/test/cyad/commandline_options.cpp:46:21: error: ignoring return value of function declared with 'nodiscard' attribute [-Werror,-Wunused-result]
progress/R30/commands/028_build_patched_libcynara_libcxx_x86_64_r3.full.log:1387:[  109s] /home/abuild/rpmbuild/BUILD/cynara-0.26.0/test/cyad/commandline_options.cpp:47:21: error: ignoring return value of function declared with 'nodiscard' attribute [-Werror,-Wunused-result]
progress/R30/commands/028_build_patched_libcynara_libcxx_x86_64_r3.full.log:1399:[  109s] /home/abuild/rpmbuild/BUILD/cynara-0.26.0/test/cyad/commandline_options.cpp:49:21: error: ignoring return value of function declared with 'nodiscard' attribute [-Werror,-Wunused-result]
progress/R30/commands/028_build_patched_libcynara_libcxx_x86_64_r3.full.log:1411:[  109s] /home/abuild/rpmbuild/BUILD/cynara-0.26.0/test/cyad/commandline_options.cpp:50:21: error: ignoring return value of function declared with 'nodiscard' attribute [-Werror,-Wunused-result]
progress/R30/commands/028_build_patched_libcynara_libcxx_x86_64_r3.full.log:1423:[  109s] /home/abuild/rpmbuild/BUILD/cynara-0.26.0/test/cyad/commandline_options.cpp:51:21: error: ignoring return value of function declared with 'nodiscard' attribute [-Werror,-Wunused-result]
progress/R30/commands/028_build_patched_libcynara_libcxx_x86_64_r3.full.log:1435:[  109s] /home/abuild/rpmbuild/BUILD/cynara-0.26.0/test/cyad/commandline_options.cpp:52:21: error: ignoring return value of function declared with 'nodiscard' attribute [-Werror,-Wunused-result]
progress/R30/commands/028_build_patched_libcynara_libcxx_x86_64_r3.full.log:1447:[  109s] /home/abuild/rpmbuild/BUILD/cynara-0.26.0/test/cyad/commandline_options.cpp:53:21: error: ignoring return value of function declared with 'nodiscard' attribute [-Werror,-Wunused-result]
progress/R30/commands/028_build_patched_libcynara_libcxx_x86_64_r3.full.log:1459:[  109s] /home/abuild/rpmbuild/BUILD/cynara-0.26.0/test/cyad/commandline_options.cpp:54:21: error: ignoring return value of function declared with 'nodiscard' attribute [-Werror,-Wunused-result]
progress/R30/commands/028_build_patched_libcynara_libcxx_x86_64_r3.full.log:1471:[  109s] /home/abuild/rpmbuild/BUILD/cynara-0.26.0/test/cyad/commandline_options.cpp:55:21: error: ignoring return value of function declared with 'nodiscard' attribute [-Werror,-Wunused-result]
progress/R30/commands/028_build_patched_libcynara_libcxx_x86_64_r3.full.log:1483:[  109s] /home/abuild/rpmbuild/BUILD/cynara-0.26.0/test/cyad/commandline_options.cpp:56:21: error: ignoring return value of function declared with 'nodiscard' attribute [-Werror,-Wunused-result]
progress/R30/commands/028_build_patched_libcynara_libcxx_x86_64_r3.full.log:1495:[  109s] /home/abuild/rpmbuild/BUILD/cynara-0.26.0/test/cyad/commandline_options.cpp:57:21: error: ignoring return value of function declared with 'nodiscard' attribute [-Werror,-Wunused-result]
progress/R30/commands/028_build_patched_libcynara_libcxx_x86_64_r3.full.log:1507:[  109s] /home/abuild/rpmbuild/BUILD/cynara-0.26.0/test/cyad/commandline_options.cpp:59:21: error: ignoring return value of function declared with 'nodiscard' attribute [-Werror,-Wunused-result]
progress/R30/commands/028_build_patched_libcynara_libcxx_x86_64_r3.full.log:1519:[  109s] /home/abuild/rpmbuild/BUILD/cynara-0.26.0/test/cyad/commandline_options.cpp:60:21: error: ignoring return value of function declared with 'nodiscard' attribute [-Werror,-Wunused-result]
progress/R30/commands/028_build_patched_libcynara_libcxx_x86_64_r3.full.log:1537:[  110s] /home/abuild/rpmbuild/BUILD/cynara-0.26.0/test/cyad/commands_dispatcher.cpp:288:41: error: 'std::ios_base::iostate' (aka 'unsigned int') is not a class, namespace, or enumeration
progress/R30/commands/028_build_patched_libcynara_libcxx_x86_64_r3.full.log:1695:[  115s] error: Bad exit status from /var/tmp/rpm-tmp.bJBGUA (%build)
progress/R30/commands/028_build_patched_libcynara_libcxx_x86_64_r3.full.log:1735:gbs:error: Traceback (most recent call last):
progress/R30/commands/053_build_final_security_libcxx_aarch64.full.log:13:gbs:debug: fetching error:(22, 'The requested URL returned error: 404')
progress/R30/commands/053_build_final_security_libcxx_aarch64.full.log:1441:[  361s] /home/abuild/rpmbuild/BUILD/security-manager-2.4.0/src/dpl/core/include/dpl/fstream_accessors.h:42:29: error: no type named '__filebuf_type' in 'std::ofstream'
progress/R30/commands/053_build_final_security_libcxx_aarch64.full.log:1451:[  361s] /home/abuild/rpmbuild/BUILD/security-manager-2.4.0/src/dpl/core/include/dpl/fstream_accessors.h:42:29: error: no type named '__filebuf_type' in 'std::ifstream'
--- end ---
exit_code: 0
