cwd: /home/toolchain/development/libc++_replacement
command: bash -lc for\ spec\ in\ tmp/corpus/extracted/drm-service-core-tizen-\*.src.rpm/payload/\*.spec\ tmp/corpus/extracted/hal-api-drm-\*.src.rpm/payload/\*.spec\ tmp/corpus/extracted/hal-backend-drm-generic-\*.src.rpm/payload/\*.spec\ tmp/corpus/extracted/pen-wave-\*.src.rpm/payload/\*.spec\;\ do\ printf\ \"=====\ %s\ =====\\\\n\"\ \"\$spec\"\;\ nl\ -ba\ \"\$spec\"\;\ done\;\ for\ cm\ in\ tmp/corpus/extracted/drm-service-core-tizen-\*.src.rpm/unpacked/\*/\*/CMakeLists.txt\ tmp/corpus/extracted/hal-api-drm-\*.src.rpm/unpacked/\*/\*/CMakeLists.txt\ tmp/corpus/extracted/hal-backend-drm-generic-\*.src.rpm/unpacked/\*/\*/CMakeLists.txt\ tmp/corpus/extracted/pen-wave-\*.src.rpm/unpacked/\*/\*/CMakeLists.txt\;\ do\ printf\ \"=====\ %s\ =====\\\\n\"\ \"\$cm\"\;\ nl\ -ba\ \"\$cm\"\;\ done
--- stdout+stderr ---
===== tmp/corpus/extracted/drm-service-core-tizen-0.3.9-0.src.rpm/payload/drm-service-core-tizen.spec =====
     1	%define test_build_drm_service_core_tizen 0
     2	
     3	Name:       drm-service-core-tizen
     4	VCS:        platform/core/security/drm-service-core-tizen#c4762279c8ff64c797dc1ccb85139f4f84b50f68
     5	Summary:    Tizen Application DRM library (Shared Object)
     6	Version:    0.3.9
     7	Release:    0
     8	Group:      System/Security
     9	License:    Flora-1.1 and Apache-2.0
    10	Source0:    %{name}-%{version}.tar.gz
    11	BuildRequires:  cmake
    12	BuildRequires:  pkgconfig(dlog)
    13	BuildRequires:  pkgconfig(sqlite3)
    14	BuildRequires:  pkgconfig(glib-2.0)
    15	BuildRequires:  pkgconfig(openssl3)
    16	BuildRequires:  pkgconfig(cryptsvc)
    17	BuildRequires:  pkgconfig(libtzplatform-config)
    18	
    19	%global ro_share_dir %{?TZ_SYS_RO_SHARE:%TZ_SYS_RO_SHARE}%{!?TZ_SYS_RO_SHARE:%_datadir}
    20	%global bin_dir %{?TZ_SYS_BIN:%TZ_SYS_BIN}%{!?TZ_SYS_BIN:%_bindir}
    21	%global ro_data_dir %{ro_share_dir}/tizen_app_drm
    22	
    23	%global sys_home %{?TZ_SYS_HOME:%TZ_SYS_HOME}%{!?TZ_SYS_HOME:/opt/usr/home}
    24	%global test_data_dir %{sys_home}/drm_test
    25	
    26	%global db_dir %{?TZ_SYS_DB:%TZ_SYS_DB}%{!?TZ_SYS_DB:/opt/dbspace}
    27	
    28	%description
    29	Description: Tizen Application DRM library (Shared Object)
    30	
    31	%package devel
    32	Summary:    Tizen Application DRM library (Shared Object)
    33	Group:      Development/Libraries
    34	Requires:   %{name} = %{version}-%{release}
    35	
    36	%description devel
    37	Description: Tizen Application DRM library (Shared Object)
    38	
    39	%if 0%{?test_build_drm_service_core_tizen}
    40	%package test
    41	Summary:    Tizen Application DRM library (test)
    42	Group:      System/Misc
    43	Requires:   %{name} = %{version}-%{release}
    44	
    45	%description test
    46	Description: Tizen Applicationi DRM library (test)
    47	%endif
    48	
    49	%prep
    50	%setup -q
    51	
    52	%build
    53	export CFLAGS="$CFLAGS -DTIZEN_DEBUG_ENABLE"
    54	export CXXFLAGS="$CXXFLAGS -DTIZEN_DEBUG_ENABLE"
    55	export FFLAGS="$FFLAGS -DTIZEN_DEBUG_ENABLE"
    56	export LDFLAGS="$LDFLAGS -Wl,--rpath=%{_litdir}"
    57	# To suppress the build warning in test code
    58	%if 0%{?test_build_drm_service_core_tizen}
    59	export CFLAGS="$CFLAGS -Wno-stringop-truncation -Wno-stringop-overflow -Wno-format-overflow"
    60	export CXXFLAGS="$CXXFLAGS -Wno-stringop-truncation -Wno-stringop-overflow -Wno-format-overflow"
    61	%endif
    62	
    63	MAJORVER=`echo %{version} | awk 'BEGIN {FS="."}{print $1}'`
    64	%cmake .  -DFULLVER=%{version} \
    65	        -DMAJORVER=${MAJORVER} \
    66	%if 0%{?test_build_drm_service_core_tizen}
    67	        -DBUILD_TEST_DRM_SERVICE_CORE_TIZEN=1 \
    68	        -DTEST_DATA_DIR=%{test_data_dir} \
    69	%endif
    70	        -DBIN_DIR=%{bin_dir} \
    71	        -DRO_DATA_DIR=%{ro_data_dir} \
    72	        -DDB_DIR=%{db_dir} \
    73	        -DCMAKE_BUILD_TYPE=%{?build_type:%build_type}%{!?build_type:RELEASE}
    74	
    75	make %{?_smp_mflags}
    76	
    77	%install
    78	%make_install
    79	
    80	%post
    81	%{bin_dir}/rm -f /etc/ld.so.cache
    82	/sbin/ldconfig
    83	%{bin_dir}/drm_tizen_initialize
    84	chsmack -a "System" %{db_dir}/.dtapps.db*
    85	chown app_fw:app_fw %{db_dir}/.dtapps.db*
    86	chmod 600 %{db_dir}/.dtapps.db*
    87	
    88	%postun -p /sbin/ldconfig
    89	
    90	%files
    91	%manifest %{name}.manifest
    92	%license LICENSE.*
    93	%{_libdir}/lib%{name}.so.*
    94	%{bin_dir}/drm_tizen_initialize
    95	%{ro_data_dir}/root_certs/ro_root_cert.pem
    96	
    97	%files devel
    98	%{_libdir}/pkgconfig/%{name}.pc
    99	%{_libdir}/lib%{name}.so
   100	%{_includedir}/drm-tizen/drm-tizen-apps.h
   101	%{_includedir}/drm-tizen/drm-tizen-error.h
   102	
   103	%if 0%{?test_build_drm_service_core_tizen}
   104	%files test
   105	%{bin_dir}/drm_test_tizen
   106	%{test_data_dir}/RO
   107	%{test_data_dir}/DCF
   108	%{test_data_dir}/DecryptedApp
   109	%{test_data_dir}/Key
   110	%{ro_data_dir}/root_certs/ro_test_root_ca.pem
   111	%endif
===== tmp/corpus/extracted/hal-api-drm-1.0.5-1.src.rpm/payload/hal-api-drm.spec =====
     1	%define name hal-api-drm
     2	
     3	### main package #########
     4	Name:       %{name}
     5	VCS:        platform/hal/api/drm#3f150db5cb4b15ff005da6a27b30b882b276a5b1
     6	Summary:    %{name} interface
     7	Version:    1.0.5
     8	Release:    1
     9	Group:      Development/Libraries
    10	License:    Apache-2.0
    11	Source0:    %{name}-%{version}.tar.gz
    12	Source1:    %{name}-manifest.xml
    13	Requires(post): /sbin/ldconfig
    14	Requires(postun): /sbin/ldconfig
    15	BuildRequires: cmake
    16	BuildRequires: pkgconfig(dlog)
    17	BuildRequires: pkgconfig(glib-2.0)
    18	BuildRequires: pkgconfig(hal-api-common)
    19	BuildRequires: pkgconfig(gmock)
    20	BuildRequires: pkgconfig(capi-system-info)
    21	BuildRequires: tidl
    22	BuildRequires: pkgconfig(rpc-port)
    23	BuildRequires: pkgconfig(bundle)
    24	BuildRequires: pkgconfig(capi-appfw-app-common)
    25	BuildRequires: pkgconfig(capi-appfw-app-manager)
    26	BuildRequires: pkgconfig(capi-appfw-package-manager)
    27	
    28	
    29	%description
    30	%{name} interface package for product vendor developer
    31	
    32	
    33	### devel package #########
    34	%package    devel
    35	Summary:    %{name} interface
    36	Group:      Development/Libraries
    37	Requires:   %{name} = %{version}-%{release}
    38	
    39	%description devel
    40	%{name} interface development package for product vendor developer
    41	
    42	### test package #########
    43	%package haltests
    44	Summary: tests for %{name}
    45	Requires: %{name} = %{version}
    46	
    47	%description haltests
    48	Haltests for %{name}
    49	
    50	
    51	### build and install #########
    52	%prep
    53	%setup -q
    54	
    55	mkdir -p ./src/generated
    56	pushd src/generated
    57	tidlc -p -l C -i ../../include/hal_drm_ipc_1.tidl -o hal_drm_proxy_1
    58	popd
    59	
    60	mkdir -p ./src/service_plugin/generated
    61	pushd src/service_plugin/generated
    62	tidlc -s -l C -i ../../../include/hal_drm_ipc_1.tidl -o hal_drm_stub_1
    63	popd
    64	
    65	MAJORVER=`echo %{version} | awk 'BEGIN {FS="."}{print $1}'`
    66	
    67	%cmake . -DCMAKE_C_COMPILER=%__cc -DCMAKE_CXX_COMPILER=%__cxx -DFULLVER=%{version} -DMAJORVER=${MAJORVER} -DCMAKE_INSTALL_PREFIX=%{_prefix} -DCMAKE_LIBDIR_PREFIX=%{_libdir}
    68	
    69	%build
    70	make %{?jobs:-j%jobs}
    71	
    72	%install
    73	rm -rf %{buildroot}
    74	mkdir -p %{buildroot}%{_sysconfdir}/hal
    75	cp %{SOURCE1} %{buildroot}%{_sysconfdir}/hal/
    76	%make_install
    77	
    78	%clean
    79	rm -rf %{buildroot}
    80	
    81	%post
    82	/sbin/ldconfig
    83	/usr/bin/hal-compatibility-checker --reset
    84	
    85	%postun
    86	/sbin/ldconfig
    87	/usr/bin/hal-compatibility-checker --reset
    88	
    89	%files
    90	%manifest %{name}.manifest
    91	%license LICENSE
    92	%defattr(-,root,root,-)
    93	%{_libdir}/hal/*.so.*
    94	%{_libdir}/hal/libhal-backend-service-drm.so
    95	%{_sysconfdir}/hal/%{name}-manifest.xml
    96	
    97	%files devel
    98	%defattr(-,root,root,-)
    99	%{_includedir}/hal/*.h
   100	%{_libdir}/hal/*.so
   101	%{_libdir}/pkgconfig/*.pc
   102	
   103	%files haltests
   104	%manifest %{name}-haltests.manifest
   105	%{_bindir}/hal/drm-haltests
===== tmp/corpus/extracted/hal-backend-drm-generic-1.0.3-0.src.rpm/payload/hal-backend-drm-generic.spec =====
     1	Name:       hal-backend-drm-generic
     2	VCS:        platform/hal/backend/drm-generic#1878f7676aa0aaadcec9979128d430375961022c
     3	Summary:    Tizen DRM Hal backend with clearkey
     4	Version:    1.0.3
     5	Release:    0
     6	Group:      Multimedia/Libraries
     7	License:    Apache-2.0
     8	Source0:    %{name}-%{version}.tar.gz
     9	Provides:   libhal-backend-drm.so
    10	
    11	BuildRequires:  cmake
    12	BuildRequires:  pkgconfig(hal-rootstrap)
    13	
    14	%description
    15	Tizen DRM Hal backend.
    16	
    17	%prep
    18	%setup -q -n %{name}-%{version}
    19	
    20	%build
    21	export CFLAGS="$CFLAGS -DSYSCONFDIR=\\\"%{_hal_sysconfdir}\\\""
    22	export CXXFLAGS="$CXXFLAGS -DSYSCONFDIR=\\\"%{_hal_sysconfdir}\\\""
    23	export FFLAGS="$FFLAGS -DSYSCONFDIR=\\\"%{_hal_sysconfdir}\\\""
    24	
    25	%cmake . \
    26		-DSYSCONFDIR=%{_hal_sysconfdir} \
    27		-DCMAKE_HAL_LIBDIR_PREFIX=%{_hal_libdir} \
    28		-DCMAKE_HAL_LICENSEDIR_PREFIX=%{_hal_licensedir} \
    29		-DLIB_NAME="hal-backend-drm"
    30	
    31	make %{?jobs:-j%jobs}
    32	
    33	%install
    34	%make_install
    35	
    36	%post
    37	/sbin/ldconfig
    38	
    39	%postun
    40	/sbin/ldconfig
    41	
    42	%files
    43	%manifest hal-backend-drm-generic.manifest
    44	%defattr(-,root,root,-)
    45	%{_hal_libdir}/libhal-backend-drm.so
    46	%license LICENSE.APLv2
===== tmp/corpus/extracted/pen-wave-1.4.0-2.src.rpm/payload/pen-wave.spec =====
     1	Name:           pen-wave
     2	VCS:            platform/core/uifw/hand-drawing-engine#480b746ea325f8a78a12a3e7d84f403088787ddc
     3	Summary:        PenWave Rendering Engine
     4	%define ver_str 1.4.0
     5	Version:        %{ver_str}
     6	Release:        2
     7	Group:          DALI/NUI
     8	License:        Apache-2.0
     9	Source0:        %{name}.tar.gz
    10	Source1001:     %{name}.manifest
    11	
    12	Requires(post): /sbin/ldconfig
    13	Requires(postun): /sbin/ldconfig
    14	
    15	BuildRequires:  pkgconfig
    16	BuildRequires:  cmake
    17	
    18	%description
    19	Description: PenWave Engine
    20	
    21	%{!?TZ_SYS_RO_SHARE: %global TZ_SYS_RO_SHARE /usr/share}
    22	%global _libshare /usr/share/libpen-wave/
    23	
    24	%package devel
    25	Summary:  PenWave Engine(Development)
    26	Requires: %{name} = %{version}-%{release}
    27	
    28	%description devel
    29	%devel_desc
    30	
    31	####
    32	#  Preparation
    33	####
    34	%prep
    35	%setup -q -n %{name}
    36	cp %{SOURCE1001} .
    37	
    38	cmake . -DCMAKE_INSTALL_PREFIX=%{_prefix} -DLIBDIR=%{_libdir} \
    39	      -DINSTALL_PREFIX=%{_libdir} \
    40	      -DINSTALL_RES_PREFIX=%{_libshare} \
    41	      -DINSTALL_INC_PREFIX=%{_includedir} \
    42	      -DTZ_SYS_RO_SHARE=%TZ_SYS_RO_SHARE
    43	
    44	####
    45	#  Build
    46	####
    47	%build
    48	export CFLAGS="$CFLAGS -DTIZEN_DEBUG_ENABLE"
    49	export CXXFLAGS="$CXXFLAGS -DTIZEN_DEBUG_ENABLE"
    50	export FFLAGS="$FFLAGS -DTIZEN_DEBUG_ENABLE"
    51	make %{?jobs:-j%jobs}
    52	
    53	####
    54	#  Installation
    55	####
    56	%install
    57	rm -rf %{buildroot}
    58	
    59	%make_install
    60	
    61	####
    62	#  Post Install
    63	####
    64	%post
    65	/sbin/ldconfig
    66	exit 0
    67	
    68	####
    69	#  Post Uninstall
    70	####
    71	%postun
    72	/sbin/ldconfig
    73	exit 0
    74	
    75	####
    76	#  Files in Binary Packages
    77	####
    78	%files
    79	%manifest %{name}.manifest
    80	%defattr(-,root,root,-)
    81	%{_libdir}/*
    82	%{_libshare}/target/*.conf
    83	%{_libshare}/images/textures/*.png
    84	%{_libshare}/fonts/*.ttf
    85	
    86	%files devel
    87	%manifest %{name}.manifest
    88	%{_includedir}/renderer_ext_api.h
    89	%{_includedir}/renderer_ext_types.h
    90	%{_libdir}/*
===== tmp/corpus/extracted/drm-service-core-tizen-0.3.9-0.src.rpm/unpacked/drm-service-core-tizen-0.3.9.tar.gz/drm-service-core-tizen-0.3.9/CMakeLists.txt =====
     1	CMAKE_MINIMUM_REQUIRED(VERSION 2.6)
     2	PROJECT(drm-service-core-tizen CXX)
     3	
     4	SET(DRMTESTUTIL drm_test_tizen)
     5	SET(DRMTAPPSINITIALIZE drm_tizen_initialize)
     6	
     7	IF (CMAKE_BUILD_TYPE MATCHES "DEBUG")
     8	    ADD_DEFINITIONS("-DDLOG_DEBUG_ENABLE")
     9	ENDIF (CMAKE_BUILD_TYPE MATCHES "DEBUG")
    10	
    11	INCLUDE(FindPkgConfig)
    12	
    13	ADD_DEFINITIONS("-DISSUER_ROOT_CERTS_DIR=\"${RO_DATA_DIR}/root_certs\"")
    14	ADD_DEFINITIONS("-DDB_PATH=\"${DB_DIR}/.dtapps.db\"")
    15	
    16	############################# compiler flags ##################################
    17	SET(CXX_SPECIFIC_FLAGS         "-std=c++0x")
    18	SET(CMAKE_C_FLAGS_PROFILING    "-g -O0 -Wp,-U_FORTIFY_SOURCE -pg")
    19	SET(CMAKE_CXX_FLAGS_PROFILING  "-g -O0 -Wp,-U_FORTIFY_SOURCE -pg ${CXX_SPECIFIC_FLAGS}")
    20	SET(CMAKE_C_FLAGS_DEBUG        "-g -O0 -Wp,-U_FORTIFY_SOURCE -ggdb")
    21	SET(CMAKE_CXX_FLAGS_DEBUG      "-g -O0 -Wp,-U_FORTIFY_SOURCE -ggdb ${CXX_SPECIFIC_FLAGS}")
    22	SET(CMAKE_C_FLAGS_RELEASE      "-g -O2")
    23	SET(CMAKE_CXX_FLAGS_RELEASE    "-g -O2 ${CXX_SPECIFIC_FLAGS}")
    24	SET(CMAKE_C_FLAGS_CCOV         "${CMAKE_C_FLAGS_RELEASE} --coverage")
    25	SET(CMAKE_CXX_FLAGS_CCOV       "${CMAKE_CXX_FLAGS_RELEASE} --coverage")
    26	
    27	ADD_DEFINITIONS("-fPIC")
    28	
    29	# Set compiler warning flags
    30	ADD_DEFINITIONS("-Werror")                      # Make all warnings into errors.
    31	ADD_DEFINITIONS("-Wall")                        # Generate all warnings
    32	ADD_DEFINITIONS("-Wextra")                      # Generate even more extra warnings
    33	ADD_DEFINITIONS("-Wno-deprecated-declarations")
    34	
    35	PKG_CHECK_MODULES(DRM_SERVICE_CORE_DEP
    36	    REQUIRED
    37	    cryptsvc
    38	    sqlite3
    39	    glib-2.0
    40	    dlog
    41	    openssl3
    42	)
    43	
    44	INCLUDE_DIRECTORIES(
    45	    SYSTEM
    46	    ${DRM_SERVICE_CORE_DEP_INCLUDE_DIRS}
    47	    include
    48	    tadcore/include
    49	    tappsd/inc
    50	)
    51	
    52	SET(SRCS
    53	    service/drm-tapps.cpp
    54	    tadcore/DrmFileHandleMgr/DrmFileApi.cpp
    55	    tadcore/DrmFileHandleMgr/DrmFileHandler.cpp
    56	    tadcore/DrmFileHandleMgr/DrmFileMgr.cpp
    57	    tadcore/Svc/DrmTdcSvc.cpp
    58	    tadcore/TADCCore/TADC_Core.cpp
    59	    tadcore/TADCCore/TADC_Sub.cpp
    60	    tadcore/TADCCore/TADC_Util.cpp
    61	    tadcore/TADCInterface/DUIDGenerator.cpp
    62	    tadcore/TADCInterface/TADC_IF.cpp
    63	    tadcore/XMLParser/CPointerArray.cpp
    64	    tadcore/XMLParser/CXMLAttribute.cpp
    65	    tadcore/XMLParser/CXMLElement.cpp
    66	    tadcore/XMLParser/CXMLFile.cpp
    67	    tappsd/src/db/DTapps2SqlData.cpp
    68	    tappsd/src/db/DTapps2SqliteDB.cpp
    69	    tappsd/src/intf/drm_intf_tapps.cpp
    70	    tappsd/src/rights/DTapps2Rights.cpp
    71	    tappsd/src/util/DTapps2Base64.cpp
    72	    tappsd/src/util/DTapps2HMAC.cpp
    73	    tappsd/src/util/DTapps2Time.cpp
    74	)
    75	
    76	ADD_LIBRARY(${PROJECT_NAME} SHARED ${SRCS})
    77	
    78	SET_TARGET_PROPERTIES(${PROJECT_NAME}
    79	    PROPERTIES
    80	        COMPILE_FLAGS " -fvisibility=hidden"
    81	        SOVERSION ${MAJORVER}
    82	        VERSION ${FULLVER}
    83	)
    84	
    85	TARGET_LINK_LIBRARIES(${PROJECT_NAME}
    86	    ${DRM_SERVICE_CORE_DEP_LIBRARIES}
    87	    -ldevice_info # libdevice_info.so in cryptsvc.
    88	)
    89	
    90	INSTALL(TARGETS ${PROJECT_NAME} DESTINATION ${LIB_INSTALL_DIR})
    91	
    92	#################################################################
    93	
    94	CONFIGURE_FILE(${PROJECT_NAME}.pc.in ${PROJECT_NAME}.pc @ONLY)
    95	INSTALL(FILES ${PROJECT_NAME}.pc DESTINATION ${LIB_INSTALL_DIR}/pkgconfig)
    96	
    97	INSTALL(FILES resource/ro_root_cert.pem DESTINATION ${RO_DATA_DIR}/root_certs)
    98	
    99	INSTALL(FILES include/drm-tizen-apps.h include/drm-tizen-error.h
   100	    DESTINATION ${INCLUDE_INSTALL_DIR}/drm-tizen
   101	)
   102	
   103	#################################################################
   104	
   105	ADD_SUBDIRECTORY(initializer)
   106	
   107	IF(DEFINED BUILD_TEST_DRM_SERVICE_CORE_TIZEN)
   108	    ADD_DEFINITIONS("-DTEST_DATA_DIR=\"${TEST_DATA_DIR}\"")
   109	    ADD_SUBDIRECTORY(test)
   110	ENDIF(DEFINED BUILD_TEST_DRM_SERVICE_CORE_TIZEN)
===== tmp/corpus/extracted/hal-api-drm-1.0.5-1.src.rpm/unpacked/hal-api-drm-1.0.5.tar.gz/hal-api-drm-1.0.5/CMakeLists.txt =====
     1	CMAKE_MINIMUM_REQUIRED(VERSION 2.8.12)
     2	PROJECT(hal-api-drm)
     3	
     4	SET(PREFIX ${CMAKE_INSTALL_PREFIX})
     5	SET(EXEC_PREFIX "${CMAKE_INSTALL_PREFIX}/bin")
     6	SET(INCLUDEDIR "${CMAKE_INSTALL_PREFIX}/include")
     7	SET(LIBDIR ${CMAKE_LIBDIR_PREFIX})
     8	
     9	INCLUDE_DIRECTORIES(${CMAKE_SOURCE_DIR}/include)
    10	INCLUDE_DIRECTORIES(${CMAKE_SOURCE_DIR}/src/generated)
    11	
    12	SET(PKG_MODULES
    13		dlog
    14		glib-2.0
    15		rpc-port
    16		bundle
    17		capi-appfw-app-common
    18		capi-appfw-app-manager
    19		capi-appfw-package-manager
    20		hal-api-common
    21	)
    22	
    23	INCLUDE(FindPkgConfig)
    24	pkg_check_modules(pkgs REQUIRED ${PKG_MODULES})
    25	
    26	FOREACH(flag ${pkgs_CFLAGS})
    27		SET(EXTRA_CFLAGS "${EXTRA_CFLAGS} ${flag}")
    28	ENDFOREACH(flag)
    29	
    30	SET(EXTRA_CFLAGS "${EXTRA_CFLAGS} -g -fno-omit-frame-pointer -finstrument-functions")
    31	SET(EXTRA_CFLAGS "${EXTRA_CFLAGS} -fPIC -Wall -Wextra -Wno-array-bounds -Wno-empty-body -Wno-ignored-qualifiers -Wno-unused-parameter -Wshadow -Wwrite-strings -Wswitch-default -Wno-unused-but-set-parameter -Wno-unused-but-set-variable")
    32	SET(CMAKE_C_FLAGS "${CMAKE_C_FLAGS} ${EXTRA_CFLAGS} -lrt -Wno-discarded-qualifiers")
    33	
    34	SET(SRCS
    35		src/generated/hal_drm_proxy_1.c
    36		src/hal-api-drm.c
    37		src/hal-api-drm-passthrough.c
    38		src/hal-api-drm-ipc.c
    39	)
    40	
    41	ADD_LIBRARY(${PROJECT_NAME} SHARED ${SRCS})
    42	
    43	TARGET_LINK_LIBRARIES(${PROJECT_NAME} ${pkgs_LDFLAGS} -Wl,--as-needed -Wl,--rpath=${LIBDIR}/hal)
    44	
    45	SET_TARGET_PROPERTIES(${PROJECT_NAME}
    46		PROPERTIES
    47		VERSION ${FULLVER}
    48		SOVERSION ${MAJORVER}
    49	)
    50	
    51	CONFIGURE_FILE(${PROJECT_NAME}.pc.in ${PROJECT_NAME}.pc @ONLY)
    52	
    53	INSTALL(TARGETS ${PROJECT_NAME} DESTINATION ${LIBDIR}/hal)
    54	
    55	INSTALL(DIRECTORY include/ DESTINATION include/hal
    56			FILES_MATCHING
    57			PATTERN "*_private.h" EXCLUDE
    58			PATTERN "include/*.h")
    59	
    60	INSTALL(FILES ${CMAKE_CURRENT_SOURCE_DIR}/${PROJECT_NAME}.pc DESTINATION ${LIBDIR}/pkgconfig)
    61	
    62	ADD_SUBDIRECTORY(src/service_plugin)
    63	
    64	ADD_SUBDIRECTORY(tests)
===== tmp/corpus/extracted/hal-backend-drm-generic-1.0.3-0.src.rpm/unpacked/hal-backend-drm-generic-1.0.3.tar.gz/hal-backend-drm-generic-1.0.3/CMakeLists.txt =====
     1	CMAKE_MINIMUM_REQUIRED(VERSION 2.8.12)
     2	PROJECT(hal-backend-drm CXX)
     3	INCLUDE(GNUInstallDirs)
     4	
     5	INCLUDE(FindPkgConfig)
     6	SET(REQUIRED_PKGS "hal-rootstrap")
     7	
     8	PKG_CHECK_MODULES(pkgs REQUIRED ${REQUIRED_PKGS})
     9	
    10	FOREACH(flag ${pkgs_CFLAGS})
    11		SET(CMAKE_C_FLAGS "${CMAKE_C_FLAGS} ${flag}")
    12		SET(CMAKE_CXX_FLAGS "${CMAKE_CXX_FLAGS} ${flag}")
    13	ENDFOREACH(flag)
    14	
    15	SET(CMAKE_CXX_FLAGS "${CMAKE_CXX_FLAGS} -Wall -O2 -fomit-frame-pointer")
    16	SET(CMAKE_CXX_FLAGS "${CMAKE_CXX_FLAGS} -fdata-sections -ffunction-sections")
    17	SET(CMAKE_CXX_FLAGS "${CMAKE_CXX_FLAGS} -fPIC")
    18	SET(CMAKE_C_FLAGS "${CMAKE_C_FLAGS} -Wall -O2 -fomit-frame-pointer")
    19	SET(CMAKE_C_FLAGS "${CMAKE_C_FLAGS} -fdata-sections -ffunction-sections")
    20	SET(CMAKE_C_FLAGS "${CMAKE_C_FLAGS} -fPIC")
    21	
    22	INCLUDE_DIRECTORIES(
    23		${CMAKE_CURRENT_SOURCE_DIR}
    24		${CMAKE_CURRENT_SOURCE_DIR}/src
    25	)
    26	
    27	SET(DRM_SRCS
    28		src/hal_backend_drm_generic.cpp
    29		src/hal_backend_drm_clearkey_cdm.cpp
    30		src/hal_backend_drm_util.cpp
    31	)
    32	
    33	ADD_LIBRARY(${LIB_NAME} SHARED ${DRM_SRCS})
    34	TARGET_LINK_LIBRARIES(${LIB_NAME} ${pkgs_LDFLAGS})
    35	INSTALL(TARGETS ${LIB_NAME} DESTINATION ${CMAKE_HAL_LIBDIR_PREFIX} COMPONENT RuntimeLibraries)
===== tmp/corpus/extracted/pen-wave-1.4.0-2.src.rpm/unpacked/pen-wave.tar.gz/pen-wave/CMakeLists.txt =====
     1	CMAKE_MINIMUM_REQUIRED(VERSION 2.6)
     2	PROJECT(pen-wave)
     3	
     4	SET(VERSION ${VERSION})
     5	FIND_PROGRAM(UNAME NAMES uname)
     6	EXEC_PROGRAM("${UNAME}" ARGS "-m" OUTPUT_VARIABLE "ARCH")
     7	IF("${ARCH}" MATCHES "^arm.*")
     8	INSTALL(DIRECTORY ${CMAKE_SOURCE_DIR}/lib/armv7l/ DESTINATION ${INSTALL_PREFIX}/ COMPONENT RuntimeLibraries)
     9	ELSEIF("${ARCH}" MATCHES "^i586.*")
    10	INSTALL(DIRECTORY ${CMAKE_SOURCE_DIR}/lib/i586/ DESTINATION ${INSTALL_PREFIX}/ COMPONENT RuntimeLibraries)
    11	ELSEIF("${ARCH}" MATCHES "^i686.*")
    12	INSTALL(DIRECTORY ${CMAKE_SOURCE_DIR}/lib/i586/ DESTINATION ${INSTALL_PREFIX}/ COMPONENT RuntimeLibraries)
    13	ELSEIF("${ARCH}" MATCHES "^aarch64.*")
    14	INSTALL(DIRECTORY ${CMAKE_SOURCE_DIR}/lib/aarch64/ DESTINATION ${INSTALL_PREFIX}/ COMPONENT RuntimeLibraries)
    15	ELSEIF("${ARCH}" MATCHES "^x86_64.*")
    16	INSTALL(DIRECTORY ${CMAKE_SOURCE_DIR}/lib/x86_64/ DESTINATION ${INSTALL_PREFIX}/ COMPONENT RuntimeLibraries)
    17	ELSEIF("${ARCH}" MATCHES "^riscv64.*")
    18	INSTALL(DIRECTORY ${CMAKE_SOURCE_DIR}/lib/riscv64/ DESTINATION ${INSTALL_PREFIX}/ COMPONENT RuntimeLibraries)
    19	ENDIF()
    20	
    21	INSTALL(DIRECTORY ${CMAKE_SOURCE_DIR}/res/ DESTINATION ${INSTALL_RES_PREFIX}/ COMPONENT RuntimeLibraries)
    22	INSTALL(DIRECTORY ${CMAKE_SOURCE_DIR}/inc/ DESTINATION ${INSTALL_INC_PREFIX}/ COMPONENT RuntimeLibraries)
    23	
--- end ---
exit_code: 0
