===== internal condvar definitions =====
codes/gcc/libstdc++-v3/include/std/condition_variable-105-	  wait(__lock);
codes/gcc/libstdc++-v3/include/std/condition_variable-106-      }
codes/gcc/libstdc++-v3/include/std/condition_variable-107-
codes/gcc/libstdc++-v3/include/std/condition_variable-108-#ifdef _GLIBCXX_USE_PTHREAD_COND_CLOCKWAIT
codes/gcc/libstdc++-v3/include/std/condition_variable-109-    template<typename _Duration>
codes/gcc/libstdc++-v3/include/std/condition_variable-110-      cv_status
codes/gcc/libstdc++-v3/include/std/condition_variable:111:      wait_until(unique_lock<mutex>& __lock,
codes/gcc/libstdc++-v3/include/std/condition_variable-112-		 const chrono::time_point<steady_clock, _Duration>& __atime)
codes/gcc/libstdc++-v3/include/std/condition_variable-113-      { return __wait_until_impl(__lock, __atime); }
codes/gcc/libstdc++-v3/include/std/condition_variable-114-#endif
codes/gcc/libstdc++-v3/include/std/condition_variable-115-
codes/gcc/libstdc++-v3/include/std/condition_variable-116-    template<typename _Duration>
codes/gcc/libstdc++-v3/include/std/condition_variable-117-      cv_status
codes/gcc/libstdc++-v3/include/std/condition_variable:118:      wait_until(unique_lock<mutex>& __lock,
codes/gcc/libstdc++-v3/include/std/condition_variable-119-		 const chrono::time_point<system_clock, _Duration>& __atime)
codes/gcc/libstdc++-v3/include/std/condition_variable-120-      { return __wait_until_impl(__lock, __atime); }
codes/gcc/libstdc++-v3/include/std/condition_variable-121-
codes/gcc/libstdc++-v3/include/std/condition_variable-122-    template<typename _Clock, typename _Duration>
codes/gcc/libstdc++-v3/include/std/condition_variable-123-      cv_status
codes/gcc/libstdc++-v3/include/std/condition_variable:124:      wait_until(unique_lock<mutex>& __lock,
codes/gcc/libstdc++-v3/include/std/condition_variable-125-		 const chrono::time_point<_Clock, _Duration>& __atime)
codes/gcc/libstdc++-v3/include/std/condition_variable-126-      {
codes/gcc/libstdc++-v3/include/std/condition_variable-127-#if __cplusplus > 201703L
codes/gcc/libstdc++-v3/include/std/condition_variable-128-	static_assert(chrono::is_clock_v<_Clock>);
codes/gcc/libstdc++-v3/include/std/condition_variable-129-#endif
codes/gcc/libstdc++-v3/include/std/condition_variable-130-	using __s_dur = typename __clock_t::duration;
--
codes/gcc/libstdc++-v3/include/std/condition_variable-143-	  return cv_status::no_timeout;
codes/gcc/libstdc++-v3/include/std/condition_variable-144-	return cv_status::timeout;
codes/gcc/libstdc++-v3/include/std/condition_variable-145-      }
codes/gcc/libstdc++-v3/include/std/condition_variable-146-
codes/gcc/libstdc++-v3/include/std/condition_variable-147-    template<typename _Clock, typename _Duration, typename _Predicate>
codes/gcc/libstdc++-v3/include/std/condition_variable-148-      bool
codes/gcc/libstdc++-v3/include/std/condition_variable:149:      wait_until(unique_lock<mutex>& __lock,
codes/gcc/libstdc++-v3/include/std/condition_variable-150-		 const chrono::time_point<_Clock, _Duration>& __atime,
codes/gcc/libstdc++-v3/include/std/condition_variable-151-		 _Predicate __p)
codes/gcc/libstdc++-v3/include/std/condition_variable-152-      {
codes/gcc/libstdc++-v3/include/std/condition_variable-153-	while (!__p())
codes/gcc/libstdc++-v3/include/std/condition_variable:154:	  if (wait_until(__lock, __atime) == cv_status::timeout)
codes/gcc/libstdc++-v3/include/std/condition_variable-155-	    return __p();
codes/gcc/libstdc++-v3/include/std/condition_variable-156-	return true;
codes/gcc/libstdc++-v3/include/std/condition_variable-157-      }
codes/gcc/libstdc++-v3/include/std/condition_variable-158-
codes/gcc/libstdc++-v3/include/std/condition_variable-159-    template<typename _Rep, typename _Period>
codes/gcc/libstdc++-v3/include/std/condition_variable-160-      cv_status
codes/gcc/libstdc++-v3/include/std/condition_variable-161-      wait_for(unique_lock<mutex>& __lock,
codes/gcc/libstdc++-v3/include/std/condition_variable-162-	       const chrono::duration<_Rep, _Period>& __rtime)
codes/gcc/libstdc++-v3/include/std/condition_variable-163-      {
codes/gcc/libstdc++-v3/include/std/condition_variable-164-	using __dur = typename steady_clock::duration;
codes/gcc/libstdc++-v3/include/std/condition_variable:165:	return wait_until(__lock,
codes/gcc/libstdc++-v3/include/std/condition_variable-166-			  steady_clock::now() +
codes/gcc/libstdc++-v3/include/std/condition_variable-167-			  chrono::__detail::ceil<__dur>(__rtime));
codes/gcc/libstdc++-v3/include/std/condition_variable-168-      }
codes/gcc/libstdc++-v3/include/std/condition_variable-169-
codes/gcc/libstdc++-v3/include/std/condition_variable-170-    template<typename _Rep, typename _Period, typename _Predicate>
codes/gcc/libstdc++-v3/include/std/condition_variable-171-      bool
codes/gcc/libstdc++-v3/include/std/condition_variable-172-      wait_for(unique_lock<mutex>& __lock,
codes/gcc/libstdc++-v3/include/std/condition_variable-173-	       const chrono::duration<_Rep, _Period>& __rtime,
codes/gcc/libstdc++-v3/include/std/condition_variable-174-	       _Predicate __p)
codes/gcc/libstdc++-v3/include/std/condition_variable-175-      {
codes/gcc/libstdc++-v3/include/std/condition_variable-176-	using __dur = typename steady_clock::duration;
codes/gcc/libstdc++-v3/include/std/condition_variable:177:	return wait_until(__lock,
codes/gcc/libstdc++-v3/include/std/condition_variable-178-			  steady_clock::now() +
codes/gcc/libstdc++-v3/include/std/condition_variable-179-			  chrono::__detail::ceil<__dur>(__rtime),
codes/gcc/libstdc++-v3/include/std/condition_variable-180-			  std::move(__p));
codes/gcc/libstdc++-v3/include/std/condition_variable-181-      }
codes/gcc/libstdc++-v3/include/std/condition_variable-182-
codes/gcc/libstdc++-v3/include/std/condition_variable-183-    native_handle_type
--
codes/gcc/libstdc++-v3/include/std/condition_variable-197-	__gthread_time_t __ts =
codes/gcc/libstdc++-v3/include/std/condition_variable-198-	  {
codes/gcc/libstdc++-v3/include/std/condition_variable-199-	    static_cast<std::time_t>(__s.time_since_epoch().count()),
codes/gcc/libstdc++-v3/include/std/condition_variable-200-	    static_cast<long>(__ns.count())
codes/gcc/libstdc++-v3/include/std/condition_variable-201-	  };
codes/gcc/libstdc++-v3/include/std/condition_variable-202-
codes/gcc/libstdc++-v3/include/std/condition_variable:203:	_M_cond.wait_until(*__lock.mutex(), CLOCK_MONOTONIC, __ts);
codes/gcc/libstdc++-v3/include/std/condition_variable-204-
codes/gcc/libstdc++-v3/include/std/condition_variable-205-	return (steady_clock::now() < __atime
codes/gcc/libstdc++-v3/include/std/condition_variable-206-		? cv_status::no_timeout : cv_status::timeout);
codes/gcc/libstdc++-v3/include/std/condition_variable-207-      }
codes/gcc/libstdc++-v3/include/std/condition_variable-208-#endif
codes/gcc/libstdc++-v3/include/std/condition_variable-209-
--
codes/gcc/libstdc++-v3/include/std/condition_variable-218-	__gthread_time_t __ts =
codes/gcc/libstdc++-v3/include/std/condition_variable-219-	  {
codes/gcc/libstdc++-v3/include/std/condition_variable-220-	    static_cast<std::time_t>(__s.time_since_epoch().count()),
codes/gcc/libstdc++-v3/include/std/condition_variable-221-	    static_cast<long>(__ns.count())
codes/gcc/libstdc++-v3/include/std/condition_variable-222-	  };
codes/gcc/libstdc++-v3/include/std/condition_variable-223-
codes/gcc/libstdc++-v3/include/std/condition_variable:224:	_M_cond.wait_until(*__lock.mutex(), __ts);
codes/gcc/libstdc++-v3/include/std/condition_variable-225-
codes/gcc/libstdc++-v3/include/std/condition_variable-226-	return (system_clock::now() < __atime
codes/gcc/libstdc++-v3/include/std/condition_variable-227-		? cv_status::no_timeout : cv_status::timeout);
codes/gcc/libstdc++-v3/include/std/condition_variable-228-      }
codes/gcc/libstdc++-v3/include/std/condition_variable-229-  };
codes/gcc/libstdc++-v3/include/std/condition_variable-230-
--
codes/gcc/libstdc++-v3/include/std/condition_variable-323-	while (!__p())
codes/gcc/libstdc++-v3/include/std/condition_variable-324-	  wait(__lock);
codes/gcc/libstdc++-v3/include/std/condition_variable-325-      }
codes/gcc/libstdc++-v3/include/std/condition_variable-326-
codes/gcc/libstdc++-v3/include/std/condition_variable-327-    template<typename _Lock, typename _Clock, typename _Duration>
codes/gcc/libstdc++-v3/include/std/condition_variable-328-      cv_status
codes/gcc/libstdc++-v3/include/std/condition_variable:329:      wait_until(_Lock& __lock,
codes/gcc/libstdc++-v3/include/std/condition_variable-330-		 const chrono::time_point<_Clock, _Duration>& __atime)
codes/gcc/libstdc++-v3/include/std/condition_variable-331-      {
codes/gcc/libstdc++-v3/include/std/condition_variable-332-	shared_ptr<mutex> __mutex = _M_mutex;
codes/gcc/libstdc++-v3/include/std/condition_variable-333-	unique_lock<mutex> __my_lock(*__mutex);
codes/gcc/libstdc++-v3/include/std/condition_variable-334-	_Unlock<_Lock> __unlock(__lock);
codes/gcc/libstdc++-v3/include/std/condition_variable-335-	// *__mutex must be unlocked before re-locking __lock so move
codes/gcc/libstdc++-v3/include/std/condition_variable-336-	// ownership of *__mutex lock to an object with shorter lifetime.
codes/gcc/libstdc++-v3/include/std/condition_variable-337-	unique_lock<mutex> __my_lock2(std::move(__my_lock));
codes/gcc/libstdc++-v3/include/std/condition_variable:338:	return _M_cond.wait_until(__my_lock2, __atime);
codes/gcc/libstdc++-v3/include/std/condition_variable-339-      }
codes/gcc/libstdc++-v3/include/std/condition_variable-340-
codes/gcc/libstdc++-v3/include/std/condition_variable-341-    template<typename _Lock, typename _Clock,
codes/gcc/libstdc++-v3/include/std/condition_variable-342-	     typename _Duration, typename _Predicate>
codes/gcc/libstdc++-v3/include/std/condition_variable-343-      bool
codes/gcc/libstdc++-v3/include/std/condition_variable:344:      wait_until(_Lock& __lock,
codes/gcc/libstdc++-v3/include/std/condition_variable-345-		 const chrono::time_point<_Clock, _Duration>& __atime,
codes/gcc/libstdc++-v3/include/std/condition_variable-346-		 _Predicate __p)
codes/gcc/libstdc++-v3/include/std/condition_variable-347-      {
codes/gcc/libstdc++-v3/include/std/condition_variable-348-	while (!__p())
codes/gcc/libstdc++-v3/include/std/condition_variable:349:	  if (wait_until(__lock, __atime) == cv_status::timeout)
codes/gcc/libstdc++-v3/include/std/condition_variable-350-	    return __p();
codes/gcc/libstdc++-v3/include/std/condition_variable-351-	return true;
codes/gcc/libstdc++-v3/include/std/condition_variable-352-      }
codes/gcc/libstdc++-v3/include/std/condition_variable-353-
codes/gcc/libstdc++-v3/include/std/condition_variable-354-    template<typename _Lock, typename _Rep, typename _Period>
codes/gcc/libstdc++-v3/include/std/condition_variable-355-      cv_status
codes/gcc/libstdc++-v3/include/std/condition_variable-356-      wait_for(_Lock& __lock, const chrono::duration<_Rep, _Period>& __rtime)
codes/gcc/libstdc++-v3/include/std/condition_variable:357:      { return wait_until(__lock, __clock_t::now() + __rtime); }
codes/gcc/libstdc++-v3/include/std/condition_variable-358-
codes/gcc/libstdc++-v3/include/std/condition_variable-359-    template<typename _Lock, typename _Rep,
codes/gcc/libstdc++-v3/include/std/condition_variable-360-	     typename _Period, typename _Predicate>
codes/gcc/libstdc++-v3/include/std/condition_variable-361-      bool
codes/gcc/libstdc++-v3/include/std/condition_variable-362-      wait_for(_Lock& __lock,
codes/gcc/libstdc++-v3/include/std/condition_variable-363-	       const chrono::duration<_Rep, _Period>& __rtime, _Predicate __p)
codes/gcc/libstdc++-v3/include/std/condition_variable:364:      { return wait_until(__lock, __clock_t::now() + __rtime, std::move(__p)); }
codes/gcc/libstdc++-v3/include/std/condition_variable-365-
codes/gcc/libstdc++-v3/include/std/condition_variable-366-#ifdef __glibcxx_jthread
codes/gcc/libstdc++-v3/include/std/condition_variable-367-    template <class _Lock, class _Predicate>
codes/gcc/libstdc++-v3/include/std/condition_variable-368-    bool wait(_Lock& __lock,
codes/gcc/libstdc++-v3/include/std/condition_variable-369-              stop_token __stoken,
codes/gcc/libstdc++-v3/include/std/condition_variable-370-              _Predicate __p)
--
codes/gcc/libstdc++-v3/include/std/condition_variable-390-          _M_cond.wait(__my_lock2);
codes/gcc/libstdc++-v3/include/std/condition_variable-391-        }
codes/gcc/libstdc++-v3/include/std/condition_variable-392-      return true;
codes/gcc/libstdc++-v3/include/std/condition_variable-393-    }
codes/gcc/libstdc++-v3/include/std/condition_variable-394-
codes/gcc/libstdc++-v3/include/std/condition_variable-395-    template <class _Lock, class _Clock, class _Duration, class _Predicate>
codes/gcc/libstdc++-v3/include/std/condition_variable:396:    bool wait_until(_Lock& __lock,
codes/gcc/libstdc++-v3/include/std/condition_variable-397-                    stop_token __stoken,
codes/gcc/libstdc++-v3/include/std/condition_variable-398-                    const chrono::time_point<_Clock, _Duration>& __abs_time,
codes/gcc/libstdc++-v3/include/std/condition_variable-399-                    _Predicate __p)
codes/gcc/libstdc++-v3/include/std/condition_variable-400-    {
codes/gcc/libstdc++-v3/include/std/condition_variable-401-      if (__stoken.stop_requested())
codes/gcc/libstdc++-v3/include/std/condition_variable-402-        {
--
codes/gcc/libstdc++-v3/include/std/condition_variable-413-            if (__stoken.stop_requested())
codes/gcc/libstdc++-v3/include/std/condition_variable-414-              {
codes/gcc/libstdc++-v3/include/std/condition_variable-415-                return false;
codes/gcc/libstdc++-v3/include/std/condition_variable-416-              }
codes/gcc/libstdc++-v3/include/std/condition_variable-417-            _Unlock<_Lock> __u(__lock);
codes/gcc/libstdc++-v3/include/std/condition_variable-418-            unique_lock<mutex> __my_lock2(std::move(__my_lock));
codes/gcc/libstdc++-v3/include/std/condition_variable:419:            const auto __status = _M_cond.wait_until(__my_lock2, __abs_time);
codes/gcc/libstdc++-v3/include/std/condition_variable-420-            __stop = (__status == std::cv_status::timeout) || __stoken.stop_requested();
codes/gcc/libstdc++-v3/include/std/condition_variable-421-          }
codes/gcc/libstdc++-v3/include/std/condition_variable-422-          if (__stop)
codes/gcc/libstdc++-v3/include/std/condition_variable-423-            {
codes/gcc/libstdc++-v3/include/std/condition_variable-424-              return __p();
codes/gcc/libstdc++-v3/include/std/condition_variable-425-            }
--
codes/gcc/libstdc++-v3/include/std/condition_variable-431-    bool wait_for(_Lock& __lock,
codes/gcc/libstdc++-v3/include/std/condition_variable-432-                  stop_token __stoken,
codes/gcc/libstdc++-v3/include/std/condition_variable-433-                  const chrono::duration<_Rep, _Period>& __rel_time,
codes/gcc/libstdc++-v3/include/std/condition_variable-434-                  _Predicate __p)
codes/gcc/libstdc++-v3/include/std/condition_variable-435-    {
codes/gcc/libstdc++-v3/include/std/condition_variable-436-      auto __abst = std::chrono::steady_clock::now() + __rel_time;
codes/gcc/libstdc++-v3/include/std/condition_variable:437:      return wait_until(__lock,
codes/gcc/libstdc++-v3/include/std/condition_variable-438-                        std::move(__stoken),
codes/gcc/libstdc++-v3/include/std/condition_variable-439-                        __abst,
codes/gcc/libstdc++-v3/include/std/condition_variable-440-                        std::move(__p));
codes/gcc/libstdc++-v3/include/std/condition_variable-441-    }
codes/gcc/libstdc++-v3/include/std/condition_variable-442-#endif
codes/gcc/libstdc++-v3/include/std/condition_variable-443-  };
--
codes/gcc/libstdc++-v3/include/bits/std_mutex.h-137-    { return &_M_mutex; }
codes/gcc/libstdc++-v3/include/bits/std_mutex.h-138-  };
codes/gcc/libstdc++-v3/include/bits/std_mutex.h-139-
codes/gcc/libstdc++-v3/include/bits/std_mutex.h-140-  /// @cond undocumented
codes/gcc/libstdc++-v3/include/bits/std_mutex.h-141-
codes/gcc/libstdc++-v3/include/bits/std_mutex.h-142-  // Implementation details for std::condition_variable
codes/gcc/libstdc++-v3/include/bits/std_mutex.h:143:  class __condvar
codes/gcc/libstdc++-v3/include/bits/std_mutex.h-144-  {
codes/gcc/libstdc++-v3/include/bits/std_mutex.h-145-    using timespec = __gthread_time_t;
codes/gcc/libstdc++-v3/include/bits/std_mutex.h-146-
codes/gcc/libstdc++-v3/include/bits/std_mutex.h-147-  public:
codes/gcc/libstdc++-v3/include/bits/std_mutex.h-148-    __condvar() noexcept
codes/gcc/libstdc++-v3/include/bits/std_mutex.h-149-    {
--
codes/gcc/libstdc++-v3/include/bits/std_mutex.h-170-      int __e __attribute__((__unused__))
codes/gcc/libstdc++-v3/include/bits/std_mutex.h-171-	= __gthread_cond_wait(&_M_cond, __m.native_handle());
codes/gcc/libstdc++-v3/include/bits/std_mutex.h-172-      __glibcxx_assert(__e == 0);
codes/gcc/libstdc++-v3/include/bits/std_mutex.h-173-    }
codes/gcc/libstdc++-v3/include/bits/std_mutex.h-174-
codes/gcc/libstdc++-v3/include/bits/std_mutex.h-175-    void
codes/gcc/libstdc++-v3/include/bits/std_mutex.h:176:    wait_until(mutex& __m, timespec& __abs_time)
codes/gcc/libstdc++-v3/include/bits/std_mutex.h-177-    {
codes/gcc/libstdc++-v3/include/bits/std_mutex.h-178-      __gthread_cond_timedwait(&_M_cond, __m.native_handle(), &__abs_time);
codes/gcc/libstdc++-v3/include/bits/std_mutex.h-179-    }
codes/gcc/libstdc++-v3/include/bits/std_mutex.h-180-
codes/gcc/libstdc++-v3/include/bits/std_mutex.h-181-#ifdef _GLIBCXX_USE_PTHREAD_COND_CLOCKWAIT
codes/gcc/libstdc++-v3/include/bits/std_mutex.h-182-    void
codes/gcc/libstdc++-v3/include/bits/std_mutex.h:183:    wait_until(mutex& __m, clockid_t __clock, timespec& __abs_time)
codes/gcc/libstdc++-v3/include/bits/std_mutex.h-184-    {
codes/gcc/libstdc++-v3/include/bits/std_mutex.h-185-      pthread_cond_clockwait(&_M_cond, __m.native_handle(), __clock,
codes/gcc/libstdc++-v3/include/bits/std_mutex.h-186-			     &__abs_time);
codes/gcc/libstdc++-v3/include/bits/std_mutex.h-187-    }
codes/gcc/libstdc++-v3/include/bits/std_mutex.h-188-#endif
codes/gcc/libstdc++-v3/include/bits/std_mutex.h-189-
===== relevant local history =====
9e18a25331fa25c3907249fede65a02c6817b06e 2021-12-07 15:11:15 +0000 libstdc++: Allow std::condition_variable waits to be cancelled [PR103382]
80400b0477598a858173d16c01abfd607a657722 2015-09-28 19:44:40 +0100 LWG 2135: terminate() in condition_variable::wait()
ba2936df417a617f5f07c2bfc3c4c798f16705e7 2015-09-28 18:44:40 +0000 LWG 2135: terminate() in condition_variable::wait()
ee4af2ed0b7322884ec4ff537564683c3749b813 2022-12-22 09:56:47 +0000 libstdc++: Avoid recursion in __nothrow_wait_cv::wait [PR105730]
67a218c536ea9df14dbfdf5f4d8c208b64e2225d 2012-06-11 21:15:38 +0000 gthr-posix.h [...] (__gthread_active_p): If __GLIBC__ is defined, refer to __pthread_key_create instead of pthread_cancel.
026e608ecebcb2a6193971006a85276307d79b00 2012-06-11 21:15:38 +0000 	* gthr-posix.h [neither FreeBSD nor Solaris] (__gthread_active_p): 	If __GLIBC__ is defined, refer to __pthread_key_create instead of 	pthread_cancel.
0fd72195bc3c6f1d40827c6eb793e619d6ec5f50 2011-10-25 21:44:12 +0000 condition_variable (condition_variable_any): Remove unused native_handle_type typedef.
bc904b8f457ecb1fe233cacb9db08f90cf73cd92 2011-10-25 21:44:12 +0000 	* include/std/condition_variable (condition_variable_any): Remove 	unused native_handle_type typedef. 	* src/condition_variable.cc (condition_variable): Add missing noexcept 	specifications. 	* 30_threads/condition_variable_any/requirements/typedefs.cc: Remove.
3714764d104151e6b3658ead1559cec3ee9266a6 2010-05-27 12:08:51 +0000 gthr-posix.h (pthread_cancel): Don't declare if compiling against Bionic C library.
6c1af759b694a9119323024d188f7e430b1f9334 2010-05-27 12:08:51 +0000 	* gthr-posix.h (pthread_cancel): Don't declare if compiling against 	Bionic C library. 	(__gthread_active_p): Check for pthread_create if compiling against 	Bionic C library.
35205e8f059ddcbf7a5ce1865901a56d1771b923 2005-04-15 19:57:12 +0000 gthr-posix.c (pthread_cancel): Define.
c22cf4d89f1a9a9046f931be1015d2061e3ef5e0 2005-04-15 19:57:12 +0000 	* gthr-posix.c (pthread_cancel): Define. 	(pthread_mutexattr_init): Likewise. 	(pthread_mutexattr_settype): Likewise. 	(pthread_mutexattr_destroy): Likewise.
658acbb2879a50a76ef85954d942788053aeb1a1 2005-01-17 14:17:41 +0000 gthr-posix.h (__gthread_active_p): Use pthread_cancel instead of pthread_create to find out if threads are enabled.
1df26a485eb2ccb027d28907f43f8cb4b8986ce2 2005-01-17 14:17:41 +0000 	* gthr-posix.h (__gthread_active_p): Use pthread_cancel instead 	of pthread_create to find out if threads are enabled. 	* gthr-posix95.h (__gthread_active_p): Likewise.
