===== libc++ future waits =====
codes/llvm/libcxx/src/future.cpp-96-  unique_lock<mutex> __lk(__mut_);
codes/llvm/libcxx/src/future.cpp-97-  __state_ |= ready;
codes/llvm/libcxx/src/future.cpp-98-  __cv_.notify_all();
codes/llvm/libcxx/src/future.cpp-99-}
codes/llvm/libcxx/src/future.cpp-100-
codes/llvm/libcxx/src/future.cpp-101-void __assoc_sub_state::copy() {
codes/llvm/libcxx/src/future.cpp-102-  unique_lock<mutex> __lk(__mut_);
codes/llvm/libcxx/src/future.cpp:103:  __sub_wait(__lk);
codes/llvm/libcxx/src/future.cpp-104-  if (__exception_ != nullptr)
codes/llvm/libcxx/src/future.cpp-105-    rethrow_exception(__exception_);
codes/llvm/libcxx/src/future.cpp-106-}
codes/llvm/libcxx/src/future.cpp-107-
codes/llvm/libcxx/src/future.cpp-108-void __assoc_sub_state::wait() {
codes/llvm/libcxx/src/future.cpp-109-  unique_lock<mutex> __lk(__mut_);
codes/llvm/libcxx/src/future.cpp:110:  __sub_wait(__lk);
codes/llvm/libcxx/src/future.cpp-111-}
codes/llvm/libcxx/src/future.cpp-112-
codes/llvm/libcxx/src/future.cpp:113:void __assoc_sub_state::__sub_wait(unique_lock<mutex>& __lk) {
codes/llvm/libcxx/src/future.cpp-114-  if (!__is_ready()) {
codes/llvm/libcxx/src/future.cpp-115-    if (__state_ & static_cast<unsigned>(deferred)) {
codes/llvm/libcxx/src/future.cpp-116-      __state_ &= ~static_cast<unsigned>(deferred);
codes/llvm/libcxx/src/future.cpp-117-      __lk.unlock();
codes/llvm/libcxx/src/future.cpp-118-      __execute();
codes/llvm/libcxx/src/future.cpp-119-    } else
codes/llvm/libcxx/src/future.cpp-120-      while (!__is_ready())
--
codes/llvm/libcxx/include/future-160-
codes/llvm/libcxx/include/future-161-    // retrieving the value
codes/llvm/libcxx/include/future-162-    R get();
codes/llvm/libcxx/include/future-163-
codes/llvm/libcxx/include/future-164-    // functions to check state
codes/llvm/libcxx/include/future-165-    bool valid() const noexcept;
codes/llvm/libcxx/include/future-166-
codes/llvm/libcxx/include/future:167:    void wait() const;
codes/llvm/libcxx/include/future-168-    template <class Rep, class Period>
codes/llvm/libcxx/include/future-169-        future_status
codes/llvm/libcxx/include/future:170:        wait_for(const chrono::duration<Rep, Period>& rel_time) const;
codes/llvm/libcxx/include/future-171-    template <class Clock, class Duration>
codes/llvm/libcxx/include/future-172-        future_status
codes/llvm/libcxx/include/future:173:        wait_until(const chrono::time_point<Clock, Duration>& abs_time) const;
codes/llvm/libcxx/include/future-174-};
codes/llvm/libcxx/include/future-175-
codes/llvm/libcxx/include/future-176-template <class R>
codes/llvm/libcxx/include/future-177-class future<R&>
codes/llvm/libcxx/include/future-178-{
codes/llvm/libcxx/include/future-179-public:
codes/llvm/libcxx/include/future-180-    future() noexcept;
--
codes/llvm/libcxx/include/future-187-
codes/llvm/libcxx/include/future-188-    // retrieving the value
codes/llvm/libcxx/include/future-189-    R& get();
codes/llvm/libcxx/include/future-190-
codes/llvm/libcxx/include/future-191-    // functions to check state
codes/llvm/libcxx/include/future-192-    bool valid() const noexcept;
codes/llvm/libcxx/include/future-193-
codes/llvm/libcxx/include/future:194:    void wait() const;
codes/llvm/libcxx/include/future-195-    template <class Rep, class Period>
codes/llvm/libcxx/include/future-196-        future_status
codes/llvm/libcxx/include/future:197:        wait_for(const chrono::duration<Rep, Period>& rel_time) const;
codes/llvm/libcxx/include/future-198-    template <class Clock, class Duration>
codes/llvm/libcxx/include/future-199-        future_status
codes/llvm/libcxx/include/future:200:        wait_until(const chrono::time_point<Clock, Duration>& abs_time) const;
codes/llvm/libcxx/include/future-201-};
codes/llvm/libcxx/include/future-202-
codes/llvm/libcxx/include/future-203-template <>
codes/llvm/libcxx/include/future-204-class future<void>
codes/llvm/libcxx/include/future-205-{
codes/llvm/libcxx/include/future-206-public:
codes/llvm/libcxx/include/future-207-    future() noexcept;
--
codes/llvm/libcxx/include/future-214-
codes/llvm/libcxx/include/future-215-    // retrieving the value
codes/llvm/libcxx/include/future-216-    void get();
codes/llvm/libcxx/include/future-217-
codes/llvm/libcxx/include/future-218-    // functions to check state
codes/llvm/libcxx/include/future-219-    bool valid() const noexcept;
codes/llvm/libcxx/include/future-220-
codes/llvm/libcxx/include/future:221:    void wait() const;
codes/llvm/libcxx/include/future-222-    template <class Rep, class Period>
codes/llvm/libcxx/include/future-223-        future_status
codes/llvm/libcxx/include/future:224:        wait_for(const chrono::duration<Rep, Period>& rel_time) const;
codes/llvm/libcxx/include/future-225-    template <class Clock, class Duration>
codes/llvm/libcxx/include/future-226-        future_status
codes/llvm/libcxx/include/future:227:        wait_until(const chrono::time_point<Clock, Duration>& abs_time) const;
codes/llvm/libcxx/include/future-228-};
codes/llvm/libcxx/include/future-229-
codes/llvm/libcxx/include/future-230-template <class R>
codes/llvm/libcxx/include/future-231-class shared_future
codes/llvm/libcxx/include/future-232-{
codes/llvm/libcxx/include/future-233-public:
codes/llvm/libcxx/include/future-234-    shared_future() noexcept;
--
codes/llvm/libcxx/include/future-241-
codes/llvm/libcxx/include/future-242-    // retrieving the value
codes/llvm/libcxx/include/future-243-    const R& get() const;
codes/llvm/libcxx/include/future-244-
codes/llvm/libcxx/include/future-245-    // functions to check state
codes/llvm/libcxx/include/future-246-    bool valid() const noexcept;
codes/llvm/libcxx/include/future-247-
codes/llvm/libcxx/include/future:248:    void wait() const;
codes/llvm/libcxx/include/future-249-    template <class Rep, class Period>
codes/llvm/libcxx/include/future-250-        future_status
codes/llvm/libcxx/include/future:251:        wait_for(const chrono::duration<Rep, Period>& rel_time) const;
codes/llvm/libcxx/include/future-252-    template <class Clock, class Duration>
codes/llvm/libcxx/include/future-253-        future_status
codes/llvm/libcxx/include/future:254:        wait_until(const chrono::time_point<Clock, Duration>& abs_time) const;
codes/llvm/libcxx/include/future-255-};
codes/llvm/libcxx/include/future-256-
codes/llvm/libcxx/include/future-257-template <class R>
codes/llvm/libcxx/include/future-258-class shared_future<R&>
codes/llvm/libcxx/include/future-259-{
codes/llvm/libcxx/include/future-260-public:
codes/llvm/libcxx/include/future-261-    shared_future() noexcept;
--
codes/llvm/libcxx/include/future-268-
codes/llvm/libcxx/include/future-269-    // retrieving the value
codes/llvm/libcxx/include/future-270-    R& get() const;
codes/llvm/libcxx/include/future-271-
codes/llvm/libcxx/include/future-272-    // functions to check state
codes/llvm/libcxx/include/future-273-    bool valid() const noexcept;
codes/llvm/libcxx/include/future-274-
codes/llvm/libcxx/include/future:275:    void wait() const;
codes/llvm/libcxx/include/future-276-    template <class Rep, class Period>
codes/llvm/libcxx/include/future-277-        future_status
codes/llvm/libcxx/include/future:278:        wait_for(const chrono::duration<Rep, Period>& rel_time) const;
codes/llvm/libcxx/include/future-279-    template <class Clock, class Duration>
codes/llvm/libcxx/include/future-280-        future_status
codes/llvm/libcxx/include/future:281:        wait_until(const chrono::time_point<Clock, Duration>& abs_time) const;
codes/llvm/libcxx/include/future-282-};
codes/llvm/libcxx/include/future-283-
codes/llvm/libcxx/include/future-284-template <>
codes/llvm/libcxx/include/future-285-class shared_future<void>
codes/llvm/libcxx/include/future-286-{
codes/llvm/libcxx/include/future-287-public:
codes/llvm/libcxx/include/future-288-    shared_future() noexcept;
--
codes/llvm/libcxx/include/future-295-
codes/llvm/libcxx/include/future-296-    // retrieving the value
codes/llvm/libcxx/include/future-297-    void get() const;
codes/llvm/libcxx/include/future-298-
codes/llvm/libcxx/include/future-299-    // functions to check state
codes/llvm/libcxx/include/future-300-    bool valid() const noexcept;
codes/llvm/libcxx/include/future-301-
codes/llvm/libcxx/include/future:302:    void wait() const;
codes/llvm/libcxx/include/future-303-    template <class Rep, class Period>
codes/llvm/libcxx/include/future-304-        future_status
codes/llvm/libcxx/include/future:305:        wait_for(const chrono::duration<Rep, Period>& rel_time) const;
codes/llvm/libcxx/include/future-306-    template <class Clock, class Duration>
codes/llvm/libcxx/include/future-307-        future_status
codes/llvm/libcxx/include/future:308:        wait_until(const chrono::time_point<Clock, Duration>& abs_time) const;
codes/llvm/libcxx/include/future-309-};
codes/llvm/libcxx/include/future-310-
codes/llvm/libcxx/include/future-311-template <class F, class... Args>
codes/llvm/libcxx/include/future-312-  future<typename result_of<typename decay<F>::type(typename decay<Args>::type...)>::type>
codes/llvm/libcxx/include/future-313-  async(F&& f, Args&&... args);
codes/llvm/libcxx/include/future-314-
codes/llvm/libcxx/include/future-315-template <class F, class... Args>
--
codes/llvm/libcxx/include/future-367-
codes/llvm/libcxx/include/future-368-#  if _LIBCPP_HAS_THREADS
codes/llvm/libcxx/include/future-369-
codes/llvm/libcxx/include/future-370-#    include <__assert>
codes/llvm/libcxx/include/future-371-#    include <__chrono/duration.h>
codes/llvm/libcxx/include/future-372-#    include <__chrono/steady_clock.h>
codes/llvm/libcxx/include/future-373-#    include <__chrono/time_point.h>
codes/llvm/libcxx/include/future:374:#    include <__condition_variable/condition_variable.h>
codes/llvm/libcxx/include/future-375-#    include <__cstddef/nullptr_t.h>
codes/llvm/libcxx/include/future-376-#    include <__exception/exception_ptr.h>
codes/llvm/libcxx/include/future-377-#    include <__memory/addressof.h>
codes/llvm/libcxx/include/future-378-#    include <__memory/allocator.h>
codes/llvm/libcxx/include/future-379-#    include <__memory/allocator_arg_t.h>
codes/llvm/libcxx/include/future-380-#    include <__memory/allocator_destructor.h>
codes/llvm/libcxx/include/future-381-#    include <__memory/allocator_traits.h>
--
codes/llvm/libcxx/include/future-520-#    endif
codes/llvm/libcxx/include/future-521-}
codes/llvm/libcxx/include/future-522-
codes/llvm/libcxx/include/future-523-class _LIBCPP_EXPORTED_FROM_ABI __assoc_sub_state : public __shared_count {
codes/llvm/libcxx/include/future-524-protected:
codes/llvm/libcxx/include/future-525-  exception_ptr __exception_;
codes/llvm/libcxx/include/future-526-  mutable mutex __mut_;
codes/llvm/libcxx/include/future:527:  mutable condition_variable __cv_;
codes/llvm/libcxx/include/future-528-  unsigned __state_;
codes/llvm/libcxx/include/future-529-
codes/llvm/libcxx/include/future-530-  void __on_zero_shared() _NOEXCEPT override;
codes/llvm/libcxx/include/future:531:  void __sub_wait(unique_lock<mutex>& __lk);
codes/llvm/libcxx/include/future-532-
codes/llvm/libcxx/include/future-533-public:
codes/llvm/libcxx/include/future-534-  enum { __constructed = 1, __future_attached = 2, ready = 4, deferred = 8 };
codes/llvm/libcxx/include/future-535-
codes/llvm/libcxx/include/future-536-  _LIBCPP_HIDE_FROM_ABI __assoc_sub_state() : __state_(0) {}
codes/llvm/libcxx/include/future-537-
codes/llvm/libcxx/include/future-538-  _LIBCPP_HIDE_FROM_ABI bool __has_value() const { return (__state_ & __constructed) || (__exception_ != nullptr); }
--
codes/llvm/libcxx/include/future-555-  void set_value_at_thread_exit();
codes/llvm/libcxx/include/future-556-
codes/llvm/libcxx/include/future-557-  void set_exception(exception_ptr __p);
codes/llvm/libcxx/include/future-558-  void set_exception_at_thread_exit(exception_ptr __p);
codes/llvm/libcxx/include/future-559-
codes/llvm/libcxx/include/future-560-  void copy();
codes/llvm/libcxx/include/future-561-
codes/llvm/libcxx/include/future:562:  void wait();
codes/llvm/libcxx/include/future-563-  template <class _Rep, class _Period>
codes/llvm/libcxx/include/future:564:  future_status _LIBCPP_HIDE_FROM_ABI wait_for(const chrono::duration<_Rep, _Period>& __rel_time) const;
codes/llvm/libcxx/include/future-565-  template <class _Clock, class _Duration>
codes/llvm/libcxx/include/future:566:  _LIBCPP_HIDE_FROM_ABI future_status wait_until(const chrono::time_point<_Clock, _Duration>& __abs_time) const {
codes/llvm/libcxx/include/future-567-    unique_lock<mutex> __lk(__mut_);
codes/llvm/libcxx/include/future-568-    if (__state_ & deferred)
codes/llvm/libcxx/include/future-569-      return future_status::deferred;
codes/llvm/libcxx/include/future-570-    while (!(__state_ & ready) && _Clock::now() < __abs_time)
codes/llvm/libcxx/include/future:571:      __cv_.wait_until(__lk, __abs_time);
codes/llvm/libcxx/include/future-572-    if (__state_ & ready)
codes/llvm/libcxx/include/future-573-      return future_status::ready;
codes/llvm/libcxx/include/future-574-    return future_status::timeout;
codes/llvm/libcxx/include/future-575-  }
codes/llvm/libcxx/include/future-576-
codes/llvm/libcxx/include/future-577-  virtual void __execute();
codes/llvm/libcxx/include/future-578-};
codes/llvm/libcxx/include/future-579-
codes/llvm/libcxx/include/future-580-template <class _Rep, class _Period>
codes/llvm/libcxx/include/future:581:inline future_status __assoc_sub_state::wait_for(const chrono::duration<_Rep, _Period>& __rel_time) const {
codes/llvm/libcxx/include/future:582:  return wait_until(chrono::steady_clock::now() + __rel_time);
codes/llvm/libcxx/include/future-583-}
codes/llvm/libcxx/include/future-584-
codes/llvm/libcxx/include/future-585-template <class _Rp>
codes/llvm/libcxx/include/future-586-class _LIBCPP_HIDDEN __assoc_state : public __assoc_sub_state {
codes/llvm/libcxx/include/future-587-  typedef __assoc_sub_state base;
codes/llvm/libcxx/include/future-588-
codes/llvm/libcxx/include/future-589-protected:
--
codes/llvm/libcxx/include/future-630-  this->__state_ |= base::__constructed;
codes/llvm/libcxx/include/future-631-  __thread_local_data()->__make_ready_at_thread_exit(this);
codes/llvm/libcxx/include/future-632-}
codes/llvm/libcxx/include/future-633-
codes/llvm/libcxx/include/future-634-template <class _Rp>
codes/llvm/libcxx/include/future-635-_Rp __assoc_state<_Rp>::move() {
codes/llvm/libcxx/include/future-636-  unique_lock<mutex> __lk(this->__mut_);
codes/llvm/libcxx/include/future:637:  this->__sub_wait(__lk);
codes/llvm/libcxx/include/future-638-  if (this->__exception_ != nullptr)
codes/llvm/libcxx/include/future-639-    std::rethrow_exception(this->__exception_);
codes/llvm/libcxx/include/future-640-  return std::move(*reinterpret_cast<_Rp*>(std::addressof(__value_)));
codes/llvm/libcxx/include/future-641-}
codes/llvm/libcxx/include/future-642-
codes/llvm/libcxx/include/future-643-template <class _Rp>
codes/llvm/libcxx/include/future-644-_Rp& __assoc_state<_Rp>::copy() {
codes/llvm/libcxx/include/future-645-  unique_lock<mutex> __lk(this->__mut_);
codes/llvm/libcxx/include/future:646:  this->__sub_wait(__lk);
codes/llvm/libcxx/include/future-647-  if (this->__exception_ != nullptr)
codes/llvm/libcxx/include/future-648-    std::rethrow_exception(this->__exception_);
codes/llvm/libcxx/include/future-649-  return *reinterpret_cast<_Rp*>(std::addressof(__value_));
codes/llvm/libcxx/include/future-650-}
codes/llvm/libcxx/include/future-651-
codes/llvm/libcxx/include/future-652-template <class _Rp>
codes/llvm/libcxx/include/future-653-class __assoc_state<_Rp&> : public __assoc_sub_state {
--
codes/llvm/libcxx/include/future-690-  this->__state_ |= base::__constructed;
codes/llvm/libcxx/include/future-691-  __thread_local_data()->__make_ready_at_thread_exit(this);
codes/llvm/libcxx/include/future-692-}
codes/llvm/libcxx/include/future-693-
codes/llvm/libcxx/include/future-694-template <class _Rp>
codes/llvm/libcxx/include/future-695-_Rp& __assoc_state<_Rp&>::copy() {
codes/llvm/libcxx/include/future-696-  unique_lock<mutex> __lk(this->__mut_);
codes/llvm/libcxx/include/future:697:  this->__sub_wait(__lk);
codes/llvm/libcxx/include/future-698-  if (this->__exception_ != nullptr)
codes/llvm/libcxx/include/future-699-    std::rethrow_exception(this->__exception_);
codes/llvm/libcxx/include/future-700-  return *__value_;
codes/llvm/libcxx/include/future-701-}
codes/llvm/libcxx/include/future-702-
codes/llvm/libcxx/include/future-703-template <class _Rp, class _Alloc>
codes/llvm/libcxx/include/future-704-class __assoc_state_alloc : public __assoc_state<_Rp> {
--
codes/llvm/libcxx/include/future-823-  } catch (...) {
codes/llvm/libcxx/include/future-824-    this->set_exception(current_exception());
codes/llvm/libcxx/include/future-825-  }
codes/llvm/libcxx/include/future-826-#    endif // _LIBCPP_HAS_EXCEPTIONS
codes/llvm/libcxx/include/future-827-}
codes/llvm/libcxx/include/future-828-
codes/llvm/libcxx/include/future-829-template <class _Rp, class _Fp>
codes/llvm/libcxx/include/future:830:class __async_assoc_state : public __assoc_state<_Rp> {
codes/llvm/libcxx/include/future-831-  typedef __assoc_state<_Rp> base;
codes/llvm/libcxx/include/future-832-
codes/llvm/libcxx/include/future-833-  _Fp __func_;
codes/llvm/libcxx/include/future-834-
codes/llvm/libcxx/include/future-835-  _LIBCPP_HIDE_FROM_ABI_VIRTUAL virtual void __on_zero_shared() _NOEXCEPT;
codes/llvm/libcxx/include/future-836-
codes/llvm/libcxx/include/future-837-public:
codes/llvm/libcxx/include/future:838:  _LIBCPP_HIDE_FROM_ABI explicit __async_assoc_state(_Fp&& __f);
codes/llvm/libcxx/include/future-839-
codes/llvm/libcxx/include/future-840-  _LIBCPP_HIDE_FROM_ABI_VIRTUAL virtual void __execute();
codes/llvm/libcxx/include/future-841-};
codes/llvm/libcxx/include/future-842-
codes/llvm/libcxx/include/future-843-template <class _Rp, class _Fp>
codes/llvm/libcxx/include/future:844:inline __async_assoc_state<_Rp, _Fp>::__async_assoc_state(_Fp&& __f) : __func_(std::forward<_Fp>(__f)) {}
codes/llvm/libcxx/include/future-845-
codes/llvm/libcxx/include/future-846-template <class _Rp, class _Fp>
codes/llvm/libcxx/include/future:847:void __async_assoc_state<_Rp, _Fp>::__execute() {
codes/llvm/libcxx/include/future-848-#    if _LIBCPP_HAS_EXCEPTIONS
codes/llvm/libcxx/include/future-849-  try {
codes/llvm/libcxx/include/future-850-#    endif // _LIBCPP_HAS_EXCEPTIONS
codes/llvm/libcxx/include/future-851-    this->set_value(__func_());
codes/llvm/libcxx/include/future-852-#    if _LIBCPP_HAS_EXCEPTIONS
codes/llvm/libcxx/include/future-853-  } catch (...) {
codes/llvm/libcxx/include/future-854-    this->set_exception(current_exception());
codes/llvm/libcxx/include/future-855-  }
codes/llvm/libcxx/include/future-856-#    endif // _LIBCPP_HAS_EXCEPTIONS
codes/llvm/libcxx/include/future-857-}
codes/llvm/libcxx/include/future-858-
codes/llvm/libcxx/include/future-859-template <class _Rp, class _Fp>
codes/llvm/libcxx/include/future:860:void __async_assoc_state<_Rp, _Fp>::__on_zero_shared() _NOEXCEPT {
codes/llvm/libcxx/include/future-861-  this->wait();
codes/llvm/libcxx/include/future-862-  base::__on_zero_shared();
codes/llvm/libcxx/include/future-863-}
codes/llvm/libcxx/include/future-864-
codes/llvm/libcxx/include/future-865-template <class _Fp>
codes/llvm/libcxx/include/future:866:class __async_assoc_state<void, _Fp> : public __assoc_sub_state {
codes/llvm/libcxx/include/future-867-  typedef __assoc_sub_state base;
codes/llvm/libcxx/include/future-868-
codes/llvm/libcxx/include/future-869-  _Fp __func_;
codes/llvm/libcxx/include/future-870-
codes/llvm/libcxx/include/future-871-  _LIBCPP_HIDE_FROM_ABI_VIRTUAL void __on_zero_shared() _NOEXCEPT override;
codes/llvm/libcxx/include/future-872-
codes/llvm/libcxx/include/future-873-public:
codes/llvm/libcxx/include/future:874:  _LIBCPP_HIDE_FROM_ABI explicit __async_assoc_state(_Fp&& __f);
codes/llvm/libcxx/include/future-875-
codes/llvm/libcxx/include/future-876-  _LIBCPP_HIDE_FROM_ABI_VIRTUAL void __execute() override;
codes/llvm/libcxx/include/future-877-};
codes/llvm/libcxx/include/future-878-
codes/llvm/libcxx/include/future-879-template <class _Fp>
codes/llvm/libcxx/include/future:880:inline __async_assoc_state<void, _Fp>::__async_assoc_state(_Fp&& __f) : __func_(std::forward<_Fp>(__f)) {}
codes/llvm/libcxx/include/future-881-
codes/llvm/libcxx/include/future-882-template <class _Fp>
codes/llvm/libcxx/include/future:883:void __async_assoc_state<void, _Fp>::__execute() {
codes/llvm/libcxx/include/future-884-#    if _LIBCPP_HAS_EXCEPTIONS
codes/llvm/libcxx/include/future-885-  try {
codes/llvm/libcxx/include/future-886-#    endif // _LIBCPP_HAS_EXCEPTIONS
codes/llvm/libcxx/include/future-887-    __func_();
codes/llvm/libcxx/include/future-888-    this->set_value();
codes/llvm/libcxx/include/future-889-#    if _LIBCPP_HAS_EXCEPTIONS
codes/llvm/libcxx/include/future-890-  } catch (...) {
codes/llvm/libcxx/include/future-891-    this->set_exception(current_exception());
codes/llvm/libcxx/include/future-892-  }
codes/llvm/libcxx/include/future-893-#    endif // _LIBCPP_HAS_EXCEPTIONS
codes/llvm/libcxx/include/future-894-}
codes/llvm/libcxx/include/future-895-
codes/llvm/libcxx/include/future-896-template <class _Fp>
codes/llvm/libcxx/include/future:897:void __async_assoc_state<void, _Fp>::__on_zero_shared() _NOEXCEPT {
codes/llvm/libcxx/include/future-898-  this->wait();
codes/llvm/libcxx/include/future-899-  base::__on_zero_shared();
codes/llvm/libcxx/include/future-900-}
codes/llvm/libcxx/include/future-901-
codes/llvm/libcxx/include/future-902-template <class _Rp>
codes/llvm/libcxx/include/future-903-class promise;
codes/llvm/libcxx/include/future-904-template <class _Rp>
--
codes/llvm/libcxx/include/future-948-  [[__nodiscard__]] _LIBCPP_HIDE_FROM_ABI _Rp get();
codes/llvm/libcxx/include/future-949-
codes/llvm/libcxx/include/future-950-  _LIBCPP_HIDE_FROM_ABI void swap(future& __rhs) _NOEXCEPT { std::swap(__state_, __rhs.__state_); }
codes/llvm/libcxx/include/future-951-
codes/llvm/libcxx/include/future-952-  // functions to check state
codes/llvm/libcxx/include/future-953-  [[__nodiscard__]] _LIBCPP_HIDE_FROM_ABI bool valid() const _NOEXCEPT { return __state_ != nullptr; }
codes/llvm/libcxx/include/future-954-
codes/llvm/libcxx/include/future:955:  _LIBCPP_HIDE_FROM_ABI void wait() const { __state_->wait(); }
codes/llvm/libcxx/include/future-956-  template <class _Rep, class _Period>
codes/llvm/libcxx/include/future:957:  _LIBCPP_HIDE_FROM_ABI future_status wait_for(const chrono::duration<_Rep, _Period>& __rel_time) const {
codes/llvm/libcxx/include/future:958:    return __state_->wait_for(__rel_time);
codes/llvm/libcxx/include/future-959-  }
codes/llvm/libcxx/include/future-960-  template <class _Clock, class _Duration>
codes/llvm/libcxx/include/future:961:  _LIBCPP_HIDE_FROM_ABI future_status wait_until(const chrono::time_point<_Clock, _Duration>& __abs_time) const {
codes/llvm/libcxx/include/future:962:    return __state_->wait_until(__abs_time);
codes/llvm/libcxx/include/future-963-  }
codes/llvm/libcxx/include/future-964-};
codes/llvm/libcxx/include/future-965-
codes/llvm/libcxx/include/future-966-template <class _Rp>
codes/llvm/libcxx/include/future-967-future<_Rp>::future(__assoc_state<_Rp>* __state) : __state_(__state) {
codes/llvm/libcxx/include/future-968-  __state_->__attach_future();
codes/llvm/libcxx/include/future-969-}
--
codes/llvm/libcxx/include/future-1019-  [[__nodiscard__]] _LIBCPP_HIDE_FROM_ABI _Rp& get();
codes/llvm/libcxx/include/future-1020-
codes/llvm/libcxx/include/future-1021-  _LIBCPP_HIDE_FROM_ABI void swap(future& __rhs) _NOEXCEPT { std::swap(__state_, __rhs.__state_); }
codes/llvm/libcxx/include/future-1022-
codes/llvm/libcxx/include/future-1023-  // functions to check state
codes/llvm/libcxx/include/future-1024-  [[__nodiscard__]] _LIBCPP_HIDE_FROM_ABI bool valid() const _NOEXCEPT { return __state_ != nullptr; }
codes/llvm/libcxx/include/future-1025-
codes/llvm/libcxx/include/future:1026:  _LIBCPP_HIDE_FROM_ABI void wait() const { __state_->wait(); }
codes/llvm/libcxx/include/future-1027-  template <class _Rep, class _Period>
codes/llvm/libcxx/include/future:1028:  _LIBCPP_HIDE_FROM_ABI future_status wait_for(const chrono::duration<_Rep, _Period>& __rel_time) const {
codes/llvm/libcxx/include/future:1029:    return __state_->wait_for(__rel_time);
codes/llvm/libcxx/include/future-1030-  }
codes/llvm/libcxx/include/future-1031-  template <class _Clock, class _Duration>
codes/llvm/libcxx/include/future:1032:  _LIBCPP_HIDE_FROM_ABI future_status wait_until(const chrono::time_point<_Clock, _Duration>& __abs_time) const {
codes/llvm/libcxx/include/future:1033:    return __state_->wait_until(__abs_time);
codes/llvm/libcxx/include/future-1034-  }
codes/llvm/libcxx/include/future-1035-};
codes/llvm/libcxx/include/future-1036-
codes/llvm/libcxx/include/future-1037-template <class _Rp>
codes/llvm/libcxx/include/future-1038-future<_Rp&>::future(__assoc_state<_Rp&>* __state) : __state_(__state) {
codes/llvm/libcxx/include/future-1039-  __state_->__attach_future();
codes/llvm/libcxx/include/future-1040-}
--
codes/llvm/libcxx/include/future-1086-  void get();
codes/llvm/libcxx/include/future-1087-
codes/llvm/libcxx/include/future-1088-  _LIBCPP_HIDE_FROM_ABI void swap(future& __rhs) _NOEXCEPT { std::swap(__state_, __rhs.__state_); }
codes/llvm/libcxx/include/future-1089-
codes/llvm/libcxx/include/future-1090-  // functions to check state
codes/llvm/libcxx/include/future-1091-  [[__nodiscard__]] _LIBCPP_HIDE_FROM_ABI bool valid() const _NOEXCEPT { return __state_ != nullptr; }
codes/llvm/libcxx/include/future-1092-
codes/llvm/libcxx/include/future:1093:  _LIBCPP_HIDE_FROM_ABI void wait() const { __state_->wait(); }
codes/llvm/libcxx/include/future-1094-  template <class _Rep, class _Period>
codes/llvm/libcxx/include/future:1095:  _LIBCPP_HIDE_FROM_ABI future_status wait_for(const chrono::duration<_Rep, _Period>& __rel_time) const {
codes/llvm/libcxx/include/future:1096:    return __state_->wait_for(__rel_time);
codes/llvm/libcxx/include/future-1097-  }
codes/llvm/libcxx/include/future-1098-  template <class _Clock, class _Duration>
codes/llvm/libcxx/include/future:1099:  _LIBCPP_HIDE_FROM_ABI future_status wait_until(const chrono::time_point<_Clock, _Duration>& __abs_time) const {
codes/llvm/libcxx/include/future:1100:    return __state_->wait_until(__abs_time);
codes/llvm/libcxx/include/future-1101-  }
codes/llvm/libcxx/include/future-1102-};
codes/llvm/libcxx/include/future-1103-
codes/llvm/libcxx/include/future-1104-template <class _Rp>
codes/llvm/libcxx/include/future-1105-inline _LIBCPP_HIDE_FROM_ABI void swap(future<_Rp>& __x, future<_Rp>& __y) _NOEXCEPT {
===== libstdc++ future synchronization members =====
33-
34-#include <bits/requires_hosted.h> // concurrency
35-
36-#if __cplusplus < 201103L
37-# include <bits/c++0x_warning.h>
38-#else
39-
40-#include <mutex>	      // call_once
41:#include <condition_variable> // __at_thread_exit_elt
42-#include <system_error>
43-#include <bits/atomic_base.h> // atomic_flag
44-#include <bits/allocated_ptr.h>
45-#include <bits/atomic_futex.h>
46-#include <bits/exception_defines.h>
47-#include <bits/invoke.h>
48-#include <bits/unique_ptr.h>
49-#include <bits/shared_ptr.h>
--
334-      typedef _Ptr<_Result_base> _Ptr_type;
335-
336-      enum _Status : unsigned {
337-	__not_ready,
338-	__ready
339-      };
340-
341-      _Ptr_type			_M_result;
342:      __atomic_futex_unsigned<>	_M_status;
343-      atomic_flag         	_M_retrieved = ATOMIC_FLAG_INIT;
344-      once_flag			_M_once;
345-
346-    public:
347:      _State_baseV2() noexcept : _M_result(), _M_status(_Status::__not_ready)
348-	{ }
349-      _State_baseV2(const _State_baseV2&) = delete;
350-      _State_baseV2& operator=(const _State_baseV2&) = delete;
351-      virtual ~_State_baseV2() = default;
352-
353-      _Result_base&
354-      wait()
355-      {
356-	// Run any deferred function or join any asynchronous thread:
357:	_M_complete_async();
358-	// Acquire MO makes sure this synchronizes with the thread that made
359-	// the future ready.
360:	_M_status._M_load_when_equal(_Status::__ready, memory_order_acquire);
361-	return *_M_result;
362-      }
363-
364-      template<typename _Rep, typename _Period>
365-        future_status
366-        wait_for(const chrono::duration<_Rep, _Period>& __rel)
367-        {
368-	  // First, check if the future has been made ready.  Use acquire MO
369-	  // to synchronize with the thread that made it ready.
370:	  if (_M_status._M_load(memory_order_acquire) == _Status::__ready)
371-	    return future_status::ready;
372-
373-	  if (_M_is_deferred_future())
374-	    return future_status::deferred;
375-
376-	  // Don't wait unless the relative time is greater than zero.
377-	  if (__rel > __rel.zero()
378:	      && _M_status._M_load_when_equal_for(_Status::__ready,
379-						  memory_order_acquire,
380-						  __rel))
381-	    {
382-	      // _GLIBCXX_RESOLVE_LIB_DEFECTS
383-	      // 2100.  timed waiting functions must also join
384-	      // This call is a no-op by default except on an async future,
385-	      // in which case the async thread is joined.  It's also not a
386-	      // no-op for a deferred future, but such a future will never
387-	      // reach this point because it returns future_status::deferred
388-	      // instead of waiting for the future to become ready (see
389-	      // above).  Async futures synchronize in this call, so we need
390-	      // no further synchronization here.
391:	      _M_complete_async();
392-
393-	      return future_status::ready;
394-	    }
395-	  return future_status::timeout;
396-	}
397-
398-      template<typename _Clock, typename _Duration>
399-        future_status
400-        wait_until(const chrono::time_point<_Clock, _Duration>& __abs)
401-        {
402-#if __cplusplus > 201703L
403-	  static_assert(chrono::is_clock_v<_Clock>);
404-#endif
405-	  // First, check if the future has been made ready.  Use acquire MO
406-	  // to synchronize with the thread that made it ready.
407:	  if (_M_status._M_load(memory_order_acquire) == _Status::__ready)
408-	    return future_status::ready;
409-
410-	  if (_M_is_deferred_future())
411-	    return future_status::deferred;
412-
413:	  if (_M_status._M_load_when_equal_until(_Status::__ready,
414-						 memory_order_acquire,
415-						 __abs))
416-	    {
417-	      // _GLIBCXX_RESOLVE_LIB_DEFECTS
418-	      // 2100.  timed waiting functions must also join
419-	      // See wait_for(...) above.
420:	      _M_complete_async();
421-
422-	      return future_status::ready;
423-	    }
424-	  return future_status::timeout;
425-	}
426-
427-      // Provide a result to the shared state and make it ready.
428-      // Calls at most once: _M_result = __res();
--
431-      {
432-	bool __did_set = false;
433-        // all calls to this function are serialized,
434-        // side-effects of invoking __res only happen once
435-	call_once(_M_once, &_State_baseV2::_M_do_set, this,
436-		  std::__addressof(__res), std::__addressof(__did_set));
437-	if (__did_set)
438-	  // Use release MO to synchronize with observers of the ready state.
439:	  _M_status._M_store_notify_all(_Status::__ready,
440-					memory_order_release);
441-	else if (!__ignore_failure)
442-          __throw_future_error(int(future_errc::promise_already_satisfied));
443-      }
444-
445-      // Provide a result to the shared state but delay making it ready
446-      // until the calling thread exits.
447-      // Calls at most once: _M_result = __res();
--
471-	    __res->_M_error =
472-	      make_exception_ptr(future_error(future_errc::broken_promise));
473-	    // This function is only called when the last asynchronous result
474-	    // provider is abandoning this shared state, so noone can be
475-	    // trying to make the shared state ready at the same time, and
476-	    // we can access _M_result directly instead of through call_once.
477-	    _M_result.swap(__res);
478-	    // Use release MO to synchronize with observers of the ready state.
479:	    _M_status._M_store_notify_all(_Status::__ready,
480-					  memory_order_release);
481-	  }
482-      }
483-
484-      // Called when this object is first passed to a future.
485-      void
486-      _M_set_retrieved_flag()
487-      {
--
597-        // Notify the caller that we did try to set; if we do not throw an
598-        // exception, the caller will be aware that it did set (e.g., see
599-        // _M_set_result).
600-	*__did_set = true;
601-        _M_result.swap(__res); // nothrow
602-      }
603-
604-      // Wait for completion of async function.
605:      virtual void _M_complete_async() { }
606-
607-      // Return true if state corresponds to a deferred function.
608-      virtual bool _M_is_deferred_future() const { return false; }
609-
610-      struct _Make_ready final : __at_thread_exit_elt
611-      {
612-	weak_ptr<_State_baseV2> _M_shared_state;
613-	static void _S_run(void*);
--
1696-
1697-    private:
1698-      typedef __future_base::_Ptr<_Result<_Res>> _Ptr_type;
1699-      _Ptr_type _M_result;
1700-      _BoundFn _M_fn;
1701-
1702-      // Run the deferred function.
1703-      virtual void
1704:      _M_complete_async()
1705-      {
1706-	// Multiple threads can call a waiting function on the future and
1707-	// reach this point at the same time. The call_once in _M_set_result
1708-	// ensures only the first one run the deferred function, stores the
1709-	// result in _M_result, swaps that with the base _M_result and makes
1710-	// the state ready. Tell _M_set_result to ignore failure so all later
1711-	// calls do nothing.
1712-        _M_set_result(_S_task_setter(_M_result, _M_fn), true);
--
1734-    // - a call to a waiting function on an asynchronous return object that
1735-    // shares the shared state created by this async call shall block until
1736-    // the associated thread has completed, as if joined, or else time out.
1737-    //
1738-    // - the associated thread completion synchronizes with the return from
1739-    // the first function that successfully detects the ready status of the
1740-    // shared state or with the return from the last function that releases
1741-    // the shared state, whichever happens first.
1742:    virtual void _M_complete_async() { _M_join(); }
1743-
1744:    void _M_join() { std::call_once(_M_once, &thread::join, &_M_thread); }
1745-
1746-    thread _M_thread;
1747-    once_flag _M_once;
1748-  };
1749-
1750-  // Shared state created by std::async().
1751-  // Starts a new thread that runs a function and makes the shared state ready.
1752-  template<typename _BoundFn, typename _Res>
--
1759-	_Async_state_impl(_Args&&... __args)
1760-	: _M_result(new _Result<_Res>()),
1761-	  _M_fn(std::forward<_Args>(__args)...)
1762-	{
1763-	  _M_thread = std::thread{&_Async_state_impl::_M_run, this};
1764-	}
1765-
1766-      // Must not destroy _M_result and _M_fn until the thread finishes.
1767:      // Call join() directly rather than through _M_join() because no other
1768-      // thread can be referring to this state if it is being destroyed.
1769-      ~_Async_state_impl()
1770-      {
1771-	if (_M_thread.joinable())
1772-	  _M_thread.join();
1773-      }
1774-
1775-    private:
===== libstdc++ atomic wait primitive =====
codes/gcc/libstdc++-v3/include/bits/atomic_futex.h-19-
codes/gcc/libstdc++-v3/include/bits/atomic_futex.h-20-// You should have received a copy of the GNU General Public License and
codes/gcc/libstdc++-v3/include/bits/atomic_futex.h-21-// a copy of the GCC Runtime Library Exception along with this program;
codes/gcc/libstdc++-v3/include/bits/atomic_futex.h-22-// see the files COPYING3 and COPYING.RUNTIME respectively.  If not, see
codes/gcc/libstdc++-v3/include/bits/atomic_futex.h-23-// <http://www.gnu.org/licenses/>.
codes/gcc/libstdc++-v3/include/bits/atomic_futex.h-24-
codes/gcc/libstdc++-v3/include/bits/atomic_futex.h:25:/** @file bits/atomic_futex.h
codes/gcc/libstdc++-v3/include/bits/atomic_futex.h-26- *  This is an internal header file, included by other library headers.
codes/gcc/libstdc++-v3/include/bits/atomic_futex.h-27- *  Do not attempt to use it directly.
codes/gcc/libstdc++-v3/include/bits/atomic_futex.h-28- */
codes/gcc/libstdc++-v3/include/bits/atomic_futex.h-29-
codes/gcc/libstdc++-v3/include/bits/atomic_futex.h-30-#ifndef _GLIBCXX_ATOMIC_FUTEX_H
codes/gcc/libstdc++-v3/include/bits/atomic_futex.h-31-#define _GLIBCXX_ATOMIC_FUTEX_H 1
--
codes/gcc/libstdc++-v3/include/bits/atomic_futex.h-46-namespace std _GLIBCXX_VISIBILITY(default)
codes/gcc/libstdc++-v3/include/bits/atomic_futex.h-47-{
codes/gcc/libstdc++-v3/include/bits/atomic_futex.h-48-_GLIBCXX_BEGIN_NAMESPACE_VERSION
codes/gcc/libstdc++-v3/include/bits/atomic_futex.h-49-
codes/gcc/libstdc++-v3/include/bits/atomic_futex.h-50-#ifdef _GLIBCXX_HAS_GTHREADS
codes/gcc/libstdc++-v3/include/bits/atomic_futex.h-51-#if defined(_GLIBCXX_HAVE_LINUX_FUTEX) && ATOMIC_INT_LOCK_FREE > 1
codes/gcc/libstdc++-v3/include/bits/atomic_futex.h:52:  struct __atomic_futex_unsigned_base
codes/gcc/libstdc++-v3/include/bits/atomic_futex.h-53-  {
codes/gcc/libstdc++-v3/include/bits/atomic_futex.h-54-    // __s and __ns are measured against CLOCK_REALTIME. Returns false
codes/gcc/libstdc++-v3/include/bits/atomic_futex.h-55-    // iff a timeout occurred.
codes/gcc/libstdc++-v3/include/bits/atomic_futex.h-56-    bool
codes/gcc/libstdc++-v3/include/bits/atomic_futex.h:57:    _M_futex_wait_until(unsigned *__addr, unsigned __val, bool __has_timeout,
codes/gcc/libstdc++-v3/include/bits/atomic_futex.h-58-	chrono::seconds __s, chrono::nanoseconds __ns);
codes/gcc/libstdc++-v3/include/bits/atomic_futex.h-59-
codes/gcc/libstdc++-v3/include/bits/atomic_futex.h-60-    // __s and __ns are measured against CLOCK_MONOTONIC. Returns
codes/gcc/libstdc++-v3/include/bits/atomic_futex.h-61-    // false iff a timeout occurred.
codes/gcc/libstdc++-v3/include/bits/atomic_futex.h-62-    bool
codes/gcc/libstdc++-v3/include/bits/atomic_futex.h:63:    _M_futex_wait_until_steady(unsigned *__addr, unsigned __val,
codes/gcc/libstdc++-v3/include/bits/atomic_futex.h-64-	bool __has_timeout, chrono::seconds __s, chrono::nanoseconds __ns);
codes/gcc/libstdc++-v3/include/bits/atomic_futex.h-65-
codes/gcc/libstdc++-v3/include/bits/atomic_futex.h-66-    // This can be executed after the object has been destroyed.
codes/gcc/libstdc++-v3/include/bits/atomic_futex.h:67:    static void _M_futex_notify_all(unsigned* __addr);
codes/gcc/libstdc++-v3/include/bits/atomic_futex.h-68-  };
codes/gcc/libstdc++-v3/include/bits/atomic_futex.h-69-
codes/gcc/libstdc++-v3/include/bits/atomic_futex.h-70-  template <unsigned _Waiter_bit = 0x80000000>
codes/gcc/libstdc++-v3/include/bits/atomic_futex.h:71:  class __atomic_futex_unsigned : __atomic_futex_unsigned_base
codes/gcc/libstdc++-v3/include/bits/atomic_futex.h-72-  {
codes/gcc/libstdc++-v3/include/bits/atomic_futex.h-73-    typedef chrono::steady_clock __clock_t;
codes/gcc/libstdc++-v3/include/bits/atomic_futex.h-74-
codes/gcc/libstdc++-v3/include/bits/atomic_futex.h-75-    // This must be lock-free and at offset 0.
codes/gcc/libstdc++-v3/include/bits/atomic_futex.h-76-    atomic<unsigned> _M_data;
codes/gcc/libstdc++-v3/include/bits/atomic_futex.h-77-
codes/gcc/libstdc++-v3/include/bits/atomic_futex.h-78-  public:
codes/gcc/libstdc++-v3/include/bits/atomic_futex.h-79-    explicit
codes/gcc/libstdc++-v3/include/bits/atomic_futex.h:80:    __atomic_futex_unsigned(unsigned __data) : _M_data(__data)
codes/gcc/libstdc++-v3/include/bits/atomic_futex.h-81-    { }
codes/gcc/libstdc++-v3/include/bits/atomic_futex.h-82-
codes/gcc/libstdc++-v3/include/bits/atomic_futex.h-83-    _GLIBCXX_ALWAYS_INLINE unsigned
codes/gcc/libstdc++-v3/include/bits/atomic_futex.h-84-    _M_load(memory_order __mo)
codes/gcc/libstdc++-v3/include/bits/atomic_futex.h-85-    {
codes/gcc/libstdc++-v3/include/bits/atomic_futex.h-86-      return _M_data.load(__mo) & ~_Waiter_bit;
--
codes/gcc/libstdc++-v3/include/bits/atomic_futex.h-101-      for (;;)
codes/gcc/libstdc++-v3/include/bits/atomic_futex.h-102-	{
codes/gcc/libstdc++-v3/include/bits/atomic_futex.h-103-	  // Don't bother checking the value again because we expect the caller
codes/gcc/libstdc++-v3/include/bits/atomic_futex.h-104-	  // to have done it recently.
codes/gcc/libstdc++-v3/include/bits/atomic_futex.h-105-	  // memory_order_relaxed is sufficient because we can rely on just the
codes/gcc/libstdc++-v3/include/bits/atomic_futex.h-106-	  // modification order (store_notify uses an atomic RMW operation too),
codes/gcc/libstdc++-v3/include/bits/atomic_futex.h:107:	  // and the futex syscalls synchronize between themselves.
codes/gcc/libstdc++-v3/include/bits/atomic_futex.h-108-	  _M_data.fetch_or(_Waiter_bit, memory_order_relaxed);
codes/gcc/libstdc++-v3/include/bits/atomic_futex.h:109:	  bool __ret = _M_futex_wait_until((unsigned*)(void*)&_M_data,
codes/gcc/libstdc++-v3/include/bits/atomic_futex.h-110-					   __assumed | _Waiter_bit,
codes/gcc/libstdc++-v3/include/bits/atomic_futex.h-111-					   __has_timeout, __s, __ns);
codes/gcc/libstdc++-v3/include/bits/atomic_futex.h-112-	  // Fetch the current value after waiting (clears _Waiter_bit).
codes/gcc/libstdc++-v3/include/bits/atomic_futex.h-113-	  __assumed = _M_load(__mo);
codes/gcc/libstdc++-v3/include/bits/atomic_futex.h-114-	  if (!__ret || ((__operand == __assumed) == __equal))
codes/gcc/libstdc++-v3/include/bits/atomic_futex.h-115-	    return __assumed;
--
codes/gcc/libstdc++-v3/include/bits/atomic_futex.h-131-      for (;;)
codes/gcc/libstdc++-v3/include/bits/atomic_futex.h-132-	{
codes/gcc/libstdc++-v3/include/bits/atomic_futex.h-133-	  // Don't bother checking the value again because we expect the caller
codes/gcc/libstdc++-v3/include/bits/atomic_futex.h-134-	  // to have done it recently.
codes/gcc/libstdc++-v3/include/bits/atomic_futex.h-135-	  // memory_order_relaxed is sufficient because we can rely on just the
codes/gcc/libstdc++-v3/include/bits/atomic_futex.h-136-	  // modification order (store_notify uses an atomic RMW operation too),
codes/gcc/libstdc++-v3/include/bits/atomic_futex.h:137:	  // and the futex syscalls synchronize between themselves.
codes/gcc/libstdc++-v3/include/bits/atomic_futex.h-138-	  _M_data.fetch_or(_Waiter_bit, memory_order_relaxed);
codes/gcc/libstdc++-v3/include/bits/atomic_futex.h:139:	  bool __ret = _M_futex_wait_until_steady((unsigned*)(void*)&_M_data,
codes/gcc/libstdc++-v3/include/bits/atomic_futex.h-140-					   __assumed | _Waiter_bit,
codes/gcc/libstdc++-v3/include/bits/atomic_futex.h-141-					   __has_timeout, __s, __ns);
codes/gcc/libstdc++-v3/include/bits/atomic_futex.h-142-	  // Fetch the current value after waiting (clears _Waiter_bit).
codes/gcc/libstdc++-v3/include/bits/atomic_futex.h-143-	  __assumed = _M_load(__mo);
codes/gcc/libstdc++-v3/include/bits/atomic_futex.h-144-	  if (!__ret || ((__operand == __assumed) == __equal))
codes/gcc/libstdc++-v3/include/bits/atomic_futex.h-145-	    return __assumed;
--
codes/gcc/libstdc++-v3/include/bits/atomic_futex.h-200-	return (__i & ~_Waiter_bit);
codes/gcc/libstdc++-v3/include/bits/atomic_futex.h-201-      // TODO Spin-wait first.
codes/gcc/libstdc++-v3/include/bits/atomic_futex.h-202-      return _M_load_and_test(__i, __val, false, __mo);
codes/gcc/libstdc++-v3/include/bits/atomic_futex.h-203-    }
codes/gcc/libstdc++-v3/include/bits/atomic_futex.h-204-
codes/gcc/libstdc++-v3/include/bits/atomic_futex.h-205-    _GLIBCXX_ALWAYS_INLINE void
codes/gcc/libstdc++-v3/include/bits/atomic_futex.h:206:    _M_load_when_equal(unsigned __val, memory_order __mo)
codes/gcc/libstdc++-v3/include/bits/atomic_futex.h-207-    {
codes/gcc/libstdc++-v3/include/bits/atomic_futex.h-208-      unsigned __i = _M_load(__mo);
codes/gcc/libstdc++-v3/include/bits/atomic_futex.h-209-      if ((__i & ~_Waiter_bit) == __val)
codes/gcc/libstdc++-v3/include/bits/atomic_futex.h-210-	return;
codes/gcc/libstdc++-v3/include/bits/atomic_futex.h-211-      // TODO Spin-wait first.
codes/gcc/libstdc++-v3/include/bits/atomic_futex.h-212-      _M_load_and_test(__i, __val, true, __mo);
codes/gcc/libstdc++-v3/include/bits/atomic_futex.h-213-    }
codes/gcc/libstdc++-v3/include/bits/atomic_futex.h-214-
codes/gcc/libstdc++-v3/include/bits/atomic_futex.h-215-    // Returns false iff a timeout occurred.
codes/gcc/libstdc++-v3/include/bits/atomic_futex.h-216-    template<typename _Rep, typename _Period>
codes/gcc/libstdc++-v3/include/bits/atomic_futex.h-217-      _GLIBCXX_ALWAYS_INLINE bool
codes/gcc/libstdc++-v3/include/bits/atomic_futex.h:218:      _M_load_when_equal_for(unsigned __val, memory_order __mo,
codes/gcc/libstdc++-v3/include/bits/atomic_futex.h-219-	  const chrono::duration<_Rep, _Period>& __rtime)
codes/gcc/libstdc++-v3/include/bits/atomic_futex.h-220-      {
codes/gcc/libstdc++-v3/include/bits/atomic_futex.h-221-	using __dur = typename __clock_t::duration;
codes/gcc/libstdc++-v3/include/bits/atomic_futex.h:222:	return _M_load_when_equal_until(__val, __mo,
codes/gcc/libstdc++-v3/include/bits/atomic_futex.h-223-		    __clock_t::now() + chrono::__detail::ceil<__dur>(__rtime));
codes/gcc/libstdc++-v3/include/bits/atomic_futex.h-224-      }
codes/gcc/libstdc++-v3/include/bits/atomic_futex.h-225-
codes/gcc/libstdc++-v3/include/bits/atomic_futex.h-226-    // Returns false iff a timeout occurred.
codes/gcc/libstdc++-v3/include/bits/atomic_futex.h-227-    template<typename _Clock, typename _Duration>
codes/gcc/libstdc++-v3/include/bits/atomic_futex.h-228-      _GLIBCXX_ALWAYS_INLINE bool
codes/gcc/libstdc++-v3/include/bits/atomic_futex.h:229:      _M_load_when_equal_until(unsigned __val, memory_order __mo,
codes/gcc/libstdc++-v3/include/bits/atomic_futex.h-230-	  const chrono::time_point<_Clock, _Duration>& __atime)
codes/gcc/libstdc++-v3/include/bits/atomic_futex.h-231-      {
codes/gcc/libstdc++-v3/include/bits/atomic_futex.h-232-	typename _Clock::time_point __c_entry = _Clock::now();
codes/gcc/libstdc++-v3/include/bits/atomic_futex.h-233-	do {
codes/gcc/libstdc++-v3/include/bits/atomic_futex.h-234-	  const __clock_t::time_point __s_entry = __clock_t::now();
codes/gcc/libstdc++-v3/include/bits/atomic_futex.h-235-	  const auto __delta = __atime - __c_entry;
codes/gcc/libstdc++-v3/include/bits/atomic_futex.h-236-	  const auto __s_atime = __s_entry +
codes/gcc/libstdc++-v3/include/bits/atomic_futex.h-237-	      chrono::__detail::ceil<__clock_t::duration>(__delta);
codes/gcc/libstdc++-v3/include/bits/atomic_futex.h:238:	  if (_M_load_when_equal_until(__val, __mo, __s_atime))
codes/gcc/libstdc++-v3/include/bits/atomic_futex.h-239-	    return true;
codes/gcc/libstdc++-v3/include/bits/atomic_futex.h-240-	  __c_entry = _Clock::now();
codes/gcc/libstdc++-v3/include/bits/atomic_futex.h-241-	} while (__c_entry < __atime);
codes/gcc/libstdc++-v3/include/bits/atomic_futex.h-242-	return false;
codes/gcc/libstdc++-v3/include/bits/atomic_futex.h-243-      }
codes/gcc/libstdc++-v3/include/bits/atomic_futex.h-244-
codes/gcc/libstdc++-v3/include/bits/atomic_futex.h-245-    // Returns false iff a timeout occurred.
codes/gcc/libstdc++-v3/include/bits/atomic_futex.h-246-    template<typename _Duration>
codes/gcc/libstdc++-v3/include/bits/atomic_futex.h-247-    _GLIBCXX_ALWAYS_INLINE bool
codes/gcc/libstdc++-v3/include/bits/atomic_futex.h:248:    _M_load_when_equal_until(unsigned __val, memory_order __mo,
codes/gcc/libstdc++-v3/include/bits/atomic_futex.h-249-	const chrono::time_point<std::chrono::system_clock, _Duration>& __atime)
codes/gcc/libstdc++-v3/include/bits/atomic_futex.h-250-    {
codes/gcc/libstdc++-v3/include/bits/atomic_futex.h-251-      unsigned __i = _M_load(__mo);
codes/gcc/libstdc++-v3/include/bits/atomic_futex.h-252-      if ((__i & ~_Waiter_bit) == __val)
codes/gcc/libstdc++-v3/include/bits/atomic_futex.h-253-	return true;
codes/gcc/libstdc++-v3/include/bits/atomic_futex.h-254-      // TODO Spin-wait first.  Ignore effect on timeout.
--
codes/gcc/libstdc++-v3/include/bits/atomic_futex.h-256-      return (__i & ~_Waiter_bit) == __val;
codes/gcc/libstdc++-v3/include/bits/atomic_futex.h-257-    }
codes/gcc/libstdc++-v3/include/bits/atomic_futex.h-258-
codes/gcc/libstdc++-v3/include/bits/atomic_futex.h-259-    // Returns false iff a timeout occurred.
codes/gcc/libstdc++-v3/include/bits/atomic_futex.h-260-    template<typename _Duration>
codes/gcc/libstdc++-v3/include/bits/atomic_futex.h-261-    _GLIBCXX_ALWAYS_INLINE bool
codes/gcc/libstdc++-v3/include/bits/atomic_futex.h:262:    _M_load_when_equal_until(unsigned __val, memory_order __mo,
codes/gcc/libstdc++-v3/include/bits/atomic_futex.h-263-	const chrono::time_point<std::chrono::steady_clock, _Duration>& __atime)
codes/gcc/libstdc++-v3/include/bits/atomic_futex.h-264-    {
codes/gcc/libstdc++-v3/include/bits/atomic_futex.h-265-      unsigned __i = _M_load(__mo);
codes/gcc/libstdc++-v3/include/bits/atomic_futex.h-266-      if ((__i & ~_Waiter_bit) == __val)
codes/gcc/libstdc++-v3/include/bits/atomic_futex.h-267-	return true;
codes/gcc/libstdc++-v3/include/bits/atomic_futex.h-268-      // TODO Spin-wait first.  Ignore effect on timeout.
--
codes/gcc/libstdc++-v3/include/bits/atomic_futex.h-270-      return (__i & ~_Waiter_bit) == __val;
codes/gcc/libstdc++-v3/include/bits/atomic_futex.h-271-    }
codes/gcc/libstdc++-v3/include/bits/atomic_futex.h-272-
codes/gcc/libstdc++-v3/include/bits/atomic_futex.h-273-    _GLIBCXX_ALWAYS_INLINE void
codes/gcc/libstdc++-v3/include/bits/atomic_futex.h-274-    _M_store_notify_all(unsigned __val, memory_order __mo)
codes/gcc/libstdc++-v3/include/bits/atomic_futex.h-275-    {
codes/gcc/libstdc++-v3/include/bits/atomic_futex.h:276:      unsigned* __futex = (unsigned *)(void *)&_M_data;
codes/gcc/libstdc++-v3/include/bits/atomic_futex.h-277-      if (_M_data.exchange(__val, __mo) & _Waiter_bit)
codes/gcc/libstdc++-v3/include/bits/atomic_futex.h:278:	_M_futex_notify_all(__futex);
codes/gcc/libstdc++-v3/include/bits/atomic_futex.h-279-    }
codes/gcc/libstdc++-v3/include/bits/atomic_futex.h-280-  };
codes/gcc/libstdc++-v3/include/bits/atomic_futex.h-281-
codes/gcc/libstdc++-v3/include/bits/atomic_futex.h-282-#else // ! (_GLIBCXX_HAVE_LINUX_FUTEX && ATOMIC_INT_LOCK_FREE > 1)
codes/gcc/libstdc++-v3/include/bits/atomic_futex.h-283-
codes/gcc/libstdc++-v3/include/bits/atomic_futex.h:284:  // If futexes are not available, use a mutex and a condvar to wait.
codes/gcc/libstdc++-v3/include/bits/atomic_futex.h-285-  // Because we access the data only within critical sections, all accesses
codes/gcc/libstdc++-v3/include/bits/atomic_futex.h-286-  // are sequentially consistent; thus, we satisfy any provided memory_order.
codes/gcc/libstdc++-v3/include/bits/atomic_futex.h-287-  template <unsigned _Waiter_bit = 0x80000000>
codes/gcc/libstdc++-v3/include/bits/atomic_futex.h:288:  class __atomic_futex_unsigned
codes/gcc/libstdc++-v3/include/bits/atomic_futex.h-289-  {
codes/gcc/libstdc++-v3/include/bits/atomic_futex.h-290-    typedef chrono::system_clock __clock_t;
codes/gcc/libstdc++-v3/include/bits/atomic_futex.h-291-
codes/gcc/libstdc++-v3/include/bits/atomic_futex.h-292-    unsigned _M_data;
codes/gcc/libstdc++-v3/include/bits/atomic_futex.h-293-    mutex _M_mutex;
codes/gcc/libstdc++-v3/include/bits/atomic_futex.h-294-    condition_variable _M_condvar;
codes/gcc/libstdc++-v3/include/bits/atomic_futex.h-295-
codes/gcc/libstdc++-v3/include/bits/atomic_futex.h-296-  public:
codes/gcc/libstdc++-v3/include/bits/atomic_futex.h-297-    explicit
codes/gcc/libstdc++-v3/include/bits/atomic_futex.h:298:    __atomic_futex_unsigned(unsigned __data) : _M_data(__data)
codes/gcc/libstdc++-v3/include/bits/atomic_futex.h-299-    { }
codes/gcc/libstdc++-v3/include/bits/atomic_futex.h-300-
codes/gcc/libstdc++-v3/include/bits/atomic_futex.h-301-    _GLIBCXX_ALWAYS_INLINE unsigned
codes/gcc/libstdc++-v3/include/bits/atomic_futex.h-302-    _M_load(memory_order __mo)
codes/gcc/libstdc++-v3/include/bits/atomic_futex.h-303-    {
codes/gcc/libstdc++-v3/include/bits/atomic_futex.h-304-      unique_lock<mutex> __lock(_M_mutex);
--
codes/gcc/libstdc++-v3/include/bits/atomic_futex.h-312-      while (_M_data == __val)
codes/gcc/libstdc++-v3/include/bits/atomic_futex.h-313-	_M_condvar.wait(__lock);
codes/gcc/libstdc++-v3/include/bits/atomic_futex.h-314-      return _M_data;
codes/gcc/libstdc++-v3/include/bits/atomic_futex.h-315-    }
codes/gcc/libstdc++-v3/include/bits/atomic_futex.h-316-
codes/gcc/libstdc++-v3/include/bits/atomic_futex.h-317-    _GLIBCXX_ALWAYS_INLINE void
codes/gcc/libstdc++-v3/include/bits/atomic_futex.h:318:    _M_load_when_equal(unsigned __val, memory_order __mo)
codes/gcc/libstdc++-v3/include/bits/atomic_futex.h-319-    {
codes/gcc/libstdc++-v3/include/bits/atomic_futex.h-320-      unique_lock<mutex> __lock(_M_mutex);
codes/gcc/libstdc++-v3/include/bits/atomic_futex.h-321-      while (_M_data != __val)
codes/gcc/libstdc++-v3/include/bits/atomic_futex.h-322-	_M_condvar.wait(__lock);
codes/gcc/libstdc++-v3/include/bits/atomic_futex.h-323-    }
codes/gcc/libstdc++-v3/include/bits/atomic_futex.h-324-
codes/gcc/libstdc++-v3/include/bits/atomic_futex.h-325-    template<typename _Rep, typename _Period>
codes/gcc/libstdc++-v3/include/bits/atomic_futex.h-326-      _GLIBCXX_ALWAYS_INLINE bool
codes/gcc/libstdc++-v3/include/bits/atomic_futex.h:327:      _M_load_when_equal_for(unsigned __val, memory_order __mo,
codes/gcc/libstdc++-v3/include/bits/atomic_futex.h-328-	  const chrono::duration<_Rep, _Period>& __rtime)
codes/gcc/libstdc++-v3/include/bits/atomic_futex.h-329-      {
codes/gcc/libstdc++-v3/include/bits/atomic_futex.h-330-	unique_lock<mutex> __lock(_M_mutex);
codes/gcc/libstdc++-v3/include/bits/atomic_futex.h-331-	return _M_condvar.wait_for(__lock, __rtime,
codes/gcc/libstdc++-v3/include/bits/atomic_futex.h-332-				   [&] { return _M_data == __val;});
codes/gcc/libstdc++-v3/include/bits/atomic_futex.h-333-      }
codes/gcc/libstdc++-v3/include/bits/atomic_futex.h-334-
codes/gcc/libstdc++-v3/include/bits/atomic_futex.h-335-    template<typename _Clock, typename _Duration>
codes/gcc/libstdc++-v3/include/bits/atomic_futex.h-336-      _GLIBCXX_ALWAYS_INLINE bool
codes/gcc/libstdc++-v3/include/bits/atomic_futex.h:337:      _M_load_when_equal_until(unsigned __val, memory_order __mo,
codes/gcc/libstdc++-v3/include/bits/atomic_futex.h-338-	  const chrono::time_point<_Clock, _Duration>& __atime)
codes/gcc/libstdc++-v3/include/bits/atomic_futex.h-339-      {
codes/gcc/libstdc++-v3/include/bits/atomic_futex.h-340-	unique_lock<mutex> __lock(_M_mutex);
codes/gcc/libstdc++-v3/include/bits/atomic_futex.h-341-	return _M_condvar.wait_until(__lock, __atime,
codes/gcc/libstdc++-v3/include/bits/atomic_futex.h-342-				     [&] { return _M_data == __val;});
codes/gcc/libstdc++-v3/include/bits/atomic_futex.h-343-      }
--
codes/gcc/libstdc++-v3/include/bits/atomic_wait.h-54-{
codes/gcc/libstdc++-v3/include/bits/atomic_wait.h-55-_GLIBCXX_BEGIN_NAMESPACE_VERSION
codes/gcc/libstdc++-v3/include/bits/atomic_wait.h-56-  namespace __detail
codes/gcc/libstdc++-v3/include/bits/atomic_wait.h-57-  {
codes/gcc/libstdc++-v3/include/bits/atomic_wait.h-58-#ifdef _GLIBCXX_HAVE_LINUX_FUTEX
codes/gcc/libstdc++-v3/include/bits/atomic_wait.h-59-#define _GLIBCXX_HAVE_PLATFORM_WAIT 1
codes/gcc/libstdc++-v3/include/bits/atomic_wait.h:60:    using __platform_wait_t = int;
codes/gcc/libstdc++-v3/include/bits/atomic_wait.h:61:    inline constexpr size_t __platform_wait_alignment = 4;
codes/gcc/libstdc++-v3/include/bits/atomic_wait.h-62-#else
codes/gcc/libstdc++-v3/include/bits/atomic_wait.h:63:// define _GLIBCX_HAVE_PLATFORM_WAIT and implement __platform_wait()
codes/gcc/libstdc++-v3/include/bits/atomic_wait.h-64-// and __platform_notify() if there is a more efficient primitive supported
codes/gcc/libstdc++-v3/include/bits/atomic_wait.h-65-// by the platform (e.g. __ulock_wait()/__ulock_wake()) which is better than
codes/gcc/libstdc++-v3/include/bits/atomic_wait.h-66-// a mutex/condvar based wait.
codes/gcc/libstdc++-v3/include/bits/atomic_wait.h-67-# if ATOMIC_LONG_LOCK_FREE == 2
codes/gcc/libstdc++-v3/include/bits/atomic_wait.h:68:    using __platform_wait_t = unsigned long;
codes/gcc/libstdc++-v3/include/bits/atomic_wait.h-69-# else
codes/gcc/libstdc++-v3/include/bits/atomic_wait.h:70:    using __platform_wait_t = unsigned int;
codes/gcc/libstdc++-v3/include/bits/atomic_wait.h-71-# endif
codes/gcc/libstdc++-v3/include/bits/atomic_wait.h:72:    inline constexpr size_t __platform_wait_alignment
codes/gcc/libstdc++-v3/include/bits/atomic_wait.h:73:      = __alignof__(__platform_wait_t);
codes/gcc/libstdc++-v3/include/bits/atomic_wait.h-74-#endif
codes/gcc/libstdc++-v3/include/bits/atomic_wait.h-75-  } // namespace __detail
codes/gcc/libstdc++-v3/include/bits/atomic_wait.h-76-
codes/gcc/libstdc++-v3/include/bits/atomic_wait.h-77-  template<typename _Tp>
codes/gcc/libstdc++-v3/include/bits/atomic_wait.h:78:    inline constexpr bool __platform_wait_uses_type
codes/gcc/libstdc++-v3/include/bits/atomic_wait.h-79-#ifdef _GLIBCXX_HAVE_PLATFORM_WAIT
codes/gcc/libstdc++-v3/include/bits/atomic_wait.h-80-      = is_scalar_v<_Tp>
codes/gcc/libstdc++-v3/include/bits/atomic_wait.h:81:	&& ((sizeof(_Tp) == sizeof(__detail::__platform_wait_t))
codes/gcc/libstdc++-v3/include/bits/atomic_wait.h:82:	&& (alignof(_Tp*) >= __detail::__platform_wait_alignment));
codes/gcc/libstdc++-v3/include/bits/atomic_wait.h-83-#else
codes/gcc/libstdc++-v3/include/bits/atomic_wait.h-84-      = false;
codes/gcc/libstdc++-v3/include/bits/atomic_wait.h-85-#endif
codes/gcc/libstdc++-v3/include/bits/atomic_wait.h-86-
codes/gcc/libstdc++-v3/include/bits/atomic_wait.h-87-  namespace __detail
codes/gcc/libstdc++-v3/include/bits/atomic_wait.h-88-  {
codes/gcc/libstdc++-v3/include/bits/atomic_wait.h-89-#ifdef _GLIBCXX_HAVE_LINUX_FUTEX
codes/gcc/libstdc++-v3/include/bits/atomic_wait.h:90:    enum class __futex_wait_flags : int
codes/gcc/libstdc++-v3/include/bits/atomic_wait.h-91-    {
codes/gcc/libstdc++-v3/include/bits/atomic_wait.h-92-#ifdef _GLIBCXX_HAVE_LINUX_FUTEX_PRIVATE
codes/gcc/libstdc++-v3/include/bits/atomic_wait.h-93-      __private_flag = 128,
codes/gcc/libstdc++-v3/include/bits/atomic_wait.h-94-#else
codes/gcc/libstdc++-v3/include/bits/atomic_wait.h-95-      __private_flag = 0,
codes/gcc/libstdc++-v3/include/bits/atomic_wait.h-96-#endif
--
codes/gcc/libstdc++-v3/include/bits/atomic_wait.h-104-      __wake_bitset_private = __wake_bitset | __private_flag,
codes/gcc/libstdc++-v3/include/bits/atomic_wait.h-105-      __bitset_match_any = -1
codes/gcc/libstdc++-v3/include/bits/atomic_wait.h-106-    };
codes/gcc/libstdc++-v3/include/bits/atomic_wait.h-107-
codes/gcc/libstdc++-v3/include/bits/atomic_wait.h-108-    template<typename _Tp>
codes/gcc/libstdc++-v3/include/bits/atomic_wait.h-109-      void
codes/gcc/libstdc++-v3/include/bits/atomic_wait.h:110:      __platform_wait(const _Tp* __addr, __platform_wait_t __val) noexcept
codes/gcc/libstdc++-v3/include/bits/atomic_wait.h-111-      {
codes/gcc/libstdc++-v3/include/bits/atomic_wait.h:112:	auto __e = syscall (SYS_futex, static_cast<const void*>(__addr),
codes/gcc/libstdc++-v3/include/bits/atomic_wait.h:113:			    static_cast<int>(__futex_wait_flags::__wait_private),
codes/gcc/libstdc++-v3/include/bits/atomic_wait.h-114-			    __val, nullptr);
codes/gcc/libstdc++-v3/include/bits/atomic_wait.h-115-	if (!__e || errno == EAGAIN)
codes/gcc/libstdc++-v3/include/bits/atomic_wait.h-116-	  return;
codes/gcc/libstdc++-v3/include/bits/atomic_wait.h-117-	if (errno != EINTR)
codes/gcc/libstdc++-v3/include/bits/atomic_wait.h-118-	  __throw_system_error(errno);
codes/gcc/libstdc++-v3/include/bits/atomic_wait.h-119-      }
codes/gcc/libstdc++-v3/include/bits/atomic_wait.h-120-
codes/gcc/libstdc++-v3/include/bits/atomic_wait.h-121-    template<typename _Tp>
codes/gcc/libstdc++-v3/include/bits/atomic_wait.h-122-      void
codes/gcc/libstdc++-v3/include/bits/atomic_wait.h-123-      __platform_notify(const _Tp* __addr, bool __all) noexcept
codes/gcc/libstdc++-v3/include/bits/atomic_wait.h-124-      {
codes/gcc/libstdc++-v3/include/bits/atomic_wait.h:125:	syscall (SYS_futex, static_cast<const void*>(__addr),
codes/gcc/libstdc++-v3/include/bits/atomic_wait.h:126:		 static_cast<int>(__futex_wait_flags::__wake_private),
codes/gcc/libstdc++-v3/include/bits/atomic_wait.h-127-		 __all ? INT_MAX : 1);
codes/gcc/libstdc++-v3/include/bits/atomic_wait.h-128-      }
codes/gcc/libstdc++-v3/include/bits/atomic_wait.h-129-#endif
codes/gcc/libstdc++-v3/include/bits/atomic_wait.h-130-
codes/gcc/libstdc++-v3/include/bits/atomic_wait.h-131-    inline void
codes/gcc/libstdc++-v3/include/bits/atomic_wait.h-132-    __thread_yield() noexcept
--
codes/gcc/libstdc++-v3/include/bits/atomic_wait.h-192-    struct __waiter_pool_base
codes/gcc/libstdc++-v3/include/bits/atomic_wait.h-193-    {
codes/gcc/libstdc++-v3/include/bits/atomic_wait.h-194-      // Don't use std::hardware_destructive_interference_size here because we
codes/gcc/libstdc++-v3/include/bits/atomic_wait.h-195-      // don't want the layout of library types to depend on compiler options.
codes/gcc/libstdc++-v3/include/bits/atomic_wait.h-196-      static constexpr auto _S_align = 64;
codes/gcc/libstdc++-v3/include/bits/atomic_wait.h-197-
codes/gcc/libstdc++-v3/include/bits/atomic_wait.h:198:      alignas(_S_align) __platform_wait_t _M_wait = 0;
codes/gcc/libstdc++-v3/include/bits/atomic_wait.h-199-
codes/gcc/libstdc++-v3/include/bits/atomic_wait.h-200-#ifndef _GLIBCXX_HAVE_PLATFORM_WAIT
codes/gcc/libstdc++-v3/include/bits/atomic_wait.h-201-      mutex _M_mtx;
codes/gcc/libstdc++-v3/include/bits/atomic_wait.h-202-#endif
codes/gcc/libstdc++-v3/include/bits/atomic_wait.h-203-
codes/gcc/libstdc++-v3/include/bits/atomic_wait.h:204:      alignas(_S_align) __platform_wait_t _M_ver = 0;
codes/gcc/libstdc++-v3/include/bits/atomic_wait.h-205-
codes/gcc/libstdc++-v3/include/bits/atomic_wait.h-206-#ifndef _GLIBCXX_HAVE_PLATFORM_WAIT
codes/gcc/libstdc++-v3/include/bits/atomic_wait.h-207-      __condvar _M_cv;
codes/gcc/libstdc++-v3/include/bits/atomic_wait.h-208-#endif
codes/gcc/libstdc++-v3/include/bits/atomic_wait.h-209-      __waiter_pool_base() = default;
codes/gcc/libstdc++-v3/include/bits/atomic_wait.h-210-
