===== docs manifest =====
FACTS.md	9060 bytes
REPORT.md	9270 bytes
ROUTES.md	8330 bytes
VALIDATION.md	4254 bytes
code/destructor_override_probe.cpp	115 bytes
code/noexcept_callsite_probe.cpp	231 bytes
code/noexcept_symbol_probe.cpp	577 bytes
code/run_logged.sh	458 bytes
code/symver_probe.cpp	167 bytes
code/symver_probe.map	35 bytes
code/symver_probe_tizen_shape.map	52 bytes
raw/001_resource_gate.command.txt	38 bytes
raw/001_resource_gate.exitcode	2 bytes
raw/001_resource_gate.stderr	0 bytes
raw/001_resource_gate.stdout	178 bytes
raw/002_source_and_prior_evidence_inventory.command.txt	449 bytes
raw/002_source_and_prior_evidence_inventory.exitcode	2 bytes
raw/002_source_and_prior_evidence_inventory.stderr	0 bytes
raw/002_source_and_prior_evidence_inventory.stdout	12087 bytes
raw/003_five_site_libcxx_source.command.txt	783 bytes
raw/003_five_site_libcxx_source.exitcode	2 bytes
raw/003_five_site_libcxx_source.stderr	0 bytes
raw/003_five_site_libcxx_source.stdout	22037 bytes
raw/004_wbuffer_and_exception_contracts.command.txt	695 bytes
raw/004_wbuffer_and_exception_contracts.exitcode	2 bytes
raw/004_wbuffer_and_exception_contracts.stderr	183 bytes
raw/004_wbuffer_and_exception_contracts.stdout	9153 bytes
raw/005_wbuffer_throwing_operations_corrected.command.txt	483 bytes
raw/005_wbuffer_throwing_operations_corrected.exitcode	2 bytes
raw/005_wbuffer_throwing_operations_corrected.stderr	0 bytes
raw/005_wbuffer_throwing_operations_corrected.stdout	18139 bytes
raw/006_libstdcxx_corresponding_source.command.txt	745 bytes
raw/006_libstdcxx_corresponding_source.exitcode	2 bytes
raw/006_libstdcxx_corresponding_source.stderr	0 bytes
raw/006_libstdcxx_corresponding_source.stdout	27708 bytes
raw/007_libstdcxx_history_and_internal_waits.command.txt	808 bytes
raw/007_libstdcxx_history_and_internal_waits.exitcode	2 bytes
raw/007_libstdcxx_history_and_internal_waits.stderr	0 bytes
raw/007_libstdcxx_history_and_internal_waits.stdout	20916 bytes
raw/008_gcc_pr103382_commit_details.command.txt	817 bytes
raw/008_gcc_pr103382_commit_details.exitcode	2 bytes
raw/008_gcc_pr103382_commit_details.stderr	0 bytes
raw/008_gcc_pr103382_commit_details.stdout	14722 bytes
raw/009_libcxx_abi_and_symbol_version_mechanisms.command.txt	1035 bytes
raw/009_libcxx_abi_and_symbol_version_mechanisms.exitcode	2 bytes
raw/009_libcxx_abi_and_symbol_version_mechanisms.stderr	0 bytes
raw/009_libcxx_abi_and_symbol_version_mechanisms.stdout	33243 bytes
raw/010_toolchain_and_abi_probe.command.txt	1828 bytes
raw/010_toolchain_and_abi_probe.exitcode	4 bytes
raw/010_toolchain_and_abi_probe.stderr	82 bytes
raw/010_toolchain_and_abi_probe.stdout	0 bytes
raw/011_compiler_inventory.command.txt	187 bytes
raw/011_compiler_inventory.exitcode	4 bytes
raw/011_compiler_inventory.interruption.txt	350 bytes
raw/011_compiler_inventory.stderr	0 bytes
raw/011_compiler_inventory.stdout	26 bytes
raw/012_gcc_abi_probe.command.txt	2225 bytes
raw/012_gcc_abi_probe.exitcode	2 bytes
raw/012_gcc_abi_probe.stderr	0 bytes
raw/012_gcc_abi_probe.stdout	4162 bytes
raw/013_destructor_override_constraint.command.txt	387 bytes
raw/013_destructor_override_constraint.exitcode	2 bytes
raw/013_destructor_override_constraint.stderr	421 bytes
raw/013_destructor_override_constraint.stdout	118 bytes
raw/014_standard_synopsis_and_libcxx_history.command.txt	1073 bytes
raw/014_standard_synopsis_and_libcxx_history.exitcode	2 bytes
raw/014_standard_synopsis_and_libcxx_history.stderr	0 bytes
raw/014_standard_synopsis_and_libcxx_history.stdout	9094 bytes
raw/015_libcxx_noexcept_policy_and_lwg_history.command.txt	665 bytes
raw/015_libcxx_noexcept_policy_and_lwg_history.exitcode	2 bytes
raw/015_libcxx_noexcept_policy_and_lwg_history.stderr	0 bytes
raw/015_libcxx_noexcept_policy_and_lwg_history.stdout	60414 bytes
raw/016_gcc_regression_test_and_symbol_map_current.command.txt	612 bytes
raw/016_gcc_regression_test_and_symbol_map_current.exitcode	2 bytes
raw/016_gcc_regression_test_and_symbol_map_current.stderr	0 bytes
raw/016_gcc_regression_test_and_symbol_map_current.stdout	5036 bytes
raw/017_current_libcxx_symbols_and_versions.command.txt	421 bytes
raw/017_current_libcxx_symbols_and_versions.exitcode	2 bytes
raw/017_current_libcxx_symbols_and_versions.stderr	0 bytes
raw/017_current_libcxx_symbols_and_versions.stdout	6274 bytes
raw/018_symver_mechanism_probe.command.txt	373 bytes
raw/018_symver_mechanism_probe.exitcode	2 bytes
raw/018_symver_mechanism_probe.stderr	0 bytes
raw/018_symver_mechanism_probe.stdout	1261 bytes
raw/019_symver_tizen_map_shape_probe.command.txt	403 bytes
raw/019_symver_tizen_map_shape_probe.exitcode	2 bytes
raw/019_symver_tizen_map_shape_probe.stderr	0 bytes
raw/019_symver_tizen_map_shape_probe.stdout	1285 bytes
raw/020_header_only_symbol_absence.command.txt	594 bytes
raw/020_header_only_symbol_absence.exitcode	2 bytes
raw/020_header_only_symbol_absence.stderr	0 bytes
raw/020_header_only_symbol_absence.stdout	3294 bytes
raw/021_libstdcxx_before_after_site_matrix.command.txt	902 bytes
raw/021_libstdcxx_before_after_site_matrix.exitcode	2 bytes
raw/021_libstdcxx_before_after_site_matrix.stderr	0 bytes
raw/021_libstdcxx_before_after_site_matrix.stdout	11833 bytes
raw/022_future_implementation_comparison.command.txt	700 bytes
raw/022_future_implementation_comparison.exitcode	2 bytes
raw/022_future_implementation_comparison.stderr	0 bytes
raw/022_future_implementation_comparison.stdout	62360 bytes
raw/023_cxx03_mirror_scope.command.txt	327 bytes
raw/023_cxx03_mirror_scope.exitcode	2 bytes
raw/023_cxx03_mirror_scope.stderr	0 bytes
raw/023_cxx03_mirror_scope.stdout	2041 bytes
raw/024_cxx03_wbuffer_and_prior_dynamic_evidence.command.txt	599 bytes
raw/024_cxx03_wbuffer_and_prior_dynamic_evidence.exitcode	2 bytes
raw/024_cxx03_wbuffer_and_prior_dynamic_evidence.stderr	0 bytes
raw/024_cxx03_wbuffer_and_prior_dynamic_evidence.stdout	37264 bytes
raw/025_report_and_scope_selfcheck.command.txt	907 bytes
raw/025_report_and_scope_selfcheck.exitcode	2 bytes
raw/025_report_and_scope_selfcheck.stderr	0 bytes
raw/025_report_and_scope_selfcheck.stdout	7243 bytes
raw/026_publish_materials_to_docs.command.txt	228 bytes
raw/026_publish_materials_to_docs.exitcode	2 bytes
raw/026_publish_materials_to_docs.stderr	0 bytes
raw/026_publish_materials_to_docs.stdout	0 bytes
raw/027_sync_publish_command_record.command.txt	277 bytes
raw/027_sync_publish_command_record.exitcode	2 bytes
raw/027_sync_publish_command_record.stderr	0 bytes
raw/027_sync_publish_command_record.stdout	0 bytes
raw/028_precommit_audit.command.txt	718 bytes
raw/028_precommit_audit.stderr	0 bytes
raw/028_precommit_audit.stdout	26 bytes
tables/route_matrix.tsv	5675 bytes
tables/site_facts.tsv	2775 bytes
===== docs/progress/R86 tracked scope candidate =====
?? docs/progress/R86/
===== unrelated workspace status (preserve) =====
?? README_UNPACK.md
?? docs/hq/
?? docs/plan/
?? docs/progress/R86/
?? gbs_llvm.conf
===== diff check =====
===== source repos unchanged =====
===== docs raw exit-code inventory =====
001_resource_gate.exitcode	0
002_source_and_prior_evidence_inventory.exitcode	0
003_five_site_libcxx_source.exitcode	0
004_wbuffer_and_exception_contracts.exitcode	2
005_wbuffer_throwing_operations_corrected.exitcode	0
006_libstdcxx_corresponding_source.exitcode	0
007_libstdcxx_history_and_internal_waits.exitcode	0
008_gcc_pr103382_commit_details.exitcode	0
009_libcxx_abi_and_symbol_version_mechanisms.exitcode	0
010_toolchain_and_abi_probe.exitcode	127
011_compiler_inventory.exitcode	143
012_gcc_abi_probe.exitcode	0
013_destructor_override_constraint.exitcode	0
014_standard_synopsis_and_libcxx_history.exitcode	0
015_libcxx_noexcept_policy_and_lwg_history.exitcode	0
016_gcc_regression_test_and_symbol_map_current.exitcode	0
017_current_libcxx_symbols_and_versions.exitcode	0
018_symver_mechanism_probe.exitcode	0
019_symver_tizen_map_shape_probe.exitcode	0
020_header_only_symbol_absence.exitcode	0
021_libstdcxx_before_after_site_matrix.exitcode	0
022_future_implementation_comparison.exitcode	0
023_cxx03_mirror_scope.exitcode	0
024_cxx03_wbuffer_and_prior_dynamic_evidence.exitcode	0
025_report_and_scope_selfcheck.exitcode	0
026_publish_materials_to_docs.exitcode	0
027_sync_publish_command_record.exitcode	0
