$ find docs/progress/R44b/code/libcxx -type f -printf "%p\\n" | sort
docs/progress/R44b/code/libcxx/src/ios.cpp
docs/progress/R44b/code/libcxx/src/ios.cpp.diff
docs/progress/R44b/code/libcxx/src/ios.cpp.upstream
EXIT_CODE=0
$ find docs/progress/R42/code -maxdepth 4 -type f | sort | sed -n "1,120p"
docs/progress/R42/code/INDEX.tsv
docs/progress/R42/code/build/CMakeCache.armv7l-trace.txt
docs/progress/R42/code/build/CMakeCache.armv7l.txt
docs/progress/R42/code/build/CMakeCache.x86_64.txt
docs/progress/R42/code/cxa_exception.cpp.diff
docs/progress/R42/code/cxa_personality.cpp.diff
docs/progress/R42/code/cxxabi.h.diff
docs/progress/R42/code/evidence/001_tools_bash_n.log
docs/progress/R42/code/evidence/002_resource_gate_dry_run.log
docs/progress/R42/code/evidence/003_arm_abi_remote_identity.log
docs/progress/R42/code/evidence/004_fetch_arm_ehabi.log
docs/progress/R42/code/evidence/005_arm_ehabi_locations.log
docs/progress/R42/code/evidence/006_arm_ehabi_relevant_text.log
docs/progress/R42/code/evidence/007_board_preflight_script_bash_n.log
docs/progress/R42/code/evidence/008_sdb_connect.log
docs/progress/R42/code/evidence/009_board_preflight.log
docs/progress/R42/code/evidence/010_static_reference_extract.log
docs/progress/R42/code/evidence/011_prepare_experiment_source.log
docs/progress/R42/code/evidence/012_import_r41_observation_code.log
docs/progress/R42/code/evidence/013_trace_call_mechanical_rewrite.log
docs/progress/R42/code/evidence/014_implementation_diff_and_scope.log
docs/progress/R42/code/evidence/015_prepare_test_sources.log
docs/progress/R42/code/evidence/016_configure_script_bash_n.log
docs/progress/R42/code/evidence/017_redline_selfcheck.log
docs/progress/R42/code/evidence/018_gate_x86_configure.log
docs/progress/R42/code/evidence/019_configure_x86.log
docs/progress/R42/code/evidence/020_gate_x86_build.log
docs/progress/R42/code/evidence/021_build_x86.log
docs/progress/R42/code/evidence/022_gate_arm_configure.log
docs/progress/R42/code/evidence/023_configure_arm.log
docs/progress/R42/code/evidence/024_gate_arm_build.log
docs/progress/R42/code/evidence/025_build_arm.log
docs/progress/R42/code/evidence/026_gate_x86_rebuild.log
docs/progress/R42/code/evidence/027_rebuild_x86.log
docs/progress/R42/code/evidence/028_gate_trace_arm_configure.log
docs/progress/R42/code/evidence/029_configure_trace_arm.log
docs/progress/R42/code/evidence/030_gate_trace_arm_build.log
docs/progress/R42/code/evidence/031_build_trace_arm.log
docs/progress/R42/code/evidence/032_build_identity_and_trace_toggle.log
docs/progress/R42/code/evidence/033_probe_tools_bash_n.log
docs/progress/R42/code/evidence/034_relink_versioned_x86.log
docs/progress/R42/code/evidence/035_build_probes_x86.log
docs/progress/R42/code/evidence/036_build_probes_arm.log
docs/progress/R42/code/evidence/037_build_probes_script_fix_bash_n.log
docs/progress/R42/code/evidence/038_build_probes_arm_retry.log
docs/progress/R42/code/evidence/039_x86_matrix_script_bash_n.log
docs/progress/R42/code/evidence/040_x86_matrix.log
docs/progress/R42/code/evidence/041_board_tools_bash_n.log
docs/progress/R42/code/evidence/042_board_preflight_before_deploy.log
docs/progress/R42/code/evidence/043_board_deploy.log
docs/progress/R42/code/evidence/044_deploy_stream_bash_n.log
docs/progress/R42/code/evidence/045_board_deploy_stream.log
docs/progress/R42/code/evidence/046_deploy_chunked_bash_n.log
docs/progress/R42/code/evidence/047_board_deploy_chunked.log
docs/progress/R42/code/evidence/048_deploy_chunk_size_fix_bash_n.log
docs/progress/R42/code/evidence/049_board_deploy_chunked_retry.log
docs/progress/R42/code/evidence/050_abort_slow_transfer.log
docs/progress/R42/code/evidence/051_prepare_stripped_deploy_libraries.log
docs/progress/R42/code/evidence/052_deploy_stripped_fix_bash_n.log
docs/progress/R42/code/evidence/053_board_deploy_chunked_stripped.log
docs/progress/R42/code/evidence/054_board_matrix.log
docs/progress/R42/code/evidence/055_board_trace_cancel.log
docs/progress/R42/code/evidence/056_board_cleanup.log
docs/progress/R42/code/evidence/057_cleanup_retry_bash_n.log
docs/progress/R42/code/evidence/058_board_cleanup_retry.log
docs/progress/R42/code/evidence/059_final_source_and_diff_identity.log
docs/progress/R42/code/evidence/060_final_tools_bash_n.log
docs/progress/R42/code/evidence/061_final_validation.log
docs/progress/R42/code/evidence/062_final_validation_retry.log
docs/progress/R42/code/evidence/063_finalize_evidence.log
docs/progress/R42/code/evidence/064_finalize_refresh.log
docs/progress/R42/code/evidence/arm_build_attempt1.log
docs/progress/R42/code/evidence/arm_configure_attempt1.log
docs/progress/R42/code/evidence/r42_arm_samples.log
docs/progress/R42/code/evidence/r42_trace_arm_samples.log
docs/progress/R42/code/evidence/r42_x86_rebuild_samples.log
docs/progress/R42/code/evidence/r42_x86_samples.log
docs/progress/R42/code/evidence/trace_arm_build_attempt1.log
docs/progress/R42/code/evidence/trace_arm_configure_attempt1.log
docs/progress/R42/code/evidence/x86_build_attempt1.log
docs/progress/R42/code/evidence/x86_configure_attempt1.log
docs/progress/R42/code/evidence/x86_rebuild_attempt1.log
docs/progress/R42/code/libcxxabi/include/cxxabi.h
docs/progress/R42/code/libcxxabi/src/cxa_exception.cpp
docs/progress/R42/code/libcxxabi/src/cxa_personality.cpp
docs/progress/R42/code/reference/ehabi32.rst
docs/progress/R42/code/tests/s1_rethrow_probe.cpp
docs/progress/R42/code/tests/unpatched_cancel_probe.cpp
docs/progress/R42/code/tools/board_preflight_readonly.sh
docs/progress/R42/code/tools/build_probes.sh
docs/progress/R42/code/tools/build_with_monitor.sh
docs/progress/R42/code/tools/cleanup_board.sh
docs/progress/R42/code/tools/cleanup_board_retry.sh
docs/progress/R42/code/tools/configure_variant.sh
docs/progress/R42/code/tools/deploy_board.sh
docs/progress/R42/code/tools/deploy_board_chunked.sh
docs/progress/R42/code/tools/deploy_board_stream.sh
docs/progress/R42/code/tools/final_validate.sh
docs/progress/R42/code/tools/finalize_evidence.sh
docs/progress/R42/code/tools/relink_versioned_x86.sh
docs/progress/R42/code/tools/resource_gate.sh
docs/progress/R42/code/tools/run_board_matrix.sh
docs/progress/R42/code/tools/run_board_trace.sh
docs/progress/R42/code/tools/run_logged.sh
docs/progress/R42/code/tools/run_resource_gate_with_retry.sh
docs/progress/R42/code/tools/run_x86_matrix.sh
EXIT_CODE=0
