PWD=/home/toolchain/development/libc++_replacement
COMMAND=bash -lc for\ p\ in\ tmp/R11/rpms/unified_binary/x86_64/flatbuffers-devel-24.3.25-1\*.rpm\ tmp/R11/rpms/unified_binary/x86_64/flatbuffers-python-24.3.25-1\*.rpm\ tmp/R11/rpms/unified_binary/x86_64/lottie-player-devel-0.2.5-1\*.rpm\;\ do\ echo\ \"###\ \$p\"\;\ rpm\ -qp\ --qf\ \"NEVRA=%\{NAME\}-%\{EPOCHNUM\}:%\{VERSION\}-%\{RELEASE\}.%\{ARCH\}\\\\n\"\ \"\$p\"\;\ rpm\ -qlp\ \"\$p\"\;\ done 
### tmp/R11/rpms/unified_binary/x86_64/flatbuffers-devel-24.3.25-1.x86_64.rpm
NEVRA=flatbuffers-devel-0:24.3.25-1.x86_64
/usr/bin/flatc
/usr/include/flatbuffers
/usr/include/flatbuffers/allocator.h
/usr/include/flatbuffers/array.h
/usr/include/flatbuffers/base.h
/usr/include/flatbuffers/buffer.h
/usr/include/flatbuffers/buffer_ref.h
/usr/include/flatbuffers/code_generator.h
/usr/include/flatbuffers/code_generators.h
/usr/include/flatbuffers/default_allocator.h
/usr/include/flatbuffers/detached_buffer.h
/usr/include/flatbuffers/file_manager.h
/usr/include/flatbuffers/flatbuffer_builder.h
/usr/include/flatbuffers/flatbuffers.h
/usr/include/flatbuffers/flatc.h
/usr/include/flatbuffers/flex_flat_util.h
/usr/include/flatbuffers/flexbuffers.h
/usr/include/flatbuffers/grpc.h
/usr/include/flatbuffers/hash.h
/usr/include/flatbuffers/idl.h
/usr/include/flatbuffers/minireflect.h
/usr/include/flatbuffers/pch
/usr/include/flatbuffers/pch/flatc_pch.h
/usr/include/flatbuffers/pch/pch.h
/usr/include/flatbuffers/reflection.h
/usr/include/flatbuffers/reflection_generated.h
/usr/include/flatbuffers/registry.h
/usr/include/flatbuffers/stl_emulation.h
/usr/include/flatbuffers/string.h
/usr/include/flatbuffers/struct.h
/usr/include/flatbuffers/table.h
/usr/include/flatbuffers/util.h
/usr/include/flatbuffers/vector.h
/usr/include/flatbuffers/vector_downward.h
/usr/include/flatbuffers/verifier.h
/usr/lib64/cmake/flatbuffers/BuildFlatBuffers.cmake
/usr/lib64/cmake/flatbuffers/FlatBuffersSharedTargets-release.cmake
/usr/lib64/cmake/flatbuffers/FlatBuffersSharedTargets.cmake
/usr/lib64/cmake/flatbuffers/FlatBuffersTargets-release.cmake
/usr/lib64/cmake/flatbuffers/FlatBuffersTargets.cmake
/usr/lib64/cmake/flatbuffers/FlatcTargets-release.cmake
/usr/lib64/cmake/flatbuffers/FlatcTargets.cmake
/usr/lib64/cmake/flatbuffers/flatbuffers-config-version.cmake
/usr/lib64/cmake/flatbuffers/flatbuffers-config.cmake
/usr/lib64/libflatbuffers.a
/usr/lib64/libflatbuffers.so
/usr/lib64/pkgconfig/flatbuffers.pc
### tmp/R11/rpms/unified_binary/x86_64/flatbuffers-python-24.3.25-1.x86_64.rpm
NEVRA=flatbuffers-python-0:24.3.25-1.x86_64
/usr/lib/python3.14/site-packages/flatbuffers
/usr/lib/python3.14/site-packages/flatbuffers/__init__.py
/usr/lib/python3.14/site-packages/flatbuffers/_version.py
/usr/lib/python3.14/site-packages/flatbuffers/builder.py
/usr/lib/python3.14/site-packages/flatbuffers/compat.py
/usr/lib/python3.14/site-packages/flatbuffers/encode.py
/usr/lib/python3.14/site-packages/flatbuffers/flexbuffers.py
/usr/lib/python3.14/site-packages/flatbuffers/number_types.py
/usr/lib/python3.14/site-packages/flatbuffers/packer.py
/usr/lib/python3.14/site-packages/flatbuffers/table.py
/usr/lib/python3.14/site-packages/flatbuffers/util.py
/usr/share/licenses/flatbuffers-python
/usr/share/licenses/flatbuffers-python/LICENSE
### tmp/R11/rpms/unified_binary/x86_64/lottie-player-devel-0.2.5-1.x86_64.rpm
NEVRA=lottie-player-devel-0:0.2.5-1.x86_64
/usr/include/rlottie.h
/usr/include/rlottie_capi.h
/usr/include/rlottiecommon.h
/usr/lib64/librlottie-image-loader.so
/usr/lib64/librlottie.so
/usr/lib64/pkgconfig/rlottie.pc
EXIT_CODE=0
