PWD=/home/toolchain/development/libc++_replacement
COMMAND=bash -lc for\ f\ in\ tmp/R29/work/flatbuffers/CMakeLists.txt\ tmp/R29/work/flatbuffers/CMake/Version.cmake\ tmp/R29/work/flatbuffers/CMake/FlatbuffersSharedTargets.cmake\ tmp/R29/work/lottie-player/meson.build\ tmp/R29/work/lottie-player/rlottie.pc.in\ tmp/R29/work/pcre/configure.ac\;\ do\ if\ test\ -f\ \"\$f\"\;\ then\ echo\ \"###\ \$f\"\;\ rg\ -n\ \"\(install\|SOVERSION\|VERSION\|pkgconfig\|configure_file\|shared_library\|static_library\|FLATBUFFERS_BUILD\|PCRECPP\|LIBTOOL\)\"\ \"\$f\"\ \|\|\ true\;\ fi\;\ done\;\ rg\ -n\ \"\(flatbuffersConfig\|FlatbuffersSharedTargets\|install\\\(\)\"\ tmp/R29/work/flatbuffers/CMakeLists.txt\ tmp/R29/work/flatbuffers/CMake\ \|\ head\ -200\;\ rg\ -n\ \"\(shared_library\|install_headers\|pkgconfig\|soversion\|version\)\"\ tmp/R29/work/lottie-player\ -g\ meson.build\ -g\ \"\*.in\"\ \|\ head\ -200 
### tmp/R29/work/flatbuffers/CMakeLists.txt
2:cmake_minimum_required(VERSION 3.8...3.25.2)
8:        VERSION ${VERSION_MAJOR}.${VERSION_MINOR}.${VERSION_PATCH}
16:option(FLATBUFFERS_BUILD_TESTS "Enable the build of tests and samples." ON)
17:option(FLATBUFFERS_INSTALL "Enable the installation of targets." ON)
18:option(FLATBUFFERS_BUILD_FLATLIB "Enable the build of the flatbuffers library"
20:option(FLATBUFFERS_BUILD_FLATC "Enable the build of the flatbuffers compiler"
24:option(FLATBUFFERS_BUILD_FLATHASH "Enable the build of flathash" OFF)
25:option(FLATBUFFERS_BUILD_BENCHMARKS "Enable the build of flatbenchmark."
27:option(FLATBUFFERS_BUILD_GRPCTEST "Enable the build of grpctest" OFF)
28:option(FLATBUFFERS_BUILD_SHAREDLIB
42:option(FLATBUFFERS_BUILD_CPP17
46:option(FLATBUFFERS_BUILD_LEGACY
84:if(NOT FLATBUFFERS_BUILD_FLATC AND FLATBUFFERS_BUILD_TESTS)
87:    set(FLATBUFFERS_BUILD_TESTS OFF)
295:    if(IS_CLANG OR (CMAKE_COMPILER_IS_GNUCXX AND CMAKE_CXX_COMPILER_VERSION VERSION_GREATER_EQUAL 4.9))
384:        $<$<VERSION_GREATER:$<CXX_COMPILER_VERSION>,3.8>:
394:        $<$<VERSION_GREATER:$<CXX_COMPILER_VERSION>,4.4>:
400:        $<$<VERSION_GREATER:$<CXX_COMPILER_VERSION>,4.7>:
403:        $<$<VERSION_GREATER:$<CXX_COMPILER_VERSION>,7.0>:
409:        $<$<VERSION_GREATER:$<CXX_COMPILER_VERSION>,8.0>:
430:if(FLATBUFFERS_BUILD_FLATLIB)
445:if(FLATBUFFERS_BUILD_FLATC)
470:if(FLATBUFFERS_BUILD_FLATHASH)
475:if(FLATBUFFERS_BUILD_SHAREDLIB)
479:  # stability guarantees. Therefore, always use the full version as SOVERSION
481:  set(FlatBuffers_Library_SONAME_FULL "${PROJECT_VERSION}")
484:                        SOVERSION "${FlatBuffers_Library_SONAME_FULL}"
485:                        VERSION "${FlatBuffers_Library_SONAME_FULL}")
516:if(FLATBUFFERS_BUILD_TESTS)
559:  if(MSVC OR ${CMAKE_VERSION} VERSION_GREATER_EQUAL "3.20.0")
574:  if(FLATBUFFERS_BUILD_CPP17)
583:  endif(FLATBUFFERS_BUILD_CPP17)
586:if(FLATBUFFERS_BUILD_GRPCTEST)
614:  install(DIRECTORY include/flatbuffers DESTINATION ${CMAKE_INSTALL_INCLUDEDIR})
618:  configure_file(CMake/flatbuffers-config-version.cmake.in flatbuffers-config-version.cmake @ONLY)
619:  install(
627:  if(FLATBUFFERS_BUILD_FLATLIB)
628:    install(
634:    install(EXPORT FlatBuffersTargets
641:  if(FLATBUFFERS_BUILD_FLATC)
642:    install(
647:    install(
655:  if(FLATBUFFERS_BUILD_SHAREDLIB)
656:    install(
664:    install(
672:  if(FLATBUFFERS_BUILD_SHAREDLIB OR FLATBUFFERS_BUILD_FLATLIB)
673:      configure_file(CMake/flatbuffers.pc.in flatbuffers.pc @ONLY)
674:      install(
676:        DESTINATION ${CMAKE_INSTALL_LIBDIR}/pkgconfig
681:if(FLATBUFFERS_BUILD_TESTS)
685:  if(FLATBUFFERS_BUILD_CPP17)
688:  if(FLATBUFFERS_BUILD_GRPCTEST)
708:if(FLATBUFFERS_BUILD_BENCHMARKS)
### tmp/R29/work/flatbuffers/CMake/Version.cmake
1:set(VERSION_MAJOR 24)
2:set(VERSION_MINOR 3)
3:set(VERSION_PATCH 25)
4:set(VERSION_COMMIT 0)
20:        string(REGEX REPLACE "^v([0-9]+)\\..*" "\\1" VERSION_MAJOR "${GIT_DESCRIBE_DIRTY}")
21:        string(REGEX REPLACE "^v[0-9]+\\.([0-9]+).*" "\\1" VERSION_MINOR "${GIT_DESCRIBE_DIRTY}")
22:        string(REGEX REPLACE "^v[0-9]+\\.[0-9]+\\.([0-9]+).*" "\\1" VERSION_PATCH "${GIT_DESCRIBE_DIRTY}")
23:        string(REGEX REPLACE "^v[0-9]+\\.[0-9]+\\.[0-9]+\\-([0-9]+).*" "\\1" VERSION_COMMIT "${GIT_DESCRIBE_DIRTY}")
25:        if(VERSION_COMMIT STREQUAL GIT_DESCRIBE_DIRTY)
26:          set(VERSION_COMMIT 0)
39:message(STATUS "Proceeding with version: ${VERSION_MAJOR}.${VERSION_MINOR}.${VERSION_PATCH}.${VERSION_COMMIT}")
### tmp/R29/work/lottie-player/meson.build
65:configure_file(
93:        cmakeconf.set('VERSION', meson.project_version())
### tmp/R29/work/lottie-player/rlottie.pc.in
### tmp/R29/work/pcre/configure.ac
78:# AC_PROG_CXX will return "g++" even if no c++ compiler is installed.
88:AC_LIBTOOL_WIN32_DLL
512:                  EXTRA_LIBPCRECPP_LDFLAGS="$EXTRA_LIBPCRECPP_LDFLAGS -Wl,$flag";
918:EXTRA_LIBPCRECPP_LDFLAGS="$EXTRA_LIBPCRECPP_LDFLAGS \
926:AC_SUBST(EXTRA_LIBPCRECPP_LDFLAGS)
1081:$PACKAGE-$VERSION configuration summary:
tmp/R29/work/flatbuffers/CMakeLists.txt:614:  install(DIRECTORY include/flatbuffers DESTINATION ${CMAKE_INSTALL_INCLUDEDIR})
tmp/R29/work/flatbuffers/CMakeLists.txt:619:  install(
tmp/R29/work/flatbuffers/CMakeLists.txt:628:    install(
tmp/R29/work/flatbuffers/CMakeLists.txt:634:    install(EXPORT FlatBuffersTargets
tmp/R29/work/flatbuffers/CMakeLists.txt:642:    install(
tmp/R29/work/flatbuffers/CMakeLists.txt:647:    install(
tmp/R29/work/flatbuffers/CMakeLists.txt:656:    install(
tmp/R29/work/flatbuffers/CMakeLists.txt:664:    install(
tmp/R29/work/flatbuffers/CMakeLists.txt:674:      install(
tmp/R29/work/lottie-player/rlottie.pc.in:3:Version: @player_version@
tmp/R29/work/lottie-player/meson.build:4:        version : '0.2',
tmp/R29/work/lottie-player/meson.build:6:        meson_version : '>=0.49',
tmp/R29/work/lottie-player/meson.build:87:        cmake.write_basic_package_version_file(
tmp/R29/work/lottie-player/meson.build:88:            version: meson.project_version(),
tmp/R29/work/lottie-player/meson.build:93:        cmakeconf.set('VERSION', meson.project_version())
tmp/R29/work/lottie-player/meson.build:106:    rlottie version :        @0@
tmp/R29/work/lottie-player/meson.build:115:        meson.project_version(),
tmp/R29/work/lottie-player/src/meson.build:12:    linker_flags += ['-Wl,--version-script=@0@/../rlottie.expmap'.format(meson.current_source_dir())]
tmp/R29/work/lottie-player/src/meson.build:31:                      version               : meson.project_version(),
tmp/R29/work/lottie-player/src/meson.build:55:pkg_mod = import('pkgconfig')
tmp/R29/work/lottie-player/src/meson.build:58:                  version     : meson.project_version(),
tmp/R29/work/lottie-player/inc/meson.build:1:install_headers([
EXIT_CODE=0
