PWD=/home/toolchain/development/libc++_replacement
COMMAND= bash -lc $'\nset -euo pipefail\ngit add -- docs/progress/R36\nprintf "=== staged files ===\\n"\ngit diff --cached --name-status\nprintf "=== staged summary ===\\n"\ngit diff --cached --stat\nprintf "=== scope assertions ===\\n"\ntest -z "$(git diff --cached --name-only | grep -v ^docs/progress/R36/)"\nfor path in README_UNPACK.md docs/hq docs/plan gbs_llvm.conf; do\n  test -z "$(git diff --cached --name-only -- "$path")"\ndone\nprintf "EXACT_STAGING_SCOPE=PASS\\n"\n'
=== staged files ===
A	docs/progress/R36/EXCLUDED.tsv
A	docs/progress/R36/MANIFEST.sha256
A	docs/progress/R36/R36_report.md
A	docs/progress/R36/board/exec_probe_armv7l
A	docs/progress/R36/board/exec_probe_armv7l.S
A	docs/progress/R36/code/evidence/025_configure_armv7l_libcxxabi.log
A	docs/progress/R36/code/evidence/026_build_armv7l_libcxxabi.log
A	docs/progress/R36/code/evidence/027_build_output_identity_and_s1_diff.log
A	docs/progress/R36/code/evidence/028_compile_armv7l_probes.log
A	docs/progress/R36/code/evidence/035_deploy_board_artifacts_gzip_chunked.log
A	docs/progress/R36/code/evidence/036_board_runtime_identity.log
A	docs/progress/R36/code/evidence/038_board_native_matrix_retry.log
A	docs/progress/R36/code/evidence/039_board_post_failure_and_cleanup.log
A	docs/progress/R36/code/evidence/baseline_identity.txt
A	docs/progress/R36/code/libcxxabi/include/cxxabi.h
A	docs/progress/R36/code/libcxxabi/r34b_s1_complete.diff
A	docs/progress/R36/code/libcxxabi/src/cxa_exception.cpp
A	docs/progress/R36/code/libcxxabi/src/cxa_personality.cpp
A	docs/progress/R36/code/tests/r34b_to_r36_probe.diff
A	docs/progress/R36/code/tests/s1_rethrow_probe_nostdlib.cpp
A	docs/progress/R36/code/tests/s1_rethrow_probe_r34b_original.cpp
A	docs/progress/R36/code/tests/s1_rethrow_probe_r36_ehabi_field_adaptation.cpp
A	docs/progress/R36/code/tools/armv7l-clang
A	docs/progress/R36/code/tools/armv7l-clang++
A	docs/progress/R36/code/tools/armv7l-ld
A	docs/progress/R36/code/tools/build_with_resource_monitor.sh
A	docs/progress/R36/code/tools/deploy_board_artifacts.sh
A	docs/progress/R36/code/tools/run_board_matrix.sh
A	docs/progress/R36/code/tools/run_board_matrix_host.sh
A	docs/progress/R36/commands/001_workspace_and_tools.log
A	docs/progress/R36/commands/002_board_connect_identity.log
A	docs/progress/R36/commands/003_old_new_identity_comparison.log
A	docs/progress/R36/commands/004_ehabi_personality_source.log
A	docs/progress/R36/commands/005_ehabi_personality_entry.log
A	docs/progress/R36/commands/006_ehabi_resume_or_rethrow.log
A	docs/progress/R36/commands/007_llvm_ehabi_forced_state.log
A	docs/progress/R36/commands/008_prepare_path_probe.log
A	docs/progress/R36/commands/009_board_path_recheck.log
A	docs/progress/R36/commands/010_board_shell_transfer_probe.log
A	docs/progress/R36/commands/011_board_base64_transfer_probe.log
A	docs/progress/R36/commands/012_board_opt_var_tmp_recheck.log
A	docs/progress/R36/commands/013_armv7l_build_inputs_discovery.log
A	docs/progress/R36/commands/014_r30_arm_semantic_inputs.log
A	docs/progress/R36/commands/015_cross_toolchain_identity.log
A	docs/progress/R36/commands/016_host_cross_compiler_search.log
A	docs/progress/R36/commands/017_known_host_compiler.log
A	docs/progress/R36/commands/018_board_runtime_inventory.log
A	docs/progress/R36/commands/019_board_runtime_inventory_retry.log
A	docs/progress/R36/commands/020_cross_compiler_wrapper_test.log
A	docs/progress/R36/commands/021_cross_compiler_diagnosis.log
A	docs/progress/R36/commands/022_cross_compiler_wrapper_retest.log
A	docs/progress/R36/commands/023_cross_compiler_wrapper_final_test.log
A	docs/progress/R36/commands/024_resource_gate.log
A	docs/progress/R36/commands/025_configure_armv7l_libcxxabi.log
A	docs/progress/R36/commands/026_build_armv7l_libcxxabi.log
A	docs/progress/R36/commands/027_build_output_identity_and_s1_diff.log
A	docs/progress/R36/commands/028_compile_armv7l_probes.log
A	docs/progress/R36/commands/029_board_base64_stdin_transfer_test.log
A	docs/progress/R36/commands/030_cleanup_failed_transfer_probe.log
A	docs/progress/R36/commands/031_deploy_board_artifacts.log
A	docs/progress/R36/commands/032_cleanup_failed_deploy_and_chsmack_probe.log
A	docs/progress/R36/commands/033_deploy_board_artifacts_chunked.log
A	docs/progress/R36/commands/034_cleanup_second_failed_deploy.log
A	docs/progress/R36/commands/035_deploy_board_artifacts_gzip_chunked.log
A	docs/progress/R36/commands/036_board_runtime_identity.log
A	docs/progress/R36/commands/037_board_native_matrix.log
A	docs/progress/R36/commands/038_board_native_matrix_retry.log
A	docs/progress/R36/commands/039_board_post_failure_and_cleanup.log
A	docs/progress/R36/commands/040_resource_gate_parser_correction_post_build.log
A	docs/progress/R36/commands/041_prepare_code_delivery.log
A	docs/progress/R36/commands/042_curate_docs_and_manifests.log
A	docs/progress/R36/commands/043_precommit_validation.log
A	docs/progress/R36/src/s1_rethrow_probe.cpp
A	docs/progress/R36/src/s1_rethrow_probe_nostdlib.cpp
A	docs/progress/R36/tables/board_identity_and_paths.tsv
A	docs/progress/R36/tables/deployment_files.tsv
A	docs/progress/R36/tables/ehabi_change_applicability.tsv
A	docs/progress/R36/tables/matrix_results.tsv
A	docs/progress/R36/tools/armv7l-clang
A	docs/progress/R36/tools/armv7l-clang++
A	docs/progress/R36/tools/armv7l-ld
A	docs/progress/R36/tools/board_runtime_inventory.sh
A	docs/progress/R36/tools/build_with_resource_monitor.sh
A	docs/progress/R36/tools/deploy_board_artifacts.sh
A	docs/progress/R36/tools/probe_board_paths.sh
A	docs/progress/R36/tools/run_board_matrix.sh
A	docs/progress/R36/tools/run_board_matrix_host.sh
A	docs/progress/R36/tools/run_logged.sh
=== staged summary ===
 docs/progress/R36/EXCLUDED.tsv                     |    1 +
 docs/progress/R36/MANIFEST.sha256                  |   87 +
 docs/progress/R36/R36_report.md                    |   74 +
 docs/progress/R36/board/exec_probe_armv7l          |  Bin 0 -> 556 bytes
 docs/progress/R36/board/exec_probe_armv7l.S        |    9 +
 .../evidence/025_configure_armv7l_libcxxabi.log    |  171 ++
 .../code/evidence/026_build_armv7l_libcxxabi.log   | 1746 +++++++++++++++++
 .../027_build_output_identity_and_s1_diff.log      |  275 +++
 .../code/evidence/028_compile_armv7l_probes.log    |  225 +++
 .../035_deploy_board_artifacts_gzip_chunked.log    | 2067 ++++++++++++++++++++
 .../code/evidence/036_board_runtime_identity.log   |  139 ++
 .../evidence/038_board_native_matrix_retry.log     |   18 +
 .../039_board_post_failure_and_cleanup.log         |   26 +
 .../R36/code/evidence/baseline_identity.txt        |   11 +
 docs/progress/R36/code/libcxxabi/include/cxxabi.h  |  200 ++
 .../R36/code/libcxxabi/r34b_s1_complete.diff       |   52 +
 .../R36/code/libcxxabi/src/cxa_exception.cpp       |  802 ++++++++
 .../R36/code/libcxxabi/src/cxa_personality.cpp     | 1451 ++++++++++++++
 .../progress/R36/code/tests/r34b_to_r36_probe.diff |   31 +
 .../R36/code/tests/s1_rethrow_probe_nostdlib.cpp   |  184 ++
 .../code/tests/s1_rethrow_probe_r34b_original.cpp  |  175 ++
 ...s1_rethrow_probe_r36_ehabi_field_adaptation.cpp |  184 ++
 docs/progress/R36/code/tools/armv7l-clang          |    9 +
 docs/progress/R36/code/tools/armv7l-clang++        |    9 +
 docs/progress/R36/code/tools/armv7l-ld             |    4 +
 .../R36/code/tools/build_with_resource_monitor.sh  |   41 +
 .../R36/code/tools/deploy_board_artifacts.sh       |   43 +
 docs/progress/R36/code/tools/run_board_matrix.sh   |   37 +
 .../R36/code/tools/run_board_matrix_host.sh        |   19 +
 .../R36/commands/001_workspace_and_tools.log       |  358 ++++
 .../R36/commands/002_board_connect_identity.log    |   82 +
 .../commands/003_old_new_identity_comparison.log   |  451 +++++
 .../R36/commands/004_ehabi_personality_source.log  |  858 ++++++++
 .../R36/commands/005_ehabi_personality_entry.log   |  494 +++++
 .../R36/commands/006_ehabi_resume_or_rethrow.log   |  371 ++++
 .../R36/commands/007_llvm_ehabi_forced_state.log   |  261 +++
 .../R36/commands/008_prepare_path_probe.log        |    6 +
 .../R36/commands/009_board_path_recheck.log        |  118 ++
 .../commands/010_board_shell_transfer_probe.log    |   14 +
 .../commands/011_board_base64_transfer_probe.log   |   15 +
 .../R36/commands/012_board_opt_var_tmp_recheck.log |   14 +
 .../commands/013_armv7l_build_inputs_discovery.log |  958 +++++++++
 .../R36/commands/014_r30_arm_semantic_inputs.log   |  130 ++
 .../R36/commands/015_cross_toolchain_identity.log  |   25 +
 .../commands/016_host_cross_compiler_search.log    |    6 +
 .../R36/commands/017_known_host_compiler.log       |   87 +
 .../R36/commands/018_board_runtime_inventory.log   |    5 +
 .../commands/019_board_runtime_inventory_retry.log |   95 +
 .../commands/020_cross_compiler_wrapper_test.log   |   15 +
 .../R36/commands/021_cross_compiler_diagnosis.log  |   24 +
 .../commands/022_cross_compiler_wrapper_retest.log |   15 +
 .../023_cross_compiler_wrapper_final_test.log      |   31 +
 docs/progress/R36/commands/024_resource_gate.log   |   16 +
 .../commands/025_configure_armv7l_libcxxabi.log    |  171 ++
 .../R36/commands/026_build_armv7l_libcxxabi.log    | 1746 +++++++++++++++++
 .../027_build_output_identity_and_s1_diff.log      |  275 +++
 .../R36/commands/028_compile_armv7l_probes.log     |  225 +++
 .../029_board_base64_stdin_transfer_test.log       |    3 +
 .../commands/030_cleanup_failed_transfer_probe.log |    6 +
 .../R36/commands/031_deploy_board_artifacts.log    |   14 +
 ...032_cleanup_failed_deploy_and_chsmack_probe.log |   19 +
 .../033_deploy_board_artifacts_chunked.log         |   14 +
 .../commands/034_cleanup_second_failed_deploy.log  |    6 +
 .../035_deploy_board_artifacts_gzip_chunked.log    | 2067 ++++++++++++++++++++
 .../R36/commands/036_board_runtime_identity.log    |  139 ++
 .../R36/commands/037_board_native_matrix.log       |    7 +
 .../R36/commands/038_board_native_matrix_retry.log |   18 +
 .../039_board_post_failure_and_cleanup.log         |   26 +
 ..._resource_gate_parser_correction_post_build.log |   21 +
 .../R36/commands/041_prepare_code_delivery.log     |   27 +
 .../R36/commands/042_curate_docs_and_manifests.log |  118 ++
 .../R36/commands/043_precommit_validation.log      |   22 +
 docs/progress/R36/src/s1_rethrow_probe.cpp         |  184 ++
 .../progress/R36/src/s1_rethrow_probe_nostdlib.cpp |  184 ++
 .../R36/tables/board_identity_and_paths.tsv        |   13 +
 docs/progress/R36/tables/deployment_files.tsv      |    4 +
 .../R36/tables/ehabi_change_applicability.tsv      |    6 +
 docs/progress/R36/tables/matrix_results.tsv        |   14 +
 docs/progress/R36/tools/armv7l-clang               |    9 +
 docs/progress/R36/tools/armv7l-clang++             |    9 +
 docs/progress/R36/tools/armv7l-ld                  |    4 +
 docs/progress/R36/tools/board_runtime_inventory.sh |   33 +
 .../R36/tools/build_with_resource_monitor.sh       |   41 +
 docs/progress/R36/tools/deploy_board_artifacts.sh  |   43 +
 docs/progress/R36/tools/probe_board_paths.sh       |   39 +
 docs/progress/R36/tools/run_board_matrix.sh        |   37 +
 docs/progress/R36/tools/run_board_matrix_host.sh   |   19 +
 docs/progress/R36/tools/run_logged.sh              |   22 +
 88 files changed, 18124 insertions(+)
=== scope assertions ===
EXACT_STAGING_SCOPE=PASS
EXIT_CODE=0
