===== armv7l gcc c =====
ARCH=armv7l
ROOT=tmp/GBS-ROOT/R96-armv7l-gcc-env/local/BUILD-ROOTS/scratch.armv7l.0
FAMILY=gcc
LANGUAGE=c
DRIVER=tmp/GBS-ROOT/R96-armv7l-gcc-env/local/BUILD-ROOTS/scratch.armv7l.0/usr/bin/armv7l-tizen-linux-gnueabi-gcc
COMMAND[version]=tmp/GBS-ROOT/R96-armv7l-gcc-env/local/BUILD-ROOTS/scratch.armv7l.0/usr/bin/qemu-arm -L tmp/GBS-ROOT/R96-armv7l-gcc-env/local/BUILD-ROOTS/scratch.armv7l.0 tmp/GBS-ROOT/R96-armv7l-gcc-env/local/BUILD-ROOTS/scratch.armv7l.0/usr/bin/armv7l-tizen-linux-gnueabi-gcc --version 
RESULT[version]	rc=0	status=ACCEPTED_WITH_DIAGNOSTIC
OUTPUT[version]_BEGIN
armv7l-tizen-linux-gnueabi-gcc (Tizen GCC 14.2.0 20240801 4.13) 14.2.0
Copyright (C) 2024 Free Software Foundation, Inc.
This is free software; see the source for copying conditions.  There is NO
warranty; not even for MERCHANTABILITY or FITNESS FOR A PARTICULAR PURPOSE.
OUTPUT[version]_END
COMMAND[compile_stdlib]=tmp/GBS-ROOT/R96-armv7l-gcc-env/local/BUILD-ROOTS/scratch.armv7l.0/usr/bin/qemu-arm -L tmp/GBS-ROOT/R96-armv7l-gcc-env/local/BUILD-ROOTS/scratch.armv7l.0 tmp/GBS-ROOT/R96-armv7l-gcc-env/local/BUILD-ROOTS/scratch.armv7l.0/usr/bin/armv7l-tizen-linux-gnueabi-gcc -stdlib=libc++ -x c -c -o /dev/null - 
RESULT[compile_stdlib]	rc=1	status=REJECTED
OUTPUT[compile_stdlib]_BEGIN
armv7l-tizen-linux-gnueabi-gcc: error: unrecognized command-line option ‘-stdlib=libc++’
OUTPUT[compile_stdlib]_END
COMMAND[link_stdlib_only]=tmp/GBS-ROOT/R96-armv7l-gcc-env/local/BUILD-ROOTS/scratch.armv7l.0/usr/bin/qemu-arm -L tmp/GBS-ROOT/R96-armv7l-gcc-env/local/BUILD-ROOTS/scratch.armv7l.0 tmp/GBS-ROOT/R96-armv7l-gcc-env/local/BUILD-ROOTS/scratch.armv7l.0/usr/bin/armv7l-tizen-linux-gnueabi-gcc -stdlib=libc++ -x c -o /tmp/r100-armv7l-gcc-c-28989 - 
RESULT[link_stdlib_only]	rc=1	status=REJECTED
OUTPUT[link_stdlib_only]_BEGIN
armv7l-tizen-linux-gnueabi-gcc: error: unrecognized command-line option ‘-stdlib=libc++’
OUTPUT[link_stdlib_only]_END
COMMAND[link_no_as_needed]=tmp/GBS-ROOT/R96-armv7l-gcc-env/local/BUILD-ROOTS/scratch.armv7l.0/usr/bin/qemu-arm -L tmp/GBS-ROOT/R96-armv7l-gcc-env/local/BUILD-ROOTS/scratch.armv7l.0 tmp/GBS-ROOT/R96-armv7l-gcc-env/local/BUILD-ROOTS/scratch.armv7l.0/usr/bin/armv7l-tizen-linux-gnueabi-gcc -Wl\,--no-as-needed -x c -o /tmp/r100-armv7l-gcc-c-28989 - 
RESULT[link_no_as_needed]	rc=1	status=REJECTED
OUTPUT[link_no_as_needed]_BEGIN
qemu-arm-static: Could not open '/lib/ld-linux.so.3': No such file or directory
OUTPUT[link_no_as_needed]_END
COMMAND[link_cxxabi]=tmp/GBS-ROOT/R96-armv7l-gcc-env/local/BUILD-ROOTS/scratch.armv7l.0/usr/bin/qemu-arm -L tmp/GBS-ROOT/R96-armv7l-gcc-env/local/BUILD-ROOTS/scratch.armv7l.0 tmp/GBS-ROOT/R96-armv7l-gcc-env/local/BUILD-ROOTS/scratch.armv7l.0/usr/bin/armv7l-tizen-linux-gnueabi-gcc -lc++abi -x c -o /tmp/r100-armv7l-gcc-c-28989 - 
RESULT[link_cxxabi]	rc=1	status=REJECTED
OUTPUT[link_cxxabi]_BEGIN
qemu-arm-static: Could not open '/lib/ld-linux.so.3': No such file or directory
OUTPUT[link_cxxabi]_END
COMMAND[link_as_needed]=tmp/GBS-ROOT/R96-armv7l-gcc-env/local/BUILD-ROOTS/scratch.armv7l.0/usr/bin/qemu-arm -L tmp/GBS-ROOT/R96-armv7l-gcc-env/local/BUILD-ROOTS/scratch.armv7l.0 tmp/GBS-ROOT/R96-armv7l-gcc-env/local/BUILD-ROOTS/scratch.armv7l.0/usr/bin/armv7l-tizen-linux-gnueabi-gcc -Wl\,--as-needed -x c -o /tmp/r100-armv7l-gcc-c-28989 - 
RESULT[link_as_needed]	rc=1	status=REJECTED
OUTPUT[link_as_needed]_BEGIN
qemu-arm-static: Could not open '/lib/ld-linux.so.3': No such file or directory
OUTPUT[link_as_needed]_END
COMMAND[link_full]=tmp/GBS-ROOT/R96-armv7l-gcc-env/local/BUILD-ROOTS/scratch.armv7l.0/usr/bin/qemu-arm -L tmp/GBS-ROOT/R96-armv7l-gcc-env/local/BUILD-ROOTS/scratch.armv7l.0 tmp/GBS-ROOT/R96-armv7l-gcc-env/local/BUILD-ROOTS/scratch.armv7l.0/usr/bin/armv7l-tizen-linux-gnueabi-gcc -stdlib=libc++ -Wl\,--no-as-needed -lc++abi -Wl\,--as-needed -x c -o /tmp/r100-armv7l-gcc-c-28989 - 
RESULT[link_full]	rc=1	status=REJECTED
OUTPUT[link_full]_BEGIN
armv7l-tizen-linux-gnueabi-gcc: error: unrecognized command-line option ‘-stdlib=libc++’
OUTPUT[link_full]_END
COMMAND[trace_full]=tmp/GBS-ROOT/R96-armv7l-gcc-env/local/BUILD-ROOTS/scratch.armv7l.0/usr/bin/qemu-arm -L tmp/GBS-ROOT/R96-armv7l-gcc-env/local/BUILD-ROOTS/scratch.armv7l.0 tmp/GBS-ROOT/R96-armv7l-gcc-env/local/BUILD-ROOTS/scratch.armv7l.0/usr/bin/armv7l-tizen-linux-gnueabi-gcc -### -stdlib=libc++ -Wl\,--no-as-needed -lc++abi -Wl\,--as-needed -x c -o /tmp/r100-armv7l-gcc-c-28989 - 
RESULT[trace_full]	rc=1	status=REJECTED
OUTPUT[trace_full]_BEGIN
Using built-in specs.
COLLECT_GCC=tmp/GBS-ROOT/R96-armv7l-gcc-env/local/BUILD-ROOTS/scratch.armv7l.0/usr/bin/armv7l-tizen-linux-gnueabi-gcc
COLLECT_LTO_WRAPPER=/home/toolchain/development/libc++_replacement/tmp/GBS-ROOT/R96-armv7l-gcc-env/local/BUILD-ROOTS/scratch.armv7l.0/usr/bin/../lib/gcc/armv7l-tizen-linux-gnueabi/14.2.0/lto-wrapper
armv7l-tizen-linux-gnueabi-gcc: error: unrecognized command-line option ‘-stdlib=libc++’
Target: armv7l-tizen-linux-gnueabi
Configured with: ../configure --prefix=/usr --infodir=/usr/share/info --mandir=/usr/share/man --libdir=/usr/lib --libexecdir=/usr/lib --enable-languages=c,c++,fortran --enable-checking=release --disable-libssp --disable-bootstrap --disable-libvtv --enable-plugin --disable-libgcj --with-slibdir=/usr/lib --with-system-zlib --with-sysroot=/ --enable-__cxa_atexit --enable-libstdcxx-allocator=new --enable-version-specific-runtime-libs --enable-linker-build-id --without-system-libunwind --enable-threads=posix --disable-multilib --disable-cet --enable-lto --enable-libcc1 --enable-libgfortran --with-arch=armv7-a --with-tune=cortex-a8 --disable-sjlj-exceptions --with-bugurl=http://bugs.tizen.org/ --with-pkgversion='Tizen GCC 14.2.0 20240801 4.13' --target=armv7l-tizen-linux-gnueabi --host=armv7l-tizen-linux-gnueabi --build=armv7l-tizen-linux-gnueabi
Thread model: posix
Supported LTO compression algorithms: zlib
gcc version 14.2.0 (Tizen GCC 14.2.0 20240801 4.13) 
OUTPUT[trace_full]_END
PROBE_EXIT=0
===== armv7l gcc cxx =====
ARCH=armv7l
ROOT=tmp/GBS-ROOT/R96-armv7l-gcc-env/local/BUILD-ROOTS/scratch.armv7l.0
FAMILY=gcc
LANGUAGE=cxx
DRIVER=tmp/GBS-ROOT/R96-armv7l-gcc-env/local/BUILD-ROOTS/scratch.armv7l.0/usr/bin/armv7l-tizen-linux-gnueabi-g++
COMMAND[version]=tmp/GBS-ROOT/R96-armv7l-gcc-env/local/BUILD-ROOTS/scratch.armv7l.0/usr/bin/qemu-arm -L tmp/GBS-ROOT/R96-armv7l-gcc-env/local/BUILD-ROOTS/scratch.armv7l.0 tmp/GBS-ROOT/R96-armv7l-gcc-env/local/BUILD-ROOTS/scratch.armv7l.0/usr/bin/armv7l-tizen-linux-gnueabi-g++ --version 
RESULT[version]	rc=0	status=ACCEPTED_WITH_DIAGNOSTIC
OUTPUT[version]_BEGIN
armv7l-tizen-linux-gnueabi-g++ (Tizen GCC 14.2.0 20240801 4.13) 14.2.0
Copyright (C) 2024 Free Software Foundation, Inc.
This is free software; see the source for copying conditions.  There is NO
warranty; not even for MERCHANTABILITY or FITNESS FOR A PARTICULAR PURPOSE.
OUTPUT[version]_END
COMMAND[compile_stdlib]=tmp/GBS-ROOT/R96-armv7l-gcc-env/local/BUILD-ROOTS/scratch.armv7l.0/usr/bin/qemu-arm -L tmp/GBS-ROOT/R96-armv7l-gcc-env/local/BUILD-ROOTS/scratch.armv7l.0 tmp/GBS-ROOT/R96-armv7l-gcc-env/local/BUILD-ROOTS/scratch.armv7l.0/usr/bin/armv7l-tizen-linux-gnueabi-g++ -stdlib=libc++ -x cxx -c -o /dev/null - 
RESULT[compile_stdlib]	rc=1	status=REJECTED
OUTPUT[compile_stdlib]_BEGIN
armv7l-tizen-linux-gnueabi-g++: error: unrecognized command-line option ‘-stdlib=libc++’
OUTPUT[compile_stdlib]_END
COMMAND[link_stdlib_only]=tmp/GBS-ROOT/R96-armv7l-gcc-env/local/BUILD-ROOTS/scratch.armv7l.0/usr/bin/qemu-arm -L tmp/GBS-ROOT/R96-armv7l-gcc-env/local/BUILD-ROOTS/scratch.armv7l.0 tmp/GBS-ROOT/R96-armv7l-gcc-env/local/BUILD-ROOTS/scratch.armv7l.0/usr/bin/armv7l-tizen-linux-gnueabi-g++ -stdlib=libc++ -x cxx -o /tmp/r100-armv7l-gcc-cxx-29212 - 
RESULT[link_stdlib_only]	rc=1	status=REJECTED
OUTPUT[link_stdlib_only]_BEGIN
armv7l-tizen-linux-gnueabi-g++: error: unrecognized command-line option ‘-stdlib=libc++’
OUTPUT[link_stdlib_only]_END
COMMAND[link_no_as_needed]=tmp/GBS-ROOT/R96-armv7l-gcc-env/local/BUILD-ROOTS/scratch.armv7l.0/usr/bin/qemu-arm -L tmp/GBS-ROOT/R96-armv7l-gcc-env/local/BUILD-ROOTS/scratch.armv7l.0 tmp/GBS-ROOT/R96-armv7l-gcc-env/local/BUILD-ROOTS/scratch.armv7l.0/usr/bin/armv7l-tizen-linux-gnueabi-g++ -Wl\,--no-as-needed -x cxx -o /tmp/r100-armv7l-gcc-cxx-29212 - 
RESULT[link_no_as_needed]	rc=1	status=REJECTED
OUTPUT[link_no_as_needed]_BEGIN
armv7l-tizen-linux-gnueabi-g++: error: language cxx not recognized
armv7l-tizen-linux-gnueabi-g++: error: language cxx not recognized
OUTPUT[link_no_as_needed]_END
COMMAND[link_cxxabi]=tmp/GBS-ROOT/R96-armv7l-gcc-env/local/BUILD-ROOTS/scratch.armv7l.0/usr/bin/qemu-arm -L tmp/GBS-ROOT/R96-armv7l-gcc-env/local/BUILD-ROOTS/scratch.armv7l.0 tmp/GBS-ROOT/R96-armv7l-gcc-env/local/BUILD-ROOTS/scratch.armv7l.0/usr/bin/armv7l-tizen-linux-gnueabi-g++ -lc++abi -x cxx -o /tmp/r100-armv7l-gcc-cxx-29212 - 
RESULT[link_cxxabi]	rc=1	status=REJECTED
OUTPUT[link_cxxabi]_BEGIN
armv7l-tizen-linux-gnueabi-g++: error: language cxx not recognized
armv7l-tizen-linux-gnueabi-g++: error: language cxx not recognized
OUTPUT[link_cxxabi]_END
COMMAND[link_as_needed]=tmp/GBS-ROOT/R96-armv7l-gcc-env/local/BUILD-ROOTS/scratch.armv7l.0/usr/bin/qemu-arm -L tmp/GBS-ROOT/R96-armv7l-gcc-env/local/BUILD-ROOTS/scratch.armv7l.0 tmp/GBS-ROOT/R96-armv7l-gcc-env/local/BUILD-ROOTS/scratch.armv7l.0/usr/bin/armv7l-tizen-linux-gnueabi-g++ -Wl\,--as-needed -x cxx -o /tmp/r100-armv7l-gcc-cxx-29212 - 
RESULT[link_as_needed]	rc=1	status=REJECTED
OUTPUT[link_as_needed]_BEGIN
armv7l-tizen-linux-gnueabi-g++: error: language cxx not recognized
armv7l-tizen-linux-gnueabi-g++: error: language cxx not recognized
OUTPUT[link_as_needed]_END
COMMAND[link_full]=tmp/GBS-ROOT/R96-armv7l-gcc-env/local/BUILD-ROOTS/scratch.armv7l.0/usr/bin/qemu-arm -L tmp/GBS-ROOT/R96-armv7l-gcc-env/local/BUILD-ROOTS/scratch.armv7l.0 tmp/GBS-ROOT/R96-armv7l-gcc-env/local/BUILD-ROOTS/scratch.armv7l.0/usr/bin/armv7l-tizen-linux-gnueabi-g++ -stdlib=libc++ -Wl\,--no-as-needed -lc++abi -Wl\,--as-needed -x cxx -o /tmp/r100-armv7l-gcc-cxx-29212 - 
RESULT[link_full]	rc=1	status=REJECTED
OUTPUT[link_full]_BEGIN
armv7l-tizen-linux-gnueabi-g++: error: unrecognized command-line option ‘-stdlib=libc++’
OUTPUT[link_full]_END
COMMAND[trace_full]=tmp/GBS-ROOT/R96-armv7l-gcc-env/local/BUILD-ROOTS/scratch.armv7l.0/usr/bin/qemu-arm -L tmp/GBS-ROOT/R96-armv7l-gcc-env/local/BUILD-ROOTS/scratch.armv7l.0 tmp/GBS-ROOT/R96-armv7l-gcc-env/local/BUILD-ROOTS/scratch.armv7l.0/usr/bin/armv7l-tizen-linux-gnueabi-g++ -### -stdlib=libc++ -Wl\,--no-as-needed -lc++abi -Wl\,--as-needed -x cxx -o /tmp/r100-armv7l-gcc-cxx-29212 - 
RESULT[trace_full]	rc=1	status=REJECTED
OUTPUT[trace_full]_BEGIN
Using built-in specs.
COLLECT_GCC=tmp/GBS-ROOT/R96-armv7l-gcc-env/local/BUILD-ROOTS/scratch.armv7l.0/usr/bin/armv7l-tizen-linux-gnueabi-g++
COLLECT_LTO_WRAPPER=/home/toolchain/development/libc++_replacement/tmp/GBS-ROOT/R96-armv7l-gcc-env/local/BUILD-ROOTS/scratch.armv7l.0/usr/bin/../lib/gcc/armv7l-tizen-linux-gnueabi/14.2.0/lto-wrapper
armv7l-tizen-linux-gnueabi-g++: error: unrecognized command-line option ‘-stdlib=libc++’
Target: armv7l-tizen-linux-gnueabi
Configured with: ../configure --prefix=/usr --infodir=/usr/share/info --mandir=/usr/share/man --libdir=/usr/lib --libexecdir=/usr/lib --enable-languages=c,c++,fortran --enable-checking=release --disable-libssp --disable-bootstrap --disable-libvtv --enable-plugin --disable-libgcj --with-slibdir=/usr/lib --with-system-zlib --with-sysroot=/ --enable-__cxa_atexit --enable-libstdcxx-allocator=new --enable-version-specific-runtime-libs --enable-linker-build-id --without-system-libunwind --enable-threads=posix --disable-multilib --disable-cet --enable-lto --enable-libcc1 --enable-libgfortran --with-arch=armv7-a --with-tune=cortex-a8 --disable-sjlj-exceptions --with-bugurl=http://bugs.tizen.org/ --with-pkgversion='Tizen GCC 14.2.0 20240801 4.13' --target=armv7l-tizen-linux-gnueabi --host=armv7l-tizen-linux-gnueabi --build=armv7l-tizen-linux-gnueabi
Thread model: posix
Supported LTO compression algorithms: zlib
gcc version 14.2.0 (Tizen GCC 14.2.0 20240801 4.13) 
OUTPUT[trace_full]_END
PROBE_EXIT=0
===== armv7l clang c =====
ARCH=armv7l
ROOT=tmp/GBS-ROOT/R96-armv7l-gcc-env/local/BUILD-ROOTS/scratch.armv7l.0
FAMILY=clang
LANGUAGE=c
DRIVER=tmp/GBS-ROOT/R96-armv7l-gcc-env/local/BUILD-ROOTS/scratch.armv7l.0/usr/bin/armv7l-tizen-linux-gnueabi-clang
COMMAND[version]=tmp/GBS-ROOT/R96-armv7l-gcc-env/local/BUILD-ROOTS/scratch.armv7l.0/usr/bin/qemu-arm -L tmp/GBS-ROOT/R96-armv7l-gcc-env/local/BUILD-ROOTS/scratch.armv7l.0 tmp/GBS-ROOT/R96-armv7l-gcc-env/local/BUILD-ROOTS/scratch.armv7l.0/usr/bin/armv7l-tizen-linux-gnueabi-clang --version 
