BUILDLOG_SCAN
progress=100/749
progress=200/749
progress=300/749
progress=400/749
OPTION_PROBE_LAST
OUTPUT[version]_BEGIN
armv7l-tizen-linux-gnueabi-g++ (Tizen GCC 14.2.0 20240801 4.13) 14.2.0
Copyright (C) 2024 Free Software Foundation, Inc.
This is free software; see the source for copying conditions.  There is NO
warranty; not even for MERCHANTABILITY or FITNESS FOR A PARTICULAR PURPOSE.
OUTPUT[version]_END
COMMAND[compile_stdlib]=tmp/GBS-ROOT/R96-armv7l-gcc-env/local/BUILD-ROOTS/scratch.armv7l.0/usr/bin/qemu-arm -L tmp/GBS-ROOT/R96-armv7l-gcc-env/local/BUILD-ROOTS/scratch.armv7l.0 tmp/GBS-ROOT/R96-armv7l-gcc-env/local/BUILD-ROOTS/scratch.armv7l.0/usr/bin/armv7l-tizen-linux-gnueabi-g++ -stdlib=libc++ -x cxx -c -o /dev/null - 
RESULT[compile_stdlib]	rc=1	status=REJECTED
OUTPUT[compile_stdlib]_BEGIN
armv7l-tizen-linux-gnueabi-g++: error: unrecognized command-line option ‘-stdlib=libc++’
OUTPUT[compile_stdlib]_END
COMMAND[link_stdlib_only]=tmp/GBS-ROOT/R96-armv7l-gcc-env/local/BUILD-ROOTS/scratch.armv7l.0/usr/bin/qemu-arm -L tmp/GBS-ROOT/R96-armv7l-gcc-env/local/BUILD-ROOTS/scratch.armv7l.0 tmp/GBS-ROOT/R96-armv7l-gcc-env/local/BUILD-ROOTS/scratch.armv7l.0/usr/bin/armv7l-tizen-linux-gnueabi-g++ -stdlib=libc++ -x cxx -o /tmp/r100-armv7l-gcc-cxx-29212 - 
RESULT[link_stdlib_only]	rc=1	status=REJECTED
OUTPUT[link_stdlib_only]_BEGIN
armv7l-tizen-linux-gnueabi-g++: error: unrecognized command-line option ‘-stdlib=libc++’
OUTPUT[link_stdlib_only]_END
COMMAND[link_no_as_needed]=tmp/GBS-ROOT/R96-armv7l-gcc-env/local/BUILD-ROOTS/scratch.armv7l.0/usr/bin/qemu-arm -L tmp/GBS-ROOT/R96-armv7l-gcc-env/local/BUILD-ROOTS/scratch.armv7l.0 tmp/GBS-ROOT/R96-armv7l-gcc-env/local/BUILD-ROOTS/scratch.armv7l.0/usr/bin/armv7l-tizen-linux-gnueabi-g++ -Wl\,--no-as-needed -x cxx -o /tmp/r100-armv7l-gcc-cxx-29212 - 
RESULT[link_no_as_needed]	rc=1	status=REJECTED
OUTPUT[link_no_as_needed]_BEGIN
armv7l-tizen-linux-gnueabi-g++: error: language cxx not recognized
armv7l-tizen-linux-gnueabi-g++: error: language cxx not recognized
OUTPUT[link_no_as_needed]_END
COMMAND[link_cxxabi]=tmp/GBS-ROOT/R96-armv7l-gcc-env/local/BUILD-ROOTS/scratch.armv7l.0/usr/bin/qemu-arm -L tmp/GBS-ROOT/R96-armv7l-gcc-env/local/BUILD-ROOTS/scratch.armv7l.0 tmp/GBS-ROOT/R96-armv7l-gcc-env/local/BUILD-ROOTS/scratch.armv7l.0/usr/bin/armv7l-tizen-linux-gnueabi-g++ -lc++abi -x cxx -o /tmp/r100-armv7l-gcc-cxx-29212 - 
RESULT[link_cxxabi]	rc=1	status=REJECTED
OUTPUT[link_cxxabi]_BEGIN
armv7l-tizen-linux-gnueabi-g++: error: language cxx not recognized
armv7l-tizen-linux-gnueabi-g++: error: language cxx not recognized
OUTPUT[link_cxxabi]_END
COMMAND[link_as_needed]=tmp/GBS-ROOT/R96-armv7l-gcc-env/local/BUILD-ROOTS/scratch.armv7l.0/usr/bin/qemu-arm -L tmp/GBS-ROOT/R96-armv7l-gcc-env/local/BUILD-ROOTS/scratch.armv7l.0 tmp/GBS-ROOT/R96-armv7l-gcc-env/local/BUILD-ROOTS/scratch.armv7l.0/usr/bin/armv7l-tizen-linux-gnueabi-g++ -Wl\,--as-needed -x cxx -o /tmp/r100-armv7l-gcc-cxx-29212 - 
RESULT[link_as_needed]	rc=1	status=REJECTED
OUTPUT[link_as_needed]_BEGIN
armv7l-tizen-linux-gnueabi-g++: error: language cxx not recognized
armv7l-tizen-linux-gnueabi-g++: error: language cxx not recognized
OUTPUT[link_as_needed]_END
COMMAND[link_full]=tmp/GBS-ROOT/R96-armv7l-gcc-env/local/BUILD-ROOTS/scratch.armv7l.0/usr/bin/qemu-arm -L tmp/GBS-ROOT/R96-armv7l-gcc-env/local/BUILD-ROOTS/scratch.armv7l.0 tmp/GBS-ROOT/R96-armv7l-gcc-env/local/BUILD-ROOTS/scratch.armv7l.0/usr/bin/armv7l-tizen-linux-gnueabi-g++ -stdlib=libc++ -Wl\,--no-as-needed -lc++abi -Wl\,--as-needed -x cxx -o /tmp/r100-armv7l-gcc-cxx-29212 - 
RESULT[link_full]	rc=1	status=REJECTED
OUTPUT[link_full]_BEGIN
armv7l-tizen-linux-gnueabi-g++: error: unrecognized command-line option ‘-stdlib=libc++’
OUTPUT[link_full]_END
COMMAND[trace_full]=tmp/GBS-ROOT/R96-armv7l-gcc-env/local/BUILD-ROOTS/scratch.armv7l.0/usr/bin/qemu-arm -L tmp/GBS-ROOT/R96-armv7l-gcc-env/local/BUILD-ROOTS/scratch.armv7l.0 tmp/GBS-ROOT/R96-armv7l-gcc-env/local/BUILD-ROOTS/scratch.armv7l.0/usr/bin/armv7l-tizen-linux-gnueabi-g++ -### -stdlib=libc++ -Wl\,--no-as-needed -lc++abi -Wl\,--as-needed -x cxx -o /tmp/r100-armv7l-gcc-cxx-29212 - 
RESULT[trace_full]	rc=1	status=REJECTED
OUTPUT[trace_full]_BEGIN
Using built-in specs.
COLLECT_GCC=tmp/GBS-ROOT/R96-armv7l-gcc-env/local/BUILD-ROOTS/scratch.armv7l.0/usr/bin/armv7l-tizen-linux-gnueabi-g++
COLLECT_LTO_WRAPPER=/home/toolchain/development/libc++_replacement/tmp/GBS-ROOT/R96-armv7l-gcc-env/local/BUILD-ROOTS/scratch.armv7l.0/usr/bin/../lib/gcc/armv7l-tizen-linux-gnueabi/14.2.0/lto-wrapper
armv7l-tizen-linux-gnueabi-g++: error: unrecognized command-line option ‘-stdlib=libc++’
Target: armv7l-tizen-linux-gnueabi
Configured with: ../configure --prefix=/usr --infodir=/usr/share/info --mandir=/usr/share/man --libdir=/usr/lib --libexecdir=/usr/lib --enable-languages=c,c++,fortran --enable-checking=release --disable-libssp --disable-bootstrap --disable-libvtv --enable-plugin --disable-libgcj --with-slibdir=/usr/lib --with-system-zlib --with-sysroot=/ --enable-__cxa_atexit --enable-libstdcxx-allocator=new --enable-version-specific-runtime-libs --enable-linker-build-id --without-system-libunwind --enable-threads=posix --disable-multilib --disable-cet --enable-lto --enable-libcc1 --enable-libgfortran --with-arch=armv7-a --with-tune=cortex-a8 --disable-sjlj-exceptions --with-bugurl=http://bugs.tizen.org/ --with-pkgversion='Tizen GCC 14.2.0 20240801 4.13' --target=armv7l-tizen-linux-gnueabi --host=armv7l-tizen-linux-gnueabi --build=armv7l-tizen-linux-gnueabi
Thread model: posix
Supported LTO compression algorithms: zlib
gcc version 14.2.0 (Tizen GCC 14.2.0 20240801 4.13) 
OUTPUT[trace_full]_END
PROBE_EXIT=0
===== armv7l clang c =====
ARCH=armv7l
ROOT=tmp/GBS-ROOT/R96-armv7l-gcc-env/local/BUILD-ROOTS/scratch.armv7l.0
FAMILY=clang
LANGUAGE=c
DRIVER=tmp/GBS-ROOT/R96-armv7l-gcc-env/local/BUILD-ROOTS/scratch.armv7l.0/usr/bin/armv7l-tizen-linux-gnueabi-clang
COMMAND[version]=tmp/GBS-ROOT/R96-armv7l-gcc-env/local/BUILD-ROOTS/scratch.armv7l.0/usr/bin/qemu-arm -L tmp/GBS-ROOT/R96-armv7l-gcc-env/local/BUILD-ROOTS/scratch.armv7l.0 tmp/GBS-ROOT/R96-armv7l-gcc-env/local/BUILD-ROOTS/scratch.armv7l.0/usr/bin/armv7l-tizen-linux-gnueabi-clang --version 
PROCESSES
  28628    8827 Ss         07:59  0.0  3588 do_wait            bash progress/R100/code/run_logged.sh 028 scan_all_base_cpp_buildlogs_retry nice -n 15 ionice -c 3 /usr/bin/python3 progress/R100/code/scan_cpp_buildlogs.py
  28632   28628 SNl        07:59  2.1 28360 futex_do_wait      /usr/bin/python3 progress/R100/code/scan_cpp_buildlogs.py
  28982    8827 Ss         04:21  0.0  3568 do_wait            bash progress/R100/code/run_logged.sh 033 probe_global_flags_all_drivers bash -lc set -u; for spec in "armv7l tmp/GBS-ROOT/R96-armv7l-gcc-env/local/BUILD-ROOTS/scratch.armv7l.0" "aarch64 tmp/GBS-ROOT/LIBCXX-2218-aarch64-20260804-r2/local/BUILD-ROOTS/scratch.aarch64.0" "x86_64 tmp/GBS-ROOT/LIBCXX-R91-x86_64-retry1/local/BUILD-ROOTS/scratch.x86_64.0"; do set -- $spec; arch=$1; root=$2; for family in gcc clang; do for lang in c cxx; do printf "===== %s %s %s =====\n" "$arch" "$family" "$lang"; nice -n 15 ionice -c 3 bash progress/R100/code/probe_global_stdlib_flags.sh "$arch" "$root" "$family" "$lang"; rc=$?; printf "PROBE_EXIT=%s\n" "$rc"; test "$rc" -eq 0 || exit "$rc"; done; done; done
  28985   28982 S          04:21  0.0  3672 do_wait            bash -lc set -u; for spec in "armv7l tmp/GBS-ROOT/R96-armv7l-gcc-env/local/BUILD-ROOTS/scratch.armv7l.0" "aarch64 tmp/GBS-ROOT/LIBCXX-2218-aarch64-20260804-r2/local/BUILD-ROOTS/scratch.aarch64.0" "x86_64 tmp/GBS-ROOT/LIBCXX-R91-x86_64-retry1/local/BUILD-ROOTS/scratch.x86_64.0"; do set -- $spec; arch=$1; root=$2; for family in gcc clang; do for lang in c cxx; do printf "===== %s %s %s =====\n" "$arch" "$family" "$lang"; nice -n 15 ionice -c 3 bash progress/R100/code/probe_global_stdlib_flags.sh "$arch" "$root" "$family" "$lang"; rc=$?; printf "PROBE_EXIT=%s\n" "$rc"; test "$rc" -eq 0 || exit "$rc"; done; done; done
  29252   28985 SN         01:39  0.0  3556 anon_pipe_read     bash progress/R100/code/probe_global_stdlib_flags.sh armv7l tmp/GBS-ROOT/R96-armv7l-gcc-env/local/BUILD-ROOTS/scratch.armv7l.0 clang c
  29253   29252 SN         01:39  0.0  2092 do_wait            bash progress/R100/code/probe_global_stdlib_flags.sh armv7l tmp/GBS-ROOT/R96-armv7l-gcc-env/local/BUILD-ROOTS/scratch.armv7l.0 clang c
  29255   29253 DNl        01:39  0.0  7252 folio_wait_bit_com tmp/GBS-ROOT/R96-armv7l-gcc-env/local/BUILD-ROOTS/scratch.armv7l.0/usr/bin/qemu-arm -L tmp/GBS-ROOT/R96-armv7l-gcc-env/local/BUILD-ROOTS/scratch.armv7l.0 tmp/GBS-ROOT/R96-armv7l-gcc-env/local/BUILD-ROOTS/scratch.armv7l.0/usr/bin/armv7l-tizen-linux-gnueabi-clang --version
  29430   29423 S          00:00  0.0  4464 anon_pipe_read     rg (scan_cpp_buildlogs|probe_global_stdlib_flags|qemu-(arm|aarch64))
