BUILDLOG_SCAN
progress=100/749
progress=200/749
progress=300/749
progress=400/749
progress=500/749
OPTION_PROBE_PROGRESS
===== armv7l gcc c =====
RESULT[version]	rc=0	status=ACCEPTED_WITH_DIAGNOSTIC
RESULT[link_full]	rc=1	status=REJECTED
PROBE_EXIT=0
===== armv7l gcc cxx =====
RESULT[version]	rc=0	status=ACCEPTED_WITH_DIAGNOSTIC
RESULT[link_full]	rc=1	status=REJECTED
PROBE_EXIT=0
===== armv7l clang c =====
RESOURCES
               total        used        free      shared  buff/cache   available
Mem:            30Gi       6.6Gi       2.2Gi       745Mi        23Gi        24Gi
Swap:          4.0Gi       3.1Gi       959Mi
 22:16:54 up  2:45,  1 user,  load average: 16.21, 16.16, 14.94
