docs/progress/R95/code/aggregate_cross_edges.py
docs/progress/R95/code/classify_actual_cross_edges.py
docs/progress/R95/code/compare_prior_inventory.py
docs/progress/R95/code/filter_edges_by_exact_cpp_provider.py
docs/progress/R95/code/prepare_base_scan_manifest.py
docs/progress/R95/code/reused_scan_binary_rpms.py
docs/progress/R95/code/select_runtime_rpm_candidates.py
docs/progress/R95/code/summarize_base_elf_scan.py
docs/progress/R95/raw/001_startup_and_resource_gate.command.txt
docs/progress/R95/raw/001_startup_and_resource_gate.exitcode
docs/progress/R95/raw/001_startup_and_resource_gate.stderr
docs/progress/R95/raw/001_startup_and_resource_gate.stdout
docs/progress/R95/raw/003_scoped_evidence_inventory.command.txt
docs/progress/R95/raw/003_scoped_evidence_inventory.exitcode
docs/progress/R95/raw/003_scoped_evidence_inventory.stderr
docs/progress/R95/raw/003_scoped_evidence_inventory.stdout
docs/progress/R95/raw/005_inventory_r11_r22_inputs.command.txt
docs/progress/R95/raw/005_inventory_r11_r22_inputs.exitcode
docs/progress/R95/raw/005_inventory_r11_r22_inputs.stderr
docs/progress/R95/raw/005_inventory_r11_r22_inputs.stdout
docs/progress/R95/raw/006_inspect_full_inventory_schemas.command.txt
docs/progress/R95/raw/006_inspect_full_inventory_schemas.exitcode
docs/progress/R95/raw/006_inspect_full_inventory_schemas.stderr
docs/progress/R95/raw/006_inspect_full_inventory_schemas.stdout
docs/progress/R95/raw/008_inspect_edge_classification_schemas.command.txt
docs/progress/R95/raw/008_inspect_edge_classification_schemas.exitcode
docs/progress/R95/raw/008_inspect_edge_classification_schemas.stderr
docs/progress/R95/raw/008_inspect_edge_classification_schemas.stdout
docs/progress/R95/raw/009_inspect_r82_classification_logic.command.txt
docs/progress/R95/raw/009_inspect_r82_classification_logic.exitcode
docs/progress/R95/raw/009_inspect_r82_classification_logic.stderr
docs/progress/R95/raw/009_inspect_r82_classification_logic.stdout
docs/progress/R95/raw/021_inspect_prior_table_headers.command.txt
docs/progress/R95/raw/021_inspect_prior_table_headers.exitcode
docs/progress/R95/raw/021_inspect_prior_table_headers.stderr
docs/progress/R95/raw/021_inspect_prior_table_headers.stdout
docs/progress/R95/raw/027_rerun_metadata_parser_with_source_names.command.txt
docs/progress/R95/raw/027_rerun_metadata_parser_with_source_names.exitcode
docs/progress/R95/raw/027_rerun_metadata_parser_with_source_names.stderr
docs/progress/R95/raw/027_rerun_metadata_parser_with_source_names.stdout
docs/progress/R95/raw/028_summarize_unified_base_cpp_dependency_edges.command.txt
docs/progress/R95/raw/028_summarize_unified_base_cpp_dependency_edges.exitcode
docs/progress/R95/raw/028_summarize_unified_base_cpp_dependency_edges.stderr
docs/progress/R95/raw/028_summarize_unified_base_cpp_dependency_edges.stdout
docs/progress/R95/raw/029_refine_cpp_provider_edge_filter.command.txt
docs/progress/R95/raw/029_refine_cpp_provider_edge_filter.exitcode
docs/progress/R95/raw/029_refine_cpp_provider_edge_filter.stderr
docs/progress/R95/raw/029_refine_cpp_provider_edge_filter.stdout
docs/progress/R95/raw/033_add_package_sizes_to_metadata_tables.command.txt
docs/progress/R95/raw/033_add_package_sizes_to_metadata_tables.exitcode
docs/progress/R95/raw/033_add_package_sizes_to_metadata_tables.stderr
docs/progress/R95/raw/033_add_package_sizes_to_metadata_tables.stdout
docs/progress/R95/raw/035_select_base_runtime_rpm_candidates.command.txt
docs/progress/R95/raw/035_select_base_runtime_rpm_candidates.exitcode
docs/progress/R95/raw/035_select_base_runtime_rpm_candidates.stderr
docs/progress/R95/raw/035_select_base_runtime_rpm_candidates.stdout
docs/progress/R95/raw/036_quantify_runtime_dependency_method_blind_spot.command.txt
docs/progress/R95/raw/036_quantify_runtime_dependency_method_blind_spot.exitcode
docs/progress/R95/raw/036_quantify_runtime_dependency_method_blind_spot.stderr
docs/progress/R95/raw/036_quantify_runtime_dependency_method_blind_spot.stdout
docs/progress/R95/raw/039_estimate_cross_edge_rpm_download_set.command.txt
docs/progress/R95/raw/039_estimate_cross_edge_rpm_download_set.exitcode
docs/progress/R95/raw/039_estimate_cross_edge_rpm_download_set.recovery_note.txt
docs/progress/R95/raw/039_estimate_cross_edge_rpm_download_set.stderr
docs/progress/R95/raw/039_estimate_cross_edge_rpm_download_set.stdout
docs/progress/R95/raw/040_rerun_cross_edge_download_estimate.command.txt
docs/progress/R95/raw/040_rerun_cross_edge_download_estimate.exitcode
docs/progress/R95/raw/040_rerun_cross_edge_download_estimate.stderr
docs/progress/R95/raw/040_rerun_cross_edge_download_estimate.stdout
docs/progress/R95/raw/041_locate_prior_edge_scanner_code.command.txt
docs/progress/R95/raw/041_locate_prior_edge_scanner_code.exitcode
docs/progress/R95/raw/041_locate_prior_edge_scanner_code.stderr
docs/progress/R95/raw/041_locate_prior_edge_scanner_code.stdout
docs/progress/R95/raw/042_inspect_prior_edge_classifier.command.txt
docs/progress/R95/raw/042_inspect_prior_edge_classifier.exitcode
docs/progress/R95/raw/042_inspect_prior_edge_classifier.stderr
docs/progress/R95/raw/042_inspect_prior_edge_classifier.stdout
docs/progress/R95/raw/046_locate_existing_rpm_elf_inventory_tools.command.txt
docs/progress/R95/raw/046_locate_existing_rpm_elf_inventory_tools.exitcode
docs/progress/R95/raw/046_locate_existing_rpm_elf_inventory_tools.stderr
docs/progress/R95/raw/046_locate_existing_rpm_elf_inventory_tools.stdout
docs/progress/R95/raw/047_inspect_r11_download_and_scan_tools.command.txt
docs/progress/R95/raw/047_inspect_r11_download_and_scan_tools.exitcode
docs/progress/R95/raw/047_inspect_r11_download_and_scan_tools.stderr
docs/progress/R95/raw/047_inspect_r11_download_and_scan_tools.stdout
docs/progress/R95/raw/049_download_cross_edge_rpms.command.txt
docs/progress/R95/raw/049_download_cross_edge_rpms.exitcode
docs/progress/R95/raw/049_download_cross_edge_rpms.stderr
docs/progress/R95/raw/049_download_cross_edge_rpms.stdout
docs/progress/R95/raw/052_individual_elf_scan_commands.log
docs/progress/R95/raw/052_scan_cross_edge_rpm_elfs.command.txt
docs/progress/R95/raw/052_scan_cross_edge_rpm_elfs.exitcode
docs/progress/R95/raw/052_scan_cross_edge_rpm_elfs.stderr
docs/progress/R95/raw/052_scan_cross_edge_rpm_elfs.stdout
docs/progress/R95/raw/053_verify_cross_edge_elf_scan.command.txt
docs/progress/R95/raw/053_verify_cross_edge_elf_scan.exitcode
docs/progress/R95/raw/053_verify_cross_edge_elf_scan.stderr
docs/progress/R95/raw/053_verify_cross_edge_elf_scan.stdout
docs/progress/R95/raw/055_classify_actual_unified_base_elf_edges.command.txt
docs/progress/R95/raw/055_classify_actual_unified_base_elf_edges.exitcode
docs/progress/R95/raw/055_classify_actual_unified_base_elf_edges.stderr
docs/progress/R95/raw/055_classify_actual_unified_base_elf_edges.stdout
docs/progress/R95/raw/057_rerun_actual_edge_classification_with_soname.command.txt
docs/progress/R95/raw/057_rerun_actual_edge_classification_with_soname.exitcode
docs/progress/R95/raw/057_rerun_actual_edge_classification_with_soname.stderr
docs/progress/R95/raw/057_rerun_actual_edge_classification_with_soname.stdout
docs/progress/R95/raw/059_aggregate_actual_cross_edges_by_source_name.command.txt
docs/progress/R95/raw/059_aggregate_actual_cross_edges_by_source_name.exitcode
docs/progress/R95/raw/059_aggregate_actual_cross_edges_by_source_name.stderr
docs/progress/R95/raw/059_aggregate_actual_cross_edges_by_source_name.stdout
docs/progress/R95/raw/068_individual_elf_scan_commands.log
docs/progress/R95/raw/068_scan_full_base_candidate_elfs.command.txt
docs/progress/R95/raw/068_scan_full_base_candidate_elfs.exitcode
docs/progress/R95/raw/068_scan_full_base_candidate_elfs.stderr
docs/progress/R95/raw/068_scan_full_base_candidate_elfs.stdout
docs/progress/R95/raw/069_sample_full_base_scan_progress.command.txt
docs/progress/R95/raw/069_sample_full_base_scan_progress.exitcode
docs/progress/R95/raw/069_sample_full_base_scan_progress.stderr
docs/progress/R95/raw/069_sample_full_base_scan_progress.stdout
docs/progress/R95/raw/070_verify_full_base_elf_scan.command.txt
docs/progress/R95/raw/070_verify_full_base_elf_scan.exitcode
docs/progress/R95/raw/070_verify_full_base_elf_scan.stderr
docs/progress/R95/raw/070_verify_full_base_elf_scan.stdout
docs/progress/R95/raw/072_remap_483_using_exact_base_cpp_scan.command.txt
docs/progress/R95/raw/072_remap_483_using_exact_base_cpp_scan.exitcode
docs/progress/R95/raw/072_remap_483_using_exact_base_cpp_scan.stderr
docs/progress/R95/raw/072_remap_483_using_exact_base_cpp_scan.stdout
docs/progress/R95/raw/073_filter_cross_edges_with_exact_base_cpp_scan.command.txt
docs/progress/R95/raw/073_filter_cross_edges_with_exact_base_cpp_scan.exitcode
docs/progress/R95/raw/073_filter_cross_edges_with_exact_base_cpp_scan.stderr
docs/progress/R95/raw/073_filter_cross_edges_with_exact_base_cpp_scan.stdout
docs/progress/R95/raw/084_individual_elf_scan_commands.log
docs/progress/R95/raw/084_scan_remaining_base_rpms.command.txt
docs/progress/R95/raw/084_scan_remaining_base_rpms.exitcode
docs/progress/R95/raw/084_scan_remaining_base_rpms.stderr
docs/progress/R95/raw/084_scan_remaining_base_rpms.stdout
docs/progress/R95/raw/085_sample_remaining_base_scan_progress.command.txt
docs/progress/R95/raw/085_sample_remaining_base_scan_progress.exitcode
docs/progress/R95/raw/085_sample_remaining_base_scan_progress.stderr
docs/progress/R95/raw/085_sample_remaining_base_scan_progress.stdout
docs/progress/R95/raw/086_verify_remaining_base_elf_scan.command.txt
docs/progress/R95/raw/086_verify_remaining_base_elf_scan.exitcode
docs/progress/R95/raw/086_verify_remaining_base_elf_scan.stderr
docs/progress/R95/raw/086_verify_remaining_base_elf_scan.stdout
docs/progress/R95/raw/087_summarize_complete_base_elf_scan.command.txt
docs/progress/R95/raw/087_summarize_complete_base_elf_scan.exitcode
docs/progress/R95/raw/087_summarize_complete_base_elf_scan.stderr
docs/progress/R95/raw/087_summarize_complete_base_elf_scan.stdout
docs/progress/R95/raw/089_final_map_483_with_complete_base_scan.command.txt
docs/progress/R95/raw/089_final_map_483_with_complete_base_scan.exitcode
docs/progress/R95/raw/089_final_map_483_with_complete_base_scan.stderr
docs/progress/R95/raw/089_final_map_483_with_complete_base_scan.stdout
docs/progress/R95/raw/090_summarize_final_cross_edge_counts.command.txt
docs/progress/R95/raw/090_summarize_final_cross_edge_counts.exitcode
docs/progress/R95/raw/090_summarize_final_cross_edge_counts.stderr
docs/progress/R95/raw/090_summarize_final_cross_edge_counts.stdout
docs/progress/R95/raw/091_verify_cross_edge_input_completeness.command.txt
docs/progress/R95/raw/091_verify_cross_edge_input_completeness.exitcode
docs/progress/R95/raw/091_verify_cross_edge_input_completeness.stderr
docs/progress/R95/raw/091_verify_cross_edge_input_completeness.stdout
docs/progress/R95/raw/092_inspect_static_archive_scanner_availability.command.txt
docs/progress/R95/raw/092_inspect_static_archive_scanner_availability.exitcode
docs/progress/R95/raw/092_inspect_static_archive_scanner_availability.stderr
docs/progress/R95/raw/092_inspect_static_archive_scanner_availability.stdout
docs/progress/R95/raw/093_validate_complete_base_cpp_tables.command.txt
docs/progress/R95/raw/093_validate_complete_base_cpp_tables.exitcode
docs/progress/R95/raw/093_validate_complete_base_cpp_tables.stderr
docs/progress/R95/raw/093_validate_complete_base_cpp_tables.stdout
docs/progress/R95/raw/102_inspect_elf_classifier_definition.command.txt
docs/progress/R95/raw/102_inspect_elf_classifier_definition.exitcode
docs/progress/R95/raw/102_inspect_elf_classifier_definition.stderr
docs/progress/R95/raw/102_inspect_elf_classifier_definition.stdout
docs/progress/R95/tables/actual_cross_edge_unresolved.tsv
docs/progress/R95/tables/actual_cross_elf_edge_evidence.tsv
docs/progress/R95/tables/actual_cross_logical_edge_classification.tsv
docs/progress/R95/tables/actual_cross_source_edge_classification.tsv
docs/progress/R95/tables/base_binary_image_membership.tsv
docs/progress/R95/tables/base_binary_records.tsv
docs/progress/R95/tables/base_cpp_binary_records_exact.tsv
docs/progress/R95/tables/base_cpp_image_membership_exact.tsv
docs/progress/R95/tables/base_cpp_runtime_elfs_exact.tsv
docs/progress/R95/tables/base_cpp_source_records_exact.tsv
docs/progress/R95/tables/base_remaining_download_manifest.tsv
docs/progress/R95/tables/base_remaining_download_status.tsv
docs/progress/R95/tables/base_scan_download_manifest.tsv
docs/progress/R95/tables/base_scan_download_status.tsv
docs/progress/R95/tables/base_source_records.tsv
docs/progress/R95/tables/cross_rpm_download_manifest.tsv
docs/progress/R95/tables/cross_rpm_download_status.tsv
docs/progress/R95/tables/migration_483_actual_project_mapping.tsv
progress/R95/base_remaining_scan/dt_needed_edges.tsv
progress/R95/base_remaining_scan/elf_analysis_failures.tsv
progress/R95/base_remaining_scan/elf_inventory.tsv
progress/R95/base_remaining_scan/rpm_extraction_status.tsv
progress/R95/base_remaining_scan/unwind_undefined_symbols.tsv
progress/R95/base_scan/dt_needed_edges.tsv
progress/R95/base_scan/elf_analysis_failures.tsv
progress/R95/base_scan/elf_inventory.tsv
progress/R95/base_scan/rpm_extraction_status.tsv
progress/R95/base_scan/unwind_undefined_symbols.tsv
progress/R95/code/aggregate_cross_edges.py
progress/R95/code/classify_actual_cross_edges.py
progress/R95/code/compare_prior_inventory.py
progress/R95/code/filter_edges_by_exact_cpp_provider.py
progress/R95/code/prepare_base_scan_manifest.py
progress/R95/code/select_runtime_rpm_candidates.py
progress/R95/code/summarize_base_elf_scan.py
progress/R95/cross_scan/dt_needed_edges.tsv
progress/R95/cross_scan/elf_analysis_failures.tsv
progress/R95/cross_scan/elf_inventory.tsv
progress/R95/cross_scan/rpm_extraction_status.tsv
progress/R95/cross_scan/unwind_undefined_symbols.tsv
progress/R95/inputs/base_source_primary.xml.gz
progress/R95/inputs/base_source_repomd.xml
progress/R95/inputs/unified_source_primary.xml.gz
progress/R95/inputs/unified_source_repomd.xml
progress/R95/raw/001_startup_and_resource_gate.command.txt
progress/R95/raw/001_startup_and_resource_gate.exitcode
progress/R95/raw/001_startup_and_resource_gate.stderr
progress/R95/raw/001_startup_and_resource_gate.stdout
