==== progress/R98/inputs/image_packages/tizen-boot-aarch64-rpi.packages
acl.aarch64 2.3.2-1.8 platform/upstream/acl#67dd6e32146fce62b09124fb9ef88c157e6b1d0c
alsa-ucm-data-rpi3.noarch 0.0.1-1 platform/adaptation/broadcom/alsa-ucm-conf-rpi3#3d10b0b9b02ccd5ee6d47d61131d60666a9f1cec
amd-mod-component-manager.aarch64 1.81.6-1 platform/core/appfw/amd#dbaf679e6f05518ae024367ba2f635f06c5e78a4
amd-mod-rpc-port.aarch64 1.81.6-1 platform/core/appfw/amd#dbaf679e6f05518ae024367ba2f635f06c5e78a4
amd-mod-watchdog.aarch64 1.81.6-1 platform/core/appfw/amd#dbaf679e6f05518ae024367ba2f635f06c5e78a4
amd.aarch64 1.81.6-1 platform/core/appfw/amd#dbaf679e6f05518ae024367ba2f635f06c5e78a4
==== progress/R98/inputs/image_packages/tizen-boot-armv7l-rpi.packages
acl.armv7l 2.3.2-1.8 platform/upstream/acl#67dd6e32146fce62b09124fb9ef88c157e6b1d0c
alsa-ucm-data-rpi3.noarch 0.0.1-1 platform/adaptation/broadcom/alsa-ucm-conf-rpi3#3d10b0b9b02ccd5ee6d47d61131d60666a9f1cec
amd-mod-component-manager.armv7l 1.81.6-1 platform/core/appfw/amd#dbaf679e6f05518ae024367ba2f635f06c5e78a4
amd-mod-rpc-port.armv7l 1.81.6-1 platform/core/appfw/amd#dbaf679e6f05518ae024367ba2f635f06c5e78a4
amd-mod-watchdog.armv7l 1.81.6-1 platform/core/appfw/amd#dbaf679e6f05518ae024367ba2f635f06c5e78a4
amd.armv7l 1.81.6-1 platform/core/appfw/amd#dbaf679e6f05518ae024367ba2f635f06c5e78a4
==== progress/R98/inputs/image_packages/tizen-headed-aarch64.packages
GraphicsMagick.aarch64 1.3.45-2 platform/upstream/GraphicsMagick#22868937a0f0a3c2c0599b922e360da612878756
Open3D.aarch64 0.17-2 platform/upstream/Open3D#1b70140f2937d450a5139f0b57cbd548226e23f4
SDL2.aarch64 2.0.14-2 platform/upstream/SDL#92a50d003310739e8fb0af5ed01f4b3b914a80c9
abseil-cpp.aarch64 20250814.1-1.1 platform/upstream/abseil-cpp#9c39c516dca54c786ddc5da45a5a15acf41ef75e
account-common.aarch64 0.1.14-1 platform/core/account/account-common#a366e4bc8be1b39b2ce00b3d0bc480e875b1d62c
account-manager.aarch64 0.1.23-1 platform/core/account/account-manager#5bafbcac666b850e8e455119fffa50a1d7cd273b
==== progress/R98/inputs/image_packages/tizen-headed-armv7l.packages
GraphicsMagick.armv7l 1.3.45-2 platform/upstream/GraphicsMagick#22868937a0f0a3c2c0599b922e360da612878756
SDL2.armv7l 2.0.14-2 platform/upstream/SDL#92a50d003310739e8fb0af5ed01f4b3b914a80c9
abseil-cpp.armv7l 20250814.1-1.1 platform/upstream/abseil-cpp#9c39c516dca54c786ddc5da45a5a15acf41ef75e
account-common.armv7l 0.1.14-1 platform/core/account/account-common#a366e4bc8be1b39b2ce00b3d0bc480e875b1d62c
account-manager.armv7l 0.1.23-1 platform/core/account/account-manager#5bafbcac666b850e8e455119fffa50a1d7cd273b
account-parser.armv7l 0.1.6-0 platform/core/account/account-parser#f88c61b3dd2608243f2e84f7c6ae390a9017ed86
==== progress/R98/inputs/image_packages/tizen-headless-aarch64.packages
GraphicsMagick.aarch64 1.3.45-2 platform/upstream/GraphicsMagick#22868937a0f0a3c2c0599b922e360da612878756
abseil-cpp.aarch64 20250814.1-1.1 platform/upstream/abseil-cpp#9c39c516dca54c786ddc5da45a5a15acf41ef75e
account-common.aarch64 0.1.14-1 platform/core/account/account-common#a366e4bc8be1b39b2ce00b3d0bc480e875b1d62c
account-manager.aarch64 0.1.23-1 platform/core/account/account-manager#5bafbcac666b850e8e455119fffa50a1d7cd273b
account-parser.aarch64 0.1.6-0 platform/core/account/account-parser#f88c61b3dd2608243f2e84f7c6ae390a9017ed86
acl.aarch64 2.3.2-1.8 platform/upstream/acl#67dd6e32146fce62b09124fb9ef88c157e6b1d0c
==== progress/R98/inputs/image_packages/tizen-headless-armv7l.packages
GraphicsMagick.armv7l 1.3.45-2 platform/upstream/GraphicsMagick#22868937a0f0a3c2c0599b922e360da612878756
abseil-cpp.armv7l 20250814.1-1.1 platform/upstream/abseil-cpp#9c39c516dca54c786ddc5da45a5a15acf41ef75e
account-common.armv7l 0.1.14-1 platform/core/account/account-common#a366e4bc8be1b39b2ce00b3d0bc480e875b1d62c
account-manager.armv7l 0.1.23-1 platform/core/account/account-manager#5bafbcac666b850e8e455119fffa50a1d7cd273b
account-parser.armv7l 0.1.6-0 platform/core/account/account-parser#f88c61b3dd2608243f2e84f7c6ae390a9017ed86
acl.armv7l 2.3.2-1.8 platform/upstream/acl#67dd6e32146fce62b09124fb9ef88c157e6b1d0c
