python3 - <<'PY'
from pathlib import Path
import subprocess
current={'commands/242_staged_scope_and_index_check_corrected.log','raw/242_staged_scope_and_index_check_corrected.stdout','raw/242_staged_scope_and_index_check_corrected.stderr'}
names=subprocess.check_output(['git','diff','--cached','--name-only'],text=True).splitlines()
allowed=lambda n: n.startswith('docs/progress/R77/') or n in {'docs/progress/WEEKEND_STATUS_0829.md','docs/progress/WEEKEND_QUESTIONS_0829.md'}
bad=[n for n in names if not allowed(n)]
print('STAGED_FILES',len(names)); print('OUT_OF_SCOPE',bad)
root=Path('docs/progress/R77'); actual={p.relative_to(root).as_posix() for p in root.rglob('*') if p.is_file() and p.relative_to(root).as_posix()!='INDEX.tsv'}-current
rows=root.joinpath('INDEX.tsv').read_text().splitlines()[1:]
indexed={r.split('\t')[1].removeprefix('progress/R77/') for r in rows}-current
print('ACTUAL_EXCLUDING_TOP_INDEX_AND_CURRENT_LOGS',len(actual)); print('INDEXED_EXCLUDING_CURRENT_LOGS',len(indexed)); print('INDEX_MISSING',sorted(actual-indexed)); print('INDEX_EXTRA',sorted(indexed-actual))
print('RAW_WHITESPACE_LINT','NOT_APPLICABLE_BYTE_EXACT_EVIDENCE')
raise SystemExit(1 if bad or actual!=indexed else 0)
PY
CWD=/home/toolchain/development/libc++_replacement
START=2026-08-28T21:02:36+08:00
POST_CAPTURE=regenerate_index_and_restage_same_explicit_targets
EXIT_CODE=0
END=2026-08-28T21:02:36+08:00
