WORKING_DIRECTORY=/home/toolchain/development/libc++_replacement
COMMAND_BEGIN
find /home/toolchain/GBS-ROOT-LIBCXX-MULTIARCH-armv7l/local/repos/tizen_unified_standard/armv7l -maxdepth 5 -type f -printf %p\\n 
COMMAND_END
/home/toolchain/GBS-ROOT-LIBCXX-MULTIARCH-armv7l/local/repos/tizen_unified_standard/armv7l/repodata/43145abc52bbe98cc30d8a5c5c6620756fe7621f2f7ebece868be58d9c14b052-primary.xml.gz
/home/toolchain/GBS-ROOT-LIBCXX-MULTIARCH-armv7l/local/repos/tizen_unified_standard/armv7l/repodata/0214cfcf4a8ce9ed9dfcad182c2c502560cfbc86c24112e8bfd5475f42869eb8-filelists.xml.gz
/home/toolchain/GBS-ROOT-LIBCXX-MULTIARCH-armv7l/local/repos/tizen_unified_standard/armv7l/repodata/4100720fb3f6621d4596aae32f318520dee0046d1dbef25d9d64d3ee4f293a62-filelists.sqlite.bz2
/home/toolchain/GBS-ROOT-LIBCXX-MULTIARCH-armv7l/local/repos/tizen_unified_standard/armv7l/repodata/472dc3dd1ac015d660903abc3bdaf487d62af649e0bd33e282553497a4c118e3-other.sqlite.bz2
/home/toolchain/GBS-ROOT-LIBCXX-MULTIARCH-armv7l/local/repos/tizen_unified_standard/armv7l/repodata/4521e742573945c941b5538891a645cf00e745f23d1c326f81e1fa033681cf01-primary.sqlite.bz2
/home/toolchain/GBS-ROOT-LIBCXX-MULTIARCH-armv7l/local/repos/tizen_unified_standard/armv7l/repodata/repomd.xml
/home/toolchain/GBS-ROOT-LIBCXX-MULTIARCH-armv7l/local/repos/tizen_unified_standard/armv7l/repodata/bdd460d7d6d22701808baedf6af47c653dbbfde18da741d8c63da6dae39e5b2f-other.xml.gz
/home/toolchain/GBS-ROOT-LIBCXX-MULTIARCH-armv7l/local/repos/tizen_unified_standard/armv7l/logs/success/libcxx-runtimes-21.1.1-2/log.txt
/home/toolchain/GBS-ROOT-LIBCXX-MULTIARCH-armv7l/local/repos/tizen_unified_standard/armv7l/index.html
/home/toolchain/GBS-ROOT-LIBCXX-MULTIARCH-armv7l/local/repos/tizen_unified_standard/armv7l/RPMS/libc++abi-debuginfo-21.1.1-2.armv7l.rpm
/home/toolchain/GBS-ROOT-LIBCXX-MULTIARCH-armv7l/local/repos/tizen_unified_standard/armv7l/RPMS/libc++abi-devel-21.1.1-2.armv7l.rpm
/home/toolchain/GBS-ROOT-LIBCXX-MULTIARCH-armv7l/local/repos/tizen_unified_standard/armv7l/RPMS/libc++abi-21.1.1-2.armv7l.rpm
/home/toolchain/GBS-ROOT-LIBCXX-MULTIARCH-armv7l/local/repos/tizen_unified_standard/armv7l/RPMS/libc++-21.1.1-2.armv7l.rpm
/home/toolchain/GBS-ROOT-LIBCXX-MULTIARCH-armv7l/local/repos/tizen_unified_standard/armv7l/RPMS/libcxx-runtimes-debugsource-21.1.1-2.armv7l.rpm
/home/toolchain/GBS-ROOT-LIBCXX-MULTIARCH-armv7l/local/repos/tizen_unified_standard/armv7l/RPMS/libc++-debuginfo-21.1.1-2.armv7l.rpm
/home/toolchain/GBS-ROOT-LIBCXX-MULTIARCH-armv7l/local/repos/tizen_unified_standard/armv7l/RPMS/libc++-devel-21.1.1-2.armv7l.rpm
/home/toolchain/GBS-ROOT-LIBCXX-MULTIARCH-armv7l/local/repos/tizen_unified_standard/armv7l/report.json
/home/toolchain/GBS-ROOT-LIBCXX-MULTIARCH-armv7l/local/repos/tizen_unified_standard/armv7l/SRPMS/libcxx-runtimes-21.1.1-2.src.rpm
EXIT_CODE=0
