PROJECT=Tizen-Base-Toolchain
tizen-base-toolchain_20260813.050338/
tizen-base-toolchain_20260827.125318/
tizen-base-toolchain_20260828.101647/
tizen-base-toolchain_20260901.103155/
REFERENCE_LOCATION
HTTP/1.1 200 OK
Server: nginx
Date: Wed, 02 Sep 2026 12:07:59 GMT
Content-Type: text/html; charset=utf-8
Transfer-Encoding: chunked
Connection: keep-alive

PROJECT=Tizen-Unified-Toolchain
tizen-unified-toolchain_20260809.114507/
tizen-unified-toolchain_20260814.092727/
tizen-unified-toolchain_20260829.015247/
REFERENCE_LOCATION
HTTP/1.1 200 OK
Server: nginx
Date: Wed, 02 Sep 2026 12:08:01 GMT
Content-Type: text/html; charset=utf-8
Transfer-Encoding: chunked
Connection: keep-alive

