base	gcc	platform/upstream/gcc#3d5dd5bec16591dbf3277df37fb43e9cc5b890de	gcc-14.2.0-1.8.src.rpm
base	gcc-aarch64	platform/upstream/gcc#3d5dd5bec16591dbf3277df37fb43e9cc5b890de	gcc-aarch64-14.2.0-1.2.src.rpm
base	gcc-armv7hl	platform/upstream/gcc#3d5dd5bec16591dbf3277df37fb43e9cc5b890de	gcc-armv7hl-14.2.0-1.2.src.rpm
base	gcc-armv7l	platform/upstream/gcc#3d5dd5bec16591dbf3277df37fb43e9cc5b890de	gcc-armv7l-14.2.0-1.2.src.rpm
base	gcc-riscv64	platform/upstream/gcc#3d5dd5bec16591dbf3277df37fb43e9cc5b890de	gcc-riscv64-14.2.0-1.2.src.rpm
base	glibc	platform/upstream/glibc#8f08a7e30396822a8d969d357822a6ffd56b43fb	glibc-2.40-2.3.src.rpm
unified	lapack	platform/upstream/lapack#4f4bd05001b7a98fbb4f8b9f1df62f26207774fb	lapack-3.7.1-1.src.rpm
unified	nntrainer	platform/core/ml/nntrainer#97ddb43dcd9e5173d7cb4245ff9bae5d760e5834	nntrainer-0.5.0-0.src.rpm
unified	onnxruntime	platform/upstream/onnxruntime#240b59d913d4608d256056d08c36884d5a168c33	onnxruntime-1.16.3-1.src.rpm
unified	openblas	platform/upstream/openblas#7e5bd8aafc7212a0badd98d229a01afd9d37a1cf	openblas-0.3.21-1.src.rpm
unified	yaca	platform/core/security/yaca#36632db66318878ee05c481b257f67ca77c82b70	yaca-0.0.6-0.src.rpm
== workspace source/spec matches ==
codes/gcc/libphobos/src/libgphobos.spec.in
codes/gcc/libphobos/src/drtstuff.spec
codes/gcc/gcc/ada/vxworks-x86-link.spec
codes/gcc/gcc/ada/vxworks-smp-ppc-link.spec
codes/gcc/gcc/ada/vxworks-ppc-link.spec
codes/gcc/gcc/testsuite/gcc.dg/pr48524.spec
codes/gcc/libgfortran/libgfortran.spec.in
codes/gcc/libsanitizer/libsanitizer.spec.in
codes/gcc/libgomp/libgomp.spec.in
codes/gcc/packaging/gcc-aarch64.spec
codes/gcc/packaging/gcc.spec
codes/gcc/packaging/gcc-armv7hl.spec
codes/gcc/packaging/gcc-riscv64.spec
codes/gcc/packaging/gcc-armv7l.spec
codes/gcc/libitm/libitm.spec.in
