memory_basis=[('MemTotal', 33072918528)]
RLIMIT_AS_bytes=9921875558; parallelism=1; nice=19; ionice=3
/home/toolchain/development/libc++_replacement/tmp/corpus/extracted/ise-engine-anthy-1.0.12-1.src.rpm/unpacked/ise-engine-anthy-1.0.12.tar.gz/ise-engine-anthy-1.0.12/src/scim_anthy_helper.cpp:23:#include <scim.h>
/home/toolchain/development/libc++_replacement/tmp/corpus/extracted/ise-engine-anthy-1.0.12-1.src.rpm/unpacked/ise-engine-anthy-1.0.12.tar.gz/ise-engine-anthy-1.0.12/src/scim_anthy_helper.cpp:25:#include "scim_anthy_intl.h"
/home/toolchain/development/libc++_replacement/tmp/corpus/extracted/ise-engine-anthy-1.0.12-1.src.rpm/unpacked/ise-engine-anthy-1.0.12.tar.gz/ise-engine-anthy-1.0.12/src/scim_anthy_helper.cpp:26:#include "scim_anthy_helper.h"
/home/toolchain/development/libc++_replacement/tmp/corpus/extracted/ise-engine-anthy-1.0.12-1.src.rpm/unpacked/ise-engine-anthy-1.0.12.tar.gz/ise-engine-anthy-1.0.12/src/scim_anthy_action.h:23:#include <scim.h>
/home/toolchain/development/libc++_replacement/tmp/corpus/extracted/ise-engine-anthy-1.0.12-1.src.rpm/unpacked/ise-engine-anthy-1.0.12.tar.gz/ise-engine-anthy-1.0.12/src/scim_anthy_action.h:24:#include <scim_event.h>
/home/toolchain/development/libc++_replacement/tmp/corpus/extracted/ise-engine-anthy-1.0.12-1.src.rpm/unpacked/ise-engine-anthy-1.0.12.tar.gz/ise-engine-anthy-1.0.12/src/scim_anthy_setup_kana.cpp:31:#include <scim.h>
/home/toolchain/development/libc++_replacement/tmp/corpus/extracted/ise-engine-anthy-1.0.12-1.src.rpm/unpacked/ise-engine-anthy-1.0.12.tar.gz/ise-engine-anthy-1.0.12/src/scim_anthy_setup_kana.cpp:32://#include "scim_anthy_setup_kana.h"
/home/toolchain/development/libc++_replacement/tmp/corpus/extracted/ise-engine-anthy-1.0.12-1.src.rpm/unpacked/ise-engine-anthy-1.0.12.tar.gz/ise-engine-anthy-1.0.12/src/scim_anthy_setup_kana.cpp:33:#include "scim_anthy_intl.h"
/home/toolchain/development/libc++_replacement/tmp/corpus/extracted/ise-engine-anthy-1.0.12-1.src.rpm/unpacked/ise-engine-anthy-1.0.12.tar.gz/ise-engine-anthy-1.0.12/src/scim_anthy_setup_kana.cpp:34:#include "scim_anthy_style_file.h"
/home/toolchain/development/libc++_replacement/tmp/corpus/extracted/ise-engine-anthy-1.0.12-1.src.rpm/unpacked/ise-engine-anthy-1.0.12.tar.gz/ise-engine-anthy-1.0.12/src/scim_anthy_setup_kana.cpp:35:#include "scim_anthy_prefs.h"
/home/toolchain/development/libc++_replacement/tmp/corpus/extracted/ise-engine-anthy-1.0.12-1.src.rpm/unpacked/ise-engine-anthy-1.0.12.tar.gz/ise-engine-anthy-1.0.12/src/scim_anthy_setup_kana.cpp:36:#include "scim_anthy_default_tables.h"
/home/toolchain/development/libc++_replacement/tmp/corpus/extracted/ise-engine-anthy-1.0.12-1.src.rpm/unpacked/ise-engine-anthy-1.0.12.tar.gz/ise-engine-anthy-1.0.12/src/scim_anthy_setup_kana.cpp:37:#include "scim_anthy_setup.h"
/home/toolchain/development/libc++_replacement/tmp/corpus/extracted/ise-engine-anthy-1.0.12-1.src.rpm/unpacked/ise-engine-anthy-1.0.12.tar.gz/ise-engine-anthy-1.0.12/src/scim_anthy_setup_kana.cpp:38:#include "scim_anthy_table_editor.h"
/home/toolchain/development/libc++_replacement/tmp/corpus/extracted/ise-engine-anthy-1.0.12-1.src.rpm/unpacked/ise-engine-anthy-1.0.12.tar.gz/ise-engine-anthy-1.0.12/src/scim_anthy_factory.cpp:39:#include <scim.h>
/home/toolchain/development/libc++_replacement/tmp/corpus/extracted/ise-engine-anthy-1.0.12-1.src.rpm/unpacked/ise-engine-anthy-1.0.12.tar.gz/ise-engine-anthy-1.0.12/src/scim_anthy_factory.cpp:40:#include "scim_anthy_factory.h"
/home/toolchain/development/libc++_replacement/tmp/corpus/extracted/ise-engine-anthy-1.0.12-1.src.rpm/unpacked/ise-engine-anthy-1.0.12.tar.gz/ise-engine-anthy-1.0.12/src/scim_anthy_factory.cpp:41:#include "scim_anthy_imengine.h"
/home/toolchain/development/libc++_replacement/tmp/corpus/extracted/ise-engine-anthy-1.0.12-1.src.rpm/unpacked/ise-engine-anthy-1.0.12.tar.gz/ise-engine-anthy-1.0.12/src/scim_anthy_factory.cpp:42:#include "scim_anthy_prefs.h"
/home/toolchain/development/libc++_replacement/tmp/corpus/extracted/ise-engine-anthy-1.0.12-1.src.rpm/unpacked/ise-engine-anthy-1.0.12.tar.gz/ise-engine-anthy-1.0.12/src/scim_anthy_factory.cpp:43:#include "scim_anthy_intl.h"
/home/toolchain/development/libc++_replacement/tmp/corpus/extracted/ise-engine-anthy-1.0.12-1.src.rpm/unpacked/ise-engine-anthy-1.0.12.tar.gz/ise-engine-anthy-1.0.12/src/scim_anthy_nicola.h:26:#include <scim.h>
/home/toolchain/development/libc++_replacement/tmp/corpus/extracted/ise-engine-anthy-1.0.12-1.src.rpm/unpacked/ise-engine-anthy-1.0.12.tar.gz/ise-engine-anthy-1.0.12/src/scim_anthy_nicola.h:29:#include "scim_anthy_key2kana_base.h"
/home/toolchain/development/libc++_replacement/tmp/corpus/extracted/ise-engine-anthy-1.0.12-1.src.rpm/unpacked/ise-engine-anthy-1.0.12.tar.gz/ise-engine-anthy-1.0.12/src/scim_anthy_nicola.h:30:#include "scim_anthy_key2kana_table.h"
/home/toolchain/development/libc++_replacement/tmp/corpus/extracted/ise-engine-anthy-1.0.12-1.src.rpm/unpacked/ise-engine-anthy-1.0.12.tar.gz/ise-engine-anthy-1.0.12/src/scim_anthy_reading.h:25:#include <scim.h>
/home/toolchain/development/libc++_replacement/tmp/corpus/extracted/ise-engine-anthy-1.0.12-1.src.rpm/unpacked/ise-engine-anthy-1.0.12.tar.gz/ise-engine-anthy-1.0.12/src/scim_anthy_reading.h:26:#include "scim_anthy_key2kana.h"
/home/toolchain/development/libc++_replacement/tmp/corpus/extracted/ise-engine-anthy-1.0.12-1.src.rpm/unpacked/ise-engine-anthy-1.0.12.tar.gz/ise-engine-anthy-1.0.12/src/scim_anthy_reading.h:27:#include "scim_anthy_kana.h"
/home/toolchain/development/libc++_replacement/tmp/corpus/extracted/ise-engine-anthy-1.0.12-1.src.rpm/unpacked/ise-engine-anthy-1.0.12.tar.gz/ise-engine-anthy-1.0.12/src/scim_anthy_reading.h:28:#include "scim_anthy_nicola.h"
/home/toolchain/development/libc++_replacement/tmp/corpus/extracted/ise-engine-anthy-1.0.12-1.src.rpm/unpacked/ise-engine-anthy-1.0.12.tar.gz/ise-engine-anthy-1.0.12/src/scim_anthy_utils.h:26:#include <scim.h>
/home/toolchain/development/libc++_replacement/tmp/corpus/extracted/ise-engine-anthy-1.0.12-1.src.rpm/unpacked/ise-engine-anthy-1.0.12.tar.gz/ise-engine-anthy-1.0.12/src/scim_anthy_key2kana.h:25:#include <scim.h>
/home/toolchain/development/libc++_replacement/tmp/corpus/extracted/ise-engine-anthy-1.0.12-1.src.rpm/unpacked/ise-engine-anthy-1.0.12.tar.gz/ise-engine-anthy-1.0.12/src/scim_anthy_key2kana.h:27:#include "scim_anthy_key2kana_base.h"
/home/toolchain/development/libc++_replacement/tmp/corpus/extracted/ise-engine-anthy-1.0.12-1.src.rpm/unpacked/ise-engine-anthy-1.0.12.tar.gz/ise-engine-anthy-1.0.12/src/scim_anthy_key2kana.h:28:#include "scim_anthy_default_tables.h"
/home/toolchain/development/libc++_replacement/tmp/corpus/extracted/ise-engine-anthy-1.0.12-1.src.rpm/unpacked/ise-engine-anthy-1.0.12.tar.gz/ise-engine-anthy-1.0.12/src/scim_anthy_key2kana.h:29:#include "scim_anthy_key2kana_table.h"
/home/toolchain/development/libc++_replacement/tmp/corpus/extracted/ise-engine-anthy-1.0.12-1.src.rpm/unpacked/ise-engine-anthy-1.0.12.tar.gz/ise-engine-anthy-1.0.12/src/scim_anthy_kana.h:25:#include <scim.h>
/home/toolchain/development/libc++_replacement/tmp/corpus/extracted/ise-engine-anthy-1.0.12-1.src.rpm/unpacked/ise-engine-anthy-1.0.12.tar.gz/ise-engine-anthy-1.0.12/src/scim_anthy_kana.h:27:#include "scim_anthy_key2kana_base.h"
/home/toolchain/development/libc++_replacement/tmp/corpus/extracted/ise-engine-anthy-1.0.12-1.src.rpm/unpacked/ise-engine-anthy-1.0.12.tar.gz/ise-engine-anthy-1.0.12/src/scim_anthy_kana.h:28:#include "scim_anthy_default_tables.h"
/home/toolchain/development/libc++_replacement/tmp/corpus/extracted/ise-engine-anthy-1.0.12-1.src.rpm/unpacked/ise-engine-anthy-1.0.12.tar.gz/ise-engine-anthy-1.0.12/src/scim_anthy_kana.h:29:#include "scim_anthy_key2kana_table.h"
/home/toolchain/development/libc++_replacement/tmp/corpus/extracted/ise-engine-anthy-1.0.12-1.src.rpm/unpacked/ise-engine-anthy-1.0.12.tar.gz/ise-engine-anthy-1.0.12/src/scim_anthy_key2kana_base.h:25:#include <scim.h>
/home/toolchain/development/libc++_replacement/tmp/corpus/extracted/ise-engine-anthy-1.0.12-1.src.rpm/unpacked/ise-engine-anthy-1.0.12.tar.gz/ise-engine-anthy-1.0.12/src/scim_anthy_table_editor.cpp:24:#include "scim_anthy_table_editor.h"
/home/toolchain/development/libc++_replacement/tmp/corpus/extracted/ise-engine-anthy-1.0.12-1.src.rpm/unpacked/ise-engine-anthy-1.0.12.tar.gz/ise-engine-anthy-1.0.12/src/scim_anthy_table_editor.cpp:28:#include "scim_anthy_intl.h"
/home/toolchain/development/libc++_replacement/tmp/corpus/extracted/ise-engine-anthy-1.0.12-1.src.rpm/unpacked/ise-engine-anthy-1.0.12.tar.gz/ise-engine-anthy-1.0.12/src/scim_anthy_key2kana_table.h:24:#include <scim.h>
/home/toolchain/development/libc++_replacement/tmp/corpus/extracted/ise-engine-anthy-1.0.12-1.src.rpm/unpacked/ise-engine-anthy-1.0.12.tar.gz/ise-engine-anthy-1.0.12/src/scim_anthy_key2kana_table.h:25:#include "scim_anthy_default_tables.h"
/home/toolchain/development/libc++_replacement/tmp/corpus/extracted/ise-engine-anthy-1.0.12-1.src.rpm/unpacked/ise-engine-anthy-1.0.12.tar.gz/ise-engine-anthy-1.0.12/src/scim_anthy_action.cpp:24:#include "scim_anthy_action.h"
/home/toolchain/development/libc++_replacement/tmp/corpus/extracted/ise-engine-anthy-1.0.12-1.src.rpm/unpacked/ise-engine-anthy-1.0.12.tar.gz/ise-engine-anthy-1.0.12/src/scim_anthy_action.cpp:25:#include "scim_anthy_utils.h"
/home/toolchain/development/libc++_replacement/tmp/corpus/extracted/ise-engine-anthy-1.0.12-1.src.rpm/unpacked/ise-engine-anthy-1.0.12.tar.gz/ise-engine-anthy-1.0.12/src/scim_anthy_factory.h:32:#include <scim.h>
/home/toolchain/development/libc++_replacement/tmp/corpus/extracted/ise-engine-anthy-1.0.12-1.src.rpm/unpacked/ise-engine-anthy-1.0.12.tar.gz/ise-engine-anthy-1.0.12/src/scim_anthy_factory.h:33:#include "scim_anthy_action.h"
/home/toolchain/development/libc++_replacement/tmp/corpus/extracted/ise-engine-anthy-1.0.12-1.src.rpm/unpacked/ise-engine-anthy-1.0.12.tar.gz/ise-engine-anthy-1.0.12/src/scim_anthy_factory.h:34:#include "scim_anthy_style_file.h"
/home/toolchain/development/libc++_replacement/tmp/corpus/extracted/ise-engine-anthy-1.0.12-1.src.rpm/unpacked/ise-engine-anthy-1.0.12.tar.gz/ise-engine-anthy-1.0.12/src/scim_anthy_factory.h:35:#include "scim_anthy_key2kana_table.h"
/home/toolchain/development/libc++_replacement/tmp/corpus/extracted/ise-engine-anthy-1.0.12-1.src.rpm/unpacked/ise-engine-anthy-1.0.12.tar.gz/ise-engine-anthy-1.0.12/src/scim_anthy_style_file.cpp:20:#include "scim_anthy_style_file.h"
/home/toolchain/development/libc++_replacement/tmp/corpus/extracted/ise-engine-anthy-1.0.12-1.src.rpm/unpacked/ise-engine-anthy-1.0.12.tar.gz/ise-engine-anthy-1.0.12/src/scim_anthy_imengine.h:33:#include <scim.h>
/home/toolchain/development/libc++_replacement/tmp/corpus/extracted/ise-engine-anthy-1.0.12-1.src.rpm/unpacked/ise-engine-anthy-1.0.12.tar.gz/ise-engine-anthy-1.0.12/src/scim_anthy_imengine.h:34:#include "scim_anthy_preedit.h"
/home/toolchain/development/libc++_replacement/tmp/corpus/extracted/ise-engine-anthy-1.0.12-1.src.rpm/unpacked/ise-engine-anthy-1.0.12.tar.gz/ise-engine-anthy-1.0.12/src/scim_anthy_imengine.h:35:#include "scim_anthy_key2kana_table.h"
/home/toolchain/development/libc++_replacement/tmp/corpus/extracted/ise-engine-anthy-1.0.12-1.src.rpm/unpacked/ise-engine-anthy-1.0.12.tar.gz/ise-engine-anthy-1.0.12/src/scim_anthy_prefs.cpp:23:#include <scim.h>
/home/toolchain/development/libc++_replacement/tmp/corpus/extracted/ise-engine-anthy-1.0.12-1.src.rpm/unpacked/ise-engine-anthy-1.0.12.tar.gz/ise-engine-anthy-1.0.12/src/scim_anthy_prefs.cpp:24:#include "scim_anthy_prefs.h"
/home/toolchain/development/libc++_replacement/tmp/corpus/extracted/ise-engine-anthy-1.0.12-1.src.rpm/unpacked/ise-engine-anthy-1.0.12.tar.gz/ise-engine-anthy-1.0.12/src/scim_anthy_prefs.cpp:25:#include "scim_anthy_intl.h"
/home/toolchain/development/libc++_replacement/tmp/corpus/extracted/ise-engine-anthy-1.0.12-1.src.rpm/unpacked/ise-engine-anthy-1.0.12.tar.gz/ise-engine-anthy-1.0.12/src/scim_anthy_setup_romaji.h:31:#include <scim.h>
/home/toolchain/development/libc++_replacement/tmp/corpus/extracted/ise-engine-anthy-1.0.12-1.src.rpm/unpacked/ise-engine-anthy-1.0.12.tar.gz/ise-engine-anthy-1.0.12/src/scim_anthy_key2kana_table.cpp:20:#include "scim_anthy_key2kana_table.h"
/home/toolchain/development/libc++_replacement/tmp/corpus/extracted/ise-engine-anthy-1.0.12-1.src.rpm/unpacked/ise-engine-anthy-1.0.12.tar.gz/ise-engine-anthy-1.0.12/src/scim_anthy_setup_romaji.cpp:31:#include <scim.h>
/home/toolchain/development/libc++_replacement/tmp/corpus/extracted/ise-engine-anthy-1.0.12-1.src.rpm/unpacked/ise-engine-anthy-1.0.12.tar.gz/ise-engine-anthy-1.0.12/src/scim_anthy_setup_romaji.cpp:32:#include "scim_anthy_intl.h"
/home/toolchain/development/libc++_replacement/tmp/corpus/extracted/ise-engine-anthy-1.0.12-1.src.rpm/unpacked/ise-engine-anthy-1.0.12.tar.gz/ise-engine-anthy-1.0.12/src/scim_anthy_setup_romaji.cpp:33:#include "scim_anthy_style_file.h"
/home/toolchain/development/libc++_replacement/tmp/corpus/extracted/ise-engine-anthy-1.0.12-1.src.rpm/unpacked/ise-engine-anthy-1.0.12.tar.gz/ise-engine-anthy-1.0.12/src/scim_anthy_setup_romaji.cpp:34:#include "scim_anthy_prefs.h"
/home/toolchain/development/libc++_replacement/tmp/corpus/extracted/ise-engine-anthy-1.0.12-1.src.rpm/unpacked/ise-engine-anthy-1.0.12.tar.gz/ise-engine-anthy-1.0.12/src/scim_anthy_setup_romaji.cpp:35:#include "scim_anthy_default_tables.h"
/home/toolchain/development/libc++_replacement/tmp/corpus/extracted/ise-engine-anthy-1.0.12-1.src.rpm/unpacked/ise-engine-anthy-1.0.12.tar.gz/ise-engine-anthy-1.0.12/src/scim_anthy_setup_romaji.cpp:36:#include "scim_anthy_setup.h"
/home/toolchain/development/libc++_replacement/tmp/corpus/extracted/ise-engine-anthy-1.0.12-1.src.rpm/unpacked/ise-engine-anthy-1.0.12.tar.gz/ise-engine-anthy-1.0.12/src/scim_anthy_setup_romaji.cpp:37:#include "scim_anthy_table_editor.h"
/home/toolchain/development/libc++_replacement/tmp/corpus/extracted/ise-engine-anthy-1.0.12-1.src.rpm/unpacked/ise-engine-anthy-1.0.12.tar.gz/ise-engine-anthy-1.0.12/src/scim_anthy_style_file.h:24:#include <scim.h>
/home/toolchain/development/libc++_replacement/tmp/corpus/extracted/ise-engine-anthy-1.0.12-1.src.rpm/unpacked/ise-engine-anthy-1.0.12.tar.gz/ise-engine-anthy-1.0.12/src/scim_anthy_style_file.h:26:#include "scim_anthy_key2kana_table.h"
/home/toolchain/development/libc++_replacement/tmp/corpus/extracted/ise-engine-anthy-1.0.12-1.src.rpm/unpacked/ise-engine-anthy-1.0.12.tar.gz/ise-engine-anthy-1.0.12/src/scim_anthy_setup_kana.h:31:#include <scim.h>
/home/toolchain/development/libc++_replacement/tmp/corpus/extracted/ise-engine-anthy-1.0.12-1.src.rpm/unpacked/ise-engine-anthy-1.0.12.tar.gz/ise-engine-anthy-1.0.12/src/scim_anthy_nicola.cpp:24:#include "scim_anthy_nicola.h"
/home/toolchain/development/libc++_replacement/tmp/corpus/extracted/ise-engine-anthy-1.0.12-1.src.rpm/unpacked/ise-engine-anthy-1.0.12.tar.gz/ise-engine-anthy-1.0.12/src/scim_anthy_nicola.cpp:25:#include "scim_anthy_factory.h"
/home/toolchain/development/libc++_replacement/tmp/corpus/extracted/ise-engine-anthy-1.0.12-1.src.rpm/unpacked/ise-engine-anthy-1.0.12.tar.gz/ise-engine-anthy-1.0.12/src/scim_anthy_nicola.cpp:26:#include "scim_anthy_imengine.h"
/home/toolchain/development/libc++_replacement/tmp/corpus/extracted/ise-engine-anthy-1.0.12-1.src.rpm/unpacked/ise-engine-anthy-1.0.12.tar.gz/ise-engine-anthy-1.0.12/src/scim_anthy_nicola.cpp:27:#include "scim_anthy_utils.h"
/home/toolchain/development/libc++_replacement/tmp/corpus/extracted/ise-engine-anthy-1.0.12-1.src.rpm/unpacked/ise-engine-anthy-1.0.12.tar.gz/ise-engine-anthy-1.0.12/src/scim_anthy_conversion.cpp:22:#include "scim_anthy_factory.h"
/home/toolchain/development/libc++_replacement/tmp/corpus/extracted/ise-engine-anthy-1.0.12-1.src.rpm/unpacked/ise-engine-anthy-1.0.12.tar.gz/ise-engine-anthy-1.0.12/src/scim_anthy_conversion.cpp:23:#include "scim_anthy_imengine.h"
/home/toolchain/development/libc++_replacement/tmp/corpus/extracted/ise-engine-anthy-1.0.12-1.src.rpm/unpacked/ise-engine-anthy-1.0.12.tar.gz/ise-engine-anthy-1.0.12/src/scim_anthy_conversion.cpp:24:#include "scim_anthy_conversion.h"
/home/toolchain/development/libc++_replacement/tmp/corpus/extracted/ise-engine-anthy-1.0.12-1.src.rpm/unpacked/ise-engine-anthy-1.0.12.tar.gz/ise-engine-anthy-1.0.12/src/scim_anthy_conversion.cpp:25:#include "scim_anthy_utils.h"
/home/toolchain/development/libc++_replacement/tmp/corpus/extracted/ise-engine-anthy-1.0.12-1.src.rpm/unpacked/ise-engine-anthy-1.0.12.tar.gz/ise-engine-anthy-1.0.12/src/scim_anthy_conversion.cpp:26:#include "scim_anthy_prefs.h"
/home/toolchain/development/libc++_replacement/tmp/corpus/extracted/ise-engine-anthy-1.0.12-1.src.rpm/unpacked/ise-engine-anthy-1.0.12.tar.gz/ise-engine-anthy-1.0.12/src/scim_anthy_color_button.h:28:#include <scim.h>
/home/toolchain/development/libc++_replacement/tmp/corpus/extracted/ise-engine-anthy-1.0.12-1.src.rpm/unpacked/ise-engine-anthy-1.0.12.tar.gz/ise-engine-anthy-1.0.12/src/scim_anthy_preedit.h:28:#include <scim.h>
/home/toolchain/development/libc++_replacement/tmp/corpus/extracted/ise-engine-anthy-1.0.12-1.src.rpm/unpacked/ise-engine-anthy-1.0.12.tar.gz/ise-engine-anthy-1.0.12/src/scim_anthy_preedit.h:29:#include "scim_anthy_reading.h"
/home/toolchain/development/libc++_replacement/tmp/corpus/extracted/ise-engine-anthy-1.0.12-1.src.rpm/unpacked/ise-engine-anthy-1.0.12.tar.gz/ise-engine-anthy-1.0.12/src/scim_anthy_preedit.h:30:#include "scim_anthy_conversion.h"
/home/toolchain/development/libc++_replacement/tmp/corpus/extracted/ise-engine-anthy-1.0.12-1.src.rpm/unpacked/ise-engine-anthy-1.0.12.tar.gz/ise-engine-anthy-1.0.12/src/scim_anthy_prefs.h:306:#include <scim.h>
/home/toolchain/development/libc++_replacement/tmp/corpus/extracted/ise-engine-anthy-1.0.12-1.src.rpm/unpacked/ise-engine-anthy-1.0.12.tar.gz/ise-engine-anthy-1.0.12/src/scim_anthy_utils.cpp:25:#include "scim_anthy_utils.h"
/home/toolchain/development/libc++_replacement/tmp/corpus/extracted/ise-engine-anthy-1.0.12-1.src.rpm/unpacked/ise-engine-anthy-1.0.12.tar.gz/ise-engine-anthy-1.0.12/src/scim_anthy_utils.cpp:26:#include "scim_anthy_default_tables.h"
/home/toolchain/development/libc++_replacement/tmp/corpus/extracted/ise-engine-anthy-1.0.12-1.src.rpm/unpacked/ise-engine-anthy-1.0.12.tar.gz/ise-engine-anthy-1.0.12/src/scim_anthy_setup.h:32:#include <scim.h>
/home/toolchain/development/libc++_replacement/tmp/corpus/extracted/ise-engine-anthy-1.0.12-1.src.rpm/unpacked/ise-engine-anthy-1.0.12.tar.gz/ise-engine-anthy-1.0.12/src/scim_anthy_setup.h:33:#include "scim_anthy_style_file.h"
/home/toolchain/development/libc++_replacement/tmp/corpus/extracted/ise-engine-anthy-1.0.12-1.src.rpm/unpacked/ise-engine-anthy-1.0.12.tar.gz/ise-engine-anthy-1.0.12/src/scim_anthy_kana.cpp:22:#include "scim_anthy_kana.h"
/home/toolchain/development/libc++_replacement/tmp/corpus/extracted/ise-engine-anthy-1.0.12-1.src.rpm/unpacked/ise-engine-anthy-1.0.12.tar.gz/ise-engine-anthy-1.0.12/src/scim_anthy_kana.cpp:23:#include "scim_anthy_factory.h"
/home/toolchain/development/libc++_replacement/tmp/corpus/extracted/ise-engine-anthy-1.0.12-1.src.rpm/unpacked/ise-engine-anthy-1.0.12.tar.gz/ise-engine-anthy-1.0.12/src/scim_anthy_kana.cpp:24:#include "scim_anthy_imengine.h"
/home/toolchain/development/libc++_replacement/tmp/corpus/extracted/ise-engine-anthy-1.0.12-1.src.rpm/unpacked/ise-engine-anthy-1.0.12.tar.gz/ise-engine-anthy-1.0.12/src/scim_anthy_kana.cpp:25:#include "scim_anthy_default_tables.h"
/home/toolchain/development/libc++_replacement/tmp/corpus/extracted/ise-engine-anthy-1.0.12-1.src.rpm/unpacked/ise-engine-anthy-1.0.12.tar.gz/ise-engine-anthy-1.0.12/src/scim_anthy_kana.cpp:26:#include "scim_anthy_utils.h"
/home/toolchain/development/libc++_replacement/tmp/corpus/extracted/ise-engine-anthy-1.0.12-1.src.rpm/unpacked/ise-engine-anthy-1.0.12.tar.gz/ise-engine-anthy-1.0.12/src/scim_anthy_conversion.h:26:#include <scim.h>
/home/toolchain/development/libc++_replacement/tmp/corpus/extracted/ise-engine-anthy-1.0.12-1.src.rpm/unpacked/ise-engine-anthy-1.0.12.tar.gz/ise-engine-anthy-1.0.12/src/scim_anthy_conversion.h:29:#include "scim_anthy_reading.h"
/home/toolchain/development/libc++_replacement/tmp/corpus/extracted/ise-engine-anthy-1.0.12-1.src.rpm/unpacked/ise-engine-anthy-1.0.12.tar.gz/ise-engine-anthy-1.0.12/src/scim_anthy_key2kana.cpp:21:#include "scim_anthy_key2kana.h"
/home/toolchain/development/libc++_replacement/tmp/corpus/extracted/ise-engine-anthy-1.0.12-1.src.rpm/unpacked/ise-engine-anthy-1.0.12.tar.gz/ise-engine-anthy-1.0.12/src/scim_anthy_key2kana.cpp:22:#include "scim_anthy_factory.h"
/home/toolchain/development/libc++_replacement/tmp/corpus/extracted/ise-engine-anthy-1.0.12-1.src.rpm/unpacked/ise-engine-anthy-1.0.12.tar.gz/ise-engine-anthy-1.0.12/src/scim_anthy_key2kana.cpp:23:#include "scim_anthy_imengine.h"
/home/toolchain/development/libc++_replacement/tmp/corpus/extracted/ise-engine-anthy-1.0.12-1.src.rpm/unpacked/ise-engine-anthy-1.0.12.tar.gz/ise-engine-anthy-1.0.12/src/scim_anthy_key2kana.cpp:24:#include "scim_anthy_utils.h"
/home/toolchain/development/libc++_replacement/tmp/corpus/extracted/ise-engine-anthy-1.0.12-1.src.rpm/unpacked/ise-engine-anthy-1.0.12.tar.gz/ise-engine-anthy-1.0.12/src/scim_anthy_helper.h:23:#include <scim_trans_commands.h>
/home/toolchain/development/libc++_replacement/tmp/corpus/extracted/ise-engine-anthy-1.0.12-1.src.rpm/unpacked/ise-engine-anthy-1.0.12.tar.gz/ise-engine-anthy-1.0.12/src/scim_anthy_reading.cpp:20:#include "scim_anthy_reading.h"
/home/toolchain/development/libc++_replacement/tmp/corpus/extracted/ise-engine-anthy-1.0.12-1.src.rpm/unpacked/ise-engine-anthy-1.0.12.tar.gz/ise-engine-anthy-1.0.12/src/scim_anthy_reading.cpp:21:#include "scim_anthy_factory.h"
/home/toolchain/development/libc++_replacement/tmp/corpus/extracted/ise-engine-anthy-1.0.12-1.src.rpm/unpacked/ise-engine-anthy-1.0.12.tar.gz/ise-engine-anthy-1.0.12/src/scim_anthy_reading.cpp:22:#include "scim_anthy_imengine.h"
/home/toolchain/development/libc++_replacement/tmp/corpus/extracted/ise-engine-anthy-1.0.12-1.src.rpm/unpacked/ise-engine-anthy-1.0.12.tar.gz/ise-engine-anthy-1.0.12/src/scim_anthy_reading.cpp:23:#include "scim_anthy_utils.h"
/home/toolchain/development/libc++_replacement/tmp/corpus/extracted/ise-engine-anthy-1.0.12-1.src.rpm/unpacked/ise-engine-anthy-1.0.12.tar.gz/ise-engine-anthy-1.0.12/src/scim_anthy_color_button.cpp:29:#include "scim_anthy_color_button.h"
/home/toolchain/development/libc++_replacement/tmp/corpus/extracted/ise-engine-anthy-1.0.12-1.src.rpm/unpacked/ise-engine-anthy-1.0.12.tar.gz/ise-engine-anthy-1.0.12/src/scim_anthy_color_button.cpp:30:#include "scim_anthy_intl.h"
/home/toolchain/development/libc++_replacement/tmp/corpus/extracted/ise-engine-anthy-1.0.12-1.src.rpm/unpacked/ise-engine-anthy-1.0.12.tar.gz/ise-engine-anthy-1.0.12/src/scim_anthy_preedit.cpp:26:#include "scim_anthy_factory.h"
/home/toolchain/development/libc++_replacement/tmp/corpus/extracted/ise-engine-anthy-1.0.12-1.src.rpm/unpacked/ise-engine-anthy-1.0.12.tar.gz/ise-engine-anthy-1.0.12/src/scim_anthy_preedit.cpp:27:#include "scim_anthy_imengine.h"
/home/toolchain/development/libc++_replacement/tmp/corpus/extracted/ise-engine-anthy-1.0.12-1.src.rpm/unpacked/ise-engine-anthy-1.0.12.tar.gz/ise-engine-anthy-1.0.12/src/scim_anthy_preedit.cpp:28:#include "scim_anthy_preedit.h"
/home/toolchain/development/libc++_replacement/tmp/corpus/extracted/ise-engine-anthy-1.0.12-1.src.rpm/unpacked/ise-engine-anthy-1.0.12.tar.gz/ise-engine-anthy-1.0.12/src/scim_anthy_preedit.cpp:29:#include "scim_anthy_utils.h"
/home/toolchain/development/libc++_replacement/tmp/corpus/extracted/ise-engine-anthy-1.0.12-1.src.rpm/unpacked/ise-engine-anthy-1.0.12.tar.gz/ise-engine-anthy-1.0.12/src/scim_anthy_default_tables.cpp:21:#include <scim.h>
/home/toolchain/development/libc++_replacement/tmp/corpus/extracted/ise-engine-anthy-1.0.12-1.src.rpm/unpacked/ise-engine-anthy-1.0.12.tar.gz/ise-engine-anthy-1.0.12/src/scim_anthy_default_tables.cpp:22:#include "scim_anthy_default_tables.h"
/home/toolchain/development/libc++_replacement/tmp/corpus/extracted/ise-engine-anthy-1.0.12-1.src.rpm/unpacked/ise-engine-anthy-1.0.12.tar.gz/ise-engine-anthy-1.0.12/src/scim_anthy_setup.cpp:37:#include <scim.h>
/home/toolchain/development/libc++_replacement/tmp/corpus/extracted/ise-engine-anthy-1.0.12-1.src.rpm/unpacked/ise-engine-anthy-1.0.12.tar.gz/ise-engine-anthy-1.0.12/src/scim_anthy_setup.cpp:38:#include <gtk/scimkeyselection.h>
/home/toolchain/development/libc++_replacement/tmp/corpus/extracted/ise-engine-anthy-1.0.12-1.src.rpm/unpacked/ise-engine-anthy-1.0.12.tar.gz/ise-engine-anthy-1.0.12/src/scim_anthy_setup.cpp:39:#include "scim_anthy_intl.h"
/home/toolchain/development/libc++_replacement/tmp/corpus/extracted/ise-engine-anthy-1.0.12-1.src.rpm/unpacked/ise-engine-anthy-1.0.12.tar.gz/ise-engine-anthy-1.0.12/src/scim_anthy_setup.cpp:40:#include "scim_anthy_style_file.h"
/home/toolchain/development/libc++_replacement/tmp/corpus/extracted/ise-engine-anthy-1.0.12-1.src.rpm/unpacked/ise-engine-anthy-1.0.12.tar.gz/ise-engine-anthy-1.0.12/src/scim_anthy_setup.cpp:41:#include "scim_anthy_prefs.h"
/home/toolchain/development/libc++_replacement/tmp/corpus/extracted/ise-engine-anthy-1.0.12-1.src.rpm/unpacked/ise-engine-anthy-1.0.12.tar.gz/ise-engine-anthy-1.0.12/src/scim_anthy_setup.cpp:42:#include "scim_anthy_default_tables.h"
/home/toolchain/development/libc++_replacement/tmp/corpus/extracted/ise-engine-anthy-1.0.12-1.src.rpm/unpacked/ise-engine-anthy-1.0.12.tar.gz/ise-engine-anthy-1.0.12/src/scim_anthy_setup.cpp:43:#include "scim_anthy_setup.h"
/home/toolchain/development/libc++_replacement/tmp/corpus/extracted/ise-engine-anthy-1.0.12-1.src.rpm/unpacked/ise-engine-anthy-1.0.12.tar.gz/ise-engine-anthy-1.0.12/src/scim_anthy_setup.cpp:44:#include "scim_anthy_setup_romaji.h"
/home/toolchain/development/libc++_replacement/tmp/corpus/extracted/ise-engine-anthy-1.0.12-1.src.rpm/unpacked/ise-engine-anthy-1.0.12.tar.gz/ise-engine-anthy-1.0.12/src/scim_anthy_setup.cpp:45:#include "scim_anthy_setup_kana.h"
/home/toolchain/development/libc++_replacement/tmp/corpus/extracted/ise-engine-anthy-1.0.12-1.src.rpm/unpacked/ise-engine-anthy-1.0.12.tar.gz/ise-engine-anthy-1.0.12/src/scim_anthy_setup.cpp:46:#include "scim_anthy_utils.h"
/home/toolchain/development/libc++_replacement/tmp/corpus/extracted/ise-engine-anthy-1.0.12-1.src.rpm/unpacked/ise-engine-anthy-1.0.12.tar.gz/ise-engine-anthy-1.0.12/src/scim_anthy_setup.cpp:47:#include "scim_anthy_color_button.h"
/home/toolchain/development/libc++_replacement/tmp/corpus/extracted/ise-engine-anthy-1.0.12-1.src.rpm/unpacked/ise-engine-anthy-1.0.12.tar.gz/ise-engine-anthy-1.0.12/src/scim_anthy_imengine.cpp:39:#include <scim.h>
/home/toolchain/development/libc++_replacement/tmp/corpus/extracted/ise-engine-anthy-1.0.12-1.src.rpm/unpacked/ise-engine-anthy-1.0.12.tar.gz/ise-engine-anthy-1.0.12/src/scim_anthy_imengine.cpp:41:#include "scim_anthy_factory.h"
/home/toolchain/development/libc++_replacement/tmp/corpus/extracted/ise-engine-anthy-1.0.12-1.src.rpm/unpacked/ise-engine-anthy-1.0.12.tar.gz/ise-engine-anthy-1.0.12/src/scim_anthy_imengine.cpp:42:#include "scim_anthy_imengine.h"
/home/toolchain/development/libc++_replacement/tmp/corpus/extracted/ise-engine-anthy-1.0.12-1.src.rpm/unpacked/ise-engine-anthy-1.0.12.tar.gz/ise-engine-anthy-1.0.12/src/scim_anthy_imengine.cpp:43:#include "scim_anthy_prefs.h"
/home/toolchain/development/libc++_replacement/tmp/corpus/extracted/ise-engine-anthy-1.0.12-1.src.rpm/unpacked/ise-engine-anthy-1.0.12.tar.gz/ise-engine-anthy-1.0.12/src/scim_anthy_imengine.cpp:44:#include "scim_anthy_intl.h"
/home/toolchain/development/libc++_replacement/tmp/corpus/extracted/ise-engine-anthy-1.0.12-1.src.rpm/unpacked/ise-engine-anthy-1.0.12.tar.gz/ise-engine-anthy-1.0.12/src/scim_anthy_imengine.cpp:45:#include "scim_anthy_utils.h"
/home/toolchain/development/libc++_replacement/tmp/corpus/extracted/ise-engine-anthy-1.0.12-1.src.rpm/unpacked/ise-engine-anthy-1.0.12.tar.gz/ise-engine-anthy-1.0.12/src/scim_anthy_imengine.cpp:46:#include "scim_anthy_helper.h"
