memory_basis=[('MemTotal', 33072918528)]
RLIMIT_AS_bytes=9921875558; parallelism=1; nice=19; ionice=3
 *
 *  You should have received a copy of the GNU General Public License
 *  along with this program; if not, write to the Free Software
 *  Foundation, Inc., 59 Temple Place - Suite 330, Boston, MA 02111-1307, USA.
 */

/*
 * The original code is scim_uim_imengine.cpp in scim-uim-0.1.3.
 * Copyright (C) 2004 James Su <suzhe@tsinghua.org.cn>
 */

#define Uses_SCIM_UTILITY
#define Uses_SCIM_IMENGINE
#define Uses_SCIM_CONFIG_BASE

#ifdef HAVE_CONFIG_H
  #include <config.h>
#endif

#include <stdio.h>
#include <unistd.h>
#include <sys/types.h>
#include <sys/wait.h>

#include <scim.h>
#include "scim_anthy_factory.h"
#include "scim_anthy_imengine.h"
#include "scim_anthy_prefs.h"
#include "scim_anthy_intl.h"

#define scim_module_init ise_engine_anthy_LTX_scim_module_init
