     19530:	file=/home/toolchain/development/libc++_replacement/tmp/R11/extracted/7b/7b8399da9e44581207c907dd5a25d65c31a63eab074a9760d3bc3a11372e8657/usr/lib64/libc++.so.1.0 [0];  needed by /home/toolchain/development/libc++_replacement/tmp/R11/extracted/76/7606e2955a44b9255ca19db9bfc1ff9b96c047c5dd1aee7a85472a0a67af84a7/usr/libexec/getconf/getconf [0]
     19530:	file=/home/toolchain/development/libc++_replacement/tmp/R11/extracted/7b/7b8399da9e44581207c907dd5a25d65c31a63eab074a9760d3bc3a11372e8657/usr/lib64/libc++.so.1.0 [0];  generating link map
     19530:	file=/home/toolchain/development/libc++_replacement/tmp/R11/extracted/d3/d303775042ed2f62dbc343c0c2d00fa1fc564925a67db35676c62c458dade500/usr/lib64/libstdc++.so.6.0.33 [0];  needed by /home/toolchain/development/libc++_replacement/tmp/R11/extracted/76/7606e2955a44b9255ca19db9bfc1ff9b96c047c5dd1aee7a85472a0a67af84a7/usr/libexec/getconf/getconf [0]
     19530:	file=/home/toolchain/development/libc++_replacement/tmp/R11/extracted/d3/d303775042ed2f62dbc343c0c2d00fa1fc564925a67db35676c62c458dade500/usr/lib64/libstdc++.so.6.0.33 [0];  generating link map
     19530:	file=libc++abi.so.1 [0];  needed by /home/toolchain/development/libc++_replacement/tmp/R11/extracted/7b/7b8399da9e44581207c907dd5a25d65c31a63eab074a9760d3bc3a11372e8657/usr/lib64/libc++.so.1.0 [0]
     19530:	file=libunwind.so.1 [0];  needed by /home/toolchain/development/libc++_replacement/tmp/R11/extracted/7b/7b8399da9e44581207c907dd5a25d65c31a63eab074a9760d3bc3a11372e8657/usr/lib64/libc++.so.1.0 [0]
     19530:	file=libm.so.6 [0];  needed by /home/toolchain/development/libc++_replacement/tmp/R11/extracted/d3/d303775042ed2f62dbc343c0c2d00fa1fc564925a67db35676c62c458dade500/usr/lib64/libstdc++.so.6.0.33 [0]
     19530:	file=libgcc_s.so.1 [0];  needed by /home/toolchain/development/libc++_replacement/tmp/R11/extracted/d3/d303775042ed2f62dbc343c0c2d00fa1fc564925a67db35676c62c458dade500/usr/lib64/libstdc++.so.6.0.33 [0]
     19530:	calling init: /home/toolchain/development/libc++_replacement/tmp/R11/extracted/76/7606e2955a44b9255ca19db9bfc1ff9b96c047c5dd1aee7a85472a0a67af84a7/lib64/ld-linux-aarch64.so.1
     19530:	calling init: /home/toolchain/development/libc++_replacement/tmp/R11/extracted/76/7606e2955a44b9255ca19db9bfc1ff9b96c047c5dd1aee7a85472a0a67af84a7/lib64/libc.so.6
     19530:	calling init: /home/toolchain/development/libc++_replacement/tmp/R11/extracted/c3/c3c00b54b4714c9aa4e3ab87b1eca43af33dbc62c4d49067be27270d8733023c/usr/lib64/libgcc_s.so.1
     19530:	calling init: /home/toolchain/development/libc++_replacement/tmp/R11/extracted/76/7606e2955a44b9255ca19db9bfc1ff9b96c047c5dd1aee7a85472a0a67af84a7/lib64/libm.so.6
     19530:	calling init: /home/toolchain/development/libc++_replacement/tmp/R11/extracted/7b/7b8399da9e44581207c907dd5a25d65c31a63eab074a9760d3bc3a11372e8657/usr/lib64/libunwind.so.1
     19530:	calling init: /home/toolchain/development/libc++_replacement/tmp/R11/extracted/7b/7b8399da9e44581207c907dd5a25d65c31a63eab074a9760d3bc3a11372e8657/usr/lib64/libc++abi.so.1
     19530:	calling init: /home/toolchain/development/libc++_replacement/tmp/R11/extracted/d3/d303775042ed2f62dbc343c0c2d00fa1fc564925a67db35676c62c458dade500/usr/lib64/libstdc++.so.6.0.33
     19530:	calling init: /home/toolchain/development/libc++_replacement/tmp/R11/extracted/7b/7b8399da9e44581207c907dd5a25d65c31a63eab074a9760d3bc3a11372e8657/usr/lib64/libc++.so.1.0
     19530:	calling fini:  [0]
     19530:	calling fini: /home/toolchain/development/libc++_replacement/tmp/R11/extracted/7b/7b8399da9e44581207c907dd5a25d65c31a63eab074a9760d3bc3a11372e8657/usr/lib64/libc++.so.1.0 [0]
     19530:	calling fini: /home/toolchain/development/libc++_replacement/tmp/R11/extracted/d3/d303775042ed2f62dbc343c0c2d00fa1fc564925a67db35676c62c458dade500/usr/lib64/libstdc++.so.6.0.33 [0]
     19530:	calling fini: /home/toolchain/development/libc++_replacement/tmp/R11/extracted/7b/7b8399da9e44581207c907dd5a25d65c31a63eab074a9760d3bc3a11372e8657/usr/lib64/libc++abi.so.1 [0]
     19530:	calling fini: /home/toolchain/development/libc++_replacement/tmp/R11/extracted/7b/7b8399da9e44581207c907dd5a25d65c31a63eab074a9760d3bc3a11372e8657/usr/lib64/libunwind.so.1 [0]
     19530:	calling fini: /home/toolchain/development/libc++_replacement/tmp/R11/extracted/76/7606e2955a44b9255ca19db9bfc1ff9b96c047c5dd1aee7a85472a0a67af84a7/lib64/libm.so.6 [0]
     19530:	calling fini: /home/toolchain/development/libc++_replacement/tmp/R11/extracted/c3/c3c00b54b4714c9aa4e3ab87b1eca43af33dbc62c4d49067be27270d8733023c/usr/lib64/libgcc_s.so.1 [0]
     19530:	calling fini: /home/toolchain/development/libc++_replacement/tmp/R11/extracted/76/7606e2955a44b9255ca19db9bfc1ff9b96c047c5dd1aee7a85472a0a67af84a7/lib64/libc.so.6 [0]
     19530:	calling fini: /home/toolchain/development/libc++_replacement/tmp/R11/extracted/76/7606e2955a44b9255ca19db9bfc1ff9b96c047c5dd1aee7a85472a0a67af84a7/lib64/ld-linux-aarch64.so.1 [0]
