505:    s.m_end         = tmp2;
506-}
507-
508-//____________________________________________________________________________//
509-
510-template<typename CharT>
511-inline typename basic_cstring<CharT>::iterator
512-basic_cstring<CharT>::begin()
513-{
514:    return m_begin;
515-}
516-
517-//____________________________________________________________________________//
518-
519-template<typename CharT>
520-inline typename basic_cstring<CharT>::const_iterator
521-basic_cstring<CharT>::begin() const
522-{
523:    return m_begin;
524-}
525-
526-//____________________________________________________________________________//
527-
528-template<typename CharT>
529-inline typename basic_cstring<CharT>::iterator
530-basic_cstring<CharT>::end()
531-{
532:    return m_end;
533-}
534-
535-//____________________________________________________________________________//
536-
537-template<typename CharT>
538-inline typename basic_cstring<CharT>::const_iterator
539-basic_cstring<CharT>::end() const
540-{
541:    return m_end;
542-}
543-
544-//____________________________________________________________________________//
545-
546-template<typename CharT>
547-inline typename basic_cstring<CharT>::size_type
548-basic_cstring<CharT>::find( basic_cstring<CharT> str ) const
549-{
550-    if( str.is_empty() || str.size() > size() )
551-        return npos;
552-
553-    const_iterator last = end() - str.size() + 1;
554-
555-    for( const_iterator it = begin(); it != last; ++it ) {
556-        if( traits_type::compare( it, str.begin(), str.size() ) == 0 )
--
583-
584-//____________________________________________________________________________//
585-
586-template<typename CharT>
587-inline basic_cstring<CharT>
588-basic_cstring<CharT>::substr( size_type beg_index, size_type end_index ) const
589-{
590-    return beg_index > size()
591-            ?       self_type()
592-            : end_index > size()
593:                ?   self_type( m_begin + beg_index, m_end )
594:                :   self_type( m_begin + beg_index, m_begin + end_index );
595-}
596-
597-//____________________________________________________________________________//
598-
599-template<typename CharT>
600-inline basic_cstring<CharT>
601-basic_cstring<CharT>::default_trim_ex()
602-{
603-    static CharT ws[3] = { CharT(' '), CharT('\t'), CharT('\n') }; // !! wide case
604-
605-    return self_type( ws, 3 );
606-}
607-
608-//____________________________________________________________________________//
609-
