71-    // But size_type is 8 bytes in 64bit mode.
72-    static const size_type npos = -1 ;
73-#endif
74-
75-    static pointer  null_str();
76-
77-    // Constructors; default copy constructor is generated by compiler
78-    basic_cstring();
79-    basic_cstring( basic_cstring const & );
80-    basic_cstring( std_string const& s );
81-    basic_cstring( pointer s );
82-    template<typename LenType>
83:    basic_cstring( pointer s, LenType len ) : m_begin( s ), m_end( m_begin + len ) {}
84-    basic_cstring( pointer first, pointer last );
85-
86-    // data access methods
87-    value_ret_type  operator[]( size_type index ) const;
88-    value_ret_type  at( size_type index ) const;
89-
90-    // size operators
91-    size_type       size() const;
92-    bool            is_empty() const;
93-    void            clear();
94-    void            resize( size_type new_len );
95-
--
119-    basic_cstring&  operator=( self_type const& s );
120-    basic_cstring&  operator=( std_string const& s );
121-    basic_cstring&  operator=( pointer s );
122-
123-    template<typename CharT2>
124-    basic_cstring&  assign( basic_cstring<CharT2> const& s )
125-    {
126-        return *this = basic_cstring<CharT>( s.begin(), s.end() );
127-    }
128-    template<typename PosType, typename LenType>
129-    basic_cstring&  assign( self_type const& s, PosType pos, LenType len )
130-    {
131:        return *this = self_type( s.m_begin + pos, len );
132-    }
133-
134-    basic_cstring&  assign( std_string const& s );
135-    template<typename PosType, typename LenType>
136-    basic_cstring&  assign( std_string const& s, PosType pos, LenType len )
137-    {
138-        return *this = self_type( s.c_str() + pos, len );
139-    }
140-    basic_cstring&  assign( pointer s );
141-    template<typename LenType>
142-    basic_cstring&  assign( pointer s, LenType len )
143-    {
--
156-
157-    // !! should have rbegin, rend
158-
159-    // substring search operation
160-    size_type       find( basic_cstring ) const;
161-    size_type       rfind( basic_cstring ) const;
162-    self_type       substr( size_type beg_index, size_type end_index = npos ) const;
163-
164-private:
165-    static self_type default_trim_ex();
166-
167-    // Data members
168:    iterator        m_begin;
169-    iterator        m_end;
170-    static CharT null;
171-};
172-
173-// ************************************************************************** //
174-// **************         cstring_string_view_helper           ************** //
175-// ************************************************************************** //
176-
177-
178-#if defined(BOOST_TEST_STRING_VIEW)
179-// Helper for instanciating a subclass of cstring using a string_view. We do not
180-// change the API of cstring using BOOST_TEST_STRING_VIEW as the code should remain
--
204-template<typename CharT>
205-inline typename basic_cstring<CharT>::pointer
206-basic_cstring<CharT>::null_str()
207-{
208-    return &null;
209-}
210-
211-//____________________________________________________________________________//
212-
213-template<typename CharT>
214-inline
215-basic_cstring<CharT>::basic_cstring()
