case                  run  exit_code  maps_libcxx  maps_libstdcxx  maps_provider  value_state        destruction_state
boost_test_mixed      1    41         1            1               1              OBSERVED_MISMATCH  COMPLETED
boost_test_control    1    0          0            1               1              EXACT_PASS         COMPLETED
boost_thread_mixed    1    0          1            1               1              EXACT_PASS         COMPLETED_TRIVIAL
boost_thread_control  1    0          0            1               1              EXACT_PASS         COMPLETED_TRIVIAL
boost_test_mixed      2    41         1            1               1              OBSERVED_MISMATCH  COMPLETED
boost_test_control    2    0          0            1               1              EXACT_PASS         COMPLETED
boost_thread_mixed    2    0          1            1               1              EXACT_PASS         COMPLETED_TRIVIAL
boost_thread_control  2    0          0            1               1              EXACT_PASS         COMPLETED_TRIVIAL
boost_test_mixed      3    41         1            1               1              OBSERVED_MISMATCH  COMPLETED
boost_test_control    3    0          0            1               1              EXACT_PASS         COMPLETED
boost_thread_mixed    3    0          1            1               1              EXACT_PASS         COMPLETED_TRIVIAL
boost_thread_control  3    0          0            1               1              EXACT_PASS         COMPLETED_TRIVIAL
boost_test_mixed      4    41         1            1               1              OBSERVED_MISMATCH  COMPLETED
boost_test_control    4    0          0            1               1              EXACT_PASS         COMPLETED
boost_thread_mixed    4    0          1            1               1              EXACT_PASS         COMPLETED_TRIVIAL
boost_thread_control  4    0          0            1               1              EXACT_PASS         COMPLETED_TRIVIAL
boost_test_mixed      5    41         1            1               1              OBSERVED_MISMATCH  COMPLETED
boost_test_control    5    0          0            1               1              EXACT_PASS         COMPLETED
boost_thread_mixed    5    0          1            1               1              EXACT_PASS         COMPLETED_TRIVIAL
boost_thread_control  5    0          0            1               1              EXACT_PASS         COMPLETED_TRIVIAL
FILE=docs/progress/R110/build/w3/boost_test_control.run1.stdout
runtime_maps=libcxx:0,libstdcxx:1,provider:1 dladdr=1
provider_path=/home/toolchain/development/libcxx_runtime_validation/docs/progress/R110/build/w3/provider_overlay/usr/lib64/libboost_unit_test_framework.so.1.83.0
provider_constructed=YES
observed_size=16 expected_size=16 value_ok=1
observed_hex=616c7068615f626574615f67616d6d61
consumer_destroy_begin=YES
consumer_destroy_completed=YES
dlclose_completed=YES
FILE=docs/progress/R110/build/w3/boost_test_mixed.run1.stdout
runtime_maps=libcxx:1,libstdcxx:1,provider:1 dladdr=1
provider_path=/home/toolchain/development/libcxx_runtime_validation/docs/progress/R110/build/w3/provider_overlay/usr/lib64/libboost_unit_test_framework.so.1.83.0
provider_constructed=YES
observed_size=56 expected_size=16 value_ok=0
observed_hex=NOT_OBSERVED_UNEXPECTED_SIZE
consumer_destroy_begin=YES
consumer_destroy_completed=YES
dlclose_completed=YES
FILE=docs/progress/R110/build/w3/boost_thread_control.run1.stdout
runtime_maps=libcxx:0,libstdcxx:1,provider:1 token=libboost_thread.so.1.83.0
runtime_maps=libcxx:0,libstdcxx:1,provider:1 dladdr=1
provider_path=/home/toolchain/development/libcxx_runtime_validation/docs/progress/R110/build/w3/provider_overlay/usr/lib64/libboost_thread.so.1.83.0 sizeof_once_flag=4 trivial_destructor=1
states=1,1,0 expected=1,1,0
consumer_scope_exit_begin=YES
consumer_scope_exit_completed=YES
FILE=docs/progress/R110/build/w3/boost_thread_mixed.run1.stdout
runtime_maps=libcxx:1,libstdcxx:1,provider:1 token=libboost_thread.so.1.83.0
runtime_maps=libcxx:1,libstdcxx:1,provider:1 dladdr=1
provider_path=/home/toolchain/development/libcxx_runtime_validation/docs/progress/R110/build/w3/provider_overlay/usr/lib64/libboost_thread.so.1.83.0 sizeof_once_flag=4 trivial_destructor=1
states=1,1,0 expected=1,1,0
consumer_scope_exit_begin=YES
consumer_scope_exit_completed=YES
FILE=docs/progress/R110/build/w3/boost_test_control.run1.stderr
FILE=docs/progress/R110/build/w3/boost_test_mixed.run1.stderr
FILE=docs/progress/R110/build/w3/boost_thread_control.run1.stderr
FILE=docs/progress/R110/build/w3/boost_thread_mixed.run1.stderr
