LABEL=normalize_files_armv7l_libc++
PWD=/home/toolchain/development/libc++_replacement
COMMAND=sed -E -e s#/usr/lib64#/usr/\<LIBDIR\>#g -e s#/usr/lib/#/usr/\<LIBDIR\>/#g -e s#libcxx-runtimes-22\\.1\\.8-1\\.\(arm\|aarch64\|x86_64\)#libcxx-runtimes-22.1.8-1.\<ARCH\>#g /home/toolchain/development/libc++_replacement/progress/R6/rpm_meta/armv7l/libc++/files.txt 
EXIT_CODE=0

LABEL=normalize_provides_armv7l_libc++
PWD=/home/toolchain/development/libc++_replacement
COMMAND=sed -E -e s/\\\(\(armv7l-32\|aarch-64\|x86-64\)\\\)/\(\<ARCH-CAP\>\)/g -e s/\\\(\\\)\\\(64bit\\\)//g -e s/\\\(64bit\\\)//g /home/toolchain/development/libc++_replacement/progress/R6/rpm_meta/armv7l/libc++/provides.txt 
EXIT_CODE=0

LABEL=normalize_nonabi_requires_armv7l_libc++
PWD=/home/toolchain/development/libc++_replacement
COMMAND=bash -o pipefail -c grep\ -Ev\ \"\^\(ld-linux\|libatomic\\\\.so\|libc\\\\.so\|libgcc_s\\\\.so\|libm\\\\.so\|libpthread\\\\.so\|rtld\\\\\(\)\"\ \"\$1\"\ \|\ sed\ -E\ \"s/\\\\\(\(armv7l-32\|aarch-64\|x86-64\)\\\\\)/\(\<ARCH-CAP\>\)/g\;\ s/\\\\\(64bit\\\\\)//g\"\ \|\ LC_ALL=C\ sort _ /home/toolchain/development/libc++_replacement/progress/R6/rpm_meta/armv7l/libc++/requires.txt 
EXIT_CODE=0

LABEL=normalize_files_aarch64_libc++
PWD=/home/toolchain/development/libc++_replacement
COMMAND=sed -E -e s#/usr/lib64#/usr/\<LIBDIR\>#g -e s#/usr/lib/#/usr/\<LIBDIR\>/#g -e s#libcxx-runtimes-22\\.1\\.8-1\\.\(arm\|aarch64\|x86_64\)#libcxx-runtimes-22.1.8-1.\<ARCH\>#g /home/toolchain/development/libc++_replacement/progress/R6/rpm_meta/aarch64/libc++/files.txt 
EXIT_CODE=0

LABEL=normalize_provides_aarch64_libc++
PWD=/home/toolchain/development/libc++_replacement
COMMAND=sed -E -e s/\\\(\(armv7l-32\|aarch-64\|x86-64\)\\\)/\(\<ARCH-CAP\>\)/g -e s/\\\(\\\)\\\(64bit\\\)//g -e s/\\\(64bit\\\)//g /home/toolchain/development/libc++_replacement/progress/R6/rpm_meta/aarch64/libc++/provides.txt 
EXIT_CODE=0

LABEL=normalize_nonabi_requires_aarch64_libc++
PWD=/home/toolchain/development/libc++_replacement
COMMAND=bash -o pipefail -c grep\ -Ev\ \"\^\(ld-linux\|libatomic\\\\.so\|libc\\\\.so\|libgcc_s\\\\.so\|libm\\\\.so\|libpthread\\\\.so\|rtld\\\\\(\)\"\ \"\$1\"\ \|\ sed\ -E\ \"s/\\\\\(\(armv7l-32\|aarch-64\|x86-64\)\\\\\)/\(\<ARCH-CAP\>\)/g\;\ s/\\\\\(64bit\\\\\)//g\"\ \|\ LC_ALL=C\ sort _ /home/toolchain/development/libc++_replacement/progress/R6/rpm_meta/aarch64/libc++/requires.txt 
EXIT_CODE=0

LABEL=normalize_files_x86_64_libc++
PWD=/home/toolchain/development/libc++_replacement
COMMAND=sed -E -e s#/usr/lib64#/usr/\<LIBDIR\>#g -e s#/usr/lib/#/usr/\<LIBDIR\>/#g -e s#libcxx-runtimes-22\\.1\\.8-1\\.\(arm\|aarch64\|x86_64\)#libcxx-runtimes-22.1.8-1.\<ARCH\>#g /home/toolchain/development/libc++_replacement/progress/R6/rpm_meta/x86_64/libc++/files.txt 
EXIT_CODE=0

LABEL=normalize_provides_x86_64_libc++
PWD=/home/toolchain/development/libc++_replacement
COMMAND=sed -E -e s/\\\(\(armv7l-32\|aarch-64\|x86-64\)\\\)/\(\<ARCH-CAP\>\)/g -e s/\\\(\\\)\\\(64bit\\\)//g -e s/\\\(64bit\\\)//g /home/toolchain/development/libc++_replacement/progress/R6/rpm_meta/x86_64/libc++/provides.txt 
EXIT_CODE=0

LABEL=normalize_nonabi_requires_x86_64_libc++
PWD=/home/toolchain/development/libc++_replacement
COMMAND=bash -o pipefail -c grep\ -Ev\ \"\^\(ld-linux\|libatomic\\\\.so\|libc\\\\.so\|libgcc_s\\\\.so\|libm\\\\.so\|libpthread\\\\.so\|rtld\\\\\(\)\"\ \"\$1\"\ \|\ sed\ -E\ \"s/\\\\\(\(armv7l-32\|aarch-64\|x86-64\)\\\\\)/\(\<ARCH-CAP\>\)/g\;\ s/\\\\\(64bit\\\\\)//g\"\ \|\ LC_ALL=C\ sort _ /home/toolchain/development/libc++_replacement/progress/R6/rpm_meta/x86_64/libc++/requires.txt 
EXIT_CODE=0

LABEL=normalize_files_armv7l_libc++-debuginfo
PWD=/home/toolchain/development/libc++_replacement
COMMAND=sed -E -e s#/usr/lib64#/usr/\<LIBDIR\>#g -e s#/usr/lib/#/usr/\<LIBDIR\>/#g -e s#libcxx-runtimes-22\\.1\\.8-1\\.\(arm\|aarch64\|x86_64\)#libcxx-runtimes-22.1.8-1.\<ARCH\>#g /home/toolchain/development/libc++_replacement/progress/R6/rpm_meta/armv7l/libc++-debuginfo/files.txt 
EXIT_CODE=0

LABEL=normalize_provides_armv7l_libc++-debuginfo
PWD=/home/toolchain/development/libc++_replacement
COMMAND=sed -E -e s/\\\(\(armv7l-32\|aarch-64\|x86-64\)\\\)/\(\<ARCH-CAP\>\)/g -e s/\\\(\\\)\\\(64bit\\\)//g -e s/\\\(64bit\\\)//g /home/toolchain/development/libc++_replacement/progress/R6/rpm_meta/armv7l/libc++-debuginfo/provides.txt 
EXIT_CODE=0

LABEL=normalize_nonabi_requires_armv7l_libc++-debuginfo
PWD=/home/toolchain/development/libc++_replacement
COMMAND=bash -o pipefail -c grep\ -Ev\ \"\^\(ld-linux\|libatomic\\\\.so\|libc\\\\.so\|libgcc_s\\\\.so\|libm\\\\.so\|libpthread\\\\.so\|rtld\\\\\(\)\"\ \"\$1\"\ \|\ sed\ -E\ \"s/\\\\\(\(armv7l-32\|aarch-64\|x86-64\)\\\\\)/\(\<ARCH-CAP\>\)/g\;\ s/\\\\\(64bit\\\\\)//g\"\ \|\ LC_ALL=C\ sort _ /home/toolchain/development/libc++_replacement/progress/R6/rpm_meta/armv7l/libc++-debuginfo/requires.txt 
EXIT_CODE=0

LABEL=normalize_files_aarch64_libc++-debuginfo
PWD=/home/toolchain/development/libc++_replacement
COMMAND=sed -E -e s#/usr/lib64#/usr/\<LIBDIR\>#g -e s#/usr/lib/#/usr/\<LIBDIR\>/#g -e s#libcxx-runtimes-22\\.1\\.8-1\\.\(arm\|aarch64\|x86_64\)#libcxx-runtimes-22.1.8-1.\<ARCH\>#g /home/toolchain/development/libc++_replacement/progress/R6/rpm_meta/aarch64/libc++-debuginfo/files.txt 
EXIT_CODE=0

LABEL=normalize_provides_aarch64_libc++-debuginfo
PWD=/home/toolchain/development/libc++_replacement
COMMAND=sed -E -e s/\\\(\(armv7l-32\|aarch-64\|x86-64\)\\\)/\(\<ARCH-CAP\>\)/g -e s/\\\(\\\)\\\(64bit\\\)//g -e s/\\\(64bit\\\)//g /home/toolchain/development/libc++_replacement/progress/R6/rpm_meta/aarch64/libc++-debuginfo/provides.txt 
EXIT_CODE=0

LABEL=normalize_nonabi_requires_aarch64_libc++-debuginfo
PWD=/home/toolchain/development/libc++_replacement
COMMAND=bash -o pipefail -c grep\ -Ev\ \"\^\(ld-linux\|libatomic\\\\.so\|libc\\\\.so\|libgcc_s\\\\.so\|libm\\\\.so\|libpthread\\\\.so\|rtld\\\\\(\)\"\ \"\$1\"\ \|\ sed\ -E\ \"s/\\\\\(\(armv7l-32\|aarch-64\|x86-64\)\\\\\)/\(\<ARCH-CAP\>\)/g\;\ s/\\\\\(64bit\\\\\)//g\"\ \|\ LC_ALL=C\ sort _ /home/toolchain/development/libc++_replacement/progress/R6/rpm_meta/aarch64/libc++-debuginfo/requires.txt 
EXIT_CODE=0

LABEL=normalize_files_x86_64_libc++-debuginfo
PWD=/home/toolchain/development/libc++_replacement
COMMAND=sed -E -e s#/usr/lib64#/usr/\<LIBDIR\>#g -e s#/usr/lib/#/usr/\<LIBDIR\>/#g -e s#libcxx-runtimes-22\\.1\\.8-1\\.\(arm\|aarch64\|x86_64\)#libcxx-runtimes-22.1.8-1.\<ARCH\>#g /home/toolchain/development/libc++_replacement/progress/R6/rpm_meta/x86_64/libc++-debuginfo/files.txt 
EXIT_CODE=0

LABEL=normalize_provides_x86_64_libc++-debuginfo
PWD=/home/toolchain/development/libc++_replacement
COMMAND=sed -E -e s/\\\(\(armv7l-32\|aarch-64\|x86-64\)\\\)/\(\<ARCH-CAP\>\)/g -e s/\\\(\\\)\\\(64bit\\\)//g -e s/\\\(64bit\\\)//g /home/toolchain/development/libc++_replacement/progress/R6/rpm_meta/x86_64/libc++-debuginfo/provides.txt 
EXIT_CODE=0

LABEL=normalize_nonabi_requires_x86_64_libc++-debuginfo
PWD=/home/toolchain/development/libc++_replacement
COMMAND=bash -o pipefail -c grep\ -Ev\ \"\^\(ld-linux\|libatomic\\\\.so\|libc\\\\.so\|libgcc_s\\\\.so\|libm\\\\.so\|libpthread\\\\.so\|rtld\\\\\(\)\"\ \"\$1\"\ \|\ sed\ -E\ \"s/\\\\\(\(armv7l-32\|aarch-64\|x86-64\)\\\\\)/\(\<ARCH-CAP\>\)/g\;\ s/\\\\\(64bit\\\\\)//g\"\ \|\ LC_ALL=C\ sort _ /home/toolchain/development/libc++_replacement/progress/R6/rpm_meta/x86_64/libc++-debuginfo/requires.txt 
EXIT_CODE=0

LABEL=normalize_files_armv7l_libc++-devel
PWD=/home/toolchain/development/libc++_replacement
COMMAND=sed -E -e s#/usr/lib64#/usr/\<LIBDIR\>#g -e s#/usr/lib/#/usr/\<LIBDIR\>/#g -e s#libcxx-runtimes-22\\.1\\.8-1\\.\(arm\|aarch64\|x86_64\)#libcxx-runtimes-22.1.8-1.\<ARCH\>#g /home/toolchain/development/libc++_replacement/progress/R6/rpm_meta/armv7l/libc++-devel/files.txt 
EXIT_CODE=0

LABEL=normalize_provides_armv7l_libc++-devel
PWD=/home/toolchain/development/libc++_replacement
COMMAND=sed -E -e s/\\\(\(armv7l-32\|aarch-64\|x86-64\)\\\)/\(\<ARCH-CAP\>\)/g -e s/\\\(\\\)\\\(64bit\\\)//g -e s/\\\(64bit\\\)//g /home/toolchain/development/libc++_replacement/progress/R6/rpm_meta/armv7l/libc++-devel/provides.txt 
EXIT_CODE=0

LABEL=normalize_nonabi_requires_armv7l_libc++-devel
PWD=/home/toolchain/development/libc++_replacement
COMMAND=bash -o pipefail -c grep\ -Ev\ \"\^\(ld-linux\|libatomic\\\\.so\|libc\\\\.so\|libgcc_s\\\\.so\|libm\\\\.so\|libpthread\\\\.so\|rtld\\\\\(\)\"\ \"\$1\"\ \|\ sed\ -E\ \"s/\\\\\(\(armv7l-32\|aarch-64\|x86-64\)\\\\\)/\(\<ARCH-CAP\>\)/g\;\ s/\\\\\(64bit\\\\\)//g\"\ \|\ LC_ALL=C\ sort _ /home/toolchain/development/libc++_replacement/progress/R6/rpm_meta/armv7l/libc++-devel/requires.txt 
EXIT_CODE=0

LABEL=normalize_files_aarch64_libc++-devel
PWD=/home/toolchain/development/libc++_replacement
COMMAND=sed -E -e s#/usr/lib64#/usr/\<LIBDIR\>#g -e s#/usr/lib/#/usr/\<LIBDIR\>/#g -e s#libcxx-runtimes-22\\.1\\.8-1\\.\(arm\|aarch64\|x86_64\)#libcxx-runtimes-22.1.8-1.\<ARCH\>#g /home/toolchain/development/libc++_replacement/progress/R6/rpm_meta/aarch64/libc++-devel/files.txt 
EXIT_CODE=0

LABEL=normalize_provides_aarch64_libc++-devel
PWD=/home/toolchain/development/libc++_replacement
COMMAND=sed -E -e s/\\\(\(armv7l-32\|aarch-64\|x86-64\)\\\)/\(\<ARCH-CAP\>\)/g -e s/\\\(\\\)\\\(64bit\\\)//g -e s/\\\(64bit\\\)//g /home/toolchain/development/libc++_replacement/progress/R6/rpm_meta/aarch64/libc++-devel/provides.txt 
EXIT_CODE=0

LABEL=normalize_nonabi_requires_aarch64_libc++-devel
PWD=/home/toolchain/development/libc++_replacement
COMMAND=bash -o pipefail -c grep\ -Ev\ \"\^\(ld-linux\|libatomic\\\\.so\|libc\\\\.so\|libgcc_s\\\\.so\|libm\\\\.so\|libpthread\\\\.so\|rtld\\\\\(\)\"\ \"\$1\"\ \|\ sed\ -E\ \"s/\\\\\(\(armv7l-32\|aarch-64\|x86-64\)\\\\\)/\(\<ARCH-CAP\>\)/g\;\ s/\\\\\(64bit\\\\\)//g\"\ \|\ LC_ALL=C\ sort _ /home/toolchain/development/libc++_replacement/progress/R6/rpm_meta/aarch64/libc++-devel/requires.txt 
EXIT_CODE=0

LABEL=normalize_files_x86_64_libc++-devel
PWD=/home/toolchain/development/libc++_replacement
COMMAND=sed -E -e s#/usr/lib64#/usr/\<LIBDIR\>#g -e s#/usr/lib/#/usr/\<LIBDIR\>/#g -e s#libcxx-runtimes-22\\.1\\.8-1\\.\(arm\|aarch64\|x86_64\)#libcxx-runtimes-22.1.8-1.\<ARCH\>#g /home/toolchain/development/libc++_replacement/progress/R6/rpm_meta/x86_64/libc++-devel/files.txt 
EXIT_CODE=0

LABEL=normalize_provides_x86_64_libc++-devel
PWD=/home/toolchain/development/libc++_replacement
COMMAND=sed -E -e s/\\\(\(armv7l-32\|aarch-64\|x86-64\)\\\)/\(\<ARCH-CAP\>\)/g -e s/\\\(\\\)\\\(64bit\\\)//g -e s/\\\(64bit\\\)//g /home/toolchain/development/libc++_replacement/progress/R6/rpm_meta/x86_64/libc++-devel/provides.txt 
EXIT_CODE=0

LABEL=normalize_nonabi_requires_x86_64_libc++-devel
PWD=/home/toolchain/development/libc++_replacement
COMMAND=bash -o pipefail -c grep\ -Ev\ \"\^\(ld-linux\|libatomic\\\\.so\|libc\\\\.so\|libgcc_s\\\\.so\|libm\\\\.so\|libpthread\\\\.so\|rtld\\\\\(\)\"\ \"\$1\"\ \|\ sed\ -E\ \"s/\\\\\(\(armv7l-32\|aarch-64\|x86-64\)\\\\\)/\(\<ARCH-CAP\>\)/g\;\ s/\\\\\(64bit\\\\\)//g\"\ \|\ LC_ALL=C\ sort _ /home/toolchain/development/libc++_replacement/progress/R6/rpm_meta/x86_64/libc++-devel/requires.txt 
EXIT_CODE=0

LABEL=normalize_files_armv7l_libc++abi
PWD=/home/toolchain/development/libc++_replacement
COMMAND=sed -E -e s#/usr/lib64#/usr/\<LIBDIR\>#g -e s#/usr/lib/#/usr/\<LIBDIR\>/#g -e s#libcxx-runtimes-22\\.1\\.8-1\\.\(arm\|aarch64\|x86_64\)#libcxx-runtimes-22.1.8-1.\<ARCH\>#g /home/toolchain/development/libc++_replacement/progress/R6/rpm_meta/armv7l/libc++abi/files.txt 
EXIT_CODE=0

LABEL=normalize_provides_armv7l_libc++abi
PWD=/home/toolchain/development/libc++_replacement
COMMAND=sed -E -e s/\\\(\(armv7l-32\|aarch-64\|x86-64\)\\\)/\(\<ARCH-CAP\>\)/g -e s/\\\(\\\)\\\(64bit\\\)//g -e s/\\\(64bit\\\)//g /home/toolchain/development/libc++_replacement/progress/R6/rpm_meta/armv7l/libc++abi/provides.txt 
EXIT_CODE=0

LABEL=normalize_nonabi_requires_armv7l_libc++abi
PWD=/home/toolchain/development/libc++_replacement
COMMAND=bash -o pipefail -c grep\ -Ev\ \"\^\(ld-linux\|libatomic\\\\.so\|libc\\\\.so\|libgcc_s\\\\.so\|libm\\\\.so\|libpthread\\\\.so\|rtld\\\\\(\)\"\ \"\$1\"\ \|\ sed\ -E\ \"s/\\\\\(\(armv7l-32\|aarch-64\|x86-64\)\\\\\)/\(\<ARCH-CAP\>\)/g\;\ s/\\\\\(64bit\\\\\)//g\"\ \|\ LC_ALL=C\ sort _ /home/toolchain/development/libc++_replacement/progress/R6/rpm_meta/armv7l/libc++abi/requires.txt 
EXIT_CODE=0

LABEL=normalize_files_aarch64_libc++abi
PWD=/home/toolchain/development/libc++_replacement
COMMAND=sed -E -e s#/usr/lib64#/usr/\<LIBDIR\>#g -e s#/usr/lib/#/usr/\<LIBDIR\>/#g -e s#libcxx-runtimes-22\\.1\\.8-1\\.\(arm\|aarch64\|x86_64\)#libcxx-runtimes-22.1.8-1.\<ARCH\>#g /home/toolchain/development/libc++_replacement/progress/R6/rpm_meta/aarch64/libc++abi/files.txt 
EXIT_CODE=0

LABEL=normalize_provides_aarch64_libc++abi
PWD=/home/toolchain/development/libc++_replacement
COMMAND=sed -E -e s/\\\(\(armv7l-32\|aarch-64\|x86-64\)\\\)/\(\<ARCH-CAP\>\)/g -e s/\\\(\\\)\\\(64bit\\\)//g -e s/\\\(64bit\\\)//g /home/toolchain/development/libc++_replacement/progress/R6/rpm_meta/aarch64/libc++abi/provides.txt 
EXIT_CODE=0

LABEL=normalize_nonabi_requires_aarch64_libc++abi
PWD=/home/toolchain/development/libc++_replacement
COMMAND=bash -o pipefail -c grep\ -Ev\ \"\^\(ld-linux\|libatomic\\\\.so\|libc\\\\.so\|libgcc_s\\\\.so\|libm\\\\.so\|libpthread\\\\.so\|rtld\\\\\(\)\"\ \"\$1\"\ \|\ sed\ -E\ \"s/\\\\\(\(armv7l-32\|aarch-64\|x86-64\)\\\\\)/\(\<ARCH-CAP\>\)/g\;\ s/\\\\\(64bit\\\\\)//g\"\ \|\ LC_ALL=C\ sort _ /home/toolchain/development/libc++_replacement/progress/R6/rpm_meta/aarch64/libc++abi/requires.txt 
EXIT_CODE=0

LABEL=normalize_files_x86_64_libc++abi
PWD=/home/toolchain/development/libc++_replacement
COMMAND=sed -E -e s#/usr/lib64#/usr/\<LIBDIR\>#g -e s#/usr/lib/#/usr/\<LIBDIR\>/#g -e s#libcxx-runtimes-22\\.1\\.8-1\\.\(arm\|aarch64\|x86_64\)#libcxx-runtimes-22.1.8-1.\<ARCH\>#g /home/toolchain/development/libc++_replacement/progress/R6/rpm_meta/x86_64/libc++abi/files.txt 
EXIT_CODE=0

LABEL=normalize_provides_x86_64_libc++abi
PWD=/home/toolchain/development/libc++_replacement
COMMAND=sed -E -e s/\\\(\(armv7l-32\|aarch-64\|x86-64\)\\\)/\(\<ARCH-CAP\>\)/g -e s/\\\(\\\)\\\(64bit\\\)//g -e s/\\\(64bit\\\)//g /home/toolchain/development/libc++_replacement/progress/R6/rpm_meta/x86_64/libc++abi/provides.txt 
EXIT_CODE=0

LABEL=normalize_nonabi_requires_x86_64_libc++abi
PWD=/home/toolchain/development/libc++_replacement
COMMAND=bash -o pipefail -c grep\ -Ev\ \"\^\(ld-linux\|libatomic\\\\.so\|libc\\\\.so\|libgcc_s\\\\.so\|libm\\\\.so\|libpthread\\\\.so\|rtld\\\\\(\)\"\ \"\$1\"\ \|\ sed\ -E\ \"s/\\\\\(\(armv7l-32\|aarch-64\|x86-64\)\\\\\)/\(\<ARCH-CAP\>\)/g\;\ s/\\\\\(64bit\\\\\)//g\"\ \|\ LC_ALL=C\ sort _ /home/toolchain/development/libc++_replacement/progress/R6/rpm_meta/x86_64/libc++abi/requires.txt 
EXIT_CODE=0

LABEL=normalize_files_armv7l_libc++abi-debuginfo
PWD=/home/toolchain/development/libc++_replacement
COMMAND=sed -E -e s#/usr/lib64#/usr/\<LIBDIR\>#g -e s#/usr/lib/#/usr/\<LIBDIR\>/#g -e s#libcxx-runtimes-22\\.1\\.8-1\\.\(arm\|aarch64\|x86_64\)#libcxx-runtimes-22.1.8-1.\<ARCH\>#g /home/toolchain/development/libc++_replacement/progress/R6/rpm_meta/armv7l/libc++abi-debuginfo/files.txt 
EXIT_CODE=0

LABEL=normalize_provides_armv7l_libc++abi-debuginfo
PWD=/home/toolchain/development/libc++_replacement
COMMAND=sed -E -e s/\\\(\(armv7l-32\|aarch-64\|x86-64\)\\\)/\(\<ARCH-CAP\>\)/g -e s/\\\(\\\)\\\(64bit\\\)//g -e s/\\\(64bit\\\)//g /home/toolchain/development/libc++_replacement/progress/R6/rpm_meta/armv7l/libc++abi-debuginfo/provides.txt 
EXIT_CODE=0

LABEL=normalize_nonabi_requires_armv7l_libc++abi-debuginfo
PWD=/home/toolchain/development/libc++_replacement
COMMAND=bash -o pipefail -c grep\ -Ev\ \"\^\(ld-linux\|libatomic\\\\.so\|libc\\\\.so\|libgcc_s\\\\.so\|libm\\\\.so\|libpthread\\\\.so\|rtld\\\\\(\)\"\ \"\$1\"\ \|\ sed\ -E\ \"s/\\\\\(\(armv7l-32\|aarch-64\|x86-64\)\\\\\)/\(\<ARCH-CAP\>\)/g\;\ s/\\\\\(64bit\\\\\)//g\"\ \|\ LC_ALL=C\ sort _ /home/toolchain/development/libc++_replacement/progress/R6/rpm_meta/armv7l/libc++abi-debuginfo/requires.txt 
EXIT_CODE=0

LABEL=normalize_files_aarch64_libc++abi-debuginfo
PWD=/home/toolchain/development/libc++_replacement
COMMAND=sed -E -e s#/usr/lib64#/usr/\<LIBDIR\>#g -e s#/usr/lib/#/usr/\<LIBDIR\>/#g -e s#libcxx-runtimes-22\\.1\\.8-1\\.\(arm\|aarch64\|x86_64\)#libcxx-runtimes-22.1.8-1.\<ARCH\>#g /home/toolchain/development/libc++_replacement/progress/R6/rpm_meta/aarch64/libc++abi-debuginfo/files.txt 
EXIT_CODE=0

LABEL=normalize_provides_aarch64_libc++abi-debuginfo
PWD=/home/toolchain/development/libc++_replacement
COMMAND=sed -E -e s/\\\(\(armv7l-32\|aarch-64\|x86-64\)\\\)/\(\<ARCH-CAP\>\)/g -e s/\\\(\\\)\\\(64bit\\\)//g -e s/\\\(64bit\\\)//g /home/toolchain/development/libc++_replacement/progress/R6/rpm_meta/aarch64/libc++abi-debuginfo/provides.txt 
EXIT_CODE=0

LABEL=normalize_nonabi_requires_aarch64_libc++abi-debuginfo
PWD=/home/toolchain/development/libc++_replacement
COMMAND=bash -o pipefail -c grep\ -Ev\ \"\^\(ld-linux\|libatomic\\\\.so\|libc\\\\.so\|libgcc_s\\\\.so\|libm\\\\.so\|libpthread\\\\.so\|rtld\\\\\(\)\"\ \"\$1\"\ \|\ sed\ -E\ \"s/\\\\\(\(armv7l-32\|aarch-64\|x86-64\)\\\\\)/\(\<ARCH-CAP\>\)/g\;\ s/\\\\\(64bit\\\\\)//g\"\ \|\ LC_ALL=C\ sort _ /home/toolchain/development/libc++_replacement/progress/R6/rpm_meta/aarch64/libc++abi-debuginfo/requires.txt 
EXIT_CODE=0

LABEL=normalize_files_x86_64_libc++abi-debuginfo
PWD=/home/toolchain/development/libc++_replacement
COMMAND=sed -E -e s#/usr/lib64#/usr/\<LIBDIR\>#g -e s#/usr/lib/#/usr/\<LIBDIR\>/#g -e s#libcxx-runtimes-22\\.1\\.8-1\\.\(arm\|aarch64\|x86_64\)#libcxx-runtimes-22.1.8-1.\<ARCH\>#g /home/toolchain/development/libc++_replacement/progress/R6/rpm_meta/x86_64/libc++abi-debuginfo/files.txt 
EXIT_CODE=0

LABEL=normalize_provides_x86_64_libc++abi-debuginfo
PWD=/home/toolchain/development/libc++_replacement
COMMAND=sed -E -e s/\\\(\(armv7l-32\|aarch-64\|x86-64\)\\\)/\(\<ARCH-CAP\>\)/g -e s/\\\(\\\)\\\(64bit\\\)//g -e s/\\\(64bit\\\)//g /home/toolchain/development/libc++_replacement/progress/R6/rpm_meta/x86_64/libc++abi-debuginfo/provides.txt 
EXIT_CODE=0

LABEL=normalize_nonabi_requires_x86_64_libc++abi-debuginfo
PWD=/home/toolchain/development/libc++_replacement
COMMAND=bash -o pipefail -c grep\ -Ev\ \"\^\(ld-linux\|libatomic\\\\.so\|libc\\\\.so\|libgcc_s\\\\.so\|libm\\\\.so\|libpthread\\\\.so\|rtld\\\\\(\)\"\ \"\$1\"\ \|\ sed\ -E\ \"s/\\\\\(\(armv7l-32\|aarch-64\|x86-64\)\\\\\)/\(\<ARCH-CAP\>\)/g\;\ s/\\\\\(64bit\\\\\)//g\"\ \|\ LC_ALL=C\ sort _ /home/toolchain/development/libc++_replacement/progress/R6/rpm_meta/x86_64/libc++abi-debuginfo/requires.txt 
EXIT_CODE=0

LABEL=normalize_files_armv7l_libc++abi-devel
PWD=/home/toolchain/development/libc++_replacement
COMMAND=sed -E -e s#/usr/lib64#/usr/\<LIBDIR\>#g -e s#/usr/lib/#/usr/\<LIBDIR\>/#g -e s#libcxx-runtimes-22\\.1\\.8-1\\.\(arm\|aarch64\|x86_64\)#libcxx-runtimes-22.1.8-1.\<ARCH\>#g /home/toolchain/development/libc++_replacement/progress/R6/rpm_meta/armv7l/libc++abi-devel/files.txt 
EXIT_CODE=0

LABEL=normalize_provides_armv7l_libc++abi-devel
PWD=/home/toolchain/development/libc++_replacement
COMMAND=sed -E -e s/\\\(\(armv7l-32\|aarch-64\|x86-64\)\\\)/\(\<ARCH-CAP\>\)/g -e s/\\\(\\\)\\\(64bit\\\)//g -e s/\\\(64bit\\\)//g /home/toolchain/development/libc++_replacement/progress/R6/rpm_meta/armv7l/libc++abi-devel/provides.txt 
EXIT_CODE=0

LABEL=normalize_nonabi_requires_armv7l_libc++abi-devel
PWD=/home/toolchain/development/libc++_replacement
COMMAND=bash -o pipefail -c grep\ -Ev\ \"\^\(ld-linux\|libatomic\\\\.so\|libc\\\\.so\|libgcc_s\\\\.so\|libm\\\\.so\|libpthread\\\\.so\|rtld\\\\\(\)\"\ \"\$1\"\ \|\ sed\ -E\ \"s/\\\\\(\(armv7l-32\|aarch-64\|x86-64\)\\\\\)/\(\<ARCH-CAP\>\)/g\;\ s/\\\\\(64bit\\\\\)//g\"\ \|\ LC_ALL=C\ sort _ /home/toolchain/development/libc++_replacement/progress/R6/rpm_meta/armv7l/libc++abi-devel/requires.txt 
EXIT_CODE=0

LABEL=normalize_files_aarch64_libc++abi-devel
PWD=/home/toolchain/development/libc++_replacement
COMMAND=sed -E -e s#/usr/lib64#/usr/\<LIBDIR\>#g -e s#/usr/lib/#/usr/\<LIBDIR\>/#g -e s#libcxx-runtimes-22\\.1\\.8-1\\.\(arm\|aarch64\|x86_64\)#libcxx-runtimes-22.1.8-1.\<ARCH\>#g /home/toolchain/development/libc++_replacement/progress/R6/rpm_meta/aarch64/libc++abi-devel/files.txt 
EXIT_CODE=0

LABEL=normalize_provides_aarch64_libc++abi-devel
PWD=/home/toolchain/development/libc++_replacement
COMMAND=sed -E -e s/\\\(\(armv7l-32\|aarch-64\|x86-64\)\\\)/\(\<ARCH-CAP\>\)/g -e s/\\\(\\\)\\\(64bit\\\)//g -e s/\\\(64bit\\\)//g /home/toolchain/development/libc++_replacement/progress/R6/rpm_meta/aarch64/libc++abi-devel/provides.txt 
EXIT_CODE=0

LABEL=normalize_nonabi_requires_aarch64_libc++abi-devel
PWD=/home/toolchain/development/libc++_replacement
COMMAND=bash -o pipefail -c grep\ -Ev\ \"\^\(ld-linux\|libatomic\\\\.so\|libc\\\\.so\|libgcc_s\\\\.so\|libm\\\\.so\|libpthread\\\\.so\|rtld\\\\\(\)\"\ \"\$1\"\ \|\ sed\ -E\ \"s/\\\\\(\(armv7l-32\|aarch-64\|x86-64\)\\\\\)/\(\<ARCH-CAP\>\)/g\;\ s/\\\\\(64bit\\\\\)//g\"\ \|\ LC_ALL=C\ sort _ /home/toolchain/development/libc++_replacement/progress/R6/rpm_meta/aarch64/libc++abi-devel/requires.txt 
EXIT_CODE=0

LABEL=normalize_files_x86_64_libc++abi-devel
PWD=/home/toolchain/development/libc++_replacement
COMMAND=sed -E -e s#/usr/lib64#/usr/\<LIBDIR\>#g -e s#/usr/lib/#/usr/\<LIBDIR\>/#g -e s#libcxx-runtimes-22\\.1\\.8-1\\.\(arm\|aarch64\|x86_64\)#libcxx-runtimes-22.1.8-1.\<ARCH\>#g /home/toolchain/development/libc++_replacement/progress/R6/rpm_meta/x86_64/libc++abi-devel/files.txt 
EXIT_CODE=0

LABEL=normalize_provides_x86_64_libc++abi-devel
PWD=/home/toolchain/development/libc++_replacement
COMMAND=sed -E -e s/\\\(\(armv7l-32\|aarch-64\|x86-64\)\\\)/\(\<ARCH-CAP\>\)/g -e s/\\\(\\\)\\\(64bit\\\)//g -e s/\\\(64bit\\\)//g /home/toolchain/development/libc++_replacement/progress/R6/rpm_meta/x86_64/libc++abi-devel/provides.txt 
EXIT_CODE=0

LABEL=normalize_nonabi_requires_x86_64_libc++abi-devel
PWD=/home/toolchain/development/libc++_replacement
COMMAND=bash -o pipefail -c grep\ -Ev\ \"\^\(ld-linux\|libatomic\\\\.so\|libc\\\\.so\|libgcc_s\\\\.so\|libm\\\\.so\|libpthread\\\\.so\|rtld\\\\\(\)\"\ \"\$1\"\ \|\ sed\ -E\ \"s/\\\\\(\(armv7l-32\|aarch-64\|x86-64\)\\\\\)/\(\<ARCH-CAP\>\)/g\;\ s/\\\\\(64bit\\\\\)//g\"\ \|\ LC_ALL=C\ sort _ /home/toolchain/development/libc++_replacement/progress/R6/rpm_meta/x86_64/libc++abi-devel/requires.txt 
EXIT_CODE=0

LABEL=normalize_files_armv7l_libcxx-runtimes-debugsource
PWD=/home/toolchain/development/libc++_replacement
COMMAND=sed -E -e s#/usr/lib64#/usr/\<LIBDIR\>#g -e s#/usr/lib/#/usr/\<LIBDIR\>/#g -e s#libcxx-runtimes-22\\.1\\.8-1\\.\(arm\|aarch64\|x86_64\)#libcxx-runtimes-22.1.8-1.\<ARCH\>#g /home/toolchain/development/libc++_replacement/progress/R6/rpm_meta/armv7l/libcxx-runtimes-debugsource/files.txt 
EXIT_CODE=0

LABEL=normalize_provides_armv7l_libcxx-runtimes-debugsource
PWD=/home/toolchain/development/libc++_replacement
COMMAND=sed -E -e s/\\\(\(armv7l-32\|aarch-64\|x86-64\)\\\)/\(\<ARCH-CAP\>\)/g -e s/\\\(\\\)\\\(64bit\\\)//g -e s/\\\(64bit\\\)//g /home/toolchain/development/libc++_replacement/progress/R6/rpm_meta/armv7l/libcxx-runtimes-debugsource/provides.txt 
EXIT_CODE=0

LABEL=normalize_nonabi_requires_armv7l_libcxx-runtimes-debugsource
PWD=/home/toolchain/development/libc++_replacement
COMMAND=bash -o pipefail -c grep\ -Ev\ \"\^\(ld-linux\|libatomic\\\\.so\|libc\\\\.so\|libgcc_s\\\\.so\|libm\\\\.so\|libpthread\\\\.so\|rtld\\\\\(\)\"\ \"\$1\"\ \|\ sed\ -E\ \"s/\\\\\(\(armv7l-32\|aarch-64\|x86-64\)\\\\\)/\(\<ARCH-CAP\>\)/g\;\ s/\\\\\(64bit\\\\\)//g\"\ \|\ LC_ALL=C\ sort _ /home/toolchain/development/libc++_replacement/progress/R6/rpm_meta/armv7l/libcxx-runtimes-debugsource/requires.txt 
EXIT_CODE=0

LABEL=normalize_files_aarch64_libcxx-runtimes-debugsource
PWD=/home/toolchain/development/libc++_replacement
COMMAND=sed -E -e s#/usr/lib64#/usr/\<LIBDIR\>#g -e s#/usr/lib/#/usr/\<LIBDIR\>/#g -e s#libcxx-runtimes-22\\.1\\.8-1\\.\(arm\|aarch64\|x86_64\)#libcxx-runtimes-22.1.8-1.\<ARCH\>#g /home/toolchain/development/libc++_replacement/progress/R6/rpm_meta/aarch64/libcxx-runtimes-debugsource/files.txt 
EXIT_CODE=0

LABEL=normalize_provides_aarch64_libcxx-runtimes-debugsource
PWD=/home/toolchain/development/libc++_replacement
COMMAND=sed -E -e s/\\\(\(armv7l-32\|aarch-64\|x86-64\)\\\)/\(\<ARCH-CAP\>\)/g -e s/\\\(\\\)\\\(64bit\\\)//g -e s/\\\(64bit\\\)//g /home/toolchain/development/libc++_replacement/progress/R6/rpm_meta/aarch64/libcxx-runtimes-debugsource/provides.txt 
EXIT_CODE=0

LABEL=normalize_nonabi_requires_aarch64_libcxx-runtimes-debugsource
PWD=/home/toolchain/development/libc++_replacement
COMMAND=bash -o pipefail -c grep\ -Ev\ \"\^\(ld-linux\|libatomic\\\\.so\|libc\\\\.so\|libgcc_s\\\\.so\|libm\\\\.so\|libpthread\\\\.so\|rtld\\\\\(\)\"\ \"\$1\"\ \|\ sed\ -E\ \"s/\\\\\(\(armv7l-32\|aarch-64\|x86-64\)\\\\\)/\(\<ARCH-CAP\>\)/g\;\ s/\\\\\(64bit\\\\\)//g\"\ \|\ LC_ALL=C\ sort _ /home/toolchain/development/libc++_replacement/progress/R6/rpm_meta/aarch64/libcxx-runtimes-debugsource/requires.txt 
EXIT_CODE=0

LABEL=normalize_files_x86_64_libcxx-runtimes-debugsource
PWD=/home/toolchain/development/libc++_replacement
COMMAND=sed -E -e s#/usr/lib64#/usr/\<LIBDIR\>#g -e s#/usr/lib/#/usr/\<LIBDIR\>/#g -e s#libcxx-runtimes-22\\.1\\.8-1\\.\(arm\|aarch64\|x86_64\)#libcxx-runtimes-22.1.8-1.\<ARCH\>#g /home/toolchain/development/libc++_replacement/progress/R6/rpm_meta/x86_64/libcxx-runtimes-debugsource/files.txt 
EXIT_CODE=0

LABEL=normalize_provides_x86_64_libcxx-runtimes-debugsource
PWD=/home/toolchain/development/libc++_replacement
COMMAND=sed -E -e s/\\\(\(armv7l-32\|aarch-64\|x86-64\)\\\)/\(\<ARCH-CAP\>\)/g -e s/\\\(\\\)\\\(64bit\\\)//g -e s/\\\(64bit\\\)//g /home/toolchain/development/libc++_replacement/progress/R6/rpm_meta/x86_64/libcxx-runtimes-debugsource/provides.txt 
EXIT_CODE=0

LABEL=normalize_nonabi_requires_x86_64_libcxx-runtimes-debugsource
PWD=/home/toolchain/development/libc++_replacement
COMMAND=bash -o pipefail -c grep\ -Ev\ \"\^\(ld-linux\|libatomic\\\\.so\|libc\\\\.so\|libgcc_s\\\\.so\|libm\\\\.so\|libpthread\\\\.so\|rtld\\\\\(\)\"\ \"\$1\"\ \|\ sed\ -E\ \"s/\\\\\(\(armv7l-32\|aarch-64\|x86-64\)\\\\\)/\(\<ARCH-CAP\>\)/g\;\ s/\\\\\(64bit\\\\\)//g\"\ \|\ LC_ALL=C\ sort _ /home/toolchain/development/libc++_replacement/progress/R6/rpm_meta/x86_64/libcxx-runtimes-debugsource/requires.txt 
EXIT_CODE=0

LABEL=assert_all_normalized_metadata_match
PWD=/home/toolchain/development/libc++_replacement
COMMAND=awk -F \\t NR\ \>\ 1\ \&\&\ \(\$3\ \!=\ \"MATCH\"\ \|\|\ \$4\ \!=\ \"MATCH\"\)\ \{print\;\ bad=1\}\ END\ \{exit\ bad\} /home/toolchain/development/libc++_replacement/progress/R6/three_arch_metadata_comparison.tsv 
EXIT_CODE=1

OVERALL_EXIT_CODE=1
