LABEL=assert_extract_fresh
PWD=/home/toolchain/development/libc++_replacement
COMMAND=test \! -e /home/toolchain/development/libc++_replacement/tmp/R6/elf-extract-armv7l-r3 
EXIT_CODE=0

LABEL=assert_lddroot_fresh
PWD=/home/toolchain/development/libc++_replacement
COMMAND=test \! -e /home/toolchain/development/libc++_replacement/tmp/R6/ldd-root-armv7l-r3 
EXIT_CODE=0

LABEL=create_extract
PWD=/home/toolchain/development/libc++_replacement
COMMAND=mkdir -p /home/toolchain/development/libc++_replacement/tmp/R6/elf-extract-armv7l-r3 
EXIT_CODE=0

LABEL=extract_libcxx_runtime
PWD=/home/toolchain/development/libc++_replacement
COMMAND=bash -o pipefail -c cd\ \"\$1\"\ \&\&\ rpm2cpio\ \"\$2\"\ \|\ cpio\ -idm\ --quiet _ /home/toolchain/development/libc++_replacement/tmp/R6/elf-extract-armv7l-r3 /home/toolchain/development/libc++_replacement/artifacts/rebuild_2218/armv7l/libc++-22.1.8-1.armv7l.rpm 
EXIT_CODE=0

LABEL=extract_libcxxabi_runtime
PWD=/home/toolchain/development/libc++_replacement
COMMAND=bash -o pipefail -c cd\ \"\$1\"\ \&\&\ rpm2cpio\ \"\$2\"\ \|\ cpio\ -idm\ --quiet _ /home/toolchain/development/libc++_replacement/tmp/R6/elf-extract-armv7l-r3 /home/toolchain/development/libc++_replacement/artifacts/rebuild_2218/armv7l/libc++abi-22.1.8-1.armv7l.rpm 
EXIT_CODE=0

LABEL=extracted_elf_files
PWD=/home/toolchain/development/libc++_replacement
COMMAND=find /home/toolchain/development/libc++_replacement/tmp/R6/elf-extract-armv7l-r3/usr/lib -maxdepth 1 -type f -o -type l 
EXIT_CODE=0

LABEL=create_lddroot
PWD=/home/toolchain/development/libc++_replacement
COMMAND=mkdir -p /home/toolchain/development/libc++_replacement/tmp/R6/ldd-root-armv7l-r3 
EXIT_CODE=0

LABEL=hardlink_clone_retired_root
PWD=/home/toolchain/development/libc++_replacement
COMMAND=cp -al /home/toolchain/development/libc++_replacement/tmp/GBS-ROOT/LIBCXX-2218-armv7l-20260805-r3b/local/BUILD-ROOTS/scratch.armv7l.0/. /home/toolchain/development/libc++_replacement/tmp/R6/ldd-root-armv7l-r3/ 
EXIT_CODE=1

LABEL=inject_runtime_into_analysis_clone
PWD=/home/toolchain/development/libc++_replacement
COMMAND=bash -o pipefail -c cp\ -a\ \"\$1\"/usr/lib/libc++\*\ \"\$2\"/usr/lib/ _ /home/toolchain/development/libc++_replacement/tmp/R6/elf-extract-armv7l-r3 /home/toolchain/development/libc++_replacement/tmp/R6/ldd-root-armv7l-r3 
EXIT_CODE=1

LABEL=analysis_clone_runtime_files
PWD=/home/toolchain/development/libc++_replacement
COMMAND=ls -l /home/toolchain/development/libc++_replacement/tmp/R6/ldd-root-armv7l-r3/usr/lib/libc++.so /home/toolchain/development/libc++_replacement/tmp/R6/ldd-root-armv7l-r3/usr/lib/libc++.so.1 /home/toolchain/development/libc++_replacement/tmp/R6/ldd-root-armv7l-r3/usr/lib/libc++.so.1.0 /home/toolchain/development/libc++_replacement/tmp/R6/ldd-root-armv7l-r3/usr/lib/libc++abi.so /home/toolchain/development/libc++_replacement/tmp/R6/ldd-root-armv7l-r3/usr/lib/libc++abi.so.1 /home/toolchain/development/libc++_replacement/tmp/R6/ldd-root-armv7l-r3/usr/lib/libc++abi.so.1.0 
EXIT_CODE=2

LABEL=qemu_identity
PWD=/home/toolchain/development/libc++_replacement
COMMAND=file /home/toolchain/development/libc++_replacement/tmp/R6/ldd-root-armv7l-r3/usr/bin/qemu-arm-static /home/toolchain/development/libc++_replacement/tmp/R6/ldd-root-armv7l-r3/bin/bash 
EXIT_CODE=0

LABEL=ldd_r_libcxx
PWD=/home/toolchain/development/libc++_replacement
COMMAND=sudo chroot /home/toolchain/development/libc++_replacement/tmp/R6/ldd-root-armv7l-r3 /usr/bin/qemu-arm-static -L / /bin/bash /usr/bin/ldd -r /usr/lib/libc++.so.1 
EXIT_CODE=1

LABEL=ldd_r_libcxxabi
PWD=/home/toolchain/development/libc++_replacement
COMMAND=sudo chroot /home/toolchain/development/libc++_replacement/tmp/R6/ldd-root-armv7l-r3 /usr/bin/qemu-arm-static -L / /bin/bash /usr/bin/ldd -r /usr/lib/libc++abi.so.1 
EXIT_CODE=1

LABEL=ldd_r_libcxx_unresolved_count
PWD=/home/toolchain/development/libc++_replacement
COMMAND=awk /undefined\ symbol:\|not\ found/\{c++\}\ END\{print\ c+0\} /home/toolchain/development/libc++_replacement/progress/R6/raw/ldd_r_libcxx.stdout.txt 
EXIT_CODE=0

LABEL=ldd_r_libcxxabi_unresolved_count
PWD=/home/toolchain/development/libc++_replacement
COMMAND=awk /undefined\ symbol:\|not\ found/\{c++\}\ END\{print\ c+0\} /home/toolchain/development/libc++_replacement/progress/R6/raw/ldd_r_libcxxabi.stdout.txt 
EXIT_CODE=0

LABEL=assert_zero_strong_unresolved
PWD=/home/toolchain/development/libc++_replacement
COMMAND=bash -o pipefail -c test\ \"\$\(cat\ \"\$1\"\)\"\ -eq\ 0\ \&\&\ test\ \"\$\(cat\ \"\$2\"\)\"\ -eq\ 0 _ /home/toolchain/development/libc++_replacement/progress/R6/raw/ldd_r_libcxx_unresolved_count.stdout.txt /home/toolchain/development/libc++_replacement/progress/R6/raw/ldd_r_libcxxabi_unresolved_count.stdout.txt 
EXIT_CODE=0

LABEL=libcxxabi_dynamic_needed
PWD=/home/toolchain/development/libc++_replacement
COMMAND=readelf -dW /home/toolchain/development/libc++_replacement/tmp/R6/elf-extract-armv7l-r3/usr/lib/libc++abi.so.1.0 
EXIT_CODE=0

LABEL=libcxx_dynamic_needed
PWD=/home/toolchain/development/libc++_replacement
COMMAND=readelf -dW /home/toolchain/development/libc++_replacement/tmp/R6/elf-extract-armv7l-r3/usr/lib/libc++.so.1.0 
EXIT_CODE=0

LABEL=libcxxabi_gnu_unwind_symbol
PWD=/home/toolchain/development/libc++_replacement
COMMAND=readelf -WsW /home/toolchain/development/libc++_replacement/tmp/R6/elf-extract-armv7l-r3/usr/lib/libc++abi.so.1.0 
EXIT_CODE=0

LABEL=libgcc_path
PWD=/home/toolchain/development/libc++_replacement
COMMAND=bash -o pipefail -c find\ \"\$1\"\ -type\ f\ -name\ \"libgcc_s.so.1\"\ -print\ -quit _ /home/toolchain/development/libc++_replacement/tmp/GBS-ROOT/LIBCXX-2218-armv7l-20260805-r3b/local/BUILD-ROOTS/scratch.armv7l.0 
EXIT_CODE=0

LABEL=libgcc_gnu_unwind_symbol
PWD=/home/toolchain/development/libc++_replacement
COMMAND=readelf -WsW /home/toolchain/development/libc++_replacement/tmp/GBS-ROOT/LIBCXX-2218-armv7l-20260805-r3b/local/BUILD-ROOTS/scratch.armv7l.0/emul/usr/lib64/libgcc_s.so.1 
EXIT_CODE=0

LABEL=filter_libcxxabi_gnu_unwind
PWD=/home/toolchain/development/libc++_replacement
COMMAND=rg -n -- __gnu_unwind_frame /home/toolchain/development/libc++_replacement/progress/R6/raw/libcxxabi_gnu_unwind_symbol.stdout.txt 
EXIT_CODE=0

LABEL=filter_libgcc_gnu_unwind
PWD=/home/toolchain/development/libc++_replacement
COMMAND=rg -n -- __gnu_unwind_frame /home/toolchain/development/libc++_replacement/progress/R6/raw/libgcc_gnu_unwind_symbol.stdout.txt 
EXIT_CODE=1

LABEL=libcxxabi_gnu_unwind_relocation
PWD=/home/toolchain/development/libc++_replacement
COMMAND=readelf -rW /home/toolchain/development/libc++_replacement/tmp/R6/elf-extract-armv7l-r3/usr/lib/libc++abi.so.1.0 
EXIT_CODE=0

LABEL=filter_libcxxabi_gnu_unwind_relocation
PWD=/home/toolchain/development/libc++_replacement
COMMAND=rg -n -- __gnu_unwind_frame /home/toolchain/development/libc++_replacement/progress/R6/raw/libcxxabi_gnu_unwind_relocation.stdout.txt 
EXIT_CODE=0

LABEL=assert_binding_evidence
PWD=/home/toolchain/development/libc++_replacement
COMMAND=bash -o pipefail -c rg\ -q\ --\ \"UND.\*__gnu_unwind_frame\"\ \"\$1\"\ \&\&\ rg\ -q\ --\ \"GLOBAL.\*DEFAULT.\*__gnu_unwind_frame\"\ \"\$2\"\ \&\&\ rg\ -q\ --\ \"NEEDED.\*libgcc_s.so.1\"\ \"\$3\" _ /home/toolchain/development/libc++_replacement/progress/R6/raw/libcxxabi_gnu_unwind_symbol.stdout.txt /home/toolchain/development/libc++_replacement/progress/R6/raw/libgcc_gnu_unwind_symbol.stdout.txt /home/toolchain/development/libc++_replacement/progress/R6/raw/libcxxabi_dynamic_needed.stdout.txt 
EXIT_CODE=1

LABEL=libcxx_sections
PWD=/home/toolchain/development/libc++_replacement
COMMAND=readelf -SW /home/toolchain/development/libc++_replacement/tmp/R6/elf-extract-armv7l-r3/usr/lib/libc++.so.1.0 
EXIT_CODE=0

LABEL=libcxxabi_sections
PWD=/home/toolchain/development/libc++_replacement
COMMAND=readelf -SW /home/toolchain/development/libc++_replacement/tmp/R6/elf-extract-armv7l-r3/usr/lib/libc++abi.so.1.0 
EXIT_CODE=0

LABEL=libcxx_arm_unwind_sections
PWD=/home/toolchain/development/libc++_replacement
COMMAND=bash -o pipefail -c rg\ -n\ --\ \"\\\\.ARM\\\\.\(exidx\|extab\)\"\ \"\$1\"\ \|\|\ true _ /home/toolchain/development/libc++_replacement/progress/R6/raw/libcxx_sections.stdout.txt 
EXIT_CODE=0

LABEL=libcxxabi_arm_unwind_sections
PWD=/home/toolchain/development/libc++_replacement
COMMAND=bash -o pipefail -c rg\ -n\ --\ \"\\\\.ARM\\\\.\(exidx\|extab\)\"\ \"\$1\"\ \|\|\ true _ /home/toolchain/development/libc++_replacement/progress/R6/raw/libcxxabi_sections.stdout.txt 
EXIT_CODE=0

LABEL=assert_arm_exidx_present
PWD=/home/toolchain/development/libc++_replacement
COMMAND=bash -o pipefail -c rg\ -q\ --\ \"\\\\.ARM\\\\.exidx\"\ \"\$1\"\ \&\&\ rg\ -q\ --\ \"\\\\.ARM\\\\.exidx\"\ \"\$2\" _ /home/toolchain/development/libc++_replacement/progress/R6/raw/libcxx_sections.stdout.txt /home/toolchain/development/libc++_replacement/progress/R6/raw/libcxxabi_sections.stdout.txt 
EXIT_CODE=0

LABEL=libcxx_version_info
PWD=/home/toolchain/development/libc++_replacement
COMMAND=readelf --version-info --wide /home/toolchain/development/libc++_replacement/tmp/R6/elf-extract-armv7l-r3/usr/lib/libc++.so.1.0 
EXIT_CODE=0

LABEL=libcxxabi_version_info
PWD=/home/toolchain/development/libc++_replacement
COMMAND=readelf --version-info --wide /home/toolchain/development/libc++_replacement/tmp/R6/elf-extract-armv7l-r3/usr/lib/libc++abi.so.1.0 
EXIT_CODE=0

LABEL=assert_llvm22_nodes
PWD=/home/toolchain/development/libc++_replacement
COMMAND=bash -o pipefail -c rg\ -q\ --\ \"LLVM_22\"\ \"\$1\"\ \&\&\ rg\ -q\ --\ \"LLVM_22\"\ \"\$2\"\ \&\&\ \!\ rg\ -q\ --\ \"LLVM_21\"\ \"\$1\"\ \"\$2\" _ /home/toolchain/development/libc++_replacement/progress/R6/raw/libcxx_version_info.stdout.txt /home/toolchain/development/libc++_replacement/progress/R6/raw/libcxxabi_version_info.stdout.txt 
EXIT_CODE=0

LABEL=cxa_added_declaration
PWD=/home/toolchain/development/libc++_replacement
COMMAND=rg -n -C 3 -- extern\ \"C\"\ _Unwind_Reason_Code\ __gnu_unwind_frame /home/toolchain/development/libc++_replacement/codes/llvm/libcxxabi/src/cxa_personality.cpp 
EXIT_CODE=0

LABEL=libunwind_header_declaration
PWD=/home/toolchain/development/libc++_replacement
COMMAND=rg -n -C 3 -- extern\ _Unwind_Reason_Code\ __gnu_unwind_frame /home/toolchain/development/libc++_replacement/codes/llvm/libunwind/include/unwind_arm_ehabi.h 
EXIT_CODE=0

LABEL=duplicate_declaration_probe
PWD=/home/toolchain/development/libc++_replacement
COMMAND=cat /home/toolchain/development/libc++_replacement/progress/R6/probes/duplicate_ehabi_declaration.cpp 
EXIT_CODE=0

LABEL=duplicate_declaration_syntax_probe
PWD=/home/toolchain/development/libc++_replacement
COMMAND=/usr/bin/qemu-arm-static -L /home/toolchain/development/libc++_replacement/tmp/GBS-ROOT/LIBCXX-2218-armv7l-20260805-r3b/local/BUILD-ROOTS/scratch.armv7l.0 /home/toolchain/development/libc++_replacement/tmp/GBS-ROOT/LIBCXX-2218-armv7l-20260805-r3b/local/BUILD-ROOTS/scratch.armv7l.0/usr/bin/clang++ --target=armv7l-tizen-linux-gnueabi --sysroot=/home/toolchain/development/libc++_replacement/tmp/GBS-ROOT/LIBCXX-2218-armv7l-20260805-r3b/local/BUILD-ROOTS/scratch.armv7l.0 -I/home/toolchain/development/libc++_replacement/codes/llvm/libunwind/include -fsyntax-only -x c++ /home/toolchain/development/libc++_replacement/progress/R6/probes/duplicate_ehabi_declaration.cpp 
EXIT_CODE=1

OVERALL_EXIT_CODE=1
