+ set +e
++ dirname /tmp/libcxx-multiarch-release2/sysroot/usr/lib64/libc++.so.1.0
+ unshare -Ur chroot /home/toolchain/development/libc++_replacement/tmp/GBS-ROOT/LIBCXX-2218-aarch64-20260806-c2/local/BUILD-ROOTS/scratch.aarch64.0 /usr/bin/env LD_BIND_NOW=1 LD_LIBRARY_PATH=/tmp/libcxx-multiarch-release2/sysroot/usr/lib64 /usr/bin/ldd -r /tmp/libcxx-multiarch-release2/sysroot/usr/lib64/libc++.so.1.0
	linux-vdso.so.1 (0x0000776464341000)
	libatomic.so.1 => /lib64/libatomic.so.1 (0x0000776464190000)
	libc++abi.so.1 => /tmp/libcxx-multiarch-release2/sysroot/usr/lib64/libc++abi.so.1 (0x0000776464130000)
	libpthread.so.0 => /lib64/libpthread.so.0 (0x0000776464100000)
	libc.so.6 => /lib64/libc.so.6 (0x0000776457660000)
	/lib64/ld-linux-aarch64.so.1 (0x00007764642f0000)
	libgcc_s.so.1 => /lib64/libgcc_s.so.1 (0x00007764640d0000)
	libm.so.6 => /lib64/libm.so.6 (0x0000776464020000)
+ libcxx_ldd_exit=0
++ dirname /tmp/libcxx-multiarch-release2/sysroot/usr/lib64/libc++abi.so.1.0
+ unshare -Ur chroot /home/toolchain/development/libc++_replacement/tmp/GBS-ROOT/LIBCXX-2218-aarch64-20260806-c2/local/BUILD-ROOTS/scratch.aarch64.0 /usr/bin/env LD_BIND_NOW=1 LD_LIBRARY_PATH=/tmp/libcxx-multiarch-release2/sysroot/usr/lib64 /usr/bin/ldd -r /tmp/libcxx-multiarch-release2/sysroot/usr/lib64/libc++abi.so.1.0
	linux-vdso.so.1 (0x0000716ba5ff4000)
	libpthread.so.0 => /lib64/libpthread.so.0 (0x0000716ba5720000)
	libc.so.6 => /lib64/libc.so.6 (0x0000716ba5580000)
	/lib64/ld-linux-aarch64.so.1 (0x0000716ba5fb0000)
	libgcc_s.so.1 => /lib64/libgcc_s.so.1 (0x0000716ba5550000)
	libm.so.6 => /lib64/libm.so.6 (0x0000716ba54a0000)
+ libcxxabi_ldd_exit=0
+ set -e
+ printf 'libcxx_ldd_exit=%s\n' 0
libcxx_ldd_exit=0
+ printf 'libcxxabi_ldd_exit=%s\n' 0
libcxxabi_ldd_exit=0
