CANDIDATE=CURRENT_PLATFORM_SRPM_SOURCE
PATH=/home/toolchain/development/libc++_replacement/tmp/corpus/extracted/llvm-22.1.8-18.1.src.rpm/unpacked/llvm-22.1.8.tar.gz/llvm-22.1.8
$ rg LLVMVersion include llvm/CMakeLists.txt
19:include(${LLVM_COMMON_CMAKE_UTILS}/Modules/LLVMVersion.cmake)
21:set_directory_properties(PROPERTIES LLVM_VERSION_MAJOR "${LLVM_VERSION_MAJOR}")
25:    "${LLVM_VERSION_MAJOR}.${LLVM_VERSION_MINOR}.${LLVM_VERSION_PATCH}${LLVM_VERSION_SUFFIX}")
30:  set(LLVM_SHLIB_SYMBOL_VERSION "LLVM_${LLVM_VERSION_MAJOR}.${LLVM_VERSION_MINOR}")
47:  VERSION ${LLVM_VERSION_MAJOR}.${LLVM_VERSION_MINOR}.${LLVM_VERSION_PATCH}
427:set(CPACK_PACKAGE_VERSION_MAJOR ${LLVM_VERSION_MAJOR})
428:set(CPACK_PACKAGE_VERSION_MINOR ${LLVM_VERSION_MINOR})
429:set(CPACK_PACKAGE_VERSION_PATCH ${LLVM_VERSION_PATCH})
EXIT_CODE=0
$ rg version values cmake/Modules/LLVMVersion.cmake
3:if(NOT DEFINED LLVM_VERSION_MAJOR)
4:  set(LLVM_VERSION_MAJOR 22)
6:if(NOT DEFINED LLVM_VERSION_MINOR)
7:  set(LLVM_VERSION_MINOR 1)
9:if(NOT DEFINED LLVM_VERSION_PATCH)
10:  set(LLVM_VERSION_PATCH 8)
12:if(NOT DEFINED LLVM_VERSION_SUFFIX)
13:  set(LLVM_VERSION_SUFFIX)
EXIT_CODE=0
$ sha256sum source tarball
16a932e1bad4e1ed68938b48aa9fe5613992426584a75dd17dacabf2151d122e  /home/toolchain/development/libc++_replacement/tmp/corpus/extracted/llvm-22.1.8-18.1.src.rpm/payload/llvm-22.1.8.tar.gz
$ stat source tarball
SIZE=258010724 MTIME=2026-07-22 13:26:13.000000000 +0800 PATH=/home/toolchain/development/libc++_replacement/tmp/corpus/extracted/llvm-22.1.8-18.1.src.rpm/payload/llvm-22.1.8.tar.gz
$ rg VCS/Version/Release platform llvm.spec
33:VCS:       platform/upstream/llvm#c12cbe887ff08f04628e1b1165f8d02ce69a9146
35:Version:   22.1.8
36:Release:   18.1
$ test -d source/.git
EXIT_CODE=1
GIT_DESCRIBE=NOT_AVAILABLE_NO_GIT_METADATA
GIT_TAG=NOT_AVAILABLE_NO_GIT_METADATA
GIT_COMMIT=NOT_AVAILABLE_NO_GIT_METADATA; PLATFORM_SPEC_VCS_ONLY=c12cbe887ff08f04628e1b1165f8d02ce69a9146
