
Dynamic section at offset 0x3e4d818 contains 35 entries:
  Tag        Type                         Name/Value
 0x000000000000001d (RUNPATH)            Library runpath: [$ORIGIN/../lib64]
 0x0000000000000001 (NEEDED)             Shared library: [libc++abi.so.1]
 0x0000000000000001 (NEEDED)             Shared library: [libm.so.6]
 0x0000000000000001 (NEEDED)             Shared library: [libz.so.1]
 0x0000000000000001 (NEEDED)             Shared library: [libxml2.so.16]
 0x0000000000000001 (NEEDED)             Shared library: [libc++.so.1]
 0x0000000000000001 (NEEDED)             Shared library: [libgcc_s.so.1]
 0x0000000000000001 (NEEDED)             Shared library: [libc.so.6]
 0x000000000000000e (SONAME)             Library soname: [libLLVM.so.22.1]
 0x000000006ffffffb (FLAGS_1)            Flags: NODELETE
 0x0000000000000007 (RELA)               0x50d538
 0x0000000000000008 (RELASZ)             2619288 (bytes)
 0x0000000000000009 (RELAENT)            24 (bytes)
 0x000000006ffffff9 (RELACOUNT)          84039
 0x0000000000000017 (JMPREL)             0x78ccd0
 0x0000000000000002 (PLTRELSZ)           8496 (bytes)
 0x0000000000000003 (PLTGOT)             0x3e88ec8
 0x0000000000000014 (PLTREL)             RELA
 0x0000000000000006 (SYMTAB)             0x270
 0x000000000000000b (SYMENT)             24 (bytes)
 0x0000000000000005 (STRTAB)             0x18ee88
 0x000000000000000a (STRSZ)              3663534 (bytes)
 0x000000006ffffef5 (GNU_HASH)           0x134318
 0x0000000000000019 (INIT_ARRAY)         0x3d57810
 0x000000000000001b (INIT_ARRAYSZ)       3568 (bytes)
 0x000000000000001a (FINI_ARRAY)         0x3d57808
 0x000000000000001c (FINI_ARRAYSZ)       8 (bytes)
 0x000000000000000c (INIT)               0x3d46190
 0x000000000000000d (FINI)               0x3d461a8
 0x000000006ffffff0 (VERSYM)             0x11c670
 0x000000006ffffffc (VERDEF)             0x134170
 0x000000006ffffffd (VERDEFNUM)          2
 0x000000006ffffffe (VERNEED)            0x1341a8
 0x000000006fffffff (VERNEEDNUM)         6
 0x0000000000000000 (NULL)               0x0
