COMMAND=env LD_DEBUG=libs LD_LIBRARY_PATH=/home/toolchain/development/libc++_replacement/tmp/R54/runtime/x86_64/abc:/home/toolchain/development/libc++_replacement/tmp/GBS-ROOT/LIBCXX-2218-x86_64-20260806-c2/local/BUILD-ROOTS/scratch.x86_64.0/home/abuild/rpmbuild/BUILD/llvm-22.1.8/build/lib /home/toolchain/development/libc++_replacement/tmp/R55/x86_64/diagnosis/async_state_probe async 
    849244:	find library=libc++.so.1 [0]; searching
    849244:	 search path=/home/toolchain/development/libc++_replacement/tmp/R54/runtime/x86_64/abc/glibc-hwcaps/x86-64-v3:/home/toolchain/development/libc++_replacement/tmp/R54/runtime/x86_64/abc/glibc-hwcaps/x86-64-v2:/home/toolchain/development/libc++_replacement/tmp/R54/runtime/x86_64/abc:/home/toolchain/development/libc++_replacement/tmp/GBS-ROOT/LIBCXX-2218-x86_64-20260806-c2/local/BUILD-ROOTS/scratch.x86_64.0/home/abuild/rpmbuild/BUILD/llvm-22.1.8/build/lib/glibc-hwcaps/x86-64-v3:/home/toolchain/development/libc++_replacement/tmp/GBS-ROOT/LIBCXX-2218-x86_64-20260806-c2/local/BUILD-ROOTS/scratch.x86_64.0/home/abuild/rpmbuild/BUILD/llvm-22.1.8/build/lib/glibc-hwcaps/x86-64-v2:/home/toolchain/development/libc++_replacement/tmp/GBS-ROOT/LIBCXX-2218-x86_64-20260806-c2/local/BUILD-ROOTS/scratch.x86_64.0/home/abuild/rpmbuild/BUILD/llvm-22.1.8/build/lib		(LD_LIBRARY_PATH)
    849244:	  trying file=/home/toolchain/development/libc++_replacement/tmp/R54/runtime/x86_64/abc/glibc-hwcaps/x86-64-v3/libc++.so.1
    849244:	  trying file=/home/toolchain/development/libc++_replacement/tmp/R54/runtime/x86_64/abc/glibc-hwcaps/x86-64-v2/libc++.so.1
    849244:	  trying file=/home/toolchain/development/libc++_replacement/tmp/R54/runtime/x86_64/abc/libc++.so.1
    849244:	
    849244:	find library=libc++abi.so.1 [0]; searching
    849244:	 search path=/home/toolchain/development/libc++_replacement/tmp/R54/runtime/x86_64/abc:/home/toolchain/development/libc++_replacement/tmp/GBS-ROOT/LIBCXX-2218-x86_64-20260806-c2/local/BUILD-ROOTS/scratch.x86_64.0/home/abuild/rpmbuild/BUILD/llvm-22.1.8/build/lib/glibc-hwcaps/x86-64-v3:/home/toolchain/development/libc++_replacement/tmp/GBS-ROOT/LIBCXX-2218-x86_64-20260806-c2/local/BUILD-ROOTS/scratch.x86_64.0/home/abuild/rpmbuild/BUILD/llvm-22.1.8/build/lib/glibc-hwcaps/x86-64-v2:/home/toolchain/development/libc++_replacement/tmp/GBS-ROOT/LIBCXX-2218-x86_64-20260806-c2/local/BUILD-ROOTS/scratch.x86_64.0/home/abuild/rpmbuild/BUILD/llvm-22.1.8/build/lib		(LD_LIBRARY_PATH)
    849244:	  trying file=/home/toolchain/development/libc++_replacement/tmp/R54/runtime/x86_64/abc/libc++abi.so.1
    849244:	
    849244:	find library=libm.so.6 [0]; searching
    849244:	 search path=/home/toolchain/development/libc++_replacement/tmp/R54/runtime/x86_64/abc:/home/toolchain/development/libc++_replacement/tmp/GBS-ROOT/LIBCXX-2218-x86_64-20260806-c2/local/BUILD-ROOTS/scratch.x86_64.0/home/abuild/rpmbuild/BUILD/llvm-22.1.8/build/lib/glibc-hwcaps/x86-64-v3:/home/toolchain/development/libc++_replacement/tmp/GBS-ROOT/LIBCXX-2218-x86_64-20260806-c2/local/BUILD-ROOTS/scratch.x86_64.0/home/abuild/rpmbuild/BUILD/llvm-22.1.8/build/lib/glibc-hwcaps/x86-64-v2:/home/toolchain/development/libc++_replacement/tmp/GBS-ROOT/LIBCXX-2218-x86_64-20260806-c2/local/BUILD-ROOTS/scratch.x86_64.0/home/abuild/rpmbuild/BUILD/llvm-22.1.8/build/lib		(LD_LIBRARY_PATH)
    849244:	  trying file=/home/toolchain/development/libc++_replacement/tmp/R54/runtime/x86_64/abc/libm.so.6
    849244:	  trying file=/home/toolchain/development/libc++_replacement/tmp/GBS-ROOT/LIBCXX-2218-x86_64-20260806-c2/local/BUILD-ROOTS/scratch.x86_64.0/home/abuild/rpmbuild/BUILD/llvm-22.1.8/build/lib/glibc-hwcaps/x86-64-v3/libm.so.6
    849244:	  trying file=/home/toolchain/development/libc++_replacement/tmp/GBS-ROOT/LIBCXX-2218-x86_64-20260806-c2/local/BUILD-ROOTS/scratch.x86_64.0/home/abuild/rpmbuild/BUILD/llvm-22.1.8/build/lib/glibc-hwcaps/x86-64-v2/libm.so.6
    849244:	  trying file=/home/toolchain/development/libc++_replacement/tmp/GBS-ROOT/LIBCXX-2218-x86_64-20260806-c2/local/BUILD-ROOTS/scratch.x86_64.0/home/abuild/rpmbuild/BUILD/llvm-22.1.8/build/lib/libm.so.6
    849244:	 search cache=/etc/ld.so.cache
    849244:	  trying file=/lib/x86_64-linux-gnu/libm.so.6
    849244:	
    849244:	find library=libgcc_s.so.1 [0]; searching
    849244:	 search path=/home/toolchain/development/libc++_replacement/tmp/R54/runtime/x86_64/abc:/home/toolchain/development/libc++_replacement/tmp/GBS-ROOT/LIBCXX-2218-x86_64-20260806-c2/local/BUILD-ROOTS/scratch.x86_64.0/home/abuild/rpmbuild/BUILD/llvm-22.1.8/build/lib		(LD_LIBRARY_PATH)
    849244:	  trying file=/home/toolchain/development/libc++_replacement/tmp/R54/runtime/x86_64/abc/libgcc_s.so.1
    849244:	  trying file=/home/toolchain/development/libc++_replacement/tmp/GBS-ROOT/LIBCXX-2218-x86_64-20260806-c2/local/BUILD-ROOTS/scratch.x86_64.0/home/abuild/rpmbuild/BUILD/llvm-22.1.8/build/lib/libgcc_s.so.1
    849244:	 search cache=/etc/ld.so.cache
    849244:	  trying file=/lib/x86_64-linux-gnu/libgcc_s.so.1
    849244:	
    849244:	find library=libpthread.so.0 [0]; searching
    849244:	 search path=/home/toolchain/development/libc++_replacement/tmp/R54/runtime/x86_64/abc:/home/toolchain/development/libc++_replacement/tmp/GBS-ROOT/LIBCXX-2218-x86_64-20260806-c2/local/BUILD-ROOTS/scratch.x86_64.0/home/abuild/rpmbuild/BUILD/llvm-22.1.8/build/lib		(LD_LIBRARY_PATH)
    849244:	  trying file=/home/toolchain/development/libc++_replacement/tmp/R54/runtime/x86_64/abc/libpthread.so.0
    849244:	  trying file=/home/toolchain/development/libc++_replacement/tmp/GBS-ROOT/LIBCXX-2218-x86_64-20260806-c2/local/BUILD-ROOTS/scratch.x86_64.0/home/abuild/rpmbuild/BUILD/llvm-22.1.8/build/lib/libpthread.so.0
    849244:	 search cache=/etc/ld.so.cache
    849244:	  trying file=/lib/x86_64-linux-gnu/libpthread.so.0
    849244:	
    849244:	find library=libc.so.6 [0]; searching
    849244:	 search path=/home/toolchain/development/libc++_replacement/tmp/R54/runtime/x86_64/abc:/home/toolchain/development/libc++_replacement/tmp/GBS-ROOT/LIBCXX-2218-x86_64-20260806-c2/local/BUILD-ROOTS/scratch.x86_64.0/home/abuild/rpmbuild/BUILD/llvm-22.1.8/build/lib		(LD_LIBRARY_PATH)
    849244:	  trying file=/home/toolchain/development/libc++_replacement/tmp/R54/runtime/x86_64/abc/libc.so.6
    849244:	  trying file=/home/toolchain/development/libc++_replacement/tmp/GBS-ROOT/LIBCXX-2218-x86_64-20260806-c2/local/BUILD-ROOTS/scratch.x86_64.0/home/abuild/rpmbuild/BUILD/llvm-22.1.8/build/lib/libc.so.6
    849244:	 search cache=/etc/ld.so.cache
    849244:	  trying file=/lib/x86_64-linux-gnu/libc.so.6
    849244:	
    849244:	find library=libatomic.so.1 [0]; searching
    849244:	 search path=/home/toolchain/development/libc++_replacement/tmp/R54/runtime/x86_64/abc:/home/toolchain/development/libc++_replacement/tmp/GBS-ROOT/LIBCXX-2218-x86_64-20260806-c2/local/BUILD-ROOTS/scratch.x86_64.0/home/abuild/rpmbuild/BUILD/llvm-22.1.8/build/lib		(LD_LIBRARY_PATH)
    849244:	  trying file=/home/toolchain/development/libc++_replacement/tmp/R54/runtime/x86_64/abc/libatomic.so.1
    849244:	  trying file=/home/toolchain/development/libc++_replacement/tmp/GBS-ROOT/LIBCXX-2218-x86_64-20260806-c2/local/BUILD-ROOTS/scratch.x86_64.0/home/abuild/rpmbuild/BUILD/llvm-22.1.8/build/lib/libatomic.so.1
    849244:	 search path=/home/toolchain/development/libc++_replacement/tmp/R54/build-all-x86_64/lib/glibc-hwcaps/x86-64-v3:/home/toolchain/development/libc++_replacement/tmp/R54/build-all-x86_64/lib/glibc-hwcaps/x86-64-v2:/home/toolchain/development/libc++_replacement/tmp/R54/build-all-x86_64/lib:glibc-hwcaps/x86-64-v3:glibc-hwcaps/x86-64-v2:		(RUNPATH from file /home/toolchain/development/libc++_replacement/tmp/R54/runtime/x86_64/abc/libc++.so.1)
    849244:	  trying file=/home/toolchain/development/libc++_replacement/tmp/R54/build-all-x86_64/lib/glibc-hwcaps/x86-64-v3/libatomic.so.1
    849244:	  trying file=/home/toolchain/development/libc++_replacement/tmp/R54/build-all-x86_64/lib/glibc-hwcaps/x86-64-v2/libatomic.so.1
    849244:	  trying file=/home/toolchain/development/libc++_replacement/tmp/R54/build-all-x86_64/lib/libatomic.so.1
    849244:	  trying file=glibc-hwcaps/x86-64-v3/libatomic.so.1
    849244:	  trying file=glibc-hwcaps/x86-64-v2/libatomic.so.1
    849244:	  trying file=libatomic.so.1
    849244:	 search cache=/etc/ld.so.cache
    849244:	  trying file=/lib/x86_64-linux-gnu/libatomic.so.1
    849244:	
    849244:	
    849244:	calling init: /lib64/ld-linux-x86-64.so.2
    849244:	
    849244:	
    849244:	calling init: /lib/x86_64-linux-gnu/libc.so.6
    849244:	
    849244:	
    849244:	calling init: /lib/x86_64-linux-gnu/libatomic.so.1
    849244:	
    849244:	
    849244:	calling init: /lib/x86_64-linux-gnu/libpthread.so.0
    849244:	
    849244:	
    849244:	calling init: /lib/x86_64-linux-gnu/libgcc_s.so.1
    849244:	
    849244:	
    849244:	calling init: /lib/x86_64-linux-gnu/libm.so.6
    849244:	
    849244:	
    849244:	calling init: /home/toolchain/development/libc++_replacement/tmp/R54/runtime/x86_64/abc/libc++abi.so.1
    849244:	
    849244:	
    849244:	calling init: /home/toolchain/development/libc++_replacement/tmp/R54/runtime/x86_64/abc/libc++.so.1
    849244:	
    849244:	
    849244:	initialize program: /home/toolchain/development/libc++_replacement/tmp/R55/x86_64/diagnosis/async_state_probe
    849244:	
    849244:	
    849244:	transferring control: /home/toolchain/development/libc++_replacement/tmp/R55/x86_64/diagnosis/async_state_probe
    849244:	
MODE=async CANCEL_RC=0 WORKER_TID=849245 WORKER_TASK_PRESENT=0 FUTURE_STATUS=timeout
EXIT_CODE=0
