COMMAND=nl -ba selected libc++/libstdc++ wbuffer_convert, basic_filebuf, and iostream-init ranges
   112	      __owns_eb_(false),
   113	      __owns_ib_(false),
   114	      __always_noconv_(__cv_ ? __cv_->always_noconv() : false) {
   115	  setbuf(0, 4096);
   116	}
   117	
   118	template <class _Codecvt, class _Elem, class _Tr>
   119	wbuffer_convert<_Codecvt, _Elem, _Tr>::~wbuffer_convert() {
   120	  __close();
   121	  delete __cv_;
   122	  if (__owns_eb_)
   123	    delete[] __extbuf_;
   124	  if (__owns_ib_)
   125	    delete[] __intbuf_;
   126	}
   409	template <class _Codecvt, class _Elem, class _Tr>
   410	wbuffer_convert<_Codecvt, _Elem, _Tr>* wbuffer_convert<_Codecvt, _Elem, _Tr>::__close() {
   411	  wbuffer_convert* __rt = nullptr;
   412	  if (__cv_ != nullptr && __bufptr_ != nullptr) {
   413	    __rt = this;
   414	    if ((__cm_ & ios_base::out) && sync())
   415	      __rt = nullptr;
   416	  }
   417	  return __rt;
   409	    class wbuffer_convert : public basic_streambuf<_Elem, _Tr>
   410	    {
   411	      typedef basic_streambuf<_Elem, _Tr> _Wide_streambuf;
   412	
   413	    public:
   414	      typedef typename _Codecvt::state_type state_type;
   415	
   416	      /// Default constructor.
   417	      wbuffer_convert() : wbuffer_convert(nullptr) { }
   418	
   419	      /** Constructor.
   420	       *
   421	       * @param  __bytebuf The underlying byte stream buffer.
   422	       * @param  __pcvt    The facet to use for conversions.
   423	       * @param  __state   Initial conversion state.
   424	       *
   425	       * Takes ownership of @p __pcvt and will delete it in the destructor.
   426	       */
   427	      explicit
   428	      wbuffer_convert(streambuf* __bytebuf, _Codecvt* __pcvt = new _Codecvt,
   429			      state_type __state = state_type())
   430	      : _M_buf(__bytebuf), _M_cvt(__pcvt, "wbuffer_convert"),
   431		_M_state(__state), _M_always_noconv(_M_cvt->always_noconv())
   432	      {
   433		if (_M_buf)
   434		  {
   435		    this->setp(_M_put_area, _M_put_area + _S_buffer_length);
   436		    this->setg(_M_get_area + _S_putback_length,
   437			       _M_get_area + _S_putback_length,
   438			       _M_get_area + _S_putback_length);
   439		  }
   440	      }
   441	
   442	      ~wbuffer_convert() = default;
   443	
   444	      // _GLIBCXX_RESOLVE_LIB_DEFECTS
   445	      // 2176. Special members for wstring_convert and wbuffer_convert
   446	      wbuffer_convert(const wbuffer_convert&) = delete;
   447	      wbuffer_convert& operator=(const wbuffer_convert&) = delete;
   448	
   449	      streambuf* rdbuf() const noexcept { return _M_buf; }
   450	
   451	      streambuf*
   452	      rdbuf(streambuf *__bytebuf) noexcept
   453	      {
   454		auto __prev = _M_buf;
   455		_M_buf = __bytebuf;
   456		return __prev;
   457	      }
   458	
   459	      /// The conversion state following the last conversion.
   460	      state_type state() const noexcept { return _M_state; }
   461	
   462	    protected:
   463	      int
   464	      sync()
   465	      { return _M_buf && _M_conv_put() && !_M_buf->pubsync() ? 0 : -1; }
   509	basic_filebuf<_CharT, _Traits>::~basic_filebuf() {
   510	#    if _LIBCPP_HAS_EXCEPTIONS
   511	  try {
   512	#    endif // _LIBCPP_HAS_EXCEPTIONS
   513	    close();
   514	#    if _LIBCPP_HAS_EXCEPTIONS
   515	  } catch (...) {
   516	  }
   517	#    endif // _LIBCPP_HAS_EXCEPTIONS
   518	  if (__owns_eb_)
   519	    delete[] __extbuf_;
   520	  if (__owns_ib_)
   521	    delete[] __intbuf_;
   522	}
   748	  return open(__s.c_str(), __mode);
   749	}
   750	
   751	template <class _CharT, class _Traits>
   752	basic_filebuf<_CharT, _Traits>* basic_filebuf<_CharT, _Traits>::close() {
   753	  basic_filebuf<_CharT, _Traits>* __rt = nullptr;
   754	  if (__file_) {
   755	    __rt = this;
   756	    unique_ptr<FILE, int (*)(FILE*)> __h(__file_, fclose);
   757	    if (sync())
   758	      __rt = nullptr;
   759	    if (fclose(__h.release()))
   760	      __rt = nullptr;
   761	    __file_ = nullptr;
   762	    // Reset the get and the put areas without getting rid of the underlying buffers,
   763	    // which might have been configured by the user. Make sure to keep the buffers
   764	    // since the user may re-open the stream.
   765	    this->setg(nullptr, nullptr, nullptr);
   252	      /**
   253	       *  @brief  The destructor closes the file first.
   254	       */
   255	      virtual
   256	      ~basic_filebuf()
   257	      {
   258		__try
   259		  { this->close(); }
   260		__catch(...)
   261		  { }
   262	      }
   141	DoIOSInit::~DoIOSInit() {
   142	  cout.value.flush();
   143	  clog.value.flush();
   144	
   145	#if _LIBCPP_HAS_WIDE_CHARACTERS
   146	  wcout.value.flush();
   147	  wclog.value.flush();
   148	#endif
   149	}
   150	
   151	ios_base::Init::Init() {
   152	  static DoIOSInit init_the_streams; // gets initialized once
   153	}
   154	
   155	ios_base::Init::~Init() {}
   123	  ios_base::Init::~Init()
   124	  {
   125	    // Be race-detector-friendly.  For more info see bits/c++config.
   126	    _GLIBCXX_SYNCHRONIZATION_HAPPENS_BEFORE(&_S_refcount);
   127	    if (__gnu_cxx::__exchange_and_add_dispatch(&_S_refcount, -1) == 2)
   128	      {
   129	        _GLIBCXX_SYNCHRONIZATION_HAPPENS_AFTER(&_S_refcount);
   130		// Catch any exceptions thrown by basic_ostream::flush()
   131		__try
   132		  {
   133		    // Flush standard output streams as required by 27.4.2.1.6
   134		    cout.flush();
   135		    cerr.flush();
   136		    clog.flush();
   137	
   138	#ifdef _GLIBCXX_USE_WCHAR_T
   139		    wcout.flush();
   140		    wcerr.flush();
   141		    wclog.flush();
   142	#endif
   143		  }
   144		__catch(...)
   145		  { }
   146	      }
EXIT_CODE=0
