-- Testing: 500 of 11321 tests, 2 workers --
PASS: llvm-libc++-shared.cfg.in :: std/input.output/iostream.objects/narrow.stream.objects/cout.sh.cpp (1 of 500)
FAIL: llvm-libc++-shared.cfg.in :: std/input.output/iostream.objects/narrow.stream.objects/clog.sh.cpp (2 of 500)
******************** TEST 'llvm-libc++-shared.cfg.in :: std/input.output/iostream.objects/narrow.stream.objects/clog.sh.cpp' FAILED ********************
Exit Code: 1

Command Output (stdout):
--
# RUN: at line 15
/home/toolchain/development/libc++_replacement/progress/R68/tools/armv7l_lit_host_clangxx.sh /home/toolchain/development/libc++_replacement/tmp/R69/replay/libcxx/test/std/input.output/iostream.objects/narrow.stream.objects/clog.sh.cpp -pthread --target=armv7l-tizen-linux-gnueabi -nostdinc++ -I /home/toolchain/development/libc++_replacement/tmp/R68/build-patched-armv7l/libcxx/test-suite-install/include/c++/v1 -I /home/toolchain/development/libc++_replacement/tmp/R68/build-patched-armv7l/libcxx/test-suite-install/include/c++/v1 -I /home/toolchain/development/libc++_replacement/tmp/R69/replay/libcxx/test/support -std=c++26 -Werror -Wall -Wctad-maybe-unsupported -Wextra -Wshadow -Wundef -Wunused-template -Wno-unused-command-line-argument -Wno-attributes -Wno-pessimizing-move -Wno-noexcept-type -Wno-atomic-alignment -Wno-reserved-module-identifier -Wdeprecated-copy -Wdeprecated-copy-dtor -Wshift-negative-value -Wno-user-defined-literals -Wno-tautological-compare -Wsign-compare -Wunused-variable -Wunused-parameter -Wunreachable-code -Wno-unused-local-typedef -Wno-local-type-template-args -Wno-c++11-extensions -Wno-unknown-pragmas -Wno-pass-failed -Wno-mismatched-new-delete -Wno-redundant-move -Wno-self-move -Wno-nullability-completeness -flax-vector-conversions=none -D_LIBCPP_HAS_NO_PRAGMA_SYSTEM_HEADER -D_LIBCPP_ENABLE_EXPERIMENTAL -D_LIBCPP_HARDENING_MODE=_LIBCPP_HARDENING_MODE_NONE -Wuser-defined-warnings  -lc++experimental -nostdlib++ -L /home/toolchain/development/libc++_replacement/tmp/R68/build-patched-armv7l/libcxx/test-suite-install/lib -Wl,-rpath,/home/toolchain/development/libc++_replacement/tmp/R68/build-patched-armv7l/libcxx/test-suite-install/lib -lc++ -latomic -o /home/toolchain/development/libc++_replacement/tmp/R68/build-patched-armv7l/libcxx/test/std/input.output/iostream.objects/narrow.stream.objects/Output/clog.sh.cpp.dir/t.tmp.exe
# executed command: /home/toolchain/development/libc++_replacement/progress/R68/tools/armv7l_lit_host_clangxx.sh /home/toolchain/development/libc++_replacement/tmp/R69/replay/libcxx/test/std/input.output/iostream.objects/narrow.stream.objects/clog.sh.cpp -pthread --target=armv7l-tizen-linux-gnueabi -nostdinc++ -I /home/toolchain/development/libc++_replacement/tmp/R68/build-patched-armv7l/libcxx/test-suite-install/include/c++/v1 -I /home/toolchain/development/libc++_replacement/tmp/R68/build-patched-armv7l/libcxx/test-suite-install/include/c++/v1 -I /home/toolchain/development/libc++_replacement/tmp/R69/replay/libcxx/test/support -std=c++26 -Werror -Wall -Wctad-maybe-unsupported -Wextra -Wshadow -Wundef -Wunused-template -Wno-unused-command-line-argument -Wno-attributes -Wno-pessimizing-move -Wno-noexcept-type -Wno-atomic-alignment -Wno-reserved-module-identifier -Wdeprecated-copy -Wdeprecated-copy-dtor -Wshift-negative-value -Wno-user-defined-literals -Wno-tautological-compare -Wsign-compare -Wunused-variable -Wunused-parameter -Wunreachable-code -Wno-unused-local-typedef -Wno-local-type-template-args -Wno-c++11-extensions -Wno-unknown-pragmas -Wno-pass-failed -Wno-mismatched-new-delete -Wno-redundant-move -Wno-self-move -Wno-nullability-completeness -flax-vector-conversions=none -D_LIBCPP_HAS_NO_PRAGMA_SYSTEM_HEADER -D_LIBCPP_ENABLE_EXPERIMENTAL -D_LIBCPP_HARDENING_MODE=_LIBCPP_HARDENING_MODE_NONE -Wuser-defined-warnings -lc++experimental -nostdlib++ -L /home/toolchain/development/libc++_replacement/tmp/R68/build-patched-armv7l/libcxx/test-suite-install/lib -Wl,-rpath,/home/toolchain/development/libc++_replacement/tmp/R68/build-patched-armv7l/libcxx/test-suite-install/lib -lc++ -latomic -o /home/toolchain/development/libc++_replacement/tmp/R68/build-patched-armv7l/libcxx/test/std/input.output/iostream.objects/narrow.stream.objects/Output/clog.sh.cpp.dir/t.tmp.exe
# .---command stderr------------
# | /bin/bash: /home/toolchain/development/libc++_replacement/tmp/GBS-ROOT/R32-candidates-libcxx-x86_64-20260813-02/local/BUILD-ROOTS/scratch.x86_64.0/usr/lib64/libtinfo.so.6: no version information available (required by /bin/bash)
# `-----------------------------
# RUN: at line 16
/home/toolchain/development/libc++_replacement/progress/R77/code/sdb_executor.py --execdir /home/toolchain/development/libc++_replacement/tmp/R68/build-patched-armv7l/libcxx/test/std/input.output/iostream.objects/narrow.stream.objects/Output/clog.sh.cpp.dir --  /home/toolchain/development/libc++_replacement/tmp/R68/build-patched-armv7l/libcxx/test/std/input.output/iostream.objects/narrow.stream.objects/Output/clog.sh.cpp.dir/t.tmp.exe 2> /home/toolchain/development/libc++_replacement/tmp/R68/build-patched-armv7l/libcxx/test/std/input.output/iostream.objects/narrow.stream.objects/Output/clog.sh.cpp.dir/t.tmp.actual
# executed command: /home/toolchain/development/libc++_replacement/progress/R77/code/sdb_executor.py --execdir /home/toolchain/development/libc++_replacement/tmp/R68/build-patched-armv7l/libcxx/test/std/input.output/iostream.objects/narrow.stream.objects/Output/clog.sh.cpp.dir -- /home/toolchain/development/libc++_replacement/tmp/R68/build-patched-armv7l/libcxx/test/std/input.output/iostream.objects/narrow.stream.objects/Output/clog.sh.cpp.dir/t.tmp.exe
# .---command stdout------------
# | 1234
# `-----------------------------
# RUN: at line 17
echo -n 1234 > /home/toolchain/development/libc++_replacement/tmp/R68/build-patched-armv7l/libcxx/test/std/input.output/iostream.objects/narrow.stream.objects/Output/clog.sh.cpp.dir/t.tmp.expected
# executed command: echo -n 1234
# RUN: at line 18
diff /home/toolchain/development/libc++_replacement/tmp/R68/build-patched-armv7l/libcxx/test/std/input.output/iostream.objects/narrow.stream.objects/Output/clog.sh.cpp.dir/t.tmp.expected /home/toolchain/development/libc++_replacement/tmp/R68/build-patched-armv7l/libcxx/test/std/input.output/iostream.objects/narrow.stream.objects/Output/clog.sh.cpp.dir/t.tmp.actual
# executed command: diff /home/toolchain/development/libc++_replacement/tmp/R68/build-patched-armv7l/libcxx/test/std/input.output/iostream.objects/narrow.stream.objects/Output/clog.sh.cpp.dir/t.tmp.expected /home/toolchain/development/libc++_replacement/tmp/R68/build-patched-armv7l/libcxx/test/std/input.output/iostream.objects/narrow.stream.objects/Output/clog.sh.cpp.dir/t.tmp.actual
# .---command stdout------------
# | *** /home/toolchain/development/libc++_replacement/tmp/R68/build-patched-armv7l/libcxx/test/std/input.output/iostream.objects/narrow.stream.objects/Output/clog.sh.cpp.dir/t.tmp.expected
# | --- /home/toolchain/development/libc++_replacement/tmp/R68/build-patched-armv7l/libcxx/test/std/input.output/iostream.objects/narrow.stream.objects/Output/clog.sh.cpp.dir/t.tmp.actual
# | ***************
# | *** 1 ****
# | - 1234--- 0 ----
# `-----------------------------
# error: command failed with exit status: 1

--

********************
UNSUPPORTED: llvm-libc++-shared.cfg.in :: std/input.output/iostream.objects/wide.stream.objects/wcerr-wide-mode.sh.cpp (3 of 500)
FAIL: llvm-libc++-shared.cfg.in :: std/input.output/iostream.objects/wide.stream.objects/wcerr-imbue.sh.cpp (4 of 500)
******************** TEST 'llvm-libc++-shared.cfg.in :: std/input.output/iostream.objects/wide.stream.objects/wcerr-imbue.sh.cpp' FAILED ********************
Exit Code: 1

Command Output (stdout):
--
# RUN: at line 15
/home/toolchain/development/libc++_replacement/progress/R68/tools/armv7l_lit_host_clangxx.sh /home/toolchain/development/libc++_replacement/tmp/R69/replay/libcxx/test/std/input.output/iostream.objects/wide.stream.objects/wcerr-imbue.sh.cpp -pthread --target=armv7l-tizen-linux-gnueabi -nostdinc++ -I /home/toolchain/development/libc++_replacement/tmp/R68/build-patched-armv7l/libcxx/test-suite-install/include/c++/v1 -I /home/toolchain/development/libc++_replacement/tmp/R68/build-patched-armv7l/libcxx/test-suite-install/include/c++/v1 -I /home/toolchain/development/libc++_replacement/tmp/R69/replay/libcxx/test/support -std=c++26 -Werror -Wall -Wctad-maybe-unsupported -Wextra -Wshadow -Wundef -Wunused-template -Wno-unused-command-line-argument -Wno-attributes -Wno-pessimizing-move -Wno-noexcept-type -Wno-atomic-alignment -Wno-reserved-module-identifier -Wdeprecated-copy -Wdeprecated-copy-dtor -Wshift-negative-value -Wno-user-defined-literals -Wno-tautological-compare -Wsign-compare -Wunused-variable -Wunused-parameter -Wunreachable-code -Wno-unused-local-typedef -Wno-local-type-template-args -Wno-c++11-extensions -Wno-unknown-pragmas -Wno-pass-failed -Wno-mismatched-new-delete -Wno-redundant-move -Wno-self-move -Wno-nullability-completeness -flax-vector-conversions=none -D_LIBCPP_HAS_NO_PRAGMA_SYSTEM_HEADER -D_LIBCPP_ENABLE_EXPERIMENTAL -D_LIBCPP_HARDENING_MODE=_LIBCPP_HARDENING_MODE_NONE -Wuser-defined-warnings  -lc++experimental -nostdlib++ -L /home/toolchain/development/libc++_replacement/tmp/R68/build-patched-armv7l/libcxx/test-suite-install/lib -Wl,-rpath,/home/toolchain/development/libc++_replacement/tmp/R68/build-patched-armv7l/libcxx/test-suite-install/lib -lc++ -latomic -o /home/toolchain/development/libc++_replacement/tmp/R68/build-patched-armv7l/libcxx/test/std/input.output/iostream.objects/wide.stream.objects/Output/wcerr-imbue.sh.cpp.dir/t.tmp.exe
# executed command: /home/toolchain/development/libc++_replacement/progress/R68/tools/armv7l_lit_host_clangxx.sh /home/toolchain/development/libc++_replacement/tmp/R69/replay/libcxx/test/std/input.output/iostream.objects/wide.stream.objects/wcerr-imbue.sh.cpp -pthread --target=armv7l-tizen-linux-gnueabi -nostdinc++ -I /home/toolchain/development/libc++_replacement/tmp/R68/build-patched-armv7l/libcxx/test-suite-install/include/c++/v1 -I /home/toolchain/development/libc++_replacement/tmp/R68/build-patched-armv7l/libcxx/test-suite-install/include/c++/v1 -I /home/toolchain/development/libc++_replacement/tmp/R69/replay/libcxx/test/support -std=c++26 -Werror -Wall -Wctad-maybe-unsupported -Wextra -Wshadow -Wundef -Wunused-template -Wno-unused-command-line-argument -Wno-attributes -Wno-pessimizing-move -Wno-noexcept-type -Wno-atomic-alignment -Wno-reserved-module-identifier -Wdeprecated-copy -Wdeprecated-copy-dtor -Wshift-negative-value -Wno-user-defined-literals -Wno-tautological-compare -Wsign-compare -Wunused-variable -Wunused-parameter -Wunreachable-code -Wno-unused-local-typedef -Wno-local-type-template-args -Wno-c++11-extensions -Wno-unknown-pragmas -Wno-pass-failed -Wno-mismatched-new-delete -Wno-redundant-move -Wno-self-move -Wno-nullability-completeness -flax-vector-conversions=none -D_LIBCPP_HAS_NO_PRAGMA_SYSTEM_HEADER -D_LIBCPP_ENABLE_EXPERIMENTAL -D_LIBCPP_HARDENING_MODE=_LIBCPP_HARDENING_MODE_NONE -Wuser-defined-warnings -lc++experimental -nostdlib++ -L /home/toolchain/development/libc++_replacement/tmp/R68/build-patched-armv7l/libcxx/test-suite-install/lib -Wl,-rpath,/home/toolchain/development/libc++_replacement/tmp/R68/build-patched-armv7l/libcxx/test-suite-install/lib -lc++ -latomic -o /home/toolchain/development/libc++_replacement/tmp/R68/build-patched-armv7l/libcxx/test/std/input.output/iostream.objects/wide.stream.objects/Output/wcerr-imbue.sh.cpp.dir/t.tmp.exe
# .---command stderr------------
# | /bin/bash: /home/toolchain/development/libc++_replacement/tmp/GBS-ROOT/R32-candidates-libcxx-x86_64-20260813-02/local/BUILD-ROOTS/scratch.x86_64.0/usr/lib64/libtinfo.so.6: no version information available (required by /bin/bash)
# `-----------------------------
# RUN: at line 16
/home/toolchain/development/libc++_replacement/progress/R77/code/sdb_executor.py --execdir /home/toolchain/development/libc++_replacement/tmp/R68/build-patched-armv7l/libcxx/test/std/input.output/iostream.objects/wide.stream.objects/Output/wcerr-imbue.sh.cpp.dir --  /home/toolchain/development/libc++_replacement/tmp/R68/build-patched-armv7l/libcxx/test/std/input.output/iostream.objects/wide.stream.objects/Output/wcerr-imbue.sh.cpp.dir/t.tmp.exe 2> /home/toolchain/development/libc++_replacement/tmp/R68/build-patched-armv7l/libcxx/test/std/input.output/iostream.objects/wide.stream.objects/Output/wcerr-imbue.sh.cpp.dir/t.tmp.actual
# executed command: /home/toolchain/development/libc++_replacement/progress/R77/code/sdb_executor.py --execdir /home/toolchain/development/libc++_replacement/tmp/R68/build-patched-armv7l/libcxx/test/std/input.output/iostream.objects/wide.stream.objects/Output/wcerr-imbue.sh.cpp.dir -- /home/toolchain/development/libc++_replacement/tmp/R68/build-patched-armv7l/libcxx/test/std/input.output/iostream.objects/wide.stream.objects/Output/wcerr-imbue.sh.cpp.dir/t.tmp.exe
# .---command stdout------------
# | zzzz
# `-----------------------------
# RUN: at line 17
echo -n zzzz > /home/toolchain/development/libc++_replacement/tmp/R68/build-patched-armv7l/libcxx/test/std/input.output/iostream.objects/wide.stream.objects/Output/wcerr-imbue.sh.cpp.dir/t.tmp.expected
# executed command: echo -n zzzz
# RUN: at line 18
diff /home/toolchain/development/libc++_replacement/tmp/R68/build-patched-armv7l/libcxx/test/std/input.output/iostream.objects/wide.stream.objects/Output/wcerr-imbue.sh.cpp.dir/t.tmp.expected /home/toolchain/development/libc++_replacement/tmp/R68/build-patched-armv7l/libcxx/test/std/input.output/iostream.objects/wide.stream.objects/Output/wcerr-imbue.sh.cpp.dir/t.tmp.actual
# executed command: diff /home/toolchain/development/libc++_replacement/tmp/R68/build-patched-armv7l/libcxx/test/std/input.output/iostream.objects/wide.stream.objects/Output/wcerr-imbue.sh.cpp.dir/t.tmp.expected /home/toolchain/development/libc++_replacement/tmp/R68/build-patched-armv7l/libcxx/test/std/input.output/iostream.objects/wide.stream.objects/Output/wcerr-imbue.sh.cpp.dir/t.tmp.actual
# .---command stdout------------
# | *** /home/toolchain/development/libc++_replacement/tmp/R68/build-patched-armv7l/libcxx/test/std/input.output/iostream.objects/wide.stream.objects/Output/wcerr-imbue.sh.cpp.dir/t.tmp.expected
# | --- /home/toolchain/development/libc++_replacement/tmp/R68/build-patched-armv7l/libcxx/test/std/input.output/iostream.objects/wide.stream.objects/Output/wcerr-imbue.sh.cpp.dir/t.tmp.actual
# | ***************
# | *** 1 ****
# | - zzzz--- 0 ----
# `-----------------------------
# error: command failed with exit status: 1

--

********************
FAIL: llvm-libc++-shared.cfg.in :: std/input.output/iostream.objects/wide.stream.objects/wcerr.sh.cpp (5 of 500)
******************** TEST 'llvm-libc++-shared.cfg.in :: std/input.output/iostream.objects/wide.stream.objects/wcerr.sh.cpp' FAILED ********************
Exit Code: 1

Command Output (stdout):
--
# RUN: at line 15
/home/toolchain/development/libc++_replacement/progress/R68/tools/armv7l_lit_host_clangxx.sh /home/toolchain/development/libc++_replacement/tmp/R69/replay/libcxx/test/std/input.output/iostream.objects/wide.stream.objects/wcerr.sh.cpp -pthread --target=armv7l-tizen-linux-gnueabi -nostdinc++ -I /home/toolchain/development/libc++_replacement/tmp/R68/build-patched-armv7l/libcxx/test-suite-install/include/c++/v1 -I /home/toolchain/development/libc++_replacement/tmp/R68/build-patched-armv7l/libcxx/test-suite-install/include/c++/v1 -I /home/toolchain/development/libc++_replacement/tmp/R69/replay/libcxx/test/support -std=c++26 -Werror -Wall -Wctad-maybe-unsupported -Wextra -Wshadow -Wundef -Wunused-template -Wno-unused-command-line-argument -Wno-attributes -Wno-pessimizing-move -Wno-noexcept-type -Wno-atomic-alignment -Wno-reserved-module-identifier -Wdeprecated-copy -Wdeprecated-copy-dtor -Wshift-negative-value -Wno-user-defined-literals -Wno-tautological-compare -Wsign-compare -Wunused-variable -Wunused-parameter -Wunreachable-code -Wno-unused-local-typedef -Wno-local-type-template-args -Wno-c++11-extensions -Wno-unknown-pragmas -Wno-pass-failed -Wno-mismatched-new-delete -Wno-redundant-move -Wno-self-move -Wno-nullability-completeness -flax-vector-conversions=none -D_LIBCPP_HAS_NO_PRAGMA_SYSTEM_HEADER -D_LIBCPP_ENABLE_EXPERIMENTAL -D_LIBCPP_HARDENING_MODE=_LIBCPP_HARDENING_MODE_NONE -Wuser-defined-warnings  -lc++experimental -nostdlib++ -L /home/toolchain/development/libc++_replacement/tmp/R68/build-patched-armv7l/libcxx/test-suite-install/lib -Wl,-rpath,/home/toolchain/development/libc++_replacement/tmp/R68/build-patched-armv7l/libcxx/test-suite-install/lib -lc++ -latomic -o /home/toolchain/development/libc++_replacement/tmp/R68/build-patched-armv7l/libcxx/test/std/input.output/iostream.objects/wide.stream.objects/Output/wcerr.sh.cpp.dir/t.tmp.exe
# executed command: /home/toolchain/development/libc++_replacement/progress/R68/tools/armv7l_lit_host_clangxx.sh /home/toolchain/development/libc++_replacement/tmp/R69/replay/libcxx/test/std/input.output/iostream.objects/wide.stream.objects/wcerr.sh.cpp -pthread --target=armv7l-tizen-linux-gnueabi -nostdinc++ -I /home/toolchain/development/libc++_replacement/tmp/R68/build-patched-armv7l/libcxx/test-suite-install/include/c++/v1 -I /home/toolchain/development/libc++_replacement/tmp/R68/build-patched-armv7l/libcxx/test-suite-install/include/c++/v1 -I /home/toolchain/development/libc++_replacement/tmp/R69/replay/libcxx/test/support -std=c++26 -Werror -Wall -Wctad-maybe-unsupported -Wextra -Wshadow -Wundef -Wunused-template -Wno-unused-command-line-argument -Wno-attributes -Wno-pessimizing-move -Wno-noexcept-type -Wno-atomic-alignment -Wno-reserved-module-identifier -Wdeprecated-copy -Wdeprecated-copy-dtor -Wshift-negative-value -Wno-user-defined-literals -Wno-tautological-compare -Wsign-compare -Wunused-variable -Wunused-parameter -Wunreachable-code -Wno-unused-local-typedef -Wno-local-type-template-args -Wno-c++11-extensions -Wno-unknown-pragmas -Wno-pass-failed -Wno-mismatched-new-delete -Wno-redundant-move -Wno-self-move -Wno-nullability-completeness -flax-vector-conversions=none -D_LIBCPP_HAS_NO_PRAGMA_SYSTEM_HEADER -D_LIBCPP_ENABLE_EXPERIMENTAL -D_LIBCPP_HARDENING_MODE=_LIBCPP_HARDENING_MODE_NONE -Wuser-defined-warnings -lc++experimental -nostdlib++ -L /home/toolchain/development/libc++_replacement/tmp/R68/build-patched-armv7l/libcxx/test-suite-install/lib -Wl,-rpath,/home/toolchain/development/libc++_replacement/tmp/R68/build-patched-armv7l/libcxx/test-suite-install/lib -lc++ -latomic -o /home/toolchain/development/libc++_replacement/tmp/R68/build-patched-armv7l/libcxx/test/std/input.output/iostream.objects/wide.stream.objects/Output/wcerr.sh.cpp.dir/t.tmp.exe
# .---command stderr------------
# | /bin/bash: /home/toolchain/development/libc++_replacement/tmp/GBS-ROOT/R32-candidates-libcxx-x86_64-20260813-02/local/BUILD-ROOTS/scratch.x86_64.0/usr/lib64/libtinfo.so.6: no version information available (required by /bin/bash)
# `-----------------------------
# RUN: at line 16
/home/toolchain/development/libc++_replacement/progress/R77/code/sdb_executor.py --execdir /home/toolchain/development/libc++_replacement/tmp/R68/build-patched-armv7l/libcxx/test/std/input.output/iostream.objects/wide.stream.objects/Output/wcerr.sh.cpp.dir --  /home/toolchain/development/libc++_replacement/tmp/R68/build-patched-armv7l/libcxx/test/std/input.output/iostream.objects/wide.stream.objects/Output/wcerr.sh.cpp.dir/t.tmp.exe 2> /home/toolchain/development/libc++_replacement/tmp/R68/build-patched-armv7l/libcxx/test/std/input.output/iostream.objects/wide.stream.objects/Output/wcerr.sh.cpp.dir/t.tmp.actual
# executed command: /home/toolchain/development/libc++_replacement/progress/R77/code/sdb_executor.py --execdir /home/toolchain/development/libc++_replacement/tmp/R68/build-patched-armv7l/libcxx/test/std/input.output/iostream.objects/wide.stream.objects/Output/wcerr.sh.cpp.dir -- /home/toolchain/development/libc++_replacement/tmp/R68/build-patched-armv7l/libcxx/test/std/input.output/iostream.objects/wide.stream.objects/Output/wcerr.sh.cpp.dir/t.tmp.exe
# .---command stdout------------
# | 1234
# `-----------------------------
# RUN: at line 17
echo -n 1234 > /home/toolchain/development/libc++_replacement/tmp/R68/build-patched-armv7l/libcxx/test/std/input.output/iostream.objects/wide.stream.objects/Output/wcerr.sh.cpp.dir/t.tmp.expected
# executed command: echo -n 1234
# RUN: at line 18
diff /home/toolchain/development/libc++_replacement/tmp/R68/build-patched-armv7l/libcxx/test/std/input.output/iostream.objects/wide.stream.objects/Output/wcerr.sh.cpp.dir/t.tmp.expected /home/toolchain/development/libc++_replacement/tmp/R68/build-patched-armv7l/libcxx/test/std/input.output/iostream.objects/wide.stream.objects/Output/wcerr.sh.cpp.dir/t.tmp.actual
# executed command: diff /home/toolchain/development/libc++_replacement/tmp/R68/build-patched-armv7l/libcxx/test/std/input.output/iostream.objects/wide.stream.objects/Output/wcerr.sh.cpp.dir/t.tmp.expected /home/toolchain/development/libc++_replacement/tmp/R68/build-patched-armv7l/libcxx/test/std/input.output/iostream.objects/wide.stream.objects/Output/wcerr.sh.cpp.dir/t.tmp.actual
# .---command stdout------------
# | *** /home/toolchain/development/libc++_replacement/tmp/R68/build-patched-armv7l/libcxx/test/std/input.output/iostream.objects/wide.stream.objects/Output/wcerr.sh.cpp.dir/t.tmp.expected
# | --- /home/toolchain/development/libc++_replacement/tmp/R68/build-patched-armv7l/libcxx/test/std/input.output/iostream.objects/wide.stream.objects/Output/wcerr.sh.cpp.dir/t.tmp.actual
# | ***************
# | *** 1 ****
# | - 1234--- 0 ----
# `-----------------------------
# error: command failed with exit status: 1

--

********************
UNSUPPORTED: llvm-libc++-shared.cfg.in :: std/input.output/iostream.objects/wide.stream.objects/wcin-wide-mode.sh.cpp (6 of 500)
PASS: llvm-libc++-shared.cfg.in :: std/input.output/iostream.objects/wide.stream.objects/wcin-imbue.sh.cpp (7 of 500)
PASS: llvm-libc++-shared.cfg.in :: std/input.output/iostream.objects/wide.stream.objects/wcin.sh.cpp (8 of 500)
FAIL: llvm-libc++-shared.cfg.in :: std/input.output/iostream.objects/wide.stream.objects/wclog.sh.cpp (9 of 500)
******************** TEST 'llvm-libc++-shared.cfg.in :: std/input.output/iostream.objects/wide.stream.objects/wclog.sh.cpp' FAILED ********************
Exit Code: 1

Command Output (stdout):
--
# RUN: at line 15
/home/toolchain/development/libc++_replacement/progress/R68/tools/armv7l_lit_host_clangxx.sh /home/toolchain/development/libc++_replacement/tmp/R69/replay/libcxx/test/std/input.output/iostream.objects/wide.stream.objects/wclog.sh.cpp -pthread --target=armv7l-tizen-linux-gnueabi -nostdinc++ -I /home/toolchain/development/libc++_replacement/tmp/R68/build-patched-armv7l/libcxx/test-suite-install/include/c++/v1 -I /home/toolchain/development/libc++_replacement/tmp/R68/build-patched-armv7l/libcxx/test-suite-install/include/c++/v1 -I /home/toolchain/development/libc++_replacement/tmp/R69/replay/libcxx/test/support -std=c++26 -Werror -Wall -Wctad-maybe-unsupported -Wextra -Wshadow -Wundef -Wunused-template -Wno-unused-command-line-argument -Wno-attributes -Wno-pessimizing-move -Wno-noexcept-type -Wno-atomic-alignment -Wno-reserved-module-identifier -Wdeprecated-copy -Wdeprecated-copy-dtor -Wshift-negative-value -Wno-user-defined-literals -Wno-tautological-compare -Wsign-compare -Wunused-variable -Wunused-parameter -Wunreachable-code -Wno-unused-local-typedef -Wno-local-type-template-args -Wno-c++11-extensions -Wno-unknown-pragmas -Wno-pass-failed -Wno-mismatched-new-delete -Wno-redundant-move -Wno-self-move -Wno-nullability-completeness -flax-vector-conversions=none -D_LIBCPP_HAS_NO_PRAGMA_SYSTEM_HEADER -D_LIBCPP_ENABLE_EXPERIMENTAL -D_LIBCPP_HARDENING_MODE=_LIBCPP_HARDENING_MODE_NONE -Wuser-defined-warnings  -lc++experimental -nostdlib++ -L /home/toolchain/development/libc++_replacement/tmp/R68/build-patched-armv7l/libcxx/test-suite-install/lib -Wl,-rpath,/home/toolchain/development/libc++_replacement/tmp/R68/build-patched-armv7l/libcxx/test-suite-install/lib -lc++ -latomic -o /home/toolchain/development/libc++_replacement/tmp/R68/build-patched-armv7l/libcxx/test/std/input.output/iostream.objects/wide.stream.objects/Output/wclog.sh.cpp.dir/t.tmp.exe
# executed command: /home/toolchain/development/libc++_replacement/progress/R68/tools/armv7l_lit_host_clangxx.sh /home/toolchain/development/libc++_replacement/tmp/R69/replay/libcxx/test/std/input.output/iostream.objects/wide.stream.objects/wclog.sh.cpp -pthread --target=armv7l-tizen-linux-gnueabi -nostdinc++ -I /home/toolchain/development/libc++_replacement/tmp/R68/build-patched-armv7l/libcxx/test-suite-install/include/c++/v1 -I /home/toolchain/development/libc++_replacement/tmp/R68/build-patched-armv7l/libcxx/test-suite-install/include/c++/v1 -I /home/toolchain/development/libc++_replacement/tmp/R69/replay/libcxx/test/support -std=c++26 -Werror -Wall -Wctad-maybe-unsupported -Wextra -Wshadow -Wundef -Wunused-template -Wno-unused-command-line-argument -Wno-attributes -Wno-pessimizing-move -Wno-noexcept-type -Wno-atomic-alignment -Wno-reserved-module-identifier -Wdeprecated-copy -Wdeprecated-copy-dtor -Wshift-negative-value -Wno-user-defined-literals -Wno-tautological-compare -Wsign-compare -Wunused-variable -Wunused-parameter -Wunreachable-code -Wno-unused-local-typedef -Wno-local-type-template-args -Wno-c++11-extensions -Wno-unknown-pragmas -Wno-pass-failed -Wno-mismatched-new-delete -Wno-redundant-move -Wno-self-move -Wno-nullability-completeness -flax-vector-conversions=none -D_LIBCPP_HAS_NO_PRAGMA_SYSTEM_HEADER -D_LIBCPP_ENABLE_EXPERIMENTAL -D_LIBCPP_HARDENING_MODE=_LIBCPP_HARDENING_MODE_NONE -Wuser-defined-warnings -lc++experimental -nostdlib++ -L /home/toolchain/development/libc++_replacement/tmp/R68/build-patched-armv7l/libcxx/test-suite-install/lib -Wl,-rpath,/home/toolchain/development/libc++_replacement/tmp/R68/build-patched-armv7l/libcxx/test-suite-install/lib -lc++ -latomic -o /home/toolchain/development/libc++_replacement/tmp/R68/build-patched-armv7l/libcxx/test/std/input.output/iostream.objects/wide.stream.objects/Output/wclog.sh.cpp.dir/t.tmp.exe
# .---command stderr------------
# | /bin/bash: /home/toolchain/development/libc++_replacement/tmp/GBS-ROOT/R32-candidates-libcxx-x86_64-20260813-02/local/BUILD-ROOTS/scratch.x86_64.0/usr/lib64/libtinfo.so.6: no version information available (required by /bin/bash)
# `-----------------------------
# RUN: at line 16
/home/toolchain/development/libc++_replacement/progress/R77/code/sdb_executor.py --execdir /home/toolchain/development/libc++_replacement/tmp/R68/build-patched-armv7l/libcxx/test/std/input.output/iostream.objects/wide.stream.objects/Output/wclog.sh.cpp.dir --  /home/toolchain/development/libc++_replacement/tmp/R68/build-patched-armv7l/libcxx/test/std/input.output/iostream.objects/wide.stream.objects/Output/wclog.sh.cpp.dir/t.tmp.exe 2> /home/toolchain/development/libc++_replacement/tmp/R68/build-patched-armv7l/libcxx/test/std/input.output/iostream.objects/wide.stream.objects/Output/wclog.sh.cpp.dir/t.tmp.actual
# executed command: /home/toolchain/development/libc++_replacement/progress/R77/code/sdb_executor.py --execdir /home/toolchain/development/libc++_replacement/tmp/R68/build-patched-armv7l/libcxx/test/std/input.output/iostream.objects/wide.stream.objects/Output/wclog.sh.cpp.dir -- /home/toolchain/development/libc++_replacement/tmp/R68/build-patched-armv7l/libcxx/test/std/input.output/iostream.objects/wide.stream.objects/Output/wclog.sh.cpp.dir/t.tmp.exe
# .---command stdout------------
# | 1234
# `-----------------------------
# RUN: at line 17
echo -n 1234 > /home/toolchain/development/libc++_replacement/tmp/R68/build-patched-armv7l/libcxx/test/std/input.output/iostream.objects/wide.stream.objects/Output/wclog.sh.cpp.dir/t.tmp.expected
# executed command: echo -n 1234
# RUN: at line 18
diff /home/toolchain/development/libc++_replacement/tmp/R68/build-patched-armv7l/libcxx/test/std/input.output/iostream.objects/wide.stream.objects/Output/wclog.sh.cpp.dir/t.tmp.expected /home/toolchain/development/libc++_replacement/tmp/R68/build-patched-armv7l/libcxx/test/std/input.output/iostream.objects/wide.stream.objects/Output/wclog.sh.cpp.dir/t.tmp.actual
# executed command: diff /home/toolchain/development/libc++_replacement/tmp/R68/build-patched-armv7l/libcxx/test/std/input.output/iostream.objects/wide.stream.objects/Output/wclog.sh.cpp.dir/t.tmp.expected /home/toolchain/development/libc++_replacement/tmp/R68/build-patched-armv7l/libcxx/test/std/input.output/iostream.objects/wide.stream.objects/Output/wclog.sh.cpp.dir/t.tmp.actual
# .---command stdout------------
# | *** /home/toolchain/development/libc++_replacement/tmp/R68/build-patched-armv7l/libcxx/test/std/input.output/iostream.objects/wide.stream.objects/Output/wclog.sh.cpp.dir/t.tmp.expected
# | --- /home/toolchain/development/libc++_replacement/tmp/R68/build-patched-armv7l/libcxx/test/std/input.output/iostream.objects/wide.stream.objects/Output/wclog.sh.cpp.dir/t.tmp.actual
# | ***************
# | *** 1 ****
# | - 1234--- 0 ----
# `-----------------------------
# error: command failed with exit status: 1

--

********************
UNSUPPORTED: llvm-libc++-shared.cfg.in :: std/input.output/iostream.objects/wide.stream.objects/wcout-wide-mode.sh.cpp (10 of 500)
PASS: llvm-libc++-shared.cfg.in :: std/input.output/iostream.objects/wide.stream.objects/wcout-imbue.sh.cpp (11 of 500)
PASS: llvm-libc++-shared.cfg.in :: std/input.output/iostreams.base/fpos/fpos.members/state.pass.cpp (12 of 500)
PASS: llvm-libc++-shared.cfg.in :: std/input.output/iostream.objects/wide.stream.objects/wcout.sh.cpp (13 of 500)
PASS: llvm-libc++-shared.cfg.in :: std/input.output/iostreams.base/fpos/fpos.operations/addition.pass.cpp (14 of 500)
PASS: llvm-libc++-shared.cfg.in :: std/input.output/iostreams.base/fpos/fpos.operations/ctor_int.pass.cpp (15 of 500)
PASS: llvm-libc++-shared.cfg.in :: std/input.output/iostreams.base/fpos/fpos.operations/difference.pass.cpp (16 of 500)
PASS: llvm-libc++-shared.cfg.in :: std/input.output/iostreams.base/fpos/fpos.operations/eq_int.pass.cpp (17 of 500)
PASS: llvm-libc++-shared.cfg.in :: std/input.output/iostreams.base/fpos/fpos.operations/fpos.pass.cpp (18 of 500)
PASS: llvm-libc++-shared.cfg.in :: std/input.output/iostreams.base/fpos/fpos.operations/offset.pass.cpp (19 of 500)
PASS: llvm-libc++-shared.cfg.in :: std/input.output/iostreams.base/fpos/fpos.operations/streamsize.pass.cpp (20 of 500)
PASS: llvm-libc++-shared.cfg.in :: std/input.output/iostreams.base/fpos/fpos.operations/subtraction.pass.cpp (21 of 500)
PASS: llvm-libc++-shared.cfg.in :: std/input.output/iostreams.base/ios.base/fmtflags.state/flags.pass.cpp (22 of 500)
PASS: llvm-libc++-shared.cfg.in :: std/input.output/iostreams.base/ios.base/fmtflags.state/flags_fmtflags.pass.cpp (23 of 500)
PASS: llvm-libc++-shared.cfg.in :: std/input.output/iostreams.base/ios.base/fmtflags.state/precision.pass.cpp (24 of 500)
PASS: llvm-libc++-shared.cfg.in :: std/input.output/iostreams.base/ios.base/fmtflags.state/precision_streamsize.pass.cpp (25 of 500)
PASS: llvm-libc++-shared.cfg.in :: std/input.output/iostreams.base/ios.base/fmtflags.state/setf_fmtflags.pass.cpp (26 of 500)
PASS: llvm-libc++-shared.cfg.in :: std/input.output/iostreams.base/ios.base/fmtflags.state/setf_fmtflags_mask.pass.cpp (27 of 500)
PASS: llvm-libc++-shared.cfg.in :: std/input.output/iostreams.base/ios.base/fmtflags.state/unsetf_mask.pass.cpp (28 of 500)
PASS: llvm-libc++-shared.cfg.in :: std/input.output/iostreams.base/ios.base/fmtflags.state/width.pass.cpp (29 of 500)
PASS: llvm-libc++-shared.cfg.in :: std/input.output/iostreams.base/ios.base/fmtflags.state/width_streamsize.pass.cpp (30 of 500)
PASS: llvm-libc++-shared.cfg.in :: std/input.output/iostreams.base/ios.base/ios.base.callback/register_callback.pass.cpp (31 of 500)
PASS: llvm-libc++-shared.cfg.in :: std/input.output/iostreams.base/ios.base/ios.base.cons/dtor.pass.cpp (32 of 500)
PASS: llvm-libc++-shared.cfg.in :: std/input.output/iostreams.base/ios.base/ios.base.locales/getloc.pass.cpp (33 of 500)
PASS: llvm-libc++-shared.cfg.in :: std/input.output/iostreams.base/ios.base/ios.base.locales/imbue.pass.cpp (34 of 500)
PASS: llvm-libc++-shared.cfg.in :: std/input.output/iostreams.base/ios.base/ios.base.storage/iword.pass.cpp (35 of 500)
PASS: llvm-libc++-shared.cfg.in :: std/input.output/iostreams.base/ios.base/ios.base.storage/pword.pass.cpp (36 of 500)
PASS: llvm-libc++-shared.cfg.in :: std/input.output/iostreams.base/ios.base/ios.base.storage/xalloc.pass.cpp (37 of 500)
PASS: llvm-libc++-shared.cfg.in :: std/input.output/iostreams.base/ios.base/ios.members.static/sync_with_stdio.pass.cpp (38 of 500)
PASS: llvm-libc++-shared.cfg.in :: std/input.output/iostreams.base/ios.base/ios.types/ios_Init/ios_Init.global.pass.cpp (39 of 500)
PASS: llvm-libc++-shared.cfg.in :: std/input.output/iostreams.base/ios.base/ios.types/ios_Init/tested_elsewhere.pass.cpp (40 of 500)
PASS: llvm-libc++-shared.cfg.in :: std/input.output/iostreams.base/ios.base/ios.types/ios_Init/ios_Init.multiple.pass.cpp (41 of 500)
PASS: llvm-libc++-shared.cfg.in :: std/input.output/iostreams.base/ios.base/ios.types/ios_failure/ctor_char_pointer_error_code.pass.cpp (42 of 500)
PASS: llvm-libc++-shared.cfg.in :: std/input.output/iostreams.base/ios.base/ios.types/ios_failure/ctor_string_error_code.pass.cpp (43 of 500)
PASS: llvm-libc++-shared.cfg.in :: std/input.output/iostreams.base/ios.base/ios.types/ios_fmtflags/fmtflags.pass.cpp (44 of 500)
PASS: llvm-libc++-shared.cfg.in :: std/input.output/iostreams.base/ios.base/ios.types/ios_iostate/iostate.pass.cpp (45 of 500)
PASS: llvm-libc++-shared.cfg.in :: std/input.output/iostreams.base/ios.base/ios.types/ios_openmode/openmode.pass.cpp (46 of 500)
PASS: llvm-libc++-shared.cfg.in :: std/input.output/iostreams.base/ios.base/ios.types/ios_seekdir/seekdir.pass.cpp (47 of 500)
PASS: llvm-libc++-shared.cfg.in :: std/input.output/iostreams.base/ios/basic.ios.cons/ctor_streambuf.pass.cpp (48 of 500)
PASS: llvm-libc++-shared.cfg.in :: std/input.output/iostreams.base/ios/basic.ios.members/copyfmt.pass.cpp (49 of 500)
PASS: llvm-libc++-shared.cfg.in :: std/input.output/iostreams.base/ios/basic.ios.members/fill.pass.cpp (50 of 500)
PASS: llvm-libc++-shared.cfg.in :: std/input.output/iostreams.base/ios/basic.ios.members/fill_char_type.pass.cpp (51 of 500)
PASS: llvm-libc++-shared.cfg.in :: std/input.output/iostreams.base/ios/basic.ios.members/imbue.pass.cpp (52 of 500)
PASS: llvm-libc++-shared.cfg.in :: std/input.output/iostreams.base/ios/basic.ios.members/move.pass.cpp (53 of 500)
PASS: llvm-libc++-shared.cfg.in :: std/input.output/iostreams.base/ios/basic.ios.members/narrow.pass.cpp (54 of 500)
PASS: llvm-libc++-shared.cfg.in :: std/input.output/iostreams.base/ios/basic.ios.members/rdbuf.pass.cpp (55 of 500)
PASS: llvm-libc++-shared.cfg.in :: std/input.output/iostreams.base/ios/basic.ios.members/rdbuf_streambuf.pass.cpp (56 of 500)
PASS: llvm-libc++-shared.cfg.in :: std/input.output/iostreams.base/ios/basic.ios.members/set_rdbuf.pass.cpp (57 of 500)
PASS: llvm-libc++-shared.cfg.in :: std/input.output/iostreams.base/ios/basic.ios.members/swap.pass.cpp (58 of 500)
PASS: llvm-libc++-shared.cfg.in :: std/input.output/iostreams.base/ios/basic.ios.members/tie.pass.cpp (59 of 500)
PASS: llvm-libc++-shared.cfg.in :: std/input.output/iostreams.base/ios/basic.ios.members/tie_ostream.pass.cpp (60 of 500)
PASS: llvm-libc++-shared.cfg.in :: std/input.output/iostreams.base/ios/basic.ios.members/widen.pass.cpp (61 of 500)
PASS: llvm-libc++-shared.cfg.in :: std/input.output/iostreams.base/ios/iostate.flags/bad.pass.cpp (62 of 500)
PASS: llvm-libc++-shared.cfg.in :: std/input.output/iostreams.base/ios/iostate.flags/bool.pass.cpp (63 of 500)
PASS: llvm-libc++-shared.cfg.in :: std/input.output/iostreams.base/ios/iostate.flags/clear.pass.cpp (64 of 500)
PASS: llvm-libc++-shared.cfg.in :: std/input.output/iostreams.base/ios/iostate.flags/eof.pass.cpp (65 of 500)
PASS: llvm-libc++-shared.cfg.in :: std/input.output/iostreams.base/ios/iostate.flags/exceptions.pass.cpp (66 of 500)
PASS: llvm-libc++-shared.cfg.in :: std/input.output/iostreams.base/ios/iostate.flags/exceptions_iostate.pass.cpp (67 of 500)
PASS: llvm-libc++-shared.cfg.in :: std/input.output/iostreams.base/ios/iostate.flags/fail.pass.cpp (68 of 500)
PASS: llvm-libc++-shared.cfg.in :: std/input.output/iostreams.base/ios/iostate.flags/good.pass.cpp (69 of 500)
PASS: llvm-libc++-shared.cfg.in :: std/input.output/iostreams.base/ios/iostate.flags/not.pass.cpp (70 of 500)
PASS: llvm-libc++-shared.cfg.in :: std/input.output/iostreams.base/ios/iostate.flags/rdstate.pass.cpp (71 of 500)
PASS: llvm-libc++-shared.cfg.in :: std/input.output/iostreams.base/ios/iostate.flags/setstate.pass.cpp (72 of 500)
PASS: llvm-libc++-shared.cfg.in :: std/input.output/iostreams.base/ios/types.pass.cpp (73 of 500)
PASS: llvm-libc++-shared.cfg.in :: std/input.output/iostreams.base/is_error_code_enum_io_errc.pass.cpp (74 of 500)
PASS: llvm-libc++-shared.cfg.in :: std/input.output/iostreams.base/std.ios.manip/adjustfield.manip/internal.pass.cpp (75 of 500)
PASS: llvm-libc++-shared.cfg.in :: std/input.output/iostreams.base/std.ios.manip/adjustfield.manip/left.pass.cpp (76 of 500)
PASS: llvm-libc++-shared.cfg.in :: std/input.output/iostreams.base/std.ios.manip/adjustfield.manip/right.pass.cpp (77 of 500)
PASS: llvm-libc++-shared.cfg.in :: std/input.output/iostreams.base/std.ios.manip/basefield.manip/dec.pass.cpp (78 of 500)
PASS: llvm-libc++-shared.cfg.in :: std/input.output/iostreams.base/std.ios.manip/basefield.manip/hex.pass.cpp (79 of 500)
PASS: llvm-libc++-shared.cfg.in :: std/input.output/iostreams.base/std.ios.manip/basefield.manip/oct.pass.cpp (80 of 500)
PASS: llvm-libc++-shared.cfg.in :: std/input.output/iostreams.base/std.ios.manip/error.reporting/iostream_category.pass.cpp (81 of 500)
PASS: llvm-libc++-shared.cfg.in :: std/input.output/iostreams.base/std.ios.manip/error.reporting/make_error_code.pass.cpp (82 of 500)
PASS: llvm-libc++-shared.cfg.in :: std/input.output/iostreams.base/std.ios.manip/error.reporting/make_error_condition.pass.cpp (83 of 500)
PASS: llvm-libc++-shared.cfg.in :: std/input.output/iostreams.base/std.ios.manip/floatfield.manip/defaultfloat.pass.cpp (84 of 500)
PASS: llvm-libc++-shared.cfg.in :: std/input.output/iostreams.base/std.ios.manip/floatfield.manip/fixed.pass.cpp (85 of 500)
PASS: llvm-libc++-shared.cfg.in :: std/input.output/iostreams.base/std.ios.manip/floatfield.manip/hexfloat.pass.cpp (86 of 500)
PASS: llvm-libc++-shared.cfg.in :: std/input.output/iostreams.base/std.ios.manip/floatfield.manip/scientific.pass.cpp (87 of 500)
PASS: llvm-libc++-shared.cfg.in :: std/input.output/iostreams.base/std.ios.manip/fmtflags.manip/boolalpha.pass.cpp (88 of 500)
PASS: llvm-libc++-shared.cfg.in :: std/input.output/iostreams.base/std.ios.manip/fmtflags.manip/noboolalpha.pass.cpp (89 of 500)
PASS: llvm-libc++-shared.cfg.in :: std/input.output/iostreams.base/std.ios.manip/fmtflags.manip/noshowbase.pass.cpp (90 of 500)
PASS: llvm-libc++-shared.cfg.in :: std/input.output/iostreams.base/std.ios.manip/fmtflags.manip/noshowpoint.pass.cpp (91 of 500)
PASS: llvm-libc++-shared.cfg.in :: std/input.output/iostreams.base/std.ios.manip/fmtflags.manip/noshowpos.pass.cpp (92 of 500)
PASS: llvm-libc++-shared.cfg.in :: std/input.output/iostreams.base/std.ios.manip/fmtflags.manip/noskipws.pass.cpp (93 of 500)
PASS: llvm-libc++-shared.cfg.in :: std/input.output/iostreams.base/std.ios.manip/fmtflags.manip/nounitbuf.pass.cpp (94 of 500)
PASS: llvm-libc++-shared.cfg.in :: std/input.output/iostreams.base/std.ios.manip/fmtflags.manip/nouppercase.pass.cpp (95 of 500)
PASS: llvm-libc++-shared.cfg.in :: std/input.output/iostreams.base/std.ios.manip/fmtflags.manip/showbase.pass.cpp (96 of 500)
PASS: llvm-libc++-shared.cfg.in :: std/input.output/iostreams.base/std.ios.manip/fmtflags.manip/showpoint.pass.cpp (97 of 500)
PASS: llvm-libc++-shared.cfg.in :: std/input.output/iostreams.base/std.ios.manip/fmtflags.manip/showpos.pass.cpp (98 of 500)
PASS: llvm-libc++-shared.cfg.in :: std/input.output/iostreams.base/std.ios.manip/fmtflags.manip/skipws.pass.cpp (99 of 500)
PASS: llvm-libc++-shared.cfg.in :: std/input.output/iostreams.base/std.ios.manip/fmtflags.manip/unitbuf.pass.cpp (100 of 500)
PASS: llvm-libc++-shared.cfg.in :: std/input.output/iostreams.base/std.ios.manip/fmtflags.manip/uppercase.pass.cpp (101 of 500)
PASS: llvm-libc++-shared.cfg.in :: std/input.output/iostreams.base/stream.types/streamoff.pass.cpp (102 of 500)
PASS: llvm-libc++-shared.cfg.in :: std/input.output/iostreams.base/stream.types/streamsize.pass.cpp (103 of 500)
PASS: llvm-libc++-shared.cfg.in :: std/input.output/iostreams.requirements/iostream.limits.imbue/tested_elsewhere.pass.cpp (104 of 500)
PASS: llvm-libc++-shared.cfg.in :: std/input.output/iostreams.requirements/iostreams.limits.pos/nothing_to_do.pass.cpp (105 of 500)
PASS: llvm-libc++-shared.cfg.in :: std/input.output/iostreams.requirements/iostreams.threadsafety/nothing_to_do.pass.cpp (106 of 500)
PASS: llvm-libc++-shared.cfg.in :: std/input.output/stream.buffers/streambuf.reqts/tested_elsewhere.pass.cpp (107 of 500)
PASS: llvm-libc++-shared.cfg.in :: std/input.output/stream.buffers/streambuf/streambuf.cons/copy.verify.cpp (108 of 500)
PASS: llvm-libc++-shared.cfg.in :: std/input.output/stream.buffers/streambuf/streambuf.cons/default.compile.fail.cpp (109 of 500)
PASS: llvm-libc++-shared.cfg.in :: std/input.output/stream.buffers/streambuf/streambuf.cons/copy.pass.cpp (110 of 500)
PASS: llvm-libc++-shared.cfg.in :: std/input.output/stream.buffers/streambuf/streambuf.cons/default.pass.cpp (111 of 500)
PASS: llvm-libc++-shared.cfg.in :: std/input.output/stream.buffers/streambuf/streambuf.members/streambuf.buffer/pubseekoff.pass.cpp (112 of 500)
PASS: llvm-libc++-shared.cfg.in :: std/input.output/stream.buffers/streambuf/streambuf.members/streambuf.buffer/pubseekpos.pass.cpp (113 of 500)
PASS: llvm-libc++-shared.cfg.in :: std/input.output/stream.buffers/streambuf/streambuf.members/streambuf.buffer/pubsetbuf.pass.cpp (114 of 500)
PASS: llvm-libc++-shared.cfg.in :: std/input.output/stream.buffers/streambuf/streambuf.members/streambuf.buffer/pubsync.pass.cpp (115 of 500)
PASS: llvm-libc++-shared.cfg.in :: std/input.output/stream.buffers/streambuf/streambuf.members/streambuf.locales/locales.pass.cpp (116 of 500)
PASS: llvm-libc++-shared.cfg.in :: std/input.output/stream.buffers/streambuf/streambuf.members/streambuf.pub.get/in_avail.pass.cpp (117 of 500)
PASS: llvm-libc++-shared.cfg.in :: std/input.output/stream.buffers/streambuf/streambuf.members/streambuf.pub.get/sbumpc.pass.cpp (118 of 500)
PASS: llvm-libc++-shared.cfg.in :: std/input.output/stream.buffers/streambuf/streambuf.members/streambuf.pub.get/sgetn.pass.cpp (119 of 500)
PASS: llvm-libc++-shared.cfg.in :: std/input.output/stream.buffers/streambuf/streambuf.members/streambuf.pub.get/sgetc.pass.cpp (120 of 500)
PASS: llvm-libc++-shared.cfg.in :: std/input.output/stream.buffers/streambuf/streambuf.members/streambuf.pub.get/snextc.pass.cpp (121 of 500)
PASS: llvm-libc++-shared.cfg.in :: std/input.output/stream.buffers/streambuf/streambuf.members/streambuf.pub.pback/sputbackc.pass.cpp (122 of 500)
PASS: llvm-libc++-shared.cfg.in :: std/input.output/stream.buffers/streambuf/streambuf.members/streambuf.pub.pback/sungetc.pass.cpp (123 of 500)
PASS: llvm-libc++-shared.cfg.in :: std/input.output/stream.buffers/streambuf/streambuf.members/streambuf.pub.put/sputc.pass.cpp (124 of 500)
PASS: llvm-libc++-shared.cfg.in :: std/input.output/stream.buffers/streambuf/streambuf.protected/streambuf.assign/assign.pass.cpp (125 of 500)
PASS: llvm-libc++-shared.cfg.in :: std/input.output/stream.buffers/streambuf/streambuf.members/streambuf.pub.put/sputn.pass.cpp (126 of 500)
PASS: llvm-libc++-shared.cfg.in :: std/input.output/stream.buffers/streambuf/streambuf.protected/streambuf.assign/swap.pass.cpp (127 of 500)
UNSUPPORTED: llvm-libc++-shared.cfg.in :: std/input.output/stream.buffers/streambuf/streambuf.protected/streambuf.get.area/setg.assert.pass.cpp (128 of 500)
PASS: llvm-libc++-shared.cfg.in :: std/input.output/stream.buffers/streambuf/streambuf.protected/streambuf.get.area/gbump.pass.cpp (129 of 500)
PASS: llvm-libc++-shared.cfg.in :: std/input.output/stream.buffers/streambuf/streambuf.protected/streambuf.get.area/setg.pass.cpp (130 of 500)
PASS: llvm-libc++-shared.cfg.in :: std/input.output/stream.buffers/streambuf/streambuf.protected/streambuf.put.area/pbump.pass.cpp (131 of 500)
UNSUPPORTED: llvm-libc++-shared.cfg.in :: std/input.output/stream.buffers/streambuf/streambuf.protected/streambuf.put.area/setp.assert.pass.cpp (132 of 500)
PASS: llvm-libc++-shared.cfg.in :: std/input.output/stream.buffers/streambuf/streambuf.protected/streambuf.put.area/setp.pass.cpp (133 of 500)
PASS: llvm-libc++-shared.cfg.in :: std/input.output/stream.buffers/streambuf/streambuf.protected/streambuf.put.area/pbump2gig.pass.cpp (134 of 500)
PASS: llvm-libc++-shared.cfg.in :: std/input.output/stream.buffers/streambuf/streambuf.virtuals/streambuf.virt.buffer/tested_elsewhere.pass.cpp (135 of 500)
PASS: llvm-libc++-shared.cfg.in :: std/input.output/stream.buffers/streambuf/streambuf.virtuals/streambuf.virt.get/showmanyc.pass.cpp (136 of 500)
PASS: llvm-libc++-shared.cfg.in :: std/input.output/stream.buffers/streambuf/streambuf.virtuals/streambuf.virt.get/uflow.pass.cpp (137 of 500)
PASS: llvm-libc++-shared.cfg.in :: std/input.output/stream.buffers/streambuf/streambuf.virtuals/streambuf.virt.get/underflow.pass.cpp (138 of 500)
PASS: llvm-libc++-shared.cfg.in :: std/input.output/stream.buffers/streambuf/streambuf.virtuals/streambuf.virt.get/xsgetn.pass.cpp (139 of 500)
PASS: llvm-libc++-shared.cfg.in :: std/input.output/stream.buffers/streambuf/streambuf.virtuals/streambuf.virt.locales/nothing_to_do.pass.cpp (140 of 500)
PASS: llvm-libc++-shared.cfg.in :: std/input.output/stream.buffers/streambuf/streambuf.virtuals/streambuf.virt.pback/pbackfail.pass.cpp (141 of 500)
PASS: llvm-libc++-shared.cfg.in :: std/input.output/stream.buffers/streambuf/streambuf.virtuals/streambuf.virt.put/overflow.pass.cpp (142 of 500)
PASS: llvm-libc++-shared.cfg.in :: std/input.output/stream.buffers/streambuf/streambuf.virtuals/streambuf.virt.put/xsputn.PR14074.pass.cpp (143 of 500)
PASS: llvm-libc++-shared.cfg.in :: std/input.output/stream.buffers/streambuf/streambuf.virtuals/streambuf.virt.put/xsputn.pass.cpp (144 of 500)
PASS: llvm-libc++-shared.cfg.in :: std/input.output/stream.buffers/streambuf/types.pass.cpp (145 of 500)
PASS: llvm-libc++-shared.cfg.in :: std/input.output/string.streams/istringstream/istringstream.assign/member_swap.pass.cpp (146 of 500)
PASS: llvm-libc++-shared.cfg.in :: std/input.output/string.streams/istringstream/istringstream.assign/move.pass.cpp (147 of 500)
PASS: llvm-libc++-shared.cfg.in :: std/input.output/string.streams/istringstream/istringstream.assign/nonmember_swap.pass.cpp (148 of 500)
PASS: llvm-libc++-shared.cfg.in :: std/input.output/string.streams/istringstream/istringstream.cons/default.pass.cpp (149 of 500)
PASS: llvm-libc++-shared.cfg.in :: std/input.output/string.streams/istringstream/istringstream.cons/mode.alloc.pass.cpp (150 of 500)
PASS: llvm-libc++-shared.cfg.in :: std/input.output/string.streams/istringstream/istringstream.cons/move.pass.cpp (151 of 500)
PASS: llvm-libc++-shared.cfg.in :: std/input.output/string.streams/istringstream/istringstream.cons/string-alloc.mode.pass.cpp (152 of 500)
PASS: llvm-libc++-shared.cfg.in :: std/input.output/string.streams/istringstream/istringstream.cons/string.alloc.pass.cpp (153 of 500)
PASS: llvm-libc++-shared.cfg.in :: std/input.output/string.streams/istringstream/istringstream.cons/string.mode.alloc.pass.cpp (154 of 500)
PASS: llvm-libc++-shared.cfg.in :: std/input.output/string.streams/istringstream/istringstream.cons/string.move.mode.pass.cpp (155 of 500)
PASS: llvm-libc++-shared.cfg.in :: std/input.output/string.streams/istringstream/istringstream.cons/string.pass.cpp (156 of 500)
PASS: llvm-libc++-shared.cfg.in :: std/input.output/string.streams/istringstream/istringstream.cons/string_view.alloc.pass.cpp (157 of 500)
PASS: llvm-libc++-shared.cfg.in :: std/input.output/string.streams/istringstream/istringstream.cons/string_view.mode.alloc.pass.cpp (158 of 500)
PASS: llvm-libc++-shared.cfg.in :: std/input.output/string.streams/istringstream/istringstream.members/str.alloc.pass.cpp (159 of 500)
PASS: llvm-libc++-shared.cfg.in :: std/input.output/string.streams/istringstream/istringstream.cons/string_view.mode.pass.cpp (160 of 500)
PASS: llvm-libc++-shared.cfg.in :: std/input.output/string.streams/istringstream/istringstream.members/str.move.pass.cpp (161 of 500)
PASS: llvm-libc++-shared.cfg.in :: std/input.output/string.streams/istringstream/istringstream.members/str.allocator_propagation.pass.cpp (162 of 500)
PASS: llvm-libc++-shared.cfg.in :: std/input.output/string.streams/istringstream/istringstream.members/str.pass.cpp (163 of 500)
PASS: llvm-libc++-shared.cfg.in :: std/input.output/string.streams/istringstream/istringstream.members/str.string-alloc.pass.cpp (164 of 500)
PASS: llvm-libc++-shared.cfg.in :: std/input.output/string.streams/istringstream/istringstream.members/str.string.move.pass.cpp (165 of 500)
PASS: llvm-libc++-shared.cfg.in :: std/input.output/string.streams/istringstream/istringstream.members/str.string_view.pass.cpp (166 of 500)
PASS: llvm-libc++-shared.cfg.in :: std/input.output/string.streams/istringstream/types.compile.pass.cpp (167 of 500)
PASS: llvm-libc++-shared.cfg.in :: std/input.output/string.streams/istringstream/istringstream.members/view.pass.cpp (168 of 500)
PASS: llvm-libc++-shared.cfg.in :: std/input.output/string.streams/ostringstream/ostringstream.assign/member_swap.pass.cpp (169 of 500)
PASS: llvm-libc++-shared.cfg.in :: std/input.output/string.streams/ostringstream/ostringstream.assign/move.pass.cpp (170 of 500)
PASS: llvm-libc++-shared.cfg.in :: std/input.output/string.streams/ostringstream/ostringstream.assign/nonmember_swap.pass.cpp (171 of 500)
PASS: llvm-libc++-shared.cfg.in :: std/input.output/string.streams/ostringstream/ostringstream.cons/default.pass.cpp (172 of 500)
PASS: llvm-libc++-shared.cfg.in :: std/input.output/string.streams/ostringstream/ostringstream.cons/mode.alloc.pass.cpp (173 of 500)
PASS: llvm-libc++-shared.cfg.in :: std/input.output/string.streams/ostringstream/ostringstream.cons/move.pass.cpp (174 of 500)
PASS: llvm-libc++-shared.cfg.in :: std/input.output/string.streams/ostringstream/ostringstream.cons/string-alloc.mode.pass.cpp (175 of 500)
PASS: llvm-libc++-shared.cfg.in :: std/input.output/string.streams/ostringstream/ostringstream.cons/string.alloc.pass.cpp (176 of 500)
PASS: llvm-libc++-shared.cfg.in :: std/input.output/string.streams/ostringstream/ostringstream.cons/string.mode.alloc.pass.cpp (177 of 500)
PASS: llvm-libc++-shared.cfg.in :: std/input.output/string.streams/ostringstream/ostringstream.cons/string.move.mode.pass.cpp (178 of 500)
PASS: llvm-libc++-shared.cfg.in :: std/input.output/string.streams/ostringstream/ostringstream.cons/string.pass.cpp (179 of 500)
PASS: llvm-libc++-shared.cfg.in :: std/input.output/string.streams/ostringstream/ostringstream.cons/string_view.alloc.pass.cpp (180 of 500)
PASS: llvm-libc++-shared.cfg.in :: std/input.output/string.streams/ostringstream/ostringstream.cons/string_view.mode.alloc.pass.cpp (181 of 500)
PASS: llvm-libc++-shared.cfg.in :: std/input.output/string.streams/ostringstream/ostringstream.cons/string_view.mode.pass.cpp (182 of 500)
PASS: llvm-libc++-shared.cfg.in :: std/input.output/string.streams/ostringstream/ostringstream.members/str.alloc.pass.cpp (183 of 500)
PASS: llvm-libc++-shared.cfg.in :: std/input.output/string.streams/ostringstream/ostringstream.members/str.allocator_propagation.pass.cpp (184 of 500)
PASS: llvm-libc++-shared.cfg.in :: std/input.output/string.streams/ostringstream/ostringstream.members/str.move.pass.cpp (185 of 500)
PASS: llvm-libc++-shared.cfg.in :: std/input.output/string.streams/ostringstream/ostringstream.members/str.pass.cpp (186 of 500)
PASS: llvm-libc++-shared.cfg.in :: std/input.output/string.streams/ostringstream/ostringstream.members/str.string-alloc.pass.cpp (187 of 500)
PASS: llvm-libc++-shared.cfg.in :: std/input.output/string.streams/ostringstream/ostringstream.members/str.string.move.pass.cpp (188 of 500)
PASS: llvm-libc++-shared.cfg.in :: std/input.output/string.streams/ostringstream/ostringstream.members/str.string_view.pass.cpp (189 of 500)
PASS: llvm-libc++-shared.cfg.in :: std/input.output/string.streams/ostringstream/types.compile.pass.cpp (190 of 500)
PASS: llvm-libc++-shared.cfg.in :: std/input.output/string.streams/ostringstream/ostringstream.members/view.pass.cpp (191 of 500)
PASS: llvm-libc++-shared.cfg.in :: std/input.output/string.streams/stringbuf/stringbuf.assign/member_swap.pass.cpp (192 of 500)
PASS: llvm-libc++-shared.cfg.in :: std/input.output/string.streams/stringbuf/stringbuf.assign/member_swap_noexcept.pass.cpp (193 of 500)
PASS: llvm-libc++-shared.cfg.in :: std/input.output/string.streams/stringbuf/stringbuf.assign/move.pass.cpp (194 of 500)
PASS: llvm-libc++-shared.cfg.in :: std/input.output/string.streams/stringbuf/stringbuf.assign/nonmember_swap.pass.cpp (195 of 500)
PASS: llvm-libc++-shared.cfg.in :: std/input.output/string.streams/stringbuf/stringbuf.assign/nonmember_swap_noexcept.pass.cpp (196 of 500)
PASS: llvm-libc++-shared.cfg.in :: std/input.output/string.streams/stringbuf/stringbuf.cons/alloc.pass.cpp (197 of 500)
PASS: llvm-libc++-shared.cfg.in :: std/input.output/string.streams/stringbuf/stringbuf.cons/default.pass.cpp (198 of 500)
PASS: llvm-libc++-shared.cfg.in :: std/input.output/string.streams/stringbuf/stringbuf.cons/mode.alloc.pass.cpp (199 of 500)
PASS: llvm-libc++-shared.cfg.in :: std/input.output/string.streams/stringbuf/stringbuf.cons/move.alloc.pass.cpp (200 of 500)
PASS: llvm-libc++-shared.cfg.in :: std/input.output/string.streams/stringbuf/stringbuf.cons/move.pass.cpp (201 of 500)
PASS: llvm-libc++-shared.cfg.in :: std/input.output/string.streams/stringbuf/stringbuf.cons/string-alloc.mode.pass.cpp (202 of 500)
PASS: llvm-libc++-shared.cfg.in :: std/input.output/string.streams/stringbuf/stringbuf.cons/string.alloc.pass.cpp (203 of 500)
PASS: llvm-libc++-shared.cfg.in :: std/input.output/string.streams/stringbuf/stringbuf.cons/string.mode.alloc.pass.cpp (204 of 500)
PASS: llvm-libc++-shared.cfg.in :: std/input.output/string.streams/stringbuf/stringbuf.cons/string.move.mode.pass.cpp (205 of 500)
PASS: llvm-libc++-shared.cfg.in :: std/input.output/string.streams/stringbuf/stringbuf.cons/string.pass.cpp (206 of 500)
PASS: llvm-libc++-shared.cfg.in :: std/input.output/string.streams/stringbuf/stringbuf.cons/string_view.alloc.pass.cpp (207 of 500)
PASS: llvm-libc++-shared.cfg.in :: std/input.output/string.streams/stringbuf/stringbuf.cons/string_view.mode.alloc.pass.cpp (208 of 500)
PASS: llvm-libc++-shared.cfg.in :: std/input.output/string.streams/stringbuf/stringbuf.cons/string_view.mode.pass.cpp (209 of 500)
PASS: llvm-libc++-shared.cfg.in :: std/input.output/string.streams/stringbuf/stringbuf.members/str.alloc.pass.cpp (210 of 500)
PASS: llvm-libc++-shared.cfg.in :: std/input.output/string.streams/stringbuf/stringbuf.members/str.move.pass.cpp (211 of 500)
PASS: llvm-libc++-shared.cfg.in :: std/input.output/string.streams/stringbuf/stringbuf.members/str.pass.cpp (212 of 500)
PASS: llvm-libc++-shared.cfg.in :: std/input.output/string.streams/stringbuf/stringbuf.members/str.string-alloc.pass.cpp (213 of 500)
PASS: llvm-libc++-shared.cfg.in :: std/input.output/string.streams/stringbuf/stringbuf.members/str.string.move.pass.cpp (214 of 500)
PASS: llvm-libc++-shared.cfg.in :: std/input.output/string.streams/stringbuf/stringbuf.members/str.string_view.pass.cpp (215 of 500)
PASS: llvm-libc++-shared.cfg.in :: std/input.output/string.streams/stringbuf/stringbuf.members/view.pass.cpp (216 of 500)
PASS: llvm-libc++-shared.cfg.in :: std/input.output/string.streams/stringbuf/stringbuf.virtuals/overflow.pass.cpp (217 of 500)
PASS: llvm-libc++-shared.cfg.in :: std/input.output/string.streams/stringbuf/stringbuf.virtuals/pbackfail.pass.cpp (218 of 500)
PASS: llvm-libc++-shared.cfg.in :: std/input.output/string.streams/stringbuf/stringbuf.virtuals/seekoff.pass.cpp (219 of 500)
PASS: llvm-libc++-shared.cfg.in :: std/input.output/string.streams/stringbuf/stringbuf.virtuals/seekpos.pass.cpp (220 of 500)
PASS: llvm-libc++-shared.cfg.in :: std/input.output/string.streams/stringbuf/stringbuf.virtuals/setbuf.pass.cpp (221 of 500)
PASS: llvm-libc++-shared.cfg.in :: std/input.output/string.streams/stringbuf/stringbuf.virtuals/underflow.pass.cpp (222 of 500)
PASS: llvm-libc++-shared.cfg.in :: std/input.output/string.streams/stringbuf/types.compile.pass.cpp (223 of 500)
PASS: llvm-libc++-shared.cfg.in :: std/input.output/string.streams/stringstream/stringstream.assign/move.pass.cpp (224 of 500)
PASS: llvm-libc++-shared.cfg.in :: std/input.output/string.streams/stringstream/stringstream.assign/member_swap.pass.cpp (225 of 500)
PASS: llvm-libc++-shared.cfg.in :: std/input.output/string.streams/stringstream/stringstream.assign/nonmember_swap.pass.cpp (226 of 500)
PASS: llvm-libc++-shared.cfg.in :: std/input.output/string.streams/stringstream/stringstream.cons/default.pass.cpp (227 of 500)
PASS: llvm-libc++-shared.cfg.in :: std/input.output/string.streams/stringstream/stringstream.cons/mode.alloc.pass.cpp (228 of 500)
PASS: llvm-libc++-shared.cfg.in :: std/input.output/string.streams/stringstream/stringstream.cons/move.pass.cpp (229 of 500)
PASS: llvm-libc++-shared.cfg.in :: std/input.output/string.streams/stringstream/stringstream.cons/move2.pass.cpp (230 of 500)
PASS: llvm-libc++-shared.cfg.in :: std/input.output/string.streams/stringstream/stringstream.cons/string-alloc.mode.pass.cpp (231 of 500)
PASS: llvm-libc++-shared.cfg.in :: std/input.output/string.streams/stringstream/stringstream.cons/string.alloc.pass.cpp (232 of 500)
PASS: llvm-libc++-shared.cfg.in :: std/input.output/string.streams/stringstream/stringstream.cons/string.mode.alloc.pass.cpp (233 of 500)
PASS: llvm-libc++-shared.cfg.in :: std/input.output/string.streams/stringstream/stringstream.cons/string.move.mode.pass.cpp (234 of 500)
PASS: llvm-libc++-shared.cfg.in :: std/input.output/string.streams/stringstream/stringstream.cons/string.pass.cpp (235 of 500)
PASS: llvm-libc++-shared.cfg.in :: std/input.output/string.streams/stringstream/stringstream.cons/string_view.alloc.pass.cpp (236 of 500)
PASS: llvm-libc++-shared.cfg.in :: std/input.output/string.streams/stringstream/stringstream.cons/string_view.mode.alloc.pass.cpp (237 of 500)
UNSUPPORTED: llvm-libc++-shared.cfg.in :: std/input.output/string.streams/stringstream/stringstream.members/gcount.pass.cpp (238 of 500)
PASS: llvm-libc++-shared.cfg.in :: std/input.output/string.streams/stringstream/stringstream.members/str.alloc.pass.cpp (239 of 500)
PASS: llvm-libc++-shared.cfg.in :: std/input.output/string.streams/stringstream/stringstream.cons/string_view.mode.pass.cpp (240 of 500)
PASS: llvm-libc++-shared.cfg.in :: std/input.output/string.streams/stringstream/stringstream.members/str.move.pass.cpp (241 of 500)
PASS: llvm-libc++-shared.cfg.in :: std/input.output/string.streams/stringstream/stringstream.members/str.allocator_propagation.pass.cpp (242 of 500)
PASS: llvm-libc++-shared.cfg.in :: std/input.output/string.streams/stringstream/stringstream.members/str.pass.cpp (243 of 500)
PASS: llvm-libc++-shared.cfg.in :: std/input.output/string.streams/stringstream/stringstream.members/str.string-alloc.pass.cpp (244 of 500)
PASS: llvm-libc++-shared.cfg.in :: std/input.output/string.streams/stringstream/stringstream.members/str.string.move.pass.cpp (245 of 500)
PASS: llvm-libc++-shared.cfg.in :: std/input.output/string.streams/stringstream/stringstream.members/str.string_view.pass.cpp (246 of 500)
PASS: llvm-libc++-shared.cfg.in :: std/input.output/string.streams/stringstream/types.compile.pass.cpp (247 of 500)
PASS: llvm-libc++-shared.cfg.in :: std/input.output/string.streams/stringstream/stringstream.members/view.pass.cpp (248 of 500)
PASS: llvm-libc++-shared.cfg.in :: std/input.output/syncstream/osyncstream/assign.pass.cpp (249 of 500)
PASS: llvm-libc++-shared.cfg.in :: std/input.output/syncstream/osyncstream/members/emit.pass.cpp (250 of 500)
PASS: llvm-libc++-shared.cfg.in :: std/input.output/syncstream/osyncstream/members/get_wrapped.pass.cpp (251 of 500)
PASS: llvm-libc++-shared.cfg.in :: std/input.output/syncstream/osyncstream/members/rdbuf.pass.cpp (252 of 500)
PASS: llvm-libc++-shared.cfg.in :: std/input.output/syncstream/osyncstream/syncstream.osyncstream.cons/cons.move.pass.cpp (253 of 500)
PASS: llvm-libc++-shared.cfg.in :: std/input.output/syncstream/osyncstream/syncstream.osyncstream.cons/cons.ostream.allocator.pass.cpp (254 of 500)
PASS: llvm-libc++-shared.cfg.in :: std/input.output/syncstream/osyncstream/syncstream.osyncstream.cons/cons.ostream.pass.cpp (255 of 500)
PASS: llvm-libc++-shared.cfg.in :: std/input.output/syncstream/osyncstream/syncstream.osyncstream.cons/cons.pointer.allocator.pass.cpp (256 of 500)
PASS: llvm-libc++-shared.cfg.in :: std/input.output/syncstream/osyncstream/syncstream.osyncstream.cons/cons.pointer.pass.cpp (257 of 500)
PASS: llvm-libc++-shared.cfg.in :: std/input.output/syncstream/osyncstream/thread/basic.pass.cpp (258 of 500)
PASS: llvm-libc++-shared.cfg.in :: std/input.output/syncstream/osyncstream/types.compile.pass.cpp (259 of 500)
PASS: llvm-libc++-shared.cfg.in :: std/input.output/syncstream/syncbuf/sputc.pass.cpp (260 of 500)
PASS: llvm-libc++-shared.cfg.in :: std/input.output/syncstream/syncbuf/sputn.pass.cpp (261 of 500)
PASS: llvm-libc++-shared.cfg.in :: std/input.output/syncstream/syncbuf/sync.pass.cpp (262 of 500)
PASS: llvm-libc++-shared.cfg.in :: std/input.output/syncstream/syncbuf/syncstream.syncbuf.assign/assign.pass.cpp (263 of 500)
PASS: llvm-libc++-shared.cfg.in :: std/input.output/syncstream/syncbuf/syncstream.syncbuf.assign/swap.pass.cpp (264 of 500)
PASS: llvm-libc++-shared.cfg.in :: std/input.output/syncstream/syncbuf/syncstream.syncbuf.cons/cons.default.pass.cpp (265 of 500)
PASS: llvm-libc++-shared.cfg.in :: std/input.output/syncstream/syncbuf/syncstream.syncbuf.cons/cons.move.pass.cpp (266 of 500)
PASS: llvm-libc++-shared.cfg.in :: std/input.output/syncstream/osyncstream/thread/several_threads.pass.cpp (267 of 500)
PASS: llvm-libc++-shared.cfg.in :: std/input.output/syncstream/syncbuf/syncstream.syncbuf.cons/cons.pointer.allocator.pass.cpp (268 of 500)
PASS: llvm-libc++-shared.cfg.in :: std/input.output/syncstream/syncbuf/syncstream.syncbuf.cons/cons.pointer.pass.cpp (269 of 500)
PASS: llvm-libc++-shared.cfg.in :: std/input.output/syncstream/syncbuf/syncstream.syncbuf.cons/dtor.pass.cpp (270 of 500)
PASS: llvm-libc++-shared.cfg.in :: std/input.output/syncstream/syncbuf/syncstream.syncbuf.members/emit.pass.cpp (271 of 500)
PASS: llvm-libc++-shared.cfg.in :: std/input.output/syncstream/syncbuf/syncstream.syncbuf.members/get_allocator.pass.cpp (272 of 500)
PASS: llvm-libc++-shared.cfg.in :: std/input.output/syncstream/syncbuf/syncstream.syncbuf.members/get_wrapped.pass.cpp (273 of 500)
PASS: llvm-libc++-shared.cfg.in :: std/input.output/syncstream/syncbuf/syncstream.syncbuf.members/set_emit_on_sync.pass.cpp (274 of 500)
PASS: llvm-libc++-shared.cfg.in :: std/input.output/syncstream/syncbuf/syncstream.syncbuf.special/swap.pass.cpp (275 of 500)
PASS: llvm-libc++-shared.cfg.in :: std/input.output/syncstream/syncbuf/types.compile.pass.cpp (276 of 500)
PASS: llvm-libc++-shared.cfg.in :: std/iterators/iterator.container/empty.array.verify.cpp (277 of 500)
PASS: llvm-libc++-shared.cfg.in :: std/iterators/iterator.container/empty.container.verify.cpp (278 of 500)
PASS: llvm-libc++-shared.cfg.in :: std/iterators/iterator.container/empty.initializer_list.verify.cpp (279 of 500)
PASS: llvm-libc++-shared.cfg.in :: std/iterators/iterator.container/data.pass.cpp (280 of 500)
PASS: llvm-libc++-shared.cfg.in :: std/iterators/iterator.container/empty.pass.cpp (281 of 500)
PASS: llvm-libc++-shared.cfg.in :: std/iterators/iterator.container/ssize.LWG3207.compile.pass.cpp (282 of 500)
PASS: llvm-libc++-shared.cfg.in :: std/iterators/iterator.container/size.pass.cpp (283 of 500)
PASS: llvm-libc++-shared.cfg.in :: std/iterators/iterator.primitives/iterator.basic/deprecated.verify.cpp (284 of 500)
PASS: llvm-libc++-shared.cfg.in :: std/iterators/iterator.container/ssize.pass.cpp (285 of 500)
PASS: llvm-libc++-shared.cfg.in :: std/iterators/iterator.primitives/iterator.basic/iterator.pass.cpp (286 of 500)
PASS: llvm-libc++-shared.cfg.in :: std/iterators/iterator.primitives/iterator.operations/advance.pass.cpp (287 of 500)
PASS: llvm-libc++-shared.cfg.in :: std/iterators/iterator.primitives/iterator.operations/distance.pass.cpp (288 of 500)
PASS: llvm-libc++-shared.cfg.in :: std/iterators/iterator.primitives/iterator.operations/next.pass.cpp (289 of 500)
PASS: llvm-libc++-shared.cfg.in :: std/iterators/iterator.primitives/iterator.operations/prev.pass.cpp (290 of 500)
PASS: llvm-libc++-shared.cfg.in :: std/iterators/iterator.primitives/iterator.operations/robust_against_adl.pass.cpp (291 of 500)
PASS: llvm-libc++-shared.cfg.in :: std/iterators/iterator.primitives/iterator.traits/const_pointer.pass.cpp (292 of 500)
PASS: llvm-libc++-shared.cfg.in :: std/iterators/iterator.primitives/iterator.traits/const_volatile_pointer.pass.cpp (293 of 500)
PASS: llvm-libc++-shared.cfg.in :: std/iterators/iterator.primitives/iterator.traits/empty.compile.pass.cpp (294 of 500)
PASS: llvm-libc++-shared.cfg.in :: std/iterators/iterator.primitives/iterator.traits/cxx20_iterator_traits.compile.pass.cpp (295 of 500)
PASS: llvm-libc++-shared.cfg.in :: std/iterators/iterator.primitives/iterator.traits/iter_reference_t.compile.pass.cpp (296 of 500)
PASS: llvm-libc++-shared.cfg.in :: std/iterators/iterator.primitives/iterator.traits/empty.pass.cpp (297 of 500)
PASS: llvm-libc++-shared.cfg.in :: std/iterators/iterator.primitives/iterator.traits/iterator.pass.cpp (298 of 500)
PASS: llvm-libc++-shared.cfg.in :: std/iterators/iterator.primitives/iterator.traits/pointer.pass.cpp (299 of 500)
PASS: llvm-libc++-shared.cfg.in :: std/iterators/iterator.primitives/range.iter.ops/range.iter.ops.advance/constraints.verify.cpp (300 of 500)
PASS: llvm-libc++-shared.cfg.in :: std/iterators/iterator.primitives/iterator.traits/volatile_pointer.pass.cpp (301 of 500)
PASS: llvm-libc++-shared.cfg.in :: std/iterators/iterator.primitives/range.iter.ops/range.iter.ops.advance/iterator_count.pass.cpp (302 of 500)
PASS: llvm-libc++-shared.cfg.in :: std/iterators/iterator.primitives/range.iter.ops/range.iter.ops.advance/iterator_count_sentinel.pass.cpp (303 of 500)
PASS: llvm-libc++-shared.cfg.in :: std/iterators/iterator.primitives/range.iter.ops/range.iter.ops.advance/iterator_sentinel.pass.cpp (304 of 500)
PASS: llvm-libc++-shared.cfg.in :: std/iterators/iterator.primitives/range.iter.ops/range.iter.ops.distance/lwg3664.pass.cpp (305 of 500)
PASS: llvm-libc++-shared.cfg.in :: std/iterators/iterator.primitives/range.iter.ops/range.iter.ops.distance/iterator_sentinel.pass.cpp (306 of 500)
PASS: llvm-libc++-shared.cfg.in :: std/iterators/iterator.primitives/range.iter.ops/range.iter.ops.next/constraints.compile.pass.cpp (307 of 500)
PASS: llvm-libc++-shared.cfg.in :: std/iterators/iterator.primitives/range.iter.ops/range.iter.ops.distance/range.pass.cpp (308 of 500)
PASS: llvm-libc++-shared.cfg.in :: std/iterators/iterator.primitives/range.iter.ops/range.iter.ops.next/iterator.pass.cpp (309 of 500)
PASS: llvm-libc++-shared.cfg.in :: std/iterators/iterator.primitives/range.iter.ops/range.iter.ops.next/iterator_count.pass.cpp (310 of 500)
PASS: llvm-libc++-shared.cfg.in :: std/iterators/iterator.primitives/range.iter.ops/range.iter.ops.next/iterator_count_sentinel.pass.cpp (311 of 500)
PASS: llvm-libc++-shared.cfg.in :: std/iterators/iterator.primitives/range.iter.ops/range.iter.ops.prev/constraints.compile.pass.cpp (312 of 500)
PASS: llvm-libc++-shared.cfg.in :: std/iterators/iterator.primitives/range.iter.ops/range.iter.ops.next/iterator_sentinel.pass.cpp (313 of 500)
PASS: llvm-libc++-shared.cfg.in :: std/iterators/iterator.primitives/range.iter.ops/range.iter.ops.prev/iterator.pass.cpp (314 of 500)
PASS: llvm-libc++-shared.cfg.in :: std/iterators/iterator.primitives/range.iter.ops/range.iter.ops.prev/iterator_count.pass.cpp (315 of 500)
PASS: llvm-libc++-shared.cfg.in :: std/iterators/iterator.primitives/range.iter.ops/range.iter.ops.prev/iterator_count_sentinel.pass.cpp (316 of 500)
PASS: llvm-libc++-shared.cfg.in :: std/iterators/iterator.primitives/std.iterator.tags/bidirectional_iterator_tag.pass.cpp (317 of 500)
PASS: llvm-libc++-shared.cfg.in :: std/iterators/iterator.primitives/std.iterator.tags/contiguous_iterator_tag.pass.cpp (318 of 500)
PASS: llvm-libc++-shared.cfg.in :: std/iterators/iterator.primitives/std.iterator.tags/forward_iterator_tag.pass.cpp (319 of 500)
PASS: llvm-libc++-shared.cfg.in :: std/iterators/iterator.primitives/std.iterator.tags/input_iterator_tag.pass.cpp (320 of 500)
PASS: llvm-libc++-shared.cfg.in :: std/iterators/iterator.primitives/std.iterator.tags/output_iterator_tag.pass.cpp (321 of 500)
PASS: llvm-libc++-shared.cfg.in :: std/iterators/iterator.primitives/std.iterator.tags/random_access_iterator_tag.pass.cpp (322 of 500)
PASS: llvm-libc++-shared.cfg.in :: std/iterators/iterator.range/begin-end.adl.pass.cpp (323 of 500)
PASS: llvm-libc++-shared.cfg.in :: std/iterators/iterator.range/begin-end.array.pass.cpp (324 of 500)
PASS: llvm-libc++-shared.cfg.in :: std/iterators/iterator.range/begin-end.container.pass.cpp (325 of 500)
PASS: llvm-libc++-shared.cfg.in :: std/iterators/iterator.requirements/alg.req.ind.copy/indirectly_copyable.compile.pass.cpp (326 of 500)
PASS: llvm-libc++-shared.cfg.in :: std/iterators/iterator.requirements/alg.req.ind.copy/indirectly_copyable.subsumption.compile.pass.cpp (327 of 500)
PASS: llvm-libc++-shared.cfg.in :: std/iterators/iterator.range/begin-end.initializer_list.pass.cpp (328 of 500)
PASS: llvm-libc++-shared.cfg.in :: std/iterators/iterator.requirements/alg.req.ind.copy/indirectly_copyable_storable.compile.pass.cpp (329 of 500)
PASS: llvm-libc++-shared.cfg.in :: std/iterators/iterator.requirements/alg.req.ind.copy/indirectly_copyable_storable.subsumption.compile.pass.cpp (330 of 500)
PASS: llvm-libc++-shared.cfg.in :: std/iterators/iterator.requirements/alg.req.ind.move/indirectly_movable.compile.pass.cpp (331 of 500)
PASS: llvm-libc++-shared.cfg.in :: std/iterators/iterator.requirements/alg.req.ind.move/indirectly_movable.subsumption.compile.pass.cpp (332 of 500)
PASS: llvm-libc++-shared.cfg.in :: std/iterators/iterator.requirements/alg.req.ind.move/indirectly_movable_storable.subsumption.compile.pass.cpp (333 of 500)
PASS: llvm-libc++-shared.cfg.in :: std/iterators/iterator.requirements/alg.req.ind.move/indirectly_movable_storable.compile.pass.cpp (334 of 500)
PASS: llvm-libc++-shared.cfg.in :: std/iterators/iterator.requirements/alg.req.ind.swap/indirectly_swappable.compile.pass.cpp (335 of 500)
PASS: llvm-libc++-shared.cfg.in :: std/iterators/iterator.requirements/alg.req.ind.swap/indirectly_swappable.subsumption.compile.pass.cpp (336 of 500)
PASS: llvm-libc++-shared.cfg.in :: std/iterators/iterator.requirements/alg.req.mergeable/mergeable.subsumption.compile.pass.cpp (337 of 500)
PASS: llvm-libc++-shared.cfg.in :: std/iterators/iterator.requirements/alg.req.mergeable/mergeable.compile.pass.cpp (338 of 500)
PASS: llvm-libc++-shared.cfg.in :: std/iterators/iterator.requirements/alg.req.permutable/permutable.compile.pass.cpp (339 of 500)
PASS: llvm-libc++-shared.cfg.in :: std/iterators/iterator.requirements/alg.req.permutable/permutable.subsumption.compile.pass.cpp (340 of 500)
PASS: llvm-libc++-shared.cfg.in :: std/iterators/iterator.requirements/alg.req.sortable/sortable.subsumption.compile.pass.cpp (341 of 500)
PASS: llvm-libc++-shared.cfg.in :: std/iterators/iterator.requirements/alg.req.sortable/sortable.compile.pass.cpp (342 of 500)
PASS: llvm-libc++-shared.cfg.in :: std/iterators/iterator.requirements/bidirectional.iterators/nothing_to_do.pass.cpp (343 of 500)
PASS: llvm-libc++-shared.cfg.in :: std/iterators/iterator.requirements/forward.iterators/nothing_to_do.pass.cpp (344 of 500)
PASS: llvm-libc++-shared.cfg.in :: std/iterators/iterator.requirements/indirectcallable/indirectinvocable/indirect_binary_predicate.compile.pass.cpp (345 of 500)
PASS: llvm-libc++-shared.cfg.in :: std/iterators/iterator.requirements/indirectcallable/indirectinvocable/indirect_equivalence_relation.compile.pass.cpp (346 of 500)
PASS: llvm-libc++-shared.cfg.in :: std/iterators/iterator.requirements/indirectcallable/indirectinvocable/indirect_result_t.compile.pass.cpp (347 of 500)
PASS: llvm-libc++-shared.cfg.in :: std/iterators/iterator.requirements/indirectcallable/indirectinvocable/indirect_strict_weak_order.compile.pass.cpp (348 of 500)
PASS: llvm-libc++-shared.cfg.in :: std/iterators/iterator.requirements/indirectcallable/indirectinvocable/indirect_unary_predicate.compile.pass.cpp (349 of 500)
PASS: llvm-libc++-shared.cfg.in :: std/iterators/iterator.requirements/indirectcallable/indirectinvocable/indirectly_comparable.compile.pass.cpp (350 of 500)
PASS: llvm-libc++-shared.cfg.in :: std/iterators/iterator.requirements/indirectcallable/indirectinvocable/indirectly_regular_unary_invocable.compile.pass.cpp (351 of 500)
PASS: llvm-libc++-shared.cfg.in :: std/iterators/iterator.requirements/indirectcallable.traits/indirect.value.t.pass.cpp (352 of 500)
PASS: llvm-libc++-shared.cfg.in :: std/iterators/iterator.requirements/indirectcallable/indirectinvocable/indirectly_unary_invocable.compile.pass.cpp (353 of 500)
PASS: llvm-libc++-shared.cfg.in :: std/iterators/iterator.requirements/indirectcallable/projected/projected.compile.pass.cpp (354 of 500)
PASS: llvm-libc++-shared.cfg.in :: std/iterators/iterator.requirements/iterator.assoc.types/incrementable.traits/incrementable_traits.compile.pass.cpp (355 of 500)
PASS: llvm-libc++-shared.cfg.in :: std/iterators/iterator.requirements/iterator.assoc.types/incrementable.traits/iter_difference_t.compile.pass.cpp (356 of 500)
PASS: llvm-libc++-shared.cfg.in :: std/iterators/iterator.requirements/iterator.assoc.types/readable.traits/indirectly_readable_traits.compile.pass.cpp (357 of 500)
PASS: llvm-libc++-shared.cfg.in :: std/iterators/iterator.requirements/input.iterators/nothing_to_do.pass.cpp (358 of 500)
PASS: llvm-libc++-shared.cfg.in :: std/iterators/iterator.requirements/iterator.assoc.types/readable.traits/iter_value_t.compile.pass.cpp (359 of 500)
PASS: llvm-libc++-shared.cfg.in :: std/iterators/iterator.requirements/iterator.concepts/iterator.concept.bidir/bidirectional_iterator.compile.pass.cpp (360 of 500)
PASS: llvm-libc++-shared.cfg.in :: std/iterators/iterator.requirements/iterator.concepts/iterator.concept.bidir/subsumption.compile.pass.cpp (361 of 500)
PASS: llvm-libc++-shared.cfg.in :: std/iterators/iterator.requirements/iterator.concepts/iterator.concept.forward/subsumption.compile.pass.cpp (362 of 500)
PASS: llvm-libc++-shared.cfg.in :: std/iterators/iterator.requirements/iterator.concepts/iterator.concept.forward/forward_iterator.compile.pass.cpp (363 of 500)
PASS: llvm-libc++-shared.cfg.in :: std/iterators/iterator.requirements/iterator.concepts/iterator.concept.inc/subsumption.compile.pass.cpp (364 of 500)
PASS: llvm-libc++-shared.cfg.in :: std/iterators/iterator.requirements/iterator.concepts/iterator.concept.inc/incrementable.compile.pass.cpp (365 of 500)
PASS: llvm-libc++-shared.cfg.in :: std/iterators/iterator.requirements/iterator.concepts/iterator.concept.input/subsumption.compile.pass.cpp (366 of 500)
PASS: llvm-libc++-shared.cfg.in :: std/iterators/iterator.requirements/iterator.concepts/iterator.concept.input/input_iterator.compile.pass.cpp (367 of 500)
PASS: llvm-libc++-shared.cfg.in :: std/iterators/iterator.requirements/iterator.concepts/iterator.concept.iterator/subsumption.compile.pass.cpp (368 of 500)
PASS: llvm-libc++-shared.cfg.in :: std/iterators/iterator.requirements/iterator.concepts/iterator.concept.iterator/input_or_output_iterator.compile.pass.cpp (369 of 500)
PASS: llvm-libc++-shared.cfg.in :: std/iterators/iterator.requirements/iterator.concepts/iterator.concept.output/output_iterator.compile.pass.cpp (370 of 500)
PASS: llvm-libc++-shared.cfg.in :: std/iterators/iterator.requirements/iterator.concepts/iterator.concept.random.access/contiguous_iterator.compile.pass.cpp (371 of 500)
PASS: llvm-libc++-shared.cfg.in :: std/iterators/iterator.requirements/iterator.concepts/iterator.concept.random.access/random_access_iterator.compile.pass.cpp (372 of 500)
PASS: llvm-libc++-shared.cfg.in :: std/iterators/iterator.requirements/iterator.concepts/iterator.concept.readable/indirectly_readable.compile.pass.cpp (373 of 500)
PASS: llvm-libc++-shared.cfg.in :: std/iterators/iterator.requirements/iterator.concepts/iterator.concept.readable/iter_common_reference_t.compile.pass.cpp (374 of 500)
PASS: llvm-libc++-shared.cfg.in :: std/iterators/iterator.requirements/iterator.concepts/iterator.concept.sentinel/sentinel_for.compile.pass.cpp (375 of 500)
PASS: llvm-libc++-shared.cfg.in :: std/iterators/iterator.requirements/iterator.concepts/iterator.concept.sentinel/sentinel_for.subsumption.compile.pass.cpp (376 of 500)
PASS: llvm-libc++-shared.cfg.in :: std/iterators/iterator.requirements/iterator.concepts/iterator.concept.winc/weakly_incrementable.compile.pass.cpp (377 of 500)
PASS: llvm-libc++-shared.cfg.in :: std/iterators/iterator.requirements/iterator.concepts/iterator.concept.sentinel/sized_sentinel_for.compile.pass.cpp (378 of 500)
PASS: llvm-libc++-shared.cfg.in :: std/iterators/iterator.requirements/iterator.cust/iterator.cust.move/iter_move.nodiscard.verify.cpp (379 of 500)
PASS: llvm-libc++-shared.cfg.in :: std/iterators/iterator.requirements/iterator.concepts/iterator.concept.writable/indirectly_writable.compile.pass.cpp (380 of 500)
PASS: llvm-libc++-shared.cfg.in :: std/iterators/iterator.requirements/iterator.cust/iterator.cust.move/iter_rvalue_reference_t.compile.pass.cpp (381 of 500)
PASS: llvm-libc++-shared.cfg.in :: std/iterators/iterator.requirements/iterator.cust/iterator.cust.move/iter_move.pass.cpp (382 of 500)
PASS: llvm-libc++-shared.cfg.in :: std/iterators/iterator.requirements/iterator.cust/iterator.cust.swap/iter_swap.pass.cpp (383 of 500)
PASS: llvm-libc++-shared.cfg.in :: std/iterators/iterator.requirements/iterator.iterators/nothing_to_do.pass.cpp (384 of 500)
PASS: llvm-libc++-shared.cfg.in :: std/iterators/iterator.requirements/iterator.requirements.general/nothing_to_do.pass.cpp (385 of 500)
PASS: llvm-libc++-shared.cfg.in :: std/iterators/iterator.requirements/output.iterators/nothing_to_do.pass.cpp (386 of 500)
PASS: llvm-libc++-shared.cfg.in :: std/iterators/iterator.requirements/random.access.iterators/nothing_to_do.pass.cpp (387 of 500)
PASS: llvm-libc++-shared.cfg.in :: std/iterators/iterator.synopsis/nothing_to_do.pass.cpp (388 of 500)
PASS: llvm-libc++-shared.cfg.in :: std/iterators/iterators.general/gcc_workaround.pass.cpp (389 of 500)
PASS: llvm-libc++-shared.cfg.in :: std/iterators/predef.iterators/counted.iterator/arrow.pass.cpp (390 of 500)
PASS: llvm-libc++-shared.cfg.in :: std/iterators/predef.iterators/counted.iterator/assign.pass.cpp (391 of 500)
PASS: llvm-libc++-shared.cfg.in :: std/iterators/predef.iterators/counted.iterator/base.pass.cpp (392 of 500)
PASS: llvm-libc++-shared.cfg.in :: std/iterators/predef.iterators/counted.iterator/compare.pass.cpp (393 of 500)
PASS: llvm-libc++-shared.cfg.in :: std/iterators/predef.iterators/counted.iterator/count.pass.cpp (394 of 500)
PASS: llvm-libc++-shared.cfg.in :: std/iterators/predef.iterators/counted.iterator/ctor.conv.pass.cpp (395 of 500)
PASS: llvm-libc++-shared.cfg.in :: std/iterators/predef.iterators/counted.iterator/ctor.default.pass.cpp (396 of 500)
PASS: llvm-libc++-shared.cfg.in :: std/iterators/predef.iterators/counted.iterator/ctor.iter.pass.cpp (397 of 500)
PASS: llvm-libc++-shared.cfg.in :: std/iterators/predef.iterators/counted.iterator/decrement.pass.cpp (398 of 500)
PASS: llvm-libc++-shared.cfg.in :: std/iterators/predef.iterators/counted.iterator/deref.pass.cpp (399 of 500)
PASS: llvm-libc++-shared.cfg.in :: std/iterators/predef.iterators/counted.iterator/implicit_ctad.pass.cpp (400 of 500)
PASS: llvm-libc++-shared.cfg.in :: std/iterators/predef.iterators/counted.iterator/increment.pass.cpp (401 of 500)
PASS: llvm-libc++-shared.cfg.in :: std/iterators/predef.iterators/counted.iterator/iter_move.pass.cpp (402 of 500)
PASS: llvm-libc++-shared.cfg.in :: std/iterators/predef.iterators/counted.iterator/iterator_concept_conformance.compile.pass.cpp (403 of 500)
PASS: llvm-libc++-shared.cfg.in :: std/iterators/predef.iterators/counted.iterator/iterator_traits.compile.pass.cpp (404 of 500)
PASS: llvm-libc++-shared.cfg.in :: std/iterators/predef.iterators/counted.iterator/iter_swap.pass.cpp (405 of 500)
PASS: llvm-libc++-shared.cfg.in :: std/iterators/predef.iterators/counted.iterator/member_types.compile.pass.cpp (406 of 500)
PASS: llvm-libc++-shared.cfg.in :: std/iterators/predef.iterators/counted.iterator/minus.default_sentinel.pass.cpp (407 of 500)
PASS: llvm-libc++-shared.cfg.in :: std/iterators/predef.iterators/counted.iterator/minus.eq.pass.cpp (408 of 500)
PASS: llvm-libc++-shared.cfg.in :: std/iterators/predef.iterators/counted.iterator/minus.iter.pass.cpp (409 of 500)
PASS: llvm-libc++-shared.cfg.in :: std/iterators/predef.iterators/counted.iterator/minus.size.pass.cpp (410 of 500)
PASS: llvm-libc++-shared.cfg.in :: std/iterators/predef.iterators/counted.iterator/plus.pass.cpp (411 of 500)
PASS: llvm-libc++-shared.cfg.in :: std/iterators/predef.iterators/counted.iterator/subscript.pass.cpp (412 of 500)
PASS: llvm-libc++-shared.cfg.in :: std/iterators/predef.iterators/counted.iterator/three_way_compare.pass.cpp (413 of 500)
PASS: llvm-libc++-shared.cfg.in :: std/iterators/predef.iterators/default.sentinel/default.sentinel.pass.cpp (414 of 500)
PASS: llvm-libc++-shared.cfg.in :: std/iterators/predef.iterators/insert.iterators/back.insert.iter.ops/back.insert.iter.cons/container.compile.fail.cpp (415 of 500)
PASS: llvm-libc++-shared.cfg.in :: std/iterators/predef.iterators/insert.iterators/back.insert.iter.ops/back.insert.iter.cons/container.pass.cpp (416 of 500)
PASS: llvm-libc++-shared.cfg.in :: std/iterators/predef.iterators/insert.iterators/back.insert.iter.ops/back.insert.iter.op++/post.pass.cpp (417 of 500)
PASS: llvm-libc++-shared.cfg.in :: std/iterators/predef.iterators/insert.iterators/back.insert.iter.ops/back.insert.iter.op++/pre.pass.cpp (418 of 500)
PASS: llvm-libc++-shared.cfg.in :: std/iterators/predef.iterators/insert.iterators/back.insert.iter.ops/back.insert.iter.op=/lv_value.pass.cpp (419 of 500)
PASS: llvm-libc++-shared.cfg.in :: std/iterators/predef.iterators/insert.iterators/back.insert.iter.ops/back.insert.iter.op=/rv_value.pass.cpp (420 of 500)
PASS: llvm-libc++-shared.cfg.in :: std/iterators/predef.iterators/insert.iterators/back.insert.iter.ops/back.insert.iter.op_astrk/test.pass.cpp (421 of 500)
PASS: llvm-libc++-shared.cfg.in :: std/iterators/predef.iterators/insert.iterators/back.insert.iterator/implicit_ctad.pass.cpp (422 of 500)
PASS: llvm-libc++-shared.cfg.in :: std/iterators/predef.iterators/insert.iterators/back.insert.iter.ops/back.inserter/test.pass.cpp (423 of 500)
PASS: llvm-libc++-shared.cfg.in :: std/iterators/predef.iterators/insert.iterators/back.insert.iterator/iterator_concept_conformance.compile.pass.cpp (424 of 500)
PASS: llvm-libc++-shared.cfg.in :: std/iterators/predef.iterators/insert.iterators/front.insert.iter.ops/front.insert.iter.cons/container.compile.fail.cpp (425 of 500)
PASS: llvm-libc++-shared.cfg.in :: std/iterators/predef.iterators/insert.iterators/back.insert.iterator/types.pass.cpp (426 of 500)
PASS: llvm-libc++-shared.cfg.in :: std/iterators/predef.iterators/insert.iterators/front.insert.iter.ops/front.insert.iter.cons/container.pass.cpp (427 of 500)
PASS: llvm-libc++-shared.cfg.in :: std/iterators/predef.iterators/insert.iterators/front.insert.iter.ops/front.insert.iter.op++/post.pass.cpp (428 of 500)
PASS: llvm-libc++-shared.cfg.in :: std/iterators/predef.iterators/insert.iterators/front.insert.iter.ops/front.insert.iter.op++/pre.pass.cpp (429 of 500)
PASS: llvm-libc++-shared.cfg.in :: std/iterators/predef.iterators/insert.iterators/front.insert.iter.ops/front.insert.iter.op=/lv_value.pass.cpp (430 of 500)
PASS: llvm-libc++-shared.cfg.in :: std/iterators/predef.iterators/insert.iterators/front.insert.iter.ops/front.insert.iter.op=/rv_value.pass.cpp (431 of 500)
PASS: llvm-libc++-shared.cfg.in :: std/iterators/predef.iterators/insert.iterators/front.insert.iter.ops/front.insert.iter.op_astrk/test.pass.cpp (432 of 500)
PASS: llvm-libc++-shared.cfg.in :: std/iterators/predef.iterators/insert.iterators/front.insert.iter.ops/front.inserter/test.pass.cpp (433 of 500)
PASS: llvm-libc++-shared.cfg.in :: std/iterators/predef.iterators/insert.iterators/front.insert.iterator/iterator_concept_conformance.compile.pass.cpp (434 of 500)
PASS: llvm-libc++-shared.cfg.in :: std/iterators/predef.iterators/insert.iterators/front.insert.iterator/implicit_ctad.pass.cpp (435 of 500)
PASS: llvm-libc++-shared.cfg.in :: std/iterators/predef.iterators/insert.iterators/front.insert.iterator/types.pass.cpp (436 of 500)
PASS: llvm-libc++-shared.cfg.in :: std/iterators/predef.iterators/insert.iterators/insert.iter.ops/insert.iter.cons/test.pass.cpp (437 of 500)
PASS: llvm-libc++-shared.cfg.in :: std/iterators/predef.iterators/insert.iterators/insert.iter.ops/insert.iter.op++/post.pass.cpp (438 of 500)
PASS: llvm-libc++-shared.cfg.in :: std/iterators/predef.iterators/insert.iterators/insert.iter.ops/insert.iter.op++/pre.pass.cpp (439 of 500)
PASS: llvm-libc++-shared.cfg.in :: std/iterators/predef.iterators/insert.iterators/insert.iter.ops/insert.iter.op=/lv_value.pass.cpp (440 of 500)
PASS: llvm-libc++-shared.cfg.in :: std/iterators/predef.iterators/insert.iterators/insert.iter.ops/insert.iter.op=/rv_value.pass.cpp (441 of 500)
PASS: llvm-libc++-shared.cfg.in :: std/iterators/predef.iterators/insert.iterators/insert.iter.ops/insert.iter.op_astrk/test.pass.cpp (442 of 500)
PASS: llvm-libc++-shared.cfg.in :: std/iterators/predef.iterators/insert.iterators/insert.iter.ops/inserter/test.pass.cpp (443 of 500)
PASS: llvm-libc++-shared.cfg.in :: std/iterators/predef.iterators/insert.iterators/insert.iterator/iterator_concept_conformance.compile.pass.cpp (444 of 500)
PASS: llvm-libc++-shared.cfg.in :: std/iterators/predef.iterators/insert.iterators/insert.iterator/cxx20_iter_member.pass.cpp (445 of 500)
PASS: llvm-libc++-shared.cfg.in :: std/iterators/predef.iterators/insert.iterators/insert.iterator/types.pass.cpp (446 of 500)
PASS: llvm-libc++-shared.cfg.in :: std/iterators/predef.iterators/iterators.common/arrow.pass.cpp (447 of 500)
PASS: llvm-libc++-shared.cfg.in :: std/iterators/predef.iterators/iterators.common/constraints.compile.pass.cpp (448 of 500)
PASS: llvm-libc++-shared.cfg.in :: std/iterators/predef.iterators/iterators.common/assign.pass.cpp (449 of 500)
PASS: llvm-libc++-shared.cfg.in :: std/iterators/predef.iterators/iterators.common/ctor.converting.pass.cpp (450 of 500)
PASS: llvm-libc++-shared.cfg.in :: std/iterators/predef.iterators/iterators.common/ctor.default.pass.cpp (451 of 500)
PASS: llvm-libc++-shared.cfg.in :: std/iterators/predef.iterators/iterators.common/ctor.iter.pass.cpp (452 of 500)
PASS: llvm-libc++-shared.cfg.in :: std/iterators/predef.iterators/iterators.common/ctor.sentinel.pass.cpp (453 of 500)
PASS: llvm-libc++-shared.cfg.in :: std/iterators/predef.iterators/iterators.common/deref.pass.cpp (454 of 500)
PASS: llvm-libc++-shared.cfg.in :: std/iterators/predef.iterators/iterators.common/eq.pass.cpp (455 of 500)
PASS: llvm-libc++-shared.cfg.in :: std/iterators/predef.iterators/iterators.common/iter_move.pass.cpp (456 of 500)
PASS: llvm-libc++-shared.cfg.in :: std/iterators/predef.iterators/iterators.common/iterator_traits.compile.pass.cpp (457 of 500)
PASS: llvm-libc++-shared.cfg.in :: std/iterators/predef.iterators/iterators.common/iter_swap.pass.cpp (458 of 500)
PASS: llvm-libc++-shared.cfg.in :: std/iterators/predef.iterators/iterators.common/minus.pass.cpp (459 of 500)
PASS: llvm-libc++-shared.cfg.in :: std/iterators/predef.iterators/iterators.common/plus_plus.pass.cpp (460 of 500)
PASS: llvm-libc++-shared.cfg.in :: std/iterators/predef.iterators/move.iterators/move.iter.ops/move.iter.nonmember/iter_move.pass.cpp (461 of 500)
PASS: llvm-libc++-shared.cfg.in :: std/iterators/predef.iterators/move.iterators/move.iter.ops/move.iter.nonmember/iter_swap.pass.cpp (462 of 500)
PASS: llvm-libc++-shared.cfg.in :: std/iterators/predef.iterators/move.iterators/move.iter.ops/move.iter.nonmember/make_move_iterator.pass.cpp (463 of 500)
PASS: llvm-libc++-shared.cfg.in :: std/iterators/predef.iterators/move.iterators/move.iter.ops/move.iter.nonmember/minus.pass.cpp (464 of 500)
PASS: llvm-libc++-shared.cfg.in :: std/iterators/predef.iterators/move.iterators/move.iter.ops/move.iter.nonmember/plus.pass.cpp (465 of 500)
PASS: llvm-libc++-shared.cfg.in :: std/iterators/predef.iterators/move.iterators/move.iter.ops/move.iter.op.+/difference_type.pass.cpp (466 of 500)
PASS: llvm-libc++-shared.cfg.in :: std/iterators/predef.iterators/move.iterators/move.iter.ops/move.iter.op.+=/difference_type.pass.cpp (467 of 500)
PASS: llvm-libc++-shared.cfg.in :: std/iterators/predef.iterators/move.iterators/move.iter.ops/move.iter.op.-/difference_type.pass.cpp (468 of 500)
PASS: llvm-libc++-shared.cfg.in :: std/iterators/predef.iterators/move.iterators/move.iter.ops/move.iter.op.-/sentinel.pass.cpp (469 of 500)
PASS: llvm-libc++-shared.cfg.in :: std/iterators/predef.iterators/move.iterators/move.iter.ops/move.iter.op.-=/difference_type.pass.cpp (470 of 500)
PASS: llvm-libc++-shared.cfg.in :: std/iterators/predef.iterators/move.iterators/move.iter.ops/move.iter.op.comp/op_eq.pass.cpp (471 of 500)
PASS: llvm-libc++-shared.cfg.in :: std/iterators/predef.iterators/move.iterators/move.iter.ops/move.iter.op.comp/op_gt.pass.cpp (472 of 500)
PASS: llvm-libc++-shared.cfg.in :: std/iterators/predef.iterators/move.iterators/move.iter.ops/move.iter.op.comp/op_gte.pass.cpp (473 of 500)
PASS: llvm-libc++-shared.cfg.in :: std/iterators/predef.iterators/move.iterators/move.iter.ops/move.iter.op.comp/op_lt.pass.cpp (474 of 500)
PASS: llvm-libc++-shared.cfg.in :: std/iterators/predef.iterators/move.iterators/move.iter.ops/move.iter.op.comp/op_lte.pass.cpp (475 of 500)
PASS: llvm-libc++-shared.cfg.in :: std/iterators/predef.iterators/move.iterators/move.iter.ops/move.iter.op.comp/op_neq.pass.cpp (476 of 500)
PASS: llvm-libc++-shared.cfg.in :: std/iterators/predef.iterators/move.iterators/move.iter.ops/move.iter.op.comp/op_spaceship.pass.cpp (477 of 500)
PASS: llvm-libc++-shared.cfg.in :: std/iterators/predef.iterators/move.iterators/move.iter.ops/move.iter.op.const/ctor.convert.LWG3435.verify.cpp (478 of 500)
PASS: llvm-libc++-shared.cfg.in :: std/iterators/predef.iterators/move.iterators/move.iter.ops/move.iter.op.const/ctor.iter.explicit.verify.cpp (479 of 500)
PASS: llvm-libc++-shared.cfg.in :: std/iterators/predef.iterators/move.iterators/move.iter.ops/move.iter.op.const/convert.pass.cpp (480 of 500)
PASS: llvm-libc++-shared.cfg.in :: std/iterators/predef.iterators/move.iterators/move.iter.ops/move.iter.op.const/default.pass.cpp (481 of 500)
PASS: llvm-libc++-shared.cfg.in :: std/iterators/predef.iterators/move.iterators/move.iter.ops/move.iter.op.const/iter.pass.cpp (482 of 500)
PASS: llvm-libc++-shared.cfg.in :: std/iterators/predef.iterators/move.iterators/move.iter.ops/move.iter.op.conv/base.pass.cpp (483 of 500)
PASS: llvm-libc++-shared.cfg.in :: std/iterators/predef.iterators/move.iterators/move.iter.ops/move.iter.op.decr/post.pass.cpp (484 of 500)
PASS: llvm-libc++-shared.cfg.in :: std/iterators/predef.iterators/move.iterators/move.iter.ops/move.iter.op.decr/pre.pass.cpp (485 of 500)
PASS: llvm-libc++-shared.cfg.in :: std/iterators/predef.iterators/move.iterators/move.iter.ops/move.iter.op.incr/post.pass.cpp (486 of 500)
PASS: llvm-libc++-shared.cfg.in :: std/iterators/predef.iterators/move.iterators/move.iter.ops/move.iter.op.incr/pre.pass.cpp (487 of 500)
PASS: llvm-libc++-shared.cfg.in :: std/iterators/predef.iterators/move.iterators/move.iter.ops/move.iter.op.ref/deprecated.verify.cpp (488 of 500)
PASS: llvm-libc++-shared.cfg.in :: std/iterators/predef.iterators/move.iterators/move.iter.ops/move.iter.op.index/difference_type.pass.cpp (489 of 500)
PASS: llvm-libc++-shared.cfg.in :: std/iterators/predef.iterators/move.iterators/move.iter.ops/move.iter.op.ref/op_arrow.pass.cpp (490 of 500)
PASS: llvm-libc++-shared.cfg.in :: std/iterators/predef.iterators/move.iterators/move.iter.ops/move.iter.op=/assign.LWG3435.verify.cpp (491 of 500)
PASS: llvm-libc++-shared.cfg.in :: std/iterators/predef.iterators/move.iterators/move.iter.ops/move.iter.op.star/op_star.pass.cpp (492 of 500)
PASS: llvm-libc++-shared.cfg.in :: std/iterators/predef.iterators/move.iterators/move.iter.ops/move.iter.op=/move_iterator.pass.cpp (493 of 500)
PASS: llvm-libc++-shared.cfg.in :: std/iterators/predef.iterators/move.iterators/move.iter.requirements/nothing_to_do.pass.cpp (494 of 500)
PASS: llvm-libc++-shared.cfg.in :: std/iterators/predef.iterators/move.iterators/move.iterator/iterator_concept_conformance.compile.pass.cpp (495 of 500)
PASS: llvm-libc++-shared.cfg.in :: std/iterators/predef.iterators/move.iterators/move.iterator/implicit_ctad.pass.cpp (496 of 500)
PASS: llvm-libc++-shared.cfg.in :: std/iterators/predef.iterators/move.iterators/move.iterator/types.pass.cpp (497 of 500)
PASS: llvm-libc++-shared.cfg.in :: std/iterators/predef.iterators/move.iterators/move.sentinel/assign.converting.pass.cpp (498 of 500)
PASS: llvm-libc++-shared.cfg.in :: std/iterators/predef.iterators/move.iterators/move.sentinel/concept_conformance.compile.pass.cpp (499 of 500)
PASS: llvm-libc++-shared.cfg.in :: std/iterators/predef.iterators/move.iterators/move.sentinel/base.pass.cpp (500 of 500)
Slowest Tests:
--------------------------------------------------------------------------
12.18s: llvm-libc++-shared.cfg.in :: std/input.output/syncstream/osyncstream/thread/several_threads.pass.cpp
2.12s: llvm-libc++-shared.cfg.in :: std/iterators/iterator.primitives/range.iter.ops/range.iter.ops.distance/iterator_sentinel.pass.cpp
1.92s: llvm-libc++-shared.cfg.in :: std/input.output/iostreams.base/ios.base/ios.base.storage/pword.pass.cpp
1.87s: llvm-libc++-shared.cfg.in :: std/input.output/iostreams.base/ios.base/ios.base.storage/iword.pass.cpp
1.85s: llvm-libc++-shared.cfg.in :: std/iterators/iterator.primitives/range.iter.ops/range.iter.ops.advance/iterator_count_sentinel.pass.cpp
1.82s: llvm-libc++-shared.cfg.in :: std/input.output/syncstream/osyncstream/thread/basic.pass.cpp
1.76s: llvm-libc++-shared.cfg.in :: std/input.output/string.streams/istringstream/istringstream.cons/string_view.alloc.pass.cpp
1.75s: llvm-libc++-shared.cfg.in :: std/input.output/string.streams/istringstream/istringstream.cons/string_view.mode.alloc.pass.cpp
1.75s: llvm-libc++-shared.cfg.in :: std/input.output/syncstream/osyncstream/assign.pass.cpp
1.75s: llvm-libc++-shared.cfg.in :: std/input.output/syncstream/osyncstream/syncstream.osyncstream.cons/cons.pointer.allocator.pass.cpp
1.74s: llvm-libc++-shared.cfg.in :: std/input.output/syncstream/osyncstream/syncstream.osyncstream.cons/cons.ostream.allocator.pass.cpp
1.73s: llvm-libc++-shared.cfg.in :: std/input.output/string.streams/stringstream/stringstream.cons/string_view.mode.pass.cpp
1.71s: llvm-libc++-shared.cfg.in :: std/iterators/iterator.primitives/iterator.operations/distance.pass.cpp
1.70s: llvm-libc++-shared.cfg.in :: std/input.output/string.streams/istringstream/istringstream.cons/string_view.mode.pass.cpp
1.70s: llvm-libc++-shared.cfg.in :: std/input.output/string.streams/stringstream/stringstream.cons/string_view.alloc.pass.cpp
1.69s: llvm-libc++-shared.cfg.in :: std/input.output/string.streams/stringstream/stringstream.cons/string_view.mode.alloc.pass.cpp
1.69s: llvm-libc++-shared.cfg.in :: std/input.output/syncstream/osyncstream/syncstream.osyncstream.cons/cons.move.pass.cpp
1.68s: llvm-libc++-shared.cfg.in :: std/input.output/syncstream/osyncstream/syncstream.osyncstream.cons/cons.ostream.pass.cpp
1.67s: llvm-libc++-shared.cfg.in :: std/input.output/string.streams/ostringstream/ostringstream.cons/string_view.mode.pass.cpp
1.67s: llvm-libc++-shared.cfg.in :: std/input.output/string.streams/ostringstream/ostringstream.members/str.string_view.pass.cpp

Tests Times:
--------------------------------------------------------------------------
[    Range    ] :: [               Percentage               ] :: [ Count ]
--------------------------------------------------------------------------
[12.0s,13.0s) :: [                                        ] :: [  1/500]
[11.0s,12.0s) :: [                                        ] :: [  0/500]
[10.0s,11.0s) :: [                                        ] :: [  0/500]
[ 9.0s,10.0s) :: [                                        ] :: [  0/500]
[ 8.0s, 9.0s) :: [                                        ] :: [  0/500]
[ 7.0s, 8.0s) :: [                                        ] :: [  0/500]
[ 6.0s, 7.0s) :: [                                        ] :: [  0/500]
[ 5.0s, 6.0s) :: [                                        ] :: [  0/500]
[ 4.0s, 5.0s) :: [                                        ] :: [  0/500]
[ 3.0s, 4.0s) :: [                                        ] :: [  0/500]
[ 2.0s, 3.0s) :: [                                        ] :: [  2/500]
[ 1.0s, 2.0s) :: [********************************        ] :: [404/500]
[ 0.0s, 1.0s) :: [*******                                 ] :: [ 93/500]
--------------------------------------------------------------------------
********************
Unsupported Tests (6):
  llvm-libc++-shared.cfg.in :: std/input.output/iostream.objects/wide.stream.objects/wcerr-wide-mode.sh.cpp
  llvm-libc++-shared.cfg.in :: std/input.output/iostream.objects/wide.stream.objects/wcin-wide-mode.sh.cpp
  llvm-libc++-shared.cfg.in :: std/input.output/iostream.objects/wide.stream.objects/wcout-wide-mode.sh.cpp
  llvm-libc++-shared.cfg.in :: std/input.output/stream.buffers/streambuf/streambuf.protected/streambuf.get.area/setg.assert.pass.cpp
  llvm-libc++-shared.cfg.in :: std/input.output/stream.buffers/streambuf/streambuf.protected/streambuf.put.area/setp.assert.pass.cpp
  llvm-libc++-shared.cfg.in :: std/input.output/string.streams/stringstream/stringstream.members/gcount.pass.cpp

********************
Failed Tests (4):
  llvm-libc++-shared.cfg.in :: std/input.output/iostream.objects/narrow.stream.objects/clog.sh.cpp
  llvm-libc++-shared.cfg.in :: std/input.output/iostream.objects/wide.stream.objects/wcerr-imbue.sh.cpp
  llvm-libc++-shared.cfg.in :: std/input.output/iostream.objects/wide.stream.objects/wcerr.sh.cpp
  llvm-libc++-shared.cfg.in :: std/input.output/iostream.objects/wide.stream.objects/wclog.sh.cpp


Testing Time: 276.65s

Total Discovered Tests: 11321
  Excluded   : 10821 (95.58%)
  Unsupported:     6 (0.05%)
  Passed     :   490 (4.33%)
  Failed     :     4 (0.04%)
