COMMAND /usr/bin/python3 progress/BPF_W1_0921/verify.py armv7l undefined
{
  "arch": "armv7l",
  "mode": "undefined",
  "rpms": [
    {
      "path": "/home/toolchain/development/libc++_replacement/tmp/BPF_W1_0921/rpm-bpf-armv7l-undefined/RPMS/armv7l/bpftrace-0.24.2-1.armv7l.rpm",
      "identity": "bpftrace\t0.24.2-1\tarmv7l",
      "sha256": "48012c531100bb23f7904f8bafce945054e39a7d09369e2e0d870d09b53b0784",
      "bytes": 1678497,
      "payload": "xz|5",
      "file_count": 4
    },
    {
      "path": "/home/toolchain/development/libc++_replacement/tmp/BPF_W1_0921/rpm-bpf-armv7l-undefined/RPMS/armv7l/bpftrace-common-0.24.2-1.armv7l.rpm",
      "identity": "bpftrace-common\t0.24.2-1\tarmv7l",
      "sha256": "1f3b9509a296eac55dc8361e16e7caf66ccae5912624e062ec5d350cefa6f1fc",
      "bytes": 82933,
      "payload": "xz|5",
      "file_count": 89
    },
    {
      "path": "/home/toolchain/development/libc++_replacement/tmp/BPF_W1_0921/rpm-bpf-armv7l-undefined/RPMS/armv7l/bpftrace-static-0.24.2-1.armv7l.rpm",
      "identity": "bpftrace-static\t0.24.2-1\tarmv7l",
      "sha256": "76832a92c379fd420c97acd3d7d3ce149ec0fa5b5cb7d88a94c031ffbc337f4d",
      "bytes": 35227093,
      "payload": "xz|5",
      "file_count": 3
    }
  ],
  "checks": {
    "three_packages": true,
    "payload_no_T": true,
    "original_matches_this_cell_source1002": true,
    "elf_arch": true,
    "source1002_byte_identical": true,
    "main_gcc_runtime": true
  },
  "observations": {
    "source1002": {
      "path": "/home/toolchain/development/libc++_replacement/tmp/GBS-ROOT/BUILD-W2C-bpftrace-armv7l-gcc/local/BUILD-ROOTS/scratch.armv7l.0/home/abuild/rpmbuild/SOURCES/prebuilt-static-bpftrace.tar.gz",
      "sha256": "3785365b768e29a2f6a31a54b5f1843b3fc64d974ecc7dd588197644d3514123",
      "bytes": 102216246,
      "arch_regular_files": [
        {
          "path": "prebuilt-static-bpftrace/arm/usr/bin/bpftrace",
          "bytes": 98974296
        }
      ]
    },
    "static_rpm_regular_files": [
      {
        "path": "usr/bin/bpftrace-static",
        "bytes": 98974296
      },
      {
        "path": "usr/share/licenses/bpftrace-static/LICENSE",
        "bytes": 11358
      }
    ],
    "main": {
      "path": "/home/toolchain/development/libc++_replacement/tmp/BPF_W1_0921/payload-bpf-armv7l-undefined/bpftrace/usr/bin/bpftrace",
      "sha256": "02f35422294ffaa7cc6f6edc695b80cfbf868d1895cae0e7aa264045a0b9eb68",
      "bytes": 6083432,
      "needed": [
        "libbpf.so.1",
        "libbcc_bpf.so.0",
        "libclang.so.22.1",
        "libclang-cpp.so.22.1",
        "libLLVM.so.22.1",
        "libz.so.1",
        "libelf.so.1",
        "libstdc++.so.6",
        "libm.so.6",
        "libgcc_s.so.1",
        "libc.so.6",
        "ld-linux.so.3"
      ],
      "arch_correct": true
    },
    "static": {
      "path": "/home/toolchain/development/libc++_replacement/tmp/BPF_W1_0921/payload-bpf-armv7l-undefined/bpftrace-static/usr/bin/bpftrace-static",
      "sha256": "ade7530b3824dd83eebba837928d3919dcb4cd7708212a8607c3629cb5c55f5b",
      "bytes": 98974296,
      "needed": [
        "libm.so.6",
        "libc.so.6",
        "ld-linux.so.3"
      ],
      "arch_correct": true
    },
    "original": {
      "path": "/home/toolchain/development/libc++_replacement/tmp/NIGHT_0917/original_assets/prebuilt-static-bpftrace/arm/usr/bin/bpftrace",
      "sha256": "ade7530b3824dd83eebba837928d3919dcb4cd7708212a8607c3629cb5c55f5b",
      "bytes": 98974296,
      "needed": [
        "libm.so.6",
        "libc.so.6",
        "ld-linux.so.3"
      ],
      "arch_correct": true
    },
    "static_markers": {
      "std1": 0,
      "cxx11": 0,
      "cxx11_broad": 257
    },
    "original_markers": {
      "std1": 0,
      "cxx11": 0,
      "cxx11_broad": 257
    }
  },
  "status": "PASS",
  "board": "NOT_OBSERVED (out of scope)"
}
EXITCODE 0
COMMAND /usr/bin/python3 progress/BPF_W1_0921/audit_bpf_cell.py armv7l undefined bpf-armv7l-undefined
{
  "arch": "armv7l",
  "mode": "undefined",
  "build_cell": "bpf-armv7l-undefined",
  "expanded_buildrequires": [
    "BuildRequires:  gcc-c++",
    "BuildRequires:  bison",
    "BuildRequires:  flex",
    "BuildRequires:  cmake",
    "BuildRequires:  pkgconfig(libelf)",
    "BuildRequires:  zlib-devel",
    "BuildRequires:  llvm-devel",
    "BuildRequires:  llvm-static-devel",
    "BuildRequires:  clang-devel",
    "BuildRequires:  bcc-tools-devel",
    "BuildRequires:  libbpf-devel",
    "BuildRequires:  vim",
    "BuildRequires:  cereal-devel",
    "BuildRequires:  tar",
    "BuildRequires:  libomp"
  ],
  "libcxx_buildrequires": [],
  "observed_compiler_command_count": 120,
  "commands_with_libcxx_options": 0,
  "candidate_spec_sha256": "36269f8316976ba9dffae1696294c3698a8d367a97eac8ee1355e08733b8a550",
  "actual_entry_spec": "/tmp/task/specs/bpftrace-undefined-harness.spec",
  "entry_spec_sha256": "c456839ad7e931bdec5c934b1e21baf2e896cfc8adf19bb1bc747ad7a5cf7f31",
  "scope": "Expanded spec with this cell macro arguments plus emitted verbose compiler/linker commands; not arbitrary unseen external configuration.",
  "status": "PASS"
}
EXITCODE 0
COMMAND /usr/bin/python3 progress/BPF_W1_0921/verify_main_elfs.py armv7l undefined
{"arch": "armv7l", "mode": "undefined", "elf_count": 2, "status": "PASS"}
EXITCODE 0
