LABEL=assert_download_complete
PWD=/home/toolchain/development/libc++_replacement
COMMAND=awk -F \\t $'\n    NR == 1 { next }\n    { total++; if ($14 == "PASS") pass++; else failed++ }\n    END {\n        printf "TOTAL=%d\\nPASS=%d\\nNON_PASS=%d\\n", total, pass, failed\n        exit ! (total == 11332)\n    }\n' progress/R11/tables/binary_download_status.tsv 
STDOUT_FILE=/home/toolchain/development/libc++_replacement/progress/R11/raw/assert_download_complete.stdout.txt
STDERR_FILE=/home/toolchain/development/libc++_replacement/progress/R11/raw/assert_download_complete.stderr.txt
EXIT_CODE=0

LABEL=scan_all_binary_rpms
PWD=/home/toolchain/development/libc++_replacement
COMMAND=python3 progress/R11/tools/scan_binary_rpms.py --download-status progress/R11/tables/binary_download_status.tsv --extract-root tmp/R11/extracted --shard-root tmp/R11/elf_scan_shards --table-root progress/R11/tables --ledger progress/R11/commands/04_binary_elf_individual_commands.log --jobs 12 
STDOUT_FILE=/home/toolchain/development/libc++_replacement/progress/R11/raw/scan_all_binary_rpms.stdout.txt
STDERR_FILE=/home/toolchain/development/libc++_replacement/progress/R11/raw/scan_all_binary_rpms.stderr.txt
EXIT_CODE=0

LABEL=scan_table_sha256
PWD=/home/toolchain/development/libc++_replacement
COMMAND=sha256sum progress/R11/tables/rpm_extraction_status.tsv progress/R11/tables/elf_inventory.tsv progress/R11/tables/unwind_undefined_symbols.tsv progress/R11/tables/dt_needed_edges.tsv progress/R11/tables/elf_analysis_failures.tsv 
STDOUT_FILE=/home/toolchain/development/libc++_replacement/progress/R11/raw/scan_table_sha256.stdout.txt
STDERR_FILE=/home/toolchain/development/libc++_replacement/progress/R11/raw/scan_table_sha256.stderr.txt
EXIT_CODE=0

SCAN_EXIT_CODE=0
HASH_EXIT_CODE=0
