{
  "side": "gnu",
  "object": "/home/toolchain/development/libcxx_runtime_validation/tmp/P12/package_P13_embedded/back.o",
  "before_sha256": "932499fc99f572f4cdb8739c02a9908f380a8f9ca71071ac85d8214f3bed5d2d",
  "after_sha256": "5741a4f5f905dddeadbf8f3176d661de8b55c6180c09bcef2547bc1670e5faf3",
  "runtime_sha256": {
    "/home/toolchain/development/libcxx_runtime_validation/tmp/API_0911/W1_CONT/closure_ewk/libstdc++.so.6": "504e2025afff8a84037bd2acf68bed33de8f90e46e995503d4e96690d8996347"
  },
  "mapping": {
    "DW.ref.__gxx_personality_v0": "DW.ref.__gxx_personality_v0.p13_gnu",
    "_ZN10p12_loader7resolveERNS_5StateEPKcS3_": "_ZN10p12_loader7resolveERNS_5StateEPKcS3_.p13_gnu",
    "_ZN17EWKCookieContentsD2Ev": "_ZN17EWKCookieContentsD2Ev.p13_gnu",
    "_ZNSt7__cxx1112basic_stringIcSt11char_traitsIcESaIcEE10_M_replaceEmmPKcm": "_ZNSt7__cxx1112basic_stringIcSt11char_traitsIcESaIcEE10_M_replaceEmmPKcm@GLIBCXX_3.4.21",
    "_ZNSt7__cxx1112basic_stringIcSt11char_traitsIcESaIcEE9_M_createERmm": "_ZNSt7__cxx1112basic_stringIcSt11char_traitsIcESaIcEE9_M_createERmm@GLIBCXX_3.4.21",
    "_ZTISt12length_error": "_ZTISt12length_error@GLIBCXX_3.4",
    "_ZTISt16invalid_argument": "_ZTISt16invalid_argument@GLIBCXX_3.4",
    "_ZTISt9bad_alloc": "_ZTISt9bad_alloc@GLIBCXX_3.4",
    "_ZTISt9exception": "_ZTISt9exception@GLIBCXX_3.4",
    "_ZdlPvm": "_ZdlPvm@CXXABI_1.3.9",
    "__cxa_begin_catch": "__cxa_begin_catch@CXXABI_1.3",
    "__cxa_end_catch": "__cxa_end_catch@CXXABI_1.3",
    "__gxx_personality_v0": "__gxx_personality_v0@CXXABI_1.3"
  },
  "command": [
    "objcopy",
    "--redefine-sym",
    "DW.ref.__gxx_personality_v0=DW.ref.__gxx_personality_v0.p13_gnu",
    "--redefine-sym",
    "_ZN10p12_loader7resolveERNS_5StateEPKcS3_=_ZN10p12_loader7resolveERNS_5StateEPKcS3_.p13_gnu",
    "--redefine-sym",
    "_ZN17EWKCookieContentsD2Ev=_ZN17EWKCookieContentsD2Ev.p13_gnu",
    "--redefine-sym",
    "_ZNSt7__cxx1112basic_stringIcSt11char_traitsIcESaIcEE10_M_replaceEmmPKcm=_ZNSt7__cxx1112basic_stringIcSt11char_traitsIcESaIcEE10_M_replaceEmmPKcm@GLIBCXX_3.4.21",
    "--redefine-sym",
    "_ZNSt7__cxx1112basic_stringIcSt11char_traitsIcESaIcEE9_M_createERmm=_ZNSt7__cxx1112basic_stringIcSt11char_traitsIcESaIcEE9_M_createERmm@GLIBCXX_3.4.21",
    "--redefine-sym",
    "_ZTISt12length_error=_ZTISt12length_error@GLIBCXX_3.4",
    "--redefine-sym",
    "_ZTISt16invalid_argument=_ZTISt16invalid_argument@GLIBCXX_3.4",
    "--redefine-sym",
    "_ZTISt9bad_alloc=_ZTISt9bad_alloc@GLIBCXX_3.4",
    "--redefine-sym",
    "_ZTISt9exception=_ZTISt9exception@GLIBCXX_3.4",
    "--redefine-sym",
    "_ZdlPvm=_ZdlPvm@CXXABI_1.3.9",
    "--redefine-sym",
    "__cxa_begin_catch=__cxa_begin_catch@CXXABI_1.3",
    "--redefine-sym",
    "__cxa_end_catch=__cxa_end_catch@CXXABI_1.3",
    "--redefine-sym",
    "__gxx_personality_v0=__gxx_personality_v0@CXXABI_1.3",
    "/home/toolchain/development/libcxx_runtime_validation/tmp/P12/package_P13_embedded/back.o"
  ],
  "exit": 0
}
