$ copy candidate repo 21.1.1-2 artifacts and repodata from read-only reference into salvage archive
SOURCE	/home/toolchain/plan_evaluation/p1/libcxx_packaging/multiarch/armv7l/artifacts
DESTINATION	artifacts/archive_2111_salvage/candidate_repo/armv7l
COPY_EXIT_CODE	0	armv7l
SOURCE	/home/toolchain/plan_evaluation/p1/libcxx_packaging/multiarch/aarch64/artifacts
DESTINATION	artifacts/archive_2111_salvage/candidate_repo/aarch64
COPY_EXIT_CODE	0	aarch64
SOURCE	/home/toolchain/plan_evaluation/p1/libcxx_packaging/multiarch/x86_64/artifacts
DESTINATION	artifacts/archive_2111_salvage/candidate_repo/x86_64
COPY_EXIT_CODE	0	x86_64
$ count copied RPM files
artifacts/archive_2111_salvage/candidate_repo/aarch64/libc++-21.1.1-2.aarch64.rpm
artifacts/archive_2111_salvage/candidate_repo/aarch64/libc++-debuginfo-21.1.1-2.aarch64.rpm
artifacts/archive_2111_salvage/candidate_repo/aarch64/libc++-devel-21.1.1-2.aarch64.rpm
artifacts/archive_2111_salvage/candidate_repo/aarch64/libc++abi-21.1.1-2.aarch64.rpm
artifacts/archive_2111_salvage/candidate_repo/aarch64/libc++abi-debuginfo-21.1.1-2.aarch64.rpm
artifacts/archive_2111_salvage/candidate_repo/aarch64/libc++abi-devel-21.1.1-2.aarch64.rpm
artifacts/archive_2111_salvage/candidate_repo/aarch64/libcxx-runtimes-21.1.1-2.src.rpm
artifacts/archive_2111_salvage/candidate_repo/aarch64/libcxx-runtimes-debugsource-21.1.1-2.aarch64.rpm
artifacts/archive_2111_salvage/candidate_repo/armv7l/libc++-21.1.1-2.armv7l.rpm
artifacts/archive_2111_salvage/candidate_repo/armv7l/libc++-debuginfo-21.1.1-2.armv7l.rpm
artifacts/archive_2111_salvage/candidate_repo/armv7l/libc++-devel-21.1.1-2.armv7l.rpm
artifacts/archive_2111_salvage/candidate_repo/armv7l/libc++abi-21.1.1-2.armv7l.rpm
artifacts/archive_2111_salvage/candidate_repo/armv7l/libc++abi-debuginfo-21.1.1-2.armv7l.rpm
artifacts/archive_2111_salvage/candidate_repo/armv7l/libc++abi-devel-21.1.1-2.armv7l.rpm
artifacts/archive_2111_salvage/candidate_repo/armv7l/libcxx-runtimes-21.1.1-2.src.rpm
artifacts/archive_2111_salvage/candidate_repo/armv7l/libcxx-runtimes-debugsource-21.1.1-2.armv7l.rpm
artifacts/archive_2111_salvage/candidate_repo/x86_64/libc++-21.1.1-2.x86_64.rpm
artifacts/archive_2111_salvage/candidate_repo/x86_64/libc++-debuginfo-21.1.1-2.x86_64.rpm
artifacts/archive_2111_salvage/candidate_repo/x86_64/libc++-devel-21.1.1-2.x86_64.rpm
artifacts/archive_2111_salvage/candidate_repo/x86_64/libc++abi-21.1.1-2.x86_64.rpm
artifacts/archive_2111_salvage/candidate_repo/x86_64/libc++abi-debuginfo-21.1.1-2.x86_64.rpm
artifacts/archive_2111_salvage/candidate_repo/x86_64/libc++abi-devel-21.1.1-2.x86_64.rpm
artifacts/archive_2111_salvage/candidate_repo/x86_64/libcxx-runtimes-21.1.1-2.src.rpm
artifacts/archive_2111_salvage/candidate_repo/x86_64/libcxx-runtimes-debugsource-21.1.1-2.x86_64.rpm
FIND_EXIT_CODE=0
RPM_COUNT=24
RPM_COUNT_ASSERT_EXIT_CODE=0
