COMMAND	逐根搜索 local/cache 与 scratch.*/var/cache/zypp 中 clang/llvm/lld/binutils RPM
ROOT_START	/home/toolchain/GBS-ROOT-LLVM-POC2
CACHE_START	/home/toolchain/GBS-ROOT-LLVM-POC2/local/cache
MATCH	/home/toolchain/GBS-ROOT-LLVM-POC2/local/cache/92b056697f250e5b095232782601f8c6/binutils-2.43-1.6.armv7l.rpm
MATCH	/home/toolchain/GBS-ROOT-LLVM-POC2/local/cache/92b056697f250e5b095232782601f8c6/binutils-libs-2.43-1.6.armv7l.rpm
MATCH	/home/toolchain/GBS-ROOT-LLVM-POC2/local/cache/92b056697f250e5b095232782601f8c6/clang-21.1.1-1.6.armv7l.rpm
MATCH	/home/toolchain/GBS-ROOT-LLVM-POC2/local/cache/92b056697f250e5b095232782601f8c6/llvm-21.1.1-1.6.armv7l.rpm
MATCH	/home/toolchain/GBS-ROOT-LLVM-POC2/local/cache/92b056697f250e5b095232782601f8c6/lldb-21.1.1-1.6.armv7l.rpm
CACHE_EXIT_CODE	0	/home/toolchain/GBS-ROOT-LLVM-POC2/local/cache
ROOT_END	/home/toolchain/GBS-ROOT-LLVM-POC2
ROOT_START	/home/toolchain/GBS-ROOT-LIBCXX-MULTIARCH-armv7l
CACHE_START	/home/toolchain/GBS-ROOT-LIBCXX-MULTIARCH-armv7l/local/cache
MATCH	/home/toolchain/GBS-ROOT-LIBCXX-MULTIARCH-armv7l/local/cache/92b056697f250e5b095232782601f8c6/binutils-libs-2.43-2.6.armv7l.rpm
MATCH	/home/toolchain/GBS-ROOT-LIBCXX-MULTIARCH-armv7l/local/cache/92b056697f250e5b095232782601f8c6/clang-accel-x86_64-armv7l-0.4-1.2.armv7l.rpm
MATCH	/home/toolchain/GBS-ROOT-LIBCXX-MULTIARCH-armv7l/local/cache/92b056697f250e5b095232782601f8c6/llvm-21.1.1-2.5.armv7l.rpm
MATCH	/home/toolchain/GBS-ROOT-LIBCXX-MULTIARCH-armv7l/local/cache/92b056697f250e5b095232782601f8c6/clang-21.1.1-2.5.armv7l.rpm
MATCH	/home/toolchain/GBS-ROOT-LIBCXX-MULTIARCH-armv7l/local/cache/92b056697f250e5b095232782601f8c6/llvm-devel-21.1.1-2.5.armv7l.rpm
MATCH	/home/toolchain/GBS-ROOT-LIBCXX-MULTIARCH-armv7l/local/cache/92b056697f250e5b095232782601f8c6/binutils-2.43-2.6.armv7l.rpm
MATCH	/home/toolchain/GBS-ROOT-LIBCXX-MULTIARCH-armv7l/local/cache/92b056697f250e5b095232782601f8c6/lldb-21.1.1-2.5.armv7l.rpm
CACHE_EXIT_CODE	0	/home/toolchain/GBS-ROOT-LIBCXX-MULTIARCH-armv7l/local/cache
ROOT_END	/home/toolchain/GBS-ROOT-LIBCXX-MULTIARCH-armv7l
ROOT_START	/home/toolchain/GBS-ROOT-LIBCXX-MULTIARCH-aarch64
CACHE_START	/home/toolchain/GBS-ROOT-LIBCXX-MULTIARCH-aarch64/local/cache
MATCH	/home/toolchain/GBS-ROOT-LIBCXX-MULTIARCH-aarch64/local/cache/92b056697f250e5b095232782601f8c6/binutils-libs-2.43-2.6.aarch64.rpm
MATCH	/home/toolchain/GBS-ROOT-LIBCXX-MULTIARCH-aarch64/local/cache/92b056697f250e5b095232782601f8c6/llvm-devel-21.1.1-2.5.aarch64.rpm
MATCH	/home/toolchain/GBS-ROOT-LIBCXX-MULTIARCH-aarch64/local/cache/92b056697f250e5b095232782601f8c6/llvm-21.1.1-2.5.aarch64.rpm
MATCH	/home/toolchain/GBS-ROOT-LIBCXX-MULTIARCH-aarch64/local/cache/92b056697f250e5b095232782601f8c6/clang-21.1.1-2.5.aarch64.rpm
MATCH	/home/toolchain/GBS-ROOT-LIBCXX-MULTIARCH-aarch64/local/cache/92b056697f250e5b095232782601f8c6/clang-accel-x86_64-aarch64-0.4-1.2.aarch64.rpm
MATCH	/home/toolchain/GBS-ROOT-LIBCXX-MULTIARCH-aarch64/local/cache/92b056697f250e5b095232782601f8c6/lldb-21.1.1-2.5.aarch64.rpm
MATCH	/home/toolchain/GBS-ROOT-LIBCXX-MULTIARCH-aarch64/local/cache/92b056697f250e5b095232782601f8c6/binutils-2.43-2.6.aarch64.rpm
CACHE_EXIT_CODE	0	/home/toolchain/GBS-ROOT-LIBCXX-MULTIARCH-aarch64/local/cache
ROOT_END	/home/toolchain/GBS-ROOT-LIBCXX-MULTIARCH-aarch64
ROOT_START	/home/toolchain/GBS-ROOT-TIZEN-UNIFIED-LLVM
CACHE_START	/home/toolchain/GBS-ROOT-TIZEN-UNIFIED-LLVM/local/cache
MATCH	/home/toolchain/GBS-ROOT-TIZEN-UNIFIED-LLVM/local/cache/92b056697f250e5b095232782601f8c6/binutils-devel-2.43-1.7.armv7l.rpm
MATCH	/home/toolchain/GBS-ROOT-TIZEN-UNIFIED-LLVM/local/cache/92b056697f250e5b095232782601f8c6/clang-accel-x86_64-armv7l-0.4-1.2.armv7l.rpm
MATCH	/home/toolchain/GBS-ROOT-TIZEN-UNIFIED-LLVM/local/cache/92b056697f250e5b095232782601f8c6/clang-accel-x86_64-armv7l-0.4-2.2.armv7l.rpm
MATCH	/home/toolchain/GBS-ROOT-TIZEN-UNIFIED-LLVM/local/cache/92b056697f250e5b095232782601f8c6/clang-21.1.1-2.1.armv7l.rpm
MATCH	/home/toolchain/GBS-ROOT-TIZEN-UNIFIED-LLVM/local/cache/92b056697f250e5b095232782601f8c6/binutils-libs-2.43-1.20.armv7l.rpm
MATCH	/home/toolchain/GBS-ROOT-TIZEN-UNIFIED-LLVM/local/cache/92b056697f250e5b095232782601f8c6/clang-21.1.1-2.8.armv7l.rpm
MATCH	/home/toolchain/GBS-ROOT-TIZEN-UNIFIED-LLVM/local/cache/92b056697f250e5b095232782601f8c6/llvm-devel-21.1.1-2.8.armv7l.rpm
MATCH	/home/toolchain/GBS-ROOT-TIZEN-UNIFIED-LLVM/local/cache/92b056697f250e5b095232782601f8c6/llvm-devel-21.1.1-2.10.x86_64.rpm
MATCH	/home/toolchain/GBS-ROOT-TIZEN-UNIFIED-LLVM/local/cache/92b056697f250e5b095232782601f8c6/lldb-21.1.1-2.1.armv7l.rpm
MATCH	/home/toolchain/GBS-ROOT-TIZEN-UNIFIED-LLVM/local/cache/92b056697f250e5b095232782601f8c6/llvm-21.1.1-2.1.armv7l.rpm
MATCH	/home/toolchain/GBS-ROOT-TIZEN-UNIFIED-LLVM/local/cache/92b056697f250e5b095232782601f8c6/lldb-21.1.1-2.10.x86_64.rpm
MATCH	/home/toolchain/GBS-ROOT-TIZEN-UNIFIED-LLVM/local/cache/92b056697f250e5b095232782601f8c6/binutils-libs-2.43-1.20.x86_64.rpm
MATCH	/home/toolchain/GBS-ROOT-TIZEN-UNIFIED-LLVM/local/cache/92b056697f250e5b095232782601f8c6/clang-21.1.1-2.10.x86_64.rpm
MATCH	/home/toolchain/GBS-ROOT-TIZEN-UNIFIED-LLVM/local/cache/92b056697f250e5b095232782601f8c6/lldb-21.1.1-2.8.armv7l.rpm
MATCH	/home/toolchain/GBS-ROOT-TIZEN-UNIFIED-LLVM/local/cache/92b056697f250e5b095232782601f8c6/llvm-21.1.1-2.10.x86_64.rpm
MATCH	/home/toolchain/GBS-ROOT-TIZEN-UNIFIED-LLVM/local/cache/92b056697f250e5b095232782601f8c6/binutils-2.43-1.7.armv7l.rpm
MATCH	/home/toolchain/GBS-ROOT-TIZEN-UNIFIED-LLVM/local/cache/92b056697f250e5b095232782601f8c6/binutils-libs-2.43-1.7.armv7l.rpm
MATCH	/home/toolchain/GBS-ROOT-TIZEN-UNIFIED-LLVM/local/cache/92b056697f250e5b095232782601f8c6/binutils-2.43-1.20.x86_64.rpm
MATCH	/home/toolchain/GBS-ROOT-TIZEN-UNIFIED-LLVM/local/cache/92b056697f250e5b095232782601f8c6/binutils-2.43-1.20.armv7l.rpm
MATCH	/home/toolchain/GBS-ROOT-TIZEN-UNIFIED-LLVM/local/cache/92b056697f250e5b095232782601f8c6/llvm-21.1.1-2.8.armv7l.rpm
MATCH	/home/toolchain/GBS-ROOT-TIZEN-UNIFIED-LLVM/local/cache/92b056697f250e5b095232782601f8c6/llvm-devel-21.1.1-2.1.armv7l.rpm
CACHE_EXIT_CODE	0	/home/toolchain/GBS-ROOT-TIZEN-UNIFIED-LLVM/local/cache
ROOT_END	/home/toolchain/GBS-ROOT-TIZEN-UNIFIED-LLVM
ROOT_START	/home/toolchain/GBS-ROOT-LLVM-POC3
CACHE_START	/home/toolchain/GBS-ROOT-LLVM-POC3/local/cache
MATCH	/home/toolchain/GBS-ROOT-LLVM-POC3/local/cache/92b056697f250e5b095232782601f8c6/binutils-2.43-1.6.armv7l.rpm
MATCH	/home/toolchain/GBS-ROOT-LLVM-POC3/local/cache/92b056697f250e5b095232782601f8c6/binutils-libs-2.43-1.6.armv7l.rpm
MATCH	/home/toolchain/GBS-ROOT-LLVM-POC3/local/cache/92b056697f250e5b095232782601f8c6/clang-21.1.1-1.6.armv7l.rpm
MATCH	/home/toolchain/GBS-ROOT-LLVM-POC3/local/cache/92b056697f250e5b095232782601f8c6/llvm-21.1.1-1.6.armv7l.rpm
MATCH	/home/toolchain/GBS-ROOT-LLVM-POC3/local/cache/92b056697f250e5b095232782601f8c6/lldb-21.1.1-1.6.armv7l.rpm
CACHE_EXIT_CODE	0	/home/toolchain/GBS-ROOT-LLVM-POC3/local/cache
ROOT_END	/home/toolchain/GBS-ROOT-LLVM-POC3
ROOT_START	/home/toolchain/GBS-ROOT-SC
CACHE_START	/home/toolchain/GBS-ROOT-SC/local/cache
MATCH	/home/toolchain/GBS-ROOT-SC/local/cache/5ee95437fa42ef9959d3b5e8802ef54b/binutils-2.43-1.6.aarch64.rpm
MATCH	/home/toolchain/GBS-ROOT-SC/local/cache/5ee95437fa42ef9959d3b5e8802ef54b/binutils-libs-2.43-1.6.aarch64.rpm
CACHE_EXIT_CODE	0	/home/toolchain/GBS-ROOT-SC/local/cache
ROOT_END	/home/toolchain/GBS-ROOT-SC
ROOT_START	/home/toolchain/development/Codes_Anlyzer/GBS-ROOT-LLVM
CACHE_START	/home/toolchain/development/Codes_Anlyzer/GBS-ROOT-LLVM/local/cache
MATCH	/home/toolchain/development/Codes_Anlyzer/GBS-ROOT-LLVM/local/cache/92b056697f250e5b095232782601f8c6/binutils-libs-2.43-2.9.armv7l.rpm
MATCH	/home/toolchain/development/Codes_Anlyzer/GBS-ROOT-LLVM/local/cache/92b056697f250e5b095232782601f8c6/llvm-devel-22.1.8-18.1.armv7l.rpm
MATCH	/home/toolchain/development/Codes_Anlyzer/GBS-ROOT-LLVM/local/cache/92b056697f250e5b095232782601f8c6/lldb-22.1.8-18.1.armv7l.rpm
MATCH	/home/toolchain/development/Codes_Anlyzer/GBS-ROOT-LLVM/local/cache/92b056697f250e5b095232782601f8c6/clang-22.1.8-18.1.armv7l.rpm
MATCH	/home/toolchain/development/Codes_Anlyzer/GBS-ROOT-LLVM/local/cache/92b056697f250e5b095232782601f8c6/llvm-22.1.8-18.1.armv7l.rpm
MATCH	/home/toolchain/development/Codes_Anlyzer/GBS-ROOT-LLVM/local/cache/92b056697f250e5b095232782601f8c6/clang-accel-x86_64-armv7l-0.4-1.3.armv7l.rpm
MATCH	/home/toolchain/development/Codes_Anlyzer/GBS-ROOT-LLVM/local/cache/92b056697f250e5b095232782601f8c6/binutils-2.43-2.9.armv7l.rpm
CACHE_EXIT_CODE	0	/home/toolchain/development/Codes_Anlyzer/GBS-ROOT-LLVM/local/cache
ROOT_END	/home/toolchain/development/Codes_Anlyzer/GBS-ROOT-LLVM
ROOT_START	/home/toolchain/GBS-ROOT-GCC-isf-poc
CACHE_START	/home/toolchain/GBS-ROOT-GCC-isf-poc/local/cache
MATCH	/home/toolchain/GBS-ROOT-GCC-isf-poc/local/cache/a1ef8c55250cb542842d7cf555564835/binutils-libs-2.43-2.6.armv7l.rpm
MATCH	/home/toolchain/GBS-ROOT-GCC-isf-poc/local/cache/a1ef8c55250cb542842d7cf555564835/binutils-2.43-2.6.armv7l.rpm
CACHE_EXIT_CODE	0	/home/toolchain/GBS-ROOT-GCC-isf-poc/local/cache
ROOT_END	/home/toolchain/GBS-ROOT-GCC-isf-poc
ROOT_START	/home/toolchain/Desktop/mlgo/GBS-ROOT-MLGO
CACHE_START	/home/toolchain/Desktop/mlgo/GBS-ROOT-MLGO/local/cache
MATCH	/home/toolchain/Desktop/mlgo/GBS-ROOT-MLGO/local/cache/92b056697f250e5b095232782601f8c6/binutils-libs-2.43-2.7.x86_64.rpm
MATCH	/home/toolchain/Desktop/mlgo/GBS-ROOT-MLGO/local/cache/92b056697f250e5b095232782601f8c6/llvm-devel-22.1.8-18.1.x86_64.rpm
MATCH	/home/toolchain/Desktop/mlgo/GBS-ROOT-MLGO/local/cache/92b056697f250e5b095232782601f8c6/lldb-22.1.8-18.1.x86_64.rpm
MATCH	/home/toolchain/Desktop/mlgo/GBS-ROOT-MLGO/local/cache/92b056697f250e5b095232782601f8c6/llvm-22.1.8-18.1.x86_64.rpm
MATCH	/home/toolchain/Desktop/mlgo/GBS-ROOT-MLGO/local/cache/92b056697f250e5b095232782601f8c6/clang-22.1.8-18.1.x86_64.rpm
MATCH	/home/toolchain/Desktop/mlgo/GBS-ROOT-MLGO/local/cache/92b056697f250e5b095232782601f8c6/binutils-2.43-2.7.x86_64.rpm
CACHE_EXIT_CODE	0	/home/toolchain/Desktop/mlgo/GBS-ROOT-MLGO/local/cache
ROOT_END	/home/toolchain/Desktop/mlgo/GBS-ROOT-MLGO
ROOT_START	/home/toolchain/Desktop/tmp_hfy/GBS-ROOT-LLVM_MLGO
CACHE_START	/home/toolchain/Desktop/tmp_hfy/GBS-ROOT-LLVM_MLGO/local/cache
MATCH	/home/toolchain/Desktop/tmp_hfy/GBS-ROOT-LLVM_MLGO/local/cache/92b056697f250e5b095232782601f8c6/binutils-libs-2.43-2.6.armv7l.rpm
MATCH	/home/toolchain/Desktop/tmp_hfy/GBS-ROOT-LLVM_MLGO/local/cache/92b056697f250e5b095232782601f8c6/clang-accel-x86_64-armv7l-0.4-1.2.armv7l.rpm
MATCH	/home/toolchain/Desktop/tmp_hfy/GBS-ROOT-LLVM_MLGO/local/cache/92b056697f250e5b095232782601f8c6/binutils-gold-2.43-2.6.armv7l.rpm
MATCH	/home/toolchain/Desktop/tmp_hfy/GBS-ROOT-LLVM_MLGO/local/cache/92b056697f250e5b095232782601f8c6/llvm-21.1.1-2.5.armv7l.rpm
MATCH	/home/toolchain/Desktop/tmp_hfy/GBS-ROOT-LLVM_MLGO/local/cache/92b056697f250e5b095232782601f8c6/clang-21.1.1-2.5.armv7l.rpm
MATCH	/home/toolchain/Desktop/tmp_hfy/GBS-ROOT-LLVM_MLGO/local/cache/92b056697f250e5b095232782601f8c6/lldb-devel-21.1.1-2.5.armv7l.rpm
MATCH	/home/toolchain/Desktop/tmp_hfy/GBS-ROOT-LLVM_MLGO/local/cache/92b056697f250e5b095232782601f8c6/llvm-devel-21.1.1-2.5.armv7l.rpm
MATCH	/home/toolchain/Desktop/tmp_hfy/GBS-ROOT-LLVM_MLGO/local/cache/92b056697f250e5b095232782601f8c6/clang-devel-21.1.1-2.5.armv7l.rpm
MATCH	/home/toolchain/Desktop/tmp_hfy/GBS-ROOT-LLVM_MLGO/local/cache/92b056697f250e5b095232782601f8c6/binutils-2.43-2.6.armv7l.rpm
MATCH	/home/toolchain/Desktop/tmp_hfy/GBS-ROOT-LLVM_MLGO/local/cache/92b056697f250e5b095232782601f8c6/lldb-21.1.1-2.5.armv7l.rpm
CACHE_EXIT_CODE	0	/home/toolchain/Desktop/tmp_hfy/GBS-ROOT-LLVM_MLGO/local/cache
ROOT_END	/home/toolchain/Desktop/tmp_hfy/GBS-ROOT-LLVM_MLGO
ROOT_START	/home/toolchain/Desktop/tmp_hfy/GBS-ROOT-GCC-new
CACHE_START	/home/toolchain/Desktop/tmp_hfy/GBS-ROOT-GCC-new/local/cache
MATCH	/home/toolchain/Desktop/tmp_hfy/GBS-ROOT-GCC-new/local/cache/a1ef8c55250cb542842d7cf555564835/lldb-21.1.1-7.10.armv7l.rpm
MATCH	/home/toolchain/Desktop/tmp_hfy/GBS-ROOT-GCC-new/local/cache/a1ef8c55250cb542842d7cf555564835/clang-accel-x86_64-armv7l-0.4-2.4.armv7l.rpm
MATCH	/home/toolchain/Desktop/tmp_hfy/GBS-ROOT-GCC-new/local/cache/a1ef8c55250cb542842d7cf555564835/llvm-devel-21.1.1-7.10.armv7l.rpm
MATCH	/home/toolchain/Desktop/tmp_hfy/GBS-ROOT-GCC-new/local/cache/a1ef8c55250cb542842d7cf555564835/binutils-2.43-1.66.armv7l.rpm
MATCH	/home/toolchain/Desktop/tmp_hfy/GBS-ROOT-GCC-new/local/cache/a1ef8c55250cb542842d7cf555564835/llvm-21.1.1-7.10.armv7l.rpm
MATCH	/home/toolchain/Desktop/tmp_hfy/GBS-ROOT-GCC-new/local/cache/a1ef8c55250cb542842d7cf555564835/clang-21.1.1-7.10.armv7l.rpm
MATCH	/home/toolchain/Desktop/tmp_hfy/GBS-ROOT-GCC-new/local/cache/a1ef8c55250cb542842d7cf555564835/binutils-libs-2.43-1.66.armv7l.rpm
CACHE_EXIT_CODE	0	/home/toolchain/Desktop/tmp_hfy/GBS-ROOT-GCC-new/local/cache
ROOT_END	/home/toolchain/Desktop/tmp_hfy/GBS-ROOT-GCC-new
ROOT_START	/home/toolchain/tmp/GBS-ROOT-WAVEA-PLAYER-CDB
CACHE_START	/home/toolchain/tmp/GBS-ROOT-WAVEA-PLAYER-CDB/local/cache
MATCH	/home/toolchain/tmp/GBS-ROOT-WAVEA-PLAYER-CDB/local/cache/5a3ec9e37d79bf3d0b1eb9173726afc7/binutils-2.43-4.5.armv7l.rpm
MATCH	/home/toolchain/tmp/GBS-ROOT-WAVEA-PLAYER-CDB/local/cache/5a3ec9e37d79bf3d0b1eb9173726afc7/binutils-libs-2.43-4.5.armv7l.rpm
CACHE_EXIT_CODE	0	/home/toolchain/tmp/GBS-ROOT-WAVEA-PLAYER-CDB/local/cache
ROOT_END	/home/toolchain/tmp/GBS-ROOT-WAVEA-PLAYER-CDB
ROOT_START	/home/toolchain/tmp/GBS-ROOT-GCC-Evaluation
CACHE_START	/home/toolchain/tmp/GBS-ROOT-GCC-Evaluation/local/cache
MATCH	/home/toolchain/tmp/GBS-ROOT-GCC-Evaluation/local/cache/a1ef8c55250cb542842d7cf555564835/binutils-libs-2.43-2.6.armv7l.rpm
MATCH	/home/toolchain/tmp/GBS-ROOT-GCC-Evaluation/local/cache/a1ef8c55250cb542842d7cf555564835/binutils-2.43-2.6.armv7l.rpm
CACHE_EXIT_CODE	0	/home/toolchain/tmp/GBS-ROOT-GCC-Evaluation/local/cache
ROOT_END	/home/toolchain/tmp/GBS-ROOT-GCC-Evaluation
ROOT_START	/home/toolchain/tmp/GBS-ROOT-WAVEA-SNAP
CACHE_START	/home/toolchain/tmp/GBS-ROOT-WAVEA-SNAP/local/cache
MATCH	/home/toolchain/tmp/GBS-ROOT-WAVEA-SNAP/local/cache/3340544353c1101f1fa4c68704c81639/binutils-libs-2.43-2.9.armv7l.rpm
MATCH	/home/toolchain/tmp/GBS-ROOT-WAVEA-SNAP/local/cache/3340544353c1101f1fa4c68704c81639/binutils-2.43-2.9.armv7l.rpm
CACHE_EXIT_CODE	0	/home/toolchain/tmp/GBS-ROOT-WAVEA-SNAP/local/cache
ROOT_END	/home/toolchain/tmp/GBS-ROOT-WAVEA-SNAP
ROOT_START	/home/toolchain/tmp/GBS-ROOT-WAVE1-CYNARA-CANDIDATE
CACHE_START	/home/toolchain/tmp/GBS-ROOT-WAVE1-CYNARA-CANDIDATE/local/cache
MATCH	/home/toolchain/tmp/GBS-ROOT-WAVE1-CYNARA-CANDIDATE/local/cache/92b056697f250e5b095232782601f8c6/binutils-libs-2.43-2.9.armv7l.rpm
MATCH	/home/toolchain/tmp/GBS-ROOT-WAVE1-CYNARA-CANDIDATE/local/cache/92b056697f250e5b095232782601f8c6/llvm-devel-22.1.8-18.1.armv7l.rpm
MATCH	/home/toolchain/tmp/GBS-ROOT-WAVE1-CYNARA-CANDIDATE/local/cache/92b056697f250e5b095232782601f8c6/lldb-22.1.8-18.1.armv7l.rpm
MATCH	/home/toolchain/tmp/GBS-ROOT-WAVE1-CYNARA-CANDIDATE/local/cache/92b056697f250e5b095232782601f8c6/clang-22.1.8-18.1.armv7l.rpm
MATCH	/home/toolchain/tmp/GBS-ROOT-WAVE1-CYNARA-CANDIDATE/local/cache/92b056697f250e5b095232782601f8c6/llvm-22.1.8-18.1.armv7l.rpm
MATCH	/home/toolchain/tmp/GBS-ROOT-WAVE1-CYNARA-CANDIDATE/local/cache/92b056697f250e5b095232782601f8c6/clang-accel-x86_64-armv7l-0.4-1.3.armv7l.rpm
MATCH	/home/toolchain/tmp/GBS-ROOT-WAVE1-CYNARA-CANDIDATE/local/cache/92b056697f250e5b095232782601f8c6/binutils-2.43-2.9.armv7l.rpm
CACHE_EXIT_CODE	0	/home/toolchain/tmp/GBS-ROOT-WAVE1-CYNARA-CANDIDATE/local/cache
ROOT_END	/home/toolchain/tmp/GBS-ROOT-WAVE1-CYNARA-CANDIDATE
ROOT_START	/home/toolchain/tmp/GBS-ROOT-LLVM-Evaluation
CACHE_START	/home/toolchain/tmp/GBS-ROOT-LLVM-Evaluation/local/cache
MATCH	/home/toolchain/tmp/GBS-ROOT-LLVM-Evaluation/local/cache/92b056697f250e5b095232782601f8c6/binutils-libs-2.43-2.6.armv7l.rpm
MATCH	/home/toolchain/tmp/GBS-ROOT-LLVM-Evaluation/local/cache/92b056697f250e5b095232782601f8c6/clang-accel-x86_64-armv7l-0.4-1.2.armv7l.rpm
MATCH	/home/toolchain/tmp/GBS-ROOT-LLVM-Evaluation/local/cache/92b056697f250e5b095232782601f8c6/llvm-21.1.1-2.5.armv7l.rpm
MATCH	/home/toolchain/tmp/GBS-ROOT-LLVM-Evaluation/local/cache/92b056697f250e5b095232782601f8c6/clang-21.1.1-2.5.armv7l.rpm
MATCH	/home/toolchain/tmp/GBS-ROOT-LLVM-Evaluation/local/cache/92b056697f250e5b095232782601f8c6/llvm-devel-21.1.1-2.5.armv7l.rpm
MATCH	/home/toolchain/tmp/GBS-ROOT-LLVM-Evaluation/local/cache/92b056697f250e5b095232782601f8c6/binutils-2.43-2.6.armv7l.rpm
MATCH	/home/toolchain/tmp/GBS-ROOT-LLVM-Evaluation/local/cache/92b056697f250e5b095232782601f8c6/lldb-21.1.1-2.5.armv7l.rpm
CACHE_EXIT_CODE	0	/home/toolchain/tmp/GBS-ROOT-LLVM-Evaluation/local/cache
ROOT_END	/home/toolchain/tmp/GBS-ROOT-LLVM-Evaluation
ROOT_START	/home/toolchain/tmp/GBS-ROOT-LLVM
CACHE_START	/home/toolchain/tmp/GBS-ROOT-LLVM/local/cache
MATCH	/home/toolchain/tmp/GBS-ROOT-LLVM/local/cache/92b056697f250e5b095232782601f8c6/binutils-2.43-1.6.armv7l.rpm
MATCH	/home/toolchain/tmp/GBS-ROOT-LLVM/local/cache/92b056697f250e5b095232782601f8c6/binutils-libs-2.43-1.6.armv7l.rpm
MATCH	/home/toolchain/tmp/GBS-ROOT-LLVM/local/cache/92b056697f250e5b095232782601f8c6/clang-accel-x86_64-armv7l-0.4-1.1.armv7l.rpm
MATCH	/home/toolchain/tmp/GBS-ROOT-LLVM/local/cache/92b056697f250e5b095232782601f8c6/clang-21.1.1-1.6.armv7l.rpm
MATCH	/home/toolchain/tmp/GBS-ROOT-LLVM/local/cache/92b056697f250e5b095232782601f8c6/llvm-21.1.1-1.6.armv7l.rpm
MATCH	/home/toolchain/tmp/GBS-ROOT-LLVM/local/cache/92b056697f250e5b095232782601f8c6/lldb-21.1.1-1.6.armv7l.rpm
MATCH	/home/toolchain/tmp/GBS-ROOT-LLVM/local/cache/92b056697f250e5b095232782601f8c6/llvm-devel-21.1.1-1.6.armv7l.rpm
CACHE_EXIT_CODE	0	/home/toolchain/tmp/GBS-ROOT-LLVM/local/cache
ROOT_END	/home/toolchain/tmp/GBS-ROOT-LLVM
ROOT_START	/home/toolchain/tmp/GBS-ROOT-D5-BASELINE
CACHE_START	/home/toolchain/tmp/GBS-ROOT-D5-BASELINE/local/cache
MATCH	/home/toolchain/tmp/GBS-ROOT-D5-BASELINE/local/cache/92b056697f250e5b095232782601f8c6/binutils-libs-2.43-2.6.armv7l.rpm
MATCH	/home/toolchain/tmp/GBS-ROOT-D5-BASELINE/local/cache/92b056697f250e5b095232782601f8c6/clang-accel-x86_64-armv7l-0.4-1.2.armv7l.rpm
MATCH	/home/toolchain/tmp/GBS-ROOT-D5-BASELINE/local/cache/92b056697f250e5b095232782601f8c6/llvm-21.1.1-2.5.armv7l.rpm
MATCH	/home/toolchain/tmp/GBS-ROOT-D5-BASELINE/local/cache/92b056697f250e5b095232782601f8c6/clang-21.1.1-2.5.armv7l.rpm
MATCH	/home/toolchain/tmp/GBS-ROOT-D5-BASELINE/local/cache/92b056697f250e5b095232782601f8c6/llvm-devel-21.1.1-2.5.armv7l.rpm
MATCH	/home/toolchain/tmp/GBS-ROOT-D5-BASELINE/local/cache/92b056697f250e5b095232782601f8c6/binutils-2.43-2.6.armv7l.rpm
MATCH	/home/toolchain/tmp/GBS-ROOT-D5-BASELINE/local/cache/92b056697f250e5b095232782601f8c6/lldb-21.1.1-2.5.armv7l.rpm
CACHE_EXIT_CODE	0	/home/toolchain/tmp/GBS-ROOT-D5-BASELINE/local/cache
ROOT_END	/home/toolchain/tmp/GBS-ROOT-D5-BASELINE
ROOT_START	/home/toolchain/tmp/GBS-ROOT-D5-CONTRAST-V2-NATIVE
CACHE_START	/home/toolchain/tmp/GBS-ROOT-D5-CONTRAST-V2-NATIVE/local/cache
MATCH	/home/toolchain/tmp/GBS-ROOT-D5-CONTRAST-V2-NATIVE/local/cache/92b056697f250e5b095232782601f8c6/binutils-libs-2.43-2.9.armv7l.rpm
MATCH	/home/toolchain/tmp/GBS-ROOT-D5-CONTRAST-V2-NATIVE/local/cache/92b056697f250e5b095232782601f8c6/llvm-devel-22.1.8-18.1.armv7l.rpm
MATCH	/home/toolchain/tmp/GBS-ROOT-D5-CONTRAST-V2-NATIVE/local/cache/92b056697f250e5b095232782601f8c6/lldb-22.1.8-18.1.armv7l.rpm
MATCH	/home/toolchain/tmp/GBS-ROOT-D5-CONTRAST-V2-NATIVE/local/cache/92b056697f250e5b095232782601f8c6/clang-22.1.8-18.1.armv7l.rpm
MATCH	/home/toolchain/tmp/GBS-ROOT-D5-CONTRAST-V2-NATIVE/local/cache/92b056697f250e5b095232782601f8c6/llvm-22.1.8-18.1.armv7l.rpm
MATCH	/home/toolchain/tmp/GBS-ROOT-D5-CONTRAST-V2-NATIVE/local/cache/92b056697f250e5b095232782601f8c6/clang-accel-x86_64-armv7l-0.4-1.3.armv7l.rpm
MATCH	/home/toolchain/tmp/GBS-ROOT-D5-CONTRAST-V2-NATIVE/local/cache/92b056697f250e5b095232782601f8c6/binutils-2.43-2.9.armv7l.rpm
CACHE_EXIT_CODE	0	/home/toolchain/tmp/GBS-ROOT-D5-CONTRAST-V2-NATIVE/local/cache
ROOT_END	/home/toolchain/tmp/GBS-ROOT-D5-CONTRAST-V2-NATIVE
ROOT_START	/home/toolchain/tmp/GBS-ROOT-WAVEA-LLVM
CACHE_NOT_FOUND	/home/toolchain/tmp/GBS-ROOT-WAVEA-LLVM/local/cache
ROOT_END	/home/toolchain/tmp/GBS-ROOT-WAVEA-LLVM
ROOT_START	/home/toolchain/GBS-ROOT
CACHE_START	/home/toolchain/GBS-ROOT/local/cache
MATCH	/home/toolchain/GBS-ROOT/local/cache/5a3ec9e37d79bf3d0b1eb9173726afc7/lldb-19.1.4-5.4.armv7l.rpm
MATCH	/home/toolchain/GBS-ROOT/local/cache/5a3ec9e37d79bf3d0b1eb9173726afc7/clang-19.1.4-5.4.armv7l.rpm
MATCH	/home/toolchain/GBS-ROOT/local/cache/5a3ec9e37d79bf3d0b1eb9173726afc7/binutils-2.43-4.5.armv7l.rpm
MATCH	/home/toolchain/GBS-ROOT/local/cache/5a3ec9e37d79bf3d0b1eb9173726afc7/binutils-libs-2.43-4.5.armv7l.rpm
MATCH	/home/toolchain/GBS-ROOT/local/cache/5a3ec9e37d79bf3d0b1eb9173726afc7/llvm-19.1.4-5.4.armv7l.rpm
MATCH	/home/toolchain/GBS-ROOT/local/cache/5a3ec9e37d79bf3d0b1eb9173726afc7/clang-accel-x86_64-armv7l-0.4-6.2.armv7l.rpm
CACHE_EXIT_CODE	0	/home/toolchain/GBS-ROOT/local/cache
ROOT_END	/home/toolchain/GBS-ROOT
ROOT_START	/home/toolchain/GBS-ROOT-LLVM-isf-poc
CACHE_START	/home/toolchain/GBS-ROOT-LLVM-isf-poc/local/cache
MATCH	/home/toolchain/GBS-ROOT-LLVM-isf-poc/local/cache/92b056697f250e5b095232782601f8c6/binutils-2.43-1.6.armv7l.rpm
MATCH	/home/toolchain/GBS-ROOT-LLVM-isf-poc/local/cache/92b056697f250e5b095232782601f8c6/binutils-libs-2.43-1.6.armv7l.rpm
CACHE_EXIT_CODE	0	/home/toolchain/GBS-ROOT-LLVM-isf-poc/local/cache
ROOT_END	/home/toolchain/GBS-ROOT-LLVM-isf-poc
ROOT_START	/home/toolchain/GBS-ROOT-LLVM-POC4
CACHE_START	/home/toolchain/GBS-ROOT-LLVM-POC4/local/cache
MATCH	/home/toolchain/GBS-ROOT-LLVM-POC4/local/cache/92b056697f250e5b095232782601f8c6/binutils-2.43-1.6.armv7l.rpm
MATCH	/home/toolchain/GBS-ROOT-LLVM-POC4/local/cache/92b056697f250e5b095232782601f8c6/binutils-libs-2.43-1.6.armv7l.rpm
MATCH	/home/toolchain/GBS-ROOT-LLVM-POC4/local/cache/92b056697f250e5b095232782601f8c6/clang-21.1.1-1.6.armv7l.rpm
MATCH	/home/toolchain/GBS-ROOT-LLVM-POC4/local/cache/92b056697f250e5b095232782601f8c6/llvm-21.1.1-1.6.armv7l.rpm
MATCH	/home/toolchain/GBS-ROOT-LLVM-POC4/local/cache/92b056697f250e5b095232782601f8c6/lldb-21.1.1-1.6.armv7l.rpm
CACHE_EXIT_CODE	0	/home/toolchain/GBS-ROOT-LLVM-POC4/local/cache
ROOT_END	/home/toolchain/GBS-ROOT-LLVM-POC4
ROOT_START	/home/toolchain/GBS-ROOT-LIBCXX-MULTIARCH-x86_64
CACHE_START	/home/toolchain/GBS-ROOT-LIBCXX-MULTIARCH-x86_64/local/cache
MATCH	/home/toolchain/GBS-ROOT-LIBCXX-MULTIARCH-x86_64/local/cache/92b056697f250e5b095232782601f8c6/clang-21.1.1-2.5.x86_64.rpm
MATCH	/home/toolchain/GBS-ROOT-LIBCXX-MULTIARCH-x86_64/local/cache/92b056697f250e5b095232782601f8c6/llvm-devel-21.1.1-2.5.x86_64.rpm
MATCH	/home/toolchain/GBS-ROOT-LIBCXX-MULTIARCH-x86_64/local/cache/92b056697f250e5b095232782601f8c6/binutils-2.43-2.6.x86_64.rpm
MATCH	/home/toolchain/GBS-ROOT-LIBCXX-MULTIARCH-x86_64/local/cache/92b056697f250e5b095232782601f8c6/lldb-21.1.1-2.5.x86_64.rpm
MATCH	/home/toolchain/GBS-ROOT-LIBCXX-MULTIARCH-x86_64/local/cache/92b056697f250e5b095232782601f8c6/binutils-libs-2.43-2.6.x86_64.rpm
MATCH	/home/toolchain/GBS-ROOT-LIBCXX-MULTIARCH-x86_64/local/cache/92b056697f250e5b095232782601f8c6/llvm-21.1.1-2.5.x86_64.rpm
CACHE_EXIT_CODE	0	/home/toolchain/GBS-ROOT-LIBCXX-MULTIARCH-x86_64/local/cache
ROOT_END	/home/toolchain/GBS-ROOT-LIBCXX-MULTIARCH-x86_64
ROOT_START	/home/toolchain/GBS-ROOT-LLVM-POC4-R1
CACHE_START	/home/toolchain/GBS-ROOT-LLVM-POC4-R1/local/cache
MATCH	/home/toolchain/GBS-ROOT-LLVM-POC4-R1/local/cache/92b056697f250e5b095232782601f8c6/binutils-2.43-1.6.armv7l.rpm
MATCH	/home/toolchain/GBS-ROOT-LLVM-POC4-R1/local/cache/92b056697f250e5b095232782601f8c6/binutils-libs-2.43-1.6.armv7l.rpm
MATCH	/home/toolchain/GBS-ROOT-LLVM-POC4-R1/local/cache/92b056697f250e5b095232782601f8c6/clang-21.1.1-1.6.armv7l.rpm
MATCH	/home/toolchain/GBS-ROOT-LLVM-POC4-R1/local/cache/92b056697f250e5b095232782601f8c6/llvm-21.1.1-1.6.armv7l.rpm
MATCH	/home/toolchain/GBS-ROOT-LLVM-POC4-R1/local/cache/92b056697f250e5b095232782601f8c6/lldb-21.1.1-1.6.armv7l.rpm
CACHE_EXIT_CODE	0	/home/toolchain/GBS-ROOT-LLVM-POC4-R1/local/cache
ROOT_END	/home/toolchain/GBS-ROOT-LLVM-POC4-R1
